
========================================================================
RUN STARTED  2026-07-05 00:45:11
site_pipeline.py https://thequantuminsider.com/2023/12/12/cyxtera-launches-ai-quantum-center-of-excellence-to-empower-customers-to-explore-new-technologies/
========================================================================

[00:45:11 +0s | thequantuminsider_2023_12_12_cyxtera_launches_ai_quantum_center_of_excellence_to_empower_78419325] === 0 crawl site ===
[00:45:12 +1s | thequantuminsider_2023_12_12_cyxtera_launches_ai_quantum_center_of_excellence_to_empower_78419325] [INIT].... → Crawl4AI 0.8.6 
[00:45:15 +4s | thequantuminsider_2023_12_12_cyxtera_launches_ai_quantum_center_of_excellence_to_empower_78419325] [FETCH]... ↓ https://thequantuminsider.com/2023/12/12/cyxtera...o-empower-customers-to-explore-new-technologies/  | ✓ | ⏱: 2.75s 
[00:45:15 +4s | thequantuminsider_2023_12_12_cyxtera_launches_ai_quantum_center_of_excellence_to_empower_78419325] [SCRAPE].. ◆ https://thequantuminsider.com/2023/12/12/cyxtera...o-empower-customers-to-explore-new-technologies/  | ✓ | ⏱: 0.14s 
[00:45:15 +4s | thequantuminsider_2023_12_12_cyxtera_launches_ai_quantum_center_of_excellence_to_empower_78419325] [COMPLETE] ● https://thequantuminsider.com/2023/12/12/cyxtera...o-empower-customers-to-explore-new-technologies/  | ✓ | ⏱: 2.91s 
[00:45:15 +4s | thequantuminsider_2023_12_12_cyxtera_launches_ai_quantum_center_of_excellence_to_empower_78419325] Saved: crawl_output/ef4d2bf066_thequantuminsider.com_2023_12_12_cyxtera-launches-ai-quantum-center-of-excellence-to-empower-customers-to-explore-new-technologies.json

[00:45:15 +5s | thequantuminsider_2023_12_12_cyxtera_launches_ai_quantum_center_of_excellence_to_empower_78419325] === 1 actor extraction ===
[00:45:16 +5s | thequantuminsider_2023_12_12_cyxtera_launches_ai_quantum_center_of_excellence_to_empower_78419325] Reading page (1/1): https://thequantuminsider.com/2023/12/12/cyxtera-launches-ai-quantum-center-of-excellence-to-empower-customers-to-explore-new-technologies
[00:45:16 +5s | thequantuminsider_2023_12_12_cyxtera_launches_ai_quantum_center_of_excellence_to_empower_78419325] Extracting actors: https://thequantuminsider.com/2023/12/12/cyxtera-launches-ai-quantum-center-of-excellence-to-empower-customers-to-explore-new-technologies (1/1), chunk 1/38
[00:45:24 +13s | thequantuminsider_2023_12_12_cyxtera_launches_ai_quantum_center_of_excellence_to_empower_78419325] Extracting actors: https://thequantuminsider.com/2023/12/12/cyxtera-launches-ai-quantum-center-of-excellence-to-empower-customers-to-explore-new-technologies (1/1), chunk 2/38
[00:45:32 +21s | thequantuminsider_2023_12_12_cyxtera_launches_ai_quantum_center_of_excellence_to_empower_78419325] Extracting actors: https://thequantuminsider.com/2023/12/12/cyxtera-launches-ai-quantum-center-of-excellence-to-empower-customers-to-explore-new-technologies (1/1), chunk 3/38
[00:45:40 +29s | thequantuminsider_2023_12_12_cyxtera_launches_ai_quantum_center_of_excellence_to_empower_78419325] Extracting actors: https://thequantuminsider.com/2023/12/12/cyxtera-launches-ai-quantum-center-of-excellence-to-empower-customers-to-explore-new-technologies (1/1), chunk 4/38
[00:45:47 +37s | thequantuminsider_2023_12_12_cyxtera_launches_ai_quantum_center_of_excellence_to_empower_78419325] Extracting actors: https://thequantuminsider.com/2023/12/12/cyxtera-launches-ai-quantum-center-of-excellence-to-empower-customers-to-explore-new-technologies (1/1), chunk 5/38
[00:45:53 +43s | thequantuminsider_2023_12_12_cyxtera_launches_ai_quantum_center_of_excellence_to_empower_78419325] Extracting actors: https://thequantuminsider.com/2023/12/12/cyxtera-launches-ai-quantum-center-of-excellence-to-empower-customers-to-explore-new-technologies (1/1), chunk 6/38
[00:45:58 +48s | thequantuminsider_2023_12_12_cyxtera_launches_ai_quantum_center_of_excellence_to_empower_78419325] Extracting actors: https://thequantuminsider.com/2023/12/12/cyxtera-launches-ai-quantum-center-of-excellence-to-empower-customers-to-explore-new-technologies (1/1), chunk 7/38
[00:46:03 +53s | thequantuminsider_2023_12_12_cyxtera_launches_ai_quantum_center_of_excellence_to_empower_78419325] Extracting actors: https://thequantuminsider.com/2023/12/12/cyxtera-launches-ai-quantum-center-of-excellence-to-empower-customers-to-explore-new-technologies (1/1), chunk 8/38
[00:46:09 +59s | thequantuminsider_2023_12_12_cyxtera_launches_ai_quantum_center_of_excellence_to_empower_78419325] Extracting actors: https://thequantuminsider.com/2023/12/12/cyxtera-launches-ai-quantum-center-of-excellence-to-empower-customers-to-explore-new-technologies (1/1), chunk 9/38
[00:46:16 +1m 7s | thequantuminsider_2023_12_12_cyxtera_launches_ai_quantum_center_of_excellence_to_empower_78419325] Extracting actors: https://thequantuminsider.com/2023/12/12/cyxtera-launches-ai-quantum-center-of-excellence-to-empower-customers-to-explore-new-technologies (1/1), chunk 10/38
[00:46:22 +1m 13s | thequantuminsider_2023_12_12_cyxtera_launches_ai_quantum_center_of_excellence_to_empower_78419325] Extracting actors: https://thequantuminsider.com/2023/12/12/cyxtera-launches-ai-quantum-center-of-excellence-to-empower-customers-to-explore-new-technologies (1/1), chunk 11/38
[00:46:30 +1m 21s | thequantuminsider_2023_12_12_cyxtera_launches_ai_quantum_center_of_excellence_to_empower_78419325] Repaired malformed JSON.
[00:46:30 +1m 21s | thequantuminsider_2023_12_12_cyxtera_launches_ai_quantum_center_of_excellence_to_empower_78419325] Extracting actors: https://thequantuminsider.com/2023/12/12/cyxtera-launches-ai-quantum-center-of-excellence-to-empower-customers-to-explore-new-technologies (1/1), chunk 12/38
[00:46:41 +1m 32s | thequantuminsider_2023_12_12_cyxtera_launches_ai_quantum_center_of_excellence_to_empower_78419325] Repaired malformed JSON.
[00:46:41 +1m 32s | thequantuminsider_2023_12_12_cyxtera_launches_ai_quantum_center_of_excellence_to_empower_78419325] Extracting actors: https://thequantuminsider.com/2023/12/12/cyxtera-launches-ai-quantum-center-of-excellence-to-empower-customers-to-explore-new-technologies (1/1), chunk 13/38
[00:46:51 +1m 43s | thequantuminsider_2023_12_12_cyxtera_launches_ai_quantum_center_of_excellence_to_empower_78419325] Repaired malformed JSON.
[00:46:51 +1m 43s | thequantuminsider_2023_12_12_cyxtera_launches_ai_quantum_center_of_excellence_to_empower_78419325] Extracting actors: https://thequantuminsider.com/2023/12/12/cyxtera-launches-ai-quantum-center-of-excellence-to-empower-customers-to-explore-new-technologies (1/1), chunk 14/38
[00:47:00 +1m 52s | thequantuminsider_2023_12_12_cyxtera_launches_ai_quantum_center_of_excellence_to_empower_78419325] Repaired malformed JSON.
[00:47:00 +1m 52s | thequantuminsider_2023_12_12_cyxtera_launches_ai_quantum_center_of_excellence_to_empower_78419325] Extracting actors: https://thequantuminsider.com/2023/12/12/cyxtera-launches-ai-quantum-center-of-excellence-to-empower-customers-to-explore-new-technologies (1/1), chunk 15/38
[00:47:10 +2m 2s | thequantuminsider_2023_12_12_cyxtera_launches_ai_quantum_center_of_excellence_to_empower_78419325] Repaired malformed JSON.
[00:47:10 +2m 2s | thequantuminsider_2023_12_12_cyxtera_launches_ai_quantum_center_of_excellence_to_empower_78419325] Extracting actors: https://thequantuminsider.com/2023/12/12/cyxtera-launches-ai-quantum-center-of-excellence-to-empower-customers-to-explore-new-technologies (1/1), chunk 16/38
[00:47:19 +2m 12s | thequantuminsider_2023_12_12_cyxtera_launches_ai_quantum_center_of_excellence_to_empower_78419325] Repaired malformed JSON.
[00:47:19 +2m 12s | thequantuminsider_2023_12_12_cyxtera_launches_ai_quantum_center_of_excellence_to_empower_78419325] Extracting actors: https://thequantuminsider.com/2023/12/12/cyxtera-launches-ai-quantum-center-of-excellence-to-empower-customers-to-explore-new-technologies (1/1), chunk 17/38
[00:47:30 +2m 22s | thequantuminsider_2023_12_12_cyxtera_launches_ai_quantum_center_of_excellence_to_empower_78419325] Repaired malformed JSON.
[00:47:30 +2m 22s | thequantuminsider_2023_12_12_cyxtera_launches_ai_quantum_center_of_excellence_to_empower_78419325] Extracting actors: https://thequantuminsider.com/2023/12/12/cyxtera-launches-ai-quantum-center-of-excellence-to-empower-customers-to-explore-new-technologies (1/1), chunk 18/38
[00:47:57 +2m 50s | thequantuminsider_2023_12_12_cyxtera_launches_ai_quantum_center_of_excellence_to_empower_78419325] Repaired malformed JSON.
[00:47:57 +2m 50s | thequantuminsider_2023_12_12_cyxtera_launches_ai_quantum_center_of_excellence_to_empower_78419325] Extracting actors: https://thequantuminsider.com/2023/12/12/cyxtera-launches-ai-quantum-center-of-excellence-to-empower-customers-to-explore-new-technologies (1/1), chunk 19/38
[00:48:05 +2m 58s | thequantuminsider_2023_12_12_cyxtera_launches_ai_quantum_center_of_excellence_to_empower_78419325] Extracting actors: https://thequantuminsider.com/2023/12/12/cyxtera-launches-ai-quantum-center-of-excellence-to-empower-customers-to-explore-new-technologies (1/1), chunk 20/38
[00:48:16 +3m 9s | thequantuminsider_2023_12_12_cyxtera_launches_ai_quantum_center_of_excellence_to_empower_78419325] Repaired malformed JSON.
[00:48:16 +3m 9s | thequantuminsider_2023_12_12_cyxtera_launches_ai_quantum_center_of_excellence_to_empower_78419325] Extracting actors: https://thequantuminsider.com/2023/12/12/cyxtera-launches-ai-quantum-center-of-excellence-to-empower-customers-to-explore-new-technologies (1/1), chunk 21/38
[00:48:22 +3m 16s | thequantuminsider_2023_12_12_cyxtera_launches_ai_quantum_center_of_excellence_to_empower_78419325] Repaired malformed JSON.
[00:48:22 +3m 16s | thequantuminsider_2023_12_12_cyxtera_launches_ai_quantum_center_of_excellence_to_empower_78419325] Extracting actors: https://thequantuminsider.com/2023/12/12/cyxtera-launches-ai-quantum-center-of-excellence-to-empower-customers-to-explore-new-technologies (1/1), chunk 22/38
[00:48:29 +3m 23s | thequantuminsider_2023_12_12_cyxtera_launches_ai_quantum_center_of_excellence_to_empower_78419325] Repaired malformed JSON.
[00:48:29 +3m 23s | thequantuminsider_2023_12_12_cyxtera_launches_ai_quantum_center_of_excellence_to_empower_78419325] Extracting actors: https://thequantuminsider.com/2023/12/12/cyxtera-launches-ai-quantum-center-of-excellence-to-empower-customers-to-explore-new-technologies (1/1), chunk 23/38
[00:48:35 +3m 29s | thequantuminsider_2023_12_12_cyxtera_launches_ai_quantum_center_of_excellence_to_empower_78419325] Repaired malformed JSON.
[00:48:35 +3m 29s | thequantuminsider_2023_12_12_cyxtera_launches_ai_quantum_center_of_excellence_to_empower_78419325] Extracting actors: https://thequantuminsider.com/2023/12/12/cyxtera-launches-ai-quantum-center-of-excellence-to-empower-customers-to-explore-new-technologies (1/1), chunk 24/38
[00:48:48 +3m 42s | thequantuminsider_2023_12_12_cyxtera_launches_ai_quantum_center_of_excellence_to_empower_78419325] Repaired malformed JSON.
[00:48:48 +3m 42s | thequantuminsider_2023_12_12_cyxtera_launches_ai_quantum_center_of_excellence_to_empower_78419325] Extracting actors: https://thequantuminsider.com/2023/12/12/cyxtera-launches-ai-quantum-center-of-excellence-to-empower-customers-to-explore-new-technologies (1/1), chunk 25/38
[00:48:54 +3m 49s | thequantuminsider_2023_12_12_cyxtera_launches_ai_quantum_center_of_excellence_to_empower_78419325] Repaired malformed JSON.
[00:48:54 +3m 49s | thequantuminsider_2023_12_12_cyxtera_launches_ai_quantum_center_of_excellence_to_empower_78419325] Extracting actors: https://thequantuminsider.com/2023/12/12/cyxtera-launches-ai-quantum-center-of-excellence-to-empower-customers-to-explore-new-technologies (1/1), chunk 26/38
[00:49:05 +4m 0s | thequantuminsider_2023_12_12_cyxtera_launches_ai_quantum_center_of_excellence_to_empower_78419325] Repaired malformed JSON.
[00:49:05 +4m 0s | thequantuminsider_2023_12_12_cyxtera_launches_ai_quantum_center_of_excellence_to_empower_78419325] Extracting actors: https://thequantuminsider.com/2023/12/12/cyxtera-launches-ai-quantum-center-of-excellence-to-empower-customers-to-explore-new-technologies (1/1), chunk 27/38
[00:49:14 +4m 9s | thequantuminsider_2023_12_12_cyxtera_launches_ai_quantum_center_of_excellence_to_empower_78419325] Repaired malformed JSON.
[00:49:14 +4m 9s | thequantuminsider_2023_12_12_cyxtera_launches_ai_quantum_center_of_excellence_to_empower_78419325] Extracting actors: https://thequantuminsider.com/2023/12/12/cyxtera-launches-ai-quantum-center-of-excellence-to-empower-customers-to-explore-new-technologies (1/1), chunk 28/38
[00:49:22 +4m 17s | thequantuminsider_2023_12_12_cyxtera_launches_ai_quantum_center_of_excellence_to_empower_78419325] Extracting actors: https://thequantuminsider.com/2023/12/12/cyxtera-launches-ai-quantum-center-of-excellence-to-empower-customers-to-explore-new-technologies (1/1), chunk 29/38
[00:49:30 +4m 26s | thequantuminsider_2023_12_12_cyxtera_launches_ai_quantum_center_of_excellence_to_empower_78419325] Extracting actors: https://thequantuminsider.com/2023/12/12/cyxtera-launches-ai-quantum-center-of-excellence-to-empower-customers-to-explore-new-technologies (1/1), chunk 30/38
[00:49:39 +4m 35s | thequantuminsider_2023_12_12_cyxtera_launches_ai_quantum_center_of_excellence_to_empower_78419325] Repaired malformed JSON.
[00:49:39 +4m 35s | thequantuminsider_2023_12_12_cyxtera_launches_ai_quantum_center_of_excellence_to_empower_78419325] Extracting actors: https://thequantuminsider.com/2023/12/12/cyxtera-launches-ai-quantum-center-of-excellence-to-empower-customers-to-explore-new-technologies (1/1), chunk 31/38
[00:49:49 +4m 45s | thequantuminsider_2023_12_12_cyxtera_launches_ai_quantum_center_of_excellence_to_empower_78419325] Repaired malformed JSON.
[00:49:49 +4m 45s | thequantuminsider_2023_12_12_cyxtera_launches_ai_quantum_center_of_excellence_to_empower_78419325] Extracting actors: https://thequantuminsider.com/2023/12/12/cyxtera-launches-ai-quantum-center-of-excellence-to-empower-customers-to-explore-new-technologies (1/1), chunk 32/38
[00:49:59 +4m 56s | thequantuminsider_2023_12_12_cyxtera_launches_ai_quantum_center_of_excellence_to_empower_78419325] Repaired malformed JSON.
[00:49:59 +4m 56s | thequantuminsider_2023_12_12_cyxtera_launches_ai_quantum_center_of_excellence_to_empower_78419325] Extracting actors: https://thequantuminsider.com/2023/12/12/cyxtera-launches-ai-quantum-center-of-excellence-to-empower-customers-to-explore-new-technologies (1/1), chunk 33/38
[00:50:06 +5m 3s | thequantuminsider_2023_12_12_cyxtera_launches_ai_quantum_center_of_excellence_to_empower_78419325] Extracting actors: https://thequantuminsider.com/2023/12/12/cyxtera-launches-ai-quantum-center-of-excellence-to-empower-customers-to-explore-new-technologies (1/1), chunk 34/38
[00:50:16 +5m 13s | thequantuminsider_2023_12_12_cyxtera_launches_ai_quantum_center_of_excellence_to_empower_78419325] Repaired malformed JSON.
[00:50:16 +5m 13s | thequantuminsider_2023_12_12_cyxtera_launches_ai_quantum_center_of_excellence_to_empower_78419325] Extracting actors: https://thequantuminsider.com/2023/12/12/cyxtera-launches-ai-quantum-center-of-excellence-to-empower-customers-to-explore-new-technologies (1/1), chunk 35/38
[00:50:28 +5m 25s | thequantuminsider_2023_12_12_cyxtera_launches_ai_quantum_center_of_excellence_to_empower_78419325] Repaired malformed JSON.
[00:50:28 +5m 25s | thequantuminsider_2023_12_12_cyxtera_launches_ai_quantum_center_of_excellence_to_empower_78419325] Extracting actors: https://thequantuminsider.com/2023/12/12/cyxtera-launches-ai-quantum-center-of-excellence-to-empower-customers-to-explore-new-technologies (1/1), chunk 36/38
[00:50:37 +5m 34s | thequantuminsider_2023_12_12_cyxtera_launches_ai_quantum_center_of_excellence_to_empower_78419325] Repaired malformed JSON.
[00:50:37 +5m 34s | thequantuminsider_2023_12_12_cyxtera_launches_ai_quantum_center_of_excellence_to_empower_78419325] Extracting actors: https://thequantuminsider.com/2023/12/12/cyxtera-launches-ai-quantum-center-of-excellence-to-empower-customers-to-explore-new-technologies (1/1), chunk 37/38
[00:50:45 +5m 43s | thequantuminsider_2023_12_12_cyxtera_launches_ai_quantum_center_of_excellence_to_empower_78419325] Repaired malformed JSON.
[00:50:45 +5m 43s | thequantuminsider_2023_12_12_cyxtera_launches_ai_quantum_center_of_excellence_to_empower_78419325] Extracting actors: https://thequantuminsider.com/2023/12/12/cyxtera-launches-ai-quantum-center-of-excellence-to-empower-customers-to-explore-new-technologies (1/1), chunk 38/38
[00:50:55 +5m 52s | thequantuminsider_2023_12_12_cyxtera_launches_ai_quantum_center_of_excellence_to_empower_78419325] Saved 1_actor_results.json with 59 extracted records

[00:50:55 +5m 52s | thequantuminsider_2023_12_12_cyxtera_launches_ai_quantum_center_of_excellence_to_empower_78419325] === 2 clean actors ===
[00:50:55 +5m 52s | thequantuminsider_2023_12_12_cyxtera_launches_ai_quantum_center_of_excellence_to_empower_78419325] Loaded 59 extracted records
[00:50:55 +5m 52s | thequantuminsider_2023_12_12_cyxtera_launches_ai_quantum_center_of_excellence_to_empower_78419325] Saved 2_actor_nodes.json with 17 canonical actor nodes

[00:50:55 +5m 52s | thequantuminsider_2023_12_12_cyxtera_launches_ai_quantum_center_of_excellence_to_empower_78419325] === 3 interaction extraction ===
[00:50:55 +5m 53s | thequantuminsider_2023_12_12_cyxtera_launches_ai_quantum_center_of_excellence_to_empower_78419325] Extracting interactions: https://thequantuminsider.com/2023/12/12/cyxtera-launches-ai-quantum-center-of-excellence-to-empower-customers-to-explore-new-technologies (1/1), chunk 11/38
[00:51:01 +5m 59s | thequantuminsider_2023_12_12_cyxtera_launches_ai_quantum_center_of_excellence_to_empower_78419325] Extracting interactions: https://thequantuminsider.com/2023/12/12/cyxtera-launches-ai-quantum-center-of-excellence-to-empower-customers-to-explore-new-technologies (1/1), chunk 12/38
[00:51:07 +6m 6s | thequantuminsider_2023_12_12_cyxtera_launches_ai_quantum_center_of_excellence_to_empower_78419325] Extracting interactions: https://thequantuminsider.com/2023/12/12/cyxtera-launches-ai-quantum-center-of-excellence-to-empower-customers-to-explore-new-technologies (1/1), chunk 13/38
[00:51:19 +6m 17s | thequantuminsider_2023_12_12_cyxtera_launches_ai_quantum_center_of_excellence_to_empower_78419325] Extracting interactions: https://thequantuminsider.com/2023/12/12/cyxtera-launches-ai-quantum-center-of-excellence-to-empower-customers-to-explore-new-technologies (1/1), chunk 14/38
[00:51:39 +6m 38s | thequantuminsider_2023_12_12_cyxtera_launches_ai_quantum_center_of_excellence_to_empower_78419325] Extracting interactions: https://thequantuminsider.com/2023/12/12/cyxtera-launches-ai-quantum-center-of-excellence-to-empower-customers-to-explore-new-technologies (1/1), chunk 15/38
[00:51:50 +6m 49s | thequantuminsider_2023_12_12_cyxtera_launches_ai_quantum_center_of_excellence_to_empower_78419325] Extracting interactions: https://thequantuminsider.com/2023/12/12/cyxtera-launches-ai-quantum-center-of-excellence-to-empower-customers-to-explore-new-technologies (1/1), chunk 16/38
[00:51:56 +6m 55s | thequantuminsider_2023_12_12_cyxtera_launches_ai_quantum_center_of_excellence_to_empower_78419325] Extracting interactions: https://thequantuminsider.com/2023/12/12/cyxtera-launches-ai-quantum-center-of-excellence-to-empower-customers-to-explore-new-technologies (1/1), chunk 17/38
[00:52:05 +7m 5s | thequantuminsider_2023_12_12_cyxtera_launches_ai_quantum_center_of_excellence_to_empower_78419325] Extracting interactions: https://thequantuminsider.com/2023/12/12/cyxtera-launches-ai-quantum-center-of-excellence-to-empower-customers-to-explore-new-technologies (1/1), chunk 18/38
[00:52:07 +7m 7s | thequantuminsider_2023_12_12_cyxtera_launches_ai_quantum_center_of_excellence_to_empower_78419325] Extracting interactions: https://thequantuminsider.com/2023/12/12/cyxtera-launches-ai-quantum-center-of-excellence-to-empower-customers-to-explore-new-technologies (1/1), chunk 20/38
[00:52:09 +7m 8s | thequantuminsider_2023_12_12_cyxtera_launches_ai_quantum_center_of_excellence_to_empower_78419325] Extracting interactions: https://thequantuminsider.com/2023/12/12/cyxtera-launches-ai-quantum-center-of-excellence-to-empower-customers-to-explore-new-technologies (1/1), chunk 21/38
[00:52:11 +7m 11s | thequantuminsider_2023_12_12_cyxtera_launches_ai_quantum_center_of_excellence_to_empower_78419325] Extracting interactions: https://thequantuminsider.com/2023/12/12/cyxtera-launches-ai-quantum-center-of-excellence-to-empower-customers-to-explore-new-technologies (1/1), chunk 22/38
[00:52:21 +7m 21s | thequantuminsider_2023_12_12_cyxtera_launches_ai_quantum_center_of_excellence_to_empower_78419325] Extracting interactions: https://thequantuminsider.com/2023/12/12/cyxtera-launches-ai-quantum-center-of-excellence-to-empower-customers-to-explore-new-technologies (1/1), chunk 23/38
[00:52:29 +7m 29s | thequantuminsider_2023_12_12_cyxtera_launches_ai_quantum_center_of_excellence_to_empower_78419325] Extracting interactions: https://thequantuminsider.com/2023/12/12/cyxtera-launches-ai-quantum-center-of-excellence-to-empower-customers-to-explore-new-technologies (1/1), chunk 27/38
[00:52:34 +7m 35s | thequantuminsider_2023_12_12_cyxtera_launches_ai_quantum_center_of_excellence_to_empower_78419325] Extracting interactions: https://thequantuminsider.com/2023/12/12/cyxtera-launches-ai-quantum-center-of-excellence-to-empower-customers-to-explore-new-technologies (1/1), chunk 28/38
[00:52:36 +7m 37s | thequantuminsider_2023_12_12_cyxtera_launches_ai_quantum_center_of_excellence_to_empower_78419325] Extracting interactions: https://thequantuminsider.com/2023/12/12/cyxtera-launches-ai-quantum-center-of-excellence-to-empower-customers-to-explore-new-technologies (1/1), chunk 31/38
[00:52:37 +7m 38s | thequantuminsider_2023_12_12_cyxtera_launches_ai_quantum_center_of_excellence_to_empower_78419325] Extracting interactions: https://thequantuminsider.com/2023/12/12/cyxtera-launches-ai-quantum-center-of-excellence-to-empower-customers-to-explore-new-technologies (1/1), chunk 32/38
[00:52:40 +7m 41s | thequantuminsider_2023_12_12_cyxtera_launches_ai_quantum_center_of_excellence_to_empower_78419325] Extracting interactions: https://thequantuminsider.com/2023/12/12/cyxtera-launches-ai-quantum-center-of-excellence-to-empower-customers-to-explore-new-technologies (1/1), chunk 33/38
[00:52:41 +7m 42s | thequantuminsider_2023_12_12_cyxtera_launches_ai_quantum_center_of_excellence_to_empower_78419325] Extracting interactions: https://thequantuminsider.com/2023/12/12/cyxtera-launches-ai-quantum-center-of-excellence-to-empower-customers-to-explore-new-technologies (1/1), chunk 34/38
[00:52:43 +7m 44s | thequantuminsider_2023_12_12_cyxtera_launches_ai_quantum_center_of_excellence_to_empower_78419325] Extracting interactions: https://thequantuminsider.com/2023/12/12/cyxtera-launches-ai-quantum-center-of-excellence-to-empower-customers-to-explore-new-technologies (1/1), chunk 36/38
[00:52:46 +7m 46s | thequantuminsider_2023_12_12_cyxtera_launches_ai_quantum_center_of_excellence_to_empower_78419325] Extracting interactions: https://thequantuminsider.com/2023/12/12/cyxtera-launches-ai-quantum-center-of-excellence-to-empower-customers-to-explore-new-technologies (1/1), chunk 37/38
[00:53:01 +8m 2s | thequantuminsider_2023_12_12_cyxtera_launches_ai_quantum_center_of_excellence_to_empower_78419325] Saved 3_interaction_results.json with 19 extracted interactions.

[00:53:01 +8m 2s | thequantuminsider_2023_12_12_cyxtera_launches_ai_quantum_center_of_excellence_to_empower_78419325] === 4 clean interactions ===
[00:53:01 +8m 2s | thequantuminsider_2023_12_12_cyxtera_launches_ai_quantum_center_of_excellence_to_empower_78419325] Saved 4_edges.json with 7 cleaned interactions.

[00:53:01 +8m 2s | thequantuminsider_2023_12_12_cyxtera_launches_ai_quantum_center_of_excellence_to_empower_78419325] === 5 helix enrichment ===
[00:53:01 +8m 2s | thequantuminsider_2023_12_12_cyxtera_launches_ai_quantum_center_of_excellence_to_empower_78419325] Wrote 5_nodes.json (17 actors)
[00:53:01 +8m 2s | thequantuminsider_2023_12_12_cyxtera_launches_ai_quantum_center_of_excellence_to_empower_78419325] Wrote 5_edges.json (7 interactions)
[00:53:01 +8m 2s | thequantuminsider_2023_12_12_cyxtera_launches_ai_quantum_center_of_excellence_to_empower_78419325] Actor helix counts: {'Academia': 1, 'Civil Society': 3, 'Industry': 5, 'Intermediary': 1, 'Unknown': 7}
[00:53:01 +8m 2s | thequantuminsider_2023_12_12_cyxtera_launches_ai_quantum_center_of_excellence_to_empower_78419325] Functional-space counts: {'Intra-helix / Not classified': 7}

[00:53:01 +8m 2s | thequantuminsider_2023_12_12_cyxtera_launches_ai_quantum_center_of_excellence_to_empower_78419325] === 6 network visualisation ===
[00:53:02 +8m 2s | thequantuminsider_2023_12_12_cyxtera_launches_ai_quantum_center_of_excellence_to_empower_78419325] Wrote quantum_network.html
[00:53:02 +8m 2s | thequantuminsider_2023_12_12_cyxtera_launches_ai_quantum_center_of_excellence_to_empower_78419325] Nodes: 17
[00:53:02 +8m 2s | thequantuminsider_2023_12_12_cyxtera_launches_ai_quantum_center_of_excellence_to_empower_78419325] Edges: 4

[00:53:02 +8m 2s | thequantuminsider_2023_12_12_cyxtera_launches_ai_quantum_center_of_excellence_to_empower_78419325] Done. Outputs written to: /home/lv/IDP/idpdeeptech/pipeline/news_outputs/thequantuminsider_2023_12_12_cyxtera_launches_ai_quantum_center_of_excellence_to_empower_78419325
[00:53:02 +8m 2s | thequantuminsider_2023_12_12_cyxtera_launches_ai_quantum_center_of_excellence_to_empower_78419325] Log: /home/lv/IDP/idpdeeptech/pipeline/news_outputs/thequantuminsider_2023_12_12_cyxtera_launches_ai_quantum_center_of_excellence_to_empower_78419325/run.log

========================================================================
RUN FINISHED 2026-07-05 00:53:02  (OK)
Started:     2026-07-05 00:45:11
Elapsed:     8m 2s
========================================================================
