
========================================================================
RUN STARTED  2026-07-05 01:09:46
site_pipeline.py https://thequantuminsider.com/2023/12/08/hsbc-pioneers-quantum-protection-for-ai-powered-fx-trading/
========================================================================

[01:09:46 +0s | thequantuminsider_2023_12_08_hsbc_pioneers_quantum_protection_for_ai_powered_fx_trading] === 0 crawl site ===
[01:09:46 +1s | thequantuminsider_2023_12_08_hsbc_pioneers_quantum_protection_for_ai_powered_fx_trading] [INIT].... → Crawl4AI 0.8.6 
[01:09:50 +5s | thequantuminsider_2023_12_08_hsbc_pioneers_quantum_protection_for_ai_powered_fx_trading] [FETCH]... ↓ https://thequantuminsider.com/2023/12/08/hsbc-pioneers-quantum-protection-for-ai-powered-fx-trading/ | ✓ | ⏱: 3.62s 
[01:09:50 +5s | thequantuminsider_2023_12_08_hsbc_pioneers_quantum_protection_for_ai_powered_fx_trading] [SCRAPE].. ◆ https://thequantuminsider.com/2023/12/08/hsbc-pioneers-quantum-protection-for-ai-powered-fx-trading/ | ✓ | ⏱: 0.12s 
[01:09:50 +5s | thequantuminsider_2023_12_08_hsbc_pioneers_quantum_protection_for_ai_powered_fx_trading] [COMPLETE] ● https://thequantuminsider.com/2023/12/08/hsbc-pioneers-quantum-protection-for-ai-powered-fx-trading/ | ✓ | ⏱: 3.77s 
[01:09:50 +5s | thequantuminsider_2023_12_08_hsbc_pioneers_quantum_protection_for_ai_powered_fx_trading] Saved: crawl_output/2f71178e23_thequantuminsider.com_2023_12_08_hsbc-pioneers-quantum-protection-for-ai-powered-fx-trading.json

[01:09:51 +5s | thequantuminsider_2023_12_08_hsbc_pioneers_quantum_protection_for_ai_powered_fx_trading] === 1 actor extraction ===
[01:09:51 +6s | thequantuminsider_2023_12_08_hsbc_pioneers_quantum_protection_for_ai_powered_fx_trading] Reading page (1/1): https://thequantuminsider.com/2023/12/08/hsbc-pioneers-quantum-protection-for-ai-powered-fx-trading
[01:09:51 +6s | thequantuminsider_2023_12_08_hsbc_pioneers_quantum_protection_for_ai_powered_fx_trading] Extracting actors: https://thequantuminsider.com/2023/12/08/hsbc-pioneers-quantum-protection-for-ai-powered-fx-trading (1/1), chunk 1/37
[01:09:58 +13s | thequantuminsider_2023_12_08_hsbc_pioneers_quantum_protection_for_ai_powered_fx_trading] Extracting actors: https://thequantuminsider.com/2023/12/08/hsbc-pioneers-quantum-protection-for-ai-powered-fx-trading (1/1), chunk 2/37
[01:10:04 +19s | thequantuminsider_2023_12_08_hsbc_pioneers_quantum_protection_for_ai_powered_fx_trading] Extracting actors: https://thequantuminsider.com/2023/12/08/hsbc-pioneers-quantum-protection-for-ai-powered-fx-trading (1/1), chunk 3/37
[01:10:10 +24s | thequantuminsider_2023_12_08_hsbc_pioneers_quantum_protection_for_ai_powered_fx_trading] Extracting actors: https://thequantuminsider.com/2023/12/08/hsbc-pioneers-quantum-protection-for-ai-powered-fx-trading (1/1), chunk 4/37
[01:10:15 +30s | thequantuminsider_2023_12_08_hsbc_pioneers_quantum_protection_for_ai_powered_fx_trading] Extracting actors: https://thequantuminsider.com/2023/12/08/hsbc-pioneers-quantum-protection-for-ai-powered-fx-trading (1/1), chunk 5/37
[01:10:20 +36s | thequantuminsider_2023_12_08_hsbc_pioneers_quantum_protection_for_ai_powered_fx_trading] Extracting actors: https://thequantuminsider.com/2023/12/08/hsbc-pioneers-quantum-protection-for-ai-powered-fx-trading (1/1), chunk 6/37
[01:10:26 +42s | thequantuminsider_2023_12_08_hsbc_pioneers_quantum_protection_for_ai_powered_fx_trading] Extracting actors: https://thequantuminsider.com/2023/12/08/hsbc-pioneers-quantum-protection-for-ai-powered-fx-trading (1/1), chunk 7/37
[01:10:32 +48s | thequantuminsider_2023_12_08_hsbc_pioneers_quantum_protection_for_ai_powered_fx_trading] Extracting actors: https://thequantuminsider.com/2023/12/08/hsbc-pioneers-quantum-protection-for-ai-powered-fx-trading (1/1), chunk 8/37
[01:10:39 +54s | thequantuminsider_2023_12_08_hsbc_pioneers_quantum_protection_for_ai_powered_fx_trading] Extracting actors: https://thequantuminsider.com/2023/12/08/hsbc-pioneers-quantum-protection-for-ai-powered-fx-trading (1/1), chunk 9/37
[01:10:44 +59s | thequantuminsider_2023_12_08_hsbc_pioneers_quantum_protection_for_ai_powered_fx_trading] Extracting actors: https://thequantuminsider.com/2023/12/08/hsbc-pioneers-quantum-protection-for-ai-powered-fx-trading (1/1), chunk 10/37
[01:10:48 +1m 4s | thequantuminsider_2023_12_08_hsbc_pioneers_quantum_protection_for_ai_powered_fx_trading] Extracting actors: https://thequantuminsider.com/2023/12/08/hsbc-pioneers-quantum-protection-for-ai-powered-fx-trading (1/1), chunk 11/37
[01:10:53 +1m 10s | thequantuminsider_2023_12_08_hsbc_pioneers_quantum_protection_for_ai_powered_fx_trading] Repaired malformed JSON.
[01:10:53 +1m 10s | thequantuminsider_2023_12_08_hsbc_pioneers_quantum_protection_for_ai_powered_fx_trading] Extracting actors: https://thequantuminsider.com/2023/12/08/hsbc-pioneers-quantum-protection-for-ai-powered-fx-trading (1/1), chunk 12/37
[01:11:02 +1m 19s | thequantuminsider_2023_12_08_hsbc_pioneers_quantum_protection_for_ai_powered_fx_trading] Repaired malformed JSON.
[01:11:02 +1m 19s | thequantuminsider_2023_12_08_hsbc_pioneers_quantum_protection_for_ai_powered_fx_trading] Extracting actors: https://thequantuminsider.com/2023/12/08/hsbc-pioneers-quantum-protection-for-ai-powered-fx-trading (1/1), chunk 13/37
[01:11:08 +1m 24s | thequantuminsider_2023_12_08_hsbc_pioneers_quantum_protection_for_ai_powered_fx_trading] Repaired malformed JSON.
[01:11:08 +1m 24s | thequantuminsider_2023_12_08_hsbc_pioneers_quantum_protection_for_ai_powered_fx_trading] Extracting actors: https://thequantuminsider.com/2023/12/08/hsbc-pioneers-quantum-protection-for-ai-powered-fx-trading (1/1), chunk 14/37
[01:11:39 +1m 56s | thequantuminsider_2023_12_08_hsbc_pioneers_quantum_protection_for_ai_powered_fx_trading] Repaired malformed JSON.
[01:11:39 +1m 56s | thequantuminsider_2023_12_08_hsbc_pioneers_quantum_protection_for_ai_powered_fx_trading] Extracting actors: https://thequantuminsider.com/2023/12/08/hsbc-pioneers-quantum-protection-for-ai-powered-fx-trading (1/1), chunk 15/37
[01:11:48 +2m 6s | thequantuminsider_2023_12_08_hsbc_pioneers_quantum_protection_for_ai_powered_fx_trading] Repaired malformed JSON.
[01:11:48 +2m 6s | thequantuminsider_2023_12_08_hsbc_pioneers_quantum_protection_for_ai_powered_fx_trading] Extracting actors: https://thequantuminsider.com/2023/12/08/hsbc-pioneers-quantum-protection-for-ai-powered-fx-trading (1/1), chunk 16/37
[01:11:56 +2m 14s | thequantuminsider_2023_12_08_hsbc_pioneers_quantum_protection_for_ai_powered_fx_trading] Repaired malformed JSON.
[01:11:56 +2m 14s | thequantuminsider_2023_12_08_hsbc_pioneers_quantum_protection_for_ai_powered_fx_trading] Extracting actors: https://thequantuminsider.com/2023/12/08/hsbc-pioneers-quantum-protection-for-ai-powered-fx-trading (1/1), chunk 17/37
[01:12:03 +2m 21s | thequantuminsider_2023_12_08_hsbc_pioneers_quantum_protection_for_ai_powered_fx_trading] Repaired malformed JSON.
[01:12:03 +2m 21s | thequantuminsider_2023_12_08_hsbc_pioneers_quantum_protection_for_ai_powered_fx_trading] Extracting actors: https://thequantuminsider.com/2023/12/08/hsbc-pioneers-quantum-protection-for-ai-powered-fx-trading (1/1), chunk 18/37
[01:12:14 +2m 33s | thequantuminsider_2023_12_08_hsbc_pioneers_quantum_protection_for_ai_powered_fx_trading] Extracting actors: https://thequantuminsider.com/2023/12/08/hsbc-pioneers-quantum-protection-for-ai-powered-fx-trading (1/1), chunk 19/37
[01:12:21 +2m 39s | thequantuminsider_2023_12_08_hsbc_pioneers_quantum_protection_for_ai_powered_fx_trading] Repaired malformed JSON.
[01:12:21 +2m 39s | thequantuminsider_2023_12_08_hsbc_pioneers_quantum_protection_for_ai_powered_fx_trading] Extracting actors: https://thequantuminsider.com/2023/12/08/hsbc-pioneers-quantum-protection-for-ai-powered-fx-trading (1/1), chunk 20/37
[01:12:30 +2m 49s | thequantuminsider_2023_12_08_hsbc_pioneers_quantum_protection_for_ai_powered_fx_trading] Repaired malformed JSON.
[01:12:30 +2m 49s | thequantuminsider_2023_12_08_hsbc_pioneers_quantum_protection_for_ai_powered_fx_trading] Extracting actors: https://thequantuminsider.com/2023/12/08/hsbc-pioneers-quantum-protection-for-ai-powered-fx-trading (1/1), chunk 21/37
[01:12:56 +3m 16s | thequantuminsider_2023_12_08_hsbc_pioneers_quantum_protection_for_ai_powered_fx_trading] Repaired malformed JSON.
[01:12:56 +3m 16s | thequantuminsider_2023_12_08_hsbc_pioneers_quantum_protection_for_ai_powered_fx_trading] Extracting actors: https://thequantuminsider.com/2023/12/08/hsbc-pioneers-quantum-protection-for-ai-powered-fx-trading (1/1), chunk 22/37
[01:13:04 +3m 24s | thequantuminsider_2023_12_08_hsbc_pioneers_quantum_protection_for_ai_powered_fx_trading] Repaired malformed JSON.
[01:13:04 +3m 24s | thequantuminsider_2023_12_08_hsbc_pioneers_quantum_protection_for_ai_powered_fx_trading] Extracting actors: https://thequantuminsider.com/2023/12/08/hsbc-pioneers-quantum-protection-for-ai-powered-fx-trading (1/1), chunk 23/37
[01:13:30 +3m 52s | thequantuminsider_2023_12_08_hsbc_pioneers_quantum_protection_for_ai_powered_fx_trading] Repaired malformed JSON.
[01:13:30 +3m 52s | thequantuminsider_2023_12_08_hsbc_pioneers_quantum_protection_for_ai_powered_fx_trading] Extracting actors: https://thequantuminsider.com/2023/12/08/hsbc-pioneers-quantum-protection-for-ai-powered-fx-trading (1/1), chunk 24/37
[01:13:39 +4m 0s | thequantuminsider_2023_12_08_hsbc_pioneers_quantum_protection_for_ai_powered_fx_trading] Repaired malformed JSON.
[01:13:39 +4m 0s | thequantuminsider_2023_12_08_hsbc_pioneers_quantum_protection_for_ai_powered_fx_trading] Extracting actors: https://thequantuminsider.com/2023/12/08/hsbc-pioneers-quantum-protection-for-ai-powered-fx-trading (1/1), chunk 25/37
[01:13:49 +4m 10s | thequantuminsider_2023_12_08_hsbc_pioneers_quantum_protection_for_ai_powered_fx_trading] Repaired malformed JSON.
[01:13:49 +4m 10s | thequantuminsider_2023_12_08_hsbc_pioneers_quantum_protection_for_ai_powered_fx_trading] Extracting actors: https://thequantuminsider.com/2023/12/08/hsbc-pioneers-quantum-protection-for-ai-powered-fx-trading (1/1), chunk 26/37
[01:13:57 +4m 19s | thequantuminsider_2023_12_08_hsbc_pioneers_quantum_protection_for_ai_powered_fx_trading] Repaired malformed JSON.
[01:13:57 +4m 19s | thequantuminsider_2023_12_08_hsbc_pioneers_quantum_protection_for_ai_powered_fx_trading] Extracting actors: https://thequantuminsider.com/2023/12/08/hsbc-pioneers-quantum-protection-for-ai-powered-fx-trading (1/1), chunk 27/37
[01:14:01 +4m 24s | thequantuminsider_2023_12_08_hsbc_pioneers_quantum_protection_for_ai_powered_fx_trading] Extracting actors: https://thequantuminsider.com/2023/12/08/hsbc-pioneers-quantum-protection-for-ai-powered-fx-trading (1/1), chunk 28/37
[01:14:07 +4m 30s | thequantuminsider_2023_12_08_hsbc_pioneers_quantum_protection_for_ai_powered_fx_trading] Extracting actors: https://thequantuminsider.com/2023/12/08/hsbc-pioneers-quantum-protection-for-ai-powered-fx-trading (1/1), chunk 29/37
[01:14:15 +4m 37s | thequantuminsider_2023_12_08_hsbc_pioneers_quantum_protection_for_ai_powered_fx_trading] Repaired malformed JSON.
[01:14:15 +4m 37s | thequantuminsider_2023_12_08_hsbc_pioneers_quantum_protection_for_ai_powered_fx_trading] Extracting actors: https://thequantuminsider.com/2023/12/08/hsbc-pioneers-quantum-protection-for-ai-powered-fx-trading (1/1), chunk 30/37
[01:14:25 +4m 47s | thequantuminsider_2023_12_08_hsbc_pioneers_quantum_protection_for_ai_powered_fx_trading] Repaired malformed JSON.
[01:14:25 +4m 47s | thequantuminsider_2023_12_08_hsbc_pioneers_quantum_protection_for_ai_powered_fx_trading] Extracting actors: https://thequantuminsider.com/2023/12/08/hsbc-pioneers-quantum-protection-for-ai-powered-fx-trading (1/1), chunk 31/37
[01:14:31 +4m 54s | thequantuminsider_2023_12_08_hsbc_pioneers_quantum_protection_for_ai_powered_fx_trading] Repaired malformed JSON.
[01:14:31 +4m 54s | thequantuminsider_2023_12_08_hsbc_pioneers_quantum_protection_for_ai_powered_fx_trading] Extracting actors: https://thequantuminsider.com/2023/12/08/hsbc-pioneers-quantum-protection-for-ai-powered-fx-trading (1/1), chunk 32/37
[01:14:35 +4m 58s | thequantuminsider_2023_12_08_hsbc_pioneers_quantum_protection_for_ai_powered_fx_trading] Extracting actors: https://thequantuminsider.com/2023/12/08/hsbc-pioneers-quantum-protection-for-ai-powered-fx-trading (1/1), chunk 33/37
[01:14:42 +5m 5s | thequantuminsider_2023_12_08_hsbc_pioneers_quantum_protection_for_ai_powered_fx_trading] Repaired malformed JSON.
[01:14:42 +5m 5s | thequantuminsider_2023_12_08_hsbc_pioneers_quantum_protection_for_ai_powered_fx_trading] Extracting actors: https://thequantuminsider.com/2023/12/08/hsbc-pioneers-quantum-protection-for-ai-powered-fx-trading (1/1), chunk 34/37
[01:14:52 +5m 15s | thequantuminsider_2023_12_08_hsbc_pioneers_quantum_protection_for_ai_powered_fx_trading] Extracting actors: https://thequantuminsider.com/2023/12/08/hsbc-pioneers-quantum-protection-for-ai-powered-fx-trading (1/1), chunk 35/37
[01:15:00 +5m 24s | thequantuminsider_2023_12_08_hsbc_pioneers_quantum_protection_for_ai_powered_fx_trading] Repaired malformed JSON.
[01:15:00 +5m 24s | thequantuminsider_2023_12_08_hsbc_pioneers_quantum_protection_for_ai_powered_fx_trading] Extracting actors: https://thequantuminsider.com/2023/12/08/hsbc-pioneers-quantum-protection-for-ai-powered-fx-trading (1/1), chunk 36/37
[01:15:09 +5m 33s | thequantuminsider_2023_12_08_hsbc_pioneers_quantum_protection_for_ai_powered_fx_trading] Repaired malformed JSON.
[01:15:09 +5m 33s | thequantuminsider_2023_12_08_hsbc_pioneers_quantum_protection_for_ai_powered_fx_trading] Extracting actors: https://thequantuminsider.com/2023/12/08/hsbc-pioneers-quantum-protection-for-ai-powered-fx-trading (1/1), chunk 37/37
[01:15:18 +5m 42s | thequantuminsider_2023_12_08_hsbc_pioneers_quantum_protection_for_ai_powered_fx_trading] Repaired malformed JSON.
[01:15:18 +5m 42s | thequantuminsider_2023_12_08_hsbc_pioneers_quantum_protection_for_ai_powered_fx_trading] Saved 1_actor_results.json with 55 extracted records

[01:15:18 +5m 42s | thequantuminsider_2023_12_08_hsbc_pioneers_quantum_protection_for_ai_powered_fx_trading] === 2 clean actors ===
[01:15:18 +5m 42s | thequantuminsider_2023_12_08_hsbc_pioneers_quantum_protection_for_ai_powered_fx_trading] Loaded 55 extracted records
[01:15:18 +5m 42s | thequantuminsider_2023_12_08_hsbc_pioneers_quantum_protection_for_ai_powered_fx_trading] Saved 2_actor_nodes.json with 16 canonical actor nodes

[01:15:18 +5m 42s | thequantuminsider_2023_12_08_hsbc_pioneers_quantum_protection_for_ai_powered_fx_trading] === 3 interaction extraction ===
[01:15:18 +5m 43s | thequantuminsider_2023_12_08_hsbc_pioneers_quantum_protection_for_ai_powered_fx_trading] Extracting interactions: https://thequantuminsider.com/2023/12/08/hsbc-pioneers-quantum-protection-for-ai-powered-fx-trading (1/1), chunk 11/37
[01:15:26 +5m 50s | thequantuminsider_2023_12_08_hsbc_pioneers_quantum_protection_for_ai_powered_fx_trading] Extracting interactions: https://thequantuminsider.com/2023/12/08/hsbc-pioneers-quantum-protection-for-ai-powered-fx-trading (1/1), chunk 12/37
[01:15:31 +5m 56s | thequantuminsider_2023_12_08_hsbc_pioneers_quantum_protection_for_ai_powered_fx_trading] Extracting interactions: https://thequantuminsider.com/2023/12/08/hsbc-pioneers-quantum-protection-for-ai-powered-fx-trading (1/1), chunk 13/37
[01:15:41 +6m 6s | thequantuminsider_2023_12_08_hsbc_pioneers_quantum_protection_for_ai_powered_fx_trading] Extracting interactions: https://thequantuminsider.com/2023/12/08/hsbc-pioneers-quantum-protection-for-ai-powered-fx-trading (1/1), chunk 14/37
[01:15:58 +6m 23s | thequantuminsider_2023_12_08_hsbc_pioneers_quantum_protection_for_ai_powered_fx_trading] Extracting interactions: https://thequantuminsider.com/2023/12/08/hsbc-pioneers-quantum-protection-for-ai-powered-fx-trading (1/1), chunk 15/37
[01:16:28 +6m 54s | thequantuminsider_2023_12_08_hsbc_pioneers_quantum_protection_for_ai_powered_fx_trading] Extracting interactions: https://thequantuminsider.com/2023/12/08/hsbc-pioneers-quantum-protection-for-ai-powered-fx-trading (1/1), chunk 16/37
[01:16:32 +6m 58s | thequantuminsider_2023_12_08_hsbc_pioneers_quantum_protection_for_ai_powered_fx_trading] Extracting interactions: https://thequantuminsider.com/2023/12/08/hsbc-pioneers-quantum-protection-for-ai-powered-fx-trading (1/1), chunk 17/37
[01:16:33 +6m 59s | thequantuminsider_2023_12_08_hsbc_pioneers_quantum_protection_for_ai_powered_fx_trading] Extracting interactions: https://thequantuminsider.com/2023/12/08/hsbc-pioneers-quantum-protection-for-ai-powered-fx-trading (1/1), chunk 19/37
[01:16:34 +7m 1s | thequantuminsider_2023_12_08_hsbc_pioneers_quantum_protection_for_ai_powered_fx_trading] Extracting interactions: https://thequantuminsider.com/2023/12/08/hsbc-pioneers-quantum-protection-for-ai-powered-fx-trading (1/1), chunk 20/37
[01:16:36 +7m 3s | thequantuminsider_2023_12_08_hsbc_pioneers_quantum_protection_for_ai_powered_fx_trading] Extracting interactions: https://thequantuminsider.com/2023/12/08/hsbc-pioneers-quantum-protection-for-ai-powered-fx-trading (1/1), chunk 21/37
[01:16:44 +7m 11s | thequantuminsider_2023_12_08_hsbc_pioneers_quantum_protection_for_ai_powered_fx_trading] Extracting interactions: https://thequantuminsider.com/2023/12/08/hsbc-pioneers-quantum-protection-for-ai-powered-fx-trading (1/1), chunk 22/37
[01:16:51 +7m 18s | thequantuminsider_2023_12_08_hsbc_pioneers_quantum_protection_for_ai_powered_fx_trading] Extracting interactions: https://thequantuminsider.com/2023/12/08/hsbc-pioneers-quantum-protection-for-ai-powered-fx-trading (1/1), chunk 26/37
[01:16:56 +7m 23s | thequantuminsider_2023_12_08_hsbc_pioneers_quantum_protection_for_ai_powered_fx_trading] Extracting interactions: https://thequantuminsider.com/2023/12/08/hsbc-pioneers-quantum-protection-for-ai-powered-fx-trading (1/1), chunk 27/37
[01:16:58 +7m 25s | thequantuminsider_2023_12_08_hsbc_pioneers_quantum_protection_for_ai_powered_fx_trading] Extracting interactions: https://thequantuminsider.com/2023/12/08/hsbc-pioneers-quantum-protection-for-ai-powered-fx-trading (1/1), chunk 28/37
[01:17:00 +7m 27s | thequantuminsider_2023_12_08_hsbc_pioneers_quantum_protection_for_ai_powered_fx_trading] Extracting interactions: https://thequantuminsider.com/2023/12/08/hsbc-pioneers-quantum-protection-for-ai-powered-fx-trading (1/1), chunk 30/37
[01:17:01 +7m 28s | thequantuminsider_2023_12_08_hsbc_pioneers_quantum_protection_for_ai_powered_fx_trading] Extracting interactions: https://thequantuminsider.com/2023/12/08/hsbc-pioneers-quantum-protection-for-ai-powered-fx-trading (1/1), chunk 31/37
[01:17:03 +7m 30s | thequantuminsider_2023_12_08_hsbc_pioneers_quantum_protection_for_ai_powered_fx_trading] Extracting interactions: https://thequantuminsider.com/2023/12/08/hsbc-pioneers-quantum-protection-for-ai-powered-fx-trading (1/1), chunk 32/37
[01:17:05 +7m 33s | thequantuminsider_2023_12_08_hsbc_pioneers_quantum_protection_for_ai_powered_fx_trading] Extracting interactions: https://thequantuminsider.com/2023/12/08/hsbc-pioneers-quantum-protection-for-ai-powered-fx-trading (1/1), chunk 33/37
[01:17:07 +7m 35s | thequantuminsider_2023_12_08_hsbc_pioneers_quantum_protection_for_ai_powered_fx_trading] Extracting interactions: https://thequantuminsider.com/2023/12/08/hsbc-pioneers-quantum-protection-for-ai-powered-fx-trading (1/1), chunk 34/37
[01:17:08 +7m 36s | thequantuminsider_2023_12_08_hsbc_pioneers_quantum_protection_for_ai_powered_fx_trading] Extracting interactions: https://thequantuminsider.com/2023/12/08/hsbc-pioneers-quantum-protection-for-ai-powered-fx-trading (1/1), chunk 35/37
[01:17:44 +8m 13s | thequantuminsider_2023_12_08_hsbc_pioneers_quantum_protection_for_ai_powered_fx_trading] Extracting interactions: https://thequantuminsider.com/2023/12/08/hsbc-pioneers-quantum-protection-for-ai-powered-fx-trading (1/1), chunk 36/37
[01:17:46 +8m 14s | thequantuminsider_2023_12_08_hsbc_pioneers_quantum_protection_for_ai_powered_fx_trading] Extracting interactions: https://thequantuminsider.com/2023/12/08/hsbc-pioneers-quantum-protection-for-ai-powered-fx-trading (1/1), chunk 37/37
[01:17:48 +8m 17s | thequantuminsider_2023_12_08_hsbc_pioneers_quantum_protection_for_ai_powered_fx_trading] Saved 3_interaction_results.json with 14 extracted interactions.

[01:17:48 +8m 17s | thequantuminsider_2023_12_08_hsbc_pioneers_quantum_protection_for_ai_powered_fx_trading] === 4 clean interactions ===
[01:17:48 +8m 17s | thequantuminsider_2023_12_08_hsbc_pioneers_quantum_protection_for_ai_powered_fx_trading] Saved 4_edges.json with 3 cleaned interactions.

[01:17:48 +8m 17s | thequantuminsider_2023_12_08_hsbc_pioneers_quantum_protection_for_ai_powered_fx_trading] === 5 helix enrichment ===
[01:17:48 +8m 17s | thequantuminsider_2023_12_08_hsbc_pioneers_quantum_protection_for_ai_powered_fx_trading] Wrote 5_nodes.json (16 actors)
[01:17:48 +8m 17s | thequantuminsider_2023_12_08_hsbc_pioneers_quantum_protection_for_ai_powered_fx_trading] Wrote 5_edges.json (3 interactions)
[01:17:48 +8m 17s | thequantuminsider_2023_12_08_hsbc_pioneers_quantum_protection_for_ai_powered_fx_trading] Actor helix counts: {'Academia': 1, 'Civil Society': 3, 'Industry': 5, 'Intermediary': 1, 'Unknown': 6}
[01:17:48 +8m 17s | thequantuminsider_2023_12_08_hsbc_pioneers_quantum_protection_for_ai_powered_fx_trading] Functional-space counts: {'Intra-helix / Not classified': 3}

[01:17:48 +8m 17s | thequantuminsider_2023_12_08_hsbc_pioneers_quantum_protection_for_ai_powered_fx_trading] === 6 network visualisation ===
[01:17:48 +8m 17s | thequantuminsider_2023_12_08_hsbc_pioneers_quantum_protection_for_ai_powered_fx_trading] Wrote quantum_network.html
[01:17:48 +8m 17s | thequantuminsider_2023_12_08_hsbc_pioneers_quantum_protection_for_ai_powered_fx_trading] Nodes: 16
[01:17:48 +8m 17s | thequantuminsider_2023_12_08_hsbc_pioneers_quantum_protection_for_ai_powered_fx_trading] Edges: 2

[01:17:48 +8m 17s | thequantuminsider_2023_12_08_hsbc_pioneers_quantum_protection_for_ai_powered_fx_trading] Done. Outputs written to: /home/lv/IDP/idpdeeptech/pipeline/news_outputs/thequantuminsider_2023_12_08_hsbc_pioneers_quantum_protection_for_ai_powered_fx_trading
[01:17:48 +8m 17s | thequantuminsider_2023_12_08_hsbc_pioneers_quantum_protection_for_ai_powered_fx_trading] Log: /home/lv/IDP/idpdeeptech/pipeline/news_outputs/thequantuminsider_2023_12_08_hsbc_pioneers_quantum_protection_for_ai_powered_fx_trading/run.log

========================================================================
RUN FINISHED 2026-07-05 01:17:48  (OK)
Started:     2026-07-05 01:09:46
Elapsed:     8m 17s
========================================================================
