
========================================================================
RUN STARTED  2026-07-05 01:50:31
site_pipeline.py https://thequantuminsider.com/2023/12/01/four-professors-receive-moore-foundation-experimental-physics-awards/
========================================================================

[01:50:31 +0s | thequantuminsider_2023_12_01_four_professors_receive_moore_foundation_experimental_physics_awards] === 0 crawl site ===
[01:50:32 +1s | thequantuminsider_2023_12_01_four_professors_receive_moore_foundation_experimental_physics_awards] [INIT].... → Crawl4AI 0.8.6 
[01:50:35 +4s | thequantuminsider_2023_12_01_four_professors_receive_moore_foundation_experimental_physics_awards] [FETCH]... ↓ https://thequantuminsider.com/2023/12/01/four-pr...ve-moore-foundation-experimental-physics-awards/  | ✓ | ⏱: 2.91s 
[01:50:36 +5s | thequantuminsider_2023_12_01_four_professors_receive_moore_foundation_experimental_physics_awards] [SCRAPE].. ◆ https://thequantuminsider.com/2023/12/01/four-pr...ve-moore-foundation-experimental-physics-awards/  | ✓ | ⏱: 0.14s 
[01:50:36 +5s | thequantuminsider_2023_12_01_four_professors_receive_moore_foundation_experimental_physics_awards] [COMPLETE] ● https://thequantuminsider.com/2023/12/01/four-pr...ve-moore-foundation-experimental-physics-awards/  | ✓ | ⏱: 3.07s 
[01:50:36 +5s | thequantuminsider_2023_12_01_four_professors_receive_moore_foundation_experimental_physics_awards] Saved: crawl_output/763333af72_thequantuminsider.com_2023_12_01_four-professors-receive-moore-foundation-experimental-physics-awards.json

[01:50:36 +5s | thequantuminsider_2023_12_01_four_professors_receive_moore_foundation_experimental_physics_awards] === 1 actor extraction ===
[01:50:36 +5s | thequantuminsider_2023_12_01_four_professors_receive_moore_foundation_experimental_physics_awards] Reading page (1/1): https://thequantuminsider.com/2023/12/01/four-professors-receive-moore-foundation-experimental-physics-awards
[01:50:36 +5s | thequantuminsider_2023_12_01_four_professors_receive_moore_foundation_experimental_physics_awards] Extracting actors: https://thequantuminsider.com/2023/12/01/four-professors-receive-moore-foundation-experimental-physics-awards (1/1), chunk 1/39
[01:50:43 +12s | thequantuminsider_2023_12_01_four_professors_receive_moore_foundation_experimental_physics_awards] Extracting actors: https://thequantuminsider.com/2023/12/01/four-professors-receive-moore-foundation-experimental-physics-awards (1/1), chunk 2/39
[01:50:47 +16s | thequantuminsider_2023_12_01_four_professors_receive_moore_foundation_experimental_physics_awards] Extracting actors: https://thequantuminsider.com/2023/12/01/four-professors-receive-moore-foundation-experimental-physics-awards (1/1), chunk 3/39
[01:50:53 +22s | thequantuminsider_2023_12_01_four_professors_receive_moore_foundation_experimental_physics_awards] Extracting actors: https://thequantuminsider.com/2023/12/01/four-professors-receive-moore-foundation-experimental-physics-awards (1/1), chunk 4/39
[01:50:56 +26s | thequantuminsider_2023_12_01_four_professors_receive_moore_foundation_experimental_physics_awards] Extracting actors: https://thequantuminsider.com/2023/12/01/four-professors-receive-moore-foundation-experimental-physics-awards (1/1), chunk 5/39
[01:51:03 +33s | thequantuminsider_2023_12_01_four_professors_receive_moore_foundation_experimental_physics_awards] Extracting actors: https://thequantuminsider.com/2023/12/01/four-professors-receive-moore-foundation-experimental-physics-awards (1/1), chunk 6/39
[01:51:10 +40s | thequantuminsider_2023_12_01_four_professors_receive_moore_foundation_experimental_physics_awards] Repaired malformed JSON.
[01:51:10 +40s | thequantuminsider_2023_12_01_four_professors_receive_moore_foundation_experimental_physics_awards] Extracting actors: https://thequantuminsider.com/2023/12/01/four-professors-receive-moore-foundation-experimental-physics-awards (1/1), chunk 7/39
[01:51:15 +45s | thequantuminsider_2023_12_01_four_professors_receive_moore_foundation_experimental_physics_awards] Extracting actors: https://thequantuminsider.com/2023/12/01/four-professors-receive-moore-foundation-experimental-physics-awards (1/1), chunk 8/39
[01:51:20 +50s | thequantuminsider_2023_12_01_four_professors_receive_moore_foundation_experimental_physics_awards] Extracting actors: https://thequantuminsider.com/2023/12/01/four-professors-receive-moore-foundation-experimental-physics-awards (1/1), chunk 9/39
[01:51:25 +56s | thequantuminsider_2023_12_01_four_professors_receive_moore_foundation_experimental_physics_awards] Extracting actors: https://thequantuminsider.com/2023/12/01/four-professors-receive-moore-foundation-experimental-physics-awards (1/1), chunk 10/39
[01:51:32 +1m 3s | thequantuminsider_2023_12_01_four_professors_receive_moore_foundation_experimental_physics_awards] Extracting actors: https://thequantuminsider.com/2023/12/01/four-professors-receive-moore-foundation-experimental-physics-awards (1/1), chunk 11/39
[01:51:38 +1m 9s | thequantuminsider_2023_12_01_four_professors_receive_moore_foundation_experimental_physics_awards] Repaired malformed JSON.
[01:51:38 +1m 9s | thequantuminsider_2023_12_01_four_professors_receive_moore_foundation_experimental_physics_awards] Extracting actors: https://thequantuminsider.com/2023/12/01/four-professors-receive-moore-foundation-experimental-physics-awards (1/1), chunk 12/39
[01:51:44 +1m 15s | thequantuminsider_2023_12_01_four_professors_receive_moore_foundation_experimental_physics_awards] Repaired malformed JSON.
[01:51:44 +1m 15s | thequantuminsider_2023_12_01_four_professors_receive_moore_foundation_experimental_physics_awards] Extracting actors: https://thequantuminsider.com/2023/12/01/four-professors-receive-moore-foundation-experimental-physics-awards (1/1), chunk 13/39
[01:52:07 +1m 40s | thequantuminsider_2023_12_01_four_professors_receive_moore_foundation_experimental_physics_awards] Repaired malformed JSON.
[01:52:07 +1m 40s | thequantuminsider_2023_12_01_four_professors_receive_moore_foundation_experimental_physics_awards] Extracting actors: https://thequantuminsider.com/2023/12/01/four-professors-receive-moore-foundation-experimental-physics-awards (1/1), chunk 14/39
[01:52:16 +1m 48s | thequantuminsider_2023_12_01_four_professors_receive_moore_foundation_experimental_physics_awards] Repaired malformed JSON.
[01:52:16 +1m 48s | thequantuminsider_2023_12_01_four_professors_receive_moore_foundation_experimental_physics_awards] Extracting actors: https://thequantuminsider.com/2023/12/01/four-professors-receive-moore-foundation-experimental-physics-awards (1/1), chunk 15/39
[01:52:40 +2m 13s | thequantuminsider_2023_12_01_four_professors_receive_moore_foundation_experimental_physics_awards] Repaired malformed JSON.
[01:52:40 +2m 13s | thequantuminsider_2023_12_01_four_professors_receive_moore_foundation_experimental_physics_awards] Extracting actors: https://thequantuminsider.com/2023/12/01/four-professors-receive-moore-foundation-experimental-physics-awards (1/1), chunk 16/39
[01:52:48 +2m 22s | thequantuminsider_2023_12_01_four_professors_receive_moore_foundation_experimental_physics_awards] Repaired malformed JSON.
[01:52:48 +2m 22s | thequantuminsider_2023_12_01_four_professors_receive_moore_foundation_experimental_physics_awards] Extracting actors: https://thequantuminsider.com/2023/12/01/four-professors-receive-moore-foundation-experimental-physics-awards (1/1), chunk 17/39
[01:52:56 +2m 30s | thequantuminsider_2023_12_01_four_professors_receive_moore_foundation_experimental_physics_awards] Repaired malformed JSON.
[01:52:56 +2m 30s | thequantuminsider_2023_12_01_four_professors_receive_moore_foundation_experimental_physics_awards] Extracting actors: https://thequantuminsider.com/2023/12/01/four-professors-receive-moore-foundation-experimental-physics-awards (1/1), chunk 18/39
[01:53:06 +2m 40s | thequantuminsider_2023_12_01_four_professors_receive_moore_foundation_experimental_physics_awards] Repaired malformed JSON.
[01:53:06 +2m 40s | thequantuminsider_2023_12_01_four_professors_receive_moore_foundation_experimental_physics_awards] Extracting actors: https://thequantuminsider.com/2023/12/01/four-professors-receive-moore-foundation-experimental-physics-awards (1/1), chunk 19/39
[01:53:15 +2m 49s | thequantuminsider_2023_12_01_four_professors_receive_moore_foundation_experimental_physics_awards] Repaired malformed JSON.
[01:53:15 +2m 49s | thequantuminsider_2023_12_01_four_professors_receive_moore_foundation_experimental_physics_awards] Extracting actors: https://thequantuminsider.com/2023/12/01/four-professors-receive-moore-foundation-experimental-physics-awards (1/1), chunk 20/39
[01:53:24 +2m 58s | thequantuminsider_2023_12_01_four_professors_receive_moore_foundation_experimental_physics_awards] Repaired malformed JSON.
[01:53:24 +2m 58s | thequantuminsider_2023_12_01_four_professors_receive_moore_foundation_experimental_physics_awards] Extracting actors: https://thequantuminsider.com/2023/12/01/four-professors-receive-moore-foundation-experimental-physics-awards (1/1), chunk 21/39
[01:53:31 +3m 7s | thequantuminsider_2023_12_01_four_professors_receive_moore_foundation_experimental_physics_awards] Repaired malformed JSON.
[01:53:31 +3m 7s | thequantuminsider_2023_12_01_four_professors_receive_moore_foundation_experimental_physics_awards] Extracting actors: https://thequantuminsider.com/2023/12/01/four-professors-receive-moore-foundation-experimental-physics-awards (1/1), chunk 22/39
[01:53:38 +3m 14s | thequantuminsider_2023_12_01_four_professors_receive_moore_foundation_experimental_physics_awards] Repaired malformed JSON.
[01:53:38 +3m 14s | thequantuminsider_2023_12_01_four_professors_receive_moore_foundation_experimental_physics_awards] Extracting actors: https://thequantuminsider.com/2023/12/01/four-professors-receive-moore-foundation-experimental-physics-awards (1/1), chunk 23/39
[01:53:47 +3m 22s | thequantuminsider_2023_12_01_four_professors_receive_moore_foundation_experimental_physics_awards] Repaired malformed JSON.
[01:53:47 +3m 22s | thequantuminsider_2023_12_01_four_professors_receive_moore_foundation_experimental_physics_awards] Extracting actors: https://thequantuminsider.com/2023/12/01/four-professors-receive-moore-foundation-experimental-physics-awards (1/1), chunk 24/39
[01:53:54 +3m 30s | thequantuminsider_2023_12_01_four_professors_receive_moore_foundation_experimental_physics_awards] Repaired malformed JSON.
[01:53:54 +3m 30s | thequantuminsider_2023_12_01_four_professors_receive_moore_foundation_experimental_physics_awards] Extracting actors: https://thequantuminsider.com/2023/12/01/four-professors-receive-moore-foundation-experimental-physics-awards (1/1), chunk 25/39
[01:54:20 +3m 57s | thequantuminsider_2023_12_01_four_professors_receive_moore_foundation_experimental_physics_awards] Repaired malformed JSON.
[01:54:20 +3m 57s | thequantuminsider_2023_12_01_four_professors_receive_moore_foundation_experimental_physics_awards] Extracting actors: https://thequantuminsider.com/2023/12/01/four-professors-receive-moore-foundation-experimental-physics-awards (1/1), chunk 26/39
[01:54:29 +4m 6s | thequantuminsider_2023_12_01_four_professors_receive_moore_foundation_experimental_physics_awards] Repaired malformed JSON.
[01:54:29 +4m 6s | thequantuminsider_2023_12_01_four_professors_receive_moore_foundation_experimental_physics_awards] Extracting actors: https://thequantuminsider.com/2023/12/01/four-professors-receive-moore-foundation-experimental-physics-awards (1/1), chunk 27/39
[01:54:52 +4m 30s | thequantuminsider_2023_12_01_four_professors_receive_moore_foundation_experimental_physics_awards] Extracting actors: https://thequantuminsider.com/2023/12/01/four-professors-receive-moore-foundation-experimental-physics-awards (1/1), chunk 28/39
[01:54:59 +4m 37s | thequantuminsider_2023_12_01_four_professors_receive_moore_foundation_experimental_physics_awards] Repaired malformed JSON.
[01:54:59 +4m 37s | thequantuminsider_2023_12_01_four_professors_receive_moore_foundation_experimental_physics_awards] Extracting actors: https://thequantuminsider.com/2023/12/01/four-professors-receive-moore-foundation-experimental-physics-awards (1/1), chunk 29/39
[01:55:05 +4m 44s | thequantuminsider_2023_12_01_four_professors_receive_moore_foundation_experimental_physics_awards] Extracting actors: https://thequantuminsider.com/2023/12/01/four-professors-receive-moore-foundation-experimental-physics-awards (1/1), chunk 30/39
[01:55:10 +4m 50s | thequantuminsider_2023_12_01_four_professors_receive_moore_foundation_experimental_physics_awards] Extracting actors: https://thequantuminsider.com/2023/12/01/four-professors-receive-moore-foundation-experimental-physics-awards (1/1), chunk 31/39
[01:55:19 +4m 58s | thequantuminsider_2023_12_01_four_professors_receive_moore_foundation_experimental_physics_awards] Repaired malformed JSON.
[01:55:19 +4m 58s | thequantuminsider_2023_12_01_four_professors_receive_moore_foundation_experimental_physics_awards] Extracting actors: https://thequantuminsider.com/2023/12/01/four-professors-receive-moore-foundation-experimental-physics-awards (1/1), chunk 32/39
[01:55:31 +5m 10s | thequantuminsider_2023_12_01_four_professors_receive_moore_foundation_experimental_physics_awards] Repaired malformed JSON.
[01:55:31 +5m 10s | thequantuminsider_2023_12_01_four_professors_receive_moore_foundation_experimental_physics_awards] Extracting actors: https://thequantuminsider.com/2023/12/01/four-professors-receive-moore-foundation-experimental-physics-awards (1/1), chunk 33/39
[01:55:40 +5m 20s | thequantuminsider_2023_12_01_four_professors_receive_moore_foundation_experimental_physics_awards] Repaired malformed JSON.
[01:55:40 +5m 20s | thequantuminsider_2023_12_01_four_professors_receive_moore_foundation_experimental_physics_awards] Extracting actors: https://thequantuminsider.com/2023/12/01/four-professors-receive-moore-foundation-experimental-physics-awards (1/1), chunk 34/39
[01:55:45 +5m 25s | thequantuminsider_2023_12_01_four_professors_receive_moore_foundation_experimental_physics_awards] Extracting actors: https://thequantuminsider.com/2023/12/01/four-professors-receive-moore-foundation-experimental-physics-awards (1/1), chunk 35/39
[01:55:55 +5m 35s | thequantuminsider_2023_12_01_four_professors_receive_moore_foundation_experimental_physics_awards] Repaired malformed JSON.
[01:55:55 +5m 35s | thequantuminsider_2023_12_01_four_professors_receive_moore_foundation_experimental_physics_awards] Extracting actors: https://thequantuminsider.com/2023/12/01/four-professors-receive-moore-foundation-experimental-physics-awards (1/1), chunk 36/39
[01:56:05 +5m 45s | thequantuminsider_2023_12_01_four_professors_receive_moore_foundation_experimental_physics_awards] Repaired malformed JSON.
[01:56:05 +5m 45s | thequantuminsider_2023_12_01_four_professors_receive_moore_foundation_experimental_physics_awards] Extracting actors: https://thequantuminsider.com/2023/12/01/four-professors-receive-moore-foundation-experimental-physics-awards (1/1), chunk 37/39
[01:56:12 +5m 54s | thequantuminsider_2023_12_01_four_professors_receive_moore_foundation_experimental_physics_awards] Repaired malformed JSON.
[01:56:12 +5m 54s | thequantuminsider_2023_12_01_four_professors_receive_moore_foundation_experimental_physics_awards] Extracting actors: https://thequantuminsider.com/2023/12/01/four-professors-receive-moore-foundation-experimental-physics-awards (1/1), chunk 38/39
[01:56:21 +6m 2s | thequantuminsider_2023_12_01_four_professors_receive_moore_foundation_experimental_physics_awards] Repaired malformed JSON.
[01:56:21 +6m 2s | thequantuminsider_2023_12_01_four_professors_receive_moore_foundation_experimental_physics_awards] Extracting actors: https://thequantuminsider.com/2023/12/01/four-professors-receive-moore-foundation-experimental-physics-awards (1/1), chunk 39/39
[01:56:28 +6m 10s | thequantuminsider_2023_12_01_four_professors_receive_moore_foundation_experimental_physics_awards] Repaired malformed JSON.
[01:56:28 +6m 10s | thequantuminsider_2023_12_01_four_professors_receive_moore_foundation_experimental_physics_awards] Saved 1_actor_results.json with 61 extracted records

[01:56:28 +6m 10s | thequantuminsider_2023_12_01_four_professors_receive_moore_foundation_experimental_physics_awards] === 2 clean actors ===
[01:56:28 +6m 10s | thequantuminsider_2023_12_01_four_professors_receive_moore_foundation_experimental_physics_awards] Loaded 61 extracted records
[01:56:28 +6m 10s | thequantuminsider_2023_12_01_four_professors_receive_moore_foundation_experimental_physics_awards] Saved 2_actor_nodes.json with 21 canonical actor nodes

[01:56:28 +6m 10s | thequantuminsider_2023_12_01_four_professors_receive_moore_foundation_experimental_physics_awards] === 3 interaction extraction ===
[01:56:29 +6m 10s | thequantuminsider_2023_12_01_four_professors_receive_moore_foundation_experimental_physics_awards] Extracting interactions: https://thequantuminsider.com/2023/12/01/four-professors-receive-moore-foundation-experimental-physics-awards (1/1), chunk 11/39
[01:56:35 +6m 16s | thequantuminsider_2023_12_01_four_professors_receive_moore_foundation_experimental_physics_awards] Extracting interactions: https://thequantuminsider.com/2023/12/01/four-professors-receive-moore-foundation-experimental-physics-awards (1/1), chunk 12/39
[01:57:00 +6m 43s | thequantuminsider_2023_12_01_four_professors_receive_moore_foundation_experimental_physics_awards] Extracting interactions: https://thequantuminsider.com/2023/12/01/four-professors-receive-moore-foundation-experimental-physics-awards (1/1), chunk 13/39
[01:57:24 +7m 8s | thequantuminsider_2023_12_01_four_professors_receive_moore_foundation_experimental_physics_awards] Extracting interactions: https://thequantuminsider.com/2023/12/01/four-professors-receive-moore-foundation-experimental-physics-awards (1/1), chunk 14/39
[01:57:36 +7m 20s | thequantuminsider_2023_12_01_four_professors_receive_moore_foundation_experimental_physics_awards] Extracting interactions: https://thequantuminsider.com/2023/12/01/four-professors-receive-moore-foundation-experimental-physics-awards (1/1), chunk 15/39
[01:57:41 +7m 26s | thequantuminsider_2023_12_01_four_professors_receive_moore_foundation_experimental_physics_awards] Extracting interactions: https://thequantuminsider.com/2023/12/01/four-professors-receive-moore-foundation-experimental-physics-awards (1/1), chunk 16/39
[01:57:43 +7m 27s | thequantuminsider_2023_12_01_four_professors_receive_moore_foundation_experimental_physics_awards] Extracting interactions: https://thequantuminsider.com/2023/12/01/four-professors-receive-moore-foundation-experimental-physics-awards (1/1), chunk 17/39
[01:57:54 +7m 38s | thequantuminsider_2023_12_01_four_professors_receive_moore_foundation_experimental_physics_awards] Extracting interactions: https://thequantuminsider.com/2023/12/01/four-professors-receive-moore-foundation-experimental-physics-awards (1/1), chunk 18/39
[01:58:20 +8m 6s | thequantuminsider_2023_12_01_four_professors_receive_moore_foundation_experimental_physics_awards] Extracting interactions: https://thequantuminsider.com/2023/12/01/four-professors-receive-moore-foundation-experimental-physics-awards (1/1), chunk 19/39
[01:58:26 +8m 12s | thequantuminsider_2023_12_01_four_professors_receive_moore_foundation_experimental_physics_awards] Extracting interactions: https://thequantuminsider.com/2023/12/01/four-professors-receive-moore-foundation-experimental-physics-awards (1/1), chunk 20/39
[01:58:28 +8m 14s | thequantuminsider_2023_12_01_four_professors_receive_moore_foundation_experimental_physics_awards] Extracting interactions: https://thequantuminsider.com/2023/12/01/four-professors-receive-moore-foundation-experimental-physics-awards (1/1), chunk 21/39
[01:58:30 +8m 16s | thequantuminsider_2023_12_01_four_professors_receive_moore_foundation_experimental_physics_awards] Extracting interactions: https://thequantuminsider.com/2023/12/01/four-professors-receive-moore-foundation-experimental-physics-awards (1/1), chunk 22/39
[01:58:37 +8m 23s | thequantuminsider_2023_12_01_four_professors_receive_moore_foundation_experimental_physics_awards] Extracting interactions: https://thequantuminsider.com/2023/12/01/four-professors-receive-moore-foundation-experimental-physics-awards (1/1), chunk 23/39
[01:58:46 +8m 33s | thequantuminsider_2023_12_01_four_professors_receive_moore_foundation_experimental_physics_awards] Extracting interactions: https://thequantuminsider.com/2023/12/01/four-professors-receive-moore-foundation-experimental-physics-awards (1/1), chunk 24/39
[01:58:49 +8m 36s | thequantuminsider_2023_12_01_four_professors_receive_moore_foundation_experimental_physics_awards] Extracting interactions: https://thequantuminsider.com/2023/12/01/four-professors-receive-moore-foundation-experimental-physics-awards (1/1), chunk 28/39
[01:58:55 +8m 43s | thequantuminsider_2023_12_01_four_professors_receive_moore_foundation_experimental_physics_awards] Extracting interactions: https://thequantuminsider.com/2023/12/01/four-professors-receive-moore-foundation-experimental-physics-awards (1/1), chunk 29/39
[01:58:57 +8m 44s | thequantuminsider_2023_12_01_four_professors_receive_moore_foundation_experimental_physics_awards] Extracting interactions: https://thequantuminsider.com/2023/12/01/four-professors-receive-moore-foundation-experimental-physics-awards (1/1), chunk 30/39
[01:58:58 +8m 45s | thequantuminsider_2023_12_01_four_professors_receive_moore_foundation_experimental_physics_awards] Extracting interactions: https://thequantuminsider.com/2023/12/01/four-professors-receive-moore-foundation-experimental-physics-awards (1/1), chunk 31/39
[01:59:00 +8m 47s | thequantuminsider_2023_12_01_four_professors_receive_moore_foundation_experimental_physics_awards] Extracting interactions: https://thequantuminsider.com/2023/12/01/four-professors-receive-moore-foundation-experimental-physics-awards (1/1), chunk 32/39
[01:59:02 +8m 49s | thequantuminsider_2023_12_01_four_professors_receive_moore_foundation_experimental_physics_awards] Extracting interactions: https://thequantuminsider.com/2023/12/01/four-professors-receive-moore-foundation-experimental-physics-awards (1/1), chunk 33/39
[01:59:04 +8m 51s | thequantuminsider_2023_12_01_four_professors_receive_moore_foundation_experimental_physics_awards] Extracting interactions: https://thequantuminsider.com/2023/12/01/four-professors-receive-moore-foundation-experimental-physics-awards (1/1), chunk 34/39
[01:59:14 +9m 2s | thequantuminsider_2023_12_01_four_professors_receive_moore_foundation_experimental_physics_awards] Extracting interactions: https://thequantuminsider.com/2023/12/01/four-professors-receive-moore-foundation-experimental-physics-awards (1/1), chunk 35/39
[01:59:15 +9m 4s | thequantuminsider_2023_12_01_four_professors_receive_moore_foundation_experimental_physics_awards] Extracting interactions: https://thequantuminsider.com/2023/12/01/four-professors-receive-moore-foundation-experimental-physics-awards (1/1), chunk 37/39
[01:59:17 +9m 6s | thequantuminsider_2023_12_01_four_professors_receive_moore_foundation_experimental_physics_awards] Extracting interactions: https://thequantuminsider.com/2023/12/01/four-professors-receive-moore-foundation-experimental-physics-awards (1/1), chunk 38/39
[02:00:01 +9m 50s | thequantuminsider_2023_12_01_four_professors_receive_moore_foundation_experimental_physics_awards] Extracting interactions: https://thequantuminsider.com/2023/12/01/four-professors-receive-moore-foundation-experimental-physics-awards (1/1), chunk 39/39
[02:00:03 +9m 52s | thequantuminsider_2023_12_01_four_professors_receive_moore_foundation_experimental_physics_awards] Saved 3_interaction_results.json with 29 extracted interactions.

[02:00:03 +9m 52s | thequantuminsider_2023_12_01_four_professors_receive_moore_foundation_experimental_physics_awards] === 4 clean interactions ===
[02:00:03 +9m 52s | thequantuminsider_2023_12_01_four_professors_receive_moore_foundation_experimental_physics_awards] Saved 4_edges.json with 0 cleaned interactions.

[02:00:03 +9m 52s | thequantuminsider_2023_12_01_four_professors_receive_moore_foundation_experimental_physics_awards] === 5 helix enrichment ===
[02:00:03 +9m 52s | thequantuminsider_2023_12_01_four_professors_receive_moore_foundation_experimental_physics_awards] Wrote 5_nodes.json (21 actors)
[02:00:03 +9m 52s | thequantuminsider_2023_12_01_four_professors_receive_moore_foundation_experimental_physics_awards] Wrote 5_edges.json (0 interactions)
[02:00:03 +9m 52s | thequantuminsider_2023_12_01_four_professors_receive_moore_foundation_experimental_physics_awards] Actor helix counts: {'Academia': 3, 'Civil Society': 5, 'Government': 1, 'Industry': 1, 'Intermediary': 1, 'Unknown': 10}
[02:00:03 +9m 52s | thequantuminsider_2023_12_01_four_professors_receive_moore_foundation_experimental_physics_awards] Functional-space counts: {}

[02:00:03 +9m 52s | thequantuminsider_2023_12_01_four_professors_receive_moore_foundation_experimental_physics_awards] === 6 network visualisation ===
[02:00:03 +9m 53s | thequantuminsider_2023_12_01_four_professors_receive_moore_foundation_experimental_physics_awards] Wrote quantum_network.html
[02:00:03 +9m 53s | thequantuminsider_2023_12_01_four_professors_receive_moore_foundation_experimental_physics_awards] Nodes: 21
[02:00:03 +9m 53s | thequantuminsider_2023_12_01_four_professors_receive_moore_foundation_experimental_physics_awards] Edges: 0

[02:00:03 +9m 53s | thequantuminsider_2023_12_01_four_professors_receive_moore_foundation_experimental_physics_awards] Done. Outputs written to: /home/lv/IDP/idpdeeptech/pipeline/news_outputs/thequantuminsider_2023_12_01_four_professors_receive_moore_foundation_experimental_physics_awards
[02:00:03 +9m 53s | thequantuminsider_2023_12_01_four_professors_receive_moore_foundation_experimental_physics_awards] Log: /home/lv/IDP/idpdeeptech/pipeline/news_outputs/thequantuminsider_2023_12_01_four_professors_receive_moore_foundation_experimental_physics_awards/run.log

========================================================================
RUN FINISHED 2026-07-05 02:00:03  (OK)
Started:     2026-07-05 01:50:31
Elapsed:     9m 53s
========================================================================
