
========================================================================
RUN STARTED  2026-07-04 22:34:00
site_pipeline.py https://thequantuminsider.com/2024/01/08/the-future-of-quantum-computing-in-environmental-and-health-sciences/
========================================================================

[22:34:00 +0s | thequantuminsider_2024_01_08_the_future_of_quantum_computing_in_environmental_and_health_sciences] === 0 crawl site ===
[22:34:02 +1s | thequantuminsider_2024_01_08_the_future_of_quantum_computing_in_environmental_and_health_sciences] [INIT].... → Crawl4AI 0.8.6 
[22:34:04 +4s | thequantuminsider_2024_01_08_the_future_of_quantum_computing_in_environmental_and_health_sciences] [FETCH]... ↓ https://thequantuminsider.com/2024/01/08/the-fut...-computing-in-environmental-and-health-sciences/  | ✓ | ⏱: 2.82s 
[22:34:05 +4s | thequantuminsider_2024_01_08_the_future_of_quantum_computing_in_environmental_and_health_sciences] [SCRAPE].. ◆ https://thequantuminsider.com/2024/01/08/the-fut...-computing-in-environmental-and-health-sciences/  | ✓ | ⏱: 0.14s 
[22:34:05 +4s | thequantuminsider_2024_01_08_the_future_of_quantum_computing_in_environmental_and_health_sciences] [COMPLETE] ● https://thequantuminsider.com/2024/01/08/the-fut...-computing-in-environmental-and-health-sciences/  | ✓ | ⏱: 2.98s 
[22:34:05 +4s | thequantuminsider_2024_01_08_the_future_of_quantum_computing_in_environmental_and_health_sciences] Saved: crawl_output/8b1f0a172a_thequantuminsider.com_2024_01_08_the-future-of-quantum-computing-in-environmental-and-health-sciences.json

[22:34:05 +5s | thequantuminsider_2024_01_08_the_future_of_quantum_computing_in_environmental_and_health_sciences] === 1 actor extraction ===
[22:34:05 +5s | thequantuminsider_2024_01_08_the_future_of_quantum_computing_in_environmental_and_health_sciences] Reading page (1/1): https://thequantuminsider.com/2024/01/08/the-future-of-quantum-computing-in-environmental-and-health-sciences
[22:34:05 +5s | thequantuminsider_2024_01_08_the_future_of_quantum_computing_in_environmental_and_health_sciences] Extracting actors: https://thequantuminsider.com/2024/01/08/the-future-of-quantum-computing-in-environmental-and-health-sciences (1/1), chunk 1/38
[22:34:11 +11s | thequantuminsider_2024_01_08_the_future_of_quantum_computing_in_environmental_and_health_sciences] Extracting actors: https://thequantuminsider.com/2024/01/08/the-future-of-quantum-computing-in-environmental-and-health-sciences (1/1), chunk 2/38
[22:34:16 +15s | thequantuminsider_2024_01_08_the_future_of_quantum_computing_in_environmental_and_health_sciences] Extracting actors: https://thequantuminsider.com/2024/01/08/the-future-of-quantum-computing-in-environmental-and-health-sciences (1/1), chunk 3/38
[22:34:20 +20s | thequantuminsider_2024_01_08_the_future_of_quantum_computing_in_environmental_and_health_sciences] Extracting actors: https://thequantuminsider.com/2024/01/08/the-future-of-quantum-computing-in-environmental-and-health-sciences (1/1), chunk 4/38
[22:34:26 +26s | thequantuminsider_2024_01_08_the_future_of_quantum_computing_in_environmental_and_health_sciences] Extracting actors: https://thequantuminsider.com/2024/01/08/the-future-of-quantum-computing-in-environmental-and-health-sciences (1/1), chunk 5/38
[22:34:31 +31s | thequantuminsider_2024_01_08_the_future_of_quantum_computing_in_environmental_and_health_sciences] Extracting actors: https://thequantuminsider.com/2024/01/08/the-future-of-quantum-computing-in-environmental-and-health-sciences (1/1), chunk 6/38
[22:34:38 +37s | thequantuminsider_2024_01_08_the_future_of_quantum_computing_in_environmental_and_health_sciences] Extracting actors: https://thequantuminsider.com/2024/01/08/the-future-of-quantum-computing-in-environmental-and-health-sciences (1/1), chunk 7/38
[22:35:03 +1m 3s | thequantuminsider_2024_01_08_the_future_of_quantum_computing_in_environmental_and_health_sciences] Extracting actors: https://thequantuminsider.com/2024/01/08/the-future-of-quantum-computing-in-environmental-and-health-sciences (1/1), chunk 8/38
[22:35:09 +1m 9s | thequantuminsider_2024_01_08_the_future_of_quantum_computing_in_environmental_and_health_sciences] Extracting actors: https://thequantuminsider.com/2024/01/08/the-future-of-quantum-computing-in-environmental-and-health-sciences (1/1), chunk 9/38
[22:35:14 +1m 14s | thequantuminsider_2024_01_08_the_future_of_quantum_computing_in_environmental_and_health_sciences] Extracting actors: https://thequantuminsider.com/2024/01/08/the-future-of-quantum-computing-in-environmental-and-health-sciences (1/1), chunk 10/38
[22:35:21 +1m 20s | thequantuminsider_2024_01_08_the_future_of_quantum_computing_in_environmental_and_health_sciences] Extracting actors: https://thequantuminsider.com/2024/01/08/the-future-of-quantum-computing-in-environmental-and-health-sciences (1/1), chunk 11/38
[22:35:27 +1m 26s | thequantuminsider_2024_01_08_the_future_of_quantum_computing_in_environmental_and_health_sciences] Repaired malformed JSON.
[22:35:27 +1m 26s | thequantuminsider_2024_01_08_the_future_of_quantum_computing_in_environmental_and_health_sciences] Extracting actors: https://thequantuminsider.com/2024/01/08/the-future-of-quantum-computing-in-environmental-and-health-sciences (1/1), chunk 12/38
[22:35:53 +1m 53s | thequantuminsider_2024_01_08_the_future_of_quantum_computing_in_environmental_and_health_sciences] Repaired malformed JSON.
[22:35:53 +1m 53s | thequantuminsider_2024_01_08_the_future_of_quantum_computing_in_environmental_and_health_sciences] Extracting actors: https://thequantuminsider.com/2024/01/08/the-future-of-quantum-computing-in-environmental-and-health-sciences (1/1), chunk 13/38
[22:36:00 +2m 0s | thequantuminsider_2024_01_08_the_future_of_quantum_computing_in_environmental_and_health_sciences] Repaired malformed JSON.
[22:36:00 +2m 0s | thequantuminsider_2024_01_08_the_future_of_quantum_computing_in_environmental_and_health_sciences] Extracting actors: https://thequantuminsider.com/2024/01/08/the-future-of-quantum-computing-in-environmental-and-health-sciences (1/1), chunk 14/38
[22:36:09 +2m 9s | thequantuminsider_2024_01_08_the_future_of_quantum_computing_in_environmental_and_health_sciences] Repaired malformed JSON.
[22:36:09 +2m 9s | thequantuminsider_2024_01_08_the_future_of_quantum_computing_in_environmental_and_health_sciences] Extracting actors: https://thequantuminsider.com/2024/01/08/the-future-of-quantum-computing-in-environmental-and-health-sciences (1/1), chunk 15/38
[22:36:16 +2m 16s | thequantuminsider_2024_01_08_the_future_of_quantum_computing_in_environmental_and_health_sciences] Repaired malformed JSON.
[22:36:16 +2m 16s | thequantuminsider_2024_01_08_the_future_of_quantum_computing_in_environmental_and_health_sciences] Extracting actors: https://thequantuminsider.com/2024/01/08/the-future-of-quantum-computing-in-environmental-and-health-sciences (1/1), chunk 16/38
[22:36:24 +2m 23s | thequantuminsider_2024_01_08_the_future_of_quantum_computing_in_environmental_and_health_sciences] Repaired malformed JSON.
[22:36:24 +2m 23s | thequantuminsider_2024_01_08_the_future_of_quantum_computing_in_environmental_and_health_sciences] Extracting actors: https://thequantuminsider.com/2024/01/08/the-future-of-quantum-computing-in-environmental-and-health-sciences (1/1), chunk 17/38
[22:36:30 +2m 30s | thequantuminsider_2024_01_08_the_future_of_quantum_computing_in_environmental_and_health_sciences] Repaired malformed JSON.
[22:36:30 +2m 30s | thequantuminsider_2024_01_08_the_future_of_quantum_computing_in_environmental_and_health_sciences] Extracting actors: https://thequantuminsider.com/2024/01/08/the-future-of-quantum-computing-in-environmental-and-health-sciences (1/1), chunk 18/38
[22:36:41 +2m 41s | thequantuminsider_2024_01_08_the_future_of_quantum_computing_in_environmental_and_health_sciences] Repaired malformed JSON.
[22:36:41 +2m 41s | thequantuminsider_2024_01_08_the_future_of_quantum_computing_in_environmental_and_health_sciences] Extracting actors: https://thequantuminsider.com/2024/01/08/the-future-of-quantum-computing-in-environmental-and-health-sciences (1/1), chunk 19/38
[22:36:50 +2m 50s | thequantuminsider_2024_01_08_the_future_of_quantum_computing_in_environmental_and_health_sciences] Repaired malformed JSON.
[22:36:50 +2m 50s | thequantuminsider_2024_01_08_the_future_of_quantum_computing_in_environmental_and_health_sciences] Extracting actors: https://thequantuminsider.com/2024/01/08/the-future-of-quantum-computing-in-environmental-and-health-sciences (1/1), chunk 20/38
[22:36:57 +2m 57s | thequantuminsider_2024_01_08_the_future_of_quantum_computing_in_environmental_and_health_sciences] Repaired malformed JSON.
[22:36:57 +2m 57s | thequantuminsider_2024_01_08_the_future_of_quantum_computing_in_environmental_and_health_sciences] Extracting actors: https://thequantuminsider.com/2024/01/08/the-future-of-quantum-computing-in-environmental-and-health-sciences (1/1), chunk 21/38
[22:37:05 +3m 5s | thequantuminsider_2024_01_08_the_future_of_quantum_computing_in_environmental_and_health_sciences] Repaired malformed JSON.
[22:37:05 +3m 5s | thequantuminsider_2024_01_08_the_future_of_quantum_computing_in_environmental_and_health_sciences] Extracting actors: https://thequantuminsider.com/2024/01/08/the-future-of-quantum-computing-in-environmental-and-health-sciences (1/1), chunk 22/38
[22:37:15 +3m 14s | thequantuminsider_2024_01_08_the_future_of_quantum_computing_in_environmental_and_health_sciences] Repaired malformed JSON.
[22:37:15 +3m 14s | thequantuminsider_2024_01_08_the_future_of_quantum_computing_in_environmental_and_health_sciences] Extracting actors: https://thequantuminsider.com/2024/01/08/the-future-of-quantum-computing-in-environmental-and-health-sciences (1/1), chunk 23/38
[22:37:58 +3m 57s | thequantuminsider_2024_01_08_the_future_of_quantum_computing_in_environmental_and_health_sciences] Repaired malformed JSON.
[22:37:58 +3m 57s | thequantuminsider_2024_01_08_the_future_of_quantum_computing_in_environmental_and_health_sciences] Extracting actors: https://thequantuminsider.com/2024/01/08/the-future-of-quantum-computing-in-environmental-and-health-sciences (1/1), chunk 24/38
[22:38:23 +4m 22s | thequantuminsider_2024_01_08_the_future_of_quantum_computing_in_environmental_and_health_sciences] Repaired malformed JSON.
[22:38:23 +4m 22s | thequantuminsider_2024_01_08_the_future_of_quantum_computing_in_environmental_and_health_sciences] Extracting actors: https://thequantuminsider.com/2024/01/08/the-future-of-quantum-computing-in-environmental-and-health-sciences (1/1), chunk 25/38
[22:38:31 +4m 31s | thequantuminsider_2024_01_08_the_future_of_quantum_computing_in_environmental_and_health_sciences] Repaired malformed JSON.
[22:38:31 +4m 31s | thequantuminsider_2024_01_08_the_future_of_quantum_computing_in_environmental_and_health_sciences] Extracting actors: https://thequantuminsider.com/2024/01/08/the-future-of-quantum-computing-in-environmental-and-health-sciences (1/1), chunk 26/38
[22:38:40 +4m 40s | thequantuminsider_2024_01_08_the_future_of_quantum_computing_in_environmental_and_health_sciences] Repaired malformed JSON.
[22:38:40 +4m 40s | thequantuminsider_2024_01_08_the_future_of_quantum_computing_in_environmental_and_health_sciences] Extracting actors: https://thequantuminsider.com/2024/01/08/the-future-of-quantum-computing-in-environmental-and-health-sciences (1/1), chunk 27/38
[22:38:44 +4m 44s | thequantuminsider_2024_01_08_the_future_of_quantum_computing_in_environmental_and_health_sciences] Extracting actors: https://thequantuminsider.com/2024/01/08/the-future-of-quantum-computing-in-environmental-and-health-sciences (1/1), chunk 28/38
[22:38:49 +4m 49s | thequantuminsider_2024_01_08_the_future_of_quantum_computing_in_environmental_and_health_sciences] Extracting actors: https://thequantuminsider.com/2024/01/08/the-future-of-quantum-computing-in-environmental-and-health-sciences (1/1), chunk 29/38
[22:38:53 +4m 53s | thequantuminsider_2024_01_08_the_future_of_quantum_computing_in_environmental_and_health_sciences] Extracting actors: https://thequantuminsider.com/2024/01/08/the-future-of-quantum-computing-in-environmental-and-health-sciences (1/1), chunk 30/38
[22:39:00 +5m 0s | thequantuminsider_2024_01_08_the_future_of_quantum_computing_in_environmental_and_health_sciences] Repaired malformed JSON.
[22:39:00 +5m 0s | thequantuminsider_2024_01_08_the_future_of_quantum_computing_in_environmental_and_health_sciences] Extracting actors: https://thequantuminsider.com/2024/01/08/the-future-of-quantum-computing-in-environmental-and-health-sciences (1/1), chunk 31/38
[22:39:09 +5m 9s | thequantuminsider_2024_01_08_the_future_of_quantum_computing_in_environmental_and_health_sciences] Repaired malformed JSON.
[22:39:09 +5m 9s | thequantuminsider_2024_01_08_the_future_of_quantum_computing_in_environmental_and_health_sciences] Extracting actors: https://thequantuminsider.com/2024/01/08/the-future-of-quantum-computing-in-environmental-and-health-sciences (1/1), chunk 32/38
[22:39:17 +5m 17s | thequantuminsider_2024_01_08_the_future_of_quantum_computing_in_environmental_and_health_sciences] Repaired malformed JSON.
[22:39:17 +5m 17s | thequantuminsider_2024_01_08_the_future_of_quantum_computing_in_environmental_and_health_sciences] Extracting actors: https://thequantuminsider.com/2024/01/08/the-future-of-quantum-computing-in-environmental-and-health-sciences (1/1), chunk 33/38
[22:39:27 +5m 27s | thequantuminsider_2024_01_08_the_future_of_quantum_computing_in_environmental_and_health_sciences] Repaired malformed JSON.
[22:39:27 +5m 27s | thequantuminsider_2024_01_08_the_future_of_quantum_computing_in_environmental_and_health_sciences] Extracting actors: https://thequantuminsider.com/2024/01/08/the-future-of-quantum-computing-in-environmental-and-health-sciences (1/1), chunk 34/38
[22:39:35 +5m 35s | thequantuminsider_2024_01_08_the_future_of_quantum_computing_in_environmental_and_health_sciences] Repaired malformed JSON.
[22:39:35 +5m 35s | thequantuminsider_2024_01_08_the_future_of_quantum_computing_in_environmental_and_health_sciences] Extracting actors: https://thequantuminsider.com/2024/01/08/the-future-of-quantum-computing-in-environmental-and-health-sciences (1/1), chunk 35/38
[22:39:46 +5m 46s | thequantuminsider_2024_01_08_the_future_of_quantum_computing_in_environmental_and_health_sciences] Repaired malformed JSON.
[22:39:46 +5m 46s | thequantuminsider_2024_01_08_the_future_of_quantum_computing_in_environmental_and_health_sciences] Extracting actors: https://thequantuminsider.com/2024/01/08/the-future-of-quantum-computing-in-environmental-and-health-sciences (1/1), chunk 36/38
[22:39:54 +5m 54s | thequantuminsider_2024_01_08_the_future_of_quantum_computing_in_environmental_and_health_sciences] Repaired malformed JSON.
[22:39:54 +5m 54s | thequantuminsider_2024_01_08_the_future_of_quantum_computing_in_environmental_and_health_sciences] Extracting actors: https://thequantuminsider.com/2024/01/08/the-future-of-quantum-computing-in-environmental-and-health-sciences (1/1), chunk 37/38
[22:40:02 +6m 2s | thequantuminsider_2024_01_08_the_future_of_quantum_computing_in_environmental_and_health_sciences] Repaired malformed JSON.
[22:40:02 +6m 2s | thequantuminsider_2024_01_08_the_future_of_quantum_computing_in_environmental_and_health_sciences] Extracting actors: https://thequantuminsider.com/2024/01/08/the-future-of-quantum-computing-in-environmental-and-health-sciences (1/1), chunk 38/38
[22:40:10 +6m 10s | thequantuminsider_2024_01_08_the_future_of_quantum_computing_in_environmental_and_health_sciences] Repaired malformed JSON.
[22:40:10 +6m 10s | thequantuminsider_2024_01_08_the_future_of_quantum_computing_in_environmental_and_health_sciences] Saved 1_actor_results.json with 60 extracted records

[22:40:10 +6m 10s | thequantuminsider_2024_01_08_the_future_of_quantum_computing_in_environmental_and_health_sciences] === 2 clean actors ===
[22:40:10 +6m 10s | thequantuminsider_2024_01_08_the_future_of_quantum_computing_in_environmental_and_health_sciences] Traceback (most recent call last):
[22:40:10 +6m 10s | thequantuminsider_2024_01_08_the_future_of_quantum_computing_in_environmental_and_health_sciences]   File "/home/lv/IDP/idpdeeptech/pipeline/clean_actors.py", line 429, in <module>
[22:40:10 +6m 10s | thequantuminsider_2024_01_08_the_future_of_quantum_computing_in_environmental_and_health_sciences]     main()
[22:40:10 +6m 10s | thequantuminsider_2024_01_08_the_future_of_quantum_computing_in_environmental_and_health_sciences]   File "/home/lv/IDP/idpdeeptech/pipeline/clean_actors.py", line 416, in main
[22:40:10 +6m 10s | thequantuminsider_2024_01_08_the_future_of_quantum_computing_in_environmental_and_health_sciences]     records = json.loads(INPUT_JSON.read_text(encoding="utf-8"))
[22:40:10 +6m 10s | thequantuminsider_2024_01_08_the_future_of_quantum_computing_in_environmental_and_health_sciences]   File "/usr/lib/python3.10/pathlib.py", line 1134, in read_text
[22:40:10 +6m 10s | thequantuminsider_2024_01_08_the_future_of_quantum_computing_in_environmental_and_health_sciences]     with self.open(mode='r', encoding=encoding, errors=errors) as f:
[22:40:10 +6m 10s | thequantuminsider_2024_01_08_the_future_of_quantum_computing_in_environmental_and_health_sciences]   File "/usr/lib/python3.10/pathlib.py", line 1119, in open
[22:40:10 +6m 10s | thequantuminsider_2024_01_08_the_future_of_quantum_computing_in_environmental_and_health_sciences]     return self._accessor.open(self, mode, buffering, encoding, errors,
[22:40:10 +6m 10s | thequantuminsider_2024_01_08_the_future_of_quantum_computing_in_environmental_and_health_sciences] FileNotFoundError: [Errno 2] No such file or directory: 'site_outputs/psiquantum_com/1_actor_results_pdf.json'

========================================================================
RUN FINISHED 2026-07-04 22:40:10  (FAILED)
Started:     2026-07-04 22:34:00
Elapsed:     6m 10s
========================================================================

========================================================================
RUN STARTED  2026-07-04 23:48:31
site_pipeline.py https://thequantuminsider.com/2024/01/08/the-future-of-quantum-computing-in-environmental-and-health-sciences/
========================================================================

[23:48:31 +0s | thequantuminsider_2024_01_08_the_future_of_quantum_computing_in_environmental_and_health_sciences] === 0 crawl site (skipped via auto (actor data already exists; pass --force to re-crawl), reusing /home/lv/IDP/idpdeeptech/pipeline/news_outputs/thequantuminsider_2024_01_08_the_future_of_quantum_computing_in_environmental_and_health_sciences/crawl_output) ===

[23:48:31 +0s | thequantuminsider_2024_01_08_the_future_of_quantum_computing_in_environmental_and_health_sciences] === 1 actor extraction ===
[23:48:32 +0s | thequantuminsider_2024_01_08_the_future_of_quantum_computing_in_environmental_and_health_sciences] Auto-resume: 1 (url, ordinal) pairs already done, skipping them.
[23:48:32 +0s | thequantuminsider_2024_01_08_the_future_of_quantum_computing_in_environmental_and_health_sciences] All 1 pages/URLs already processed (per 1_actor_results.progress.json). Nothing to do.
[23:48:32 +0s | thequantuminsider_2024_01_08_the_future_of_quantum_computing_in_environmental_and_health_sciences] Delete the progress sidecar to force a full re-run, or pass --start-page N.

[23:48:32 +0s | thequantuminsider_2024_01_08_the_future_of_quantum_computing_in_environmental_and_health_sciences] === 2 clean actors ===
[23:48:32 +1s | thequantuminsider_2024_01_08_the_future_of_quantum_computing_in_environmental_and_health_sciences] Loaded 60 extracted records
[23:48:32 +1s | thequantuminsider_2024_01_08_the_future_of_quantum_computing_in_environmental_and_health_sciences] Saved 2_actor_nodes.json with 25 canonical actor nodes

[23:48:32 +1s | thequantuminsider_2024_01_08_the_future_of_quantum_computing_in_environmental_and_health_sciences] === 3 interaction extraction ===
[23:48:32 +1s | thequantuminsider_2024_01_08_the_future_of_quantum_computing_in_environmental_and_health_sciences] Extracting interactions: https://thequantuminsider.com/2024/01/08/the-future-of-quantum-computing-in-environmental-and-health-sciences (1/1), chunk 11/38
[23:48:42 +11s | thequantuminsider_2024_01_08_the_future_of_quantum_computing_in_environmental_and_health_sciences] Extracting interactions: https://thequantuminsider.com/2024/01/08/the-future-of-quantum-computing-in-environmental-and-health-sciences (1/1), chunk 12/38
[23:49:01 +29s | thequantuminsider_2024_01_08_the_future_of_quantum_computing_in_environmental_and_health_sciences] Extracting interactions: https://thequantuminsider.com/2024/01/08/the-future-of-quantum-computing-in-environmental-and-health-sciences (1/1), chunk 13/38
[23:49:38 +1m 7s | thequantuminsider_2024_01_08_the_future_of_quantum_computing_in_environmental_and_health_sciences] Extracting interactions: https://thequantuminsider.com/2024/01/08/the-future-of-quantum-computing-in-environmental-and-health-sciences (1/1), chunk 14/38
[23:49:49 +1m 18s | thequantuminsider_2024_01_08_the_future_of_quantum_computing_in_environmental_and_health_sciences] Extracting interactions: https://thequantuminsider.com/2024/01/08/the-future-of-quantum-computing-in-environmental-and-health-sciences (1/1), chunk 15/38
[23:49:54 +1m 23s | thequantuminsider_2024_01_08_the_future_of_quantum_computing_in_environmental_and_health_sciences] Extracting interactions: https://thequantuminsider.com/2024/01/08/the-future-of-quantum-computing-in-environmental-and-health-sciences (1/1), chunk 16/38
[23:49:59 +1m 28s | thequantuminsider_2024_01_08_the_future_of_quantum_computing_in_environmental_and_health_sciences] Extracting interactions: https://thequantuminsider.com/2024/01/08/the-future-of-quantum-computing-in-environmental-and-health-sciences (1/1), chunk 17/38
[23:50:06 +1m 35s | thequantuminsider_2024_01_08_the_future_of_quantum_computing_in_environmental_and_health_sciences] Extracting interactions: https://thequantuminsider.com/2024/01/08/the-future-of-quantum-computing-in-environmental-and-health-sciences (1/1), chunk 18/38
[23:50:15 +1m 44s | thequantuminsider_2024_01_08_the_future_of_quantum_computing_in_environmental_and_health_sciences] Extracting interactions: https://thequantuminsider.com/2024/01/08/the-future-of-quantum-computing-in-environmental-and-health-sciences (1/1), chunk 19/38
[23:50:18 +1m 47s | thequantuminsider_2024_01_08_the_future_of_quantum_computing_in_environmental_and_health_sciences] Extracting interactions: https://thequantuminsider.com/2024/01/08/the-future-of-quantum-computing-in-environmental-and-health-sciences (1/1), chunk 20/38
[23:50:20 +1m 49s | thequantuminsider_2024_01_08_the_future_of_quantum_computing_in_environmental_and_health_sciences] Extracting interactions: https://thequantuminsider.com/2024/01/08/the-future-of-quantum-computing-in-environmental-and-health-sciences (1/1), chunk 21/38
[23:50:21 +1m 50s | thequantuminsider_2024_01_08_the_future_of_quantum_computing_in_environmental_and_health_sciences] Extracting interactions: https://thequantuminsider.com/2024/01/08/the-future-of-quantum-computing-in-environmental-and-health-sciences (1/1), chunk 22/38
[23:50:46 +2m 15s | thequantuminsider_2024_01_08_the_future_of_quantum_computing_in_environmental_and_health_sciences] Extracting interactions: https://thequantuminsider.com/2024/01/08/the-future-of-quantum-computing-in-environmental-and-health-sciences (1/1), chunk 23/38
[23:50:51 +2m 20s | thequantuminsider_2024_01_08_the_future_of_quantum_computing_in_environmental_and_health_sciences] Extracting interactions: https://thequantuminsider.com/2024/01/08/the-future-of-quantum-computing-in-environmental-and-health-sciences (1/1), chunk 25/38
[23:50:53 +2m 22s | thequantuminsider_2024_01_08_the_future_of_quantum_computing_in_environmental_and_health_sciences] Extracting interactions: https://thequantuminsider.com/2024/01/08/the-future-of-quantum-computing-in-environmental-and-health-sciences (1/1), chunk 27/38
[23:50:59 +2m 28s | thequantuminsider_2024_01_08_the_future_of_quantum_computing_in_environmental_and_health_sciences] Extracting interactions: https://thequantuminsider.com/2024/01/08/the-future-of-quantum-computing-in-environmental-and-health-sciences (1/1), chunk 28/38
[23:51:04 +2m 33s | thequantuminsider_2024_01_08_the_future_of_quantum_computing_in_environmental_and_health_sciences] Extracting interactions: https://thequantuminsider.com/2024/01/08/the-future-of-quantum-computing-in-environmental-and-health-sciences (1/1), chunk 29/38
[23:51:06 +2m 35s | thequantuminsider_2024_01_08_the_future_of_quantum_computing_in_environmental_and_health_sciences] Extracting interactions: https://thequantuminsider.com/2024/01/08/the-future-of-quantum-computing-in-environmental-and-health-sciences (1/1), chunk 31/38
[23:51:44 +3m 13s | thequantuminsider_2024_01_08_the_future_of_quantum_computing_in_environmental_and_health_sciences] Extracting interactions: https://thequantuminsider.com/2024/01/08/the-future-of-quantum-computing-in-environmental-and-health-sciences (1/1), chunk 32/38
[23:51:46 +3m 15s | thequantuminsider_2024_01_08_the_future_of_quantum_computing_in_environmental_and_health_sciences] Extracting interactions: https://thequantuminsider.com/2024/01/08/the-future-of-quantum-computing-in-environmental-and-health-sciences (1/1), chunk 33/38
[23:51:48 +3m 17s | thequantuminsider_2024_01_08_the_future_of_quantum_computing_in_environmental_and_health_sciences] Extracting interactions: https://thequantuminsider.com/2024/01/08/the-future-of-quantum-computing-in-environmental-and-health-sciences (1/1), chunk 34/38
[23:51:50 +3m 19s | thequantuminsider_2024_01_08_the_future_of_quantum_computing_in_environmental_and_health_sciences] Extracting interactions: https://thequantuminsider.com/2024/01/08/the-future-of-quantum-computing-in-environmental-and-health-sciences (1/1), chunk 35/38
[23:51:51 +3m 20s | thequantuminsider_2024_01_08_the_future_of_quantum_computing_in_environmental_and_health_sciences] Extracting interactions: https://thequantuminsider.com/2024/01/08/the-future-of-quantum-computing-in-environmental-and-health-sciences (1/1), chunk 36/38
[23:51:56 +3m 25s | thequantuminsider_2024_01_08_the_future_of_quantum_computing_in_environmental_and_health_sciences] Extracting interactions: https://thequantuminsider.com/2024/01/08/the-future-of-quantum-computing-in-environmental-and-health-sciences (1/1), chunk 37/38
[23:51:58 +3m 27s | thequantuminsider_2024_01_08_the_future_of_quantum_computing_in_environmental_and_health_sciences] Extracting interactions: https://thequantuminsider.com/2024/01/08/the-future-of-quantum-computing-in-environmental-and-health-sciences (1/1), chunk 38/38
[23:52:00 +3m 29s | thequantuminsider_2024_01_08_the_future_of_quantum_computing_in_environmental_and_health_sciences] Saved 3_interaction_results.json with 28 extracted interactions.

[23:52:00 +3m 29s | thequantuminsider_2024_01_08_the_future_of_quantum_computing_in_environmental_and_health_sciences] === 4 clean interactions ===
[23:52:00 +3m 29s | thequantuminsider_2024_01_08_the_future_of_quantum_computing_in_environmental_and_health_sciences] Saved 4_edges.json with 1 cleaned interactions.

[23:52:00 +3m 29s | thequantuminsider_2024_01_08_the_future_of_quantum_computing_in_environmental_and_health_sciences] === 5 helix enrichment ===
[23:52:00 +3m 29s | thequantuminsider_2024_01_08_the_future_of_quantum_computing_in_environmental_and_health_sciences] Wrote 5_nodes.json (25 actors)
[23:52:00 +3m 29s | thequantuminsider_2024_01_08_the_future_of_quantum_computing_in_environmental_and_health_sciences] Wrote 5_edges.json (1 interactions)
[23:52:00 +3m 29s | thequantuminsider_2024_01_08_the_future_of_quantum_computing_in_environmental_and_health_sciences] Actor helix counts: {'Academia': 3, 'Civil Society': 3, 'Industry': 4, 'Intermediary': 1, 'Unknown': 14}
[23:52:00 +3m 29s | thequantuminsider_2024_01_08_the_future_of_quantum_computing_in_environmental_and_health_sciences] Functional-space counts: {'Intra-helix / Not classified': 1}

[23:52:00 +3m 29s | thequantuminsider_2024_01_08_the_future_of_quantum_computing_in_environmental_and_health_sciences] === 6 network visualisation ===
[23:52:00 +3m 29s | thequantuminsider_2024_01_08_the_future_of_quantum_computing_in_environmental_and_health_sciences] Wrote quantum_network.html
[23:52:00 +3m 29s | thequantuminsider_2024_01_08_the_future_of_quantum_computing_in_environmental_and_health_sciences] Nodes: 25
[23:52:00 +3m 29s | thequantuminsider_2024_01_08_the_future_of_quantum_computing_in_environmental_and_health_sciences] Edges: 1

[23:52:00 +3m 29s | thequantuminsider_2024_01_08_the_future_of_quantum_computing_in_environmental_and_health_sciences] Done. Outputs written to: /home/lv/IDP/idpdeeptech/pipeline/news_outputs/thequantuminsider_2024_01_08_the_future_of_quantum_computing_in_environmental_and_health_sciences
[23:52:00 +3m 29s | thequantuminsider_2024_01_08_the_future_of_quantum_computing_in_environmental_and_health_sciences] Log: /home/lv/IDP/idpdeeptech/pipeline/news_outputs/thequantuminsider_2024_01_08_the_future_of_quantum_computing_in_environmental_and_health_sciences/run.log

========================================================================
RUN FINISHED 2026-07-04 23:52:00  (OK)
Started:     2026-07-04 23:48:31
Elapsed:     3m 29s
========================================================================
