
========================================================================
RUN STARTED  2026-07-04 23:37:41
site_pipeline.py https://thequantuminsider.com/2023/12/18/apso-quantum-souths-air-cargo-optimization-tool-now-accessible-on-iatas-open-api-hub/
========================================================================

[23:37:41 +0s | thequantuminsider_2023_12_18_apso_quantum_souths_air_cargo_optimization_tool_now_accessib_f5e7aef0] === 0 crawl site ===

========================================================================
RUN FINISHED 2026-07-04 23:37:42  (INTERRUPTED)
Started:     2026-07-04 23:37:41
Elapsed:     2s
========================================================================

========================================================================
RUN STARTED  2026-07-05 00:20:53
site_pipeline.py https://thequantuminsider.com/2023/12/18/apso-quantum-souths-air-cargo-optimization-tool-now-accessible-on-iatas-open-api-hub/
========================================================================

[00:20:53 +0s | thequantuminsider_2023_12_18_apso_quantum_souths_air_cargo_optimization_tool_now_accessib_f5e7aef0] === 0 crawl site ===
[00:20:54 +1s | thequantuminsider_2023_12_18_apso_quantum_souths_air_cargo_optimization_tool_now_accessib_f5e7aef0] Cleared existing crawl_output/
[00:20:55 +2s | thequantuminsider_2023_12_18_apso_quantum_souths_air_cargo_optimization_tool_now_accessib_f5e7aef0] [INIT].... → Crawl4AI 0.8.6 
[00:20:59 +6s | thequantuminsider_2023_12_18_apso_quantum_souths_air_cargo_optimization_tool_now_accessib_f5e7aef0] [FETCH]... ↓ https://thequantuminsider.com/2023/12/18/apso-qu...ation-tool-now-accessible-on-iatas-open-api-hub/  | ✓ | ⏱: 3.52s 
[00:20:59 +6s | thequantuminsider_2023_12_18_apso_quantum_souths_air_cargo_optimization_tool_now_accessib_f5e7aef0] [SCRAPE].. ◆ https://thequantuminsider.com/2023/12/18/apso-qu...ation-tool-now-accessible-on-iatas-open-api-hub/  | ✓ | ⏱: 0.12s 
[00:20:59 +6s | thequantuminsider_2023_12_18_apso_quantum_souths_air_cargo_optimization_tool_now_accessib_f5e7aef0] [COMPLETE] ● https://thequantuminsider.com/2023/12/18/apso-qu...ation-tool-now-accessible-on-iatas-open-api-hub/  | ✓ | ⏱: 3.66s 
[00:20:59 +6s | thequantuminsider_2023_12_18_apso_quantum_souths_air_cargo_optimization_tool_now_accessib_f5e7aef0] Saved: crawl_output/444835afb2_thequantuminsider.com_2023_12_18_apso-quantum-souths-air-cargo-optimization-tool-now-accessible-on-iatas-open-api-hub.json

[00:20:59 +6s | thequantuminsider_2023_12_18_apso_quantum_souths_air_cargo_optimization_tool_now_accessib_f5e7aef0] === 1 actor extraction ===
[00:21:00 +7s | thequantuminsider_2023_12_18_apso_quantum_souths_air_cargo_optimization_tool_now_accessib_f5e7aef0] Reading page (1/1): https://thequantuminsider.com/2023/12/18/apso-quantum-souths-air-cargo-optimization-tool-now-accessible-on-iatas-open-api-hub
[00:21:00 +7s | thequantuminsider_2023_12_18_apso_quantum_souths_air_cargo_optimization_tool_now_accessib_f5e7aef0] Extracting actors: https://thequantuminsider.com/2023/12/18/apso-quantum-souths-air-cargo-optimization-tool-now-accessible-on-iatas-open-api-hub (1/1), chunk 1/37
[00:21:05 +12s | thequantuminsider_2023_12_18_apso_quantum_souths_air_cargo_optimization_tool_now_accessib_f5e7aef0] Extracting actors: https://thequantuminsider.com/2023/12/18/apso-quantum-souths-air-cargo-optimization-tool-now-accessible-on-iatas-open-api-hub (1/1), chunk 2/37
[00:21:33 +40s | thequantuminsider_2023_12_18_apso_quantum_souths_air_cargo_optimization_tool_now_accessib_f5e7aef0] Repaired malformed JSON.
[00:21:33 +40s | thequantuminsider_2023_12_18_apso_quantum_souths_air_cargo_optimization_tool_now_accessib_f5e7aef0] Extracting actors: https://thequantuminsider.com/2023/12/18/apso-quantum-souths-air-cargo-optimization-tool-now-accessible-on-iatas-open-api-hub (1/1), chunk 3/37
[00:21:58 +1m 6s | thequantuminsider_2023_12_18_apso_quantum_souths_air_cargo_optimization_tool_now_accessib_f5e7aef0] Repaired malformed JSON.
[00:21:58 +1m 6s | thequantuminsider_2023_12_18_apso_quantum_souths_air_cargo_optimization_tool_now_accessib_f5e7aef0] Extracting actors: https://thequantuminsider.com/2023/12/18/apso-quantum-souths-air-cargo-optimization-tool-now-accessible-on-iatas-open-api-hub (1/1), chunk 4/37
[00:22:08 +1m 17s | thequantuminsider_2023_12_18_apso_quantum_souths_air_cargo_optimization_tool_now_accessib_f5e7aef0] Repaired malformed JSON.
[00:22:08 +1m 17s | thequantuminsider_2023_12_18_apso_quantum_souths_air_cargo_optimization_tool_now_accessib_f5e7aef0] Extracting actors: https://thequantuminsider.com/2023/12/18/apso-quantum-souths-air-cargo-optimization-tool-now-accessible-on-iatas-open-api-hub (1/1), chunk 5/37
[00:22:18 +1m 27s | thequantuminsider_2023_12_18_apso_quantum_souths_air_cargo_optimization_tool_now_accessib_f5e7aef0] Repaired malformed JSON.
[00:22:18 +1m 27s | thequantuminsider_2023_12_18_apso_quantum_souths_air_cargo_optimization_tool_now_accessib_f5e7aef0] Extracting actors: https://thequantuminsider.com/2023/12/18/apso-quantum-souths-air-cargo-optimization-tool-now-accessible-on-iatas-open-api-hub (1/1), chunk 6/37
[00:22:39 +1m 49s | thequantuminsider_2023_12_18_apso_quantum_souths_air_cargo_optimization_tool_now_accessib_f5e7aef0] Repaired malformed JSON.
[00:22:39 +1m 49s | thequantuminsider_2023_12_18_apso_quantum_souths_air_cargo_optimization_tool_now_accessib_f5e7aef0] Extracting actors: https://thequantuminsider.com/2023/12/18/apso-quantum-souths-air-cargo-optimization-tool-now-accessible-on-iatas-open-api-hub (1/1), chunk 7/37
[00:22:49 +1m 58s | thequantuminsider_2023_12_18_apso_quantum_souths_air_cargo_optimization_tool_now_accessib_f5e7aef0] Repaired malformed JSON.
[00:22:49 +1m 58s | thequantuminsider_2023_12_18_apso_quantum_souths_air_cargo_optimization_tool_now_accessib_f5e7aef0] Extracting actors: https://thequantuminsider.com/2023/12/18/apso-quantum-souths-air-cargo-optimization-tool-now-accessible-on-iatas-open-api-hub (1/1), chunk 8/37
[00:22:57 +2m 7s | thequantuminsider_2023_12_18_apso_quantum_souths_air_cargo_optimization_tool_now_accessib_f5e7aef0] Repaired malformed JSON.
[00:22:57 +2m 7s | thequantuminsider_2023_12_18_apso_quantum_souths_air_cargo_optimization_tool_now_accessib_f5e7aef0] Extracting actors: https://thequantuminsider.com/2023/12/18/apso-quantum-souths-air-cargo-optimization-tool-now-accessible-on-iatas-open-api-hub (1/1), chunk 9/37
[00:23:08 +2m 18s | thequantuminsider_2023_12_18_apso_quantum_souths_air_cargo_optimization_tool_now_accessib_f5e7aef0] Repaired malformed JSON.
[00:23:08 +2m 18s | thequantuminsider_2023_12_18_apso_quantum_souths_air_cargo_optimization_tool_now_accessib_f5e7aef0] Extracting actors: https://thequantuminsider.com/2023/12/18/apso-quantum-souths-air-cargo-optimization-tool-now-accessible-on-iatas-open-api-hub (1/1), chunk 10/37
[00:23:18 +2m 28s | thequantuminsider_2023_12_18_apso_quantum_souths_air_cargo_optimization_tool_now_accessib_f5e7aef0] Repaired malformed JSON.
[00:23:18 +2m 28s | thequantuminsider_2023_12_18_apso_quantum_souths_air_cargo_optimization_tool_now_accessib_f5e7aef0] Extracting actors: https://thequantuminsider.com/2023/12/18/apso-quantum-souths-air-cargo-optimization-tool-now-accessible-on-iatas-open-api-hub (1/1), chunk 11/37
[00:23:26 +2m 36s | thequantuminsider_2023_12_18_apso_quantum_souths_air_cargo_optimization_tool_now_accessib_f5e7aef0] Repaired malformed JSON.
[00:23:26 +2m 36s | thequantuminsider_2023_12_18_apso_quantum_souths_air_cargo_optimization_tool_now_accessib_f5e7aef0] Extracting actors: https://thequantuminsider.com/2023/12/18/apso-quantum-souths-air-cargo-optimization-tool-now-accessible-on-iatas-open-api-hub (1/1), chunk 12/37
[00:23:35 +2m 45s | thequantuminsider_2023_12_18_apso_quantum_souths_air_cargo_optimization_tool_now_accessib_f5e7aef0] Repaired malformed JSON.
[00:23:35 +2m 45s | thequantuminsider_2023_12_18_apso_quantum_souths_air_cargo_optimization_tool_now_accessib_f5e7aef0] Extracting actors: https://thequantuminsider.com/2023/12/18/apso-quantum-souths-air-cargo-optimization-tool-now-accessible-on-iatas-open-api-hub (1/1), chunk 13/37
[00:23:43 +2m 54s | thequantuminsider_2023_12_18_apso_quantum_souths_air_cargo_optimization_tool_now_accessib_f5e7aef0] Repaired malformed JSON.
[00:23:43 +2m 54s | thequantuminsider_2023_12_18_apso_quantum_souths_air_cargo_optimization_tool_now_accessib_f5e7aef0] Extracting actors: https://thequantuminsider.com/2023/12/18/apso-quantum-souths-air-cargo-optimization-tool-now-accessible-on-iatas-open-api-hub (1/1), chunk 14/37
[00:23:49 +3m 0s | thequantuminsider_2023_12_18_apso_quantum_souths_air_cargo_optimization_tool_now_accessib_f5e7aef0] Repaired malformed JSON.
[00:23:49 +3m 0s | thequantuminsider_2023_12_18_apso_quantum_souths_air_cargo_optimization_tool_now_accessib_f5e7aef0] Extracting actors: https://thequantuminsider.com/2023/12/18/apso-quantum-souths-air-cargo-optimization-tool-now-accessible-on-iatas-open-api-hub (1/1), chunk 15/37
[00:23:57 +3m 7s | thequantuminsider_2023_12_18_apso_quantum_souths_air_cargo_optimization_tool_now_accessib_f5e7aef0] Repaired malformed JSON.
[00:23:57 +3m 7s | thequantuminsider_2023_12_18_apso_quantum_souths_air_cargo_optimization_tool_now_accessib_f5e7aef0] Extracting actors: https://thequantuminsider.com/2023/12/18/apso-quantum-souths-air-cargo-optimization-tool-now-accessible-on-iatas-open-api-hub (1/1), chunk 16/37
[00:24:05 +3m 17s | thequantuminsider_2023_12_18_apso_quantum_souths_air_cargo_optimization_tool_now_accessib_f5e7aef0] Repaired malformed JSON.
[00:24:05 +3m 17s | thequantuminsider_2023_12_18_apso_quantum_souths_air_cargo_optimization_tool_now_accessib_f5e7aef0] Extracting actors: https://thequantuminsider.com/2023/12/18/apso-quantum-souths-air-cargo-optimization-tool-now-accessible-on-iatas-open-api-hub (1/1), chunk 17/37
[00:24:17 +3m 28s | thequantuminsider_2023_12_18_apso_quantum_souths_air_cargo_optimization_tool_now_accessib_f5e7aef0] Repaired malformed JSON.
[00:24:17 +3m 28s | thequantuminsider_2023_12_18_apso_quantum_souths_air_cargo_optimization_tool_now_accessib_f5e7aef0] Extracting actors: https://thequantuminsider.com/2023/12/18/apso-quantum-souths-air-cargo-optimization-tool-now-accessible-on-iatas-open-api-hub (1/1), chunk 18/37
[00:24:24 +3m 36s | thequantuminsider_2023_12_18_apso_quantum_souths_air_cargo_optimization_tool_now_accessib_f5e7aef0] Repaired malformed JSON.
[00:24:24 +3m 36s | thequantuminsider_2023_12_18_apso_quantum_souths_air_cargo_optimization_tool_now_accessib_f5e7aef0] Extracting actors: https://thequantuminsider.com/2023/12/18/apso-quantum-souths-air-cargo-optimization-tool-now-accessible-on-iatas-open-api-hub (1/1), chunk 19/37
[00:24:51 +4m 3s | thequantuminsider_2023_12_18_apso_quantum_souths_air_cargo_optimization_tool_now_accessib_f5e7aef0] Repaired malformed JSON.
[00:24:51 +4m 3s | thequantuminsider_2023_12_18_apso_quantum_souths_air_cargo_optimization_tool_now_accessib_f5e7aef0] Extracting actors: https://thequantuminsider.com/2023/12/18/apso-quantum-souths-air-cargo-optimization-tool-now-accessible-on-iatas-open-api-hub (1/1), chunk 20/37
[00:24:59 +4m 11s | thequantuminsider_2023_12_18_apso_quantum_souths_air_cargo_optimization_tool_now_accessib_f5e7aef0] Repaired malformed JSON.
[00:24:59 +4m 11s | thequantuminsider_2023_12_18_apso_quantum_souths_air_cargo_optimization_tool_now_accessib_f5e7aef0] Extracting actors: https://thequantuminsider.com/2023/12/18/apso-quantum-souths-air-cargo-optimization-tool-now-accessible-on-iatas-open-api-hub (1/1), chunk 21/37
[00:25:08 +4m 20s | thequantuminsider_2023_12_18_apso_quantum_souths_air_cargo_optimization_tool_now_accessib_f5e7aef0] Repaired malformed JSON.
[00:25:08 +4m 20s | thequantuminsider_2023_12_18_apso_quantum_souths_air_cargo_optimization_tool_now_accessib_f5e7aef0] Extracting actors: https://thequantuminsider.com/2023/12/18/apso-quantum-souths-air-cargo-optimization-tool-now-accessible-on-iatas-open-api-hub (1/1), chunk 22/37
[00:25:14 +4m 26s | thequantuminsider_2023_12_18_apso_quantum_souths_air_cargo_optimization_tool_now_accessib_f5e7aef0] Repaired malformed JSON.
[00:25:14 +4m 26s | thequantuminsider_2023_12_18_apso_quantum_souths_air_cargo_optimization_tool_now_accessib_f5e7aef0] Extracting actors: https://thequantuminsider.com/2023/12/18/apso-quantum-souths-air-cargo-optimization-tool-now-accessible-on-iatas-open-api-hub (1/1), chunk 23/37
[00:25:21 +4m 33s | thequantuminsider_2023_12_18_apso_quantum_souths_air_cargo_optimization_tool_now_accessib_f5e7aef0] Repaired malformed JSON.
[00:25:21 +4m 33s | thequantuminsider_2023_12_18_apso_quantum_souths_air_cargo_optimization_tool_now_accessib_f5e7aef0] Extracting actors: https://thequantuminsider.com/2023/12/18/apso-quantum-souths-air-cargo-optimization-tool-now-accessible-on-iatas-open-api-hub (1/1), chunk 24/37
[00:25:30 +4m 43s | thequantuminsider_2023_12_18_apso_quantum_souths_air_cargo_optimization_tool_now_accessib_f5e7aef0] Repaired malformed JSON.
[00:25:30 +4m 43s | thequantuminsider_2023_12_18_apso_quantum_souths_air_cargo_optimization_tool_now_accessib_f5e7aef0] Extracting actors: https://thequantuminsider.com/2023/12/18/apso-quantum-souths-air-cargo-optimization-tool-now-accessible-on-iatas-open-api-hub (1/1), chunk 25/37
[00:25:35 +4m 48s | thequantuminsider_2023_12_18_apso_quantum_souths_air_cargo_optimization_tool_now_accessib_f5e7aef0] Extracting actors: https://thequantuminsider.com/2023/12/18/apso-quantum-souths-air-cargo-optimization-tool-now-accessible-on-iatas-open-api-hub (1/1), chunk 26/37
[00:25:44 +4m 58s | thequantuminsider_2023_12_18_apso_quantum_souths_air_cargo_optimization_tool_now_accessib_f5e7aef0] Repaired malformed JSON.
[00:25:44 +4m 58s | thequantuminsider_2023_12_18_apso_quantum_souths_air_cargo_optimization_tool_now_accessib_f5e7aef0] Extracting actors: https://thequantuminsider.com/2023/12/18/apso-quantum-souths-air-cargo-optimization-tool-now-accessible-on-iatas-open-api-hub (1/1), chunk 27/37
[00:25:46 +4m 59s | thequantuminsider_2023_12_18_apso_quantum_souths_air_cargo_optimization_tool_now_accessib_f5e7aef0] Extracting actors: https://thequantuminsider.com/2023/12/18/apso-quantum-souths-air-cargo-optimization-tool-now-accessible-on-iatas-open-api-hub (1/1), chunk 28/37
[00:25:52 +5m 6s | thequantuminsider_2023_12_18_apso_quantum_souths_air_cargo_optimization_tool_now_accessib_f5e7aef0] Extracting actors: https://thequantuminsider.com/2023/12/18/apso-quantum-souths-air-cargo-optimization-tool-now-accessible-on-iatas-open-api-hub (1/1), chunk 29/37
[00:25:59 +5m 13s | thequantuminsider_2023_12_18_apso_quantum_souths_air_cargo_optimization_tool_now_accessib_f5e7aef0] Repaired malformed JSON.
[00:25:59 +5m 13s | thequantuminsider_2023_12_18_apso_quantum_souths_air_cargo_optimization_tool_now_accessib_f5e7aef0] Extracting actors: https://thequantuminsider.com/2023/12/18/apso-quantum-souths-air-cargo-optimization-tool-now-accessible-on-iatas-open-api-hub (1/1), chunk 30/37
[00:26:24 +5m 38s | thequantuminsider_2023_12_18_apso_quantum_souths_air_cargo_optimization_tool_now_accessib_f5e7aef0] Repaired malformed JSON.
[00:26:24 +5m 38s | thequantuminsider_2023_12_18_apso_quantum_souths_air_cargo_optimization_tool_now_accessib_f5e7aef0] Extracting actors: https://thequantuminsider.com/2023/12/18/apso-quantum-souths-air-cargo-optimization-tool-now-accessible-on-iatas-open-api-hub (1/1), chunk 31/37
[00:26:31 +5m 45s | thequantuminsider_2023_12_18_apso_quantum_souths_air_cargo_optimization_tool_now_accessib_f5e7aef0] Repaired malformed JSON.
[00:26:31 +5m 45s | thequantuminsider_2023_12_18_apso_quantum_souths_air_cargo_optimization_tool_now_accessib_f5e7aef0] Extracting actors: https://thequantuminsider.com/2023/12/18/apso-quantum-souths-air-cargo-optimization-tool-now-accessible-on-iatas-open-api-hub (1/1), chunk 32/37
[00:26:39 +5m 54s | thequantuminsider_2023_12_18_apso_quantum_souths_air_cargo_optimization_tool_now_accessib_f5e7aef0] Repaired malformed JSON.
[00:26:39 +5m 54s | thequantuminsider_2023_12_18_apso_quantum_souths_air_cargo_optimization_tool_now_accessib_f5e7aef0] Extracting actors: https://thequantuminsider.com/2023/12/18/apso-quantum-souths-air-cargo-optimization-tool-now-accessible-on-iatas-open-api-hub (1/1), chunk 33/37
[00:26:49 +6m 4s | thequantuminsider_2023_12_18_apso_quantum_souths_air_cargo_optimization_tool_now_accessib_f5e7aef0] Repaired malformed JSON.
[00:26:49 +6m 4s | thequantuminsider_2023_12_18_apso_quantum_souths_air_cargo_optimization_tool_now_accessib_f5e7aef0] Extracting actors: https://thequantuminsider.com/2023/12/18/apso-quantum-souths-air-cargo-optimization-tool-now-accessible-on-iatas-open-api-hub (1/1), chunk 34/37
[00:26:57 +6m 12s | thequantuminsider_2023_12_18_apso_quantum_souths_air_cargo_optimization_tool_now_accessib_f5e7aef0] Repaired malformed JSON.
[00:26:57 +6m 12s | thequantuminsider_2023_12_18_apso_quantum_souths_air_cargo_optimization_tool_now_accessib_f5e7aef0] Extracting actors: https://thequantuminsider.com/2023/12/18/apso-quantum-souths-air-cargo-optimization-tool-now-accessible-on-iatas-open-api-hub (1/1), chunk 35/37
[00:27:06 +6m 20s | thequantuminsider_2023_12_18_apso_quantum_souths_air_cargo_optimization_tool_now_accessib_f5e7aef0] Repaired malformed JSON.
[00:27:06 +6m 20s | thequantuminsider_2023_12_18_apso_quantum_souths_air_cargo_optimization_tool_now_accessib_f5e7aef0] Extracting actors: https://thequantuminsider.com/2023/12/18/apso-quantum-souths-air-cargo-optimization-tool-now-accessible-on-iatas-open-api-hub (1/1), chunk 36/37
[00:27:27 +6m 43s | thequantuminsider_2023_12_18_apso_quantum_souths_air_cargo_optimization_tool_now_accessib_f5e7aef0] Repaired malformed JSON.
[00:27:27 +6m 43s | thequantuminsider_2023_12_18_apso_quantum_souths_air_cargo_optimization_tool_now_accessib_f5e7aef0] Extracting actors: https://thequantuminsider.com/2023/12/18/apso-quantum-souths-air-cargo-optimization-tool-now-accessible-on-iatas-open-api-hub (1/1), chunk 37/37
[00:27:34 +6m 50s | thequantuminsider_2023_12_18_apso_quantum_souths_air_cargo_optimization_tool_now_accessib_f5e7aef0] Repaired malformed JSON.
[00:27:34 +6m 50s | thequantuminsider_2023_12_18_apso_quantum_souths_air_cargo_optimization_tool_now_accessib_f5e7aef0] Saved 1_actor_results.json with 64 extracted records

[00:27:35 +6m 50s | thequantuminsider_2023_12_18_apso_quantum_souths_air_cargo_optimization_tool_now_accessib_f5e7aef0] === 2 clean actors ===
[00:27:35 +6m 50s | thequantuminsider_2023_12_18_apso_quantum_souths_air_cargo_optimization_tool_now_accessib_f5e7aef0] Loaded 64 extracted records
[00:27:35 +6m 50s | thequantuminsider_2023_12_18_apso_quantum_souths_air_cargo_optimization_tool_now_accessib_f5e7aef0] Saved 2_actor_nodes.json with 20 canonical actor nodes

[00:27:35 +6m 50s | thequantuminsider_2023_12_18_apso_quantum_souths_air_cargo_optimization_tool_now_accessib_f5e7aef0] === 3 interaction extraction ===
[00:27:35 +6m 51s | thequantuminsider_2023_12_18_apso_quantum_souths_air_cargo_optimization_tool_now_accessib_f5e7aef0] Extracting interactions: https://thequantuminsider.com/2023/12/18/apso-quantum-souths-air-cargo-optimization-tool-now-accessible-on-iatas-open-api-hub (1/1), chunk 11/37
[00:27:40 +6m 57s | thequantuminsider_2023_12_18_apso_quantum_souths_air_cargo_optimization_tool_now_accessib_f5e7aef0] Extracting interactions: https://thequantuminsider.com/2023/12/18/apso-quantum-souths-air-cargo-optimization-tool-now-accessible-on-iatas-open-api-hub (1/1), chunk 12/37
[00:27:48 +7m 4s | thequantuminsider_2023_12_18_apso_quantum_souths_air_cargo_optimization_tool_now_accessib_f5e7aef0] Extracting interactions: https://thequantuminsider.com/2023/12/18/apso-quantum-souths-air-cargo-optimization-tool-now-accessible-on-iatas-open-api-hub (1/1), chunk 13/37
[00:28:10 +7m 28s | thequantuminsider_2023_12_18_apso_quantum_souths_air_cargo_optimization_tool_now_accessib_f5e7aef0] Extracting interactions: https://thequantuminsider.com/2023/12/18/apso-quantum-souths-air-cargo-optimization-tool-now-accessible-on-iatas-open-api-hub (1/1), chunk 14/37
[00:28:33 +7m 50s | thequantuminsider_2023_12_18_apso_quantum_souths_air_cargo_optimization_tool_now_accessib_f5e7aef0] Extracting interactions: https://thequantuminsider.com/2023/12/18/apso-quantum-souths-air-cargo-optimization-tool-now-accessible-on-iatas-open-api-hub (1/1), chunk 15/37
[00:28:53 +8m 11s | thequantuminsider_2023_12_18_apso_quantum_souths_air_cargo_optimization_tool_now_accessib_f5e7aef0] Extracting interactions: https://thequantuminsider.com/2023/12/18/apso-quantum-souths-air-cargo-optimization-tool-now-accessible-on-iatas-open-api-hub (1/1), chunk 16/37
[00:29:15 +8m 34s | thequantuminsider_2023_12_18_apso_quantum_souths_air_cargo_optimization_tool_now_accessib_f5e7aef0] Extracting interactions: https://thequantuminsider.com/2023/12/18/apso-quantum-souths-air-cargo-optimization-tool-now-accessible-on-iatas-open-api-hub (1/1), chunk 17/37
[00:29:25 +8m 44s | thequantuminsider_2023_12_18_apso_quantum_souths_air_cargo_optimization_tool_now_accessib_f5e7aef0] Extracting interactions: https://thequantuminsider.com/2023/12/18/apso-quantum-souths-air-cargo-optimization-tool-now-accessible-on-iatas-open-api-hub (1/1), chunk 18/37
[00:29:27 +8m 46s | thequantuminsider_2023_12_18_apso_quantum_souths_air_cargo_optimization_tool_now_accessib_f5e7aef0] Extracting interactions: https://thequantuminsider.com/2023/12/18/apso-quantum-souths-air-cargo-optimization-tool-now-accessible-on-iatas-open-api-hub (1/1), chunk 20/37
[00:29:36 +8m 54s | thequantuminsider_2023_12_18_apso_quantum_souths_air_cargo_optimization_tool_now_accessib_f5e7aef0] Extracting interactions: https://thequantuminsider.com/2023/12/18/apso-quantum-souths-air-cargo-optimization-tool-now-accessible-on-iatas-open-api-hub (1/1), chunk 21/37
[00:29:41 +8m 59s | thequantuminsider_2023_12_18_apso_quantum_souths_air_cargo_optimization_tool_now_accessib_f5e7aef0] Extracting interactions: https://thequantuminsider.com/2023/12/18/apso-quantum-souths-air-cargo-optimization-tool-now-accessible-on-iatas-open-api-hub (1/1), chunk 26/37
[00:29:48 +9m 7s | thequantuminsider_2023_12_18_apso_quantum_souths_air_cargo_optimization_tool_now_accessib_f5e7aef0] Extracting interactions: https://thequantuminsider.com/2023/12/18/apso-quantum-souths-air-cargo-optimization-tool-now-accessible-on-iatas-open-api-hub (1/1), chunk 27/37
[00:29:53 +9m 12s | thequantuminsider_2023_12_18_apso_quantum_souths_air_cargo_optimization_tool_now_accessib_f5e7aef0] Extracting interactions: https://thequantuminsider.com/2023/12/18/apso-quantum-souths-air-cargo-optimization-tool-now-accessible-on-iatas-open-api-hub (1/1), chunk 28/37
[00:30:19 +9m 39s | thequantuminsider_2023_12_18_apso_quantum_souths_air_cargo_optimization_tool_now_accessib_f5e7aef0] Extracting interactions: https://thequantuminsider.com/2023/12/18/apso-quantum-souths-air-cargo-optimization-tool-now-accessible-on-iatas-open-api-hub (1/1), chunk 30/37
[00:30:21 +9m 41s | thequantuminsider_2023_12_18_apso_quantum_souths_air_cargo_optimization_tool_now_accessib_f5e7aef0] Extracting interactions: https://thequantuminsider.com/2023/12/18/apso-quantum-souths-air-cargo-optimization-tool-now-accessible-on-iatas-open-api-hub (1/1), chunk 31/37
[00:30:23 +9m 43s | thequantuminsider_2023_12_18_apso_quantum_souths_air_cargo_optimization_tool_now_accessib_f5e7aef0] Extracting interactions: https://thequantuminsider.com/2023/12/18/apso-quantum-souths-air-cargo-optimization-tool-now-accessible-on-iatas-open-api-hub (1/1), chunk 32/37
[00:30:24 +9m 44s | thequantuminsider_2023_12_18_apso_quantum_souths_air_cargo_optimization_tool_now_accessib_f5e7aef0] Extracting interactions: https://thequantuminsider.com/2023/12/18/apso-quantum-souths-air-cargo-optimization-tool-now-accessible-on-iatas-open-api-hub (1/1), chunk 33/37
[00:30:26 +9m 46s | thequantuminsider_2023_12_18_apso_quantum_souths_air_cargo_optimization_tool_now_accessib_f5e7aef0] Extracting interactions: https://thequantuminsider.com/2023/12/18/apso-quantum-souths-air-cargo-optimization-tool-now-accessible-on-iatas-open-api-hub (1/1), chunk 34/37
[00:30:28 +9m 48s | thequantuminsider_2023_12_18_apso_quantum_souths_air_cargo_optimization_tool_now_accessib_f5e7aef0] Extracting interactions: https://thequantuminsider.com/2023/12/18/apso-quantum-souths-air-cargo-optimization-tool-now-accessible-on-iatas-open-api-hub (1/1), chunk 35/37
[00:30:30 +9m 50s | thequantuminsider_2023_12_18_apso_quantum_souths_air_cargo_optimization_tool_now_accessib_f5e7aef0] Extracting interactions: https://thequantuminsider.com/2023/12/18/apso-quantum-souths-air-cargo-optimization-tool-now-accessible-on-iatas-open-api-hub (1/1), chunk 36/37
[00:30:32 +9m 52s | thequantuminsider_2023_12_18_apso_quantum_souths_air_cargo_optimization_tool_now_accessib_f5e7aef0] Extracting interactions: https://thequantuminsider.com/2023/12/18/apso-quantum-souths-air-cargo-optimization-tool-now-accessible-on-iatas-open-api-hub (1/1), chunk 37/37
[00:30:33 +9m 53s | thequantuminsider_2023_12_18_apso_quantum_souths_air_cargo_optimization_tool_now_accessib_f5e7aef0] Saved 3_interaction_results.json with 27 extracted interactions.

[00:30:33 +9m 53s | thequantuminsider_2023_12_18_apso_quantum_souths_air_cargo_optimization_tool_now_accessib_f5e7aef0] === 4 clean interactions ===
[00:30:33 +9m 53s | thequantuminsider_2023_12_18_apso_quantum_souths_air_cargo_optimization_tool_now_accessib_f5e7aef0] Saved 4_edges.json with 4 cleaned interactions.

[00:30:33 +9m 53s | thequantuminsider_2023_12_18_apso_quantum_souths_air_cargo_optimization_tool_now_accessib_f5e7aef0] === 5 helix enrichment ===
[00:30:33 +9m 53s | thequantuminsider_2023_12_18_apso_quantum_souths_air_cargo_optimization_tool_now_accessib_f5e7aef0] Wrote 5_nodes.json (20 actors)
[00:30:33 +9m 53s | thequantuminsider_2023_12_18_apso_quantum_souths_air_cargo_optimization_tool_now_accessib_f5e7aef0] Wrote 5_edges.json (4 interactions)
[00:30:33 +9m 53s | thequantuminsider_2023_12_18_apso_quantum_souths_air_cargo_optimization_tool_now_accessib_f5e7aef0] Actor helix counts: {'Academia': 1, 'Civil Society': 4, 'Government': 1, 'Industry': 6, 'Unknown': 8}
[00:30:33 +9m 53s | thequantuminsider_2023_12_18_apso_quantum_souths_air_cargo_optimization_tool_now_accessib_f5e7aef0] Functional-space counts: {'Consensus': 4}

[00:30:33 +9m 53s | thequantuminsider_2023_12_18_apso_quantum_souths_air_cargo_optimization_tool_now_accessib_f5e7aef0] === 6 network visualisation ===
[00:30:34 +9m 54s | thequantuminsider_2023_12_18_apso_quantum_souths_air_cargo_optimization_tool_now_accessib_f5e7aef0] Wrote quantum_network.html
[00:30:34 +9m 54s | thequantuminsider_2023_12_18_apso_quantum_souths_air_cargo_optimization_tool_now_accessib_f5e7aef0] Nodes: 20
[00:30:34 +9m 54s | thequantuminsider_2023_12_18_apso_quantum_souths_air_cargo_optimization_tool_now_accessib_f5e7aef0] Edges: 3

[00:30:34 +9m 54s | thequantuminsider_2023_12_18_apso_quantum_souths_air_cargo_optimization_tool_now_accessib_f5e7aef0] Done. Outputs written to: /home/lv/IDP/idpdeeptech/pipeline/news_outputs/thequantuminsider_2023_12_18_apso_quantum_souths_air_cargo_optimization_tool_now_accessib_f5e7aef0
[00:30:34 +9m 54s | thequantuminsider_2023_12_18_apso_quantum_souths_air_cargo_optimization_tool_now_accessib_f5e7aef0] Log: /home/lv/IDP/idpdeeptech/pipeline/news_outputs/thequantuminsider_2023_12_18_apso_quantum_souths_air_cargo_optimization_tool_now_accessib_f5e7aef0/run.log

========================================================================
RUN FINISHED 2026-07-05 00:30:34  (OK)
Started:     2026-07-05 00:20:53
Elapsed:     9m 54s
========================================================================
