
========================================================================
RUN STARTED  2026-07-05 02:09:16
site_pipeline.py https://thequantuminsider.com/2023/11/29/multiverse-computing-pioneers-quantum-digital-twin-project-to-boost-green-hydrogen-production/
========================================================================

[02:09:16 +0s | thequantuminsider_2023_11_29_multiverse_computing_pioneers_quantum_digital_twin_project_t_017ef2b1] === 0 crawl site ===
[02:09:17 +1s | thequantuminsider_2023_11_29_multiverse_computing_pioneers_quantum_digital_twin_project_t_017ef2b1] [INIT].... → Crawl4AI 0.8.6 
[02:09:18 +3s | thequantuminsider_2023_11_29_multiverse_computing_pioneers_quantum_digital_twin_project_t_017ef2b1] [FETCH]... ↓ https://thequantuminsider.com/2023/11/29/multive...twin-project-to-boost-green-hydrogen-production/  | ✓ | ⏱: 1.92s 
[02:09:18 +3s | thequantuminsider_2023_11_29_multiverse_computing_pioneers_quantum_digital_twin_project_t_017ef2b1] [SCRAPE].. ◆ https://thequantuminsider.com/2023/11/29/multive...twin-project-to-boost-green-hydrogen-production/  | ✓ | ⏱: 0.14s 
[02:09:18 +3s | thequantuminsider_2023_11_29_multiverse_computing_pioneers_quantum_digital_twin_project_t_017ef2b1] [COMPLETE] ● https://thequantuminsider.com/2023/11/29/multive...twin-project-to-boost-green-hydrogen-production/  | ✓ | ⏱: 2.08s 
[02:09:18 +3s | thequantuminsider_2023_11_29_multiverse_computing_pioneers_quantum_digital_twin_project_t_017ef2b1] Saved: crawl_output/3a0a45505f_thequantuminsider.com_2023_11_29_multiverse-computing-pioneers-quantum-digital-twin-project-to-boost-green-hydrogen-production.json

[02:09:19 +4s | thequantuminsider_2023_11_29_multiverse_computing_pioneers_quantum_digital_twin_project_t_017ef2b1] === 1 actor extraction ===
[02:09:19 +4s | thequantuminsider_2023_11_29_multiverse_computing_pioneers_quantum_digital_twin_project_t_017ef2b1] Reading page (1/1): https://thequantuminsider.com/2023/11/29/multiverse-computing-pioneers-quantum-digital-twin-project-to-boost-green-hydrogen-production
[02:09:19 +4s | thequantuminsider_2023_11_29_multiverse_computing_pioneers_quantum_digital_twin_project_t_017ef2b1] Extracting actors: https://thequantuminsider.com/2023/11/29/multiverse-computing-pioneers-quantum-digital-twin-project-to-boost-green-hydrogen-production (1/1), chunk 1/37
[02:09:25 +11s | thequantuminsider_2023_11_29_multiverse_computing_pioneers_quantum_digital_twin_project_t_017ef2b1] Extracting actors: https://thequantuminsider.com/2023/11/29/multiverse-computing-pioneers-quantum-digital-twin-project-to-boost-green-hydrogen-production (1/1), chunk 2/37
[02:09:31 +16s | thequantuminsider_2023_11_29_multiverse_computing_pioneers_quantum_digital_twin_project_t_017ef2b1] Extracting actors: https://thequantuminsider.com/2023/11/29/multiverse-computing-pioneers-quantum-digital-twin-project-to-boost-green-hydrogen-production (1/1), chunk 3/37
[02:09:36 +21s | thequantuminsider_2023_11_29_multiverse_computing_pioneers_quantum_digital_twin_project_t_017ef2b1] Extracting actors: https://thequantuminsider.com/2023/11/29/multiverse-computing-pioneers-quantum-digital-twin-project-to-boost-green-hydrogen-production (1/1), chunk 4/37
[02:10:00 +46s | thequantuminsider_2023_11_29_multiverse_computing_pioneers_quantum_digital_twin_project_t_017ef2b1] Extracting actors: https://thequantuminsider.com/2023/11/29/multiverse-computing-pioneers-quantum-digital-twin-project-to-boost-green-hydrogen-production (1/1), chunk 5/37
[02:10:05 +52s | thequantuminsider_2023_11_29_multiverse_computing_pioneers_quantum_digital_twin_project_t_017ef2b1] Extracting actors: https://thequantuminsider.com/2023/11/29/multiverse-computing-pioneers-quantum-digital-twin-project-to-boost-green-hydrogen-production (1/1), chunk 6/37
[02:10:15 +1m 1s | thequantuminsider_2023_11_29_multiverse_computing_pioneers_quantum_digital_twin_project_t_017ef2b1] Repaired malformed JSON.
[02:10:15 +1m 1s | thequantuminsider_2023_11_29_multiverse_computing_pioneers_quantum_digital_twin_project_t_017ef2b1] Extracting actors: https://thequantuminsider.com/2023/11/29/multiverse-computing-pioneers-quantum-digital-twin-project-to-boost-green-hydrogen-production (1/1), chunk 7/37
[02:10:19 +1m 5s | thequantuminsider_2023_11_29_multiverse_computing_pioneers_quantum_digital_twin_project_t_017ef2b1] Extracting actors: https://thequantuminsider.com/2023/11/29/multiverse-computing-pioneers-quantum-digital-twin-project-to-boost-green-hydrogen-production (1/1), chunk 8/37
[02:10:22 +1m 10s | thequantuminsider_2023_11_29_multiverse_computing_pioneers_quantum_digital_twin_project_t_017ef2b1] Extracting actors: https://thequantuminsider.com/2023/11/29/multiverse-computing-pioneers-quantum-digital-twin-project-to-boost-green-hydrogen-production (1/1), chunk 9/37
[02:10:28 +1m 16s | thequantuminsider_2023_11_29_multiverse_computing_pioneers_quantum_digital_twin_project_t_017ef2b1] Extracting actors: https://thequantuminsider.com/2023/11/29/multiverse-computing-pioneers-quantum-digital-twin-project-to-boost-green-hydrogen-production (1/1), chunk 10/37
[02:10:34 +1m 22s | thequantuminsider_2023_11_29_multiverse_computing_pioneers_quantum_digital_twin_project_t_017ef2b1] Extracting actors: https://thequantuminsider.com/2023/11/29/multiverse-computing-pioneers-quantum-digital-twin-project-to-boost-green-hydrogen-production (1/1), chunk 11/37
[02:11:00 +1m 49s | thequantuminsider_2023_11_29_multiverse_computing_pioneers_quantum_digital_twin_project_t_017ef2b1] Repaired malformed JSON.
[02:11:00 +1m 49s | thequantuminsider_2023_11_29_multiverse_computing_pioneers_quantum_digital_twin_project_t_017ef2b1] Extracting actors: https://thequantuminsider.com/2023/11/29/multiverse-computing-pioneers-quantum-digital-twin-project-to-boost-green-hydrogen-production (1/1), chunk 12/37
[02:11:09 +1m 58s | thequantuminsider_2023_11_29_multiverse_computing_pioneers_quantum_digital_twin_project_t_017ef2b1] Repaired malformed JSON.
[02:11:09 +1m 58s | thequantuminsider_2023_11_29_multiverse_computing_pioneers_quantum_digital_twin_project_t_017ef2b1] Extracting actors: https://thequantuminsider.com/2023/11/29/multiverse-computing-pioneers-quantum-digital-twin-project-to-boost-green-hydrogen-production (1/1), chunk 13/37
[02:11:22 +2m 11s | thequantuminsider_2023_11_29_multiverse_computing_pioneers_quantum_digital_twin_project_t_017ef2b1] Repaired malformed JSON.
[02:11:22 +2m 11s | thequantuminsider_2023_11_29_multiverse_computing_pioneers_quantum_digital_twin_project_t_017ef2b1] Extracting actors: https://thequantuminsider.com/2023/11/29/multiverse-computing-pioneers-quantum-digital-twin-project-to-boost-green-hydrogen-production (1/1), chunk 14/37
[02:11:29 +2m 19s | thequantuminsider_2023_11_29_multiverse_computing_pioneers_quantum_digital_twin_project_t_017ef2b1] Repaired malformed JSON.
[02:11:29 +2m 19s | thequantuminsider_2023_11_29_multiverse_computing_pioneers_quantum_digital_twin_project_t_017ef2b1] Extracting actors: https://thequantuminsider.com/2023/11/29/multiverse-computing-pioneers-quantum-digital-twin-project-to-boost-green-hydrogen-production (1/1), chunk 15/37
[02:12:01 +2m 53s | thequantuminsider_2023_11_29_multiverse_computing_pioneers_quantum_digital_twin_project_t_017ef2b1] Repaired malformed JSON.
[02:12:01 +2m 53s | thequantuminsider_2023_11_29_multiverse_computing_pioneers_quantum_digital_twin_project_t_017ef2b1] Extracting actors: https://thequantuminsider.com/2023/11/29/multiverse-computing-pioneers-quantum-digital-twin-project-to-boost-green-hydrogen-production (1/1), chunk 16/37
[02:12:09 +3m 0s | thequantuminsider_2023_11_29_multiverse_computing_pioneers_quantum_digital_twin_project_t_017ef2b1] Repaired malformed JSON.
[02:12:09 +3m 0s | thequantuminsider_2023_11_29_multiverse_computing_pioneers_quantum_digital_twin_project_t_017ef2b1] Extracting actors: https://thequantuminsider.com/2023/11/29/multiverse-computing-pioneers-quantum-digital-twin-project-to-boost-green-hydrogen-production (1/1), chunk 17/37
[02:12:16 +3m 7s | thequantuminsider_2023_11_29_multiverse_computing_pioneers_quantum_digital_twin_project_t_017ef2b1] Repaired malformed JSON.
[02:12:16 +3m 7s | thequantuminsider_2023_11_29_multiverse_computing_pioneers_quantum_digital_twin_project_t_017ef2b1] Extracting actors: https://thequantuminsider.com/2023/11/29/multiverse-computing-pioneers-quantum-digital-twin-project-to-boost-green-hydrogen-production (1/1), chunk 18/37
[02:12:21 +3m 13s | thequantuminsider_2023_11_29_multiverse_computing_pioneers_quantum_digital_twin_project_t_017ef2b1] Extracting actors: https://thequantuminsider.com/2023/11/29/multiverse-computing-pioneers-quantum-digital-twin-project-to-boost-green-hydrogen-production (1/1), chunk 19/37
[02:12:24 +3m 17s | thequantuminsider_2023_11_29_multiverse_computing_pioneers_quantum_digital_twin_project_t_017ef2b1] Extracting actors: https://thequantuminsider.com/2023/11/29/multiverse-computing-pioneers-quantum-digital-twin-project-to-boost-green-hydrogen-production (1/1), chunk 20/37
[02:12:33 +3m 25s | thequantuminsider_2023_11_29_multiverse_computing_pioneers_quantum_digital_twin_project_t_017ef2b1] Repaired malformed JSON.
[02:12:33 +3m 25s | thequantuminsider_2023_11_29_multiverse_computing_pioneers_quantum_digital_twin_project_t_017ef2b1] Extracting actors: https://thequantuminsider.com/2023/11/29/multiverse-computing-pioneers-quantum-digital-twin-project-to-boost-green-hydrogen-production (1/1), chunk 21/37
[02:12:41 +3m 33s | thequantuminsider_2023_11_29_multiverse_computing_pioneers_quantum_digital_twin_project_t_017ef2b1] Repaired malformed JSON.
[02:12:41 +3m 33s | thequantuminsider_2023_11_29_multiverse_computing_pioneers_quantum_digital_twin_project_t_017ef2b1] Extracting actors: https://thequantuminsider.com/2023/11/29/multiverse-computing-pioneers-quantum-digital-twin-project-to-boost-green-hydrogen-production (1/1), chunk 22/37
[02:12:53 +3m 46s | thequantuminsider_2023_11_29_multiverse_computing_pioneers_quantum_digital_twin_project_t_017ef2b1] Repaired malformed JSON.
[02:12:53 +3m 46s | thequantuminsider_2023_11_29_multiverse_computing_pioneers_quantum_digital_twin_project_t_017ef2b1] Extracting actors: https://thequantuminsider.com/2023/11/29/multiverse-computing-pioneers-quantum-digital-twin-project-to-boost-green-hydrogen-production (1/1), chunk 23/37
[02:12:59 +3m 52s | thequantuminsider_2023_11_29_multiverse_computing_pioneers_quantum_digital_twin_project_t_017ef2b1] Repaired malformed JSON.
[02:12:59 +3m 52s | thequantuminsider_2023_11_29_multiverse_computing_pioneers_quantum_digital_twin_project_t_017ef2b1] Extracting actors: https://thequantuminsider.com/2023/11/29/multiverse-computing-pioneers-quantum-digital-twin-project-to-boost-green-hydrogen-production (1/1), chunk 24/37
[02:13:22 +4m 15s | thequantuminsider_2023_11_29_multiverse_computing_pioneers_quantum_digital_twin_project_t_017ef2b1] Repaired malformed JSON.
[02:13:22 +4m 15s | thequantuminsider_2023_11_29_multiverse_computing_pioneers_quantum_digital_twin_project_t_017ef2b1] Extracting actors: https://thequantuminsider.com/2023/11/29/multiverse-computing-pioneers-quantum-digital-twin-project-to-boost-green-hydrogen-production (1/1), chunk 25/37
[02:13:26 +4m 21s | thequantuminsider_2023_11_29_multiverse_computing_pioneers_quantum_digital_twin_project_t_017ef2b1] Extracting actors: https://thequantuminsider.com/2023/11/29/multiverse-computing-pioneers-quantum-digital-twin-project-to-boost-green-hydrogen-production (1/1), chunk 26/37
[02:13:33 +4m 28s | thequantuminsider_2023_11_29_multiverse_computing_pioneers_quantum_digital_twin_project_t_017ef2b1] Repaired malformed JSON.
[02:13:33 +4m 28s | thequantuminsider_2023_11_29_multiverse_computing_pioneers_quantum_digital_twin_project_t_017ef2b1] Extracting actors: https://thequantuminsider.com/2023/11/29/multiverse-computing-pioneers-quantum-digital-twin-project-to-boost-green-hydrogen-production (1/1), chunk 27/37
[02:13:37 +4m 32s | thequantuminsider_2023_11_29_multiverse_computing_pioneers_quantum_digital_twin_project_t_017ef2b1] Extracting actors: https://thequantuminsider.com/2023/11/29/multiverse-computing-pioneers-quantum-digital-twin-project-to-boost-green-hydrogen-production (1/1), chunk 28/37
[02:13:42 +4m 37s | thequantuminsider_2023_11_29_multiverse_computing_pioneers_quantum_digital_twin_project_t_017ef2b1] Extracting actors: https://thequantuminsider.com/2023/11/29/multiverse-computing-pioneers-quantum-digital-twin-project-to-boost-green-hydrogen-production (1/1), chunk 29/37
[02:13:48 +4m 43s | thequantuminsider_2023_11_29_multiverse_computing_pioneers_quantum_digital_twin_project_t_017ef2b1] Repaired malformed JSON.
[02:13:48 +4m 43s | thequantuminsider_2023_11_29_multiverse_computing_pioneers_quantum_digital_twin_project_t_017ef2b1] Extracting actors: https://thequantuminsider.com/2023/11/29/multiverse-computing-pioneers-quantum-digital-twin-project-to-boost-green-hydrogen-production (1/1), chunk 30/37
[02:13:56 +4m 51s | thequantuminsider_2023_11_29_multiverse_computing_pioneers_quantum_digital_twin_project_t_017ef2b1] Repaired malformed JSON.
[02:13:56 +4m 51s | thequantuminsider_2023_11_29_multiverse_computing_pioneers_quantum_digital_twin_project_t_017ef2b1] Extracting actors: https://thequantuminsider.com/2023/11/29/multiverse-computing-pioneers-quantum-digital-twin-project-to-boost-green-hydrogen-production (1/1), chunk 31/37
[02:14:04 +5m 0s | thequantuminsider_2023_11_29_multiverse_computing_pioneers_quantum_digital_twin_project_t_017ef2b1] Repaired malformed JSON.
[02:14:04 +5m 0s | thequantuminsider_2023_11_29_multiverse_computing_pioneers_quantum_digital_twin_project_t_017ef2b1] Extracting actors: https://thequantuminsider.com/2023/11/29/multiverse-computing-pioneers-quantum-digital-twin-project-to-boost-green-hydrogen-production (1/1), chunk 32/37
[02:14:10 +5m 6s | thequantuminsider_2023_11_29_multiverse_computing_pioneers_quantum_digital_twin_project_t_017ef2b1] Extracting actors: https://thequantuminsider.com/2023/11/29/multiverse-computing-pioneers-quantum-digital-twin-project-to-boost-green-hydrogen-production (1/1), chunk 33/37
[02:14:19 +5m 15s | thequantuminsider_2023_11_29_multiverse_computing_pioneers_quantum_digital_twin_project_t_017ef2b1] Repaired malformed JSON.
[02:14:19 +5m 15s | thequantuminsider_2023_11_29_multiverse_computing_pioneers_quantum_digital_twin_project_t_017ef2b1] Extracting actors: https://thequantuminsider.com/2023/11/29/multiverse-computing-pioneers-quantum-digital-twin-project-to-boost-green-hydrogen-production (1/1), chunk 34/37
[02:14:28 +5m 24s | thequantuminsider_2023_11_29_multiverse_computing_pioneers_quantum_digital_twin_project_t_017ef2b1] Repaired malformed JSON.
[02:14:28 +5m 24s | thequantuminsider_2023_11_29_multiverse_computing_pioneers_quantum_digital_twin_project_t_017ef2b1] Extracting actors: https://thequantuminsider.com/2023/11/29/multiverse-computing-pioneers-quantum-digital-twin-project-to-boost-green-hydrogen-production (1/1), chunk 35/37
[02:14:34 +5m 31s | thequantuminsider_2023_11_29_multiverse_computing_pioneers_quantum_digital_twin_project_t_017ef2b1] Repaired malformed JSON.
[02:14:34 +5m 31s | thequantuminsider_2023_11_29_multiverse_computing_pioneers_quantum_digital_twin_project_t_017ef2b1] Extracting actors: https://thequantuminsider.com/2023/11/29/multiverse-computing-pioneers-quantum-digital-twin-project-to-boost-green-hydrogen-production (1/1), chunk 36/37
[02:14:42 +5m 40s | thequantuminsider_2023_11_29_multiverse_computing_pioneers_quantum_digital_twin_project_t_017ef2b1] Repaired malformed JSON.
[02:14:42 +5m 40s | thequantuminsider_2023_11_29_multiverse_computing_pioneers_quantum_digital_twin_project_t_017ef2b1] Extracting actors: https://thequantuminsider.com/2023/11/29/multiverse-computing-pioneers-quantum-digital-twin-project-to-boost-green-hydrogen-production (1/1), chunk 37/37
[02:14:51 +5m 48s | thequantuminsider_2023_11_29_multiverse_computing_pioneers_quantum_digital_twin_project_t_017ef2b1] Repaired malformed JSON.
[02:14:51 +5m 48s | thequantuminsider_2023_11_29_multiverse_computing_pioneers_quantum_digital_twin_project_t_017ef2b1] Saved 1_actor_results.json with 52 extracted records

[02:14:51 +5m 48s | thequantuminsider_2023_11_29_multiverse_computing_pioneers_quantum_digital_twin_project_t_017ef2b1] === 2 clean actors ===
[02:14:51 +5m 48s | thequantuminsider_2023_11_29_multiverse_computing_pioneers_quantum_digital_twin_project_t_017ef2b1] Loaded 52 extracted records
[02:14:51 +5m 48s | thequantuminsider_2023_11_29_multiverse_computing_pioneers_quantum_digital_twin_project_t_017ef2b1] Saved 2_actor_nodes.json with 15 canonical actor nodes

[02:14:51 +5m 48s | thequantuminsider_2023_11_29_multiverse_computing_pioneers_quantum_digital_twin_project_t_017ef2b1] === 3 interaction extraction ===
[02:14:51 +5m 48s | thequantuminsider_2023_11_29_multiverse_computing_pioneers_quantum_digital_twin_project_t_017ef2b1] Extracting interactions: https://thequantuminsider.com/2023/11/29/multiverse-computing-pioneers-quantum-digital-twin-project-to-boost-green-hydrogen-production (1/1), chunk 11/37
[02:14:58 +5m 55s | thequantuminsider_2023_11_29_multiverse_computing_pioneers_quantum_digital_twin_project_t_017ef2b1] Extracting interactions: https://thequantuminsider.com/2023/11/29/multiverse-computing-pioneers-quantum-digital-twin-project-to-boost-green-hydrogen-production (1/1), chunk 12/37
[02:15:06 +6m 4s | thequantuminsider_2023_11_29_multiverse_computing_pioneers_quantum_digital_twin_project_t_017ef2b1] Extracting interactions: https://thequantuminsider.com/2023/11/29/multiverse-computing-pioneers-quantum-digital-twin-project-to-boost-green-hydrogen-production (1/1), chunk 13/37
[02:15:15 +6m 13s | thequantuminsider_2023_11_29_multiverse_computing_pioneers_quantum_digital_twin_project_t_017ef2b1] Extracting interactions: https://thequantuminsider.com/2023/11/29/multiverse-computing-pioneers-quantum-digital-twin-project-to-boost-green-hydrogen-production (1/1), chunk 15/37
[02:15:20 +6m 19s | thequantuminsider_2023_11_29_multiverse_computing_pioneers_quantum_digital_twin_project_t_017ef2b1] Extracting interactions: https://thequantuminsider.com/2023/11/29/multiverse-computing-pioneers-quantum-digital-twin-project-to-boost-green-hydrogen-production (1/1), chunk 16/37
[02:15:25 +6m 23s | thequantuminsider_2023_11_29_multiverse_computing_pioneers_quantum_digital_twin_project_t_017ef2b1] Extracting interactions: https://thequantuminsider.com/2023/11/29/multiverse-computing-pioneers-quantum-digital-twin-project-to-boost-green-hydrogen-production (1/1), chunk 17/37
[02:15:26 +6m 25s | thequantuminsider_2023_11_29_multiverse_computing_pioneers_quantum_digital_twin_project_t_017ef2b1] Extracting interactions: https://thequantuminsider.com/2023/11/29/multiverse-computing-pioneers-quantum-digital-twin-project-to-boost-green-hydrogen-production (1/1), chunk 20/37
[02:15:28 +6m 26s | thequantuminsider_2023_11_29_multiverse_computing_pioneers_quantum_digital_twin_project_t_017ef2b1] Extracting interactions: https://thequantuminsider.com/2023/11/29/multiverse-computing-pioneers-quantum-digital-twin-project-to-boost-green-hydrogen-production (1/1), chunk 21/37
[02:15:35 +6m 35s | thequantuminsider_2023_11_29_multiverse_computing_pioneers_quantum_digital_twin_project_t_017ef2b1] Extracting interactions: https://thequantuminsider.com/2023/11/29/multiverse-computing-pioneers-quantum-digital-twin-project-to-boost-green-hydrogen-production (1/1), chunk 26/37
[02:15:41 +6m 41s | thequantuminsider_2023_11_29_multiverse_computing_pioneers_quantum_digital_twin_project_t_017ef2b1] Extracting interactions: https://thequantuminsider.com/2023/11/29/multiverse-computing-pioneers-quantum-digital-twin-project-to-boost-green-hydrogen-production (1/1), chunk 27/37
[02:15:48 +6m 47s | thequantuminsider_2023_11_29_multiverse_computing_pioneers_quantum_digital_twin_project_t_017ef2b1] Extracting interactions: https://thequantuminsider.com/2023/11/29/multiverse-computing-pioneers-quantum-digital-twin-project-to-boost-green-hydrogen-production (1/1), chunk 28/37
[02:15:51 +6m 51s | thequantuminsider_2023_11_29_multiverse_computing_pioneers_quantum_digital_twin_project_t_017ef2b1] Extracting interactions: https://thequantuminsider.com/2023/11/29/multiverse-computing-pioneers-quantum-digital-twin-project-to-boost-green-hydrogen-production (1/1), chunk 29/37
[02:15:54 +6m 53s | thequantuminsider_2023_11_29_multiverse_computing_pioneers_quantum_digital_twin_project_t_017ef2b1] Extracting interactions: https://thequantuminsider.com/2023/11/29/multiverse-computing-pioneers-quantum-digital-twin-project-to-boost-green-hydrogen-production (1/1), chunk 30/37
[02:15:56 +6m 56s | thequantuminsider_2023_11_29_multiverse_computing_pioneers_quantum_digital_twin_project_t_017ef2b1] Extracting interactions: https://thequantuminsider.com/2023/11/29/multiverse-computing-pioneers-quantum-digital-twin-project-to-boost-green-hydrogen-production (1/1), chunk 31/37
[02:15:57 +6m 57s | thequantuminsider_2023_11_29_multiverse_computing_pioneers_quantum_digital_twin_project_t_017ef2b1] Extracting interactions: https://thequantuminsider.com/2023/11/29/multiverse-computing-pioneers-quantum-digital-twin-project-to-boost-green-hydrogen-production (1/1), chunk 32/37
[02:15:59 +6m 59s | thequantuminsider_2023_11_29_multiverse_computing_pioneers_quantum_digital_twin_project_t_017ef2b1] Extracting interactions: https://thequantuminsider.com/2023/11/29/multiverse-computing-pioneers-quantum-digital-twin-project-to-boost-green-hydrogen-production (1/1), chunk 33/37
[02:16:01 +7m 0s | thequantuminsider_2023_11_29_multiverse_computing_pioneers_quantum_digital_twin_project_t_017ef2b1] Extracting interactions: https://thequantuminsider.com/2023/11/29/multiverse-computing-pioneers-quantum-digital-twin-project-to-boost-green-hydrogen-production (1/1), chunk 35/37
[02:16:01 +7m 2s | thequantuminsider_2023_11_29_multiverse_computing_pioneers_quantum_digital_twin_project_t_017ef2b1] Extracting interactions: https://thequantuminsider.com/2023/11/29/multiverse-computing-pioneers-quantum-digital-twin-project-to-boost-green-hydrogen-production (1/1), chunk 36/37
[02:16:03 +7m 4s | thequantuminsider_2023_11_29_multiverse_computing_pioneers_quantum_digital_twin_project_t_017ef2b1] Extracting interactions: https://thequantuminsider.com/2023/11/29/multiverse-computing-pioneers-quantum-digital-twin-project-to-boost-green-hydrogen-production (1/1), chunk 37/37
[02:16:05 +7m 6s | thequantuminsider_2023_11_29_multiverse_computing_pioneers_quantum_digital_twin_project_t_017ef2b1] Saved 3_interaction_results.json with 11 extracted interactions.

[02:16:05 +7m 6s | thequantuminsider_2023_11_29_multiverse_computing_pioneers_quantum_digital_twin_project_t_017ef2b1] === 4 clean interactions ===
[02:16:05 +7m 6s | thequantuminsider_2023_11_29_multiverse_computing_pioneers_quantum_digital_twin_project_t_017ef2b1] Saved 4_edges.json with 1 cleaned interactions.

[02:16:05 +7m 6s | thequantuminsider_2023_11_29_multiverse_computing_pioneers_quantum_digital_twin_project_t_017ef2b1] === 5 helix enrichment ===
[02:16:05 +7m 6s | thequantuminsider_2023_11_29_multiverse_computing_pioneers_quantum_digital_twin_project_t_017ef2b1] Wrote 5_nodes.json (15 actors)
[02:16:05 +7m 6s | thequantuminsider_2023_11_29_multiverse_computing_pioneers_quantum_digital_twin_project_t_017ef2b1] Wrote 5_edges.json (1 interactions)
[02:16:05 +7m 6s | thequantuminsider_2023_11_29_multiverse_computing_pioneers_quantum_digital_twin_project_t_017ef2b1] Actor helix counts: {'Academia': 1, 'Civil Society': 2, 'Industry': 5, 'Unknown': 7}
[02:16:05 +7m 6s | thequantuminsider_2023_11_29_multiverse_computing_pioneers_quantum_digital_twin_project_t_017ef2b1] Functional-space counts: {'Intra-helix / Not classified': 1}

[02:16:05 +7m 6s | thequantuminsider_2023_11_29_multiverse_computing_pioneers_quantum_digital_twin_project_t_017ef2b1] === 6 network visualisation ===
[02:16:05 +7m 6s | thequantuminsider_2023_11_29_multiverse_computing_pioneers_quantum_digital_twin_project_t_017ef2b1] Wrote quantum_network.html
[02:16:05 +7m 6s | thequantuminsider_2023_11_29_multiverse_computing_pioneers_quantum_digital_twin_project_t_017ef2b1] Nodes: 15
[02:16:05 +7m 6s | thequantuminsider_2023_11_29_multiverse_computing_pioneers_quantum_digital_twin_project_t_017ef2b1] Edges: 1

[02:16:05 +7m 6s | thequantuminsider_2023_11_29_multiverse_computing_pioneers_quantum_digital_twin_project_t_017ef2b1] Done. Outputs written to: /home/lv/IDP/idpdeeptech/pipeline/news_outputs/thequantuminsider_2023_11_29_multiverse_computing_pioneers_quantum_digital_twin_project_t_017ef2b1
[02:16:05 +7m 6s | thequantuminsider_2023_11_29_multiverse_computing_pioneers_quantum_digital_twin_project_t_017ef2b1] Log: /home/lv/IDP/idpdeeptech/pipeline/news_outputs/thequantuminsider_2023_11_29_multiverse_computing_pioneers_quantum_digital_twin_project_t_017ef2b1/run.log

========================================================================
RUN FINISHED 2026-07-05 02:16:05  (OK)
Started:     2026-07-05 02:09:16
Elapsed:     7m 6s
========================================================================
