
========================================================================
RUN STARTED  2026-07-04 23:18:06
site_pipeline.py https://thequantuminsider.com/2023/12/19/unlocking-a-safer-tomorrow-with-bharat-ncap-a-quantum-leap-for-automotive-safety/
========================================================================

[23:18:06 +0s | thequantuminsider_2023_12_19_unlocking_a_safer_tomorrow_with_bharat_ncap_a_quantum_leap_f_e691658b] === 0 crawl site ===
[23:18:07 +2s | thequantuminsider_2023_12_19_unlocking_a_safer_tomorrow_with_bharat_ncap_a_quantum_leap_f_e691658b] [INIT].... → Crawl4AI 0.8.6 
[23:18:14 +8s | thequantuminsider_2023_12_19_unlocking_a_safer_tomorrow_with_bharat_ncap_a_quantum_leap_f_e691658b] [FETCH]... ↓ https://thequantuminsider.com/2023/12/19/unlocki...harat-ncap-a-quantum-leap-for-automotive-safety/  | ✓ | ⏱: 6.51s 
[23:18:14 +8s | thequantuminsider_2023_12_19_unlocking_a_safer_tomorrow_with_bharat_ncap_a_quantum_leap_f_e691658b] [SCRAPE].. ◆ https://thequantuminsider.com/2023/12/19/unlocki...harat-ncap-a-quantum-leap-for-automotive-safety/  | ✓ | ⏱: 0.10s 
[23:18:14 +8s | thequantuminsider_2023_12_19_unlocking_a_safer_tomorrow_with_bharat_ncap_a_quantum_leap_f_e691658b] [COMPLETE] ● https://thequantuminsider.com/2023/12/19/unlocki...harat-ncap-a-quantum-leap-for-automotive-safety/  | ✓ | ⏱: 6.62s 
[23:18:14 +8s | thequantuminsider_2023_12_19_unlocking_a_safer_tomorrow_with_bharat_ncap_a_quantum_leap_f_e691658b] Saved: crawl_output/96645778db_thequantuminsider.com_2023_12_19_unlocking-a-safer-tomorrow-with-bharat-ncap-a-quantum-leap-for-automotive-safety.json

[23:18:14 +9s | thequantuminsider_2023_12_19_unlocking_a_safer_tomorrow_with_bharat_ncap_a_quantum_leap_f_e691658b] === 1 actor extraction ===
[23:18:15 +9s | thequantuminsider_2023_12_19_unlocking_a_safer_tomorrow_with_bharat_ncap_a_quantum_leap_f_e691658b] Reading page (1/1): https://thequantuminsider.com/2023/12/19/unlocking-a-safer-tomorrow-with-bharat-ncap-a-quantum-leap-for-automotive-safety
[23:18:15 +9s | thequantuminsider_2023_12_19_unlocking_a_safer_tomorrow_with_bharat_ncap_a_quantum_leap_f_e691658b] Extracting actors: https://thequantuminsider.com/2023/12/19/unlocking-a-safer-tomorrow-with-bharat-ncap-a-quantum-leap-for-automotive-safety (1/1), chunk 1/36
[23:18:23 +17s | thequantuminsider_2023_12_19_unlocking_a_safer_tomorrow_with_bharat_ncap_a_quantum_leap_f_e691658b] Extracting actors: https://thequantuminsider.com/2023/12/19/unlocking-a-safer-tomorrow-with-bharat-ncap-a-quantum-leap-for-automotive-safety (1/1), chunk 2/36
[23:18:29 +23s | thequantuminsider_2023_12_19_unlocking_a_safer_tomorrow_with_bharat_ncap_a_quantum_leap_f_e691658b] Extracting actors: https://thequantuminsider.com/2023/12/19/unlocking-a-safer-tomorrow-with-bharat-ncap-a-quantum-leap-for-automotive-safety (1/1), chunk 3/36
[23:18:35 +29s | thequantuminsider_2023_12_19_unlocking_a_safer_tomorrow_with_bharat_ncap_a_quantum_leap_f_e691658b] Extracting actors: https://thequantuminsider.com/2023/12/19/unlocking-a-safer-tomorrow-with-bharat-ncap-a-quantum-leap-for-automotive-safety (1/1), chunk 4/36
[23:18:42 +36s | thequantuminsider_2023_12_19_unlocking_a_safer_tomorrow_with_bharat_ncap_a_quantum_leap_f_e691658b] Extracting actors: https://thequantuminsider.com/2023/12/19/unlocking-a-safer-tomorrow-with-bharat-ncap-a-quantum-leap-for-automotive-safety (1/1), chunk 5/36
[23:18:51 +45s | thequantuminsider_2023_12_19_unlocking_a_safer_tomorrow_with_bharat_ncap_a_quantum_leap_f_e691658b] Extracting actors: https://thequantuminsider.com/2023/12/19/unlocking-a-safer-tomorrow-with-bharat-ncap-a-quantum-leap-for-automotive-safety (1/1), chunk 6/36
[23:19:01 +55s | thequantuminsider_2023_12_19_unlocking_a_safer_tomorrow_with_bharat_ncap_a_quantum_leap_f_e691658b] Extracting actors: https://thequantuminsider.com/2023/12/19/unlocking-a-safer-tomorrow-with-bharat-ncap-a-quantum-leap-for-automotive-safety (1/1), chunk 7/36
[23:19:06 +1m 0s | thequantuminsider_2023_12_19_unlocking_a_safer_tomorrow_with_bharat_ncap_a_quantum_leap_f_e691658b] Extracting actors: https://thequantuminsider.com/2023/12/19/unlocking-a-safer-tomorrow-with-bharat-ncap-a-quantum-leap-for-automotive-safety (1/1), chunk 8/36
[23:19:14 +1m 8s | thequantuminsider_2023_12_19_unlocking_a_safer_tomorrow_with_bharat_ncap_a_quantum_leap_f_e691658b] Extracting actors: https://thequantuminsider.com/2023/12/19/unlocking-a-safer-tomorrow-with-bharat-ncap-a-quantum-leap-for-automotive-safety (1/1), chunk 9/36
[23:19:21 +1m 15s | thequantuminsider_2023_12_19_unlocking_a_safer_tomorrow_with_bharat_ncap_a_quantum_leap_f_e691658b] Extracting actors: https://thequantuminsider.com/2023/12/19/unlocking-a-safer-tomorrow-with-bharat-ncap-a-quantum-leap-for-automotive-safety (1/1), chunk 10/36
[23:19:27 +1m 21s | thequantuminsider_2023_12_19_unlocking_a_safer_tomorrow_with_bharat_ncap_a_quantum_leap_f_e691658b] Extracting actors: https://thequantuminsider.com/2023/12/19/unlocking-a-safer-tomorrow-with-bharat-ncap-a-quantum-leap-for-automotive-safety (1/1), chunk 11/36
[23:19:34 +1m 28s | thequantuminsider_2023_12_19_unlocking_a_safer_tomorrow_with_bharat_ncap_a_quantum_leap_f_e691658b] Extracting actors: https://thequantuminsider.com/2023/12/19/unlocking-a-safer-tomorrow-with-bharat-ncap-a-quantum-leap-for-automotive-safety (1/1), chunk 12/36
[23:19:45 +1m 39s | thequantuminsider_2023_12_19_unlocking_a_safer_tomorrow_with_bharat_ncap_a_quantum_leap_f_e691658b] Repaired malformed JSON.
[23:19:45 +1m 39s | thequantuminsider_2023_12_19_unlocking_a_safer_tomorrow_with_bharat_ncap_a_quantum_leap_f_e691658b] Extracting actors: https://thequantuminsider.com/2023/12/19/unlocking-a-safer-tomorrow-with-bharat-ncap-a-quantum-leap-for-automotive-safety (1/1), chunk 13/36
[23:19:54 +1m 48s | thequantuminsider_2023_12_19_unlocking_a_safer_tomorrow_with_bharat_ncap_a_quantum_leap_f_e691658b] Repaired malformed JSON.
[23:19:54 +1m 48s | thequantuminsider_2023_12_19_unlocking_a_safer_tomorrow_with_bharat_ncap_a_quantum_leap_f_e691658b] Extracting actors: https://thequantuminsider.com/2023/12/19/unlocking-a-safer-tomorrow-with-bharat-ncap-a-quantum-leap-for-automotive-safety (1/1), chunk 14/36
[23:20:03 +1m 57s | thequantuminsider_2023_12_19_unlocking_a_safer_tomorrow_with_bharat_ncap_a_quantum_leap_f_e691658b] Repaired malformed JSON.
[23:20:03 +1m 57s | thequantuminsider_2023_12_19_unlocking_a_safer_tomorrow_with_bharat_ncap_a_quantum_leap_f_e691658b] Extracting actors: https://thequantuminsider.com/2023/12/19/unlocking-a-safer-tomorrow-with-bharat-ncap-a-quantum-leap-for-automotive-safety (1/1), chunk 15/36
[23:20:15 +2m 9s | thequantuminsider_2023_12_19_unlocking_a_safer_tomorrow_with_bharat_ncap_a_quantum_leap_f_e691658b] Repaired malformed JSON.
[23:20:15 +2m 9s | thequantuminsider_2023_12_19_unlocking_a_safer_tomorrow_with_bharat_ncap_a_quantum_leap_f_e691658b] Extracting actors: https://thequantuminsider.com/2023/12/19/unlocking-a-safer-tomorrow-with-bharat-ncap-a-quantum-leap-for-automotive-safety (1/1), chunk 16/36
[23:20:23 +2m 17s | thequantuminsider_2023_12_19_unlocking_a_safer_tomorrow_with_bharat_ncap_a_quantum_leap_f_e691658b] Repaired malformed JSON.
[23:20:23 +2m 17s | thequantuminsider_2023_12_19_unlocking_a_safer_tomorrow_with_bharat_ncap_a_quantum_leap_f_e691658b] Extracting actors: https://thequantuminsider.com/2023/12/19/unlocking-a-safer-tomorrow-with-bharat-ncap-a-quantum-leap-for-automotive-safety (1/1), chunk 17/36
[23:20:31 +2m 26s | thequantuminsider_2023_12_19_unlocking_a_safer_tomorrow_with_bharat_ncap_a_quantum_leap_f_e691658b] Repaired malformed JSON.
[23:20:31 +2m 26s | thequantuminsider_2023_12_19_unlocking_a_safer_tomorrow_with_bharat_ncap_a_quantum_leap_f_e691658b] Extracting actors: https://thequantuminsider.com/2023/12/19/unlocking-a-safer-tomorrow-with-bharat-ncap-a-quantum-leap-for-automotive-safety (1/1), chunk 18/36
[23:20:41 +2m 35s | thequantuminsider_2023_12_19_unlocking_a_safer_tomorrow_with_bharat_ncap_a_quantum_leap_f_e691658b] Repaired malformed JSON.
[23:20:41 +2m 35s | thequantuminsider_2023_12_19_unlocking_a_safer_tomorrow_with_bharat_ncap_a_quantum_leap_f_e691658b] Extracting actors: https://thequantuminsider.com/2023/12/19/unlocking-a-safer-tomorrow-with-bharat-ncap-a-quantum-leap-for-automotive-safety (1/1), chunk 19/36
[23:21:06 +3m 0s | thequantuminsider_2023_12_19_unlocking_a_safer_tomorrow_with_bharat_ncap_a_quantum_leap_f_e691658b] Repaired malformed JSON.
[23:21:06 +3m 0s | thequantuminsider_2023_12_19_unlocking_a_safer_tomorrow_with_bharat_ncap_a_quantum_leap_f_e691658b] Extracting actors: https://thequantuminsider.com/2023/12/19/unlocking-a-safer-tomorrow-with-bharat-ncap-a-quantum-leap-for-automotive-safety (1/1), chunk 20/36
[23:21:34 +3m 29s | thequantuminsider_2023_12_19_unlocking_a_safer_tomorrow_with_bharat_ncap_a_quantum_leap_f_e691658b] Repaired malformed JSON.
[23:21:34 +3m 29s | thequantuminsider_2023_12_19_unlocking_a_safer_tomorrow_with_bharat_ncap_a_quantum_leap_f_e691658b] Extracting actors: https://thequantuminsider.com/2023/12/19/unlocking-a-safer-tomorrow-with-bharat-ncap-a-quantum-leap-for-automotive-safety (1/1), chunk 21/36
[23:21:42 +3m 36s | thequantuminsider_2023_12_19_unlocking_a_safer_tomorrow_with_bharat_ncap_a_quantum_leap_f_e691658b] Repaired malformed JSON.
[23:21:42 +3m 36s | thequantuminsider_2023_12_19_unlocking_a_safer_tomorrow_with_bharat_ncap_a_quantum_leap_f_e691658b] Extracting actors: https://thequantuminsider.com/2023/12/19/unlocking-a-safer-tomorrow-with-bharat-ncap-a-quantum-leap-for-automotive-safety (1/1), chunk 22/36
[23:22:05 +3m 59s | thequantuminsider_2023_12_19_unlocking_a_safer_tomorrow_with_bharat_ncap_a_quantum_leap_f_e691658b] Repaired malformed JSON.
[23:22:05 +3m 59s | thequantuminsider_2023_12_19_unlocking_a_safer_tomorrow_with_bharat_ncap_a_quantum_leap_f_e691658b] Extracting actors: https://thequantuminsider.com/2023/12/19/unlocking-a-safer-tomorrow-with-bharat-ncap-a-quantum-leap-for-automotive-safety (1/1), chunk 23/36
[23:22:13 +4m 7s | thequantuminsider_2023_12_19_unlocking_a_safer_tomorrow_with_bharat_ncap_a_quantum_leap_f_e691658b] Repaired malformed JSON.
[23:22:13 +4m 7s | thequantuminsider_2023_12_19_unlocking_a_safer_tomorrow_with_bharat_ncap_a_quantum_leap_f_e691658b] Extracting actors: https://thequantuminsider.com/2023/12/19/unlocking-a-safer-tomorrow-with-bharat-ncap-a-quantum-leap-for-automotive-safety (1/1), chunk 24/36
[23:22:38 +4m 33s | thequantuminsider_2023_12_19_unlocking_a_safer_tomorrow_with_bharat_ncap_a_quantum_leap_f_e691658b] Repaired malformed JSON.
[23:22:38 +4m 33s | thequantuminsider_2023_12_19_unlocking_a_safer_tomorrow_with_bharat_ncap_a_quantum_leap_f_e691658b] Extracting actors: https://thequantuminsider.com/2023/12/19/unlocking-a-safer-tomorrow-with-bharat-ncap-a-quantum-leap-for-automotive-safety (1/1), chunk 25/36
[23:22:54 +4m 49s | thequantuminsider_2023_12_19_unlocking_a_safer_tomorrow_with_bharat_ncap_a_quantum_leap_f_e691658b] Repaired malformed JSON.
[23:22:54 +4m 49s | thequantuminsider_2023_12_19_unlocking_a_safer_tomorrow_with_bharat_ncap_a_quantum_leap_f_e691658b] Extracting actors: https://thequantuminsider.com/2023/12/19/unlocking-a-safer-tomorrow-with-bharat-ncap-a-quantum-leap-for-automotive-safety (1/1), chunk 26/36
[23:23:02 +4m 57s | thequantuminsider_2023_12_19_unlocking_a_safer_tomorrow_with_bharat_ncap_a_quantum_leap_f_e691658b] Repaired malformed JSON.
[23:23:02 +4m 57s | thequantuminsider_2023_12_19_unlocking_a_safer_tomorrow_with_bharat_ncap_a_quantum_leap_f_e691658b] Extracting actors: https://thequantuminsider.com/2023/12/19/unlocking-a-safer-tomorrow-with-bharat-ncap-a-quantum-leap-for-automotive-safety (1/1), chunk 27/36
[23:23:12 +5m 7s | thequantuminsider_2023_12_19_unlocking_a_safer_tomorrow_with_bharat_ncap_a_quantum_leap_f_e691658b] Extracting actors: https://thequantuminsider.com/2023/12/19/unlocking-a-safer-tomorrow-with-bharat-ncap-a-quantum-leap-for-automotive-safety (1/1), chunk 28/36
[23:23:23 +5m 17s | thequantuminsider_2023_12_19_unlocking_a_safer_tomorrow_with_bharat_ncap_a_quantum_leap_f_e691658b] Repaired malformed JSON.
[23:23:23 +5m 17s | thequantuminsider_2023_12_19_unlocking_a_safer_tomorrow_with_bharat_ncap_a_quantum_leap_f_e691658b] Extracting actors: https://thequantuminsider.com/2023/12/19/unlocking-a-safer-tomorrow-with-bharat-ncap-a-quantum-leap-for-automotive-safety (1/1), chunk 29/36
[23:23:31 +5m 25s | thequantuminsider_2023_12_19_unlocking_a_safer_tomorrow_with_bharat_ncap_a_quantum_leap_f_e691658b] Repaired malformed JSON.
[23:23:31 +5m 25s | thequantuminsider_2023_12_19_unlocking_a_safer_tomorrow_with_bharat_ncap_a_quantum_leap_f_e691658b] Extracting actors: https://thequantuminsider.com/2023/12/19/unlocking-a-safer-tomorrow-with-bharat-ncap-a-quantum-leap-for-automotive-safety (1/1), chunk 30/36
[23:23:39 +5m 33s | thequantuminsider_2023_12_19_unlocking_a_safer_tomorrow_with_bharat_ncap_a_quantum_leap_f_e691658b] Repaired malformed JSON.
[23:23:39 +5m 33s | thequantuminsider_2023_12_19_unlocking_a_safer_tomorrow_with_bharat_ncap_a_quantum_leap_f_e691658b] Extracting actors: https://thequantuminsider.com/2023/12/19/unlocking-a-safer-tomorrow-with-bharat-ncap-a-quantum-leap-for-automotive-safety (1/1), chunk 31/36
[23:23:46 +5m 40s | thequantuminsider_2023_12_19_unlocking_a_safer_tomorrow_with_bharat_ncap_a_quantum_leap_f_e691658b] Repaired malformed JSON.
[23:23:46 +5m 40s | thequantuminsider_2023_12_19_unlocking_a_safer_tomorrow_with_bharat_ncap_a_quantum_leap_f_e691658b] Extracting actors: https://thequantuminsider.com/2023/12/19/unlocking-a-safer-tomorrow-with-bharat-ncap-a-quantum-leap-for-automotive-safety (1/1), chunk 32/36
[23:23:55 +5m 49s | thequantuminsider_2023_12_19_unlocking_a_safer_tomorrow_with_bharat_ncap_a_quantum_leap_f_e691658b] Repaired malformed JSON.
[23:23:55 +5m 49s | thequantuminsider_2023_12_19_unlocking_a_safer_tomorrow_with_bharat_ncap_a_quantum_leap_f_e691658b] Extracting actors: https://thequantuminsider.com/2023/12/19/unlocking-a-safer-tomorrow-with-bharat-ncap-a-quantum-leap-for-automotive-safety (1/1), chunk 33/36
[23:24:05 +5m 59s | thequantuminsider_2023_12_19_unlocking_a_safer_tomorrow_with_bharat_ncap_a_quantum_leap_f_e691658b] Repaired malformed JSON.
[23:24:05 +5m 59s | thequantuminsider_2023_12_19_unlocking_a_safer_tomorrow_with_bharat_ncap_a_quantum_leap_f_e691658b] Extracting actors: https://thequantuminsider.com/2023/12/19/unlocking-a-safer-tomorrow-with-bharat-ncap-a-quantum-leap-for-automotive-safety (1/1), chunk 34/36
[23:24:16 +6m 11s | thequantuminsider_2023_12_19_unlocking_a_safer_tomorrow_with_bharat_ncap_a_quantum_leap_f_e691658b] Repaired malformed JSON.
[23:24:16 +6m 11s | thequantuminsider_2023_12_19_unlocking_a_safer_tomorrow_with_bharat_ncap_a_quantum_leap_f_e691658b] Extracting actors: https://thequantuminsider.com/2023/12/19/unlocking-a-safer-tomorrow-with-bharat-ncap-a-quantum-leap-for-automotive-safety (1/1), chunk 35/36
[23:24:26 +6m 20s | thequantuminsider_2023_12_19_unlocking_a_safer_tomorrow_with_bharat_ncap_a_quantum_leap_f_e691658b] Repaired malformed JSON.
[23:24:26 +6m 20s | thequantuminsider_2023_12_19_unlocking_a_safer_tomorrow_with_bharat_ncap_a_quantum_leap_f_e691658b] Extracting actors: https://thequantuminsider.com/2023/12/19/unlocking-a-safer-tomorrow-with-bharat-ncap-a-quantum-leap-for-automotive-safety (1/1), chunk 36/36
[23:24:37 +6m 31s | thequantuminsider_2023_12_19_unlocking_a_safer_tomorrow_with_bharat_ncap_a_quantum_leap_f_e691658b] Repaired malformed JSON.
[23:24:37 +6m 31s | thequantuminsider_2023_12_19_unlocking_a_safer_tomorrow_with_bharat_ncap_a_quantum_leap_f_e691658b] Saved 1_actor_results.json with 57 extracted records

[23:24:37 +6m 31s | thequantuminsider_2023_12_19_unlocking_a_safer_tomorrow_with_bharat_ncap_a_quantum_leap_f_e691658b] === 2 clean actors ===
[23:24:37 +6m 31s | thequantuminsider_2023_12_19_unlocking_a_safer_tomorrow_with_bharat_ncap_a_quantum_leap_f_e691658b] Traceback (most recent call last):
[23:24:37 +6m 31s | thequantuminsider_2023_12_19_unlocking_a_safer_tomorrow_with_bharat_ncap_a_quantum_leap_f_e691658b]   File "/home/lv/IDP/idpdeeptech/pipeline/clean_actors.py", line 429, in <module>
[23:24:37 +6m 31s | thequantuminsider_2023_12_19_unlocking_a_safer_tomorrow_with_bharat_ncap_a_quantum_leap_f_e691658b]     main()
[23:24:37 +6m 31s | thequantuminsider_2023_12_19_unlocking_a_safer_tomorrow_with_bharat_ncap_a_quantum_leap_f_e691658b]   File "/home/lv/IDP/idpdeeptech/pipeline/clean_actors.py", line 416, in main
[23:24:37 +6m 31s | thequantuminsider_2023_12_19_unlocking_a_safer_tomorrow_with_bharat_ncap_a_quantum_leap_f_e691658b]     records = json.loads(INPUT_JSON.read_text(encoding="utf-8"))
[23:24:37 +6m 31s | thequantuminsider_2023_12_19_unlocking_a_safer_tomorrow_with_bharat_ncap_a_quantum_leap_f_e691658b]   File "/usr/lib/python3.10/pathlib.py", line 1134, in read_text
[23:24:37 +6m 31s | thequantuminsider_2023_12_19_unlocking_a_safer_tomorrow_with_bharat_ncap_a_quantum_leap_f_e691658b]     with self.open(mode='r', encoding=encoding, errors=errors) as f:
[23:24:37 +6m 31s | thequantuminsider_2023_12_19_unlocking_a_safer_tomorrow_with_bharat_ncap_a_quantum_leap_f_e691658b]   File "/usr/lib/python3.10/pathlib.py", line 1119, in open
[23:24:37 +6m 31s | thequantuminsider_2023_12_19_unlocking_a_safer_tomorrow_with_bharat_ncap_a_quantum_leap_f_e691658b]     return self._accessor.open(self, mode, buffering, encoding, errors,
[23:24:37 +6m 31s | thequantuminsider_2023_12_19_unlocking_a_safer_tomorrow_with_bharat_ncap_a_quantum_leap_f_e691658b] FileNotFoundError: [Errno 2] No such file or directory: 'site_outputs/psiquantum_com/1_actor_results_pdf.json'

========================================================================
RUN FINISHED 2026-07-04 23:24:37  (FAILED)
Started:     2026-07-04 23:18:06
Elapsed:     6m 31s
========================================================================

========================================================================
RUN STARTED  2026-07-05 00:07:40
site_pipeline.py https://thequantuminsider.com/2023/12/19/unlocking-a-safer-tomorrow-with-bharat-ncap-a-quantum-leap-for-automotive-safety/
========================================================================

[00:07:40 +0s | thequantuminsider_2023_12_19_unlocking_a_safer_tomorrow_with_bharat_ncap_a_quantum_leap_f_e691658b] === 0 crawl site (skipped via auto (actor data already exists; pass --force to re-crawl), reusing /home/lv/IDP/idpdeeptech/pipeline/news_outputs/thequantuminsider_2023_12_19_unlocking_a_safer_tomorrow_with_bharat_ncap_a_quantum_leap_f_e691658b/crawl_output) ===

[00:07:40 +0s | thequantuminsider_2023_12_19_unlocking_a_safer_tomorrow_with_bharat_ncap_a_quantum_leap_f_e691658b] === 1 actor extraction ===
[00:07:41 +0s | thequantuminsider_2023_12_19_unlocking_a_safer_tomorrow_with_bharat_ncap_a_quantum_leap_f_e691658b] Auto-resume: 1 (url, ordinal) pairs already done, skipping them.
[00:07:41 +0s | thequantuminsider_2023_12_19_unlocking_a_safer_tomorrow_with_bharat_ncap_a_quantum_leap_f_e691658b] All 1 pages/URLs already processed (per 1_actor_results.progress.json). Nothing to do.
[00:07:41 +0s | thequantuminsider_2023_12_19_unlocking_a_safer_tomorrow_with_bharat_ncap_a_quantum_leap_f_e691658b] Delete the progress sidecar to force a full re-run, or pass --start-page N.

[00:07:41 +0s | thequantuminsider_2023_12_19_unlocking_a_safer_tomorrow_with_bharat_ncap_a_quantum_leap_f_e691658b] === 2 clean actors ===
[00:07:41 +0s | thequantuminsider_2023_12_19_unlocking_a_safer_tomorrow_with_bharat_ncap_a_quantum_leap_f_e691658b] Loaded 57 extracted records
[00:07:41 +0s | thequantuminsider_2023_12_19_unlocking_a_safer_tomorrow_with_bharat_ncap_a_quantum_leap_f_e691658b] Saved 2_actor_nodes.json with 15 canonical actor nodes

[00:07:41 +0s | thequantuminsider_2023_12_19_unlocking_a_safer_tomorrow_with_bharat_ncap_a_quantum_leap_f_e691658b] === 3 interaction extraction ===
[00:07:41 +0s | thequantuminsider_2023_12_19_unlocking_a_safer_tomorrow_with_bharat_ncap_a_quantum_leap_f_e691658b] Extracting interactions: https://thequantuminsider.com/2023/12/19/unlocking-a-safer-tomorrow-with-bharat-ncap-a-quantum-leap-for-automotive-safety (1/1), chunk 11/36
[00:07:46 +5s | thequantuminsider_2023_12_19_unlocking_a_safer_tomorrow_with_bharat_ncap_a_quantum_leap_f_e691658b] Extracting interactions: https://thequantuminsider.com/2023/12/19/unlocking-a-safer-tomorrow-with-bharat-ncap-a-quantum-leap-for-automotive-safety (1/1), chunk 12/36
[00:07:57 +16s | thequantuminsider_2023_12_19_unlocking_a_safer_tomorrow_with_bharat_ncap_a_quantum_leap_f_e691658b] Extracting interactions: https://thequantuminsider.com/2023/12/19/unlocking-a-safer-tomorrow-with-bharat-ncap-a-quantum-leap-for-automotive-safety (1/1), chunk 13/36
[00:08:18 +38s | thequantuminsider_2023_12_19_unlocking_a_safer_tomorrow_with_bharat_ncap_a_quantum_leap_f_e691658b] Extracting interactions: https://thequantuminsider.com/2023/12/19/unlocking-a-safer-tomorrow-with-bharat-ncap-a-quantum-leap-for-automotive-safety (1/1), chunk 14/36
[00:08:46 +1m 7s | thequantuminsider_2023_12_19_unlocking_a_safer_tomorrow_with_bharat_ncap_a_quantum_leap_f_e691658b] Extracting interactions: https://thequantuminsider.com/2023/12/19/unlocking-a-safer-tomorrow-with-bharat-ncap-a-quantum-leap-for-automotive-safety (1/1), chunk 15/36
[00:08:55 +1m 16s | thequantuminsider_2023_12_19_unlocking_a_safer_tomorrow_with_bharat_ncap_a_quantum_leap_f_e691658b] Extracting interactions: https://thequantuminsider.com/2023/12/19/unlocking-a-safer-tomorrow-with-bharat-ncap-a-quantum-leap-for-automotive-safety (1/1), chunk 16/36
[00:09:01 +1m 22s | thequantuminsider_2023_12_19_unlocking_a_safer_tomorrow_with_bharat_ncap_a_quantum_leap_f_e691658b] Extracting interactions: https://thequantuminsider.com/2023/12/19/unlocking-a-safer-tomorrow-with-bharat-ncap-a-quantum-leap-for-automotive-safety (1/1), chunk 17/36
[00:09:09 +1m 30s | thequantuminsider_2023_12_19_unlocking_a_safer_tomorrow_with_bharat_ncap_a_quantum_leap_f_e691658b] Extracting interactions: https://thequantuminsider.com/2023/12/19/unlocking-a-safer-tomorrow-with-bharat-ncap-a-quantum-leap-for-automotive-safety (1/1), chunk 18/36
[00:09:17 +1m 39s | thequantuminsider_2023_12_19_unlocking_a_safer_tomorrow_with_bharat_ncap_a_quantum_leap_f_e691658b] Extracting interactions: https://thequantuminsider.com/2023/12/19/unlocking-a-safer-tomorrow-with-bharat-ncap-a-quantum-leap-for-automotive-safety (1/1), chunk 19/36
[00:09:19 +1m 40s | thequantuminsider_2023_12_19_unlocking_a_safer_tomorrow_with_bharat_ncap_a_quantum_leap_f_e691658b] Extracting interactions: https://thequantuminsider.com/2023/12/19/unlocking-a-safer-tomorrow-with-bharat-ncap-a-quantum-leap-for-automotive-safety (1/1), chunk 20/36
[00:09:21 +1m 42s | thequantuminsider_2023_12_19_unlocking_a_safer_tomorrow_with_bharat_ncap_a_quantum_leap_f_e691658b] Extracting interactions: https://thequantuminsider.com/2023/12/19/unlocking-a-safer-tomorrow-with-bharat-ncap-a-quantum-leap-for-automotive-safety (1/1), chunk 22/36
[00:09:22 +1m 44s | thequantuminsider_2023_12_19_unlocking_a_safer_tomorrow_with_bharat_ncap_a_quantum_leap_f_e691658b] Extracting interactions: https://thequantuminsider.com/2023/12/19/unlocking-a-safer-tomorrow-with-bharat-ncap-a-quantum-leap-for-automotive-safety (1/1), chunk 23/36
[00:09:27 +1m 49s | thequantuminsider_2023_12_19_unlocking_a_safer_tomorrow_with_bharat_ncap_a_quantum_leap_f_e691658b] Extracting interactions: https://thequantuminsider.com/2023/12/19/unlocking-a-safer-tomorrow-with-bharat-ncap-a-quantum-leap-for-automotive-safety (1/1), chunk 26/36
[00:09:30 +1m 51s | thequantuminsider_2023_12_19_unlocking_a_safer_tomorrow_with_bharat_ncap_a_quantum_leap_f_e691658b] Extracting interactions: https://thequantuminsider.com/2023/12/19/unlocking-a-safer-tomorrow-with-bharat-ncap-a-quantum-leap-for-automotive-safety (1/1), chunk 28/36
[00:09:36 +1m 58s | thequantuminsider_2023_12_19_unlocking_a_safer_tomorrow_with_bharat_ncap_a_quantum_leap_f_e691658b] Extracting interactions: https://thequantuminsider.com/2023/12/19/unlocking-a-safer-tomorrow-with-bharat-ncap-a-quantum-leap-for-automotive-safety (1/1), chunk 29/36
[00:09:40 +2m 1s | thequantuminsider_2023_12_19_unlocking_a_safer_tomorrow_with_bharat_ncap_a_quantum_leap_f_e691658b] Extracting interactions: https://thequantuminsider.com/2023/12/19/unlocking-a-safer-tomorrow-with-bharat-ncap-a-quantum-leap-for-automotive-safety (1/1), chunk 30/36
[00:09:42 +2m 3s | thequantuminsider_2023_12_19_unlocking_a_safer_tomorrow_with_bharat_ncap_a_quantum_leap_f_e691658b] Extracting interactions: https://thequantuminsider.com/2023/12/19/unlocking-a-safer-tomorrow-with-bharat-ncap-a-quantum-leap-for-automotive-safety (1/1), chunk 32/36
[00:09:43 +2m 5s | thequantuminsider_2023_12_19_unlocking_a_safer_tomorrow_with_bharat_ncap_a_quantum_leap_f_e691658b] Extracting interactions: https://thequantuminsider.com/2023/12/19/unlocking-a-safer-tomorrow-with-bharat-ncap-a-quantum-leap-for-automotive-safety (1/1), chunk 33/36
[00:09:47 +2m 9s | thequantuminsider_2023_12_19_unlocking_a_safer_tomorrow_with_bharat_ncap_a_quantum_leap_f_e691658b] Extracting interactions: https://thequantuminsider.com/2023/12/19/unlocking-a-safer-tomorrow-with-bharat-ncap-a-quantum-leap-for-automotive-safety (1/1), chunk 34/36
[00:09:49 +2m 11s | thequantuminsider_2023_12_19_unlocking_a_safer_tomorrow_with_bharat_ncap_a_quantum_leap_f_e691658b] Saved 3_interaction_results.json with 20 extracted interactions.

[00:09:49 +2m 11s | thequantuminsider_2023_12_19_unlocking_a_safer_tomorrow_with_bharat_ncap_a_quantum_leap_f_e691658b] === 4 clean interactions ===
[00:09:49 +2m 11s | thequantuminsider_2023_12_19_unlocking_a_safer_tomorrow_with_bharat_ncap_a_quantum_leap_f_e691658b] Saved 4_edges.json with 1 cleaned interactions.

[00:09:49 +2m 11s | thequantuminsider_2023_12_19_unlocking_a_safer_tomorrow_with_bharat_ncap_a_quantum_leap_f_e691658b] === 5 helix enrichment ===
[00:09:49 +2m 11s | thequantuminsider_2023_12_19_unlocking_a_safer_tomorrow_with_bharat_ncap_a_quantum_leap_f_e691658b] Wrote 5_nodes.json (15 actors)
[00:09:49 +2m 11s | thequantuminsider_2023_12_19_unlocking_a_safer_tomorrow_with_bharat_ncap_a_quantum_leap_f_e691658b] Wrote 5_edges.json (1 interactions)
[00:09:49 +2m 11s | thequantuminsider_2023_12_19_unlocking_a_safer_tomorrow_with_bharat_ncap_a_quantum_leap_f_e691658b] Actor helix counts: {'Civil Society': 3, 'Government': 2, 'Industry': 3, 'Intermediary': 1, 'Unknown': 6}
[00:09:49 +2m 11s | thequantuminsider_2023_12_19_unlocking_a_safer_tomorrow_with_bharat_ncap_a_quantum_leap_f_e691658b] Functional-space counts: {'Intra-helix / Not classified': 1}

[00:09:49 +2m 11s | thequantuminsider_2023_12_19_unlocking_a_safer_tomorrow_with_bharat_ncap_a_quantum_leap_f_e691658b] === 6 network visualisation ===
[00:09:50 +2m 12s | thequantuminsider_2023_12_19_unlocking_a_safer_tomorrow_with_bharat_ncap_a_quantum_leap_f_e691658b] Wrote quantum_network.html
[00:09:50 +2m 12s | thequantuminsider_2023_12_19_unlocking_a_safer_tomorrow_with_bharat_ncap_a_quantum_leap_f_e691658b] Nodes: 15
[00:09:50 +2m 12s | thequantuminsider_2023_12_19_unlocking_a_safer_tomorrow_with_bharat_ncap_a_quantum_leap_f_e691658b] Edges: 1

[00:09:50 +2m 12s | thequantuminsider_2023_12_19_unlocking_a_safer_tomorrow_with_bharat_ncap_a_quantum_leap_f_e691658b] Done. Outputs written to: /home/lv/IDP/idpdeeptech/pipeline/news_outputs/thequantuminsider_2023_12_19_unlocking_a_safer_tomorrow_with_bharat_ncap_a_quantum_leap_f_e691658b
[00:09:50 +2m 12s | thequantuminsider_2023_12_19_unlocking_a_safer_tomorrow_with_bharat_ncap_a_quantum_leap_f_e691658b] Log: /home/lv/IDP/idpdeeptech/pipeline/news_outputs/thequantuminsider_2023_12_19_unlocking_a_safer_tomorrow_with_bharat_ncap_a_quantum_leap_f_e691658b/run.log

========================================================================
RUN FINISHED 2026-07-05 00:09:50  (OK)
Started:     2026-07-05 00:07:40
Elapsed:     2m 12s
========================================================================
