
========================================================================
RUN STARTED  2026-07-04 22:33:48
site_pipeline.py https://thequantuminsider.com/2024/01/08/spiking-nano-oscillators-provide-new-insight-into-quantum-materials-and-advanced-computing/
========================================================================

[22:33:48 +0s | thequantuminsider_2024_01_08_spiking_nano_oscillators_provide_new_insight_into_quantum_ma_1a0f4d89] === 0 crawl site ===
[22:33:49 +1s | thequantuminsider_2024_01_08_spiking_nano_oscillators_provide_new_insight_into_quantum_ma_1a0f4d89] [INIT].... → Crawl4AI 0.8.6 
[22:33:53 +5s | thequantuminsider_2024_01_08_spiking_nano_oscillators_provide_new_insight_into_quantum_ma_1a0f4d89] [FETCH]... ↓ https://thequantuminsider.com/2024/01/08/spiking...t-into-quantum-materials-and-advanced-computing/  | ✓ | ⏱: 3.37s 
[22:33:53 +5s | thequantuminsider_2024_01_08_spiking_nano_oscillators_provide_new_insight_into_quantum_ma_1a0f4d89] [SCRAPE].. ◆ https://thequantuminsider.com/2024/01/08/spiking...t-into-quantum-materials-and-advanced-computing/  | ✓ | ⏱: 0.12s 
[22:33:53 +5s | thequantuminsider_2024_01_08_spiking_nano_oscillators_provide_new_insight_into_quantum_ma_1a0f4d89] [COMPLETE] ● https://thequantuminsider.com/2024/01/08/spiking...t-into-quantum-materials-and-advanced-computing/  | ✓ | ⏱: 3.51s 
[22:33:53 +5s | thequantuminsider_2024_01_08_spiking_nano_oscillators_provide_new_insight_into_quantum_ma_1a0f4d89] Saved: crawl_output/baf6d3139e_thequantuminsider.com_2024_01_08_spiking-nano-oscillators-provide-new-insight-into-quantum-materials-and-advanced-computing.json

[22:33:53 +5s | thequantuminsider_2024_01_08_spiking_nano_oscillators_provide_new_insight_into_quantum_ma_1a0f4d89] === 1 actor extraction ===
[22:33:53 +5s | thequantuminsider_2024_01_08_spiking_nano_oscillators_provide_new_insight_into_quantum_ma_1a0f4d89] Reading page (1/1): https://thequantuminsider.com/2024/01/08/spiking-nano-oscillators-provide-new-insight-into-quantum-materials-and-advanced-computing
[22:33:53 +5s | thequantuminsider_2024_01_08_spiking_nano_oscillators_provide_new_insight_into_quantum_ma_1a0f4d89] Extracting actors: https://thequantuminsider.com/2024/01/08/spiking-nano-oscillators-provide-new-insight-into-quantum-materials-and-advanced-computing (1/1), chunk 1/37
[22:33:59 +12s | thequantuminsider_2024_01_08_spiking_nano_oscillators_provide_new_insight_into_quantum_ma_1a0f4d89] Extracting actors: https://thequantuminsider.com/2024/01/08/spiking-nano-oscillators-provide-new-insight-into-quantum-materials-and-advanced-computing (1/1), chunk 2/37
[22:34:04 +16s | thequantuminsider_2024_01_08_spiking_nano_oscillators_provide_new_insight_into_quantum_ma_1a0f4d89] Extracting actors: https://thequantuminsider.com/2024/01/08/spiking-nano-oscillators-provide-new-insight-into-quantum-materials-and-advanced-computing (1/1), chunk 3/37
[22:34:12 +24s | thequantuminsider_2024_01_08_spiking_nano_oscillators_provide_new_insight_into_quantum_ma_1a0f4d89] Extracting actors: https://thequantuminsider.com/2024/01/08/spiking-nano-oscillators-provide-new-insight-into-quantum-materials-and-advanced-computing (1/1), chunk 4/37
[22:34:18 +30s | thequantuminsider_2024_01_08_spiking_nano_oscillators_provide_new_insight_into_quantum_ma_1a0f4d89] Extracting actors: https://thequantuminsider.com/2024/01/08/spiking-nano-oscillators-provide-new-insight-into-quantum-materials-and-advanced-computing (1/1), chunk 5/37
[22:34:22 +34s | thequantuminsider_2024_01_08_spiking_nano_oscillators_provide_new_insight_into_quantum_ma_1a0f4d89] Extracting actors: https://thequantuminsider.com/2024/01/08/spiking-nano-oscillators-provide-new-insight-into-quantum-materials-and-advanced-computing (1/1), chunk 6/37
[22:34:30 +42s | thequantuminsider_2024_01_08_spiking_nano_oscillators_provide_new_insight_into_quantum_ma_1a0f4d89] Extracting actors: https://thequantuminsider.com/2024/01/08/spiking-nano-oscillators-provide-new-insight-into-quantum-materials-and-advanced-computing (1/1), chunk 7/37
[22:34:37 +49s | thequantuminsider_2024_01_08_spiking_nano_oscillators_provide_new_insight_into_quantum_ma_1a0f4d89] Extracting actors: https://thequantuminsider.com/2024/01/08/spiking-nano-oscillators-provide-new-insight-into-quantum-materials-and-advanced-computing (1/1), chunk 8/37
[22:34:42 +54s | thequantuminsider_2024_01_08_spiking_nano_oscillators_provide_new_insight_into_quantum_ma_1a0f4d89] Extracting actors: https://thequantuminsider.com/2024/01/08/spiking-nano-oscillators-provide-new-insight-into-quantum-materials-and-advanced-computing (1/1), chunk 9/37
[22:34:50 +1m 2s | thequantuminsider_2024_01_08_spiking_nano_oscillators_provide_new_insight_into_quantum_ma_1a0f4d89] Extracting actors: https://thequantuminsider.com/2024/01/08/spiking-nano-oscillators-provide-new-insight-into-quantum-materials-and-advanced-computing (1/1), chunk 10/37
[22:34:57 +1m 9s | thequantuminsider_2024_01_08_spiking_nano_oscillators_provide_new_insight_into_quantum_ma_1a0f4d89] Extracting actors: https://thequantuminsider.com/2024/01/08/spiking-nano-oscillators-provide-new-insight-into-quantum-materials-and-advanced-computing (1/1), chunk 11/37
[22:35:02 +1m 15s | thequantuminsider_2024_01_08_spiking_nano_oscillators_provide_new_insight_into_quantum_ma_1a0f4d89] Extracting actors: https://thequantuminsider.com/2024/01/08/spiking-nano-oscillators-provide-new-insight-into-quantum-materials-and-advanced-computing (1/1), chunk 12/37
[22:35:12 +1m 24s | thequantuminsider_2024_01_08_spiking_nano_oscillators_provide_new_insight_into_quantum_ma_1a0f4d89] Repaired malformed JSON.
[22:35:12 +1m 24s | thequantuminsider_2024_01_08_spiking_nano_oscillators_provide_new_insight_into_quantum_ma_1a0f4d89] Extracting actors: https://thequantuminsider.com/2024/01/08/spiking-nano-oscillators-provide-new-insight-into-quantum-materials-and-advanced-computing (1/1), chunk 13/37
[22:35:21 +1m 33s | thequantuminsider_2024_01_08_spiking_nano_oscillators_provide_new_insight_into_quantum_ma_1a0f4d89] Repaired malformed JSON.
[22:35:21 +1m 33s | thequantuminsider_2024_01_08_spiking_nano_oscillators_provide_new_insight_into_quantum_ma_1a0f4d89] Extracting actors: https://thequantuminsider.com/2024/01/08/spiking-nano-oscillators-provide-new-insight-into-quantum-materials-and-advanced-computing (1/1), chunk 14/37
[22:35:31 +1m 44s | thequantuminsider_2024_01_08_spiking_nano_oscillators_provide_new_insight_into_quantum_ma_1a0f4d89] Repaired malformed JSON.
[22:35:31 +1m 44s | thequantuminsider_2024_01_08_spiking_nano_oscillators_provide_new_insight_into_quantum_ma_1a0f4d89] Extracting actors: https://thequantuminsider.com/2024/01/08/spiking-nano-oscillators-provide-new-insight-into-quantum-materials-and-advanced-computing (1/1), chunk 15/37
[22:35:38 +1m 50s | thequantuminsider_2024_01_08_spiking_nano_oscillators_provide_new_insight_into_quantum_ma_1a0f4d89] Repaired malformed JSON.
[22:35:38 +1m 50s | thequantuminsider_2024_01_08_spiking_nano_oscillators_provide_new_insight_into_quantum_ma_1a0f4d89] Extracting actors: https://thequantuminsider.com/2024/01/08/spiking-nano-oscillators-provide-new-insight-into-quantum-materials-and-advanced-computing (1/1), chunk 16/37
[22:35:47 +1m 59s | thequantuminsider_2024_01_08_spiking_nano_oscillators_provide_new_insight_into_quantum_ma_1a0f4d89] Repaired malformed JSON.
[22:35:47 +1m 59s | thequantuminsider_2024_01_08_spiking_nano_oscillators_provide_new_insight_into_quantum_ma_1a0f4d89] Extracting actors: https://thequantuminsider.com/2024/01/08/spiking-nano-oscillators-provide-new-insight-into-quantum-materials-and-advanced-computing (1/1), chunk 17/37
[22:35:54 +2m 7s | thequantuminsider_2024_01_08_spiking_nano_oscillators_provide_new_insight_into_quantum_ma_1a0f4d89] Repaired malformed JSON.
[22:35:54 +2m 7s | thequantuminsider_2024_01_08_spiking_nano_oscillators_provide_new_insight_into_quantum_ma_1a0f4d89] Extracting actors: https://thequantuminsider.com/2024/01/08/spiking-nano-oscillators-provide-new-insight-into-quantum-materials-and-advanced-computing (1/1), chunk 18/37
[22:36:02 +2m 14s | thequantuminsider_2024_01_08_spiking_nano_oscillators_provide_new_insight_into_quantum_ma_1a0f4d89] Repaired malformed JSON.
[22:36:02 +2m 14s | thequantuminsider_2024_01_08_spiking_nano_oscillators_provide_new_insight_into_quantum_ma_1a0f4d89] Extracting actors: https://thequantuminsider.com/2024/01/08/spiking-nano-oscillators-provide-new-insight-into-quantum-materials-and-advanced-computing (1/1), chunk 19/37
[22:36:10 +2m 22s | thequantuminsider_2024_01_08_spiking_nano_oscillators_provide_new_insight_into_quantum_ma_1a0f4d89] Extracting actors: https://thequantuminsider.com/2024/01/08/spiking-nano-oscillators-provide-new-insight-into-quantum-materials-and-advanced-computing (1/1), chunk 20/37
[22:36:16 +2m 28s | thequantuminsider_2024_01_08_spiking_nano_oscillators_provide_new_insight_into_quantum_ma_1a0f4d89] Repaired malformed JSON.
[22:36:16 +2m 28s | thequantuminsider_2024_01_08_spiking_nano_oscillators_provide_new_insight_into_quantum_ma_1a0f4d89] Extracting actors: https://thequantuminsider.com/2024/01/08/spiking-nano-oscillators-provide-new-insight-into-quantum-materials-and-advanced-computing (1/1), chunk 21/37
[22:36:26 +2m 38s | thequantuminsider_2024_01_08_spiking_nano_oscillators_provide_new_insight_into_quantum_ma_1a0f4d89] Repaired malformed JSON.
[22:36:26 +2m 38s | thequantuminsider_2024_01_08_spiking_nano_oscillators_provide_new_insight_into_quantum_ma_1a0f4d89] Extracting actors: https://thequantuminsider.com/2024/01/08/spiking-nano-oscillators-provide-new-insight-into-quantum-materials-and-advanced-computing (1/1), chunk 22/37
[22:36:32 +2m 45s | thequantuminsider_2024_01_08_spiking_nano_oscillators_provide_new_insight_into_quantum_ma_1a0f4d89] Repaired malformed JSON.
[22:36:32 +2m 45s | thequantuminsider_2024_01_08_spiking_nano_oscillators_provide_new_insight_into_quantum_ma_1a0f4d89] Extracting actors: https://thequantuminsider.com/2024/01/08/spiking-nano-oscillators-provide-new-insight-into-quantum-materials-and-advanced-computing (1/1), chunk 23/37
[22:36:40 +2m 53s | thequantuminsider_2024_01_08_spiking_nano_oscillators_provide_new_insight_into_quantum_ma_1a0f4d89] Repaired malformed JSON.
[22:36:40 +2m 53s | thequantuminsider_2024_01_08_spiking_nano_oscillators_provide_new_insight_into_quantum_ma_1a0f4d89] Extracting actors: https://thequantuminsider.com/2024/01/08/spiking-nano-oscillators-provide-new-insight-into-quantum-materials-and-advanced-computing (1/1), chunk 24/37
[22:36:46 +2m 59s | thequantuminsider_2024_01_08_spiking_nano_oscillators_provide_new_insight_into_quantum_ma_1a0f4d89] Repaired malformed JSON.
[22:36:46 +2m 59s | thequantuminsider_2024_01_08_spiking_nano_oscillators_provide_new_insight_into_quantum_ma_1a0f4d89] Extracting actors: https://thequantuminsider.com/2024/01/08/spiking-nano-oscillators-provide-new-insight-into-quantum-materials-and-advanced-computing (1/1), chunk 25/37
[22:36:52 +3m 4s | thequantuminsider_2024_01_08_spiking_nano_oscillators_provide_new_insight_into_quantum_ma_1a0f4d89] Extracting actors: https://thequantuminsider.com/2024/01/08/spiking-nano-oscillators-provide-new-insight-into-quantum-materials-and-advanced-computing (1/1), chunk 26/37
[22:36:58 +3m 10s | thequantuminsider_2024_01_08_spiking_nano_oscillators_provide_new_insight_into_quantum_ma_1a0f4d89] Repaired malformed JSON.
[22:36:58 +3m 10s | thequantuminsider_2024_01_08_spiking_nano_oscillators_provide_new_insight_into_quantum_ma_1a0f4d89] Extracting actors: https://thequantuminsider.com/2024/01/08/spiking-nano-oscillators-provide-new-insight-into-quantum-materials-and-advanced-computing (1/1), chunk 27/37
[22:37:06 +3m 18s | thequantuminsider_2024_01_08_spiking_nano_oscillators_provide_new_insight_into_quantum_ma_1a0f4d89] Extracting actors: https://thequantuminsider.com/2024/01/08/spiking-nano-oscillators-provide-new-insight-into-quantum-materials-and-advanced-computing (1/1), chunk 28/37
[22:37:11 +3m 23s | thequantuminsider_2024_01_08_spiking_nano_oscillators_provide_new_insight_into_quantum_ma_1a0f4d89] Extracting actors: https://thequantuminsider.com/2024/01/08/spiking-nano-oscillators-provide-new-insight-into-quantum-materials-and-advanced-computing (1/1), chunk 29/37
[22:37:20 +3m 32s | thequantuminsider_2024_01_08_spiking_nano_oscillators_provide_new_insight_into_quantum_ma_1a0f4d89] Repaired malformed JSON.
[22:37:20 +3m 32s | thequantuminsider_2024_01_08_spiking_nano_oscillators_provide_new_insight_into_quantum_ma_1a0f4d89] Extracting actors: https://thequantuminsider.com/2024/01/08/spiking-nano-oscillators-provide-new-insight-into-quantum-materials-and-advanced-computing (1/1), chunk 30/37
[22:37:28 +3m 40s | thequantuminsider_2024_01_08_spiking_nano_oscillators_provide_new_insight_into_quantum_ma_1a0f4d89] Repaired malformed JSON.
[22:37:28 +3m 40s | thequantuminsider_2024_01_08_spiking_nano_oscillators_provide_new_insight_into_quantum_ma_1a0f4d89] Extracting actors: https://thequantuminsider.com/2024/01/08/spiking-nano-oscillators-provide-new-insight-into-quantum-materials-and-advanced-computing (1/1), chunk 31/37
[22:37:39 +3m 51s | thequantuminsider_2024_01_08_spiking_nano_oscillators_provide_new_insight_into_quantum_ma_1a0f4d89] Repaired malformed JSON.
[22:37:39 +3m 51s | thequantuminsider_2024_01_08_spiking_nano_oscillators_provide_new_insight_into_quantum_ma_1a0f4d89] Extracting actors: https://thequantuminsider.com/2024/01/08/spiking-nano-oscillators-provide-new-insight-into-quantum-materials-and-advanced-computing (1/1), chunk 32/37
[22:37:47 +3m 59s | thequantuminsider_2024_01_08_spiking_nano_oscillators_provide_new_insight_into_quantum_ma_1a0f4d89] Repaired malformed JSON.
[22:37:47 +3m 59s | thequantuminsider_2024_01_08_spiking_nano_oscillators_provide_new_insight_into_quantum_ma_1a0f4d89] Extracting actors: https://thequantuminsider.com/2024/01/08/spiking-nano-oscillators-provide-new-insight-into-quantum-materials-and-advanced-computing (1/1), chunk 33/37
[22:37:55 +4m 8s | thequantuminsider_2024_01_08_spiking_nano_oscillators_provide_new_insight_into_quantum_ma_1a0f4d89] Repaired malformed JSON.
[22:37:55 +4m 8s | thequantuminsider_2024_01_08_spiking_nano_oscillators_provide_new_insight_into_quantum_ma_1a0f4d89] Extracting actors: https://thequantuminsider.com/2024/01/08/spiking-nano-oscillators-provide-new-insight-into-quantum-materials-and-advanced-computing (1/1), chunk 34/37
[22:38:04 +4m 17s | thequantuminsider_2024_01_08_spiking_nano_oscillators_provide_new_insight_into_quantum_ma_1a0f4d89] Repaired malformed JSON.
[22:38:04 +4m 17s | thequantuminsider_2024_01_08_spiking_nano_oscillators_provide_new_insight_into_quantum_ma_1a0f4d89] Extracting actors: https://thequantuminsider.com/2024/01/08/spiking-nano-oscillators-provide-new-insight-into-quantum-materials-and-advanced-computing (1/1), chunk 35/37
[22:38:11 +4m 23s | thequantuminsider_2024_01_08_spiking_nano_oscillators_provide_new_insight_into_quantum_ma_1a0f4d89] Repaired malformed JSON.
[22:38:11 +4m 23s | thequantuminsider_2024_01_08_spiking_nano_oscillators_provide_new_insight_into_quantum_ma_1a0f4d89] Extracting actors: https://thequantuminsider.com/2024/01/08/spiking-nano-oscillators-provide-new-insight-into-quantum-materials-and-advanced-computing (1/1), chunk 36/37
[22:38:16 +4m 28s | thequantuminsider_2024_01_08_spiking_nano_oscillators_provide_new_insight_into_quantum_ma_1a0f4d89] Repaired malformed JSON.
[22:38:16 +4m 28s | thequantuminsider_2024_01_08_spiking_nano_oscillators_provide_new_insight_into_quantum_ma_1a0f4d89] Extracting actors: https://thequantuminsider.com/2024/01/08/spiking-nano-oscillators-provide-new-insight-into-quantum-materials-and-advanced-computing (1/1), chunk 37/37
[22:38:22 +4m 35s | thequantuminsider_2024_01_08_spiking_nano_oscillators_provide_new_insight_into_quantum_ma_1a0f4d89] Repaired malformed JSON.
[22:38:22 +4m 35s | thequantuminsider_2024_01_08_spiking_nano_oscillators_provide_new_insight_into_quantum_ma_1a0f4d89] Saved 1_actor_results.json with 53 extracted records

[22:38:22 +4m 35s | thequantuminsider_2024_01_08_spiking_nano_oscillators_provide_new_insight_into_quantum_ma_1a0f4d89] === 2 clean actors ===
[22:38:22 +4m 35s | thequantuminsider_2024_01_08_spiking_nano_oscillators_provide_new_insight_into_quantum_ma_1a0f4d89] Traceback (most recent call last):
[22:38:22 +4m 35s | thequantuminsider_2024_01_08_spiking_nano_oscillators_provide_new_insight_into_quantum_ma_1a0f4d89]   File "/home/lv/IDP/idpdeeptech/pipeline/clean_actors.py", line 429, in <module>
[22:38:22 +4m 35s | thequantuminsider_2024_01_08_spiking_nano_oscillators_provide_new_insight_into_quantum_ma_1a0f4d89]     main()
[22:38:22 +4m 35s | thequantuminsider_2024_01_08_spiking_nano_oscillators_provide_new_insight_into_quantum_ma_1a0f4d89]   File "/home/lv/IDP/idpdeeptech/pipeline/clean_actors.py", line 416, in main
[22:38:22 +4m 35s | thequantuminsider_2024_01_08_spiking_nano_oscillators_provide_new_insight_into_quantum_ma_1a0f4d89]     records = json.loads(INPUT_JSON.read_text(encoding="utf-8"))
[22:38:22 +4m 35s | thequantuminsider_2024_01_08_spiking_nano_oscillators_provide_new_insight_into_quantum_ma_1a0f4d89]   File "/usr/lib/python3.10/pathlib.py", line 1134, in read_text
[22:38:22 +4m 35s | thequantuminsider_2024_01_08_spiking_nano_oscillators_provide_new_insight_into_quantum_ma_1a0f4d89]     with self.open(mode='r', encoding=encoding, errors=errors) as f:
[22:38:22 +4m 35s | thequantuminsider_2024_01_08_spiking_nano_oscillators_provide_new_insight_into_quantum_ma_1a0f4d89]   File "/usr/lib/python3.10/pathlib.py", line 1119, in open
[22:38:22 +4m 35s | thequantuminsider_2024_01_08_spiking_nano_oscillators_provide_new_insight_into_quantum_ma_1a0f4d89]     return self._accessor.open(self, mode, buffering, encoding, errors,
[22:38:22 +4m 35s | thequantuminsider_2024_01_08_spiking_nano_oscillators_provide_new_insight_into_quantum_ma_1a0f4d89] FileNotFoundError: [Errno 2] No such file or directory: 'site_outputs/psiquantum_com/1_actor_results_pdf.json'

========================================================================
RUN FINISHED 2026-07-04 22:38:22  (FAILED)
Started:     2026-07-04 22:33:48
Elapsed:     4m 35s
========================================================================

========================================================================
RUN STARTED  2026-07-04 23:48:15
site_pipeline.py https://thequantuminsider.com/2024/01/08/spiking-nano-oscillators-provide-new-insight-into-quantum-materials-and-advanced-computing/
========================================================================

[23:48:15 +0s | thequantuminsider_2024_01_08_spiking_nano_oscillators_provide_new_insight_into_quantum_ma_1a0f4d89] === 0 crawl site (skipped via auto (actor data already exists; pass --force to re-crawl), reusing /home/lv/IDP/idpdeeptech/pipeline/news_outputs/thequantuminsider_2024_01_08_spiking_nano_oscillators_provide_new_insight_into_quantum_ma_1a0f4d89/crawl_output) ===

[23:48:15 +0s | thequantuminsider_2024_01_08_spiking_nano_oscillators_provide_new_insight_into_quantum_ma_1a0f4d89] === 1 actor extraction ===
[23:48:15 +0s | thequantuminsider_2024_01_08_spiking_nano_oscillators_provide_new_insight_into_quantum_ma_1a0f4d89] Auto-resume: 1 (url, ordinal) pairs already done, skipping them.
[23:48:15 +0s | thequantuminsider_2024_01_08_spiking_nano_oscillators_provide_new_insight_into_quantum_ma_1a0f4d89] All 1 pages/URLs already processed (per 1_actor_results.progress.json). Nothing to do.
[23:48:15 +0s | thequantuminsider_2024_01_08_spiking_nano_oscillators_provide_new_insight_into_quantum_ma_1a0f4d89] Delete the progress sidecar to force a full re-run, or pass --start-page N.

[23:48:15 +0s | thequantuminsider_2024_01_08_spiking_nano_oscillators_provide_new_insight_into_quantum_ma_1a0f4d89] === 2 clean actors ===
[23:48:15 +0s | thequantuminsider_2024_01_08_spiking_nano_oscillators_provide_new_insight_into_quantum_ma_1a0f4d89] Loaded 53 extracted records
[23:48:15 +0s | thequantuminsider_2024_01_08_spiking_nano_oscillators_provide_new_insight_into_quantum_ma_1a0f4d89] Saved 2_actor_nodes.json with 22 canonical actor nodes

[23:48:15 +0s | thequantuminsider_2024_01_08_spiking_nano_oscillators_provide_new_insight_into_quantum_ma_1a0f4d89] === 3 interaction extraction ===
[23:48:16 +1s | thequantuminsider_2024_01_08_spiking_nano_oscillators_provide_new_insight_into_quantum_ma_1a0f4d89] Extracting interactions: https://thequantuminsider.com/2024/01/08/spiking-nano-oscillators-provide-new-insight-into-quantum-materials-and-advanced-computing (1/1), chunk 12/37
[23:48:24 +9s | thequantuminsider_2024_01_08_spiking_nano_oscillators_provide_new_insight_into_quantum_ma_1a0f4d89] Extracting interactions: https://thequantuminsider.com/2024/01/08/spiking-nano-oscillators-provide-new-insight-into-quantum-materials-and-advanced-computing (1/1), chunk 13/37
[23:48:45 +30s | thequantuminsider_2024_01_08_spiking_nano_oscillators_provide_new_insight_into_quantum_ma_1a0f4d89] Extracting interactions: https://thequantuminsider.com/2024/01/08/spiking-nano-oscillators-provide-new-insight-into-quantum-materials-and-advanced-computing (1/1), chunk 14/37
[23:48:57 +42s | thequantuminsider_2024_01_08_spiking_nano_oscillators_provide_new_insight_into_quantum_ma_1a0f4d89] Extracting interactions: https://thequantuminsider.com/2024/01/08/spiking-nano-oscillators-provide-new-insight-into-quantum-materials-and-advanced-computing (1/1), chunk 16/37
[23:49:06 +51s | thequantuminsider_2024_01_08_spiking_nano_oscillators_provide_new_insight_into_quantum_ma_1a0f4d89] Extracting interactions: https://thequantuminsider.com/2024/01/08/spiking-nano-oscillators-provide-new-insight-into-quantum-materials-and-advanced-computing (1/1), chunk 17/37
[23:49:10 +55s | thequantuminsider_2024_01_08_spiking_nano_oscillators_provide_new_insight_into_quantum_ma_1a0f4d89] Extracting interactions: https://thequantuminsider.com/2024/01/08/spiking-nano-oscillators-provide-new-insight-into-quantum-materials-and-advanced-computing (1/1), chunk 18/37
[23:49:30 +1m 15s | thequantuminsider_2024_01_08_spiking_nano_oscillators_provide_new_insight_into_quantum_ma_1a0f4d89] Extracting interactions: https://thequantuminsider.com/2024/01/08/spiking-nano-oscillators-provide-new-insight-into-quantum-materials-and-advanced-computing (1/1), chunk 19/37
[23:49:33 +1m 18s | thequantuminsider_2024_01_08_spiking_nano_oscillators_provide_new_insight_into_quantum_ma_1a0f4d89] Extracting interactions: https://thequantuminsider.com/2024/01/08/spiking-nano-oscillators-provide-new-insight-into-quantum-materials-and-advanced-computing (1/1), chunk 20/37
[23:49:51 +1m 37s | thequantuminsider_2024_01_08_spiking_nano_oscillators_provide_new_insight_into_quantum_ma_1a0f4d89] Extracting interactions: https://thequantuminsider.com/2024/01/08/spiking-nano-oscillators-provide-new-insight-into-quantum-materials-and-advanced-computing (1/1), chunk 21/37
[23:50:00 +1m 46s | thequantuminsider_2024_01_08_spiking_nano_oscillators_provide_new_insight_into_quantum_ma_1a0f4d89] Extracting interactions: https://thequantuminsider.com/2024/01/08/spiking-nano-oscillators-provide-new-insight-into-quantum-materials-and-advanced-computing (1/1), chunk 22/37
[23:50:08 +1m 54s | thequantuminsider_2024_01_08_spiking_nano_oscillators_provide_new_insight_into_quantum_ma_1a0f4d89] Extracting interactions: https://thequantuminsider.com/2024/01/08/spiking-nano-oscillators-provide-new-insight-into-quantum-materials-and-advanced-computing (1/1), chunk 23/37
[23:50:10 +1m 55s | thequantuminsider_2024_01_08_spiking_nano_oscillators_provide_new_insight_into_quantum_ma_1a0f4d89] Extracting interactions: https://thequantuminsider.com/2024/01/08/spiking-nano-oscillators-provide-new-insight-into-quantum-materials-and-advanced-computing (1/1), chunk 24/37
[23:50:14 +1m 59s | thequantuminsider_2024_01_08_spiking_nano_oscillators_provide_new_insight_into_quantum_ma_1a0f4d89] Extracting interactions: https://thequantuminsider.com/2024/01/08/spiking-nano-oscillators-provide-new-insight-into-quantum-materials-and-advanced-computing (1/1), chunk 25/37
[23:50:23 +2m 8s | thequantuminsider_2024_01_08_spiking_nano_oscillators_provide_new_insight_into_quantum_ma_1a0f4d89] Extracting interactions: https://thequantuminsider.com/2024/01/08/spiking-nano-oscillators-provide-new-insight-into-quantum-materials-and-advanced-computing (1/1), chunk 26/37
[23:50:26 +2m 12s | thequantuminsider_2024_01_08_spiking_nano_oscillators_provide_new_insight_into_quantum_ma_1a0f4d89] Extracting interactions: https://thequantuminsider.com/2024/01/08/spiking-nano-oscillators-provide-new-insight-into-quantum-materials-and-advanced-computing (1/1), chunk 27/37
[23:50:33 +2m 18s | thequantuminsider_2024_01_08_spiking_nano_oscillators_provide_new_insight_into_quantum_ma_1a0f4d89] Extracting interactions: https://thequantuminsider.com/2024/01/08/spiking-nano-oscillators-provide-new-insight-into-quantum-materials-and-advanced-computing (1/1), chunk 28/37
[23:50:35 +2m 20s | thequantuminsider_2024_01_08_spiking_nano_oscillators_provide_new_insight_into_quantum_ma_1a0f4d89] Extracting interactions: https://thequantuminsider.com/2024/01/08/spiking-nano-oscillators-provide-new-insight-into-quantum-materials-and-advanced-computing (1/1), chunk 29/37
[23:50:37 +2m 22s | thequantuminsider_2024_01_08_spiking_nano_oscillators_provide_new_insight_into_quantum_ma_1a0f4d89] Extracting interactions: https://thequantuminsider.com/2024/01/08/spiking-nano-oscillators-provide-new-insight-into-quantum-materials-and-advanced-computing (1/1), chunk 30/37
[23:50:39 +2m 25s | thequantuminsider_2024_01_08_spiking_nano_oscillators_provide_new_insight_into_quantum_ma_1a0f4d89] Extracting interactions: https://thequantuminsider.com/2024/01/08/spiking-nano-oscillators-provide-new-insight-into-quantum-materials-and-advanced-computing (1/1), chunk 31/37
[23:50:41 +2m 26s | thequantuminsider_2024_01_08_spiking_nano_oscillators_provide_new_insight_into_quantum_ma_1a0f4d89] Extracting interactions: https://thequantuminsider.com/2024/01/08/spiking-nano-oscillators-provide-new-insight-into-quantum-materials-and-advanced-computing (1/1), chunk 32/37
[23:50:42 +2m 28s | thequantuminsider_2024_01_08_spiking_nano_oscillators_provide_new_insight_into_quantum_ma_1a0f4d89] Extracting interactions: https://thequantuminsider.com/2024/01/08/spiking-nano-oscillators-provide-new-insight-into-quantum-materials-and-advanced-computing (1/1), chunk 33/37
[23:50:44 +2m 30s | thequantuminsider_2024_01_08_spiking_nano_oscillators_provide_new_insight_into_quantum_ma_1a0f4d89] Extracting interactions: https://thequantuminsider.com/2024/01/08/spiking-nano-oscillators-provide-new-insight-into-quantum-materials-and-advanced-computing (1/1), chunk 34/37
[23:50:47 +2m 32s | thequantuminsider_2024_01_08_spiking_nano_oscillators_provide_new_insight_into_quantum_ma_1a0f4d89] Extracting interactions: https://thequantuminsider.com/2024/01/08/spiking-nano-oscillators-provide-new-insight-into-quantum-materials-and-advanced-computing (1/1), chunk 35/37
[23:50:48 +2m 34s | thequantuminsider_2024_01_08_spiking_nano_oscillators_provide_new_insight_into_quantum_ma_1a0f4d89] Extracting interactions: https://thequantuminsider.com/2024/01/08/spiking-nano-oscillators-provide-new-insight-into-quantum-materials-and-advanced-computing (1/1), chunk 36/37
[23:50:51 +2m 36s | thequantuminsider_2024_01_08_spiking_nano_oscillators_provide_new_insight_into_quantum_ma_1a0f4d89] Extracting interactions: https://thequantuminsider.com/2024/01/08/spiking-nano-oscillators-provide-new-insight-into-quantum-materials-and-advanced-computing (1/1), chunk 37/37
[23:50:54 +2m 39s | thequantuminsider_2024_01_08_spiking_nano_oscillators_provide_new_insight_into_quantum_ma_1a0f4d89] Saved 3_interaction_results.json with 14 extracted interactions.

[23:50:54 +2m 39s | thequantuminsider_2024_01_08_spiking_nano_oscillators_provide_new_insight_into_quantum_ma_1a0f4d89] === 4 clean interactions ===
[23:50:54 +2m 39s | thequantuminsider_2024_01_08_spiking_nano_oscillators_provide_new_insight_into_quantum_ma_1a0f4d89] Saved 4_edges.json with 1 cleaned interactions.

[23:50:54 +2m 39s | thequantuminsider_2024_01_08_spiking_nano_oscillators_provide_new_insight_into_quantum_ma_1a0f4d89] === 5 helix enrichment ===
[23:50:54 +2m 39s | thequantuminsider_2024_01_08_spiking_nano_oscillators_provide_new_insight_into_quantum_ma_1a0f4d89] Wrote 5_nodes.json (22 actors)
[23:50:54 +2m 39s | thequantuminsider_2024_01_08_spiking_nano_oscillators_provide_new_insight_into_quantum_ma_1a0f4d89] Wrote 5_edges.json (1 interactions)
[23:50:54 +2m 39s | thequantuminsider_2024_01_08_spiking_nano_oscillators_provide_new_insight_into_quantum_ma_1a0f4d89] Actor helix counts: {'Academia': 1, 'Civil Society': 4, 'Government': 1, 'Industry': 4, 'Unknown': 12}
[23:50:54 +2m 39s | thequantuminsider_2024_01_08_spiking_nano_oscillators_provide_new_insight_into_quantum_ma_1a0f4d89] Functional-space counts: {'Intra-helix / Not classified': 1}

[23:50:54 +2m 39s | thequantuminsider_2024_01_08_spiking_nano_oscillators_provide_new_insight_into_quantum_ma_1a0f4d89] === 6 network visualisation ===
[23:50:54 +2m 40s | thequantuminsider_2024_01_08_spiking_nano_oscillators_provide_new_insight_into_quantum_ma_1a0f4d89] Wrote quantum_network.html
[23:50:54 +2m 40s | thequantuminsider_2024_01_08_spiking_nano_oscillators_provide_new_insight_into_quantum_ma_1a0f4d89] Nodes: 22
[23:50:54 +2m 40s | thequantuminsider_2024_01_08_spiking_nano_oscillators_provide_new_insight_into_quantum_ma_1a0f4d89] Edges: 1

[23:50:54 +2m 40s | thequantuminsider_2024_01_08_spiking_nano_oscillators_provide_new_insight_into_quantum_ma_1a0f4d89] Done. Outputs written to: /home/lv/IDP/idpdeeptech/pipeline/news_outputs/thequantuminsider_2024_01_08_spiking_nano_oscillators_provide_new_insight_into_quantum_ma_1a0f4d89
[23:50:54 +2m 40s | thequantuminsider_2024_01_08_spiking_nano_oscillators_provide_new_insight_into_quantum_ma_1a0f4d89] Log: /home/lv/IDP/idpdeeptech/pipeline/news_outputs/thequantuminsider_2024_01_08_spiking_nano_oscillators_provide_new_insight_into_quantum_ma_1a0f4d89/run.log

========================================================================
RUN FINISHED 2026-07-04 23:50:54  (OK)
Started:     2026-07-04 23:48:15
Elapsed:     2m 40s
========================================================================
