
========================================================================
RUN STARTED  2026-07-05 05:05:39
site_pipeline.py https://thequantuminsider.com/2023/10/24/ionq-achieves-29-algorithmic-qubits-on-barium-platform/
========================================================================

[05:05:39 +0s | thequantuminsider_2023_10_24_ionq_achieves_29_algorithmic_qubits_on_barium_platform] === 0 crawl site ===
[05:05:40 +1s | thequantuminsider_2023_10_24_ionq_achieves_29_algorithmic_qubits_on_barium_platform] [INIT].... → Crawl4AI 0.8.6 
[05:05:42 +3s | thequantuminsider_2023_10_24_ionq_achieves_29_algorithmic_qubits_on_barium_platform] [FETCH]... ↓ https://thequantuminsider.com/2023/10/24/ionq-achieves-29-algorithmic-qubits-on-barium-platform/     | ✓ | ⏱: 1.99s 
[05:05:43 +4s | thequantuminsider_2023_10_24_ionq_achieves_29_algorithmic_qubits_on_barium_platform] [SCRAPE].. ◆ https://thequantuminsider.com/2023/10/24/ionq-achieves-29-algorithmic-qubits-on-barium-platform/     | ✓ | ⏱: 0.13s 
[05:05:43 +4s | thequantuminsider_2023_10_24_ionq_achieves_29_algorithmic_qubits_on_barium_platform] [COMPLETE] ● https://thequantuminsider.com/2023/10/24/ionq-achieves-29-algorithmic-qubits-on-barium-platform/     | ✓ | ⏱: 2.15s 
[05:05:43 +4s | thequantuminsider_2023_10_24_ionq_achieves_29_algorithmic_qubits_on_barium_platform] Saved: crawl_output/c1d6ddebf9_thequantuminsider.com_2023_10_24_ionq-achieves-29-algorithmic-qubits-on-barium-platform.json

[05:05:43 +4s | thequantuminsider_2023_10_24_ionq_achieves_29_algorithmic_qubits_on_barium_platform] === 1 actor extraction ===
[05:05:43 +4s | thequantuminsider_2023_10_24_ionq_achieves_29_algorithmic_qubits_on_barium_platform] Reading page (1/1): https://thequantuminsider.com/2023/10/24/ionq-achieves-29-algorithmic-qubits-on-barium-platform
[05:05:43 +4s | thequantuminsider_2023_10_24_ionq_achieves_29_algorithmic_qubits_on_barium_platform] Extracting actors: https://thequantuminsider.com/2023/10/24/ionq-achieves-29-algorithmic-qubits-on-barium-platform (1/1), chunk 1/36
[05:06:03 +26s | thequantuminsider_2023_10_24_ionq_achieves_29_algorithmic_qubits_on_barium_platform] Extracting actors: https://thequantuminsider.com/2023/10/24/ionq-achieves-29-algorithmic-qubits-on-barium-platform (1/1), chunk 2/36
[05:06:08 +31s | thequantuminsider_2023_10_24_ionq_achieves_29_algorithmic_qubits_on_barium_platform] Extracting actors: https://thequantuminsider.com/2023/10/24/ionq-achieves-29-algorithmic-qubits-on-barium-platform (1/1), chunk 3/36
[05:06:14 +37s | thequantuminsider_2023_10_24_ionq_achieves_29_algorithmic_qubits_on_barium_platform] Extracting actors: https://thequantuminsider.com/2023/10/24/ionq-achieves-29-algorithmic-qubits-on-barium-platform (1/1), chunk 4/36
[05:06:17 +42s | thequantuminsider_2023_10_24_ionq_achieves_29_algorithmic_qubits_on_barium_platform] Extracting actors: https://thequantuminsider.com/2023/10/24/ionq-achieves-29-algorithmic-qubits-on-barium-platform (1/1), chunk 5/36
[05:06:22 +47s | thequantuminsider_2023_10_24_ionq_achieves_29_algorithmic_qubits_on_barium_platform] Extracting actors: https://thequantuminsider.com/2023/10/24/ionq-achieves-29-algorithmic-qubits-on-barium-platform (1/1), chunk 6/36
[05:06:37 +1m 2s | thequantuminsider_2023_10_24_ionq_achieves_29_algorithmic_qubits_on_barium_platform] Extracting actors: https://thequantuminsider.com/2023/10/24/ionq-achieves-29-algorithmic-qubits-on-barium-platform (1/1), chunk 7/36
[05:06:42 +1m 7s | thequantuminsider_2023_10_24_ionq_achieves_29_algorithmic_qubits_on_barium_platform] Extracting actors: https://thequantuminsider.com/2023/10/24/ionq-achieves-29-algorithmic-qubits-on-barium-platform (1/1), chunk 8/36
[05:06:47 +1m 13s | thequantuminsider_2023_10_24_ionq_achieves_29_algorithmic_qubits_on_barium_platform] Extracting actors: https://thequantuminsider.com/2023/10/24/ionq-achieves-29-algorithmic-qubits-on-barium-platform (1/1), chunk 9/36
[05:07:06 +1m 32s | thequantuminsider_2023_10_24_ionq_achieves_29_algorithmic_qubits_on_barium_platform] Extracting actors: https://thequantuminsider.com/2023/10/24/ionq-achieves-29-algorithmic-qubits-on-barium-platform (1/1), chunk 10/36
[05:07:10 +1m 37s | thequantuminsider_2023_10_24_ionq_achieves_29_algorithmic_qubits_on_barium_platform] Extracting actors: https://thequantuminsider.com/2023/10/24/ionq-achieves-29-algorithmic-qubits-on-barium-platform (1/1), chunk 11/36
[05:07:16 +1m 45s | thequantuminsider_2023_10_24_ionq_achieves_29_algorithmic_qubits_on_barium_platform] Repaired malformed JSON.
[05:07:16 +1m 45s | thequantuminsider_2023_10_24_ionq_achieves_29_algorithmic_qubits_on_barium_platform] Extracting actors: https://thequantuminsider.com/2023/10/24/ionq-achieves-29-algorithmic-qubits-on-barium-platform (1/1), chunk 12/36
[05:07:23 +1m 52s | thequantuminsider_2023_10_24_ionq_achieves_29_algorithmic_qubits_on_barium_platform] Repaired malformed JSON.
[05:07:23 +1m 52s | thequantuminsider_2023_10_24_ionq_achieves_29_algorithmic_qubits_on_barium_platform] Extracting actors: https://thequantuminsider.com/2023/10/24/ionq-achieves-29-algorithmic-qubits-on-barium-platform (1/1), chunk 13/36
[05:07:32 +2m 1s | thequantuminsider_2023_10_24_ionq_achieves_29_algorithmic_qubits_on_barium_platform] Repaired malformed JSON.
[05:07:32 +2m 1s | thequantuminsider_2023_10_24_ionq_achieves_29_algorithmic_qubits_on_barium_platform] Extracting actors: https://thequantuminsider.com/2023/10/24/ionq-achieves-29-algorithmic-qubits-on-barium-platform (1/1), chunk 14/36
[05:07:55 +2m 26s | thequantuminsider_2023_10_24_ionq_achieves_29_algorithmic_qubits_on_barium_platform] Repaired malformed JSON.
[05:07:55 +2m 26s | thequantuminsider_2023_10_24_ionq_achieves_29_algorithmic_qubits_on_barium_platform] Extracting actors: https://thequantuminsider.com/2023/10/24/ionq-achieves-29-algorithmic-qubits-on-barium-platform (1/1), chunk 15/36
[05:08:10 +2m 41s | thequantuminsider_2023_10_24_ionq_achieves_29_algorithmic_qubits_on_barium_platform] Repaired malformed JSON.
[05:08:10 +2m 41s | thequantuminsider_2023_10_24_ionq_achieves_29_algorithmic_qubits_on_barium_platform] Extracting actors: https://thequantuminsider.com/2023/10/24/ionq-achieves-29-algorithmic-qubits-on-barium-platform (1/1), chunk 16/36
[05:08:16 +2m 48s | thequantuminsider_2023_10_24_ionq_achieves_29_algorithmic_qubits_on_barium_platform] Repaired malformed JSON.
[05:08:16 +2m 48s | thequantuminsider_2023_10_24_ionq_achieves_29_algorithmic_qubits_on_barium_platform] Extracting actors: https://thequantuminsider.com/2023/10/24/ionq-achieves-29-algorithmic-qubits-on-barium-platform (1/1), chunk 17/36
[05:08:24 +2m 57s | thequantuminsider_2023_10_24_ionq_achieves_29_algorithmic_qubits_on_barium_platform] Extracting actors: https://thequantuminsider.com/2023/10/24/ionq-achieves-29-algorithmic-qubits-on-barium-platform (1/1), chunk 18/36
[05:08:32 +3m 4s | thequantuminsider_2023_10_24_ionq_achieves_29_algorithmic_qubits_on_barium_platform] Repaired malformed JSON.
[05:08:32 +3m 4s | thequantuminsider_2023_10_24_ionq_achieves_29_algorithmic_qubits_on_barium_platform] Extracting actors: https://thequantuminsider.com/2023/10/24/ionq-achieves-29-algorithmic-qubits-on-barium-platform (1/1), chunk 19/36
[05:08:59 +3m 33s | thequantuminsider_2023_10_24_ionq_achieves_29_algorithmic_qubits_on_barium_platform] Repaired malformed JSON.
[05:08:59 +3m 33s | thequantuminsider_2023_10_24_ionq_achieves_29_algorithmic_qubits_on_barium_platform] Extracting actors: https://thequantuminsider.com/2023/10/24/ionq-achieves-29-algorithmic-qubits-on-barium-platform (1/1), chunk 20/36
[05:09:15 +3m 50s | thequantuminsider_2023_10_24_ionq_achieves_29_algorithmic_qubits_on_barium_platform] Repaired malformed JSON.
[05:09:15 +3m 50s | thequantuminsider_2023_10_24_ionq_achieves_29_algorithmic_qubits_on_barium_platform] Extracting actors: https://thequantuminsider.com/2023/10/24/ionq-achieves-29-algorithmic-qubits-on-barium-platform (1/1), chunk 21/36
[05:09:21 +3m 57s | thequantuminsider_2023_10_24_ionq_achieves_29_algorithmic_qubits_on_barium_platform] Repaired malformed JSON.
[05:09:21 +3m 57s | thequantuminsider_2023_10_24_ionq_achieves_29_algorithmic_qubits_on_barium_platform] Extracting actors: https://thequantuminsider.com/2023/10/24/ionq-achieves-29-algorithmic-qubits-on-barium-platform (1/1), chunk 22/36
[05:09:29 +4m 5s | thequantuminsider_2023_10_24_ionq_achieves_29_algorithmic_qubits_on_barium_platform] Repaired malformed JSON.
[05:09:29 +4m 5s | thequantuminsider_2023_10_24_ionq_achieves_29_algorithmic_qubits_on_barium_platform] Extracting actors: https://thequantuminsider.com/2023/10/24/ionq-achieves-29-algorithmic-qubits-on-barium-platform (1/1), chunk 23/36
[05:09:36 +4m 12s | thequantuminsider_2023_10_24_ionq_achieves_29_algorithmic_qubits_on_barium_platform] Repaired malformed JSON.
[05:09:36 +4m 12s | thequantuminsider_2023_10_24_ionq_achieves_29_algorithmic_qubits_on_barium_platform] Extracting actors: https://thequantuminsider.com/2023/10/24/ionq-achieves-29-algorithmic-qubits-on-barium-platform (1/1), chunk 24/36
[05:09:42 +4m 19s | thequantuminsider_2023_10_24_ionq_achieves_29_algorithmic_qubits_on_barium_platform] Repaired malformed JSON.
[05:09:42 +4m 19s | thequantuminsider_2023_10_24_ionq_achieves_29_algorithmic_qubits_on_barium_platform] Extracting actors: https://thequantuminsider.com/2023/10/24/ionq-achieves-29-algorithmic-qubits-on-barium-platform (1/1), chunk 25/36
[05:09:49 +4m 27s | thequantuminsider_2023_10_24_ionq_achieves_29_algorithmic_qubits_on_barium_platform] Repaired malformed JSON.
[05:09:49 +4m 27s | thequantuminsider_2023_10_24_ionq_achieves_29_algorithmic_qubits_on_barium_platform] Extracting actors: https://thequantuminsider.com/2023/10/24/ionq-achieves-29-algorithmic-qubits-on-barium-platform (1/1), chunk 26/36
[05:09:55 +4m 33s | thequantuminsider_2023_10_24_ionq_achieves_29_algorithmic_qubits_on_barium_platform] Repaired malformed JSON.
[05:09:55 +4m 33s | thequantuminsider_2023_10_24_ionq_achieves_29_algorithmic_qubits_on_barium_platform] Extracting actors: https://thequantuminsider.com/2023/10/24/ionq-achieves-29-algorithmic-qubits-on-barium-platform (1/1), chunk 27/36
[05:10:00 +4m 38s | thequantuminsider_2023_10_24_ionq_achieves_29_algorithmic_qubits_on_barium_platform] Extracting actors: https://thequantuminsider.com/2023/10/24/ionq-achieves-29-algorithmic-qubits-on-barium-platform (1/1), chunk 28/36
[05:10:09 +4m 47s | thequantuminsider_2023_10_24_ionq_achieves_29_algorithmic_qubits_on_barium_platform] Repaired malformed JSON.
[05:10:09 +4m 47s | thequantuminsider_2023_10_24_ionq_achieves_29_algorithmic_qubits_on_barium_platform] Extracting actors: https://thequantuminsider.com/2023/10/24/ionq-achieves-29-algorithmic-qubits-on-barium-platform (1/1), chunk 29/36
[05:10:16 +4m 57s | thequantuminsider_2023_10_24_ionq_achieves_29_algorithmic_qubits_on_barium_platform] Repaired malformed JSON.
[05:10:16 +4m 57s | thequantuminsider_2023_10_24_ionq_achieves_29_algorithmic_qubits_on_barium_platform] Extracting actors: https://thequantuminsider.com/2023/10/24/ionq-achieves-29-algorithmic-qubits-on-barium-platform (1/1), chunk 30/36
[05:10:45 +5m 25s | thequantuminsider_2023_10_24_ionq_achieves_29_algorithmic_qubits_on_barium_platform] Repaired malformed JSON.
[05:10:45 +5m 25s | thequantuminsider_2023_10_24_ionq_achieves_29_algorithmic_qubits_on_barium_platform] Extracting actors: https://thequantuminsider.com/2023/10/24/ionq-achieves-29-algorithmic-qubits-on-barium-platform (1/1), chunk 31/36
[05:10:59 +5m 42s | thequantuminsider_2023_10_24_ionq_achieves_29_algorithmic_qubits_on_barium_platform] Extracting actors: https://thequantuminsider.com/2023/10/24/ionq-achieves-29-algorithmic-qubits-on-barium-platform (1/1), chunk 32/36
[05:11:07 +5m 49s | thequantuminsider_2023_10_24_ionq_achieves_29_algorithmic_qubits_on_barium_platform] Repaired malformed JSON.
[05:11:07 +5m 49s | thequantuminsider_2023_10_24_ionq_achieves_29_algorithmic_qubits_on_barium_platform] Extracting actors: https://thequantuminsider.com/2023/10/24/ionq-achieves-29-algorithmic-qubits-on-barium-platform (1/1), chunk 33/36
[05:11:16 +5m 58s | thequantuminsider_2023_10_24_ionq_achieves_29_algorithmic_qubits_on_barium_platform] Repaired malformed JSON.
[05:11:16 +5m 58s | thequantuminsider_2023_10_24_ionq_achieves_29_algorithmic_qubits_on_barium_platform] Extracting actors: https://thequantuminsider.com/2023/10/24/ionq-achieves-29-algorithmic-qubits-on-barium-platform (1/1), chunk 34/36
[05:11:23 +6m 7s | thequantuminsider_2023_10_24_ionq_achieves_29_algorithmic_qubits_on_barium_platform] Repaired malformed JSON.
[05:11:23 +6m 7s | thequantuminsider_2023_10_24_ionq_achieves_29_algorithmic_qubits_on_barium_platform] Extracting actors: https://thequantuminsider.com/2023/10/24/ionq-achieves-29-algorithmic-qubits-on-barium-platform (1/1), chunk 35/36
[05:11:31 +6m 15s | thequantuminsider_2023_10_24_ionq_achieves_29_algorithmic_qubits_on_barium_platform] Repaired malformed JSON.
[05:11:31 +6m 15s | thequantuminsider_2023_10_24_ionq_achieves_29_algorithmic_qubits_on_barium_platform] Extracting actors: https://thequantuminsider.com/2023/10/24/ionq-achieves-29-algorithmic-qubits-on-barium-platform (1/1), chunk 36/36
[05:11:41 +6m 25s | thequantuminsider_2023_10_24_ionq_achieves_29_algorithmic_qubits_on_barium_platform] Repaired malformed JSON.
[05:11:41 +6m 25s | thequantuminsider_2023_10_24_ionq_achieves_29_algorithmic_qubits_on_barium_platform] Saved 1_actor_results.json with 53 extracted records

[05:11:41 +6m 25s | thequantuminsider_2023_10_24_ionq_achieves_29_algorithmic_qubits_on_barium_platform] === 2 clean actors ===
[05:11:41 +6m 25s | thequantuminsider_2023_10_24_ionq_achieves_29_algorithmic_qubits_on_barium_platform] Loaded 53 extracted records
[05:11:41 +6m 25s | thequantuminsider_2023_10_24_ionq_achieves_29_algorithmic_qubits_on_barium_platform] Saved 2_actor_nodes.json with 16 canonical actor nodes

[05:11:41 +6m 25s | thequantuminsider_2023_10_24_ionq_achieves_29_algorithmic_qubits_on_barium_platform] === 3 interaction extraction ===
[05:11:41 +6m 26s | thequantuminsider_2023_10_24_ionq_achieves_29_algorithmic_qubits_on_barium_platform] Extracting interactions: https://thequantuminsider.com/2023/10/24/ionq-achieves-29-algorithmic-qubits-on-barium-platform (1/1), chunk 11/36
[05:11:46 +6m 30s | thequantuminsider_2023_10_24_ionq_achieves_29_algorithmic_qubits_on_barium_platform] Extracting interactions: https://thequantuminsider.com/2023/10/24/ionq-achieves-29-algorithmic-qubits-on-barium-platform (1/1), chunk 13/36
[05:11:50 +6m 36s | thequantuminsider_2023_10_24_ionq_achieves_29_algorithmic_qubits_on_barium_platform] Extracting interactions: https://thequantuminsider.com/2023/10/24/ionq-achieves-29-algorithmic-qubits-on-barium-platform (1/1), chunk 14/36
[05:12:00 +6m 46s | thequantuminsider_2023_10_24_ionq_achieves_29_algorithmic_qubits_on_barium_platform] Extracting interactions: https://thequantuminsider.com/2023/10/24/ionq-achieves-29-algorithmic-qubits-on-barium-platform (1/1), chunk 15/36
[05:12:11 +6m 57s | thequantuminsider_2023_10_24_ionq_achieves_29_algorithmic_qubits_on_barium_platform] Extracting interactions: https://thequantuminsider.com/2023/10/24/ionq-achieves-29-algorithmic-qubits-on-barium-platform (1/1), chunk 16/36
[05:12:20 +7m 9s | thequantuminsider_2023_10_24_ionq_achieves_29_algorithmic_qubits_on_barium_platform] Extracting interactions: https://thequantuminsider.com/2023/10/24/ionq-achieves-29-algorithmic-qubits-on-barium-platform (1/1), chunk 18/36
[05:12:23 +7m 11s | thequantuminsider_2023_10_24_ionq_achieves_29_algorithmic_qubits_on_barium_platform] Extracting interactions: https://thequantuminsider.com/2023/10/24/ionq-achieves-29-algorithmic-qubits-on-barium-platform (1/1), chunk 19/36
[05:12:24 +7m 12s | thequantuminsider_2023_10_24_ionq_achieves_29_algorithmic_qubits_on_barium_platform] Extracting interactions: https://thequantuminsider.com/2023/10/24/ionq-achieves-29-algorithmic-qubits-on-barium-platform (1/1), chunk 20/36
[05:12:33 +7m 21s | thequantuminsider_2023_10_24_ionq_achieves_29_algorithmic_qubits_on_barium_platform] Extracting interactions: https://thequantuminsider.com/2023/10/24/ionq-achieves-29-algorithmic-qubits-on-barium-platform (1/1), chunk 21/36
[05:12:37 +7m 25s | thequantuminsider_2023_10_24_ionq_achieves_29_algorithmic_qubits_on_barium_platform] Extracting interactions: https://thequantuminsider.com/2023/10/24/ionq-achieves-29-algorithmic-qubits-on-barium-platform (1/1), chunk 25/36
[05:12:46 +7m 34s | thequantuminsider_2023_10_24_ionq_achieves_29_algorithmic_qubits_on_barium_platform] Extracting interactions: https://thequantuminsider.com/2023/10/24/ionq-achieves-29-algorithmic-qubits-on-barium-platform (1/1), chunk 26/36
[05:12:47 +7m 35s | thequantuminsider_2023_10_24_ionq_achieves_29_algorithmic_qubits_on_barium_platform] Extracting interactions: https://thequantuminsider.com/2023/10/24/ionq-achieves-29-algorithmic-qubits-on-barium-platform (1/1), chunk 27/36
[05:12:47 +7m 37s | thequantuminsider_2023_10_24_ionq_achieves_29_algorithmic_qubits_on_barium_platform] Extracting interactions: https://thequantuminsider.com/2023/10/24/ionq-achieves-29-algorithmic-qubits-on-barium-platform (1/1), chunk 29/36
[05:13:26 +8m 18s | thequantuminsider_2023_10_24_ionq_achieves_29_algorithmic_qubits_on_barium_platform] Extracting interactions: https://thequantuminsider.com/2023/10/24/ionq-achieves-29-algorithmic-qubits-on-barium-platform (1/1), chunk 30/36
[05:13:28 +8m 20s | thequantuminsider_2023_10_24_ionq_achieves_29_algorithmic_qubits_on_barium_platform] Extracting interactions: https://thequantuminsider.com/2023/10/24/ionq-achieves-29-algorithmic-qubits-on-barium-platform (1/1), chunk 31/36
[05:13:30 +8m 22s | thequantuminsider_2023_10_24_ionq_achieves_29_algorithmic_qubits_on_barium_platform] Extracting interactions: https://thequantuminsider.com/2023/10/24/ionq-achieves-29-algorithmic-qubits-on-barium-platform (1/1), chunk 32/36
[05:13:31 +8m 23s | thequantuminsider_2023_10_24_ionq_achieves_29_algorithmic_qubits_on_barium_platform] Extracting interactions: https://thequantuminsider.com/2023/10/24/ionq-achieves-29-algorithmic-qubits-on-barium-platform (1/1), chunk 33/36
[05:13:33 +8m 25s | thequantuminsider_2023_10_24_ionq_achieves_29_algorithmic_qubits_on_barium_platform] Extracting interactions: https://thequantuminsider.com/2023/10/24/ionq-achieves-29-algorithmic-qubits-on-barium-platform (1/1), chunk 34/36
[05:13:35 +8m 27s | thequantuminsider_2023_10_24_ionq_achieves_29_algorithmic_qubits_on_barium_platform] Extracting interactions: https://thequantuminsider.com/2023/10/24/ionq-achieves-29-algorithmic-qubits-on-barium-platform (1/1), chunk 35/36
[05:13:36 +8m 28s | thequantuminsider_2023_10_24_ionq_achieves_29_algorithmic_qubits_on_barium_platform] Extracting interactions: https://thequantuminsider.com/2023/10/24/ionq-achieves-29-algorithmic-qubits-on-barium-platform (1/1), chunk 36/36
[05:13:38 +8m 30s | thequantuminsider_2023_10_24_ionq_achieves_29_algorithmic_qubits_on_barium_platform] Saved 3_interaction_results.json with 13 extracted interactions.

[05:13:38 +8m 30s | thequantuminsider_2023_10_24_ionq_achieves_29_algorithmic_qubits_on_barium_platform] === 4 clean interactions ===
[05:13:38 +8m 30s | thequantuminsider_2023_10_24_ionq_achieves_29_algorithmic_qubits_on_barium_platform] Saved 4_edges.json with 6 cleaned interactions.

[05:13:38 +8m 30s | thequantuminsider_2023_10_24_ionq_achieves_29_algorithmic_qubits_on_barium_platform] === 5 helix enrichment ===
[05:13:38 +8m 30s | thequantuminsider_2023_10_24_ionq_achieves_29_algorithmic_qubits_on_barium_platform] Wrote 5_nodes.json (16 actors)
[05:13:38 +8m 30s | thequantuminsider_2023_10_24_ionq_achieves_29_algorithmic_qubits_on_barium_platform] Wrote 5_edges.json (6 interactions)
[05:13:38 +8m 30s | thequantuminsider_2023_10_24_ionq_achieves_29_algorithmic_qubits_on_barium_platform] Actor helix counts: {'Academia': 1, 'Civil Society': 4, 'Government': 1, 'Industry': 3, 'Intermediary': 1, 'Unknown': 6}
[05:13:38 +8m 30s | thequantuminsider_2023_10_24_ionq_achieves_29_algorithmic_qubits_on_barium_platform] Functional-space counts: {'Consensus': 2, 'Innovation': 3, 'Public': 1}

[05:13:38 +8m 30s | thequantuminsider_2023_10_24_ionq_achieves_29_algorithmic_qubits_on_barium_platform] === 6 network visualisation ===
[05:13:38 +8m 30s | thequantuminsider_2023_10_24_ionq_achieves_29_algorithmic_qubits_on_barium_platform] Wrote quantum_network.html
[05:13:38 +8m 30s | thequantuminsider_2023_10_24_ionq_achieves_29_algorithmic_qubits_on_barium_platform] Nodes: 16
[05:13:38 +8m 30s | thequantuminsider_2023_10_24_ionq_achieves_29_algorithmic_qubits_on_barium_platform] Edges: 3

[05:13:38 +8m 30s | thequantuminsider_2023_10_24_ionq_achieves_29_algorithmic_qubits_on_barium_platform] Done. Outputs written to: /home/lv/IDP/idpdeeptech/pipeline/news_outputs/thequantuminsider_2023_10_24_ionq_achieves_29_algorithmic_qubits_on_barium_platform
[05:13:38 +8m 30s | thequantuminsider_2023_10_24_ionq_achieves_29_algorithmic_qubits_on_barium_platform] Log: /home/lv/IDP/idpdeeptech/pipeline/news_outputs/thequantuminsider_2023_10_24_ionq_achieves_29_algorithmic_qubits_on_barium_platform/run.log

========================================================================
RUN FINISHED 2026-07-05 05:13:38  (OK)
Started:     2026-07-05 05:05:39
Elapsed:     8m 30s
========================================================================
