
========================================================================
RUN STARTED  2026-07-05 02:32:08
site_pipeline.py https://thequantuminsider.com/2023/11/22/classiq-nvidia-collaborate-on-quantum-center-for-life-sciences/
========================================================================

[02:32:08 +0s | thequantuminsider_2023_11_22_classiq_nvidia_collaborate_on_quantum_center_for_life_sciences] === 0 crawl site ===
[02:32:10 +1s | thequantuminsider_2023_11_22_classiq_nvidia_collaborate_on_quantum_center_for_life_sciences] [INIT].... → Crawl4AI 0.8.6 
[02:32:12 +3s | thequantuminsider_2023_11_22_classiq_nvidia_collaborate_on_quantum_center_for_life_sciences] [FETCH]... ↓ https://thequantuminsider.com/2023/11/22/classiq...collaborate-on-quantum-center-for-life-sciences/  | ✓ | ⏱: 1.83s 
[02:32:12 +3s | thequantuminsider_2023_11_22_classiq_nvidia_collaborate_on_quantum_center_for_life_sciences] [SCRAPE].. ◆ https://thequantuminsider.com/2023/11/22/classiq...collaborate-on-quantum-center-for-life-sciences/  | ✓ | ⏱: 0.13s 
[02:32:12 +3s | thequantuminsider_2023_11_22_classiq_nvidia_collaborate_on_quantum_center_for_life_sciences] [COMPLETE] ● https://thequantuminsider.com/2023/11/22/classiq...collaborate-on-quantum-center-for-life-sciences/  | ✓ | ⏱: 1.98s 
[02:32:12 +3s | thequantuminsider_2023_11_22_classiq_nvidia_collaborate_on_quantum_center_for_life_sciences] Saved: crawl_output/8c2b7776bc_thequantuminsider.com_2023_11_22_classiq-nvidia-collaborate-on-quantum-center-for-life-sciences.json

[02:32:12 +4s | thequantuminsider_2023_11_22_classiq_nvidia_collaborate_on_quantum_center_for_life_sciences] === 1 actor extraction ===
[02:32:12 +4s | thequantuminsider_2023_11_22_classiq_nvidia_collaborate_on_quantum_center_for_life_sciences] Reading page (1/1): https://thequantuminsider.com/2023/11/22/classiq-nvidia-collaborate-on-quantum-center-for-life-sciences
[02:32:12 +4s | thequantuminsider_2023_11_22_classiq_nvidia_collaborate_on_quantum_center_for_life_sciences] Extracting actors: https://thequantuminsider.com/2023/11/22/classiq-nvidia-collaborate-on-quantum-center-for-life-sciences (1/1), chunk 1/37
[02:32:21 +13s | thequantuminsider_2023_11_22_classiq_nvidia_collaborate_on_quantum_center_for_life_sciences] Repaired malformed JSON.
[02:32:21 +13s | thequantuminsider_2023_11_22_classiq_nvidia_collaborate_on_quantum_center_for_life_sciences] Extracting actors: https://thequantuminsider.com/2023/11/22/classiq-nvidia-collaborate-on-quantum-center-for-life-sciences (1/1), chunk 2/37
[02:32:31 +22s | thequantuminsider_2023_11_22_classiq_nvidia_collaborate_on_quantum_center_for_life_sciences] Repaired malformed JSON.
[02:32:31 +22s | thequantuminsider_2023_11_22_classiq_nvidia_collaborate_on_quantum_center_for_life_sciences] Extracting actors: https://thequantuminsider.com/2023/11/22/classiq-nvidia-collaborate-on-quantum-center-for-life-sciences (1/1), chunk 3/37
[02:32:34 +27s | thequantuminsider_2023_11_22_classiq_nvidia_collaborate_on_quantum_center_for_life_sciences] Extracting actors: https://thequantuminsider.com/2023/11/22/classiq-nvidia-collaborate-on-quantum-center-for-life-sciences (1/1), chunk 4/37
[02:32:44 +37s | thequantuminsider_2023_11_22_classiq_nvidia_collaborate_on_quantum_center_for_life_sciences] Repaired malformed JSON.
[02:32:44 +37s | thequantuminsider_2023_11_22_classiq_nvidia_collaborate_on_quantum_center_for_life_sciences] Extracting actors: https://thequantuminsider.com/2023/11/22/classiq-nvidia-collaborate-on-quantum-center-for-life-sciences (1/1), chunk 5/37
[02:32:50 +43s | thequantuminsider_2023_11_22_classiq_nvidia_collaborate_on_quantum_center_for_life_sciences] Repaired malformed JSON.
[02:32:50 +43s | thequantuminsider_2023_11_22_classiq_nvidia_collaborate_on_quantum_center_for_life_sciences] Extracting actors: https://thequantuminsider.com/2023/11/22/classiq-nvidia-collaborate-on-quantum-center-for-life-sciences (1/1), chunk 6/37
[02:32:56 +49s | thequantuminsider_2023_11_22_classiq_nvidia_collaborate_on_quantum_center_for_life_sciences] Extracting actors: https://thequantuminsider.com/2023/11/22/classiq-nvidia-collaborate-on-quantum-center-for-life-sciences (1/1), chunk 7/37
[02:33:20 +1m 14s | thequantuminsider_2023_11_22_classiq_nvidia_collaborate_on_quantum_center_for_life_sciences] Repaired malformed JSON.
[02:33:20 +1m 14s | thequantuminsider_2023_11_22_classiq_nvidia_collaborate_on_quantum_center_for_life_sciences] Extracting actors: https://thequantuminsider.com/2023/11/22/classiq-nvidia-collaborate-on-quantum-center-for-life-sciences (1/1), chunk 8/37
[02:33:29 +1m 23s | thequantuminsider_2023_11_22_classiq_nvidia_collaborate_on_quantum_center_for_life_sciences] Repaired malformed JSON.
[02:33:29 +1m 23s | thequantuminsider_2023_11_22_classiq_nvidia_collaborate_on_quantum_center_for_life_sciences] Extracting actors: https://thequantuminsider.com/2023/11/22/classiq-nvidia-collaborate-on-quantum-center-for-life-sciences (1/1), chunk 9/37
[02:33:36 +1m 31s | thequantuminsider_2023_11_22_classiq_nvidia_collaborate_on_quantum_center_for_life_sciences] Extracting actors: https://thequantuminsider.com/2023/11/22/classiq-nvidia-collaborate-on-quantum-center-for-life-sciences (1/1), chunk 10/37
[02:33:41 +1m 36s | thequantuminsider_2023_11_22_classiq_nvidia_collaborate_on_quantum_center_for_life_sciences] Extracting actors: https://thequantuminsider.com/2023/11/22/classiq-nvidia-collaborate-on-quantum-center-for-life-sciences (1/1), chunk 11/37
[02:33:49 +1m 45s | thequantuminsider_2023_11_22_classiq_nvidia_collaborate_on_quantum_center_for_life_sciences] Repaired malformed JSON.
[02:33:49 +1m 45s | thequantuminsider_2023_11_22_classiq_nvidia_collaborate_on_quantum_center_for_life_sciences] Extracting actors: https://thequantuminsider.com/2023/11/22/classiq-nvidia-collaborate-on-quantum-center-for-life-sciences (1/1), chunk 12/37
[02:33:58 +1m 54s | thequantuminsider_2023_11_22_classiq_nvidia_collaborate_on_quantum_center_for_life_sciences] Repaired malformed JSON.
[02:33:58 +1m 54s | thequantuminsider_2023_11_22_classiq_nvidia_collaborate_on_quantum_center_for_life_sciences] Extracting actors: https://thequantuminsider.com/2023/11/22/classiq-nvidia-collaborate-on-quantum-center-for-life-sciences (1/1), chunk 13/37
[02:34:08 +2m 5s | thequantuminsider_2023_11_22_classiq_nvidia_collaborate_on_quantum_center_for_life_sciences] Repaired malformed JSON.
[02:34:08 +2m 5s | thequantuminsider_2023_11_22_classiq_nvidia_collaborate_on_quantum_center_for_life_sciences] Extracting actors: https://thequantuminsider.com/2023/11/22/classiq-nvidia-collaborate-on-quantum-center-for-life-sciences (1/1), chunk 14/37
[02:34:34 +2m 31s | thequantuminsider_2023_11_22_classiq_nvidia_collaborate_on_quantum_center_for_life_sciences] Repaired malformed JSON.
[02:34:34 +2m 31s | thequantuminsider_2023_11_22_classiq_nvidia_collaborate_on_quantum_center_for_life_sciences] Extracting actors: https://thequantuminsider.com/2023/11/22/classiq-nvidia-collaborate-on-quantum-center-for-life-sciences (1/1), chunk 15/37
[02:34:43 +2m 41s | thequantuminsider_2023_11_22_classiq_nvidia_collaborate_on_quantum_center_for_life_sciences] Repaired malformed JSON.
[02:34:43 +2m 41s | thequantuminsider_2023_11_22_classiq_nvidia_collaborate_on_quantum_center_for_life_sciences] Extracting actors: https://thequantuminsider.com/2023/11/22/classiq-nvidia-collaborate-on-quantum-center-for-life-sciences (1/1), chunk 16/37
[02:34:51 +2m 49s | thequantuminsider_2023_11_22_classiq_nvidia_collaborate_on_quantum_center_for_life_sciences] Repaired malformed JSON.
[02:34:51 +2m 49s | thequantuminsider_2023_11_22_classiq_nvidia_collaborate_on_quantum_center_for_life_sciences] Extracting actors: https://thequantuminsider.com/2023/11/22/classiq-nvidia-collaborate-on-quantum-center-for-life-sciences (1/1), chunk 17/37
[02:34:58 +2m 56s | thequantuminsider_2023_11_22_classiq_nvidia_collaborate_on_quantum_center_for_life_sciences] Repaired malformed JSON.
[02:34:58 +2m 56s | thequantuminsider_2023_11_22_classiq_nvidia_collaborate_on_quantum_center_for_life_sciences] Extracting actors: https://thequantuminsider.com/2023/11/22/classiq-nvidia-collaborate-on-quantum-center-for-life-sciences (1/1), chunk 18/37
[02:35:07 +3m 5s | thequantuminsider_2023_11_22_classiq_nvidia_collaborate_on_quantum_center_for_life_sciences] Repaired malformed JSON.
[02:35:07 +3m 5s | thequantuminsider_2023_11_22_classiq_nvidia_collaborate_on_quantum_center_for_life_sciences] Extracting actors: https://thequantuminsider.com/2023/11/22/classiq-nvidia-collaborate-on-quantum-center-for-life-sciences (1/1), chunk 19/37
[02:35:15 +3m 15s | thequantuminsider_2023_11_22_classiq_nvidia_collaborate_on_quantum_center_for_life_sciences] Repaired malformed JSON.
[02:35:15 +3m 15s | thequantuminsider_2023_11_22_classiq_nvidia_collaborate_on_quantum_center_for_life_sciences] Extracting actors: https://thequantuminsider.com/2023/11/22/classiq-nvidia-collaborate-on-quantum-center-for-life-sciences (1/1), chunk 20/37
[02:35:56 +3m 57s | thequantuminsider_2023_11_22_classiq_nvidia_collaborate_on_quantum_center_for_life_sciences] Repaired malformed JSON.
[02:35:56 +3m 57s | thequantuminsider_2023_11_22_classiq_nvidia_collaborate_on_quantum_center_for_life_sciences] Extracting actors: https://thequantuminsider.com/2023/11/22/classiq-nvidia-collaborate-on-quantum-center-for-life-sciences (1/1), chunk 21/37
[02:36:06 +4m 7s | thequantuminsider_2023_11_22_classiq_nvidia_collaborate_on_quantum_center_for_life_sciences] Repaired malformed JSON.
[02:36:06 +4m 7s | thequantuminsider_2023_11_22_classiq_nvidia_collaborate_on_quantum_center_for_life_sciences] Extracting actors: https://thequantuminsider.com/2023/11/22/classiq-nvidia-collaborate-on-quantum-center-for-life-sciences (1/1), chunk 22/37
[02:36:11 +4m 13s | thequantuminsider_2023_11_22_classiq_nvidia_collaborate_on_quantum_center_for_life_sciences] Repaired malformed JSON.
[02:36:11 +4m 13s | thequantuminsider_2023_11_22_classiq_nvidia_collaborate_on_quantum_center_for_life_sciences] Extracting actors: https://thequantuminsider.com/2023/11/22/classiq-nvidia-collaborate-on-quantum-center-for-life-sciences (1/1), chunk 23/37
[02:36:21 +4m 23s | thequantuminsider_2023_11_22_classiq_nvidia_collaborate_on_quantum_center_for_life_sciences] Repaired malformed JSON.
[02:36:21 +4m 23s | thequantuminsider_2023_11_22_classiq_nvidia_collaborate_on_quantum_center_for_life_sciences] Extracting actors: https://thequantuminsider.com/2023/11/22/classiq-nvidia-collaborate-on-quantum-center-for-life-sciences (1/1), chunk 24/37
[02:36:28 +4m 30s | thequantuminsider_2023_11_22_classiq_nvidia_collaborate_on_quantum_center_for_life_sciences] Repaired malformed JSON.
[02:36:28 +4m 30s | thequantuminsider_2023_11_22_classiq_nvidia_collaborate_on_quantum_center_for_life_sciences] Extracting actors: https://thequantuminsider.com/2023/11/22/classiq-nvidia-collaborate-on-quantum-center-for-life-sciences (1/1), chunk 25/37
[02:36:34 +4m 36s | thequantuminsider_2023_11_22_classiq_nvidia_collaborate_on_quantum_center_for_life_sciences] Extracting actors: https://thequantuminsider.com/2023/11/22/classiq-nvidia-collaborate-on-quantum-center-for-life-sciences (1/1), chunk 26/37
[02:36:43 +4m 47s | thequantuminsider_2023_11_22_classiq_nvidia_collaborate_on_quantum_center_for_life_sciences] Repaired malformed JSON.
[02:36:43 +4m 47s | thequantuminsider_2023_11_22_classiq_nvidia_collaborate_on_quantum_center_for_life_sciences] Extracting actors: https://thequantuminsider.com/2023/11/22/classiq-nvidia-collaborate-on-quantum-center-for-life-sciences (1/1), chunk 27/37
[02:36:46 +4m 49s | thequantuminsider_2023_11_22_classiq_nvidia_collaborate_on_quantum_center_for_life_sciences] Extracting actors: https://thequantuminsider.com/2023/11/22/classiq-nvidia-collaborate-on-quantum-center-for-life-sciences (1/1), chunk 28/37
[02:36:51 +4m 54s | thequantuminsider_2023_11_22_classiq_nvidia_collaborate_on_quantum_center_for_life_sciences] Extracting actors: https://thequantuminsider.com/2023/11/22/classiq-nvidia-collaborate-on-quantum-center-for-life-sciences (1/1), chunk 29/37
[02:37:14 +5m 18s | thequantuminsider_2023_11_22_classiq_nvidia_collaborate_on_quantum_center_for_life_sciences] Repaired malformed JSON.
[02:37:14 +5m 18s | thequantuminsider_2023_11_22_classiq_nvidia_collaborate_on_quantum_center_for_life_sciences] Extracting actors: https://thequantuminsider.com/2023/11/22/classiq-nvidia-collaborate-on-quantum-center-for-life-sciences (1/1), chunk 30/37
[02:37:24 +5m 28s | thequantuminsider_2023_11_22_classiq_nvidia_collaborate_on_quantum_center_for_life_sciences] Repaired malformed JSON.
[02:37:24 +5m 28s | thequantuminsider_2023_11_22_classiq_nvidia_collaborate_on_quantum_center_for_life_sciences] Extracting actors: https://thequantuminsider.com/2023/11/22/classiq-nvidia-collaborate-on-quantum-center-for-life-sciences (1/1), chunk 31/37
[02:37:41 +5m 46s | thequantuminsider_2023_11_22_classiq_nvidia_collaborate_on_quantum_center_for_life_sciences] Repaired malformed JSON.
[02:37:41 +5m 46s | thequantuminsider_2023_11_22_classiq_nvidia_collaborate_on_quantum_center_for_life_sciences] Extracting actors: https://thequantuminsider.com/2023/11/22/classiq-nvidia-collaborate-on-quantum-center-for-life-sciences (1/1), chunk 32/37
[02:37:47 +5m 53s | thequantuminsider_2023_11_22_classiq_nvidia_collaborate_on_quantum_center_for_life_sciences] Repaired malformed JSON.
[02:37:47 +5m 53s | thequantuminsider_2023_11_22_classiq_nvidia_collaborate_on_quantum_center_for_life_sciences] Extracting actors: https://thequantuminsider.com/2023/11/22/classiq-nvidia-collaborate-on-quantum-center-for-life-sciences (1/1), chunk 33/37
[02:37:55 +6m 1s | thequantuminsider_2023_11_22_classiq_nvidia_collaborate_on_quantum_center_for_life_sciences] Repaired malformed JSON.
[02:37:55 +6m 1s | thequantuminsider_2023_11_22_classiq_nvidia_collaborate_on_quantum_center_for_life_sciences] Extracting actors: https://thequantuminsider.com/2023/11/22/classiq-nvidia-collaborate-on-quantum-center-for-life-sciences (1/1), chunk 34/37
[02:38:04 +6m 10s | thequantuminsider_2023_11_22_classiq_nvidia_collaborate_on_quantum_center_for_life_sciences] Repaired malformed JSON.
[02:38:04 +6m 10s | thequantuminsider_2023_11_22_classiq_nvidia_collaborate_on_quantum_center_for_life_sciences] Extracting actors: https://thequantuminsider.com/2023/11/22/classiq-nvidia-collaborate-on-quantum-center-for-life-sciences (1/1), chunk 35/37
[02:38:10 +6m 16s | thequantuminsider_2023_11_22_classiq_nvidia_collaborate_on_quantum_center_for_life_sciences] Repaired malformed JSON.
[02:38:10 +6m 16s | thequantuminsider_2023_11_22_classiq_nvidia_collaborate_on_quantum_center_for_life_sciences] Extracting actors: https://thequantuminsider.com/2023/11/22/classiq-nvidia-collaborate-on-quantum-center-for-life-sciences (1/1), chunk 36/37
[02:38:17 +6m 25s | thequantuminsider_2023_11_22_classiq_nvidia_collaborate_on_quantum_center_for_life_sciences] Repaired malformed JSON.
[02:38:17 +6m 25s | thequantuminsider_2023_11_22_classiq_nvidia_collaborate_on_quantum_center_for_life_sciences] Extracting actors: https://thequantuminsider.com/2023/11/22/classiq-nvidia-collaborate-on-quantum-center-for-life-sciences (1/1), chunk 37/37
[02:38:26 +6m 33s | thequantuminsider_2023_11_22_classiq_nvidia_collaborate_on_quantum_center_for_life_sciences] Repaired malformed JSON.
[02:38:26 +6m 33s | thequantuminsider_2023_11_22_classiq_nvidia_collaborate_on_quantum_center_for_life_sciences] Saved 1_actor_results.json with 62 extracted records

[02:38:26 +6m 33s | thequantuminsider_2023_11_22_classiq_nvidia_collaborate_on_quantum_center_for_life_sciences] === 2 clean actors ===
[02:38:26 +6m 33s | thequantuminsider_2023_11_22_classiq_nvidia_collaborate_on_quantum_center_for_life_sciences] Loaded 62 extracted records
[02:38:26 +6m 33s | thequantuminsider_2023_11_22_classiq_nvidia_collaborate_on_quantum_center_for_life_sciences] Saved 2_actor_nodes.json with 14 canonical actor nodes

[02:38:26 +6m 33s | thequantuminsider_2023_11_22_classiq_nvidia_collaborate_on_quantum_center_for_life_sciences] === 3 interaction extraction ===
[02:38:26 +6m 33s | thequantuminsider_2023_11_22_classiq_nvidia_collaborate_on_quantum_center_for_life_sciences] Extracting interactions: https://thequantuminsider.com/2023/11/22/classiq-nvidia-collaborate-on-quantum-center-for-life-sciences (1/1), chunk 11/37
[02:38:37 +6m 44s | thequantuminsider_2023_11_22_classiq_nvidia_collaborate_on_quantum_center_for_life_sciences] Extracting interactions: https://thequantuminsider.com/2023/11/22/classiq-nvidia-collaborate-on-quantum-center-for-life-sciences (1/1), chunk 12/37
[02:39:08 +7m 17s | thequantuminsider_2023_11_22_classiq_nvidia_collaborate_on_quantum_center_for_life_sciences] Extracting interactions: https://thequantuminsider.com/2023/11/22/classiq-nvidia-collaborate-on-quantum-center-for-life-sciences (1/1), chunk 13/37
[02:39:24 +7m 34s | thequantuminsider_2023_11_22_classiq_nvidia_collaborate_on_quantum_center_for_life_sciences] Extracting interactions: https://thequantuminsider.com/2023/11/22/classiq-nvidia-collaborate-on-quantum-center-for-life-sciences (1/1), chunk 14/37
[02:39:41 +7m 51s | thequantuminsider_2023_11_22_classiq_nvidia_collaborate_on_quantum_center_for_life_sciences] Extracting interactions: https://thequantuminsider.com/2023/11/22/classiq-nvidia-collaborate-on-quantum-center-for-life-sciences (1/1), chunk 15/37
[02:39:52 +8m 3s | thequantuminsider_2023_11_22_classiq_nvidia_collaborate_on_quantum_center_for_life_sciences] Extracting interactions: https://thequantuminsider.com/2023/11/22/classiq-nvidia-collaborate-on-quantum-center-for-life-sciences (1/1), chunk 16/37
[02:40:10 +8m 21s | thequantuminsider_2023_11_22_classiq_nvidia_collaborate_on_quantum_center_for_life_sciences] Extracting interactions: https://thequantuminsider.com/2023/11/22/classiq-nvidia-collaborate-on-quantum-center-for-life-sciences (1/1), chunk 17/37
[02:40:12 +8m 23s | thequantuminsider_2023_11_22_classiq_nvidia_collaborate_on_quantum_center_for_life_sciences] Extracting interactions: https://thequantuminsider.com/2023/11/22/classiq-nvidia-collaborate-on-quantum-center-for-life-sciences (1/1), chunk 20/37
[02:40:14 +8m 25s | thequantuminsider_2023_11_22_classiq_nvidia_collaborate_on_quantum_center_for_life_sciences] Extracting interactions: https://thequantuminsider.com/2023/11/22/classiq-nvidia-collaborate-on-quantum-center-for-life-sciences (1/1), chunk 21/37
[02:40:18 +8m 29s | thequantuminsider_2023_11_22_classiq_nvidia_collaborate_on_quantum_center_for_life_sciences] Extracting interactions: https://thequantuminsider.com/2023/11/22/classiq-nvidia-collaborate-on-quantum-center-for-life-sciences (1/1), chunk 26/37
[02:40:20 +8m 33s | thequantuminsider_2023_11_22_classiq_nvidia_collaborate_on_quantum_center_for_life_sciences] Extracting interactions: https://thequantuminsider.com/2023/11/22/classiq-nvidia-collaborate-on-quantum-center-for-life-sciences (1/1), chunk 29/37
[02:41:07 +9m 21s | thequantuminsider_2023_11_22_classiq_nvidia_collaborate_on_quantum_center_for_life_sciences] Extracting interactions: https://thequantuminsider.com/2023/11/22/classiq-nvidia-collaborate-on-quantum-center-for-life-sciences (1/1), chunk 30/37
[02:41:12 +9m 26s | thequantuminsider_2023_11_22_classiq_nvidia_collaborate_on_quantum_center_for_life_sciences] Extracting interactions: https://thequantuminsider.com/2023/11/22/classiq-nvidia-collaborate-on-quantum-center-for-life-sciences (1/1), chunk 31/37
[02:41:17 +9m 31s | thequantuminsider_2023_11_22_classiq_nvidia_collaborate_on_quantum_center_for_life_sciences] Extracting interactions: https://thequantuminsider.com/2023/11/22/classiq-nvidia-collaborate-on-quantum-center-for-life-sciences (1/1), chunk 32/37
[02:41:19 +9m 33s | thequantuminsider_2023_11_22_classiq_nvidia_collaborate_on_quantum_center_for_life_sciences] Extracting interactions: https://thequantuminsider.com/2023/11/22/classiq-nvidia-collaborate-on-quantum-center-for-life-sciences (1/1), chunk 33/37
[02:41:20 +9m 35s | thequantuminsider_2023_11_22_classiq_nvidia_collaborate_on_quantum_center_for_life_sciences] Extracting interactions: https://thequantuminsider.com/2023/11/22/classiq-nvidia-collaborate-on-quantum-center-for-life-sciences (1/1), chunk 35/37
[02:41:24 +9m 39s | thequantuminsider_2023_11_22_classiq_nvidia_collaborate_on_quantum_center_for_life_sciences] Extracting interactions: https://thequantuminsider.com/2023/11/22/classiq-nvidia-collaborate-on-quantum-center-for-life-sciences (1/1), chunk 36/37
[02:41:41 +9m 56s | thequantuminsider_2023_11_22_classiq_nvidia_collaborate_on_quantum_center_for_life_sciences] Extracting interactions: https://thequantuminsider.com/2023/11/22/classiq-nvidia-collaborate-on-quantum-center-for-life-sciences (1/1), chunk 37/37
[02:41:43 +9m 58s | thequantuminsider_2023_11_22_classiq_nvidia_collaborate_on_quantum_center_for_life_sciences] Saved 3_interaction_results.json with 26 extracted interactions.

[02:41:43 +9m 59s | thequantuminsider_2023_11_22_classiq_nvidia_collaborate_on_quantum_center_for_life_sciences] === 4 clean interactions ===
[02:41:43 +9m 59s | thequantuminsider_2023_11_22_classiq_nvidia_collaborate_on_quantum_center_for_life_sciences] Saved 4_edges.json with 6 cleaned interactions.

[02:41:43 +9m 59s | thequantuminsider_2023_11_22_classiq_nvidia_collaborate_on_quantum_center_for_life_sciences] === 5 helix enrichment ===
[02:41:44 +9m 59s | thequantuminsider_2023_11_22_classiq_nvidia_collaborate_on_quantum_center_for_life_sciences] Wrote 5_nodes.json (14 actors)
[02:41:44 +9m 59s | thequantuminsider_2023_11_22_classiq_nvidia_collaborate_on_quantum_center_for_life_sciences] Wrote 5_edges.json (6 interactions)
[02:41:44 +9m 59s | thequantuminsider_2023_11_22_classiq_nvidia_collaborate_on_quantum_center_for_life_sciences] Actor helix counts: {'Academia': 2, 'Civil Society': 3, 'Industry': 2, 'Unknown': 7}
[02:41:44 +9m 59s | thequantuminsider_2023_11_22_classiq_nvidia_collaborate_on_quantum_center_for_life_sciences] Functional-space counts: {'Innovation': 2, 'Intra-helix / Not classified': 4}

[02:41:44 +9m 59s | thequantuminsider_2023_11_22_classiq_nvidia_collaborate_on_quantum_center_for_life_sciences] === 6 network visualisation ===
[02:41:44 +9m 59s | thequantuminsider_2023_11_22_classiq_nvidia_collaborate_on_quantum_center_for_life_sciences] Wrote quantum_network.html
[02:41:44 +9m 59s | thequantuminsider_2023_11_22_classiq_nvidia_collaborate_on_quantum_center_for_life_sciences] Nodes: 14
[02:41:44 +9m 59s | thequantuminsider_2023_11_22_classiq_nvidia_collaborate_on_quantum_center_for_life_sciences] Edges: 3

[02:41:44 +9m 59s | thequantuminsider_2023_11_22_classiq_nvidia_collaborate_on_quantum_center_for_life_sciences] Done. Outputs written to: /home/lv/IDP/idpdeeptech/pipeline/news_outputs/thequantuminsider_2023_11_22_classiq_nvidia_collaborate_on_quantum_center_for_life_sciences
[02:41:44 +9m 59s | thequantuminsider_2023_11_22_classiq_nvidia_collaborate_on_quantum_center_for_life_sciences] Log: /home/lv/IDP/idpdeeptech/pipeline/news_outputs/thequantuminsider_2023_11_22_classiq_nvidia_collaborate_on_quantum_center_for_life_sciences/run.log

========================================================================
RUN FINISHED 2026-07-05 02:41:44  (OK)
Started:     2026-07-05 02:32:08
Elapsed:     9m 59s
========================================================================
