
========================================================================
RUN STARTED  2026-07-05 04:29:04
site_pipeline.py https://thequantuminsider.com/2023/11/07/quandela-secures-e50-million-to-support-international-expansion-further-industrial-development/
========================================================================

[04:29:04 +0s | thequantuminsider_2023_11_07_quandela_secures_e50_million_to_support_international_expans_e08a5e52] === 0 crawl site ===
[04:29:06 +2s | thequantuminsider_2023_11_07_quandela_secures_e50_million_to_support_international_expans_e08a5e52] [INIT].... → Crawl4AI 0.8.6 
[04:29:09 +5s | thequantuminsider_2023_11_07_quandela_secures_e50_million_to_support_international_expans_e08a5e52] [FETCH]... ↓ https://thequantuminsider.com/2023/11/07/quandel...tional-expansion-further-industrial-development/  | ✓ | ⏱: 3.55s 
[04:29:09 +5s | thequantuminsider_2023_11_07_quandela_secures_e50_million_to_support_international_expans_e08a5e52] [SCRAPE].. ◆ https://thequantuminsider.com/2023/11/07/quandel...tional-expansion-further-industrial-development/  | ✓ | ⏱: 0.12s 
[04:29:09 +5s | thequantuminsider_2023_11_07_quandela_secures_e50_million_to_support_international_expans_e08a5e52] [COMPLETE] ● https://thequantuminsider.com/2023/11/07/quandel...tional-expansion-further-industrial-development/  | ✓ | ⏱: 3.69s 
[04:29:09 +5s | thequantuminsider_2023_11_07_quandela_secures_e50_million_to_support_international_expans_e08a5e52] Saved: crawl_output/83c0c659a1_thequantuminsider.com_2023_11_07_quandela-secures-e50-million-to-support-international-expansion-further-industrial-development.json

[04:29:10 +6s | thequantuminsider_2023_11_07_quandela_secures_e50_million_to_support_international_expans_e08a5e52] === 1 actor extraction ===
[04:29:10 +6s | thequantuminsider_2023_11_07_quandela_secures_e50_million_to_support_international_expans_e08a5e52] Reading page (1/1): https://thequantuminsider.com/2023/11/07/quandela-secures-e50-million-to-support-international-expansion-further-industrial-development
[04:29:10 +6s | thequantuminsider_2023_11_07_quandela_secures_e50_million_to_support_international_expans_e08a5e52] Extracting actors: https://thequantuminsider.com/2023/11/07/quandela-secures-e50-million-to-support-international-expansion-further-industrial-development (1/1), chunk 1/37
[04:29:15 +11s | thequantuminsider_2023_11_07_quandela_secures_e50_million_to_support_international_expans_e08a5e52] Extracting actors: https://thequantuminsider.com/2023/11/07/quandela-secures-e50-million-to-support-international-expansion-further-industrial-development (1/1), chunk 2/37
[04:29:18 +16s | thequantuminsider_2023_11_07_quandela_secures_e50_million_to_support_international_expans_e08a5e52] Extracting actors: https://thequantuminsider.com/2023/11/07/quandela-secures-e50-million-to-support-international-expansion-further-industrial-development (1/1), chunk 3/37
[04:29:24 +22s | thequantuminsider_2023_11_07_quandela_secures_e50_million_to_support_international_expans_e08a5e52] Extracting actors: https://thequantuminsider.com/2023/11/07/quandela-secures-e50-million-to-support-international-expansion-further-industrial-development (1/1), chunk 4/37
[04:29:29 +26s | thequantuminsider_2023_11_07_quandela_secures_e50_million_to_support_international_expans_e08a5e52] Extracting actors: https://thequantuminsider.com/2023/11/07/quandela-secures-e50-million-to-support-international-expansion-further-industrial-development (1/1), chunk 5/37
[04:29:36 +34s | thequantuminsider_2023_11_07_quandela_secures_e50_million_to_support_international_expans_e08a5e52] Extracting actors: https://thequantuminsider.com/2023/11/07/quandela-secures-e50-million-to-support-international-expansion-further-industrial-development (1/1), chunk 6/37
[04:29:42 +40s | thequantuminsider_2023_11_07_quandela_secures_e50_million_to_support_international_expans_e08a5e52] Extracting actors: https://thequantuminsider.com/2023/11/07/quandela-secures-e50-million-to-support-international-expansion-further-industrial-development (1/1), chunk 7/37
[04:29:47 +44s | thequantuminsider_2023_11_07_quandela_secures_e50_million_to_support_international_expans_e08a5e52] Extracting actors: https://thequantuminsider.com/2023/11/07/quandela-secures-e50-million-to-support-international-expansion-further-industrial-development (1/1), chunk 8/37
[04:29:53 +53s | thequantuminsider_2023_11_07_quandela_secures_e50_million_to_support_international_expans_e08a5e52] Extracting actors: https://thequantuminsider.com/2023/11/07/quandela-secures-e50-million-to-support-international-expansion-further-industrial-development (1/1), chunk 9/37
[04:30:25 +1m 26s | thequantuminsider_2023_11_07_quandela_secures_e50_million_to_support_international_expans_e08a5e52] Extracting actors: https://thequantuminsider.com/2023/11/07/quandela-secures-e50-million-to-support-international-expansion-further-industrial-development (1/1), chunk 10/37
[04:30:30 +1m 31s | thequantuminsider_2023_11_07_quandela_secures_e50_million_to_support_international_expans_e08a5e52] Extracting actors: https://thequantuminsider.com/2023/11/07/quandela-secures-e50-million-to-support-international-expansion-further-industrial-development (1/1), chunk 11/37
[04:30:40 +1m 41s | thequantuminsider_2023_11_07_quandela_secures_e50_million_to_support_international_expans_e08a5e52] Repaired malformed JSON.
[04:30:40 +1m 41s | thequantuminsider_2023_11_07_quandela_secures_e50_million_to_support_international_expans_e08a5e52] Extracting actors: https://thequantuminsider.com/2023/11/07/quandela-secures-e50-million-to-support-international-expansion-further-industrial-development (1/1), chunk 12/37
[04:30:59 +2m 2s | thequantuminsider_2023_11_07_quandela_secures_e50_million_to_support_international_expans_e08a5e52] Repaired malformed JSON.
[04:30:59 +2m 2s | thequantuminsider_2023_11_07_quandela_secures_e50_million_to_support_international_expans_e08a5e52] Extracting actors: https://thequantuminsider.com/2023/11/07/quandela-secures-e50-million-to-support-international-expansion-further-industrial-development (1/1), chunk 13/37
[04:31:05 +2m 8s | thequantuminsider_2023_11_07_quandela_secures_e50_million_to_support_international_expans_e08a5e52] Repaired malformed JSON.
[04:31:05 +2m 8s | thequantuminsider_2023_11_07_quandela_secures_e50_million_to_support_international_expans_e08a5e52] Extracting actors: https://thequantuminsider.com/2023/11/07/quandela-secures-e50-million-to-support-international-expansion-further-industrial-development (1/1), chunk 14/37
[04:31:12 +2m 15s | thequantuminsider_2023_11_07_quandela_secures_e50_million_to_support_international_expans_e08a5e52] Repaired malformed JSON.
[04:31:12 +2m 15s | thequantuminsider_2023_11_07_quandela_secures_e50_million_to_support_international_expans_e08a5e52] Extracting actors: https://thequantuminsider.com/2023/11/07/quandela-secures-e50-million-to-support-international-expansion-further-industrial-development (1/1), chunk 15/37
[04:31:18 +2m 21s | thequantuminsider_2023_11_07_quandela_secures_e50_million_to_support_international_expans_e08a5e52] Repaired malformed JSON.
[04:31:18 +2m 21s | thequantuminsider_2023_11_07_quandela_secures_e50_million_to_support_international_expans_e08a5e52] Extracting actors: https://thequantuminsider.com/2023/11/07/quandela-secures-e50-million-to-support-international-expansion-further-industrial-development (1/1), chunk 16/37
[04:31:23 +2m 28s | thequantuminsider_2023_11_07_quandela_secures_e50_million_to_support_international_expans_e08a5e52] Repaired malformed JSON.
[04:31:23 +2m 28s | thequantuminsider_2023_11_07_quandela_secures_e50_million_to_support_international_expans_e08a5e52] Extracting actors: https://thequantuminsider.com/2023/11/07/quandela-secures-e50-million-to-support-international-expansion-further-industrial-development (1/1), chunk 17/37
[04:31:29 +2m 34s | thequantuminsider_2023_11_07_quandela_secures_e50_million_to_support_international_expans_e08a5e52] Repaired malformed JSON.
[04:31:29 +2m 34s | thequantuminsider_2023_11_07_quandela_secures_e50_million_to_support_international_expans_e08a5e52] Extracting actors: https://thequantuminsider.com/2023/11/07/quandela-secures-e50-million-to-support-international-expansion-further-industrial-development (1/1), chunk 18/37
[04:31:54 +3m 1s | thequantuminsider_2023_11_07_quandela_secures_e50_million_to_support_international_expans_e08a5e52] Repaired malformed JSON.
[04:31:54 +3m 1s | thequantuminsider_2023_11_07_quandela_secures_e50_million_to_support_international_expans_e08a5e52] Extracting actors: https://thequantuminsider.com/2023/11/07/quandela-secures-e50-million-to-support-international-expansion-further-industrial-development (1/1), chunk 19/37
[04:32:01 +3m 8s | thequantuminsider_2023_11_07_quandela_secures_e50_million_to_support_international_expans_e08a5e52] Repaired malformed JSON.
[04:32:01 +3m 8s | thequantuminsider_2023_11_07_quandela_secures_e50_million_to_support_international_expans_e08a5e52] Extracting actors: https://thequantuminsider.com/2023/11/07/quandela-secures-e50-million-to-support-international-expansion-further-industrial-development (1/1), chunk 20/37
[04:32:27 +3m 36s | thequantuminsider_2023_11_07_quandela_secures_e50_million_to_support_international_expans_e08a5e52] Repaired malformed JSON.
[04:32:27 +3m 36s | thequantuminsider_2023_11_07_quandela_secures_e50_million_to_support_international_expans_e08a5e52] Extracting actors: https://thequantuminsider.com/2023/11/07/quandela-secures-e50-million-to-support-international-expansion-further-industrial-development (1/1), chunk 21/37
[04:32:33 +3m 42s | thequantuminsider_2023_11_07_quandela_secures_e50_million_to_support_international_expans_e08a5e52] Repaired malformed JSON.
[04:32:33 +3m 42s | thequantuminsider_2023_11_07_quandela_secures_e50_million_to_support_international_expans_e08a5e52] Extracting actors: https://thequantuminsider.com/2023/11/07/quandela-secures-e50-million-to-support-international-expansion-further-industrial-development (1/1), chunk 22/37
[04:32:48 +3m 58s | thequantuminsider_2023_11_07_quandela_secures_e50_million_to_support_international_expans_e08a5e52] Extracting actors: https://thequantuminsider.com/2023/11/07/quandela-secures-e50-million-to-support-international-expansion-further-industrial-development (1/1), chunk 23/37
[04:32:54 +4m 5s | thequantuminsider_2023_11_07_quandela_secures_e50_million_to_support_international_expans_e08a5e52] Repaired malformed JSON.
[04:32:54 +4m 5s | thequantuminsider_2023_11_07_quandela_secures_e50_million_to_support_international_expans_e08a5e52] Extracting actors: https://thequantuminsider.com/2023/11/07/quandela-secures-e50-million-to-support-international-expansion-further-industrial-development (1/1), chunk 24/37
[04:33:04 +4m 14s | thequantuminsider_2023_11_07_quandela_secures_e50_million_to_support_international_expans_e08a5e52] Repaired malformed JSON.
[04:33:04 +4m 14s | thequantuminsider_2023_11_07_quandela_secures_e50_million_to_support_international_expans_e08a5e52] Extracting actors: https://thequantuminsider.com/2023/11/07/quandela-secures-e50-million-to-support-international-expansion-further-industrial-development (1/1), chunk 25/37
[04:33:09 +4m 20s | thequantuminsider_2023_11_07_quandela_secures_e50_million_to_support_international_expans_e08a5e52] Extracting actors: https://thequantuminsider.com/2023/11/07/quandela-secures-e50-million-to-support-international-expansion-further-industrial-development (1/1), chunk 26/37
[04:33:17 +4m 27s | thequantuminsider_2023_11_07_quandela_secures_e50_million_to_support_international_expans_e08a5e52] Repaired malformed JSON.
[04:33:17 +4m 27s | thequantuminsider_2023_11_07_quandela_secures_e50_million_to_support_international_expans_e08a5e52] Extracting actors: https://thequantuminsider.com/2023/11/07/quandela-secures-e50-million-to-support-international-expansion-further-industrial-development (1/1), chunk 27/37
[04:33:22 +4m 34s | thequantuminsider_2023_11_07_quandela_secures_e50_million_to_support_international_expans_e08a5e52] Extracting actors: https://thequantuminsider.com/2023/11/07/quandela-secures-e50-million-to-support-international-expansion-further-industrial-development (1/1), chunk 28/37
[04:33:27 +4m 39s | thequantuminsider_2023_11_07_quandela_secures_e50_million_to_support_international_expans_e08a5e52] Extracting actors: https://thequantuminsider.com/2023/11/07/quandela-secures-e50-million-to-support-international-expansion-further-industrial-development (1/1), chunk 29/37
[04:33:52 +5m 5s | thequantuminsider_2023_11_07_quandela_secures_e50_million_to_support_international_expans_e08a5e52] Repaired malformed JSON.
[04:33:52 +5m 5s | thequantuminsider_2023_11_07_quandela_secures_e50_million_to_support_international_expans_e08a5e52] Extracting actors: https://thequantuminsider.com/2023/11/07/quandela-secures-e50-million-to-support-international-expansion-further-industrial-development (1/1), chunk 30/37
[04:34:00 +5m 14s | thequantuminsider_2023_11_07_quandela_secures_e50_million_to_support_international_expans_e08a5e52] Repaired malformed JSON.
[04:34:00 +5m 14s | thequantuminsider_2023_11_07_quandela_secures_e50_million_to_support_international_expans_e08a5e52] Extracting actors: https://thequantuminsider.com/2023/11/07/quandela-secures-e50-million-to-support-international-expansion-further-industrial-development (1/1), chunk 31/37
[04:34:08 +5m 22s | thequantuminsider_2023_11_07_quandela_secures_e50_million_to_support_international_expans_e08a5e52] Repaired malformed JSON.
[04:34:08 +5m 22s | thequantuminsider_2023_11_07_quandela_secures_e50_million_to_support_international_expans_e08a5e52] Extracting actors: https://thequantuminsider.com/2023/11/07/quandela-secures-e50-million-to-support-international-expansion-further-industrial-development (1/1), chunk 32/37
[04:34:15 +5m 29s | thequantuminsider_2023_11_07_quandela_secures_e50_million_to_support_international_expans_e08a5e52] Repaired malformed JSON.
[04:34:15 +5m 29s | thequantuminsider_2023_11_07_quandela_secures_e50_million_to_support_international_expans_e08a5e52] Extracting actors: https://thequantuminsider.com/2023/11/07/quandela-secures-e50-million-to-support-international-expansion-further-industrial-development (1/1), chunk 33/37
[04:34:21 +5m 34s | thequantuminsider_2023_11_07_quandela_secures_e50_million_to_support_international_expans_e08a5e52] Repaired malformed JSON.
[04:34:21 +5m 34s | thequantuminsider_2023_11_07_quandela_secures_e50_million_to_support_international_expans_e08a5e52] Extracting actors: https://thequantuminsider.com/2023/11/07/quandela-secures-e50-million-to-support-international-expansion-further-industrial-development (1/1), chunk 34/37
[04:34:26 +5m 41s | thequantuminsider_2023_11_07_quandela_secures_e50_million_to_support_international_expans_e08a5e52] Repaired malformed JSON.
[04:34:26 +5m 41s | thequantuminsider_2023_11_07_quandela_secures_e50_million_to_support_international_expans_e08a5e52] Extracting actors: https://thequantuminsider.com/2023/11/07/quandela-secures-e50-million-to-support-international-expansion-further-industrial-development (1/1), chunk 35/37
[04:34:35 +5m 50s | thequantuminsider_2023_11_07_quandela_secures_e50_million_to_support_international_expans_e08a5e52] Repaired malformed JSON.
[04:34:35 +5m 50s | thequantuminsider_2023_11_07_quandela_secures_e50_million_to_support_international_expans_e08a5e52] Extracting actors: https://thequantuminsider.com/2023/11/07/quandela-secures-e50-million-to-support-international-expansion-further-industrial-development (1/1), chunk 36/37
[04:34:44 +5m 59s | thequantuminsider_2023_11_07_quandela_secures_e50_million_to_support_international_expans_e08a5e52] Repaired malformed JSON.
[04:34:44 +5m 59s | thequantuminsider_2023_11_07_quandela_secures_e50_million_to_support_international_expans_e08a5e52] Extracting actors: https://thequantuminsider.com/2023/11/07/quandela-secures-e50-million-to-support-international-expansion-further-industrial-development (1/1), chunk 37/37
[04:34:51 +6m 9s | thequantuminsider_2023_11_07_quandela_secures_e50_million_to_support_international_expans_e08a5e52] Repaired malformed JSON.
[04:34:51 +6m 9s | thequantuminsider_2023_11_07_quandela_secures_e50_million_to_support_international_expans_e08a5e52] Saved 1_actor_results.json with 54 extracted records

[04:34:51 +6m 9s | thequantuminsider_2023_11_07_quandela_secures_e50_million_to_support_international_expans_e08a5e52] === 2 clean actors ===
[04:34:51 +6m 9s | thequantuminsider_2023_11_07_quandela_secures_e50_million_to_support_international_expans_e08a5e52] Loaded 54 extracted records
[04:34:51 +6m 9s | thequantuminsider_2023_11_07_quandela_secures_e50_million_to_support_international_expans_e08a5e52] Saved 2_actor_nodes.json with 17 canonical actor nodes

[04:34:51 +6m 9s | thequantuminsider_2023_11_07_quandela_secures_e50_million_to_support_international_expans_e08a5e52] === 3 interaction extraction ===
[04:34:51 +6m 9s | thequantuminsider_2023_11_07_quandela_secures_e50_million_to_support_international_expans_e08a5e52] Extracting interactions: https://thequantuminsider.com/2023/11/07/quandela-secures-e50-million-to-support-international-expansion-further-industrial-development (1/1), chunk 11/37
[04:34:55 +6m 13s | thequantuminsider_2023_11_07_quandela_secures_e50_million_to_support_international_expans_e08a5e52] Extracting interactions: https://thequantuminsider.com/2023/11/07/quandela-secures-e50-million-to-support-international-expansion-further-industrial-development (1/1), chunk 12/37
[04:35:05 +6m 23s | thequantuminsider_2023_11_07_quandela_secures_e50_million_to_support_international_expans_e08a5e52] Extracting interactions: https://thequantuminsider.com/2023/11/07/quandela-secures-e50-million-to-support-international-expansion-further-industrial-development (1/1), chunk 13/37
[04:35:13 +6m 31s | thequantuminsider_2023_11_07_quandela_secures_e50_million_to_support_international_expans_e08a5e52] Extracting interactions: https://thequantuminsider.com/2023/11/07/quandela-secures-e50-million-to-support-international-expansion-further-industrial-development (1/1), chunk 14/37
[04:35:31 +6m 50s | thequantuminsider_2023_11_07_quandela_secures_e50_million_to_support_international_expans_e08a5e52] Extracting interactions: https://thequantuminsider.com/2023/11/07/quandela-secures-e50-million-to-support-international-expansion-further-industrial-development (1/1), chunk 15/37
[04:35:40 +6m 59s | thequantuminsider_2023_11_07_quandela_secures_e50_million_to_support_international_expans_e08a5e52] Extracting interactions: https://thequantuminsider.com/2023/11/07/quandela-secures-e50-million-to-support-international-expansion-further-industrial-development (1/1), chunk 16/37
[04:35:42 +7m 1s | thequantuminsider_2023_11_07_quandela_secures_e50_million_to_support_international_expans_e08a5e52] Extracting interactions: https://thequantuminsider.com/2023/11/07/quandela-secures-e50-million-to-support-international-expansion-further-industrial-development (1/1), chunk 17/37
[04:35:45 +7m 5s | thequantuminsider_2023_11_07_quandela_secures_e50_million_to_support_international_expans_e08a5e52] Extracting interactions: https://thequantuminsider.com/2023/11/07/quandela-secures-e50-million-to-support-international-expansion-further-industrial-development (1/1), chunk 20/37
[04:35:47 +7m 6s | thequantuminsider_2023_11_07_quandela_secures_e50_million_to_support_international_expans_e08a5e52] Extracting interactions: https://thequantuminsider.com/2023/11/07/quandela-secures-e50-million-to-support-international-expansion-further-industrial-development (1/1), chunk 21/37
[04:35:51 +7m 10s | thequantuminsider_2023_11_07_quandela_secures_e50_million_to_support_international_expans_e08a5e52] Extracting interactions: https://thequantuminsider.com/2023/11/07/quandela-secures-e50-million-to-support-international-expansion-further-industrial-development (1/1), chunk 26/37
[04:35:53 +7m 14s | thequantuminsider_2023_11_07_quandela_secures_e50_million_to_support_international_expans_e08a5e52] Extracting interactions: https://thequantuminsider.com/2023/11/07/quandela-secures-e50-million-to-support-international-expansion-further-industrial-development (1/1), chunk 27/37
[04:36:07 +7m 28s | thequantuminsider_2023_11_07_quandela_secures_e50_million_to_support_international_expans_e08a5e52] Extracting interactions: https://thequantuminsider.com/2023/11/07/quandela-secures-e50-million-to-support-international-expansion-further-industrial-development (1/1), chunk 28/37
[04:36:09 +7m 30s | thequantuminsider_2023_11_07_quandela_secures_e50_million_to_support_international_expans_e08a5e52] Extracting interactions: https://thequantuminsider.com/2023/11/07/quandela-secures-e50-million-to-support-international-expansion-further-industrial-development (1/1), chunk 29/37
[04:36:11 +7m 32s | thequantuminsider_2023_11_07_quandela_secures_e50_million_to_support_international_expans_e08a5e52] Extracting interactions: https://thequantuminsider.com/2023/11/07/quandela-secures-e50-million-to-support-international-expansion-further-industrial-development (1/1), chunk 30/37
[04:36:40 +8m 3s | thequantuminsider_2023_11_07_quandela_secures_e50_million_to_support_international_expans_e08a5e52] Extracting interactions: https://thequantuminsider.com/2023/11/07/quandela-secures-e50-million-to-support-international-expansion-further-industrial-development (1/1), chunk 31/37
[04:37:02 +8m 26s | thequantuminsider_2023_11_07_quandela_secures_e50_million_to_support_international_expans_e08a5e52] Extracting interactions: https://thequantuminsider.com/2023/11/07/quandela-secures-e50-million-to-support-international-expansion-further-industrial-development (1/1), chunk 32/37
[04:37:03 +8m 28s | thequantuminsider_2023_11_07_quandela_secures_e50_million_to_support_international_expans_e08a5e52] Extracting interactions: https://thequantuminsider.com/2023/11/07/quandela-secures-e50-million-to-support-international-expansion-further-industrial-development (1/1), chunk 33/37
[04:37:05 +8m 30s | thequantuminsider_2023_11_07_quandela_secures_e50_million_to_support_international_expans_e08a5e52] Extracting interactions: https://thequantuminsider.com/2023/11/07/quandela-secures-e50-million-to-support-international-expansion-further-industrial-development (1/1), chunk 35/37
[04:37:07 +8m 32s | thequantuminsider_2023_11_07_quandela_secures_e50_million_to_support_international_expans_e08a5e52] Extracting interactions: https://thequantuminsider.com/2023/11/07/quandela-secures-e50-million-to-support-international-expansion-further-industrial-development (1/1), chunk 36/37
[04:37:42 +9m 8s | thequantuminsider_2023_11_07_quandela_secures_e50_million_to_support_international_expans_e08a5e52] Extracting interactions: https://thequantuminsider.com/2023/11/07/quandela-secures-e50-million-to-support-international-expansion-further-industrial-development (1/1), chunk 37/37
[04:37:43 +9m 10s | thequantuminsider_2023_11_07_quandela_secures_e50_million_to_support_international_expans_e08a5e52] Saved 3_interaction_results.json with 19 extracted interactions.

[04:37:43 +9m 10s | thequantuminsider_2023_11_07_quandela_secures_e50_million_to_support_international_expans_e08a5e52] === 4 clean interactions ===
[04:37:43 +9m 10s | thequantuminsider_2023_11_07_quandela_secures_e50_million_to_support_international_expans_e08a5e52] Saved 4_edges.json with 2 cleaned interactions.

[04:37:43 +9m 10s | thequantuminsider_2023_11_07_quandela_secures_e50_million_to_support_international_expans_e08a5e52] === 5 helix enrichment ===
[04:37:43 +9m 10s | thequantuminsider_2023_11_07_quandela_secures_e50_million_to_support_international_expans_e08a5e52] Wrote 5_nodes.json (17 actors)
[04:37:43 +9m 10s | thequantuminsider_2023_11_07_quandela_secures_e50_million_to_support_international_expans_e08a5e52] Wrote 5_edges.json (2 interactions)
[04:37:43 +9m 10s | thequantuminsider_2023_11_07_quandela_secures_e50_million_to_support_international_expans_e08a5e52] Actor helix counts: {'Academia': 1, 'Civil Society': 4, 'Industry': 1, 'Intermediary': 3, 'Unknown': 8}
[04:37:43 +9m 10s | thequantuminsider_2023_11_07_quandela_secures_e50_million_to_support_international_expans_e08a5e52] Functional-space counts: {'Innovation': 2}

[04:37:43 +9m 10s | thequantuminsider_2023_11_07_quandela_secures_e50_million_to_support_international_expans_e08a5e52] === 6 network visualisation ===
[04:37:44 +9m 11s | thequantuminsider_2023_11_07_quandela_secures_e50_million_to_support_international_expans_e08a5e52] Wrote quantum_network.html
[04:37:44 +9m 11s | thequantuminsider_2023_11_07_quandela_secures_e50_million_to_support_international_expans_e08a5e52] Nodes: 17
[04:37:44 +9m 11s | thequantuminsider_2023_11_07_quandela_secures_e50_million_to_support_international_expans_e08a5e52] Edges: 1

[04:37:44 +9m 11s | thequantuminsider_2023_11_07_quandela_secures_e50_million_to_support_international_expans_e08a5e52] Done. Outputs written to: /home/lv/IDP/idpdeeptech/pipeline/news_outputs/thequantuminsider_2023_11_07_quandela_secures_e50_million_to_support_international_expans_e08a5e52
[04:37:44 +9m 11s | thequantuminsider_2023_11_07_quandela_secures_e50_million_to_support_international_expans_e08a5e52] Log: /home/lv/IDP/idpdeeptech/pipeline/news_outputs/thequantuminsider_2023_11_07_quandela_secures_e50_million_to_support_international_expans_e08a5e52/run.log

========================================================================
RUN FINISHED 2026-07-05 04:37:44  (OK)
Started:     2026-07-05 04:29:04
Elapsed:     9m 11s
========================================================================
