
========================================================================
RUN STARTED  2026-07-05 03:04:59
site_pipeline.py https://thequantuminsider.com/2023/11/16/quoherent-inc-secures-4-7-million-series-seed-financing-to-advance-quantum-computing-with-room-temperature-edge-capable-scalable-qubit-technology/
========================================================================

[03:04:59 +0s | thequantuminsider_2023_11_16_quoherent_inc_secures_4_7_million_series_seed_financing_to_a_880723f7] === 0 crawl site ===
[03:05:01 +1s | thequantuminsider_2023_11_16_quoherent_inc_secures_4_7_million_series_seed_financing_to_a_880723f7] [INIT].... → Crawl4AI 0.8.6 
[03:05:04 +4s | thequantuminsider_2023_11_16_quoherent_inc_secures_4_7_million_series_seed_financing_to_a_880723f7] [FETCH]... ↓ https://thequantuminsider.com/2023/11/16/quohere...perature-edge-capable-scalable-qubit-technology/  | ✓ | ⏱: 2.70s 
[03:05:04 +4s | thequantuminsider_2023_11_16_quoherent_inc_secures_4_7_million_series_seed_financing_to_a_880723f7] [SCRAPE].. ◆ https://thequantuminsider.com/2023/11/16/quohere...perature-edge-capable-scalable-qubit-technology/  | ✓ | ⏱: 0.14s 
[03:05:04 +4s | thequantuminsider_2023_11_16_quoherent_inc_secures_4_7_million_series_seed_financing_to_a_880723f7] [COMPLETE] ● https://thequantuminsider.com/2023/11/16/quohere...perature-edge-capable-scalable-qubit-technology/  | ✓ | ⏱: 2.86s 
[03:05:04 +4s | thequantuminsider_2023_11_16_quoherent_inc_secures_4_7_million_series_seed_financing_to_a_880723f7] Saved: crawl_output/d02c9b3946_thequantuminsider.com_2023_11_16_quoherent-inc-secures-4-7-million-series-seed-financing-to-advance-quantum-computing-with-room-temperature-edge-capable-scalable-qubit-technology.json

[03:05:04 +5s | thequantuminsider_2023_11_16_quoherent_inc_secures_4_7_million_series_seed_financing_to_a_880723f7] === 1 actor extraction ===
[03:05:04 +5s | thequantuminsider_2023_11_16_quoherent_inc_secures_4_7_million_series_seed_financing_to_a_880723f7] Reading page (1/1): https://thequantuminsider.com/2023/11/16/quoherent-inc-secures-4-7-million-series-seed-financing-to-advance-quantum-computing-with-room-temperature-edge-capable-scalable-qubit-technology
[03:05:04 +5s | thequantuminsider_2023_11_16_quoherent_inc_secures_4_7_million_series_seed_financing_to_a_880723f7] Extracting actors: https://thequantuminsider.com/2023/11/16/quoherent-inc-secures-4-7-million-series-seed-financing-to-advance-quantum-computing-with-room-temperature-edge-capable-scalable-qubit-technology (1/1), chunk 1/36
[03:05:10 +10s | thequantuminsider_2023_11_16_quoherent_inc_secures_4_7_million_series_seed_financing_to_a_880723f7] Extracting actors: https://thequantuminsider.com/2023/11/16/quoherent-inc-secures-4-7-million-series-seed-financing-to-advance-quantum-computing-with-room-temperature-edge-capable-scalable-qubit-technology (1/1), chunk 2/36
[03:05:15 +15s | thequantuminsider_2023_11_16_quoherent_inc_secures_4_7_million_series_seed_financing_to_a_880723f7] Extracting actors: https://thequantuminsider.com/2023/11/16/quoherent-inc-secures-4-7-million-series-seed-financing-to-advance-quantum-computing-with-room-temperature-edge-capable-scalable-qubit-technology (1/1), chunk 3/36
[03:05:22 +23s | thequantuminsider_2023_11_16_quoherent_inc_secures_4_7_million_series_seed_financing_to_a_880723f7] Extracting actors: https://thequantuminsider.com/2023/11/16/quoherent-inc-secures-4-7-million-series-seed-financing-to-advance-quantum-computing-with-room-temperature-edge-capable-scalable-qubit-technology (1/1), chunk 4/36
[03:05:27 +28s | thequantuminsider_2023_11_16_quoherent_inc_secures_4_7_million_series_seed_financing_to_a_880723f7] Extracting actors: https://thequantuminsider.com/2023/11/16/quoherent-inc-secures-4-7-million-series-seed-financing-to-advance-quantum-computing-with-room-temperature-edge-capable-scalable-qubit-technology (1/1), chunk 5/36
[03:05:46 +47s | thequantuminsider_2023_11_16_quoherent_inc_secures_4_7_million_series_seed_financing_to_a_880723f7] Extracting actors: https://thequantuminsider.com/2023/11/16/quoherent-inc-secures-4-7-million-series-seed-financing-to-advance-quantum-computing-with-room-temperature-edge-capable-scalable-qubit-technology (1/1), chunk 6/36
[03:05:53 +55s | thequantuminsider_2023_11_16_quoherent_inc_secures_4_7_million_series_seed_financing_to_a_880723f7] Extracting actors: https://thequantuminsider.com/2023/11/16/quoherent-inc-secures-4-7-million-series-seed-financing-to-advance-quantum-computing-with-room-temperature-edge-capable-scalable-qubit-technology (1/1), chunk 7/36
[03:05:58 +1m 0s | thequantuminsider_2023_11_16_quoherent_inc_secures_4_7_million_series_seed_financing_to_a_880723f7] Extracting actors: https://thequantuminsider.com/2023/11/16/quoherent-inc-secures-4-7-million-series-seed-financing-to-advance-quantum-computing-with-room-temperature-edge-capable-scalable-qubit-technology (1/1), chunk 8/36
[03:06:06 +1m 9s | thequantuminsider_2023_11_16_quoherent_inc_secures_4_7_million_series_seed_financing_to_a_880723f7] Extracting actors: https://thequantuminsider.com/2023/11/16/quoherent-inc-secures-4-7-million-series-seed-financing-to-advance-quantum-computing-with-room-temperature-edge-capable-scalable-qubit-technology (1/1), chunk 9/36
[03:06:12 +1m 15s | thequantuminsider_2023_11_16_quoherent_inc_secures_4_7_million_series_seed_financing_to_a_880723f7] Extracting actors: https://thequantuminsider.com/2023/11/16/quoherent-inc-secures-4-7-million-series-seed-financing-to-advance-quantum-computing-with-room-temperature-edge-capable-scalable-qubit-technology (1/1), chunk 10/36
[03:06:18 +1m 22s | thequantuminsider_2023_11_16_quoherent_inc_secures_4_7_million_series_seed_financing_to_a_880723f7] Extracting actors: https://thequantuminsider.com/2023/11/16/quoherent-inc-secures-4-7-million-series-seed-financing-to-advance-quantum-computing-with-room-temperature-edge-capable-scalable-qubit-technology (1/1), chunk 11/36
[03:06:45 +1m 50s | thequantuminsider_2023_11_16_quoherent_inc_secures_4_7_million_series_seed_financing_to_a_880723f7] Repaired malformed JSON.
[03:06:45 +1m 50s | thequantuminsider_2023_11_16_quoherent_inc_secures_4_7_million_series_seed_financing_to_a_880723f7] Extracting actors: https://thequantuminsider.com/2023/11/16/quoherent-inc-secures-4-7-million-series-seed-financing-to-advance-quantum-computing-with-room-temperature-edge-capable-scalable-qubit-technology (1/1), chunk 12/36
[03:06:53 +1m 57s | thequantuminsider_2023_11_16_quoherent_inc_secures_4_7_million_series_seed_financing_to_a_880723f7] Repaired malformed JSON.
[03:06:53 +1m 57s | thequantuminsider_2023_11_16_quoherent_inc_secures_4_7_million_series_seed_financing_to_a_880723f7] Extracting actors: https://thequantuminsider.com/2023/11/16/quoherent-inc-secures-4-7-million-series-seed-financing-to-advance-quantum-computing-with-room-temperature-edge-capable-scalable-qubit-technology (1/1), chunk 13/36
[03:06:58 +2m 3s | thequantuminsider_2023_11_16_quoherent_inc_secures_4_7_million_series_seed_financing_to_a_880723f7] Repaired malformed JSON.
[03:06:58 +2m 3s | thequantuminsider_2023_11_16_quoherent_inc_secures_4_7_million_series_seed_financing_to_a_880723f7] Extracting actors: https://thequantuminsider.com/2023/11/16/quoherent-inc-secures-4-7-million-series-seed-financing-to-advance-quantum-computing-with-room-temperature-edge-capable-scalable-qubit-technology (1/1), chunk 14/36
[03:07:03 +2m 10s | thequantuminsider_2023_11_16_quoherent_inc_secures_4_7_million_series_seed_financing_to_a_880723f7] Repaired malformed JSON.
[03:07:03 +2m 10s | thequantuminsider_2023_11_16_quoherent_inc_secures_4_7_million_series_seed_financing_to_a_880723f7] Extracting actors: https://thequantuminsider.com/2023/11/16/quoherent-inc-secures-4-7-million-series-seed-financing-to-advance-quantum-computing-with-room-temperature-edge-capable-scalable-qubit-technology (1/1), chunk 15/36
[03:07:13 +2m 19s | thequantuminsider_2023_11_16_quoherent_inc_secures_4_7_million_series_seed_financing_to_a_880723f7] Repaired malformed JSON.
[03:07:13 +2m 19s | thequantuminsider_2023_11_16_quoherent_inc_secures_4_7_million_series_seed_financing_to_a_880723f7] Extracting actors: https://thequantuminsider.com/2023/11/16/quoherent-inc-secures-4-7-million-series-seed-financing-to-advance-quantum-computing-with-room-temperature-edge-capable-scalable-qubit-technology (1/1), chunk 16/36
[03:07:33 +2m 40s | thequantuminsider_2023_11_16_quoherent_inc_secures_4_7_million_series_seed_financing_to_a_880723f7] Repaired malformed JSON.
[03:07:33 +2m 40s | thequantuminsider_2023_11_16_quoherent_inc_secures_4_7_million_series_seed_financing_to_a_880723f7] Extracting actors: https://thequantuminsider.com/2023/11/16/quoherent-inc-secures-4-7-million-series-seed-financing-to-advance-quantum-computing-with-room-temperature-edge-capable-scalable-qubit-technology (1/1), chunk 17/36
[03:07:39 +2m 46s | thequantuminsider_2023_11_16_quoherent_inc_secures_4_7_million_series_seed_financing_to_a_880723f7] Extracting actors: https://thequantuminsider.com/2023/11/16/quoherent-inc-secures-4-7-million-series-seed-financing-to-advance-quantum-computing-with-room-temperature-edge-capable-scalable-qubit-technology (1/1), chunk 18/36
[03:07:47 +2m 54s | thequantuminsider_2023_11_16_quoherent_inc_secures_4_7_million_series_seed_financing_to_a_880723f7] Repaired malformed JSON.
[03:07:47 +2m 54s | thequantuminsider_2023_11_16_quoherent_inc_secures_4_7_million_series_seed_financing_to_a_880723f7] Extracting actors: https://thequantuminsider.com/2023/11/16/quoherent-inc-secures-4-7-million-series-seed-financing-to-advance-quantum-computing-with-room-temperature-edge-capable-scalable-qubit-technology (1/1), chunk 19/36
[03:07:55 +3m 3s | thequantuminsider_2023_11_16_quoherent_inc_secures_4_7_million_series_seed_financing_to_a_880723f7] Repaired malformed JSON.
[03:07:55 +3m 3s | thequantuminsider_2023_11_16_quoherent_inc_secures_4_7_million_series_seed_financing_to_a_880723f7] Extracting actors: https://thequantuminsider.com/2023/11/16/quoherent-inc-secures-4-7-million-series-seed-financing-to-advance-quantum-computing-with-room-temperature-edge-capable-scalable-qubit-technology (1/1), chunk 20/36
[03:08:05 +3m 13s | thequantuminsider_2023_11_16_quoherent_inc_secures_4_7_million_series_seed_financing_to_a_880723f7] Repaired malformed JSON.
[03:08:05 +3m 13s | thequantuminsider_2023_11_16_quoherent_inc_secures_4_7_million_series_seed_financing_to_a_880723f7] Extracting actors: https://thequantuminsider.com/2023/11/16/quoherent-inc-secures-4-7-million-series-seed-financing-to-advance-quantum-computing-with-room-temperature-edge-capable-scalable-qubit-technology (1/1), chunk 21/36
[03:08:11 +3m 20s | thequantuminsider_2023_11_16_quoherent_inc_secures_4_7_million_series_seed_financing_to_a_880723f7] Repaired malformed JSON.
[03:08:11 +3m 20s | thequantuminsider_2023_11_16_quoherent_inc_secures_4_7_million_series_seed_financing_to_a_880723f7] Extracting actors: https://thequantuminsider.com/2023/11/16/quoherent-inc-secures-4-7-million-series-seed-financing-to-advance-quantum-computing-with-room-temperature-edge-capable-scalable-qubit-technology (1/1), chunk 22/36
[03:08:30 +3m 39s | thequantuminsider_2023_11_16_quoherent_inc_secures_4_7_million_series_seed_financing_to_a_880723f7] Repaired malformed JSON.
[03:08:30 +3m 39s | thequantuminsider_2023_11_16_quoherent_inc_secures_4_7_million_series_seed_financing_to_a_880723f7] Extracting actors: https://thequantuminsider.com/2023/11/16/quoherent-inc-secures-4-7-million-series-seed-financing-to-advance-quantum-computing-with-room-temperature-edge-capable-scalable-qubit-technology (1/1), chunk 23/36
[03:08:36 +3m 46s | thequantuminsider_2023_11_16_quoherent_inc_secures_4_7_million_series_seed_financing_to_a_880723f7] Repaired malformed JSON.
[03:08:36 +3m 46s | thequantuminsider_2023_11_16_quoherent_inc_secures_4_7_million_series_seed_financing_to_a_880723f7] Extracting actors: https://thequantuminsider.com/2023/11/16/quoherent-inc-secures-4-7-million-series-seed-financing-to-advance-quantum-computing-with-room-temperature-edge-capable-scalable-qubit-technology (1/1), chunk 24/36
[03:08:46 +3m 56s | thequantuminsider_2023_11_16_quoherent_inc_secures_4_7_million_series_seed_financing_to_a_880723f7] Repaired malformed JSON.
[03:08:46 +3m 56s | thequantuminsider_2023_11_16_quoherent_inc_secures_4_7_million_series_seed_financing_to_a_880723f7] Extracting actors: https://thequantuminsider.com/2023/11/16/quoherent-inc-secures-4-7-million-series-seed-financing-to-advance-quantum-computing-with-room-temperature-edge-capable-scalable-qubit-technology (1/1), chunk 25/36
[03:08:55 +4m 5s | thequantuminsider_2023_11_16_quoherent_inc_secures_4_7_million_series_seed_financing_to_a_880723f7] Repaired malformed JSON.
[03:08:55 +4m 5s | thequantuminsider_2023_11_16_quoherent_inc_secures_4_7_million_series_seed_financing_to_a_880723f7] Extracting actors: https://thequantuminsider.com/2023/11/16/quoherent-inc-secures-4-7-million-series-seed-financing-to-advance-quantum-computing-with-room-temperature-edge-capable-scalable-qubit-technology (1/1), chunk 26/36
[03:08:59 +4m 10s | thequantuminsider_2023_11_16_quoherent_inc_secures_4_7_million_series_seed_financing_to_a_880723f7] Extracting actors: https://thequantuminsider.com/2023/11/16/quoherent-inc-secures-4-7-million-series-seed-financing-to-advance-quantum-computing-with-room-temperature-edge-capable-scalable-qubit-technology (1/1), chunk 27/36
[03:09:13 +4m 25s | thequantuminsider_2023_11_16_quoherent_inc_secures_4_7_million_series_seed_financing_to_a_880723f7] Extracting actors: https://thequantuminsider.com/2023/11/16/quoherent-inc-secures-4-7-million-series-seed-financing-to-advance-quantum-computing-with-room-temperature-edge-capable-scalable-qubit-technology (1/1), chunk 28/36
[03:09:19 +4m 31s | thequantuminsider_2023_11_16_quoherent_inc_secures_4_7_million_series_seed_financing_to_a_880723f7] Repaired malformed JSON.
[03:09:19 +4m 31s | thequantuminsider_2023_11_16_quoherent_inc_secures_4_7_million_series_seed_financing_to_a_880723f7] Extracting actors: https://thequantuminsider.com/2023/11/16/quoherent-inc-secures-4-7-million-series-seed-financing-to-advance-quantum-computing-with-room-temperature-edge-capable-scalable-qubit-technology (1/1), chunk 29/36
[03:09:28 +4m 40s | thequantuminsider_2023_11_16_quoherent_inc_secures_4_7_million_series_seed_financing_to_a_880723f7] Repaired malformed JSON.
[03:09:28 +4m 40s | thequantuminsider_2023_11_16_quoherent_inc_secures_4_7_million_series_seed_financing_to_a_880723f7] Extracting actors: https://thequantuminsider.com/2023/11/16/quoherent-inc-secures-4-7-million-series-seed-financing-to-advance-quantum-computing-with-room-temperature-edge-capable-scalable-qubit-technology (1/1), chunk 30/36
[03:09:35 +4m 47s | thequantuminsider_2023_11_16_quoherent_inc_secures_4_7_million_series_seed_financing_to_a_880723f7] Repaired malformed JSON.
[03:09:35 +4m 47s | thequantuminsider_2023_11_16_quoherent_inc_secures_4_7_million_series_seed_financing_to_a_880723f7] Extracting actors: https://thequantuminsider.com/2023/11/16/quoherent-inc-secures-4-7-million-series-seed-financing-to-advance-quantum-computing-with-room-temperature-edge-capable-scalable-qubit-technology (1/1), chunk 31/36
[03:09:40 +4m 54s | thequantuminsider_2023_11_16_quoherent_inc_secures_4_7_million_series_seed_financing_to_a_880723f7] Extracting actors: https://thequantuminsider.com/2023/11/16/quoherent-inc-secures-4-7-million-series-seed-financing-to-advance-quantum-computing-with-room-temperature-edge-capable-scalable-qubit-technology (1/1), chunk 32/36
[03:10:06 +5m 20s | thequantuminsider_2023_11_16_quoherent_inc_secures_4_7_million_series_seed_financing_to_a_880723f7] Repaired malformed JSON.
[03:10:06 +5m 20s | thequantuminsider_2023_11_16_quoherent_inc_secures_4_7_million_series_seed_financing_to_a_880723f7] Extracting actors: https://thequantuminsider.com/2023/11/16/quoherent-inc-secures-4-7-million-series-seed-financing-to-advance-quantum-computing-with-room-temperature-edge-capable-scalable-qubit-technology (1/1), chunk 33/36
[03:10:11 +5m 26s | thequantuminsider_2023_11_16_quoherent_inc_secures_4_7_million_series_seed_financing_to_a_880723f7] Extracting actors: https://thequantuminsider.com/2023/11/16/quoherent-inc-secures-4-7-million-series-seed-financing-to-advance-quantum-computing-with-room-temperature-edge-capable-scalable-qubit-technology (1/1), chunk 34/36
[03:10:20 +5m 35s | thequantuminsider_2023_11_16_quoherent_inc_secures_4_7_million_series_seed_financing_to_a_880723f7] Repaired malformed JSON.
[03:10:20 +5m 35s | thequantuminsider_2023_11_16_quoherent_inc_secures_4_7_million_series_seed_financing_to_a_880723f7] Extracting actors: https://thequantuminsider.com/2023/11/16/quoherent-inc-secures-4-7-million-series-seed-financing-to-advance-quantum-computing-with-room-temperature-edge-capable-scalable-qubit-technology (1/1), chunk 35/36
[03:10:29 +5m 43s | thequantuminsider_2023_11_16_quoherent_inc_secures_4_7_million_series_seed_financing_to_a_880723f7] Repaired malformed JSON.
[03:10:29 +5m 43s | thequantuminsider_2023_11_16_quoherent_inc_secures_4_7_million_series_seed_financing_to_a_880723f7] Extracting actors: https://thequantuminsider.com/2023/11/16/quoherent-inc-secures-4-7-million-series-seed-financing-to-advance-quantum-computing-with-room-temperature-edge-capable-scalable-qubit-technology (1/1), chunk 36/36
[03:10:36 +5m 51s | thequantuminsider_2023_11_16_quoherent_inc_secures_4_7_million_series_seed_financing_to_a_880723f7] Saved 1_actor_results.json with 53 extracted records

[03:10:36 +5m 51s | thequantuminsider_2023_11_16_quoherent_inc_secures_4_7_million_series_seed_financing_to_a_880723f7] === 2 clean actors ===
[03:10:36 +5m 51s | thequantuminsider_2023_11_16_quoherent_inc_secures_4_7_million_series_seed_financing_to_a_880723f7] Loaded 53 extracted records
[03:10:36 +5m 51s | thequantuminsider_2023_11_16_quoherent_inc_secures_4_7_million_series_seed_financing_to_a_880723f7] Saved 2_actor_nodes.json with 17 canonical actor nodes

[03:10:36 +5m 51s | thequantuminsider_2023_11_16_quoherent_inc_secures_4_7_million_series_seed_financing_to_a_880723f7] === 3 interaction extraction ===
[03:10:36 +5m 51s | thequantuminsider_2023_11_16_quoherent_inc_secures_4_7_million_series_seed_financing_to_a_880723f7] Extracting interactions: https://thequantuminsider.com/2023/11/16/quoherent-inc-secures-4-7-million-series-seed-financing-to-advance-quantum-computing-with-room-temperature-edge-capable-scalable-qubit-technology (1/1), chunk 11/36
[03:10:49 +6m 5s | thequantuminsider_2023_11_16_quoherent_inc_secures_4_7_million_series_seed_financing_to_a_880723f7] Extracting interactions: https://thequantuminsider.com/2023/11/16/quoherent-inc-secures-4-7-million-series-seed-financing-to-advance-quantum-computing-with-room-temperature-edge-capable-scalable-qubit-technology (1/1), chunk 12/36
[03:10:59 +6m 15s | thequantuminsider_2023_11_16_quoherent_inc_secures_4_7_million_series_seed_financing_to_a_880723f7] Extracting interactions: https://thequantuminsider.com/2023/11/16/quoherent-inc-secures-4-7-million-series-seed-financing-to-advance-quantum-computing-with-room-temperature-edge-capable-scalable-qubit-technology (1/1), chunk 13/36
[03:11:09 +6m 25s | thequantuminsider_2023_11_16_quoherent_inc_secures_4_7_million_series_seed_financing_to_a_880723f7] Extracting interactions: https://thequantuminsider.com/2023/11/16/quoherent-inc-secures-4-7-million-series-seed-financing-to-advance-quantum-computing-with-room-temperature-edge-capable-scalable-qubit-technology (1/1), chunk 14/36
[03:11:18 +6m 36s | thequantuminsider_2023_11_16_quoherent_inc_secures_4_7_million_series_seed_financing_to_a_880723f7] Extracting interactions: https://thequantuminsider.com/2023/11/16/quoherent-inc-secures-4-7-million-series-seed-financing-to-advance-quantum-computing-with-room-temperature-edge-capable-scalable-qubit-technology (1/1), chunk 15/36
[03:11:24 +6m 41s | thequantuminsider_2023_11_16_quoherent_inc_secures_4_7_million_series_seed_financing_to_a_880723f7] Extracting interactions: https://thequantuminsider.com/2023/11/16/quoherent-inc-secures-4-7-million-series-seed-financing-to-advance-quantum-computing-with-room-temperature-edge-capable-scalable-qubit-technology (1/1), chunk 16/36
[03:11:28 +6m 45s | thequantuminsider_2023_11_16_quoherent_inc_secures_4_7_million_series_seed_financing_to_a_880723f7] Extracting interactions: https://thequantuminsider.com/2023/11/16/quoherent-inc-secures-4-7-million-series-seed-financing-to-advance-quantum-computing-with-room-temperature-edge-capable-scalable-qubit-technology (1/1), chunk 18/36
[03:11:39 +6m 57s | thequantuminsider_2023_11_16_quoherent_inc_secures_4_7_million_series_seed_financing_to_a_880723f7] Extracting interactions: https://thequantuminsider.com/2023/11/16/quoherent-inc-secures-4-7-million-series-seed-financing-to-advance-quantum-computing-with-room-temperature-edge-capable-scalable-qubit-technology (1/1), chunk 19/36
[03:11:40 +6m 58s | thequantuminsider_2023_11_16_quoherent_inc_secures_4_7_million_series_seed_financing_to_a_880723f7] Extracting interactions: https://thequantuminsider.com/2023/11/16/quoherent-inc-secures-4-7-million-series-seed-financing-to-advance-quantum-computing-with-room-temperature-edge-capable-scalable-qubit-technology (1/1), chunk 20/36
[03:11:49 +7m 8s | thequantuminsider_2023_11_16_quoherent_inc_secures_4_7_million_series_seed_financing_to_a_880723f7] Extracting interactions: https://thequantuminsider.com/2023/11/16/quoherent-inc-secures-4-7-million-series-seed-financing-to-advance-quantum-computing-with-room-temperature-edge-capable-scalable-qubit-technology (1/1), chunk 21/36
[03:11:53 +7m 12s | thequantuminsider_2023_11_16_quoherent_inc_secures_4_7_million_series_seed_financing_to_a_880723f7] Extracting interactions: https://thequantuminsider.com/2023/11/16/quoherent-inc-secures-4-7-million-series-seed-financing-to-advance-quantum-computing-with-room-temperature-edge-capable-scalable-qubit-technology (1/1), chunk 22/36
[03:11:55 +7m 15s | thequantuminsider_2023_11_16_quoherent_inc_secures_4_7_million_series_seed_financing_to_a_880723f7] Extracting interactions: https://thequantuminsider.com/2023/11/16/quoherent-inc-secures-4-7-million-series-seed-financing-to-advance-quantum-computing-with-room-temperature-edge-capable-scalable-qubit-technology (1/1), chunk 24/36
[03:12:05 +7m 24s | thequantuminsider_2023_11_16_quoherent_inc_secures_4_7_million_series_seed_financing_to_a_880723f7] Extracting interactions: https://thequantuminsider.com/2023/11/16/quoherent-inc-secures-4-7-million-series-seed-financing-to-advance-quantum-computing-with-room-temperature-edge-capable-scalable-qubit-technology (1/1), chunk 25/36
[03:12:08 +7m 28s | thequantuminsider_2023_11_16_quoherent_inc_secures_4_7_million_series_seed_financing_to_a_880723f7] Extracting interactions: https://thequantuminsider.com/2023/11/16/quoherent-inc-secures-4-7-million-series-seed-financing-to-advance-quantum-computing-with-room-temperature-edge-capable-scalable-qubit-technology (1/1), chunk 26/36
[03:12:10 +7m 29s | thequantuminsider_2023_11_16_quoherent_inc_secures_4_7_million_series_seed_financing_to_a_880723f7] Extracting interactions: https://thequantuminsider.com/2023/11/16/quoherent-inc-secures-4-7-million-series-seed-financing-to-advance-quantum-computing-with-room-temperature-edge-capable-scalable-qubit-technology (1/1), chunk 27/36
[03:12:11 +7m 31s | thequantuminsider_2023_11_16_quoherent_inc_secures_4_7_million_series_seed_financing_to_a_880723f7] Extracting interactions: https://thequantuminsider.com/2023/11/16/quoherent-inc-secures-4-7-million-series-seed-financing-to-advance-quantum-computing-with-room-temperature-edge-capable-scalable-qubit-technology (1/1), chunk 29/36
[03:12:12 +7m 32s | thequantuminsider_2023_11_16_quoherent_inc_secures_4_7_million_series_seed_financing_to_a_880723f7] Extracting interactions: https://thequantuminsider.com/2023/11/16/quoherent-inc-secures-4-7-million-series-seed-financing-to-advance-quantum-computing-with-room-temperature-edge-capable-scalable-qubit-technology (1/1), chunk 30/36
[03:12:25 +7m 46s | thequantuminsider_2023_11_16_quoherent_inc_secures_4_7_million_series_seed_financing_to_a_880723f7] Extracting interactions: https://thequantuminsider.com/2023/11/16/quoherent-inc-secures-4-7-million-series-seed-financing-to-advance-quantum-computing-with-room-temperature-edge-capable-scalable-qubit-technology (1/1), chunk 31/36
[03:12:27 +7m 48s | thequantuminsider_2023_11_16_quoherent_inc_secures_4_7_million_series_seed_financing_to_a_880723f7] Extracting interactions: https://thequantuminsider.com/2023/11/16/quoherent-inc-secures-4-7-million-series-seed-financing-to-advance-quantum-computing-with-room-temperature-edge-capable-scalable-qubit-technology (1/1), chunk 32/36
[03:12:29 +7m 49s | thequantuminsider_2023_11_16_quoherent_inc_secures_4_7_million_series_seed_financing_to_a_880723f7] Extracting interactions: https://thequantuminsider.com/2023/11/16/quoherent-inc-secures-4-7-million-series-seed-financing-to-advance-quantum-computing-with-room-temperature-edge-capable-scalable-qubit-technology (1/1), chunk 34/36
[03:12:30 +7m 51s | thequantuminsider_2023_11_16_quoherent_inc_secures_4_7_million_series_seed_financing_to_a_880723f7] Extracting interactions: https://thequantuminsider.com/2023/11/16/quoherent-inc-secures-4-7-million-series-seed-financing-to-advance-quantum-computing-with-room-temperature-edge-capable-scalable-qubit-technology (1/1), chunk 35/36
[03:12:31 +7m 52s | thequantuminsider_2023_11_16_quoherent_inc_secures_4_7_million_series_seed_financing_to_a_880723f7] Saved 3_interaction_results.json with 17 extracted interactions.

[03:12:32 +7m 52s | thequantuminsider_2023_11_16_quoherent_inc_secures_4_7_million_series_seed_financing_to_a_880723f7] === 4 clean interactions ===
[03:12:32 +7m 52s | thequantuminsider_2023_11_16_quoherent_inc_secures_4_7_million_series_seed_financing_to_a_880723f7] Saved 4_edges.json with 0 cleaned interactions.

[03:12:32 +7m 52s | thequantuminsider_2023_11_16_quoherent_inc_secures_4_7_million_series_seed_financing_to_a_880723f7] === 5 helix enrichment ===
[03:12:32 +7m 52s | thequantuminsider_2023_11_16_quoherent_inc_secures_4_7_million_series_seed_financing_to_a_880723f7] Wrote 5_nodes.json (17 actors)
[03:12:32 +7m 52s | thequantuminsider_2023_11_16_quoherent_inc_secures_4_7_million_series_seed_financing_to_a_880723f7] Wrote 5_edges.json (0 interactions)
[03:12:32 +7m 52s | thequantuminsider_2023_11_16_quoherent_inc_secures_4_7_million_series_seed_financing_to_a_880723f7] Actor helix counts: {'Academia': 1, 'Civil Society': 3, 'Industry': 3, 'Intermediary': 4, 'Unknown': 6}
[03:12:32 +7m 52s | thequantuminsider_2023_11_16_quoherent_inc_secures_4_7_million_series_seed_financing_to_a_880723f7] Functional-space counts: {}

[03:12:32 +7m 52s | thequantuminsider_2023_11_16_quoherent_inc_secures_4_7_million_series_seed_financing_to_a_880723f7] === 6 network visualisation ===
[03:12:32 +7m 53s | thequantuminsider_2023_11_16_quoherent_inc_secures_4_7_million_series_seed_financing_to_a_880723f7] Wrote quantum_network.html
[03:12:32 +7m 53s | thequantuminsider_2023_11_16_quoherent_inc_secures_4_7_million_series_seed_financing_to_a_880723f7] Nodes: 17
[03:12:32 +7m 53s | thequantuminsider_2023_11_16_quoherent_inc_secures_4_7_million_series_seed_financing_to_a_880723f7] Edges: 0

[03:12:32 +7m 53s | thequantuminsider_2023_11_16_quoherent_inc_secures_4_7_million_series_seed_financing_to_a_880723f7] Done. Outputs written to: /home/lv/IDP/idpdeeptech/pipeline/news_outputs/thequantuminsider_2023_11_16_quoherent_inc_secures_4_7_million_series_seed_financing_to_a_880723f7
[03:12:32 +7m 53s | thequantuminsider_2023_11_16_quoherent_inc_secures_4_7_million_series_seed_financing_to_a_880723f7] Log: /home/lv/IDP/idpdeeptech/pipeline/news_outputs/thequantuminsider_2023_11_16_quoherent_inc_secures_4_7_million_series_seed_financing_to_a_880723f7/run.log

========================================================================
RUN FINISHED 2026-07-05 03:12:32  (OK)
Started:     2026-07-05 03:04:59
Elapsed:     7m 53s
========================================================================
