
========================================================================
RUN STARTED  2026-07-05 04:38:05
site_pipeline.py https://thequantuminsider.com/2023/11/02/the-quantum-insider-announce-a-strategic-partnership-with-quantum-key-stakeholder-assembly/
========================================================================

[04:38:05 +0s | thequantuminsider_2023_11_02_the_quantum_insider_announce_a_strategic_partnership_with_qu_d853a0de] === 0 crawl site ===
[04:38:06 +1s | thequantuminsider_2023_11_02_the_quantum_insider_announce_a_strategic_partnership_with_qu_d853a0de] [INIT].... → Crawl4AI 0.8.6 
[04:38:08 +3s | thequantuminsider_2023_11_02_the_quantum_insider_announce_a_strategic_partnership_with_qu_d853a0de] [FETCH]... ↓ https://thequantuminsider.com/2023/11/02/the-qua...rtnership-with-quantum-key-stakeholder-assembly/  | ✓ | ⏱: 2.00s 
[04:38:08 +4s | thequantuminsider_2023_11_02_the_quantum_insider_announce_a_strategic_partnership_with_qu_d853a0de] [SCRAPE].. ◆ https://thequantuminsider.com/2023/11/02/the-qua...rtnership-with-quantum-key-stakeholder-assembly/  | ✓ | ⏱: 0.13s 
[04:38:08 +4s | thequantuminsider_2023_11_02_the_quantum_insider_announce_a_strategic_partnership_with_qu_d853a0de] [COMPLETE] ● https://thequantuminsider.com/2023/11/02/the-qua...rtnership-with-quantum-key-stakeholder-assembly/  | ✓ | ⏱: 2.16s 
[04:38:08 +4s | thequantuminsider_2023_11_02_the_quantum_insider_announce_a_strategic_partnership_with_qu_d853a0de] Saved: crawl_output/5ac4723f49_thequantuminsider.com_2023_11_02_the-quantum-insider-announce-a-strategic-partnership-with-quantum-key-stakeholder-assembly.json

[04:38:09 +4s | thequantuminsider_2023_11_02_the_quantum_insider_announce_a_strategic_partnership_with_qu_d853a0de] === 1 actor extraction ===
[04:38:09 +4s | thequantuminsider_2023_11_02_the_quantum_insider_announce_a_strategic_partnership_with_qu_d853a0de] Reading page (1/1): https://thequantuminsider.com/2023/11/02/the-quantum-insider-announce-a-strategic-partnership-with-quantum-key-stakeholder-assembly
[04:38:09 +4s | thequantuminsider_2023_11_02_the_quantum_insider_announce_a_strategic_partnership_with_qu_d853a0de] Extracting actors: https://thequantuminsider.com/2023/11/02/the-quantum-insider-announce-a-strategic-partnership-with-quantum-key-stakeholder-assembly (1/1), chunk 1/35
[04:38:20 +15s | thequantuminsider_2023_11_02_the_quantum_insider_announce_a_strategic_partnership_with_qu_d853a0de] Repaired malformed JSON.
[04:38:20 +15s | thequantuminsider_2023_11_02_the_quantum_insider_announce_a_strategic_partnership_with_qu_d853a0de] Extracting actors: https://thequantuminsider.com/2023/11/02/the-quantum-insider-announce-a-strategic-partnership-with-quantum-key-stakeholder-assembly (1/1), chunk 2/35
[04:38:27 +24s | thequantuminsider_2023_11_02_the_quantum_insider_announce_a_strategic_partnership_with_qu_d853a0de] Repaired malformed JSON.
[04:38:27 +24s | thequantuminsider_2023_11_02_the_quantum_insider_announce_a_strategic_partnership_with_qu_d853a0de] Extracting actors: https://thequantuminsider.com/2023/11/02/the-quantum-insider-announce-a-strategic-partnership-with-quantum-key-stakeholder-assembly (1/1), chunk 3/35
[04:38:54 +52s | thequantuminsider_2023_11_02_the_quantum_insider_announce_a_strategic_partnership_with_qu_d853a0de] Repaired malformed JSON.
[04:38:54 +52s | thequantuminsider_2023_11_02_the_quantum_insider_announce_a_strategic_partnership_with_qu_d853a0de] Extracting actors: https://thequantuminsider.com/2023/11/02/the-quantum-insider-announce-a-strategic-partnership-with-quantum-key-stakeholder-assembly (1/1), chunk 4/35
[04:39:01 +1m 0s | thequantuminsider_2023_11_02_the_quantum_insider_announce_a_strategic_partnership_with_qu_d853a0de] Repaired malformed JSON.
[04:39:01 +1m 0s | thequantuminsider_2023_11_02_the_quantum_insider_announce_a_strategic_partnership_with_qu_d853a0de] Extracting actors: https://thequantuminsider.com/2023/11/02/the-quantum-insider-announce-a-strategic-partnership-with-quantum-key-stakeholder-assembly (1/1), chunk 5/35
[04:39:20 +1m 19s | thequantuminsider_2023_11_02_the_quantum_insider_announce_a_strategic_partnership_with_qu_d853a0de] Repaired malformed JSON.
[04:39:20 +1m 19s | thequantuminsider_2023_11_02_the_quantum_insider_announce_a_strategic_partnership_with_qu_d853a0de] Extracting actors: https://thequantuminsider.com/2023/11/02/the-quantum-insider-announce-a-strategic-partnership-with-quantum-key-stakeholder-assembly (1/1), chunk 6/35
[04:39:27 +1m 28s | thequantuminsider_2023_11_02_the_quantum_insider_announce_a_strategic_partnership_with_qu_d853a0de] Repaired malformed JSON.
[04:39:27 +1m 28s | thequantuminsider_2023_11_02_the_quantum_insider_announce_a_strategic_partnership_with_qu_d853a0de] Extracting actors: https://thequantuminsider.com/2023/11/02/the-quantum-insider-announce-a-strategic-partnership-with-quantum-key-stakeholder-assembly (1/1), chunk 7/35
[04:39:37 +1m 38s | thequantuminsider_2023_11_02_the_quantum_insider_announce_a_strategic_partnership_with_qu_d853a0de] Repaired malformed JSON.
[04:39:37 +1m 38s | thequantuminsider_2023_11_02_the_quantum_insider_announce_a_strategic_partnership_with_qu_d853a0de] Extracting actors: https://thequantuminsider.com/2023/11/02/the-quantum-insider-announce-a-strategic-partnership-with-quantum-key-stakeholder-assembly (1/1), chunk 8/35
[04:39:46 +1m 46s | thequantuminsider_2023_11_02_the_quantum_insider_announce_a_strategic_partnership_with_qu_d853a0de] Repaired malformed JSON.
[04:39:46 +1m 46s | thequantuminsider_2023_11_02_the_quantum_insider_announce_a_strategic_partnership_with_qu_d853a0de] Extracting actors: https://thequantuminsider.com/2023/11/02/the-quantum-insider-announce-a-strategic-partnership-with-quantum-key-stakeholder-assembly (1/1), chunk 9/35
[04:39:51 +1m 51s | thequantuminsider_2023_11_02_the_quantum_insider_announce_a_strategic_partnership_with_qu_d853a0de] Extracting actors: https://thequantuminsider.com/2023/11/02/the-quantum-insider-announce-a-strategic-partnership-with-quantum-key-stakeholder-assembly (1/1), chunk 10/35
[04:39:57 +2m 0s | thequantuminsider_2023_11_02_the_quantum_insider_announce_a_strategic_partnership_with_qu_d853a0de] Repaired malformed JSON.
[04:39:57 +2m 0s | thequantuminsider_2023_11_02_the_quantum_insider_announce_a_strategic_partnership_with_qu_d853a0de] Extracting actors: https://thequantuminsider.com/2023/11/02/the-quantum-insider-announce-a-strategic-partnership-with-quantum-key-stakeholder-assembly (1/1), chunk 11/35
[04:40:06 +2m 8s | thequantuminsider_2023_11_02_the_quantum_insider_announce_a_strategic_partnership_with_qu_d853a0de] Repaired malformed JSON.
[04:40:06 +2m 8s | thequantuminsider_2023_11_02_the_quantum_insider_announce_a_strategic_partnership_with_qu_d853a0de] Extracting actors: https://thequantuminsider.com/2023/11/02/the-quantum-insider-announce-a-strategic-partnership-with-quantum-key-stakeholder-assembly (1/1), chunk 12/35
[04:40:12 +2m 15s | thequantuminsider_2023_11_02_the_quantum_insider_announce_a_strategic_partnership_with_qu_d853a0de] Repaired malformed JSON.
[04:40:12 +2m 15s | thequantuminsider_2023_11_02_the_quantum_insider_announce_a_strategic_partnership_with_qu_d853a0de] Extracting actors: https://thequantuminsider.com/2023/11/02/the-quantum-insider-announce-a-strategic-partnership-with-quantum-key-stakeholder-assembly (1/1), chunk 13/35
[04:40:18 +2m 21s | thequantuminsider_2023_11_02_the_quantum_insider_announce_a_strategic_partnership_with_qu_d853a0de] Repaired malformed JSON.
[04:40:18 +2m 21s | thequantuminsider_2023_11_02_the_quantum_insider_announce_a_strategic_partnership_with_qu_d853a0de] Extracting actors: https://thequantuminsider.com/2023/11/02/the-quantum-insider-announce-a-strategic-partnership-with-quantum-key-stakeholder-assembly (1/1), chunk 14/35
[04:40:25 +2m 27s | thequantuminsider_2023_11_02_the_quantum_insider_announce_a_strategic_partnership_with_qu_d853a0de] Repaired malformed JSON.
[04:40:25 +2m 27s | thequantuminsider_2023_11_02_the_quantum_insider_announce_a_strategic_partnership_with_qu_d853a0de] Extracting actors: https://thequantuminsider.com/2023/11/02/the-quantum-insider-announce-a-strategic-partnership-with-quantum-key-stakeholder-assembly (1/1), chunk 15/35
[04:40:30 +2m 35s | thequantuminsider_2023_11_02_the_quantum_insider_announce_a_strategic_partnership_with_qu_d853a0de] Repaired malformed JSON.
[04:40:30 +2m 35s | thequantuminsider_2023_11_02_the_quantum_insider_announce_a_strategic_partnership_with_qu_d853a0de] Extracting actors: https://thequantuminsider.com/2023/11/02/the-quantum-insider-announce-a-strategic-partnership-with-quantum-key-stakeholder-assembly (1/1), chunk 16/35
[04:40:37 +2m 41s | thequantuminsider_2023_11_02_the_quantum_insider_announce_a_strategic_partnership_with_qu_d853a0de] Repaired malformed JSON.
[04:40:37 +2m 41s | thequantuminsider_2023_11_02_the_quantum_insider_announce_a_strategic_partnership_with_qu_d853a0de] Extracting actors: https://thequantuminsider.com/2023/11/02/the-quantum-insider-announce-a-strategic-partnership-with-quantum-key-stakeholder-assembly (1/1), chunk 17/35
[04:40:47 +2m 51s | thequantuminsider_2023_11_02_the_quantum_insider_announce_a_strategic_partnership_with_qu_d853a0de] Repaired malformed JSON.
[04:40:47 +2m 51s | thequantuminsider_2023_11_02_the_quantum_insider_announce_a_strategic_partnership_with_qu_d853a0de] Extracting actors: https://thequantuminsider.com/2023/11/02/the-quantum-insider-announce-a-strategic-partnership-with-quantum-key-stakeholder-assembly (1/1), chunk 18/35
[04:40:52 +2m 57s | thequantuminsider_2023_11_02_the_quantum_insider_announce_a_strategic_partnership_with_qu_d853a0de] Repaired malformed JSON.
[04:40:52 +2m 57s | thequantuminsider_2023_11_02_the_quantum_insider_announce_a_strategic_partnership_with_qu_d853a0de] Extracting actors: https://thequantuminsider.com/2023/11/02/the-quantum-insider-announce-a-strategic-partnership-with-quantum-key-stakeholder-assembly (1/1), chunk 19/35
[04:41:00 +3m 6s | thequantuminsider_2023_11_02_the_quantum_insider_announce_a_strategic_partnership_with_qu_d853a0de] Repaired malformed JSON.
[04:41:00 +3m 6s | thequantuminsider_2023_11_02_the_quantum_insider_announce_a_strategic_partnership_with_qu_d853a0de] Extracting actors: https://thequantuminsider.com/2023/11/02/the-quantum-insider-announce-a-strategic-partnership-with-quantum-key-stakeholder-assembly (1/1), chunk 20/35
[04:41:07 +3m 13s | thequantuminsider_2023_11_02_the_quantum_insider_announce_a_strategic_partnership_with_qu_d853a0de] Repaired malformed JSON.
[04:41:07 +3m 13s | thequantuminsider_2023_11_02_the_quantum_insider_announce_a_strategic_partnership_with_qu_d853a0de] Extracting actors: https://thequantuminsider.com/2023/11/02/the-quantum-insider-announce-a-strategic-partnership-with-quantum-key-stakeholder-assembly (1/1), chunk 21/35
[04:41:14 +3m 20s | thequantuminsider_2023_11_02_the_quantum_insider_announce_a_strategic_partnership_with_qu_d853a0de] Repaired malformed JSON.
[04:41:14 +3m 20s | thequantuminsider_2023_11_02_the_quantum_insider_announce_a_strategic_partnership_with_qu_d853a0de] Extracting actors: https://thequantuminsider.com/2023/11/02/the-quantum-insider-announce-a-strategic-partnership-with-quantum-key-stakeholder-assembly (1/1), chunk 22/35
[04:41:21 +3m 27s | thequantuminsider_2023_11_02_the_quantum_insider_announce_a_strategic_partnership_with_qu_d853a0de] Repaired malformed JSON.
[04:41:21 +3m 27s | thequantuminsider_2023_11_02_the_quantum_insider_announce_a_strategic_partnership_with_qu_d853a0de] Extracting actors: https://thequantuminsider.com/2023/11/02/the-quantum-insider-announce-a-strategic-partnership-with-quantum-key-stakeholder-assembly (1/1), chunk 23/35
[04:41:26 +3m 34s | thequantuminsider_2023_11_02_the_quantum_insider_announce_a_strategic_partnership_with_qu_d853a0de] Repaired malformed JSON.
[04:41:26 +3m 34s | thequantuminsider_2023_11_02_the_quantum_insider_announce_a_strategic_partnership_with_qu_d853a0de] Extracting actors: https://thequantuminsider.com/2023/11/02/the-quantum-insider-announce-a-strategic-partnership-with-quantum-key-stakeholder-assembly (1/1), chunk 24/35
[04:41:33 +3m 41s | thequantuminsider_2023_11_02_the_quantum_insider_announce_a_strategic_partnership_with_qu_d853a0de] Repaired malformed JSON.
[04:41:33 +3m 41s | thequantuminsider_2023_11_02_the_quantum_insider_announce_a_strategic_partnership_with_qu_d853a0de] Extracting actors: https://thequantuminsider.com/2023/11/02/the-quantum-insider-announce-a-strategic-partnership-with-quantum-key-stakeholder-assembly (1/1), chunk 25/35
[04:41:56 +4m 4s | thequantuminsider_2023_11_02_the_quantum_insider_announce_a_strategic_partnership_with_qu_d853a0de] Extracting actors: https://thequantuminsider.com/2023/11/02/the-quantum-insider-announce-a-strategic-partnership-with-quantum-key-stakeholder-assembly (1/1), chunk 26/35
[04:42:00 +4m 10s | thequantuminsider_2023_11_02_the_quantum_insider_announce_a_strategic_partnership_with_qu_d853a0de] Extracting actors: https://thequantuminsider.com/2023/11/02/the-quantum-insider-announce-a-strategic-partnership-with-quantum-key-stakeholder-assembly (1/1), chunk 27/35
[04:42:07 +4m 17s | thequantuminsider_2023_11_02_the_quantum_insider_announce_a_strategic_partnership_with_qu_d853a0de] Repaired malformed JSON.
[04:42:07 +4m 17s | thequantuminsider_2023_11_02_the_quantum_insider_announce_a_strategic_partnership_with_qu_d853a0de] Extracting actors: https://thequantuminsider.com/2023/11/02/the-quantum-insider-announce-a-strategic-partnership-with-quantum-key-stakeholder-assembly (1/1), chunk 28/35
[04:42:14 +4m 24s | thequantuminsider_2023_11_02_the_quantum_insider_announce_a_strategic_partnership_with_qu_d853a0de] Repaired malformed JSON.
[04:42:14 +4m 24s | thequantuminsider_2023_11_02_the_quantum_insider_announce_a_strategic_partnership_with_qu_d853a0de] Extracting actors: https://thequantuminsider.com/2023/11/02/the-quantum-insider-announce-a-strategic-partnership-with-quantum-key-stakeholder-assembly (1/1), chunk 29/35
[04:42:21 +4m 30s | thequantuminsider_2023_11_02_the_quantum_insider_announce_a_strategic_partnership_with_qu_d853a0de] Repaired malformed JSON.
[04:42:21 +4m 30s | thequantuminsider_2023_11_02_the_quantum_insider_announce_a_strategic_partnership_with_qu_d853a0de] Extracting actors: https://thequantuminsider.com/2023/11/02/the-quantum-insider-announce-a-strategic-partnership-with-quantum-key-stakeholder-assembly (1/1), chunk 30/35
[04:42:28 +4m 40s | thequantuminsider_2023_11_02_the_quantum_insider_announce_a_strategic_partnership_with_qu_d853a0de] Repaired malformed JSON.
[04:42:28 +4m 40s | thequantuminsider_2023_11_02_the_quantum_insider_announce_a_strategic_partnership_with_qu_d853a0de] Extracting actors: https://thequantuminsider.com/2023/11/02/the-quantum-insider-announce-a-strategic-partnership-with-quantum-key-stakeholder-assembly (1/1), chunk 31/35
[04:42:39 +4m 50s | thequantuminsider_2023_11_02_the_quantum_insider_announce_a_strategic_partnership_with_qu_d853a0de] Repaired malformed JSON.
[04:42:39 +4m 50s | thequantuminsider_2023_11_02_the_quantum_insider_announce_a_strategic_partnership_with_qu_d853a0de] Extracting actors: https://thequantuminsider.com/2023/11/02/the-quantum-insider-announce-a-strategic-partnership-with-quantum-key-stakeholder-assembly (1/1), chunk 32/35
[04:42:45 +4m 57s | thequantuminsider_2023_11_02_the_quantum_insider_announce_a_strategic_partnership_with_qu_d853a0de] Repaired malformed JSON.
[04:42:45 +4m 57s | thequantuminsider_2023_11_02_the_quantum_insider_announce_a_strategic_partnership_with_qu_d853a0de] Extracting actors: https://thequantuminsider.com/2023/11/02/the-quantum-insider-announce-a-strategic-partnership-with-quantum-key-stakeholder-assembly (1/1), chunk 33/35
[04:42:52 +5m 4s | thequantuminsider_2023_11_02_the_quantum_insider_announce_a_strategic_partnership_with_qu_d853a0de] Repaired malformed JSON.
[04:42:52 +5m 4s | thequantuminsider_2023_11_02_the_quantum_insider_announce_a_strategic_partnership_with_qu_d853a0de] Extracting actors: https://thequantuminsider.com/2023/11/02/the-quantum-insider-announce-a-strategic-partnership-with-quantum-key-stakeholder-assembly (1/1), chunk 34/35
[04:42:57 +5m 10s | thequantuminsider_2023_11_02_the_quantum_insider_announce_a_strategic_partnership_with_qu_d853a0de] Repaired malformed JSON.
[04:42:57 +5m 10s | thequantuminsider_2023_11_02_the_quantum_insider_announce_a_strategic_partnership_with_qu_d853a0de] Extracting actors: https://thequantuminsider.com/2023/11/02/the-quantum-insider-announce-a-strategic-partnership-with-quantum-key-stakeholder-assembly (1/1), chunk 35/35
[04:43:23 +5m 36s | thequantuminsider_2023_11_02_the_quantum_insider_announce_a_strategic_partnership_with_qu_d853a0de] Repaired malformed JSON.
[04:43:23 +5m 36s | thequantuminsider_2023_11_02_the_quantum_insider_announce_a_strategic_partnership_with_qu_d853a0de] Saved 1_actor_results.json with 63 extracted records

[04:43:23 +5m 36s | thequantuminsider_2023_11_02_the_quantum_insider_announce_a_strategic_partnership_with_qu_d853a0de] === 2 clean actors ===
[04:43:23 +5m 36s | thequantuminsider_2023_11_02_the_quantum_insider_announce_a_strategic_partnership_with_qu_d853a0de] Loaded 63 extracted records
[04:43:23 +5m 36s | thequantuminsider_2023_11_02_the_quantum_insider_announce_a_strategic_partnership_with_qu_d853a0de] Saved 2_actor_nodes.json with 21 canonical actor nodes

[04:43:23 +5m 36s | thequantuminsider_2023_11_02_the_quantum_insider_announce_a_strategic_partnership_with_qu_d853a0de] === 3 interaction extraction ===
[04:43:23 +5m 37s | thequantuminsider_2023_11_02_the_quantum_insider_announce_a_strategic_partnership_with_qu_d853a0de] Extracting interactions: https://thequantuminsider.com/2023/11/02/the-quantum-insider-announce-a-strategic-partnership-with-quantum-key-stakeholder-assembly (1/1), chunk 11/35
[04:43:27 +5m 40s | thequantuminsider_2023_11_02_the_quantum_insider_announce_a_strategic_partnership_with_qu_d853a0de] Extracting interactions: https://thequantuminsider.com/2023/11/02/the-quantum-insider-announce-a-strategic-partnership-with-quantum-key-stakeholder-assembly (1/1), chunk 12/35
[04:44:01 +6m 18s | thequantuminsider_2023_11_02_the_quantum_insider_announce_a_strategic_partnership_with_qu_d853a0de] Extracting interactions: https://thequantuminsider.com/2023/11/02/the-quantum-insider-announce-a-strategic-partnership-with-quantum-key-stakeholder-assembly (1/1), chunk 13/35
[04:44:33 +6m 52s | thequantuminsider_2023_11_02_the_quantum_insider_announce_a_strategic_partnership_with_qu_d853a0de] Extracting interactions: https://thequantuminsider.com/2023/11/02/the-quantum-insider-announce-a-strategic-partnership-with-quantum-key-stakeholder-assembly (1/1), chunk 14/35
[04:44:53 +7m 13s | thequantuminsider_2023_11_02_the_quantum_insider_announce_a_strategic_partnership_with_qu_d853a0de] Extracting interactions: https://thequantuminsider.com/2023/11/02/the-quantum-insider-announce-a-strategic-partnership-with-quantum-key-stakeholder-assembly (1/1), chunk 15/35
[04:45:11 +7m 32s | thequantuminsider_2023_11_02_the_quantum_insider_announce_a_strategic_partnership_with_qu_d853a0de] Extracting interactions: https://thequantuminsider.com/2023/11/02/the-quantum-insider-announce-a-strategic-partnership-with-quantum-key-stakeholder-assembly (1/1), chunk 16/35
[04:45:15 +7m 36s | thequantuminsider_2023_11_02_the_quantum_insider_announce_a_strategic_partnership_with_qu_d853a0de] Extracting interactions: https://thequantuminsider.com/2023/11/02/the-quantum-insider-announce-a-strategic-partnership-with-quantum-key-stakeholder-assembly (1/1), chunk 17/35
[04:45:17 +7m 38s | thequantuminsider_2023_11_02_the_quantum_insider_announce_a_strategic_partnership_with_qu_d853a0de] Extracting interactions: https://thequantuminsider.com/2023/11/02/the-quantum-insider-announce-a-strategic-partnership-with-quantum-key-stakeholder-assembly (1/1), chunk 18/35
[04:45:19 +7m 40s | thequantuminsider_2023_11_02_the_quantum_insider_announce_a_strategic_partnership_with_qu_d853a0de] Extracting interactions: https://thequantuminsider.com/2023/11/02/the-quantum-insider-announce-a-strategic-partnership-with-quantum-key-stakeholder-assembly (1/1), chunk 19/35
[04:45:27 +7m 47s | thequantuminsider_2023_11_02_the_quantum_insider_announce_a_strategic_partnership_with_qu_d853a0de] Extracting interactions: https://thequantuminsider.com/2023/11/02/the-quantum-insider-announce-a-strategic-partnership-with-quantum-key-stakeholder-assembly (1/1), chunk 20/35
[04:45:32 +7m 55s | thequantuminsider_2023_11_02_the_quantum_insider_announce_a_strategic_partnership_with_qu_d853a0de] Extracting interactions: https://thequantuminsider.com/2023/11/02/the-quantum-insider-announce-a-strategic-partnership-with-quantum-key-stakeholder-assembly (1/1), chunk 24/35
[04:45:38 +8m 1s | thequantuminsider_2023_11_02_the_quantum_insider_announce_a_strategic_partnership_with_qu_d853a0de] Extracting interactions: https://thequantuminsider.com/2023/11/02/the-quantum-insider-announce-a-strategic-partnership-with-quantum-key-stakeholder-assembly (1/1), chunk 25/35
[04:45:43 +8m 5s | thequantuminsider_2023_11_02_the_quantum_insider_announce_a_strategic_partnership_with_qu_d853a0de] Extracting interactions: https://thequantuminsider.com/2023/11/02/the-quantum-insider-announce-a-strategic-partnership-with-quantum-key-stakeholder-assembly (1/1), chunk 26/35
[04:45:55 +8m 18s | thequantuminsider_2023_11_02_the_quantum_insider_announce_a_strategic_partnership_with_qu_d853a0de] Extracting interactions: https://thequantuminsider.com/2023/11/02/the-quantum-insider-announce-a-strategic-partnership-with-quantum-key-stakeholder-assembly (1/1), chunk 27/35
[04:46:06 +8m 30s | thequantuminsider_2023_11_02_the_quantum_insider_announce_a_strategic_partnership_with_qu_d853a0de] Extracting interactions: https://thequantuminsider.com/2023/11/02/the-quantum-insider-announce-a-strategic-partnership-with-quantum-key-stakeholder-assembly (1/1), chunk 28/35
[04:46:07 +8m 32s | thequantuminsider_2023_11_02_the_quantum_insider_announce_a_strategic_partnership_with_qu_d853a0de] Extracting interactions: https://thequantuminsider.com/2023/11/02/the-quantum-insider-announce-a-strategic-partnership-with-quantum-key-stakeholder-assembly (1/1), chunk 29/35
[04:46:37 +9m 3s | thequantuminsider_2023_11_02_the_quantum_insider_announce_a_strategic_partnership_with_qu_d853a0de] Extracting interactions: https://thequantuminsider.com/2023/11/02/the-quantum-insider-announce-a-strategic-partnership-with-quantum-key-stakeholder-assembly (1/1), chunk 30/35
[04:46:39 +9m 5s | thequantuminsider_2023_11_02_the_quantum_insider_announce_a_strategic_partnership_with_qu_d853a0de] Extracting interactions: https://thequantuminsider.com/2023/11/02/the-quantum-insider-announce-a-strategic-partnership-with-quantum-key-stakeholder-assembly (1/1), chunk 31/35
[04:46:42 +9m 9s | thequantuminsider_2023_11_02_the_quantum_insider_announce_a_strategic_partnership_with_qu_d853a0de] Extracting interactions: https://thequantuminsider.com/2023/11/02/the-quantum-insider-announce-a-strategic-partnership-with-quantum-key-stakeholder-assembly (1/1), chunk 32/35
[04:46:50 +9m 16s | thequantuminsider_2023_11_02_the_quantum_insider_announce_a_strategic_partnership_with_qu_d853a0de] Extracting interactions: https://thequantuminsider.com/2023/11/02/the-quantum-insider-announce-a-strategic-partnership-with-quantum-key-stakeholder-assembly (1/1), chunk 33/35
[04:46:52 +9m 18s | thequantuminsider_2023_11_02_the_quantum_insider_announce_a_strategic_partnership_with_qu_d853a0de] Extracting interactions: https://thequantuminsider.com/2023/11/02/the-quantum-insider-announce-a-strategic-partnership-with-quantum-key-stakeholder-assembly (1/1), chunk 34/35
[04:46:53 +9m 20s | thequantuminsider_2023_11_02_the_quantum_insider_announce_a_strategic_partnership_with_qu_d853a0de] Extracting interactions: https://thequantuminsider.com/2023/11/02/the-quantum-insider-announce-a-strategic-partnership-with-quantum-key-stakeholder-assembly (1/1), chunk 35/35
[04:46:55 +9m 21s | thequantuminsider_2023_11_02_the_quantum_insider_announce_a_strategic_partnership_with_qu_d853a0de] Saved 3_interaction_results.json with 33 extracted interactions.

[04:46:55 +9m 21s | thequantuminsider_2023_11_02_the_quantum_insider_announce_a_strategic_partnership_with_qu_d853a0de] === 4 clean interactions ===
[04:46:55 +9m 21s | thequantuminsider_2023_11_02_the_quantum_insider_announce_a_strategic_partnership_with_qu_d853a0de] Saved 4_edges.json with 4 cleaned interactions.

[04:46:55 +9m 21s | thequantuminsider_2023_11_02_the_quantum_insider_announce_a_strategic_partnership_with_qu_d853a0de] === 5 helix enrichment ===
[04:46:55 +9m 21s | thequantuminsider_2023_11_02_the_quantum_insider_announce_a_strategic_partnership_with_qu_d853a0de] Wrote 5_nodes.json (21 actors)
[04:46:55 +9m 21s | thequantuminsider_2023_11_02_the_quantum_insider_announce_a_strategic_partnership_with_qu_d853a0de] Wrote 5_edges.json (4 interactions)
[04:46:55 +9m 21s | thequantuminsider_2023_11_02_the_quantum_insider_announce_a_strategic_partnership_with_qu_d853a0de] Actor helix counts: {'Academia': 1, 'Civil Society': 3, 'Government': 2, 'Industry': 3, 'Intermediary': 1, 'Unknown': 11}
[04:46:55 +9m 21s | thequantuminsider_2023_11_02_the_quantum_insider_announce_a_strategic_partnership_with_qu_d853a0de] Functional-space counts: {'Consensus': 2, 'Intra-helix / Not classified': 1, 'Public': 1}

[04:46:55 +9m 21s | thequantuminsider_2023_11_02_the_quantum_insider_announce_a_strategic_partnership_with_qu_d853a0de] === 6 network visualisation ===
[04:46:55 +9m 22s | thequantuminsider_2023_11_02_the_quantum_insider_announce_a_strategic_partnership_with_qu_d853a0de] Wrote quantum_network.html
[04:46:55 +9m 22s | thequantuminsider_2023_11_02_the_quantum_insider_announce_a_strategic_partnership_with_qu_d853a0de] Nodes: 21
[04:46:55 +9m 22s | thequantuminsider_2023_11_02_the_quantum_insider_announce_a_strategic_partnership_with_qu_d853a0de] Edges: 3

[04:46:55 +9m 22s | thequantuminsider_2023_11_02_the_quantum_insider_announce_a_strategic_partnership_with_qu_d853a0de] Done. Outputs written to: /home/lv/IDP/idpdeeptech/pipeline/news_outputs/thequantuminsider_2023_11_02_the_quantum_insider_announce_a_strategic_partnership_with_qu_d853a0de
[04:46:55 +9m 22s | thequantuminsider_2023_11_02_the_quantum_insider_announce_a_strategic_partnership_with_qu_d853a0de] Log: /home/lv/IDP/idpdeeptech/pipeline/news_outputs/thequantuminsider_2023_11_02_the_quantum_insider_announce_a_strategic_partnership_with_qu_d853a0de/run.log

========================================================================
RUN FINISHED 2026-07-05 04:46:55  (OK)
Started:     2026-07-05 04:38:05
Elapsed:     9m 22s
========================================================================
