
========================================================================
RUN STARTED  2026-07-05 06:32:51
site_pipeline.py https://thequantuminsider.com/2023/10/09/the-blaise-pascal-regenerative-quantum-challenge-underway/
========================================================================

[06:32:51 +0s | thequantuminsider_2023_10_09_the_blaise_pascal_regenerative_quantum_challenge_underway] === 0 crawl site ===
[06:32:53 +1s | thequantuminsider_2023_10_09_the_blaise_pascal_regenerative_quantum_challenge_underway] [INIT].... → Crawl4AI 0.8.6 
[06:32:55 +4s | thequantuminsider_2023_10_09_the_blaise_pascal_regenerative_quantum_challenge_underway] [FETCH]... ↓ https://thequantuminsider.com/2023/10/09/the-blaise-pascal-regenerative-quantum-challenge-underway/  | ✓ | ⏱: 2.49s 
[06:32:55 +4s | thequantuminsider_2023_10_09_the_blaise_pascal_regenerative_quantum_challenge_underway] [SCRAPE].. ◆ https://thequantuminsider.com/2023/10/09/the-blaise-pascal-regenerative-quantum-challenge-underway/  | ✓ | ⏱: 0.15s 
[06:32:55 +4s | thequantuminsider_2023_10_09_the_blaise_pascal_regenerative_quantum_challenge_underway] [COMPLETE] ● https://thequantuminsider.com/2023/10/09/the-blaise-pascal-regenerative-quantum-challenge-underway/  | ✓ | ⏱: 2.66s 
[06:32:55 +4s | thequantuminsider_2023_10_09_the_blaise_pascal_regenerative_quantum_challenge_underway] Saved: crawl_output/00ae0327b3_thequantuminsider.com_2023_10_09_the-blaise-pascal-regenerative-quantum-challenge-underway.json

[06:32:56 +4s | thequantuminsider_2023_10_09_the_blaise_pascal_regenerative_quantum_challenge_underway] === 1 actor extraction ===
[06:32:56 +5s | thequantuminsider_2023_10_09_the_blaise_pascal_regenerative_quantum_challenge_underway] Reading page (1/1): https://thequantuminsider.com/2023/10/09/the-blaise-pascal-regenerative-quantum-challenge-underway
[06:32:56 +5s | thequantuminsider_2023_10_09_the_blaise_pascal_regenerative_quantum_challenge_underway] Extracting actors: https://thequantuminsider.com/2023/10/09/the-blaise-pascal-regenerative-quantum-challenge-underway (1/1), chunk 1/37
[06:33:01 +10s | thequantuminsider_2023_10_09_the_blaise_pascal_regenerative_quantum_challenge_underway] Extracting actors: https://thequantuminsider.com/2023/10/09/the-blaise-pascal-regenerative-quantum-challenge-underway (1/1), chunk 2/37
[06:33:08 +17s | thequantuminsider_2023_10_09_the_blaise_pascal_regenerative_quantum_challenge_underway] Extracting actors: https://thequantuminsider.com/2023/10/09/the-blaise-pascal-regenerative-quantum-challenge-underway (1/1), chunk 3/37
[06:33:16 +25s | thequantuminsider_2023_10_09_the_blaise_pascal_regenerative_quantum_challenge_underway] Extracting actors: https://thequantuminsider.com/2023/10/09/the-blaise-pascal-regenerative-quantum-challenge-underway (1/1), chunk 4/37
[06:33:20 +31s | thequantuminsider_2023_10_09_the_blaise_pascal_regenerative_quantum_challenge_underway] Extracting actors: https://thequantuminsider.com/2023/10/09/the-blaise-pascal-regenerative-quantum-challenge-underway (1/1), chunk 5/37
[06:33:25 +36s | thequantuminsider_2023_10_09_the_blaise_pascal_regenerative_quantum_challenge_underway] Extracting actors: https://thequantuminsider.com/2023/10/09/the-blaise-pascal-regenerative-quantum-challenge-underway (1/1), chunk 6/37
[06:33:30 +41s | thequantuminsider_2023_10_09_the_blaise_pascal_regenerative_quantum_challenge_underway] Extracting actors: https://thequantuminsider.com/2023/10/09/the-blaise-pascal-regenerative-quantum-challenge-underway (1/1), chunk 7/37
[06:33:39 +50s | thequantuminsider_2023_10_09_the_blaise_pascal_regenerative_quantum_challenge_underway] Extracting actors: https://thequantuminsider.com/2023/10/09/the-blaise-pascal-regenerative-quantum-challenge-underway (1/1), chunk 8/37
[06:33:47 +58s | thequantuminsider_2023_10_09_the_blaise_pascal_regenerative_quantum_challenge_underway] Extracting actors: https://thequantuminsider.com/2023/10/09/the-blaise-pascal-regenerative-quantum-challenge-underway (1/1), chunk 9/37
[06:34:25 +1m 40s | thequantuminsider_2023_10_09_the_blaise_pascal_regenerative_quantum_challenge_underway] Extracting actors: https://thequantuminsider.com/2023/10/09/the-blaise-pascal-regenerative-quantum-challenge-underway (1/1), chunk 10/37
[06:34:30 +1m 46s | thequantuminsider_2023_10_09_the_blaise_pascal_regenerative_quantum_challenge_underway] Extracting actors: https://thequantuminsider.com/2023/10/09/the-blaise-pascal-regenerative-quantum-challenge-underway (1/1), chunk 11/37
[06:34:54 +2m 12s | thequantuminsider_2023_10_09_the_blaise_pascal_regenerative_quantum_challenge_underway] Repaired malformed JSON.
[06:34:54 +2m 12s | thequantuminsider_2023_10_09_the_blaise_pascal_regenerative_quantum_challenge_underway] Extracting actors: https://thequantuminsider.com/2023/10/09/the-blaise-pascal-regenerative-quantum-challenge-underway (1/1), chunk 12/37
[06:35:01 +2m 18s | thequantuminsider_2023_10_09_the_blaise_pascal_regenerative_quantum_challenge_underway] Repaired malformed JSON.
[06:35:01 +2m 18s | thequantuminsider_2023_10_09_the_blaise_pascal_regenerative_quantum_challenge_underway] Extracting actors: https://thequantuminsider.com/2023/10/09/the-blaise-pascal-regenerative-quantum-challenge-underway (1/1), chunk 13/37
[06:35:09 +2m 26s | thequantuminsider_2023_10_09_the_blaise_pascal_regenerative_quantum_challenge_underway] Repaired malformed JSON.
[06:35:09 +2m 26s | thequantuminsider_2023_10_09_the_blaise_pascal_regenerative_quantum_challenge_underway] Extracting actors: https://thequantuminsider.com/2023/10/09/the-blaise-pascal-regenerative-quantum-challenge-underway (1/1), chunk 14/37
[06:35:19 +2m 36s | thequantuminsider_2023_10_09_the_blaise_pascal_regenerative_quantum_challenge_underway] Repaired malformed JSON.
[06:35:19 +2m 36s | thequantuminsider_2023_10_09_the_blaise_pascal_regenerative_quantum_challenge_underway] Extracting actors: https://thequantuminsider.com/2023/10/09/the-blaise-pascal-regenerative-quantum-challenge-underway (1/1), chunk 15/37
[06:35:23 +2m 43s | thequantuminsider_2023_10_09_the_blaise_pascal_regenerative_quantum_challenge_underway] Repaired malformed JSON.
[06:35:23 +2m 43s | thequantuminsider_2023_10_09_the_blaise_pascal_regenerative_quantum_challenge_underway] Extracting actors: https://thequantuminsider.com/2023/10/09/the-blaise-pascal-regenerative-quantum-challenge-underway (1/1), chunk 16/37
[06:35:29 +2m 49s | thequantuminsider_2023_10_09_the_blaise_pascal_regenerative_quantum_challenge_underway] Repaired malformed JSON.
[06:35:29 +2m 49s | thequantuminsider_2023_10_09_the_blaise_pascal_regenerative_quantum_challenge_underway] Extracting actors: https://thequantuminsider.com/2023/10/09/the-blaise-pascal-regenerative-quantum-challenge-underway (1/1), chunk 17/37
[06:35:39 +2m 58s | thequantuminsider_2023_10_09_the_blaise_pascal_regenerative_quantum_challenge_underway] Repaired malformed JSON.
[06:35:39 +2m 58s | thequantuminsider_2023_10_09_the_blaise_pascal_regenerative_quantum_challenge_underway] Extracting actors: https://thequantuminsider.com/2023/10/09/the-blaise-pascal-regenerative-quantum-challenge-underway (1/1), chunk 18/37
[06:35:43 +3m 3s | thequantuminsider_2023_10_09_the_blaise_pascal_regenerative_quantum_challenge_underway] Extracting actors: https://thequantuminsider.com/2023/10/09/the-blaise-pascal-regenerative-quantum-challenge-underway (1/1), chunk 19/37
[06:35:51 +3m 13s | thequantuminsider_2023_10_09_the_blaise_pascal_regenerative_quantum_challenge_underway] Repaired malformed JSON.
[06:35:51 +3m 13s | thequantuminsider_2023_10_09_the_blaise_pascal_regenerative_quantum_challenge_underway] Extracting actors: https://thequantuminsider.com/2023/10/09/the-blaise-pascal-regenerative-quantum-challenge-underway (1/1), chunk 20/37
[06:35:58 +3m 20s | thequantuminsider_2023_10_09_the_blaise_pascal_regenerative_quantum_challenge_underway] Repaired malformed JSON.
[06:35:58 +3m 20s | thequantuminsider_2023_10_09_the_blaise_pascal_regenerative_quantum_challenge_underway] Extracting actors: https://thequantuminsider.com/2023/10/09/the-blaise-pascal-regenerative-quantum-challenge-underway (1/1), chunk 21/37
[06:36:05 +3m 27s | thequantuminsider_2023_10_09_the_blaise_pascal_regenerative_quantum_challenge_underway] Repaired malformed JSON.
[06:36:05 +3m 27s | thequantuminsider_2023_10_09_the_blaise_pascal_regenerative_quantum_challenge_underway] Extracting actors: https://thequantuminsider.com/2023/10/09/the-blaise-pascal-regenerative-quantum-challenge-underway (1/1), chunk 22/37
[06:36:14 +3m 36s | thequantuminsider_2023_10_09_the_blaise_pascal_regenerative_quantum_challenge_underway] Repaired malformed JSON.
[06:36:14 +3m 36s | thequantuminsider_2023_10_09_the_blaise_pascal_regenerative_quantum_challenge_underway] Extracting actors: https://thequantuminsider.com/2023/10/09/the-blaise-pascal-regenerative-quantum-challenge-underway (1/1), chunk 23/37
[06:36:18 +3m 42s | thequantuminsider_2023_10_09_the_blaise_pascal_regenerative_quantum_challenge_underway] Repaired malformed JSON.
[06:36:18 +3m 42s | thequantuminsider_2023_10_09_the_blaise_pascal_regenerative_quantum_challenge_underway] Extracting actors: https://thequantuminsider.com/2023/10/09/the-blaise-pascal-regenerative-quantum-challenge-underway (1/1), chunk 24/37
[06:36:24 +3m 48s | thequantuminsider_2023_10_09_the_blaise_pascal_regenerative_quantum_challenge_underway] Repaired malformed JSON.
[06:36:24 +3m 48s | thequantuminsider_2023_10_09_the_blaise_pascal_regenerative_quantum_challenge_underway] Extracting actors: https://thequantuminsider.com/2023/10/09/the-blaise-pascal-regenerative-quantum-challenge-underway (1/1), chunk 25/37
[06:36:32 +3m 56s | thequantuminsider_2023_10_09_the_blaise_pascal_regenerative_quantum_challenge_underway] Extracting actors: https://thequantuminsider.com/2023/10/09/the-blaise-pascal-regenerative-quantum-challenge-underway (1/1), chunk 26/37
[06:36:39 +4m 3s | thequantuminsider_2023_10_09_the_blaise_pascal_regenerative_quantum_challenge_underway] Repaired malformed JSON.
[06:36:39 +4m 3s | thequantuminsider_2023_10_09_the_blaise_pascal_regenerative_quantum_challenge_underway] Extracting actors: https://thequantuminsider.com/2023/10/09/the-blaise-pascal-regenerative-quantum-challenge-underway (1/1), chunk 27/37
[06:36:44 +4m 8s | thequantuminsider_2023_10_09_the_blaise_pascal_regenerative_quantum_challenge_underway] Extracting actors: https://thequantuminsider.com/2023/10/09/the-blaise-pascal-regenerative-quantum-challenge-underway (1/1), chunk 28/37
[06:36:50 +4m 14s | thequantuminsider_2023_10_09_the_blaise_pascal_regenerative_quantum_challenge_underway] Extracting actors: https://thequantuminsider.com/2023/10/09/the-blaise-pascal-regenerative-quantum-challenge-underway (1/1), chunk 29/37
[06:36:56 +4m 22s | thequantuminsider_2023_10_09_the_blaise_pascal_regenerative_quantum_challenge_underway] Repaired malformed JSON.
[06:36:56 +4m 22s | thequantuminsider_2023_10_09_the_blaise_pascal_regenerative_quantum_challenge_underway] Extracting actors: https://thequantuminsider.com/2023/10/09/the-blaise-pascal-regenerative-quantum-challenge-underway (1/1), chunk 30/37
[06:37:02 +4m 28s | thequantuminsider_2023_10_09_the_blaise_pascal_regenerative_quantum_challenge_underway] Repaired malformed JSON.
[06:37:02 +4m 28s | thequantuminsider_2023_10_09_the_blaise_pascal_regenerative_quantum_challenge_underway] Extracting actors: https://thequantuminsider.com/2023/10/09/the-blaise-pascal-regenerative-quantum-challenge-underway (1/1), chunk 31/37
[06:37:08 +4m 34s | thequantuminsider_2023_10_09_the_blaise_pascal_regenerative_quantum_challenge_underway] Repaired malformed JSON.
[06:37:08 +4m 34s | thequantuminsider_2023_10_09_the_blaise_pascal_regenerative_quantum_challenge_underway] Extracting actors: https://thequantuminsider.com/2023/10/09/the-blaise-pascal-regenerative-quantum-challenge-underway (1/1), chunk 32/37
[06:37:16 +4m 43s | thequantuminsider_2023_10_09_the_blaise_pascal_regenerative_quantum_challenge_underway] Repaired malformed JSON.
[06:37:16 +4m 43s | thequantuminsider_2023_10_09_the_blaise_pascal_regenerative_quantum_challenge_underway] Extracting actors: https://thequantuminsider.com/2023/10/09/the-blaise-pascal-regenerative-quantum-challenge-underway (1/1), chunk 33/37
[06:37:36 +5m 4s | thequantuminsider_2023_10_09_the_blaise_pascal_regenerative_quantum_challenge_underway] Repaired malformed JSON.
[06:37:36 +5m 4s | thequantuminsider_2023_10_09_the_blaise_pascal_regenerative_quantum_challenge_underway] Extracting actors: https://thequantuminsider.com/2023/10/09/the-blaise-pascal-regenerative-quantum-challenge-underway (1/1), chunk 34/37
[06:37:49 +5m 19s | thequantuminsider_2023_10_09_the_blaise_pascal_regenerative_quantum_challenge_underway] Repaired malformed JSON.
[06:37:49 +5m 19s | thequantuminsider_2023_10_09_the_blaise_pascal_regenerative_quantum_challenge_underway] Extracting actors: https://thequantuminsider.com/2023/10/09/the-blaise-pascal-regenerative-quantum-challenge-underway (1/1), chunk 35/37
[06:38:15 +5m 46s | thequantuminsider_2023_10_09_the_blaise_pascal_regenerative_quantum_challenge_underway] Repaired malformed JSON.
[06:38:15 +5m 46s | thequantuminsider_2023_10_09_the_blaise_pascal_regenerative_quantum_challenge_underway] Extracting actors: https://thequantuminsider.com/2023/10/09/the-blaise-pascal-regenerative-quantum-challenge-underway (1/1), chunk 36/37
[06:38:22 +5m 55s | thequantuminsider_2023_10_09_the_blaise_pascal_regenerative_quantum_challenge_underway] Repaired malformed JSON.
[06:38:22 +5m 55s | thequantuminsider_2023_10_09_the_blaise_pascal_regenerative_quantum_challenge_underway] Extracting actors: https://thequantuminsider.com/2023/10/09/the-blaise-pascal-regenerative-quantum-challenge-underway (1/1), chunk 37/37
[06:38:30 +6m 2s | thequantuminsider_2023_10_09_the_blaise_pascal_regenerative_quantum_challenge_underway] Repaired malformed JSON.
[06:38:30 +6m 2s | thequantuminsider_2023_10_09_the_blaise_pascal_regenerative_quantum_challenge_underway] Saved 1_actor_results.json with 53 extracted records

[06:38:30 +6m 2s | thequantuminsider_2023_10_09_the_blaise_pascal_regenerative_quantum_challenge_underway] === 2 clean actors ===
[06:38:30 +6m 2s | thequantuminsider_2023_10_09_the_blaise_pascal_regenerative_quantum_challenge_underway] Loaded 53 extracted records
[06:38:30 +6m 2s | thequantuminsider_2023_10_09_the_blaise_pascal_regenerative_quantum_challenge_underway] Saved 2_actor_nodes.json with 20 canonical actor nodes

[06:38:30 +6m 2s | thequantuminsider_2023_10_09_the_blaise_pascal_regenerative_quantum_challenge_underway] === 3 interaction extraction ===
[06:38:30 +6m 3s | thequantuminsider_2023_10_09_the_blaise_pascal_regenerative_quantum_challenge_underway] Extracting interactions: https://thequantuminsider.com/2023/10/09/the-blaise-pascal-regenerative-quantum-challenge-underway (1/1), chunk 12/37
[06:38:43 +6m 16s | thequantuminsider_2023_10_09_the_blaise_pascal_regenerative_quantum_challenge_underway] Extracting interactions: https://thequantuminsider.com/2023/10/09/the-blaise-pascal-regenerative-quantum-challenge-underway (1/1), chunk 13/37
[06:38:58 +6m 32s | thequantuminsider_2023_10_09_the_blaise_pascal_regenerative_quantum_challenge_underway] Extracting interactions: https://thequantuminsider.com/2023/10/09/the-blaise-pascal-regenerative-quantum-challenge-underway (1/1), chunk 14/37
[06:39:14 +6m 48s | thequantuminsider_2023_10_09_the_blaise_pascal_regenerative_quantum_challenge_underway] Extracting interactions: https://thequantuminsider.com/2023/10/09/the-blaise-pascal-regenerative-quantum-challenge-underway (1/1), chunk 15/37
[06:39:18 +6m 53s | thequantuminsider_2023_10_09_the_blaise_pascal_regenerative_quantum_challenge_underway] Extracting interactions: https://thequantuminsider.com/2023/10/09/the-blaise-pascal-regenerative-quantum-challenge-underway (1/1), chunk 16/37
[06:39:23 +7m 0s | thequantuminsider_2023_10_09_the_blaise_pascal_regenerative_quantum_challenge_underway] Extracting interactions: https://thequantuminsider.com/2023/10/09/the-blaise-pascal-regenerative-quantum-challenge-underway (1/1), chunk 17/37
[06:39:24 +7m 1s | thequantuminsider_2023_10_09_the_blaise_pascal_regenerative_quantum_challenge_underway] Extracting interactions: https://thequantuminsider.com/2023/10/09/the-blaise-pascal-regenerative-quantum-challenge-underway (1/1), chunk 18/37
[06:39:29 +7m 6s | thequantuminsider_2023_10_09_the_blaise_pascal_regenerative_quantum_challenge_underway] Extracting interactions: https://thequantuminsider.com/2023/10/09/the-blaise-pascal-regenerative-quantum-challenge-underway (1/1), chunk 19/37
[06:39:31 +7m 8s | thequantuminsider_2023_10_09_the_blaise_pascal_regenerative_quantum_challenge_underway] Extracting interactions: https://thequantuminsider.com/2023/10/09/the-blaise-pascal-regenerative-quantum-challenge-underway (1/1), chunk 20/37
[06:39:33 +7m 10s | thequantuminsider_2023_10_09_the_blaise_pascal_regenerative_quantum_challenge_underway] Extracting interactions: https://thequantuminsider.com/2023/10/09/the-blaise-pascal-regenerative-quantum-challenge-underway (1/1), chunk 21/37
[06:39:41 +7m 18s | thequantuminsider_2023_10_09_the_blaise_pascal_regenerative_quantum_challenge_underway] Extracting interactions: https://thequantuminsider.com/2023/10/09/the-blaise-pascal-regenerative-quantum-challenge-underway (1/1), chunk 22/37
[06:39:45 +7m 22s | thequantuminsider_2023_10_09_the_blaise_pascal_regenerative_quantum_challenge_underway] Extracting interactions: https://thequantuminsider.com/2023/10/09/the-blaise-pascal-regenerative-quantum-challenge-underway (1/1), chunk 24/37
[06:39:47 +7m 24s | thequantuminsider_2023_10_09_the_blaise_pascal_regenerative_quantum_challenge_underway] Extracting interactions: https://thequantuminsider.com/2023/10/09/the-blaise-pascal-regenerative-quantum-challenge-underway (1/1), chunk 26/37
[06:39:49 +7m 28s | thequantuminsider_2023_10_09_the_blaise_pascal_regenerative_quantum_challenge_underway] Extracting interactions: https://thequantuminsider.com/2023/10/09/the-blaise-pascal-regenerative-quantum-challenge-underway (1/1), chunk 27/37
[06:40:05 +7m 44s | thequantuminsider_2023_10_09_the_blaise_pascal_regenerative_quantum_challenge_underway] Extracting interactions: https://thequantuminsider.com/2023/10/09/the-blaise-pascal-regenerative-quantum-challenge-underway (1/1), chunk 28/37
[06:40:07 +7m 46s | thequantuminsider_2023_10_09_the_blaise_pascal_regenerative_quantum_challenge_underway] Extracting interactions: https://thequantuminsider.com/2023/10/09/the-blaise-pascal-regenerative-quantum-challenge-underway (1/1), chunk 29/37
[06:40:08 +7m 47s | thequantuminsider_2023_10_09_the_blaise_pascal_regenerative_quantum_challenge_underway] Extracting interactions: https://thequantuminsider.com/2023/10/09/the-blaise-pascal-regenerative-quantum-challenge-underway (1/1), chunk 30/37
[06:40:10 +7m 49s | thequantuminsider_2023_10_09_the_blaise_pascal_regenerative_quantum_challenge_underway] Extracting interactions: https://thequantuminsider.com/2023/10/09/the-blaise-pascal-regenerative-quantum-challenge-underway (1/1), chunk 31/37
[06:41:05 +8m 49s | thequantuminsider_2023_10_09_the_blaise_pascal_regenerative_quantum_challenge_underway] Extracting interactions: https://thequantuminsider.com/2023/10/09/the-blaise-pascal-regenerative-quantum-challenge-underway (1/1), chunk 32/37
[06:41:07 +8m 50s | thequantuminsider_2023_10_09_the_blaise_pascal_regenerative_quantum_challenge_underway] Extracting interactions: https://thequantuminsider.com/2023/10/09/the-blaise-pascal-regenerative-quantum-challenge-underway (1/1), chunk 33/37
[06:41:09 +8m 52s | thequantuminsider_2023_10_09_the_blaise_pascal_regenerative_quantum_challenge_underway] Extracting interactions: https://thequantuminsider.com/2023/10/09/the-blaise-pascal-regenerative-quantum-challenge-underway (1/1), chunk 34/37
[06:41:42 +9m 28s | thequantuminsider_2023_10_09_the_blaise_pascal_regenerative_quantum_challenge_underway] Extracting interactions: https://thequantuminsider.com/2023/10/09/the-blaise-pascal-regenerative-quantum-challenge-underway (1/1), chunk 35/37
[06:41:44 +9m 29s | thequantuminsider_2023_10_09_the_blaise_pascal_regenerative_quantum_challenge_underway] Extracting interactions: https://thequantuminsider.com/2023/10/09/the-blaise-pascal-regenerative-quantum-challenge-underway (1/1), chunk 36/37
[06:41:45 +9m 31s | thequantuminsider_2023_10_09_the_blaise_pascal_regenerative_quantum_challenge_underway] Extracting interactions: https://thequantuminsider.com/2023/10/09/the-blaise-pascal-regenerative-quantum-challenge-underway (1/1), chunk 37/37
[06:41:47 +9m 33s | thequantuminsider_2023_10_09_the_blaise_pascal_regenerative_quantum_challenge_underway] Saved 3_interaction_results.json with 20 extracted interactions.

[06:41:47 +9m 33s | thequantuminsider_2023_10_09_the_blaise_pascal_regenerative_quantum_challenge_underway] === 4 clean interactions ===
[06:41:47 +9m 33s | thequantuminsider_2023_10_09_the_blaise_pascal_regenerative_quantum_challenge_underway] Saved 4_edges.json with 1 cleaned interactions.

[06:41:47 +9m 33s | thequantuminsider_2023_10_09_the_blaise_pascal_regenerative_quantum_challenge_underway] === 5 helix enrichment ===
[06:41:47 +9m 33s | thequantuminsider_2023_10_09_the_blaise_pascal_regenerative_quantum_challenge_underway] Wrote 5_nodes.json (20 actors)
[06:41:47 +9m 33s | thequantuminsider_2023_10_09_the_blaise_pascal_regenerative_quantum_challenge_underway] Wrote 5_edges.json (1 interactions)
[06:41:47 +9m 33s | thequantuminsider_2023_10_09_the_blaise_pascal_regenerative_quantum_challenge_underway] Actor helix counts: {'Academia': 1, 'Civil Society': 3, 'Industry': 6, 'Intermediary': 1, 'Unknown': 9}
[06:41:47 +9m 33s | thequantuminsider_2023_10_09_the_blaise_pascal_regenerative_quantum_challenge_underway] Functional-space counts: {'Intra-helix / Not classified': 1}

[06:41:47 +9m 33s | thequantuminsider_2023_10_09_the_blaise_pascal_regenerative_quantum_challenge_underway] === 6 network visualisation ===
[06:41:47 +9m 33s | thequantuminsider_2023_10_09_the_blaise_pascal_regenerative_quantum_challenge_underway] Wrote quantum_network.html
[06:41:47 +9m 33s | thequantuminsider_2023_10_09_the_blaise_pascal_regenerative_quantum_challenge_underway] Nodes: 20
[06:41:47 +9m 33s | thequantuminsider_2023_10_09_the_blaise_pascal_regenerative_quantum_challenge_underway] Edges: 1

[06:41:47 +9m 33s | thequantuminsider_2023_10_09_the_blaise_pascal_regenerative_quantum_challenge_underway] Done. Outputs written to: /home/lv/IDP/idpdeeptech/pipeline/news_outputs/thequantuminsider_2023_10_09_the_blaise_pascal_regenerative_quantum_challenge_underway
[06:41:47 +9m 33s | thequantuminsider_2023_10_09_the_blaise_pascal_regenerative_quantum_challenge_underway] Log: /home/lv/IDP/idpdeeptech/pipeline/news_outputs/thequantuminsider_2023_10_09_the_blaise_pascal_regenerative_quantum_challenge_underway/run.log

========================================================================
RUN FINISHED 2026-07-05 06:41:47  (OK)
Started:     2026-07-05 06:32:51
Elapsed:     9m 33s
========================================================================
