
========================================================================
RUN STARTED  2026-07-05 08:23:36
site_pipeline.py https://thequantuminsider.com/2023/09/25/partec-to-invest-5-million-euros-in-construction-of-quantum-computing-facility/
========================================================================

[08:23:36 +0s | thequantuminsider_2023_09_25_partec_to_invest_5_million_euros_in_construction_of_quantum_f55c991a] === 0 crawl site ===
[08:23:37 +2s | thequantuminsider_2023_09_25_partec_to_invest_5_million_euros_in_construction_of_quantum_f55c991a] [INIT].... → Crawl4AI 0.8.6 
[08:23:39 +3s | thequantuminsider_2023_09_25_partec_to_invest_5_million_euros_in_construction_of_quantum_f55c991a] [FETCH]... ↓ https://thequantuminsider.com/2023/09/25/partec-...s-in-construction-of-quantum-computing-facility/  | ✓ | ⏱: 1.82s 
[08:23:39 +4s | thequantuminsider_2023_09_25_partec_to_invest_5_million_euros_in_construction_of_quantum_f55c991a] [SCRAPE].. ◆ https://thequantuminsider.com/2023/09/25/partec-...s-in-construction-of-quantum-computing-facility/  | ✓ | ⏱: 0.13s 
[08:23:39 +4s | thequantuminsider_2023_09_25_partec_to_invest_5_million_euros_in_construction_of_quantum_f55c991a] [COMPLETE] ● https://thequantuminsider.com/2023/09/25/partec-...s-in-construction-of-quantum-computing-facility/  | ✓ | ⏱: 1.97s 
[08:23:39 +4s | thequantuminsider_2023_09_25_partec_to_invest_5_million_euros_in_construction_of_quantum_f55c991a] Saved: crawl_output/6845ac79c9_thequantuminsider.com_2023_09_25_partec-to-invest-5-million-euros-in-construction-of-quantum-computing-facility.json

[08:23:40 +4s | thequantuminsider_2023_09_25_partec_to_invest_5_million_euros_in_construction_of_quantum_f55c991a] === 1 actor extraction ===
[08:23:40 +4s | thequantuminsider_2023_09_25_partec_to_invest_5_million_euros_in_construction_of_quantum_f55c991a] Reading page (1/1): https://thequantuminsider.com/2023/09/25/partec-to-invest-5-million-euros-in-construction-of-quantum-computing-facility
[08:23:40 +4s | thequantuminsider_2023_09_25_partec_to_invest_5_million_euros_in_construction_of_quantum_f55c991a] Extracting actors: https://thequantuminsider.com/2023/09/25/partec-to-invest-5-million-euros-in-construction-of-quantum-computing-facility (1/1), chunk 1/37
[08:23:45 +9s | thequantuminsider_2023_09_25_partec_to_invest_5_million_euros_in_construction_of_quantum_f55c991a] Extracting actors: https://thequantuminsider.com/2023/09/25/partec-to-invest-5-million-euros-in-construction-of-quantum-computing-facility (1/1), chunk 2/37
[08:23:49 +14s | thequantuminsider_2023_09_25_partec_to_invest_5_million_euros_in_construction_of_quantum_f55c991a] Extracting actors: https://thequantuminsider.com/2023/09/25/partec-to-invest-5-million-euros-in-construction-of-quantum-computing-facility (1/1), chunk 3/37
[08:23:54 +18s | thequantuminsider_2023_09_25_partec_to_invest_5_million_euros_in_construction_of_quantum_f55c991a] Extracting actors: https://thequantuminsider.com/2023/09/25/partec-to-invest-5-million-euros-in-construction-of-quantum-computing-facility (1/1), chunk 4/37
[08:23:58 +23s | thequantuminsider_2023_09_25_partec_to_invest_5_million_euros_in_construction_of_quantum_f55c991a] Extracting actors: https://thequantuminsider.com/2023/09/25/partec-to-invest-5-million-euros-in-construction-of-quantum-computing-facility (1/1), chunk 5/37
[08:24:02 +29s | thequantuminsider_2023_09_25_partec_to_invest_5_million_euros_in_construction_of_quantum_f55c991a] Extracting actors: https://thequantuminsider.com/2023/09/25/partec-to-invest-5-million-euros-in-construction-of-quantum-computing-facility (1/1), chunk 6/37
[08:24:46 +1m 15s | thequantuminsider_2023_09_25_partec_to_invest_5_million_euros_in_construction_of_quantum_f55c991a] Extracting actors: https://thequantuminsider.com/2023/09/25/partec-to-invest-5-million-euros-in-construction-of-quantum-computing-facility (1/1), chunk 7/37
[08:24:53 +1m 22s | thequantuminsider_2023_09_25_partec_to_invest_5_million_euros_in_construction_of_quantum_f55c991a] Extracting actors: https://thequantuminsider.com/2023/09/25/partec-to-invest-5-million-euros-in-construction-of-quantum-computing-facility (1/1), chunk 8/37
[08:24:56 +1m 28s | thequantuminsider_2023_09_25_partec_to_invest_5_million_euros_in_construction_of_quantum_f55c991a] Extracting actors: https://thequantuminsider.com/2023/09/25/partec-to-invest-5-million-euros-in-construction-of-quantum-computing-facility (1/1), chunk 9/37
[08:25:04 +1m 36s | thequantuminsider_2023_09_25_partec_to_invest_5_million_euros_in_construction_of_quantum_f55c991a] Extracting actors: https://thequantuminsider.com/2023/09/25/partec-to-invest-5-million-euros-in-construction-of-quantum-computing-facility (1/1), chunk 10/37
[08:25:08 +1m 40s | thequantuminsider_2023_09_25_partec_to_invest_5_million_euros_in_construction_of_quantum_f55c991a] Extracting actors: https://thequantuminsider.com/2023/09/25/partec-to-invest-5-million-euros-in-construction-of-quantum-computing-facility (1/1), chunk 11/37
[08:25:17 +1m 49s | thequantuminsider_2023_09_25_partec_to_invest_5_million_euros_in_construction_of_quantum_f55c991a] Repaired malformed JSON.
[08:25:17 +1m 49s | thequantuminsider_2023_09_25_partec_to_invest_5_million_euros_in_construction_of_quantum_f55c991a] Extracting actors: https://thequantuminsider.com/2023/09/25/partec-to-invest-5-million-euros-in-construction-of-quantum-computing-facility (1/1), chunk 12/37
[08:25:24 +1m 56s | thequantuminsider_2023_09_25_partec_to_invest_5_million_euros_in_construction_of_quantum_f55c991a] Repaired malformed JSON.
[08:25:24 +1m 56s | thequantuminsider_2023_09_25_partec_to_invest_5_million_euros_in_construction_of_quantum_f55c991a] Extracting actors: https://thequantuminsider.com/2023/09/25/partec-to-invest-5-million-euros-in-construction-of-quantum-computing-facility (1/1), chunk 13/37
[08:25:29 +2m 3s | thequantuminsider_2023_09_25_partec_to_invest_5_million_euros_in_construction_of_quantum_f55c991a] Repaired malformed JSON.
[08:25:29 +2m 3s | thequantuminsider_2023_09_25_partec_to_invest_5_million_euros_in_construction_of_quantum_f55c991a] Extracting actors: https://thequantuminsider.com/2023/09/25/partec-to-invest-5-million-euros-in-construction-of-quantum-computing-facility (1/1), chunk 14/37
[08:25:39 +2m 14s | thequantuminsider_2023_09_25_partec_to_invest_5_million_euros_in_construction_of_quantum_f55c991a] Repaired malformed JSON.
[08:25:39 +2m 14s | thequantuminsider_2023_09_25_partec_to_invest_5_million_euros_in_construction_of_quantum_f55c991a] Extracting actors: https://thequantuminsider.com/2023/09/25/partec-to-invest-5-million-euros-in-construction-of-quantum-computing-facility (1/1), chunk 15/37
[08:25:50 +2m 24s | thequantuminsider_2023_09_25_partec_to_invest_5_million_euros_in_construction_of_quantum_f55c991a] Repaired malformed JSON.
[08:25:50 +2m 24s | thequantuminsider_2023_09_25_partec_to_invest_5_million_euros_in_construction_of_quantum_f55c991a] Extracting actors: https://thequantuminsider.com/2023/09/25/partec-to-invest-5-million-euros-in-construction-of-quantum-computing-facility (1/1), chunk 16/37
[08:26:14 +2m 51s | thequantuminsider_2023_09_25_partec_to_invest_5_million_euros_in_construction_of_quantum_f55c991a] Repaired malformed JSON.
[08:26:14 +2m 51s | thequantuminsider_2023_09_25_partec_to_invest_5_million_euros_in_construction_of_quantum_f55c991a] Extracting actors: https://thequantuminsider.com/2023/09/25/partec-to-invest-5-million-euros-in-construction-of-quantum-computing-facility (1/1), chunk 17/37
[08:26:20 +2m 57s | thequantuminsider_2023_09_25_partec_to_invest_5_million_euros_in_construction_of_quantum_f55c991a] Repaired malformed JSON.
[08:26:20 +2m 57s | thequantuminsider_2023_09_25_partec_to_invest_5_million_euros_in_construction_of_quantum_f55c991a] Extracting actors: https://thequantuminsider.com/2023/09/25/partec-to-invest-5-million-euros-in-construction-of-quantum-computing-facility (1/1), chunk 18/37
[08:26:25 +3m 2s | thequantuminsider_2023_09_25_partec_to_invest_5_million_euros_in_construction_of_quantum_f55c991a] Extracting actors: https://thequantuminsider.com/2023/09/25/partec-to-invest-5-million-euros-in-construction-of-quantum-computing-facility (1/1), chunk 19/37
[08:26:40 +3m 19s | thequantuminsider_2023_09_25_partec_to_invest_5_million_euros_in_construction_of_quantum_f55c991a] Repaired malformed JSON.
[08:26:40 +3m 19s | thequantuminsider_2023_09_25_partec_to_invest_5_million_euros_in_construction_of_quantum_f55c991a] Extracting actors: https://thequantuminsider.com/2023/09/25/partec-to-invest-5-million-euros-in-construction-of-quantum-computing-facility (1/1), chunk 20/37
[08:26:52 +3m 31s | thequantuminsider_2023_09_25_partec_to_invest_5_million_euros_in_construction_of_quantum_f55c991a] Repaired malformed JSON.
[08:26:52 +3m 31s | thequantuminsider_2023_09_25_partec_to_invest_5_million_euros_in_construction_of_quantum_f55c991a] Extracting actors: https://thequantuminsider.com/2023/09/25/partec-to-invest-5-million-euros-in-construction-of-quantum-computing-facility (1/1), chunk 21/37
[08:26:57 +3m 39s | thequantuminsider_2023_09_25_partec_to_invest_5_million_euros_in_construction_of_quantum_f55c991a] Repaired malformed JSON.
[08:26:57 +3m 39s | thequantuminsider_2023_09_25_partec_to_invest_5_million_euros_in_construction_of_quantum_f55c991a] Extracting actors: https://thequantuminsider.com/2023/09/25/partec-to-invest-5-million-euros-in-construction-of-quantum-computing-facility (1/1), chunk 22/37
[08:27:05 +3m 47s | thequantuminsider_2023_09_25_partec_to_invest_5_million_euros_in_construction_of_quantum_f55c991a] Repaired malformed JSON.
[08:27:05 +3m 47s | thequantuminsider_2023_09_25_partec_to_invest_5_million_euros_in_construction_of_quantum_f55c991a] Extracting actors: https://thequantuminsider.com/2023/09/25/partec-to-invest-5-million-euros-in-construction-of-quantum-computing-facility (1/1), chunk 23/37
[08:27:11 +3m 54s | thequantuminsider_2023_09_25_partec_to_invest_5_million_euros_in_construction_of_quantum_f55c991a] Repaired malformed JSON.
[08:27:11 +3m 54s | thequantuminsider_2023_09_25_partec_to_invest_5_million_euros_in_construction_of_quantum_f55c991a] Extracting actors: https://thequantuminsider.com/2023/09/25/partec-to-invest-5-million-euros-in-construction-of-quantum-computing-facility (1/1), chunk 24/37
[08:27:21 +4m 4s | thequantuminsider_2023_09_25_partec_to_invest_5_million_euros_in_construction_of_quantum_f55c991a] Repaired malformed JSON.
[08:27:21 +4m 4s | thequantuminsider_2023_09_25_partec_to_invest_5_million_euros_in_construction_of_quantum_f55c991a] Extracting actors: https://thequantuminsider.com/2023/09/25/partec-to-invest-5-million-euros-in-construction-of-quantum-computing-facility (1/1), chunk 25/37
[08:27:43 +4m 27s | thequantuminsider_2023_09_25_partec_to_invest_5_million_euros_in_construction_of_quantum_f55c991a] Extracting actors: https://thequantuminsider.com/2023/09/25/partec-to-invest-5-million-euros-in-construction-of-quantum-computing-facility (1/1), chunk 26/37
[08:27:52 +4m 36s | thequantuminsider_2023_09_25_partec_to_invest_5_million_euros_in_construction_of_quantum_f55c991a] Repaired malformed JSON.
[08:27:52 +4m 36s | thequantuminsider_2023_09_25_partec_to_invest_5_million_euros_in_construction_of_quantum_f55c991a] Extracting actors: https://thequantuminsider.com/2023/09/25/partec-to-invest-5-million-euros-in-construction-of-quantum-computing-facility (1/1), chunk 27/37
[08:28:01 +4m 48s | thequantuminsider_2023_09_25_partec_to_invest_5_million_euros_in_construction_of_quantum_f55c991a] Extracting actors: https://thequantuminsider.com/2023/09/25/partec-to-invest-5-million-euros-in-construction-of-quantum-computing-facility (1/1), chunk 28/37
[08:28:07 +4m 54s | thequantuminsider_2023_09_25_partec_to_invest_5_million_euros_in_construction_of_quantum_f55c991a] Extracting actors: https://thequantuminsider.com/2023/09/25/partec-to-invest-5-million-euros-in-construction-of-quantum-computing-facility (1/1), chunk 29/37
[08:28:19 +5m 7s | thequantuminsider_2023_09_25_partec_to_invest_5_million_euros_in_construction_of_quantum_f55c991a] Repaired malformed JSON.
[08:28:19 +5m 7s | thequantuminsider_2023_09_25_partec_to_invest_5_million_euros_in_construction_of_quantum_f55c991a] Extracting actors: https://thequantuminsider.com/2023/09/25/partec-to-invest-5-million-euros-in-construction-of-quantum-computing-facility (1/1), chunk 30/37
[08:28:27 +5m 17s | thequantuminsider_2023_09_25_partec_to_invest_5_million_euros_in_construction_of_quantum_f55c991a] Repaired malformed JSON.
[08:28:27 +5m 17s | thequantuminsider_2023_09_25_partec_to_invest_5_million_euros_in_construction_of_quantum_f55c991a] Extracting actors: https://thequantuminsider.com/2023/09/25/partec-to-invest-5-million-euros-in-construction-of-quantum-computing-facility (1/1), chunk 31/37
[08:28:37 +5m 26s | thequantuminsider_2023_09_25_partec_to_invest_5_million_euros_in_construction_of_quantum_f55c991a] Repaired malformed JSON.
[08:28:37 +5m 26s | thequantuminsider_2023_09_25_partec_to_invest_5_million_euros_in_construction_of_quantum_f55c991a] Extracting actors: https://thequantuminsider.com/2023/09/25/partec-to-invest-5-million-euros-in-construction-of-quantum-computing-facility (1/1), chunk 32/37
[08:28:54 +5m 46s | thequantuminsider_2023_09_25_partec_to_invest_5_million_euros_in_construction_of_quantum_f55c991a] Extracting actors: https://thequantuminsider.com/2023/09/25/partec-to-invest-5-million-euros-in-construction-of-quantum-computing-facility (1/1), chunk 33/37
[08:29:02 +5m 54s | thequantuminsider_2023_09_25_partec_to_invest_5_million_euros_in_construction_of_quantum_f55c991a] Repaired malformed JSON.
[08:29:02 +5m 54s | thequantuminsider_2023_09_25_partec_to_invest_5_million_euros_in_construction_of_quantum_f55c991a] Extracting actors: https://thequantuminsider.com/2023/09/25/partec-to-invest-5-million-euros-in-construction-of-quantum-computing-facility (1/1), chunk 34/37
[08:29:10 +6m 2s | thequantuminsider_2023_09_25_partec_to_invest_5_million_euros_in_construction_of_quantum_f55c991a] Repaired malformed JSON.
[08:29:10 +6m 2s | thequantuminsider_2023_09_25_partec_to_invest_5_million_euros_in_construction_of_quantum_f55c991a] Extracting actors: https://thequantuminsider.com/2023/09/25/partec-to-invest-5-million-euros-in-construction-of-quantum-computing-facility (1/1), chunk 35/37
[08:29:17 +6m 10s | thequantuminsider_2023_09_25_partec_to_invest_5_million_euros_in_construction_of_quantum_f55c991a] Repaired malformed JSON.
[08:29:17 +6m 10s | thequantuminsider_2023_09_25_partec_to_invest_5_million_euros_in_construction_of_quantum_f55c991a] Extracting actors: https://thequantuminsider.com/2023/09/25/partec-to-invest-5-million-euros-in-construction-of-quantum-computing-facility (1/1), chunk 36/37
[08:29:24 +6m 18s | thequantuminsider_2023_09_25_partec_to_invest_5_million_euros_in_construction_of_quantum_f55c991a] Repaired malformed JSON.
[08:29:24 +6m 18s | thequantuminsider_2023_09_25_partec_to_invest_5_million_euros_in_construction_of_quantum_f55c991a] Extracting actors: https://thequantuminsider.com/2023/09/25/partec-to-invest-5-million-euros-in-construction-of-quantum-computing-facility (1/1), chunk 37/37
[08:29:34 +6m 29s | thequantuminsider_2023_09_25_partec_to_invest_5_million_euros_in_construction_of_quantum_f55c991a] Saved 1_actor_results.json with 55 extracted records

[08:29:34 +6m 29s | thequantuminsider_2023_09_25_partec_to_invest_5_million_euros_in_construction_of_quantum_f55c991a] === 2 clean actors ===
[08:29:34 +6m 29s | thequantuminsider_2023_09_25_partec_to_invest_5_million_euros_in_construction_of_quantum_f55c991a] Loaded 55 extracted records
[08:29:34 +6m 29s | thequantuminsider_2023_09_25_partec_to_invest_5_million_euros_in_construction_of_quantum_f55c991a] Saved 2_actor_nodes.json with 20 canonical actor nodes

[08:29:34 +6m 29s | thequantuminsider_2023_09_25_partec_to_invest_5_million_euros_in_construction_of_quantum_f55c991a] === 3 interaction extraction ===
[08:29:34 +6m 29s | thequantuminsider_2023_09_25_partec_to_invest_5_million_euros_in_construction_of_quantum_f55c991a] Extracting interactions: https://thequantuminsider.com/2023/09/25/partec-to-invest-5-million-euros-in-construction-of-quantum-computing-facility (1/1), chunk 11/37
[08:29:39 +6m 34s | thequantuminsider_2023_09_25_partec_to_invest_5_million_euros_in_construction_of_quantum_f55c991a] Extracting interactions: https://thequantuminsider.com/2023/09/25/partec-to-invest-5-million-euros-in-construction-of-quantum-computing-facility (1/1), chunk 12/37
[08:29:49 +6m 44s | thequantuminsider_2023_09_25_partec_to_invest_5_million_euros_in_construction_of_quantum_f55c991a] Extracting interactions: https://thequantuminsider.com/2023/09/25/partec-to-invest-5-million-euros-in-construction-of-quantum-computing-facility (1/1), chunk 13/37
[08:29:57 +6m 55s | thequantuminsider_2023_09_25_partec_to_invest_5_million_euros_in_construction_of_quantum_f55c991a] Extracting interactions: https://thequantuminsider.com/2023/09/25/partec-to-invest-5-million-euros-in-construction-of-quantum-computing-facility (1/1), chunk 14/37
[08:30:12 +7m 9s | thequantuminsider_2023_09_25_partec_to_invest_5_million_euros_in_construction_of_quantum_f55c991a] Extracting interactions: https://thequantuminsider.com/2023/09/25/partec-to-invest-5-million-euros-in-construction-of-quantum-computing-facility (1/1), chunk 15/37
[08:30:25 +7m 25s | thequantuminsider_2023_09_25_partec_to_invest_5_million_euros_in_construction_of_quantum_f55c991a] Extracting interactions: https://thequantuminsider.com/2023/09/25/partec-to-invest-5-million-euros-in-construction-of-quantum-computing-facility (1/1), chunk 16/37
[08:30:30 +7m 30s | thequantuminsider_2023_09_25_partec_to_invest_5_million_euros_in_construction_of_quantum_f55c991a] Extracting interactions: https://thequantuminsider.com/2023/09/25/partec-to-invest-5-million-euros-in-construction-of-quantum-computing-facility (1/1), chunk 17/37
[08:30:32 +7m 32s | thequantuminsider_2023_09_25_partec_to_invest_5_million_euros_in_construction_of_quantum_f55c991a] Extracting interactions: https://thequantuminsider.com/2023/09/25/partec-to-invest-5-million-euros-in-construction-of-quantum-computing-facility (1/1), chunk 18/37
[08:30:35 +7m 35s | thequantuminsider_2023_09_25_partec_to_invest_5_million_euros_in_construction_of_quantum_f55c991a] Extracting interactions: https://thequantuminsider.com/2023/09/25/partec-to-invest-5-million-euros-in-construction-of-quantum-computing-facility (1/1), chunk 19/37
[08:30:54 +7m 56s | thequantuminsider_2023_09_25_partec_to_invest_5_million_euros_in_construction_of_quantum_f55c991a] Extracting interactions: https://thequantuminsider.com/2023/09/25/partec-to-invest-5-million-euros-in-construction-of-quantum-computing-facility (1/1), chunk 20/37
[08:31:20 +8m 23s | thequantuminsider_2023_09_25_partec_to_invest_5_million_euros_in_construction_of_quantum_f55c991a] Extracting interactions: https://thequantuminsider.com/2023/09/25/partec-to-invest-5-million-euros-in-construction-of-quantum-computing-facility (1/1), chunk 21/37
[08:31:42 +8m 47s | thequantuminsider_2023_09_25_partec_to_invest_5_million_euros_in_construction_of_quantum_f55c991a] Extracting interactions: https://thequantuminsider.com/2023/09/25/partec-to-invest-5-million-euros-in-construction-of-quantum-computing-facility (1/1), chunk 22/37
[08:31:48 +8m 53s | thequantuminsider_2023_09_25_partec_to_invest_5_million_euros_in_construction_of_quantum_f55c991a] Extracting interactions: https://thequantuminsider.com/2023/09/25/partec-to-invest-5-million-euros-in-construction-of-quantum-computing-facility (1/1), chunk 23/37
[08:31:54 +8m 59s | thequantuminsider_2023_09_25_partec_to_invest_5_million_euros_in_construction_of_quantum_f55c991a] Extracting interactions: https://thequantuminsider.com/2023/09/25/partec-to-invest-5-million-euros-in-construction-of-quantum-computing-facility (1/1), chunk 25/37
[08:31:53 +9m 0s | thequantuminsider_2023_09_25_partec_to_invest_5_million_euros_in_construction_of_quantum_f55c991a] Extracting interactions: https://thequantuminsider.com/2023/09/25/partec-to-invest-5-million-euros-in-construction-of-quantum-computing-facility (1/1), chunk 26/37
[08:31:58 +9m 6s | thequantuminsider_2023_09_25_partec_to_invest_5_million_euros_in_construction_of_quantum_f55c991a] Extracting interactions: https://thequantuminsider.com/2023/09/25/partec-to-invest-5-million-euros-in-construction-of-quantum-computing-facility (1/1), chunk 30/37
[08:32:00 +9m 7s | thequantuminsider_2023_09_25_partec_to_invest_5_million_euros_in_construction_of_quantum_f55c991a] Extracting interactions: https://thequantuminsider.com/2023/09/25/partec-to-invest-5-million-euros-in-construction-of-quantum-computing-facility (1/1), chunk 31/37
[08:32:02 +9m 9s | thequantuminsider_2023_09_25_partec_to_invest_5_million_euros_in_construction_of_quantum_f55c991a] Extracting interactions: https://thequantuminsider.com/2023/09/25/partec-to-invest-5-million-euros-in-construction-of-quantum-computing-facility (1/1), chunk 35/37
[08:32:04 +9m 12s | thequantuminsider_2023_09_25_partec_to_invest_5_million_euros_in_construction_of_quantum_f55c991a] Extracting interactions: https://thequantuminsider.com/2023/09/25/partec-to-invest-5-million-euros-in-construction-of-quantum-computing-facility (1/1), chunk 36/37
[08:32:13 +9m 20s | thequantuminsider_2023_09_25_partec_to_invest_5_million_euros_in_construction_of_quantum_f55c991a] Saved 3_interaction_results.json with 17 extracted interactions.

[08:32:13 +9m 20s | thequantuminsider_2023_09_25_partec_to_invest_5_million_euros_in_construction_of_quantum_f55c991a] === 4 clean interactions ===
[08:32:13 +9m 20s | thequantuminsider_2023_09_25_partec_to_invest_5_million_euros_in_construction_of_quantum_f55c991a] Saved 4_edges.json with 7 cleaned interactions.

[08:32:13 +9m 20s | thequantuminsider_2023_09_25_partec_to_invest_5_million_euros_in_construction_of_quantum_f55c991a] === 5 helix enrichment ===
[08:32:13 +9m 20s | thequantuminsider_2023_09_25_partec_to_invest_5_million_euros_in_construction_of_quantum_f55c991a] Wrote 5_nodes.json (20 actors)
[08:32:13 +9m 20s | thequantuminsider_2023_09_25_partec_to_invest_5_million_euros_in_construction_of_quantum_f55c991a] Wrote 5_edges.json (7 interactions)
[08:32:13 +9m 20s | thequantuminsider_2023_09_25_partec_to_invest_5_million_euros_in_construction_of_quantum_f55c991a] Actor helix counts: {'Academia': 1, 'Civil Society': 4, 'Government': 1, 'Industry': 6, 'Intermediary': 1, 'Unknown': 7}
[08:32:13 +9m 20s | thequantuminsider_2023_09_25_partec_to_invest_5_million_euros_in_construction_of_quantum_f55c991a] Functional-space counts: {'Consensus': 2, 'Intra-helix / Not classified': 4, 'Unknown': 1}

[08:32:13 +9m 20s | thequantuminsider_2023_09_25_partec_to_invest_5_million_euros_in_construction_of_quantum_f55c991a] === 6 network visualisation ===
[08:32:13 +9m 21s | thequantuminsider_2023_09_25_partec_to_invest_5_million_euros_in_construction_of_quantum_f55c991a] Wrote quantum_network.html
[08:32:13 +9m 21s | thequantuminsider_2023_09_25_partec_to_invest_5_million_euros_in_construction_of_quantum_f55c991a] Nodes: 20
[08:32:13 +9m 21s | thequantuminsider_2023_09_25_partec_to_invest_5_million_euros_in_construction_of_quantum_f55c991a] Edges: 5

[08:32:13 +9m 21s | thequantuminsider_2023_09_25_partec_to_invest_5_million_euros_in_construction_of_quantum_f55c991a] Done. Outputs written to: /home/lv/IDP/idpdeeptech/pipeline/news_outputs/thequantuminsider_2023_09_25_partec_to_invest_5_million_euros_in_construction_of_quantum_f55c991a
[08:32:13 +9m 21s | thequantuminsider_2023_09_25_partec_to_invest_5_million_euros_in_construction_of_quantum_f55c991a] Log: /home/lv/IDP/idpdeeptech/pipeline/news_outputs/thequantuminsider_2023_09_25_partec_to_invest_5_million_euros_in_construction_of_quantum_f55c991a/run.log

========================================================================
RUN FINISHED 2026-07-05 08:32:13  (OK)
Started:     2026-07-05 08:23:36
Elapsed:     9m 21s
========================================================================
