
========================================================================
RUN STARTED  2026-07-05 07:20:10
site_pipeline.py https://thequantuminsider.com/2023/09/28/seeqc-announces-digital-chip-based-collaboration-with-nvidia-to-accelerate-quantum-supercomputing/
========================================================================

[07:20:10 +0s | thequantuminsider_2023_09_28_seeqc_announces_digital_chip_based_collaboration_with_nvidia_db7febaf] === 0 crawl site ===
[07:20:11 +1s | thequantuminsider_2023_09_28_seeqc_announces_digital_chip_based_collaboration_with_nvidia_db7febaf] [INIT].... → Crawl4AI 0.8.6 
[07:20:14 +4s | thequantuminsider_2023_09_28_seeqc_announces_digital_chip_based_collaboration_with_nvidia_db7febaf] [FETCH]... ↓ https://thequantuminsider.com/2023/09/28/seeqc-a...ith-nvidia-to-accelerate-quantum-supercomputing/  | ✓ | ⏱: 2.50s 
[07:20:14 +4s | thequantuminsider_2023_09_28_seeqc_announces_digital_chip_based_collaboration_with_nvidia_db7febaf] [SCRAPE].. ◆ https://thequantuminsider.com/2023/09/28/seeqc-a...ith-nvidia-to-accelerate-quantum-supercomputing/  | ✓ | ⏱: 0.13s 
[07:20:14 +4s | thequantuminsider_2023_09_28_seeqc_announces_digital_chip_based_collaboration_with_nvidia_db7febaf] [COMPLETE] ● https://thequantuminsider.com/2023/09/28/seeqc-a...ith-nvidia-to-accelerate-quantum-supercomputing/  | ✓ | ⏱: 2.65s 
[07:20:14 +4s | thequantuminsider_2023_09_28_seeqc_announces_digital_chip_based_collaboration_with_nvidia_db7febaf] Saved: crawl_output/959346f427_thequantuminsider.com_2023_09_28_seeqc-announces-digital-chip-based-collaboration-with-nvidia-to-accelerate-quantum-supercomputing.json

[07:20:14 +4s | thequantuminsider_2023_09_28_seeqc_announces_digital_chip_based_collaboration_with_nvidia_db7febaf] === 1 actor extraction ===
[07:20:14 +5s | thequantuminsider_2023_09_28_seeqc_announces_digital_chip_based_collaboration_with_nvidia_db7febaf] Reading page (1/1): https://thequantuminsider.com/2023/09/28/seeqc-announces-digital-chip-based-collaboration-with-nvidia-to-accelerate-quantum-supercomputing
[07:20:14 +5s | thequantuminsider_2023_09_28_seeqc_announces_digital_chip_based_collaboration_with_nvidia_db7febaf] Extracting actors: https://thequantuminsider.com/2023/09/28/seeqc-announces-digital-chip-based-collaboration-with-nvidia-to-accelerate-quantum-supercomputing (1/1), chunk 1/38
[07:20:22 +15s | thequantuminsider_2023_09_28_seeqc_announces_digital_chip_based_collaboration_with_nvidia_db7febaf] Repaired malformed JSON.
[07:20:22 +15s | thequantuminsider_2023_09_28_seeqc_announces_digital_chip_based_collaboration_with_nvidia_db7febaf] Extracting actors: https://thequantuminsider.com/2023/09/28/seeqc-announces-digital-chip-based-collaboration-with-nvidia-to-accelerate-quantum-supercomputing (1/1), chunk 2/38
[07:20:31 +24s | thequantuminsider_2023_09_28_seeqc_announces_digital_chip_based_collaboration_with_nvidia_db7febaf] Repaired malformed JSON.
[07:20:31 +24s | thequantuminsider_2023_09_28_seeqc_announces_digital_chip_based_collaboration_with_nvidia_db7febaf] Extracting actors: https://thequantuminsider.com/2023/09/28/seeqc-announces-digital-chip-based-collaboration-with-nvidia-to-accelerate-quantum-supercomputing (1/1), chunk 3/38
[07:20:37 +30s | thequantuminsider_2023_09_28_seeqc_announces_digital_chip_based_collaboration_with_nvidia_db7febaf] Extracting actors: https://thequantuminsider.com/2023/09/28/seeqc-announces-digital-chip-based-collaboration-with-nvidia-to-accelerate-quantum-supercomputing (1/1), chunk 4/38
[07:20:48 +41s | thequantuminsider_2023_09_28_seeqc_announces_digital_chip_based_collaboration_with_nvidia_db7febaf] Repaired malformed JSON.
[07:20:48 +41s | thequantuminsider_2023_09_28_seeqc_announces_digital_chip_based_collaboration_with_nvidia_db7febaf] Extracting actors: https://thequantuminsider.com/2023/09/28/seeqc-announces-digital-chip-based-collaboration-with-nvidia-to-accelerate-quantum-supercomputing (1/1), chunk 5/38
[07:20:55 +50s | thequantuminsider_2023_09_28_seeqc_announces_digital_chip_based_collaboration_with_nvidia_db7febaf] Repaired malformed JSON.
[07:20:55 +50s | thequantuminsider_2023_09_28_seeqc_announces_digital_chip_based_collaboration_with_nvidia_db7febaf] Extracting actors: https://thequantuminsider.com/2023/09/28/seeqc-announces-digital-chip-based-collaboration-with-nvidia-to-accelerate-quantum-supercomputing (1/1), chunk 6/38
[07:21:02 +57s | thequantuminsider_2023_09_28_seeqc_announces_digital_chip_based_collaboration_with_nvidia_db7febaf] Extracting actors: https://thequantuminsider.com/2023/09/28/seeqc-announces-digital-chip-based-collaboration-with-nvidia-to-accelerate-quantum-supercomputing (1/1), chunk 7/38
[07:21:09 +1m 3s | thequantuminsider_2023_09_28_seeqc_announces_digital_chip_based_collaboration_with_nvidia_db7febaf] Extracting actors: https://thequantuminsider.com/2023/09/28/seeqc-announces-digital-chip-based-collaboration-with-nvidia-to-accelerate-quantum-supercomputing (1/1), chunk 8/38
[07:21:17 +1m 12s | thequantuminsider_2023_09_28_seeqc_announces_digital_chip_based_collaboration_with_nvidia_db7febaf] Repaired malformed JSON.
[07:21:17 +1m 12s | thequantuminsider_2023_09_28_seeqc_announces_digital_chip_based_collaboration_with_nvidia_db7febaf] Extracting actors: https://thequantuminsider.com/2023/09/28/seeqc-announces-digital-chip-based-collaboration-with-nvidia-to-accelerate-quantum-supercomputing (1/1), chunk 9/38
[07:21:22 +1m 19s | thequantuminsider_2023_09_28_seeqc_announces_digital_chip_based_collaboration_with_nvidia_db7febaf] Repaired malformed JSON.
[07:21:22 +1m 19s | thequantuminsider_2023_09_28_seeqc_announces_digital_chip_based_collaboration_with_nvidia_db7febaf] Extracting actors: https://thequantuminsider.com/2023/09/28/seeqc-announces-digital-chip-based-collaboration-with-nvidia-to-accelerate-quantum-supercomputing (1/1), chunk 10/38
[07:21:29 +1m 26s | thequantuminsider_2023_09_28_seeqc_announces_digital_chip_based_collaboration_with_nvidia_db7febaf] Extracting actors: https://thequantuminsider.com/2023/09/28/seeqc-announces-digital-chip-based-collaboration-with-nvidia-to-accelerate-quantum-supercomputing (1/1), chunk 11/38
[07:21:36 +1m 33s | thequantuminsider_2023_09_28_seeqc_announces_digital_chip_based_collaboration_with_nvidia_db7febaf] Repaired malformed JSON.
[07:21:36 +1m 33s | thequantuminsider_2023_09_28_seeqc_announces_digital_chip_based_collaboration_with_nvidia_db7febaf] Extracting actors: https://thequantuminsider.com/2023/09/28/seeqc-announces-digital-chip-based-collaboration-with-nvidia-to-accelerate-quantum-supercomputing (1/1), chunk 12/38
[07:21:44 +1m 41s | thequantuminsider_2023_09_28_seeqc_announces_digital_chip_based_collaboration_with_nvidia_db7febaf] Repaired malformed JSON.
[07:21:44 +1m 41s | thequantuminsider_2023_09_28_seeqc_announces_digital_chip_based_collaboration_with_nvidia_db7febaf] Extracting actors: https://thequantuminsider.com/2023/09/28/seeqc-announces-digital-chip-based-collaboration-with-nvidia-to-accelerate-quantum-supercomputing (1/1), chunk 13/38
[07:21:49 +1m 49s | thequantuminsider_2023_09_28_seeqc_announces_digital_chip_based_collaboration_with_nvidia_db7febaf] Repaired malformed JSON.
[07:21:49 +1m 49s | thequantuminsider_2023_09_28_seeqc_announces_digital_chip_based_collaboration_with_nvidia_db7febaf] Extracting actors: https://thequantuminsider.com/2023/09/28/seeqc-announces-digital-chip-based-collaboration-with-nvidia-to-accelerate-quantum-supercomputing (1/1), chunk 14/38
[07:22:25 +2m 26s | thequantuminsider_2023_09_28_seeqc_announces_digital_chip_based_collaboration_with_nvidia_db7febaf] Repaired malformed JSON.
[07:22:25 +2m 26s | thequantuminsider_2023_09_28_seeqc_announces_digital_chip_based_collaboration_with_nvidia_db7febaf] Extracting actors: https://thequantuminsider.com/2023/09/28/seeqc-announces-digital-chip-based-collaboration-with-nvidia-to-accelerate-quantum-supercomputing (1/1), chunk 15/38
[07:22:34 +2m 36s | thequantuminsider_2023_09_28_seeqc_announces_digital_chip_based_collaboration_with_nvidia_db7febaf] Repaired malformed JSON.
[07:22:34 +2m 36s | thequantuminsider_2023_09_28_seeqc_announces_digital_chip_based_collaboration_with_nvidia_db7febaf] Extracting actors: https://thequantuminsider.com/2023/09/28/seeqc-announces-digital-chip-based-collaboration-with-nvidia-to-accelerate-quantum-supercomputing (1/1), chunk 16/38
[07:22:43 +2m 45s | thequantuminsider_2023_09_28_seeqc_announces_digital_chip_based_collaboration_with_nvidia_db7febaf] Repaired malformed JSON.
[07:22:43 +2m 45s | thequantuminsider_2023_09_28_seeqc_announces_digital_chip_based_collaboration_with_nvidia_db7febaf] Extracting actors: https://thequantuminsider.com/2023/09/28/seeqc-announces-digital-chip-based-collaboration-with-nvidia-to-accelerate-quantum-supercomputing (1/1), chunk 17/38
[07:22:49 +2m 53s | thequantuminsider_2023_09_28_seeqc_announces_digital_chip_based_collaboration_with_nvidia_db7febaf] Repaired malformed JSON.
[07:22:49 +2m 53s | thequantuminsider_2023_09_28_seeqc_announces_digital_chip_based_collaboration_with_nvidia_db7febaf] Extracting actors: https://thequantuminsider.com/2023/09/28/seeqc-announces-digital-chip-based-collaboration-with-nvidia-to-accelerate-quantum-supercomputing (1/1), chunk 18/38
[07:23:00 +3m 4s | thequantuminsider_2023_09_28_seeqc_announces_digital_chip_based_collaboration_with_nvidia_db7febaf] Repaired malformed JSON.
[07:23:00 +3m 4s | thequantuminsider_2023_09_28_seeqc_announces_digital_chip_based_collaboration_with_nvidia_db7febaf] Extracting actors: https://thequantuminsider.com/2023/09/28/seeqc-announces-digital-chip-based-collaboration-with-nvidia-to-accelerate-quantum-supercomputing (1/1), chunk 19/38
[07:23:09 +3m 13s | thequantuminsider_2023_09_28_seeqc_announces_digital_chip_based_collaboration_with_nvidia_db7febaf] Repaired malformed JSON.
[07:23:09 +3m 13s | thequantuminsider_2023_09_28_seeqc_announces_digital_chip_based_collaboration_with_nvidia_db7febaf] Extracting actors: https://thequantuminsider.com/2023/09/28/seeqc-announces-digital-chip-based-collaboration-with-nvidia-to-accelerate-quantum-supercomputing (1/1), chunk 20/38
[07:23:18 +3m 22s | thequantuminsider_2023_09_28_seeqc_announces_digital_chip_based_collaboration_with_nvidia_db7febaf] Repaired malformed JSON.
[07:23:18 +3m 22s | thequantuminsider_2023_09_28_seeqc_announces_digital_chip_based_collaboration_with_nvidia_db7febaf] Extracting actors: https://thequantuminsider.com/2023/09/28/seeqc-announces-digital-chip-based-collaboration-with-nvidia-to-accelerate-quantum-supercomputing (1/1), chunk 21/38
[07:23:43 +3m 49s | thequantuminsider_2023_09_28_seeqc_announces_digital_chip_based_collaboration_with_nvidia_db7febaf] Repaired malformed JSON.
[07:23:43 +3m 49s | thequantuminsider_2023_09_28_seeqc_announces_digital_chip_based_collaboration_with_nvidia_db7febaf] Extracting actors: https://thequantuminsider.com/2023/09/28/seeqc-announces-digital-chip-based-collaboration-with-nvidia-to-accelerate-quantum-supercomputing (1/1), chunk 22/38
[07:24:09 +4m 17s | thequantuminsider_2023_09_28_seeqc_announces_digital_chip_based_collaboration_with_nvidia_db7febaf] Repaired malformed JSON.
[07:24:09 +4m 17s | thequantuminsider_2023_09_28_seeqc_announces_digital_chip_based_collaboration_with_nvidia_db7febaf] Extracting actors: https://thequantuminsider.com/2023/09/28/seeqc-announces-digital-chip-based-collaboration-with-nvidia-to-accelerate-quantum-supercomputing (1/1), chunk 23/38
[07:24:19 +4m 30s | thequantuminsider_2023_09_28_seeqc_announces_digital_chip_based_collaboration_with_nvidia_db7febaf] Repaired malformed JSON.
[07:24:19 +4m 30s | thequantuminsider_2023_09_28_seeqc_announces_digital_chip_based_collaboration_with_nvidia_db7febaf] Extracting actors: https://thequantuminsider.com/2023/09/28/seeqc-announces-digital-chip-based-collaboration-with-nvidia-to-accelerate-quantum-supercomputing (1/1), chunk 24/38
[07:24:28 +4m 39s | thequantuminsider_2023_09_28_seeqc_announces_digital_chip_based_collaboration_with_nvidia_db7febaf] Repaired malformed JSON.
[07:24:28 +4m 39s | thequantuminsider_2023_09_28_seeqc_announces_digital_chip_based_collaboration_with_nvidia_db7febaf] Extracting actors: https://thequantuminsider.com/2023/09/28/seeqc-announces-digital-chip-based-collaboration-with-nvidia-to-accelerate-quantum-supercomputing (1/1), chunk 25/38
[07:24:54 +5m 7s | thequantuminsider_2023_09_28_seeqc_announces_digital_chip_based_collaboration_with_nvidia_db7febaf] Repaired malformed JSON.
[07:24:54 +5m 7s | thequantuminsider_2023_09_28_seeqc_announces_digital_chip_based_collaboration_with_nvidia_db7febaf] Extracting actors: https://thequantuminsider.com/2023/09/28/seeqc-announces-digital-chip-based-collaboration-with-nvidia-to-accelerate-quantum-supercomputing (1/1), chunk 26/38
[07:25:03 +5m 17s | thequantuminsider_2023_09_28_seeqc_announces_digital_chip_based_collaboration_with_nvidia_db7febaf] Repaired malformed JSON.
[07:25:03 +5m 17s | thequantuminsider_2023_09_28_seeqc_announces_digital_chip_based_collaboration_with_nvidia_db7febaf] Extracting actors: https://thequantuminsider.com/2023/09/28/seeqc-announces-digital-chip-based-collaboration-with-nvidia-to-accelerate-quantum-supercomputing (1/1), chunk 27/38
[07:25:10 +5m 23s | thequantuminsider_2023_09_28_seeqc_announces_digital_chip_based_collaboration_with_nvidia_db7febaf] Repaired malformed JSON.
[07:25:10 +5m 23s | thequantuminsider_2023_09_28_seeqc_announces_digital_chip_based_collaboration_with_nvidia_db7febaf] Extracting actors: https://thequantuminsider.com/2023/09/28/seeqc-announces-digital-chip-based-collaboration-with-nvidia-to-accelerate-quantum-supercomputing (1/1), chunk 28/38
[07:25:11 +5m 25s | thequantuminsider_2023_09_28_seeqc_announces_digital_chip_based_collaboration_with_nvidia_db7febaf] Extracting actors: https://thequantuminsider.com/2023/09/28/seeqc-announces-digital-chip-based-collaboration-with-nvidia-to-accelerate-quantum-supercomputing (1/1), chunk 29/38
[07:25:13 +5m 26s | thequantuminsider_2023_09_28_seeqc_announces_digital_chip_based_collaboration_with_nvidia_db7febaf] Extracting actors: https://thequantuminsider.com/2023/09/28/seeqc-announces-digital-chip-based-collaboration-with-nvidia-to-accelerate-quantum-supercomputing (1/1), chunk 30/38
[07:25:21 +5m 37s | thequantuminsider_2023_09_28_seeqc_announces_digital_chip_based_collaboration_with_nvidia_db7febaf] Repaired malformed JSON.
[07:25:21 +5m 37s | thequantuminsider_2023_09_28_seeqc_announces_digital_chip_based_collaboration_with_nvidia_db7febaf] Extracting actors: https://thequantuminsider.com/2023/09/28/seeqc-announces-digital-chip-based-collaboration-with-nvidia-to-accelerate-quantum-supercomputing (1/1), chunk 31/38
[07:25:30 +5m 45s | thequantuminsider_2023_09_28_seeqc_announces_digital_chip_based_collaboration_with_nvidia_db7febaf] Repaired malformed JSON.
[07:25:30 +5m 45s | thequantuminsider_2023_09_28_seeqc_announces_digital_chip_based_collaboration_with_nvidia_db7febaf] Extracting actors: https://thequantuminsider.com/2023/09/28/seeqc-announces-digital-chip-based-collaboration-with-nvidia-to-accelerate-quantum-supercomputing (1/1), chunk 32/38
[07:25:38 +5m 54s | thequantuminsider_2023_09_28_seeqc_announces_digital_chip_based_collaboration_with_nvidia_db7febaf] Repaired malformed JSON.
[07:25:38 +5m 54s | thequantuminsider_2023_09_28_seeqc_announces_digital_chip_based_collaboration_with_nvidia_db7febaf] Extracting actors: https://thequantuminsider.com/2023/09/28/seeqc-announces-digital-chip-based-collaboration-with-nvidia-to-accelerate-quantum-supercomputing (1/1), chunk 33/38
[07:25:48 +6m 3s | thequantuminsider_2023_09_28_seeqc_announces_digital_chip_based_collaboration_with_nvidia_db7febaf] Repaired malformed JSON.
[07:25:48 +6m 3s | thequantuminsider_2023_09_28_seeqc_announces_digital_chip_based_collaboration_with_nvidia_db7febaf] Extracting actors: https://thequantuminsider.com/2023/09/28/seeqc-announces-digital-chip-based-collaboration-with-nvidia-to-accelerate-quantum-supercomputing (1/1), chunk 34/38
[07:25:54 +6m 12s | thequantuminsider_2023_09_28_seeqc_announces_digital_chip_based_collaboration_with_nvidia_db7febaf] Repaired malformed JSON.
[07:25:54 +6m 12s | thequantuminsider_2023_09_28_seeqc_announces_digital_chip_based_collaboration_with_nvidia_db7febaf] Extracting actors: https://thequantuminsider.com/2023/09/28/seeqc-announces-digital-chip-based-collaboration-with-nvidia-to-accelerate-quantum-supercomputing (1/1), chunk 35/38
[07:26:04 +6m 22s | thequantuminsider_2023_09_28_seeqc_announces_digital_chip_based_collaboration_with_nvidia_db7febaf] Repaired malformed JSON.
[07:26:04 +6m 22s | thequantuminsider_2023_09_28_seeqc_announces_digital_chip_based_collaboration_with_nvidia_db7febaf] Extracting actors: https://thequantuminsider.com/2023/09/28/seeqc-announces-digital-chip-based-collaboration-with-nvidia-to-accelerate-quantum-supercomputing (1/1), chunk 36/38
[07:26:05 +6m 23s | thequantuminsider_2023_09_28_seeqc_announces_digital_chip_based_collaboration_with_nvidia_db7febaf] Extracting actors: https://thequantuminsider.com/2023/09/28/seeqc-announces-digital-chip-based-collaboration-with-nvidia-to-accelerate-quantum-supercomputing (1/1), chunk 37/38
[07:26:30 +6m 50s | thequantuminsider_2023_09_28_seeqc_announces_digital_chip_based_collaboration_with_nvidia_db7febaf] Repaired malformed JSON.
[07:26:30 +6m 50s | thequantuminsider_2023_09_28_seeqc_announces_digital_chip_based_collaboration_with_nvidia_db7febaf] Extracting actors: https://thequantuminsider.com/2023/09/28/seeqc-announces-digital-chip-based-collaboration-with-nvidia-to-accelerate-quantum-supercomputing (1/1), chunk 38/38
[07:26:40 +7m 1s | thequantuminsider_2023_09_28_seeqc_announces_digital_chip_based_collaboration_with_nvidia_db7febaf] Repaired malformed JSON.
[07:26:40 +7m 1s | thequantuminsider_2023_09_28_seeqc_announces_digital_chip_based_collaboration_with_nvidia_db7febaf] Saved 1_actor_results.json with 63 extracted records

[07:26:40 +7m 1s | thequantuminsider_2023_09_28_seeqc_announces_digital_chip_based_collaboration_with_nvidia_db7febaf] === 2 clean actors ===
[07:26:41 +7m 1s | thequantuminsider_2023_09_28_seeqc_announces_digital_chip_based_collaboration_with_nvidia_db7febaf] Loaded 63 extracted records
[07:26:41 +7m 1s | thequantuminsider_2023_09_28_seeqc_announces_digital_chip_based_collaboration_with_nvidia_db7febaf] Saved 2_actor_nodes.json with 14 canonical actor nodes

[07:26:41 +7m 1s | thequantuminsider_2023_09_28_seeqc_announces_digital_chip_based_collaboration_with_nvidia_db7febaf] === 3 interaction extraction ===
[07:26:41 +7m 1s | thequantuminsider_2023_09_28_seeqc_announces_digital_chip_based_collaboration_with_nvidia_db7febaf] Extracting interactions: https://thequantuminsider.com/2023/09/28/seeqc-announces-digital-chip-based-collaboration-with-nvidia-to-accelerate-quantum-supercomputing (1/1), chunk 11/38
[07:26:49 +7m 10s | thequantuminsider_2023_09_28_seeqc_announces_digital_chip_based_collaboration_with_nvidia_db7febaf] Extracting interactions: https://thequantuminsider.com/2023/09/28/seeqc-announces-digital-chip-based-collaboration-with-nvidia-to-accelerate-quantum-supercomputing (1/1), chunk 12/38
[07:26:57 +7m 20s | thequantuminsider_2023_09_28_seeqc_announces_digital_chip_based_collaboration_with_nvidia_db7febaf] Extracting interactions: https://thequantuminsider.com/2023/09/28/seeqc-announces-digital-chip-based-collaboration-with-nvidia-to-accelerate-quantum-supercomputing (1/1), chunk 13/38
[07:27:13 +7m 36s | thequantuminsider_2023_09_28_seeqc_announces_digital_chip_based_collaboration_with_nvidia_db7febaf] Extracting interactions: https://thequantuminsider.com/2023/09/28/seeqc-announces-digital-chip-based-collaboration-with-nvidia-to-accelerate-quantum-supercomputing (1/1), chunk 14/38
[07:27:34 +7m 59s | thequantuminsider_2023_09_28_seeqc_announces_digital_chip_based_collaboration_with_nvidia_db7febaf] Extracting interactions: https://thequantuminsider.com/2023/09/28/seeqc-announces-digital-chip-based-collaboration-with-nvidia-to-accelerate-quantum-supercomputing (1/1), chunk 15/38
[07:29:19 +9m 51s | thequantuminsider_2023_09_28_seeqc_announces_digital_chip_based_collaboration_with_nvidia_db7febaf] Extracting interactions: https://thequantuminsider.com/2023/09/28/seeqc-announces-digital-chip-based-collaboration-with-nvidia-to-accelerate-quantum-supercomputing (1/1), chunk 16/38
[07:29:29 +10m 3s | thequantuminsider_2023_09_28_seeqc_announces_digital_chip_based_collaboration_with_nvidia_db7febaf] Extracting interactions: https://thequantuminsider.com/2023/09/28/seeqc-announces-digital-chip-based-collaboration-with-nvidia-to-accelerate-quantum-supercomputing (1/1), chunk 17/38
[07:29:33 +10m 7s | thequantuminsider_2023_09_28_seeqc_announces_digital_chip_based_collaboration_with_nvidia_db7febaf] Extracting interactions: https://thequantuminsider.com/2023/09/28/seeqc-announces-digital-chip-based-collaboration-with-nvidia-to-accelerate-quantum-supercomputing (1/1), chunk 18/38
[07:29:34 +10m 9s | thequantuminsider_2023_09_28_seeqc_announces_digital_chip_based_collaboration_with_nvidia_db7febaf] Extracting interactions: https://thequantuminsider.com/2023/09/28/seeqc-announces-digital-chip-based-collaboration-with-nvidia-to-accelerate-quantum-supercomputing (1/1), chunk 21/38
[07:29:36 +10m 10s | thequantuminsider_2023_09_28_seeqc_announces_digital_chip_based_collaboration_with_nvidia_db7febaf] Extracting interactions: https://thequantuminsider.com/2023/09/28/seeqc-announces-digital-chip-based-collaboration-with-nvidia-to-accelerate-quantum-supercomputing (1/1), chunk 22/38
[07:29:44 +10m 18s | thequantuminsider_2023_09_28_seeqc_announces_digital_chip_based_collaboration_with_nvidia_db7febaf] Extracting interactions: https://thequantuminsider.com/2023/09/28/seeqc-announces-digital-chip-based-collaboration-with-nvidia-to-accelerate-quantum-supercomputing (1/1), chunk 23/38
[07:29:45 +10m 20s | thequantuminsider_2023_09_28_seeqc_announces_digital_chip_based_collaboration_with_nvidia_db7febaf] Extracting interactions: https://thequantuminsider.com/2023/09/28/seeqc-announces-digital-chip-based-collaboration-with-nvidia-to-accelerate-quantum-supercomputing (1/1), chunk 26/38
[07:29:48 +10m 22s | thequantuminsider_2023_09_28_seeqc_announces_digital_chip_based_collaboration_with_nvidia_db7febaf] Extracting interactions: https://thequantuminsider.com/2023/09/28/seeqc-announces-digital-chip-based-collaboration-with-nvidia-to-accelerate-quantum-supercomputing (1/1), chunk 27/38
[07:29:52 +10m 29s | thequantuminsider_2023_09_28_seeqc_announces_digital_chip_based_collaboration_with_nvidia_db7febaf] Extracting interactions: https://thequantuminsider.com/2023/09/28/seeqc-announces-digital-chip-based-collaboration-with-nvidia-to-accelerate-quantum-supercomputing (1/1), chunk 28/38
[07:29:54 +10m 31s | thequantuminsider_2023_09_28_seeqc_announces_digital_chip_based_collaboration_with_nvidia_db7febaf] Extracting interactions: https://thequantuminsider.com/2023/09/28/seeqc-announces-digital-chip-based-collaboration-with-nvidia-to-accelerate-quantum-supercomputing (1/1), chunk 29/38
[07:29:56 +10m 32s | thequantuminsider_2023_09_28_seeqc_announces_digital_chip_based_collaboration_with_nvidia_db7febaf] Extracting interactions: https://thequantuminsider.com/2023/09/28/seeqc-announces-digital-chip-based-collaboration-with-nvidia-to-accelerate-quantum-supercomputing (1/1), chunk 31/38
[07:29:57 +10m 34s | thequantuminsider_2023_09_28_seeqc_announces_digital_chip_based_collaboration_with_nvidia_db7febaf] Extracting interactions: https://thequantuminsider.com/2023/09/28/seeqc-announces-digital-chip-based-collaboration-with-nvidia-to-accelerate-quantum-supercomputing (1/1), chunk 32/38
[07:29:59 +10m 36s | thequantuminsider_2023_09_28_seeqc_announces_digital_chip_based_collaboration_with_nvidia_db7febaf] Extracting interactions: https://thequantuminsider.com/2023/09/28/seeqc-announces-digital-chip-based-collaboration-with-nvidia-to-accelerate-quantum-supercomputing (1/1), chunk 33/38
[07:30:01 +10m 38s | thequantuminsider_2023_09_28_seeqc_announces_digital_chip_based_collaboration_with_nvidia_db7febaf] Extracting interactions: https://thequantuminsider.com/2023/09/28/seeqc-announces-digital-chip-based-collaboration-with-nvidia-to-accelerate-quantum-supercomputing (1/1), chunk 34/38
[07:30:03 +10m 40s | thequantuminsider_2023_09_28_seeqc_announces_digital_chip_based_collaboration_with_nvidia_db7febaf] Extracting interactions: https://thequantuminsider.com/2023/09/28/seeqc-announces-digital-chip-based-collaboration-with-nvidia-to-accelerate-quantum-supercomputing (1/1), chunk 35/38
[07:30:05 +10m 41s | thequantuminsider_2023_09_28_seeqc_announces_digital_chip_based_collaboration_with_nvidia_db7febaf] Extracting interactions: https://thequantuminsider.com/2023/09/28/seeqc-announces-digital-chip-based-collaboration-with-nvidia-to-accelerate-quantum-supercomputing (1/1), chunk 36/38
[07:30:06 +10m 43s | thequantuminsider_2023_09_28_seeqc_announces_digital_chip_based_collaboration_with_nvidia_db7febaf] Extracting interactions: https://thequantuminsider.com/2023/09/28/seeqc-announces-digital-chip-based-collaboration-with-nvidia-to-accelerate-quantum-supercomputing (1/1), chunk 37/38
[07:30:08 +10m 45s | thequantuminsider_2023_09_28_seeqc_announces_digital_chip_based_collaboration_with_nvidia_db7febaf] Saved 3_interaction_results.json with 24 extracted interactions.

[07:30:08 +10m 45s | thequantuminsider_2023_09_28_seeqc_announces_digital_chip_based_collaboration_with_nvidia_db7febaf] === 4 clean interactions ===
[07:30:08 +10m 45s | thequantuminsider_2023_09_28_seeqc_announces_digital_chip_based_collaboration_with_nvidia_db7febaf] Saved 4_edges.json with 11 cleaned interactions.

[07:30:08 +10m 45s | thequantuminsider_2023_09_28_seeqc_announces_digital_chip_based_collaboration_with_nvidia_db7febaf] === 5 helix enrichment ===
[07:30:08 +10m 45s | thequantuminsider_2023_09_28_seeqc_announces_digital_chip_based_collaboration_with_nvidia_db7febaf] Wrote 5_nodes.json (14 actors)
[07:30:08 +10m 45s | thequantuminsider_2023_09_28_seeqc_announces_digital_chip_based_collaboration_with_nvidia_db7febaf] Wrote 5_edges.json (11 interactions)
[07:30:08 +10m 45s | thequantuminsider_2023_09_28_seeqc_announces_digital_chip_based_collaboration_with_nvidia_db7febaf] Actor helix counts: {'Academia': 1, 'Civil Society': 5, 'Industry': 2, 'Unknown': 6}
[07:30:08 +10m 45s | thequantuminsider_2023_09_28_seeqc_announces_digital_chip_based_collaboration_with_nvidia_db7febaf] Functional-space counts: {'Intra-helix / Not classified': 11}

[07:30:08 +10m 45s | thequantuminsider_2023_09_28_seeqc_announces_digital_chip_based_collaboration_with_nvidia_db7febaf] === 6 network visualisation ===
[07:30:09 +10m 45s | thequantuminsider_2023_09_28_seeqc_announces_digital_chip_based_collaboration_with_nvidia_db7febaf] Wrote quantum_network.html
[07:30:09 +10m 45s | thequantuminsider_2023_09_28_seeqc_announces_digital_chip_based_collaboration_with_nvidia_db7febaf] Nodes: 14
[07:30:09 +10m 45s | thequantuminsider_2023_09_28_seeqc_announces_digital_chip_based_collaboration_with_nvidia_db7febaf] Edges: 2

[07:30:09 +10m 45s | thequantuminsider_2023_09_28_seeqc_announces_digital_chip_based_collaboration_with_nvidia_db7febaf] Done. Outputs written to: /home/lv/IDP/idpdeeptech/pipeline/news_outputs/thequantuminsider_2023_09_28_seeqc_announces_digital_chip_based_collaboration_with_nvidia_db7febaf
[07:30:09 +10m 45s | thequantuminsider_2023_09_28_seeqc_announces_digital_chip_based_collaboration_with_nvidia_db7febaf] Log: /home/lv/IDP/idpdeeptech/pipeline/news_outputs/thequantuminsider_2023_09_28_seeqc_announces_digital_chip_based_collaboration_with_nvidia_db7febaf/run.log

========================================================================
RUN FINISHED 2026-07-05 07:30:09  (OK)
Started:     2026-07-05 07:20:10
Elapsed:     10m 45s
========================================================================
