
========================================================================
RUN STARTED  2026-07-05 04:20:34
site_pipeline.py https://thequantuminsider.com/2023/11/02/nu-quantum-secures-7-million-to-build-networking-infrastructure-for-quantum-computers/
========================================================================

[04:20:34 +0s | thequantuminsider_2023_11_02_nu_quantum_secures_7_million_to_build_networking_infrastruct_6f779487] === 0 crawl site ===
[04:20:36 +1s | thequantuminsider_2023_11_02_nu_quantum_secures_7_million_to_build_networking_infrastruct_6f779487] [INIT].... → Crawl4AI 0.8.6 
[04:20:38 +3s | thequantuminsider_2023_11_02_nu_quantum_secures_7_million_to_build_networking_infrastruct_6f779487] [FETCH]... ↓ https://thequantuminsider.com/2023/11/02/nu-quan...networking-infrastructure-for-quantum-computers/  | ✓ | ⏱: 1.94s 
[04:20:38 +4s | thequantuminsider_2023_11_02_nu_quantum_secures_7_million_to_build_networking_infrastruct_6f779487] [SCRAPE].. ◆ https://thequantuminsider.com/2023/11/02/nu-quan...networking-infrastructure-for-quantum-computers/  | ✓ | ⏱: 0.13s 
[04:20:38 +4s | thequantuminsider_2023_11_02_nu_quantum_secures_7_million_to_build_networking_infrastruct_6f779487] [COMPLETE] ● https://thequantuminsider.com/2023/11/02/nu-quan...networking-infrastructure-for-quantum-computers/  | ✓ | ⏱: 2.08s 
[04:20:38 +4s | thequantuminsider_2023_11_02_nu_quantum_secures_7_million_to_build_networking_infrastruct_6f779487] Saved: crawl_output/8761d426df_thequantuminsider.com_2023_11_02_nu-quantum-secures-7-million-to-build-networking-infrastructure-for-quantum-computers.json

[04:20:38 +4s | thequantuminsider_2023_11_02_nu_quantum_secures_7_million_to_build_networking_infrastruct_6f779487] === 1 actor extraction ===
[04:20:36 +4s | thequantuminsider_2023_11_02_nu_quantum_secures_7_million_to_build_networking_infrastruct_6f779487] Reading page (1/1): https://thequantuminsider.com/2023/11/02/nu-quantum-secures-7-million-to-build-networking-infrastructure-for-quantum-computers
[04:20:36 +4s | thequantuminsider_2023_11_02_nu_quantum_secures_7_million_to_build_networking_infrastruct_6f779487] Extracting actors: https://thequantuminsider.com/2023/11/02/nu-quantum-secures-7-million-to-build-networking-infrastructure-for-quantum-computers (1/1), chunk 1/37
[04:20:41 +9s | thequantuminsider_2023_11_02_nu_quantum_secures_7_million_to_build_networking_infrastruct_6f779487] Extracting actors: https://thequantuminsider.com/2023/11/02/nu-quantum-secures-7-million-to-build-networking-infrastructure-for-quantum-computers (1/1), chunk 2/37
[04:20:46 +14s | thequantuminsider_2023_11_02_nu_quantum_secures_7_million_to_build_networking_infrastruct_6f779487] Extracting actors: https://thequantuminsider.com/2023/11/02/nu-quantum-secures-7-million-to-build-networking-infrastructure-for-quantum-computers (1/1), chunk 3/37
[04:20:52 +19s | thequantuminsider_2023_11_02_nu_quantum_secures_7_million_to_build_networking_infrastruct_6f779487] Extracting actors: https://thequantuminsider.com/2023/11/02/nu-quantum-secures-7-million-to-build-networking-infrastructure-for-quantum-computers (1/1), chunk 4/37
[04:20:59 +27s | thequantuminsider_2023_11_02_nu_quantum_secures_7_million_to_build_networking_infrastruct_6f779487] Extracting actors: https://thequantuminsider.com/2023/11/02/nu-quantum-secures-7-million-to-build-networking-infrastructure-for-quantum-computers (1/1), chunk 5/37
[04:21:04 +32s | thequantuminsider_2023_11_02_nu_quantum_secures_7_million_to_build_networking_infrastruct_6f779487] Extracting actors: https://thequantuminsider.com/2023/11/02/nu-quantum-secures-7-million-to-build-networking-infrastructure-for-quantum-computers (1/1), chunk 6/37
[04:21:14 +43s | thequantuminsider_2023_11_02_nu_quantum_secures_7_million_to_build_networking_infrastruct_6f779487] Extracting actors: https://thequantuminsider.com/2023/11/02/nu-quantum-secures-7-million-to-build-networking-infrastructure-for-quantum-computers (1/1), chunk 7/37
[04:21:21 +50s | thequantuminsider_2023_11_02_nu_quantum_secures_7_million_to_build_networking_infrastruct_6f779487] Extracting actors: https://thequantuminsider.com/2023/11/02/nu-quantum-secures-7-million-to-build-networking-infrastructure-for-quantum-computers (1/1), chunk 8/37
[04:21:27 +56s | thequantuminsider_2023_11_02_nu_quantum_secures_7_million_to_build_networking_infrastruct_6f779487] Extracting actors: https://thequantuminsider.com/2023/11/02/nu-quantum-secures-7-million-to-build-networking-infrastructure-for-quantum-computers (1/1), chunk 9/37
[04:21:33 +1m 2s | thequantuminsider_2023_11_02_nu_quantum_secures_7_million_to_build_networking_infrastruct_6f779487] Extracting actors: https://thequantuminsider.com/2023/11/02/nu-quantum-secures-7-million-to-build-networking-infrastructure-for-quantum-computers (1/1), chunk 10/37
[04:21:37 +1m 7s | thequantuminsider_2023_11_02_nu_quantum_secures_7_million_to_build_networking_infrastruct_6f779487] Extracting actors: https://thequantuminsider.com/2023/11/02/nu-quantum-secures-7-million-to-build-networking-infrastructure-for-quantum-computers (1/1), chunk 11/37
[04:21:41 +1m 12s | thequantuminsider_2023_11_02_nu_quantum_secures_7_million_to_build_networking_infrastruct_6f779487] Repaired malformed JSON.
[04:21:41 +1m 12s | thequantuminsider_2023_11_02_nu_quantum_secures_7_million_to_build_networking_infrastruct_6f779487] Extracting actors: https://thequantuminsider.com/2023/11/02/nu-quantum-secures-7-million-to-build-networking-infrastructure-for-quantum-computers (1/1), chunk 12/37
[04:21:59 +1m 30s | thequantuminsider_2023_11_02_nu_quantum_secures_7_million_to_build_networking_infrastruct_6f779487] Repaired malformed JSON.
[04:21:59 +1m 30s | thequantuminsider_2023_11_02_nu_quantum_secures_7_million_to_build_networking_infrastruct_6f779487] Extracting actors: https://thequantuminsider.com/2023/11/02/nu-quantum-secures-7-million-to-build-networking-infrastructure-for-quantum-computers (1/1), chunk 13/37
[04:22:05 +1m 37s | thequantuminsider_2023_11_02_nu_quantum_secures_7_million_to_build_networking_infrastruct_6f779487] Repaired malformed JSON.
[04:22:05 +1m 37s | thequantuminsider_2023_11_02_nu_quantum_secures_7_million_to_build_networking_infrastruct_6f779487] Extracting actors: https://thequantuminsider.com/2023/11/02/nu-quantum-secures-7-million-to-build-networking-infrastructure-for-quantum-computers (1/1), chunk 14/37
[04:22:11 +1m 44s | thequantuminsider_2023_11_02_nu_quantum_secures_7_million_to_build_networking_infrastruct_6f779487] Repaired malformed JSON.
[04:22:11 +1m 44s | thequantuminsider_2023_11_02_nu_quantum_secures_7_million_to_build_networking_infrastruct_6f779487] Extracting actors: https://thequantuminsider.com/2023/11/02/nu-quantum-secures-7-million-to-build-networking-infrastructure-for-quantum-computers (1/1), chunk 15/37
[04:22:18 +1m 51s | thequantuminsider_2023_11_02_nu_quantum_secures_7_million_to_build_networking_infrastruct_6f779487] Repaired malformed JSON.
[04:22:18 +1m 51s | thequantuminsider_2023_11_02_nu_quantum_secures_7_million_to_build_networking_infrastruct_6f779487] Extracting actors: https://thequantuminsider.com/2023/11/02/nu-quantum-secures-7-million-to-build-networking-infrastructure-for-quantum-computers (1/1), chunk 16/37
[04:22:24 +1m 57s | thequantuminsider_2023_11_02_nu_quantum_secures_7_million_to_build_networking_infrastruct_6f779487] Repaired malformed JSON.
[04:22:24 +1m 57s | thequantuminsider_2023_11_02_nu_quantum_secures_7_million_to_build_networking_infrastruct_6f779487] Extracting actors: https://thequantuminsider.com/2023/11/02/nu-quantum-secures-7-million-to-build-networking-infrastructure-for-quantum-computers (1/1), chunk 17/37
[04:22:38 +2m 11s | thequantuminsider_2023_11_02_nu_quantum_secures_7_million_to_build_networking_infrastruct_6f779487] Repaired malformed JSON.
[04:22:38 +2m 11s | thequantuminsider_2023_11_02_nu_quantum_secures_7_million_to_build_networking_infrastruct_6f779487] Extracting actors: https://thequantuminsider.com/2023/11/02/nu-quantum-secures-7-million-to-build-networking-infrastructure-for-quantum-computers (1/1), chunk 18/37
[04:22:41 +2m 16s | thequantuminsider_2023_11_02_nu_quantum_secures_7_million_to_build_networking_infrastruct_6f779487] Extracting actors: https://thequantuminsider.com/2023/11/02/nu-quantum-secures-7-million-to-build-networking-infrastructure-for-quantum-computers (1/1), chunk 19/37
[04:23:04 +2m 39s | thequantuminsider_2023_11_02_nu_quantum_secures_7_million_to_build_networking_infrastruct_6f779487] Extracting actors: https://thequantuminsider.com/2023/11/02/nu-quantum-secures-7-million-to-build-networking-infrastructure-for-quantum-computers (1/1), chunk 20/37
[04:23:10 +2m 45s | thequantuminsider_2023_11_02_nu_quantum_secures_7_million_to_build_networking_infrastruct_6f779487] Repaired malformed JSON.
[04:23:10 +2m 45s | thequantuminsider_2023_11_02_nu_quantum_secures_7_million_to_build_networking_infrastruct_6f779487] Extracting actors: https://thequantuminsider.com/2023/11/02/nu-quantum-secures-7-million-to-build-networking-infrastructure-for-quantum-computers (1/1), chunk 21/37
[04:23:16 +2m 53s | thequantuminsider_2023_11_02_nu_quantum_secures_7_million_to_build_networking_infrastruct_6f779487] Repaired malformed JSON.
[04:23:16 +2m 53s | thequantuminsider_2023_11_02_nu_quantum_secures_7_million_to_build_networking_infrastruct_6f779487] Extracting actors: https://thequantuminsider.com/2023/11/02/nu-quantum-secures-7-million-to-build-networking-infrastructure-for-quantum-computers (1/1), chunk 22/37
[04:23:41 +3m 19s | thequantuminsider_2023_11_02_nu_quantum_secures_7_million_to_build_networking_infrastruct_6f779487] Repaired malformed JSON.
[04:23:41 +3m 19s | thequantuminsider_2023_11_02_nu_quantum_secures_7_million_to_build_networking_infrastruct_6f779487] Extracting actors: https://thequantuminsider.com/2023/11/02/nu-quantum-secures-7-million-to-build-networking-infrastructure-for-quantum-computers (1/1), chunk 23/37
[04:23:50 +3m 28s | thequantuminsider_2023_11_02_nu_quantum_secures_7_million_to_build_networking_infrastruct_6f779487] Repaired malformed JSON.
[04:23:50 +3m 28s | thequantuminsider_2023_11_02_nu_quantum_secures_7_million_to_build_networking_infrastruct_6f779487] Extracting actors: https://thequantuminsider.com/2023/11/02/nu-quantum-secures-7-million-to-build-networking-infrastructure-for-quantum-computers (1/1), chunk 24/37
[04:23:59 +3m 38s | thequantuminsider_2023_11_02_nu_quantum_secures_7_million_to_build_networking_infrastruct_6f779487] Repaired malformed JSON.
[04:23:59 +3m 38s | thequantuminsider_2023_11_02_nu_quantum_secures_7_million_to_build_networking_infrastruct_6f779487] Extracting actors: https://thequantuminsider.com/2023/11/02/nu-quantum-secures-7-million-to-build-networking-infrastructure-for-quantum-computers (1/1), chunk 25/37
[04:24:08 +3m 46s | thequantuminsider_2023_11_02_nu_quantum_secures_7_million_to_build_networking_infrastruct_6f779487] Extracting actors: https://thequantuminsider.com/2023/11/02/nu-quantum-secures-7-million-to-build-networking-infrastructure-for-quantum-computers (1/1), chunk 26/37
[04:24:17 +3m 57s | thequantuminsider_2023_11_02_nu_quantum_secures_7_million_to_build_networking_infrastruct_6f779487] Repaired malformed JSON.
[04:24:17 +3m 57s | thequantuminsider_2023_11_02_nu_quantum_secures_7_million_to_build_networking_infrastruct_6f779487] Extracting actors: https://thequantuminsider.com/2023/11/02/nu-quantum-secures-7-million-to-build-networking-infrastructure-for-quantum-computers (1/1), chunk 27/37
[04:24:18 +3m 58s | thequantuminsider_2023_11_02_nu_quantum_secures_7_million_to_build_networking_infrastruct_6f779487] Extracting actors: https://thequantuminsider.com/2023/11/02/nu-quantum-secures-7-million-to-build-networking-infrastructure-for-quantum-computers (1/1), chunk 28/37
[04:24:20 +4m 0s | thequantuminsider_2023_11_02_nu_quantum_secures_7_million_to_build_networking_infrastruct_6f779487] Extracting actors: https://thequantuminsider.com/2023/11/02/nu-quantum-secures-7-million-to-build-networking-infrastructure-for-quantum-computers (1/1), chunk 29/37
[04:24:29 +4m 9s | thequantuminsider_2023_11_02_nu_quantum_secures_7_million_to_build_networking_infrastruct_6f779487] Repaired malformed JSON.
[04:24:29 +4m 9s | thequantuminsider_2023_11_02_nu_quantum_secures_7_million_to_build_networking_infrastruct_6f779487] Extracting actors: https://thequantuminsider.com/2023/11/02/nu-quantum-secures-7-million-to-build-networking-infrastructure-for-quantum-computers (1/1), chunk 30/37
[04:24:49 +4m 31s | thequantuminsider_2023_11_02_nu_quantum_secures_7_million_to_build_networking_infrastruct_6f779487] Repaired malformed JSON.
[04:24:49 +4m 31s | thequantuminsider_2023_11_02_nu_quantum_secures_7_million_to_build_networking_infrastruct_6f779487] Extracting actors: https://thequantuminsider.com/2023/11/02/nu-quantum-secures-7-million-to-build-networking-infrastructure-for-quantum-computers (1/1), chunk 31/37
[04:25:12 +4m 54s | thequantuminsider_2023_11_02_nu_quantum_secures_7_million_to_build_networking_infrastruct_6f779487] Repaired malformed JSON.
[04:25:12 +4m 54s | thequantuminsider_2023_11_02_nu_quantum_secures_7_million_to_build_networking_infrastruct_6f779487] Extracting actors: https://thequantuminsider.com/2023/11/02/nu-quantum-secures-7-million-to-build-networking-infrastructure-for-quantum-computers (1/1), chunk 32/37
[04:25:19 +5m 2s | thequantuminsider_2023_11_02_nu_quantum_secures_7_million_to_build_networking_infrastruct_6f779487] Extracting actors: https://thequantuminsider.com/2023/11/02/nu-quantum-secures-7-million-to-build-networking-infrastructure-for-quantum-computers (1/1), chunk 33/37
[04:25:26 +5m 10s | thequantuminsider_2023_11_02_nu_quantum_secures_7_million_to_build_networking_infrastruct_6f779487] Repaired malformed JSON.
[04:25:26 +5m 10s | thequantuminsider_2023_11_02_nu_quantum_secures_7_million_to_build_networking_infrastruct_6f779487] Extracting actors: https://thequantuminsider.com/2023/11/02/nu-quantum-secures-7-million-to-build-networking-infrastructure-for-quantum-computers (1/1), chunk 34/37
[04:25:35 +5m 18s | thequantuminsider_2023_11_02_nu_quantum_secures_7_million_to_build_networking_infrastruct_6f779487] Repaired malformed JSON.
[04:25:35 +5m 18s | thequantuminsider_2023_11_02_nu_quantum_secures_7_million_to_build_networking_infrastruct_6f779487] Extracting actors: https://thequantuminsider.com/2023/11/02/nu-quantum-secures-7-million-to-build-networking-infrastructure-for-quantum-computers (1/1), chunk 35/37
[04:25:42 +5m 26s | thequantuminsider_2023_11_02_nu_quantum_secures_7_million_to_build_networking_infrastruct_6f779487] Repaired malformed JSON.
[04:25:42 +5m 26s | thequantuminsider_2023_11_02_nu_quantum_secures_7_million_to_build_networking_infrastruct_6f779487] Extracting actors: https://thequantuminsider.com/2023/11/02/nu-quantum-secures-7-million-to-build-networking-infrastructure-for-quantum-computers (1/1), chunk 36/37
[04:25:49 +5m 35s | thequantuminsider_2023_11_02_nu_quantum_secures_7_million_to_build_networking_infrastruct_6f779487] Repaired malformed JSON.
[04:25:49 +5m 35s | thequantuminsider_2023_11_02_nu_quantum_secures_7_million_to_build_networking_infrastruct_6f779487] Extracting actors: https://thequantuminsider.com/2023/11/02/nu-quantum-secures-7-million-to-build-networking-infrastructure-for-quantum-computers (1/1), chunk 37/37
[04:25:56 +5m 41s | thequantuminsider_2023_11_02_nu_quantum_secures_7_million_to_build_networking_infrastruct_6f779487] Repaired malformed JSON.
[04:25:56 +5m 41s | thequantuminsider_2023_11_02_nu_quantum_secures_7_million_to_build_networking_infrastruct_6f779487] Saved 1_actor_results.json with 48 extracted records

[04:25:56 +5m 41s | thequantuminsider_2023_11_02_nu_quantum_secures_7_million_to_build_networking_infrastruct_6f779487] === 2 clean actors ===
[04:25:56 +5m 42s | thequantuminsider_2023_11_02_nu_quantum_secures_7_million_to_build_networking_infrastruct_6f779487] Loaded 48 extracted records
[04:25:56 +5m 42s | thequantuminsider_2023_11_02_nu_quantum_secures_7_million_to_build_networking_infrastruct_6f779487] Saved 2_actor_nodes.json with 16 canonical actor nodes

[04:25:56 +5m 42s | thequantuminsider_2023_11_02_nu_quantum_secures_7_million_to_build_networking_infrastruct_6f779487] === 3 interaction extraction ===
[04:25:56 +5m 42s | thequantuminsider_2023_11_02_nu_quantum_secures_7_million_to_build_networking_infrastruct_6f779487] Extracting interactions: https://thequantuminsider.com/2023/11/02/nu-quantum-secures-7-million-to-build-networking-infrastructure-for-quantum-computers (1/1), chunk 11/37
[04:26:39 +6m 26s | thequantuminsider_2023_11_02_nu_quantum_secures_7_million_to_build_networking_infrastruct_6f779487] Extracting interactions: https://thequantuminsider.com/2023/11/02/nu-quantum-secures-7-million-to-build-networking-infrastructure-for-quantum-computers (1/1), chunk 12/37
[04:26:45 +6m 34s | thequantuminsider_2023_11_02_nu_quantum_secures_7_million_to_build_networking_infrastruct_6f779487] Extracting interactions: https://thequantuminsider.com/2023/11/02/nu-quantum-secures-7-million-to-build-networking-infrastructure-for-quantum-computers (1/1), chunk 13/37
[04:26:55 +6m 44s | thequantuminsider_2023_11_02_nu_quantum_secures_7_million_to_build_networking_infrastruct_6f779487] Extracting interactions: https://thequantuminsider.com/2023/11/02/nu-quantum-secures-7-million-to-build-networking-infrastructure-for-quantum-computers (1/1), chunk 14/37
[04:27:08 +6m 56s | thequantuminsider_2023_11_02_nu_quantum_secures_7_million_to_build_networking_infrastruct_6f779487] Extracting interactions: https://thequantuminsider.com/2023/11/02/nu-quantum-secures-7-million-to-build-networking-infrastructure-for-quantum-computers (1/1), chunk 15/37
[04:27:14 +7m 5s | thequantuminsider_2023_11_02_nu_quantum_secures_7_million_to_build_networking_infrastruct_6f779487] Extracting interactions: https://thequantuminsider.com/2023/11/02/nu-quantum-secures-7-million-to-build-networking-infrastructure-for-quantum-computers (1/1), chunk 16/37
[04:27:21 +7m 12s | thequantuminsider_2023_11_02_nu_quantum_secures_7_million_to_build_networking_infrastruct_6f779487] Extracting interactions: https://thequantuminsider.com/2023/11/02/nu-quantum-secures-7-million-to-build-networking-infrastructure-for-quantum-computers (1/1), chunk 17/37
[04:27:25 +7m 16s | thequantuminsider_2023_11_02_nu_quantum_secures_7_million_to_build_networking_infrastruct_6f779487] Extracting interactions: https://thequantuminsider.com/2023/11/02/nu-quantum-secures-7-million-to-build-networking-infrastructure-for-quantum-computers (1/1), chunk 19/37
[04:27:27 +7m 17s | thequantuminsider_2023_11_02_nu_quantum_secures_7_million_to_build_networking_infrastruct_6f779487] Extracting interactions: https://thequantuminsider.com/2023/11/02/nu-quantum-secures-7-million-to-build-networking-infrastructure-for-quantum-computers (1/1), chunk 20/37
[04:27:28 +7m 19s | thequantuminsider_2023_11_02_nu_quantum_secures_7_million_to_build_networking_infrastruct_6f779487] Extracting interactions: https://thequantuminsider.com/2023/11/02/nu-quantum-secures-7-million-to-build-networking-infrastructure-for-quantum-computers (1/1), chunk 21/37
[04:27:36 +7m 27s | thequantuminsider_2023_11_02_nu_quantum_secures_7_million_to_build_networking_infrastruct_6f779487] Extracting interactions: https://thequantuminsider.com/2023/11/02/nu-quantum-secures-7-million-to-build-networking-infrastructure-for-quantum-computers (1/1), chunk 22/37
[04:27:41 +7m 32s | thequantuminsider_2023_11_02_nu_quantum_secures_7_million_to_build_networking_infrastruct_6f779487] Extracting interactions: https://thequantuminsider.com/2023/11/02/nu-quantum-secures-7-million-to-build-networking-infrastructure-for-quantum-computers (1/1), chunk 26/37
[04:27:44 +7m 35s | thequantuminsider_2023_11_02_nu_quantum_secures_7_million_to_build_networking_infrastruct_6f779487] Extracting interactions: https://thequantuminsider.com/2023/11/02/nu-quantum-secures-7-million-to-build-networking-infrastructure-for-quantum-computers (1/1), chunk 29/37
[04:27:44 +7m 37s | thequantuminsider_2023_11_02_nu_quantum_secures_7_million_to_build_networking_infrastruct_6f779487] Extracting interactions: https://thequantuminsider.com/2023/11/02/nu-quantum-secures-7-million-to-build-networking-infrastructure-for-quantum-computers (1/1), chunk 30/37
[04:27:46 +7m 38s | thequantuminsider_2023_11_02_nu_quantum_secures_7_million_to_build_networking_infrastruct_6f779487] Extracting interactions: https://thequantuminsider.com/2023/11/02/nu-quantum-secures-7-million-to-build-networking-infrastructure-for-quantum-computers (1/1), chunk 31/37
[04:27:48 +7m 40s | thequantuminsider_2023_11_02_nu_quantum_secures_7_million_to_build_networking_infrastruct_6f779487] Extracting interactions: https://thequantuminsider.com/2023/11/02/nu-quantum-secures-7-million-to-build-networking-infrastructure-for-quantum-computers (1/1), chunk 32/37
[04:28:05 +7m 58s | thequantuminsider_2023_11_02_nu_quantum_secures_7_million_to_build_networking_infrastruct_6f779487] Extracting interactions: https://thequantuminsider.com/2023/11/02/nu-quantum-secures-7-million-to-build-networking-infrastructure-for-quantum-computers (1/1), chunk 33/37
[04:28:44 +8m 38s | thequantuminsider_2023_11_02_nu_quantum_secures_7_million_to_build_networking_infrastruct_6f779487] Extracting interactions: https://thequantuminsider.com/2023/11/02/nu-quantum-secures-7-million-to-build-networking-infrastructure-for-quantum-computers (1/1), chunk 35/37
[04:28:45 +8m 39s | thequantuminsider_2023_11_02_nu_quantum_secures_7_million_to_build_networking_infrastruct_6f779487] Extracting interactions: https://thequantuminsider.com/2023/11/02/nu-quantum-secures-7-million-to-build-networking-infrastructure-for-quantum-computers (1/1), chunk 36/37
[04:29:01 +8m 57s | thequantuminsider_2023_11_02_nu_quantum_secures_7_million_to_build_networking_infrastruct_6f779487] Extracting interactions: https://thequantuminsider.com/2023/11/02/nu-quantum-secures-7-million-to-build-networking-infrastructure-for-quantum-computers (1/1), chunk 37/37
[04:29:04 +8m 59s | thequantuminsider_2023_11_02_nu_quantum_secures_7_million_to_build_networking_infrastruct_6f779487] Saved 3_interaction_results.json with 19 extracted interactions.

[04:29:04 +9m 0s | thequantuminsider_2023_11_02_nu_quantum_secures_7_million_to_build_networking_infrastruct_6f779487] === 4 clean interactions ===
[04:29:04 +9m 0s | thequantuminsider_2023_11_02_nu_quantum_secures_7_million_to_build_networking_infrastruct_6f779487] Saved 4_edges.json with 0 cleaned interactions.

[04:29:04 +9m 0s | thequantuminsider_2023_11_02_nu_quantum_secures_7_million_to_build_networking_infrastruct_6f779487] === 5 helix enrichment ===
[04:29:04 +9m 0s | thequantuminsider_2023_11_02_nu_quantum_secures_7_million_to_build_networking_infrastruct_6f779487] Wrote 5_nodes.json (16 actors)
[04:29:04 +9m 0s | thequantuminsider_2023_11_02_nu_quantum_secures_7_million_to_build_networking_infrastruct_6f779487] Wrote 5_edges.json (0 interactions)
[04:29:04 +9m 0s | thequantuminsider_2023_11_02_nu_quantum_secures_7_million_to_build_networking_infrastruct_6f779487] Actor helix counts: {'Academia': 1, 'Civil Society': 4, 'Industry': 2, 'Intermediary': 3, 'Unknown': 6}
[04:29:04 +9m 0s | thequantuminsider_2023_11_02_nu_quantum_secures_7_million_to_build_networking_infrastruct_6f779487] Functional-space counts: {}

[04:29:04 +9m 0s | thequantuminsider_2023_11_02_nu_quantum_secures_7_million_to_build_networking_infrastruct_6f779487] === 6 network visualisation ===
[04:29:04 +9m 0s | thequantuminsider_2023_11_02_nu_quantum_secures_7_million_to_build_networking_infrastruct_6f779487] Wrote quantum_network.html
[04:29:04 +9m 0s | thequantuminsider_2023_11_02_nu_quantum_secures_7_million_to_build_networking_infrastruct_6f779487] Nodes: 16
[04:29:04 +9m 0s | thequantuminsider_2023_11_02_nu_quantum_secures_7_million_to_build_networking_infrastruct_6f779487] Edges: 0

[04:29:04 +9m 0s | thequantuminsider_2023_11_02_nu_quantum_secures_7_million_to_build_networking_infrastruct_6f779487] Done. Outputs written to: /home/lv/IDP/idpdeeptech/pipeline/news_outputs/thequantuminsider_2023_11_02_nu_quantum_secures_7_million_to_build_networking_infrastruct_6f779487
[04:29:04 +9m 0s | thequantuminsider_2023_11_02_nu_quantum_secures_7_million_to_build_networking_infrastruct_6f779487] Log: /home/lv/IDP/idpdeeptech/pipeline/news_outputs/thequantuminsider_2023_11_02_nu_quantum_secures_7_million_to_build_networking_infrastruct_6f779487/run.log

========================================================================
RUN FINISHED 2026-07-05 04:29:04  (OK)
Started:     2026-07-05 04:20:34
Elapsed:     9m 0s
========================================================================
