
========================================================================
RUN STARTED  2026-07-05 00:53:02
site_pipeline.py https://thequantuminsider.com/2023/12/08/trapped-ion-quantum-computer-now-available-in-munich-quantum-valley/
========================================================================

[00:53:02 +0s | thequantuminsider_2023_12_08_trapped_ion_quantum_computer_now_available_in_munich_quantum_valley] === 0 crawl site ===
[00:53:02 +1s | thequantuminsider_2023_12_08_trapped_ion_quantum_computer_now_available_in_munich_quantum_valley] [INIT].... → Crawl4AI 0.8.6 
[00:53:05 +4s | thequantuminsider_2023_12_08_trapped_ion_quantum_computer_now_available_in_munich_quantum_valley] [FETCH]... ↓ https://thequantuminsider.com/2023/12/08/trapped...computer-now-available-in-munich-quantum-valley/  | ✓ | ⏱: 2.45s 
[00:53:05 +4s | thequantuminsider_2023_12_08_trapped_ion_quantum_computer_now_available_in_munich_quantum_valley] [SCRAPE].. ◆ https://thequantuminsider.com/2023/12/08/trapped...computer-now-available-in-munich-quantum-valley/  | ✓ | ⏱: 0.10s 
[00:53:05 +4s | thequantuminsider_2023_12_08_trapped_ion_quantum_computer_now_available_in_munich_quantum_valley] [COMPLETE] ● https://thequantuminsider.com/2023/12/08/trapped...computer-now-available-in-munich-quantum-valley/  | ✓ | ⏱: 2.58s 
[00:53:05 +4s | thequantuminsider_2023_12_08_trapped_ion_quantum_computer_now_available_in_munich_quantum_valley] Saved: crawl_output/d8acba1027_thequantuminsider.com_2023_12_08_trapped-ion-quantum-computer-now-available-in-munich-quantum-valley.json

[00:53:05 +4s | thequantuminsider_2023_12_08_trapped_ion_quantum_computer_now_available_in_munich_quantum_valley] === 1 actor extraction ===
[00:53:05 +5s | thequantuminsider_2023_12_08_trapped_ion_quantum_computer_now_available_in_munich_quantum_valley] Reading page (1/1): https://thequantuminsider.com/2023/12/08/trapped-ion-quantum-computer-now-available-in-munich-quantum-valley
[00:53:05 +5s | thequantuminsider_2023_12_08_trapped_ion_quantum_computer_now_available_in_munich_quantum_valley] Extracting actors: https://thequantuminsider.com/2023/12/08/trapped-ion-quantum-computer-now-available-in-munich-quantum-valley (1/1), chunk 1/34
[00:53:12 +11s | thequantuminsider_2023_12_08_trapped_ion_quantum_computer_now_available_in_munich_quantum_valley] Extracting actors: https://thequantuminsider.com/2023/12/08/trapped-ion-quantum-computer-now-available-in-munich-quantum-valley (1/1), chunk 2/34
[00:53:18 +17s | thequantuminsider_2023_12_08_trapped_ion_quantum_computer_now_available_in_munich_quantum_valley] Extracting actors: https://thequantuminsider.com/2023/12/08/trapped-ion-quantum-computer-now-available-in-munich-quantum-valley (1/1), chunk 3/34
[00:53:24 +23s | thequantuminsider_2023_12_08_trapped_ion_quantum_computer_now_available_in_munich_quantum_valley] Extracting actors: https://thequantuminsider.com/2023/12/08/trapped-ion-quantum-computer-now-available-in-munich-quantum-valley (1/1), chunk 4/34
[00:53:29 +28s | thequantuminsider_2023_12_08_trapped_ion_quantum_computer_now_available_in_munich_quantum_valley] Extracting actors: https://thequantuminsider.com/2023/12/08/trapped-ion-quantum-computer-now-available-in-munich-quantum-valley (1/1), chunk 5/34
[00:53:35 +35s | thequantuminsider_2023_12_08_trapped_ion_quantum_computer_now_available_in_munich_quantum_valley] Extracting actors: https://thequantuminsider.com/2023/12/08/trapped-ion-quantum-computer-now-available-in-munich-quantum-valley (1/1), chunk 6/34
[00:53:41 +41s | thequantuminsider_2023_12_08_trapped_ion_quantum_computer_now_available_in_munich_quantum_valley] Repaired malformed JSON.
[00:53:41 +41s | thequantuminsider_2023_12_08_trapped_ion_quantum_computer_now_available_in_munich_quantum_valley] Extracting actors: https://thequantuminsider.com/2023/12/08/trapped-ion-quantum-computer-now-available-in-munich-quantum-valley (1/1), chunk 7/34
[00:53:46 +46s | thequantuminsider_2023_12_08_trapped_ion_quantum_computer_now_available_in_munich_quantum_valley] Extracting actors: https://thequantuminsider.com/2023/12/08/trapped-ion-quantum-computer-now-available-in-munich-quantum-valley (1/1), chunk 8/34
[00:53:51 +51s | thequantuminsider_2023_12_08_trapped_ion_quantum_computer_now_available_in_munich_quantum_valley] Extracting actors: https://thequantuminsider.com/2023/12/08/trapped-ion-quantum-computer-now-available-in-munich-quantum-valley (1/1), chunk 9/34
[00:53:56 +56s | thequantuminsider_2023_12_08_trapped_ion_quantum_computer_now_available_in_munich_quantum_valley] Extracting actors: https://thequantuminsider.com/2023/12/08/trapped-ion-quantum-computer-now-available-in-munich-quantum-valley (1/1), chunk 10/34
[00:54:02 +1m 2s | thequantuminsider_2023_12_08_trapped_ion_quantum_computer_now_available_in_munich_quantum_valley] Extracting actors: https://thequantuminsider.com/2023/12/08/trapped-ion-quantum-computer-now-available-in-munich-quantum-valley (1/1), chunk 11/34
[00:54:21 +1m 22s | thequantuminsider_2023_12_08_trapped_ion_quantum_computer_now_available_in_munich_quantum_valley] Repaired malformed JSON.
[00:54:21 +1m 22s | thequantuminsider_2023_12_08_trapped_ion_quantum_computer_now_available_in_munich_quantum_valley] Extracting actors: https://thequantuminsider.com/2023/12/08/trapped-ion-quantum-computer-now-available-in-munich-quantum-valley (1/1), chunk 12/34
[00:54:29 +1m 29s | thequantuminsider_2023_12_08_trapped_ion_quantum_computer_now_available_in_munich_quantum_valley] Repaired malformed JSON.
[00:54:29 +1m 29s | thequantuminsider_2023_12_08_trapped_ion_quantum_computer_now_available_in_munich_quantum_valley] Extracting actors: https://thequantuminsider.com/2023/12/08/trapped-ion-quantum-computer-now-available-in-munich-quantum-valley (1/1), chunk 13/34
[00:54:49 +1m 50s | thequantuminsider_2023_12_08_trapped_ion_quantum_computer_now_available_in_munich_quantum_valley] Repaired malformed JSON.
[00:54:49 +1m 50s | thequantuminsider_2023_12_08_trapped_ion_quantum_computer_now_available_in_munich_quantum_valley] Extracting actors: https://thequantuminsider.com/2023/12/08/trapped-ion-quantum-computer-now-available-in-munich-quantum-valley (1/1), chunk 14/34
[00:54:56 +1m 58s | thequantuminsider_2023_12_08_trapped_ion_quantum_computer_now_available_in_munich_quantum_valley] Repaired malformed JSON.
[00:54:56 +1m 58s | thequantuminsider_2023_12_08_trapped_ion_quantum_computer_now_available_in_munich_quantum_valley] Extracting actors: https://thequantuminsider.com/2023/12/08/trapped-ion-quantum-computer-now-available-in-munich-quantum-valley (1/1), chunk 15/34
[00:55:06 +2m 8s | thequantuminsider_2023_12_08_trapped_ion_quantum_computer_now_available_in_munich_quantum_valley] Repaired malformed JSON.
[00:55:06 +2m 8s | thequantuminsider_2023_12_08_trapped_ion_quantum_computer_now_available_in_munich_quantum_valley] Extracting actors: https://thequantuminsider.com/2023/12/08/trapped-ion-quantum-computer-now-available-in-munich-quantum-valley (1/1), chunk 16/34
[00:55:16 +2m 19s | thequantuminsider_2023_12_08_trapped_ion_quantum_computer_now_available_in_munich_quantum_valley] Repaired malformed JSON.
[00:55:16 +2m 19s | thequantuminsider_2023_12_08_trapped_ion_quantum_computer_now_available_in_munich_quantum_valley] Extracting actors: https://thequantuminsider.com/2023/12/08/trapped-ion-quantum-computer-now-available-in-munich-quantum-valley (1/1), chunk 17/34
[00:55:25 +2m 28s | thequantuminsider_2023_12_08_trapped_ion_quantum_computer_now_available_in_munich_quantum_valley] Repaired malformed JSON.
[00:55:25 +2m 28s | thequantuminsider_2023_12_08_trapped_ion_quantum_computer_now_available_in_munich_quantum_valley] Extracting actors: https://thequantuminsider.com/2023/12/08/trapped-ion-quantum-computer-now-available-in-munich-quantum-valley (1/1), chunk 18/34
[00:55:31 +2m 34s | thequantuminsider_2023_12_08_trapped_ion_quantum_computer_now_available_in_munich_quantum_valley] Repaired malformed JSON.
[00:55:31 +2m 34s | thequantuminsider_2023_12_08_trapped_ion_quantum_computer_now_available_in_munich_quantum_valley] Extracting actors: https://thequantuminsider.com/2023/12/08/trapped-ion-quantum-computer-now-available-in-munich-quantum-valley (1/1), chunk 19/34
[00:55:40 +2m 42s | thequantuminsider_2023_12_08_trapped_ion_quantum_computer_now_available_in_munich_quantum_valley] Repaired malformed JSON.
[00:55:40 +2m 42s | thequantuminsider_2023_12_08_trapped_ion_quantum_computer_now_available_in_munich_quantum_valley] Extracting actors: https://thequantuminsider.com/2023/12/08/trapped-ion-quantum-computer-now-available-in-munich-quantum-valley (1/1), chunk 20/34
[00:55:49 +2m 52s | thequantuminsider_2023_12_08_trapped_ion_quantum_computer_now_available_in_munich_quantum_valley] Repaired malformed JSON.
[00:55:49 +2m 52s | thequantuminsider_2023_12_08_trapped_ion_quantum_computer_now_available_in_munich_quantum_valley] Extracting actors: https://thequantuminsider.com/2023/12/08/trapped-ion-quantum-computer-now-available-in-munich-quantum-valley (1/1), chunk 21/34
[00:55:59 +3m 2s | thequantuminsider_2023_12_08_trapped_ion_quantum_computer_now_available_in_munich_quantum_valley] Repaired malformed JSON.
[00:55:59 +3m 2s | thequantuminsider_2023_12_08_trapped_ion_quantum_computer_now_available_in_munich_quantum_valley] Extracting actors: https://thequantuminsider.com/2023/12/08/trapped-ion-quantum-computer-now-available-in-munich-quantum-valley (1/1), chunk 22/34
[00:56:08 +3m 11s | thequantuminsider_2023_12_08_trapped_ion_quantum_computer_now_available_in_munich_quantum_valley] Repaired malformed JSON.
[00:56:08 +3m 11s | thequantuminsider_2023_12_08_trapped_ion_quantum_computer_now_available_in_munich_quantum_valley] Extracting actors: https://thequantuminsider.com/2023/12/08/trapped-ion-quantum-computer-now-available-in-munich-quantum-valley (1/1), chunk 23/34
[00:56:14 +3m 18s | thequantuminsider_2023_12_08_trapped_ion_quantum_computer_now_available_in_munich_quantum_valley] Repaired malformed JSON.
[00:56:14 +3m 18s | thequantuminsider_2023_12_08_trapped_ion_quantum_computer_now_available_in_munich_quantum_valley] Extracting actors: https://thequantuminsider.com/2023/12/08/trapped-ion-quantum-computer-now-available-in-munich-quantum-valley (1/1), chunk 24/34
[00:56:22 +3m 26s | thequantuminsider_2023_12_08_trapped_ion_quantum_computer_now_available_in_munich_quantum_valley] Repaired malformed JSON.
[00:56:22 +3m 26s | thequantuminsider_2023_12_08_trapped_ion_quantum_computer_now_available_in_munich_quantum_valley] Extracting actors: https://thequantuminsider.com/2023/12/08/trapped-ion-quantum-computer-now-available-in-munich-quantum-valley (1/1), chunk 25/34
[00:56:32 +3m 36s | thequantuminsider_2023_12_08_trapped_ion_quantum_computer_now_available_in_munich_quantum_valley] Repaired malformed JSON.
[00:56:32 +3m 36s | thequantuminsider_2023_12_08_trapped_ion_quantum_computer_now_available_in_munich_quantum_valley] Extracting actors: https://thequantuminsider.com/2023/12/08/trapped-ion-quantum-computer-now-available-in-munich-quantum-valley (1/1), chunk 26/34
[00:56:39 +3m 43s | thequantuminsider_2023_12_08_trapped_ion_quantum_computer_now_available_in_munich_quantum_valley] Repaired malformed JSON.
[00:56:39 +3m 43s | thequantuminsider_2023_12_08_trapped_ion_quantum_computer_now_available_in_munich_quantum_valley] Extracting actors: https://thequantuminsider.com/2023/12/08/trapped-ion-quantum-computer-now-available-in-munich-quantum-valley (1/1), chunk 27/34
[00:57:03 +4m 8s | thequantuminsider_2023_12_08_trapped_ion_quantum_computer_now_available_in_munich_quantum_valley] Extracting actors: https://thequantuminsider.com/2023/12/08/trapped-ion-quantum-computer-now-available-in-munich-quantum-valley (1/1), chunk 28/34
[00:57:13 +4m 18s | thequantuminsider_2023_12_08_trapped_ion_quantum_computer_now_available_in_munich_quantum_valley] Repaired malformed JSON.
[00:57:13 +4m 18s | thequantuminsider_2023_12_08_trapped_ion_quantum_computer_now_available_in_munich_quantum_valley] Extracting actors: https://thequantuminsider.com/2023/12/08/trapped-ion-quantum-computer-now-available-in-munich-quantum-valley (1/1), chunk 29/34
[00:57:16 +4m 22s | thequantuminsider_2023_12_08_trapped_ion_quantum_computer_now_available_in_munich_quantum_valley] Extracting actors: https://thequantuminsider.com/2023/12/08/trapped-ion-quantum-computer-now-available-in-munich-quantum-valley (1/1), chunk 30/34
[00:57:26 +4m 32s | thequantuminsider_2023_12_08_trapped_ion_quantum_computer_now_available_in_munich_quantum_valley] Repaired malformed JSON.
[00:57:26 +4m 32s | thequantuminsider_2023_12_08_trapped_ion_quantum_computer_now_available_in_munich_quantum_valley] Extracting actors: https://thequantuminsider.com/2023/12/08/trapped-ion-quantum-computer-now-available-in-munich-quantum-valley (1/1), chunk 31/34
[00:57:37 +4m 43s | thequantuminsider_2023_12_08_trapped_ion_quantum_computer_now_available_in_munich_quantum_valley] Repaired malformed JSON.
[00:57:37 +4m 43s | thequantuminsider_2023_12_08_trapped_ion_quantum_computer_now_available_in_munich_quantum_valley] Extracting actors: https://thequantuminsider.com/2023/12/08/trapped-ion-quantum-computer-now-available-in-munich-quantum-valley (1/1), chunk 32/34
[00:57:45 +4m 52s | thequantuminsider_2023_12_08_trapped_ion_quantum_computer_now_available_in_munich_quantum_valley] Repaired malformed JSON.
[00:57:45 +4m 52s | thequantuminsider_2023_12_08_trapped_ion_quantum_computer_now_available_in_munich_quantum_valley] Extracting actors: https://thequantuminsider.com/2023/12/08/trapped-ion-quantum-computer-now-available-in-munich-quantum-valley (1/1), chunk 33/34
[00:57:47 +4m 53s | thequantuminsider_2023_12_08_trapped_ion_quantum_computer_now_available_in_munich_quantum_valley] Extracting actors: https://thequantuminsider.com/2023/12/08/trapped-ion-quantum-computer-now-available-in-munich-quantum-valley (1/1), chunk 34/34
[00:57:53 +4m 59s | thequantuminsider_2023_12_08_trapped_ion_quantum_computer_now_available_in_munich_quantum_valley] Repaired malformed JSON.
[00:57:53 +4m 59s | thequantuminsider_2023_12_08_trapped_ion_quantum_computer_now_available_in_munich_quantum_valley] Saved 1_actor_results.json with 52 extracted records

[00:57:53 +4m 59s | thequantuminsider_2023_12_08_trapped_ion_quantum_computer_now_available_in_munich_quantum_valley] === 2 clean actors ===
[00:57:53 +5m 0s | thequantuminsider_2023_12_08_trapped_ion_quantum_computer_now_available_in_munich_quantum_valley] Loaded 52 extracted records
[00:57:53 +5m 0s | thequantuminsider_2023_12_08_trapped_ion_quantum_computer_now_available_in_munich_quantum_valley] Saved 2_actor_nodes.json with 21 canonical actor nodes

[00:57:53 +5m 0s | thequantuminsider_2023_12_08_trapped_ion_quantum_computer_now_available_in_munich_quantum_valley] === 3 interaction extraction ===
[00:57:53 +5m 0s | thequantuminsider_2023_12_08_trapped_ion_quantum_computer_now_available_in_munich_quantum_valley] Extracting interactions: https://thequantuminsider.com/2023/12/08/trapped-ion-quantum-computer-now-available-in-munich-quantum-valley (1/1), chunk 11/34
[00:58:07 +5m 13s | thequantuminsider_2023_12_08_trapped_ion_quantum_computer_now_available_in_munich_quantum_valley] Extracting interactions: https://thequantuminsider.com/2023/12/08/trapped-ion-quantum-computer-now-available-in-munich-quantum-valley (1/1), chunk 12/34
[00:58:36 +5m 43s | thequantuminsider_2023_12_08_trapped_ion_quantum_computer_now_available_in_munich_quantum_valley] Extracting interactions: https://thequantuminsider.com/2023/12/08/trapped-ion-quantum-computer-now-available-in-munich-quantum-valley (1/1), chunk 13/34
[00:58:56 +6m 4s | thequantuminsider_2023_12_08_trapped_ion_quantum_computer_now_available_in_munich_quantum_valley] Extracting interactions: https://thequantuminsider.com/2023/12/08/trapped-ion-quantum-computer-now-available-in-munich-quantum-valley (1/1), chunk 14/34
[00:59:12 +6m 21s | thequantuminsider_2023_12_08_trapped_ion_quantum_computer_now_available_in_munich_quantum_valley] Extracting interactions: https://thequantuminsider.com/2023/12/08/trapped-ion-quantum-computer-now-available-in-munich-quantum-valley (1/1), chunk 15/34
[00:59:26 +6m 35s | thequantuminsider_2023_12_08_trapped_ion_quantum_computer_now_available_in_munich_quantum_valley] Extracting interactions: https://thequantuminsider.com/2023/12/08/trapped-ion-quantum-computer-now-available-in-munich-quantum-valley (1/1), chunk 16/34
[00:59:46 +6m 55s | thequantuminsider_2023_12_08_trapped_ion_quantum_computer_now_available_in_munich_quantum_valley] Extracting interactions: https://thequantuminsider.com/2023/12/08/trapped-ion-quantum-computer-now-available-in-munich-quantum-valley (1/1), chunk 17/34
[01:00:06 +7m 16s | thequantuminsider_2023_12_08_trapped_ion_quantum_computer_now_available_in_munich_quantum_valley] Extracting interactions: https://thequantuminsider.com/2023/12/08/trapped-ion-quantum-computer-now-available-in-munich-quantum-valley (1/1), chunk 18/34
[01:00:14 +7m 24s | thequantuminsider_2023_12_08_trapped_ion_quantum_computer_now_available_in_munich_quantum_valley] Extracting interactions: https://thequantuminsider.com/2023/12/08/trapped-ion-quantum-computer-now-available-in-munich-quantum-valley (1/1), chunk 19/34
[01:00:18 +7m 28s | thequantuminsider_2023_12_08_trapped_ion_quantum_computer_now_available_in_munich_quantum_valley] Extracting interactions: https://thequantuminsider.com/2023/12/08/trapped-ion-quantum-computer-now-available-in-munich-quantum-valley (1/1), chunk 20/34
[01:00:20 +7m 30s | thequantuminsider_2023_12_08_trapped_ion_quantum_computer_now_available_in_munich_quantum_valley] Extracting interactions: https://thequantuminsider.com/2023/12/08/trapped-ion-quantum-computer-now-available-in-munich-quantum-valley (1/1), chunk 21/34
[01:00:22 +7m 32s | thequantuminsider_2023_12_08_trapped_ion_quantum_computer_now_available_in_munich_quantum_valley] Extracting interactions: https://thequantuminsider.com/2023/12/08/trapped-ion-quantum-computer-now-available-in-munich-quantum-valley (1/1), chunk 22/34
[01:00:24 +7m 35s | thequantuminsider_2023_12_08_trapped_ion_quantum_computer_now_available_in_munich_quantum_valley] Extracting interactions: https://thequantuminsider.com/2023/12/08/trapped-ion-quantum-computer-now-available-in-munich-quantum-valley (1/1), chunk 23/34
[01:00:31 +7m 42s | thequantuminsider_2023_12_08_trapped_ion_quantum_computer_now_available_in_munich_quantum_valley] Extracting interactions: https://thequantuminsider.com/2023/12/08/trapped-ion-quantum-computer-now-available-in-munich-quantum-valley (1/1), chunk 24/34
[01:00:36 +7m 47s | thequantuminsider_2023_12_08_trapped_ion_quantum_computer_now_available_in_munich_quantum_valley] Extracting interactions: https://thequantuminsider.com/2023/12/08/trapped-ion-quantum-computer-now-available-in-munich-quantum-valley (1/1), chunk 26/34
[01:00:37 +7m 48s | thequantuminsider_2023_12_08_trapped_ion_quantum_computer_now_available_in_munich_quantum_valley] Extracting interactions: https://thequantuminsider.com/2023/12/08/trapped-ion-quantum-computer-now-available-in-munich-quantum-valley (1/1), chunk 28/34
[01:00:45 +7m 56s | thequantuminsider_2023_12_08_trapped_ion_quantum_computer_now_available_in_munich_quantum_valley] Extracting interactions: https://thequantuminsider.com/2023/12/08/trapped-ion-quantum-computer-now-available-in-munich-quantum-valley (1/1), chunk 29/34
[01:00:49 +8m 0s | thequantuminsider_2023_12_08_trapped_ion_quantum_computer_now_available_in_munich_quantum_valley] Extracting interactions: https://thequantuminsider.com/2023/12/08/trapped-ion-quantum-computer-now-available-in-munich-quantum-valley (1/1), chunk 30/34
[01:00:51 +8m 2s | thequantuminsider_2023_12_08_trapped_ion_quantum_computer_now_available_in_munich_quantum_valley] Extracting interactions: https://thequantuminsider.com/2023/12/08/trapped-ion-quantum-computer-now-available-in-munich-quantum-valley (1/1), chunk 31/34
[01:00:52 +8m 3s | thequantuminsider_2023_12_08_trapped_ion_quantum_computer_now_available_in_munich_quantum_valley] Extracting interactions: https://thequantuminsider.com/2023/12/08/trapped-ion-quantum-computer-now-available-in-munich-quantum-valley (1/1), chunk 32/34
[01:00:54 +8m 6s | thequantuminsider_2023_12_08_trapped_ion_quantum_computer_now_available_in_munich_quantum_valley] Extracting interactions: https://thequantuminsider.com/2023/12/08/trapped-ion-quantum-computer-now-available-in-munich-quantum-valley (1/1), chunk 33/34
[01:00:56 +8m 8s | thequantuminsider_2023_12_08_trapped_ion_quantum_computer_now_available_in_munich_quantum_valley] Extracting interactions: https://thequantuminsider.com/2023/12/08/trapped-ion-quantum-computer-now-available-in-munich-quantum-valley (1/1), chunk 34/34
[01:00:57 +8m 9s | thequantuminsider_2023_12_08_trapped_ion_quantum_computer_now_available_in_munich_quantum_valley] Saved 3_interaction_results.json with 32 extracted interactions.

[01:00:58 +8m 9s | thequantuminsider_2023_12_08_trapped_ion_quantum_computer_now_available_in_munich_quantum_valley] === 4 clean interactions ===
[01:00:58 +8m 9s | thequantuminsider_2023_12_08_trapped_ion_quantum_computer_now_available_in_munich_quantum_valley] Saved 4_edges.json with 5 cleaned interactions.

[01:00:58 +8m 9s | thequantuminsider_2023_12_08_trapped_ion_quantum_computer_now_available_in_munich_quantum_valley] === 5 helix enrichment ===
[01:00:58 +8m 9s | thequantuminsider_2023_12_08_trapped_ion_quantum_computer_now_available_in_munich_quantum_valley] Wrote 5_nodes.json (21 actors)
[01:00:58 +8m 9s | thequantuminsider_2023_12_08_trapped_ion_quantum_computer_now_available_in_munich_quantum_valley] Wrote 5_edges.json (5 interactions)
[01:00:58 +8m 9s | thequantuminsider_2023_12_08_trapped_ion_quantum_computer_now_available_in_munich_quantum_valley] Actor helix counts: {'Academia': 3, 'Civil Society': 4, 'Industry': 4, 'Intermediary': 2, 'Unknown': 8}
[01:00:58 +8m 9s | thequantuminsider_2023_12_08_trapped_ion_quantum_computer_now_available_in_munich_quantum_valley] Functional-space counts: {'Innovation': 4, 'Unknown': 1}

[01:00:58 +8m 9s | thequantuminsider_2023_12_08_trapped_ion_quantum_computer_now_available_in_munich_quantum_valley] === 6 network visualisation ===
[01:00:58 +8m 10s | thequantuminsider_2023_12_08_trapped_ion_quantum_computer_now_available_in_munich_quantum_valley] Wrote quantum_network.html
[01:00:58 +8m 10s | thequantuminsider_2023_12_08_trapped_ion_quantum_computer_now_available_in_munich_quantum_valley] Nodes: 21
[01:00:58 +8m 10s | thequantuminsider_2023_12_08_trapped_ion_quantum_computer_now_available_in_munich_quantum_valley] Edges: 3

[01:00:58 +8m 10s | thequantuminsider_2023_12_08_trapped_ion_quantum_computer_now_available_in_munich_quantum_valley] Done. Outputs written to: /home/lv/IDP/idpdeeptech/pipeline/news_outputs/thequantuminsider_2023_12_08_trapped_ion_quantum_computer_now_available_in_munich_quantum_valley
[01:00:58 +8m 10s | thequantuminsider_2023_12_08_trapped_ion_quantum_computer_now_available_in_munich_quantum_valley] Log: /home/lv/IDP/idpdeeptech/pipeline/news_outputs/thequantuminsider_2023_12_08_trapped_ion_quantum_computer_now_available_in_munich_quantum_valley/run.log

========================================================================
RUN FINISHED 2026-07-05 01:00:58  (OK)
Started:     2026-07-05 00:53:02
Elapsed:     8m 10s
========================================================================
