
========================================================================
RUN STARTED  2026-07-05 02:33:21
site_pipeline.py https://thequantuminsider.com/2023/11/22/15-million-project-to-help-make-south-carolina-workforce-quantum-ready-attract-quantum-business/
========================================================================

[02:33:21 +0s | thequantuminsider_2023_11_22_15_million_project_to_help_make_south_carolina_workforce_qua_a7d4a754] === 0 crawl site ===
[02:33:22 +1s | thequantuminsider_2023_11_22_15_million_project_to_help_make_south_carolina_workforce_qua_a7d4a754] [INIT].... → Crawl4AI 0.8.6 
[02:33:24 +3s | thequantuminsider_2023_11_22_15_million_project_to_help_make_south_carolina_workforce_qua_a7d4a754] [FETCH]... ↓ https://thequantuminsider.com/2023/11/22/15-mill...orkforce-quantum-ready-attract-quantum-business/  | ✓ | ⏱: 1.89s 
[02:33:24 +3s | thequantuminsider_2023_11_22_15_million_project_to_help_make_south_carolina_workforce_qua_a7d4a754] [SCRAPE].. ◆ https://thequantuminsider.com/2023/11/22/15-mill...orkforce-quantum-ready-attract-quantum-business/  | ✓ | ⏱: 0.14s 
[02:33:24 +3s | thequantuminsider_2023_11_22_15_million_project_to_help_make_south_carolina_workforce_qua_a7d4a754] [COMPLETE] ● https://thequantuminsider.com/2023/11/22/15-mill...orkforce-quantum-ready-attract-quantum-business/  | ✓ | ⏱: 2.05s 
[02:33:24 +3s | thequantuminsider_2023_11_22_15_million_project_to_help_make_south_carolina_workforce_qua_a7d4a754] Saved: crawl_output/d577ff1234_thequantuminsider.com_2023_11_22_15-million-project-to-help-make-south-carolina-workforce-quantum-ready-attract-quantum-business.json

[02:33:25 +4s | thequantuminsider_2023_11_22_15_million_project_to_help_make_south_carolina_workforce_qua_a7d4a754] === 1 actor extraction ===
[02:33:25 +4s | thequantuminsider_2023_11_22_15_million_project_to_help_make_south_carolina_workforce_qua_a7d4a754] Reading page (1/1): https://thequantuminsider.com/2023/11/22/15-million-project-to-help-make-south-carolina-workforce-quantum-ready-attract-quantum-business
[02:33:25 +4s | thequantuminsider_2023_11_22_15_million_project_to_help_make_south_carolina_workforce_qua_a7d4a754] Extracting actors: https://thequantuminsider.com/2023/11/22/15-million-project-to-help-make-south-carolina-workforce-quantum-ready-attract-quantum-business (1/1), chunk 1/37
[02:33:31 +10s | thequantuminsider_2023_11_22_15_million_project_to_help_make_south_carolina_workforce_qua_a7d4a754] Extracting actors: https://thequantuminsider.com/2023/11/22/15-million-project-to-help-make-south-carolina-workforce-quantum-ready-attract-quantum-business (1/1), chunk 2/37
[02:33:35 +14s | thequantuminsider_2023_11_22_15_million_project_to_help_make_south_carolina_workforce_qua_a7d4a754] Extracting actors: https://thequantuminsider.com/2023/11/22/15-million-project-to-help-make-south-carolina-workforce-quantum-ready-attract-quantum-business (1/1), chunk 3/37
[02:33:41 +21s | thequantuminsider_2023_11_22_15_million_project_to_help_make_south_carolina_workforce_qua_a7d4a754] Repaired malformed JSON.
[02:33:41 +21s | thequantuminsider_2023_11_22_15_million_project_to_help_make_south_carolina_workforce_qua_a7d4a754] Extracting actors: https://thequantuminsider.com/2023/11/22/15-million-project-to-help-make-south-carolina-workforce-quantum-ready-attract-quantum-business (1/1), chunk 4/37
[02:33:48 +28s | thequantuminsider_2023_11_22_15_million_project_to_help_make_south_carolina_workforce_qua_a7d4a754] Extracting actors: https://thequantuminsider.com/2023/11/22/15-million-project-to-help-make-south-carolina-workforce-quantum-ready-attract-quantum-business (1/1), chunk 5/37
[02:33:56 +36s | thequantuminsider_2023_11_22_15_million_project_to_help_make_south_carolina_workforce_qua_a7d4a754] Extracting actors: https://thequantuminsider.com/2023/11/22/15-million-project-to-help-make-south-carolina-workforce-quantum-ready-attract-quantum-business (1/1), chunk 6/37
[02:34:02 +42s | thequantuminsider_2023_11_22_15_million_project_to_help_make_south_carolina_workforce_qua_a7d4a754] Extracting actors: https://thequantuminsider.com/2023/11/22/15-million-project-to-help-make-south-carolina-workforce-quantum-ready-attract-quantum-business (1/1), chunk 7/37
[02:34:10 +51s | thequantuminsider_2023_11_22_15_million_project_to_help_make_south_carolina_workforce_qua_a7d4a754] Extracting actors: https://thequantuminsider.com/2023/11/22/15-million-project-to-help-make-south-carolina-workforce-quantum-ready-attract-quantum-business (1/1), chunk 8/37
[02:34:16 +57s | thequantuminsider_2023_11_22_15_million_project_to_help_make_south_carolina_workforce_qua_a7d4a754] Extracting actors: https://thequantuminsider.com/2023/11/22/15-million-project-to-help-make-south-carolina-workforce-quantum-ready-attract-quantum-business (1/1), chunk 9/37
[02:34:22 +1m 3s | thequantuminsider_2023_11_22_15_million_project_to_help_make_south_carolina_workforce_qua_a7d4a754] Extracting actors: https://thequantuminsider.com/2023/11/22/15-million-project-to-help-make-south-carolina-workforce-quantum-ready-attract-quantum-business (1/1), chunk 10/37
[02:34:28 +1m 9s | thequantuminsider_2023_11_22_15_million_project_to_help_make_south_carolina_workforce_qua_a7d4a754] Extracting actors: https://thequantuminsider.com/2023/11/22/15-million-project-to-help-make-south-carolina-workforce-quantum-ready-attract-quantum-business (1/1), chunk 11/37
[02:34:36 +1m 17s | thequantuminsider_2023_11_22_15_million_project_to_help_make_south_carolina_workforce_qua_a7d4a754] Repaired malformed JSON.
[02:34:36 +1m 17s | thequantuminsider_2023_11_22_15_million_project_to_help_make_south_carolina_workforce_qua_a7d4a754] Extracting actors: https://thequantuminsider.com/2023/11/22/15-million-project-to-help-make-south-carolina-workforce-quantum-ready-attract-quantum-business (1/1), chunk 12/37
[02:34:44 +1m 27s | thequantuminsider_2023_11_22_15_million_project_to_help_make_south_carolina_workforce_qua_a7d4a754] Repaired malformed JSON.
[02:34:44 +1m 27s | thequantuminsider_2023_11_22_15_million_project_to_help_make_south_carolina_workforce_qua_a7d4a754] Extracting actors: https://thequantuminsider.com/2023/11/22/15-million-project-to-help-make-south-carolina-workforce-quantum-ready-attract-quantum-business (1/1), chunk 13/37
[02:34:51 +1m 34s | thequantuminsider_2023_11_22_15_million_project_to_help_make_south_carolina_workforce_qua_a7d4a754] Repaired malformed JSON.
[02:34:51 +1m 34s | thequantuminsider_2023_11_22_15_million_project_to_help_make_south_carolina_workforce_qua_a7d4a754] Extracting actors: https://thequantuminsider.com/2023/11/22/15-million-project-to-help-make-south-carolina-workforce-quantum-ready-attract-quantum-business (1/1), chunk 14/37
[02:34:57 +1m 40s | thequantuminsider_2023_11_22_15_million_project_to_help_make_south_carolina_workforce_qua_a7d4a754] Repaired malformed JSON.
[02:34:57 +1m 40s | thequantuminsider_2023_11_22_15_million_project_to_help_make_south_carolina_workforce_qua_a7d4a754] Extracting actors: https://thequantuminsider.com/2023/11/22/15-million-project-to-help-make-south-carolina-workforce-quantum-ready-attract-quantum-business (1/1), chunk 15/37
[02:35:20 +2m 4s | thequantuminsider_2023_11_22_15_million_project_to_help_make_south_carolina_workforce_qua_a7d4a754] Repaired malformed JSON.
[02:35:20 +2m 4s | thequantuminsider_2023_11_22_15_million_project_to_help_make_south_carolina_workforce_qua_a7d4a754] Extracting actors: https://thequantuminsider.com/2023/11/22/15-million-project-to-help-make-south-carolina-workforce-quantum-ready-attract-quantum-business (1/1), chunk 16/37
[02:35:29 +2m 13s | thequantuminsider_2023_11_22_15_million_project_to_help_make_south_carolina_workforce_qua_a7d4a754] Repaired malformed JSON.
[02:35:29 +2m 13s | thequantuminsider_2023_11_22_15_million_project_to_help_make_south_carolina_workforce_qua_a7d4a754] Extracting actors: https://thequantuminsider.com/2023/11/22/15-million-project-to-help-make-south-carolina-workforce-quantum-ready-attract-quantum-business (1/1), chunk 17/37
[02:35:48 +2m 33s | thequantuminsider_2023_11_22_15_million_project_to_help_make_south_carolina_workforce_qua_a7d4a754] Repaired malformed JSON.
[02:35:48 +2m 33s | thequantuminsider_2023_11_22_15_million_project_to_help_make_south_carolina_workforce_qua_a7d4a754] Extracting actors: https://thequantuminsider.com/2023/11/22/15-million-project-to-help-make-south-carolina-workforce-quantum-ready-attract-quantum-business (1/1), chunk 18/37
[02:35:54 +2m 39s | thequantuminsider_2023_11_22_15_million_project_to_help_make_south_carolina_workforce_qua_a7d4a754] Extracting actors: https://thequantuminsider.com/2023/11/22/15-million-project-to-help-make-south-carolina-workforce-quantum-ready-attract-quantum-business (1/1), chunk 19/37
[02:36:01 +2m 46s | thequantuminsider_2023_11_22_15_million_project_to_help_make_south_carolina_workforce_qua_a7d4a754] Extracting actors: https://thequantuminsider.com/2023/11/22/15-million-project-to-help-make-south-carolina-workforce-quantum-ready-attract-quantum-business (1/1), chunk 20/37
[02:36:09 +2m 54s | thequantuminsider_2023_11_22_15_million_project_to_help_make_south_carolina_workforce_qua_a7d4a754] Repaired malformed JSON.
[02:36:09 +2m 54s | thequantuminsider_2023_11_22_15_million_project_to_help_make_south_carolina_workforce_qua_a7d4a754] Extracting actors: https://thequantuminsider.com/2023/11/22/15-million-project-to-help-make-south-carolina-workforce-quantum-ready-attract-quantum-business (1/1), chunk 21/37
[02:36:15 +3m 1s | thequantuminsider_2023_11_22_15_million_project_to_help_make_south_carolina_workforce_qua_a7d4a754] Repaired malformed JSON.
[02:36:15 +3m 1s | thequantuminsider_2023_11_22_15_million_project_to_help_make_south_carolina_workforce_qua_a7d4a754] Extracting actors: https://thequantuminsider.com/2023/11/22/15-million-project-to-help-make-south-carolina-workforce-quantum-ready-attract-quantum-business (1/1), chunk 22/37
[02:36:23 +3m 10s | thequantuminsider_2023_11_22_15_million_project_to_help_make_south_carolina_workforce_qua_a7d4a754] Repaired malformed JSON.
[02:36:23 +3m 10s | thequantuminsider_2023_11_22_15_million_project_to_help_make_south_carolina_workforce_qua_a7d4a754] Extracting actors: https://thequantuminsider.com/2023/11/22/15-million-project-to-help-make-south-carolina-workforce-quantum-ready-attract-quantum-business (1/1), chunk 23/37
[02:36:32 +3m 19s | thequantuminsider_2023_11_22_15_million_project_to_help_make_south_carolina_workforce_qua_a7d4a754] Repaired malformed JSON.
[02:36:32 +3m 19s | thequantuminsider_2023_11_22_15_million_project_to_help_make_south_carolina_workforce_qua_a7d4a754] Extracting actors: https://thequantuminsider.com/2023/11/22/15-million-project-to-help-make-south-carolina-workforce-quantum-ready-attract-quantum-business (1/1), chunk 24/37
[02:36:37 +3m 24s | thequantuminsider_2023_11_22_15_million_project_to_help_make_south_carolina_workforce_qua_a7d4a754] Repaired malformed JSON.
[02:36:37 +3m 24s | thequantuminsider_2023_11_22_15_million_project_to_help_make_south_carolina_workforce_qua_a7d4a754] Extracting actors: https://thequantuminsider.com/2023/11/22/15-million-project-to-help-make-south-carolina-workforce-quantum-ready-attract-quantum-business (1/1), chunk 25/37
[02:36:43 +3m 31s | thequantuminsider_2023_11_22_15_million_project_to_help_make_south_carolina_workforce_qua_a7d4a754] Extracting actors: https://thequantuminsider.com/2023/11/22/15-million-project-to-help-make-south-carolina-workforce-quantum-ready-attract-quantum-business (1/1), chunk 26/37
[02:37:11 +3m 59s | thequantuminsider_2023_11_22_15_million_project_to_help_make_south_carolina_workforce_qua_a7d4a754] Repaired malformed JSON.
[02:37:11 +3m 59s | thequantuminsider_2023_11_22_15_million_project_to_help_make_south_carolina_workforce_qua_a7d4a754] Extracting actors: https://thequantuminsider.com/2023/11/22/15-million-project-to-help-make-south-carolina-workforce-quantum-ready-attract-quantum-business (1/1), chunk 27/37
[02:37:35 +4m 24s | thequantuminsider_2023_11_22_15_million_project_to_help_make_south_carolina_workforce_qua_a7d4a754] Extracting actors: https://thequantuminsider.com/2023/11/22/15-million-project-to-help-make-south-carolina-workforce-quantum-ready-attract-quantum-business (1/1), chunk 28/37
[02:37:43 +4m 32s | thequantuminsider_2023_11_22_15_million_project_to_help_make_south_carolina_workforce_qua_a7d4a754] Repaired malformed JSON.
[02:37:43 +4m 32s | thequantuminsider_2023_11_22_15_million_project_to_help_make_south_carolina_workforce_qua_a7d4a754] Extracting actors: https://thequantuminsider.com/2023/11/22/15-million-project-to-help-make-south-carolina-workforce-quantum-ready-attract-quantum-business (1/1), chunk 29/37
[02:37:52 +4m 42s | thequantuminsider_2023_11_22_15_million_project_to_help_make_south_carolina_workforce_qua_a7d4a754] Repaired malformed JSON.
[02:37:52 +4m 42s | thequantuminsider_2023_11_22_15_million_project_to_help_make_south_carolina_workforce_qua_a7d4a754] Extracting actors: https://thequantuminsider.com/2023/11/22/15-million-project-to-help-make-south-carolina-workforce-quantum-ready-attract-quantum-business (1/1), chunk 30/37
[02:38:01 +4m 52s | thequantuminsider_2023_11_22_15_million_project_to_help_make_south_carolina_workforce_qua_a7d4a754] Repaired malformed JSON.
[02:38:01 +4m 52s | thequantuminsider_2023_11_22_15_million_project_to_help_make_south_carolina_workforce_qua_a7d4a754] Extracting actors: https://thequantuminsider.com/2023/11/22/15-million-project-to-help-make-south-carolina-workforce-quantum-ready-attract-quantum-business (1/1), chunk 31/37
[02:38:08 +4m 59s | thequantuminsider_2023_11_22_15_million_project_to_help_make_south_carolina_workforce_qua_a7d4a754] Repaired malformed JSON.
[02:38:08 +4m 59s | thequantuminsider_2023_11_22_15_million_project_to_help_make_south_carolina_workforce_qua_a7d4a754] Extracting actors: https://thequantuminsider.com/2023/11/22/15-million-project-to-help-make-south-carolina-workforce-quantum-ready-attract-quantum-business (1/1), chunk 32/37
[02:38:19 +5m 11s | thequantuminsider_2023_11_22_15_million_project_to_help_make_south_carolina_workforce_qua_a7d4a754] Extracting actors: https://thequantuminsider.com/2023/11/22/15-million-project-to-help-make-south-carolina-workforce-quantum-ready-attract-quantum-business (1/1), chunk 33/37
[02:38:28 +5m 20s | thequantuminsider_2023_11_22_15_million_project_to_help_make_south_carolina_workforce_qua_a7d4a754] Repaired malformed JSON.
[02:38:28 +5m 20s | thequantuminsider_2023_11_22_15_million_project_to_help_make_south_carolina_workforce_qua_a7d4a754] Extracting actors: https://thequantuminsider.com/2023/11/22/15-million-project-to-help-make-south-carolina-workforce-quantum-ready-attract-quantum-business (1/1), chunk 34/37
[02:38:34 +5m 26s | thequantuminsider_2023_11_22_15_million_project_to_help_make_south_carolina_workforce_qua_a7d4a754] Extracting actors: https://thequantuminsider.com/2023/11/22/15-million-project-to-help-make-south-carolina-workforce-quantum-ready-attract-quantum-business (1/1), chunk 35/37
[02:38:42 +5m 34s | thequantuminsider_2023_11_22_15_million_project_to_help_make_south_carolina_workforce_qua_a7d4a754] Repaired malformed JSON.
[02:38:42 +5m 34s | thequantuminsider_2023_11_22_15_million_project_to_help_make_south_carolina_workforce_qua_a7d4a754] Extracting actors: https://thequantuminsider.com/2023/11/22/15-million-project-to-help-make-south-carolina-workforce-quantum-ready-attract-quantum-business (1/1), chunk 36/37
[02:38:51 +5m 44s | thequantuminsider_2023_11_22_15_million_project_to_help_make_south_carolina_workforce_qua_a7d4a754] Repaired malformed JSON.
[02:38:51 +5m 44s | thequantuminsider_2023_11_22_15_million_project_to_help_make_south_carolina_workforce_qua_a7d4a754] Extracting actors: https://thequantuminsider.com/2023/11/22/15-million-project-to-help-make-south-carolina-workforce-quantum-ready-attract-quantum-business (1/1), chunk 37/37
[02:38:59 +5m 52s | thequantuminsider_2023_11_22_15_million_project_to_help_make_south_carolina_workforce_qua_a7d4a754] Repaired malformed JSON.
[02:38:59 +5m 52s | thequantuminsider_2023_11_22_15_million_project_to_help_make_south_carolina_workforce_qua_a7d4a754] Saved 1_actor_results.json with 57 extracted records

[02:38:59 +5m 52s | thequantuminsider_2023_11_22_15_million_project_to_help_make_south_carolina_workforce_qua_a7d4a754] === 2 clean actors ===
[02:38:59 +5m 52s | thequantuminsider_2023_11_22_15_million_project_to_help_make_south_carolina_workforce_qua_a7d4a754] Loaded 57 extracted records
[02:38:59 +5m 52s | thequantuminsider_2023_11_22_15_million_project_to_help_make_south_carolina_workforce_qua_a7d4a754] Saved 2_actor_nodes.json with 23 canonical actor nodes

[02:38:59 +5m 52s | thequantuminsider_2023_11_22_15_million_project_to_help_make_south_carolina_workforce_qua_a7d4a754] === 3 interaction extraction ===
[02:38:59 +5m 52s | thequantuminsider_2023_11_22_15_million_project_to_help_make_south_carolina_workforce_qua_a7d4a754] Extracting interactions: https://thequantuminsider.com/2023/11/22/15-million-project-to-help-make-south-carolina-workforce-quantum-ready-attract-quantum-business (1/1), chunk 11/37
[02:39:07 +6m 0s | thequantuminsider_2023_11_22_15_million_project_to_help_make_south_carolina_workforce_qua_a7d4a754] Extracting interactions: https://thequantuminsider.com/2023/11/22/15-million-project-to-help-make-south-carolina-workforce-quantum-ready-attract-quantum-business (1/1), chunk 12/37
[02:39:17 +6m 11s | thequantuminsider_2023_11_22_15_million_project_to_help_make_south_carolina_workforce_qua_a7d4a754] Extracting interactions: https://thequantuminsider.com/2023/11/22/15-million-project-to-help-make-south-carolina-workforce-quantum-ready-attract-quantum-business (1/1), chunk 13/37
[02:40:01 +6m 57s | thequantuminsider_2023_11_22_15_million_project_to_help_make_south_carolina_workforce_qua_a7d4a754] Extracting interactions: https://thequantuminsider.com/2023/11/22/15-million-project-to-help-make-south-carolina-workforce-quantum-ready-attract-quantum-business (1/1), chunk 14/37
[02:40:24 +7m 22s | thequantuminsider_2023_11_22_15_million_project_to_help_make_south_carolina_workforce_qua_a7d4a754] Extracting interactions: https://thequantuminsider.com/2023/11/22/15-million-project-to-help-make-south-carolina-workforce-quantum-ready-attract-quantum-business (1/1), chunk 15/37
[02:40:50 +7m 49s | thequantuminsider_2023_11_22_15_million_project_to_help_make_south_carolina_workforce_qua_a7d4a754] Extracting interactions: https://thequantuminsider.com/2023/11/22/15-million-project-to-help-make-south-carolina-workforce-quantum-ready-attract-quantum-business (1/1), chunk 16/37
[02:41:26 +8m 26s | thequantuminsider_2023_11_22_15_million_project_to_help_make_south_carolina_workforce_qua_a7d4a754] Extracting interactions: https://thequantuminsider.com/2023/11/22/15-million-project-to-help-make-south-carolina-workforce-quantum-ready-attract-quantum-business (1/1), chunk 17/37
[02:41:33 +8m 33s | thequantuminsider_2023_11_22_15_million_project_to_help_make_south_carolina_workforce_qua_a7d4a754] Extracting interactions: https://thequantuminsider.com/2023/11/22/15-million-project-to-help-make-south-carolina-workforce-quantum-ready-attract-quantum-business (1/1), chunk 18/37
[02:41:35 +8m 35s | thequantuminsider_2023_11_22_15_million_project_to_help_make_south_carolina_workforce_qua_a7d4a754] Extracting interactions: https://thequantuminsider.com/2023/11/22/15-million-project-to-help-make-south-carolina-workforce-quantum-ready-attract-quantum-business (1/1), chunk 19/37
[02:41:37 +8m 37s | thequantuminsider_2023_11_22_15_million_project_to_help_make_south_carolina_workforce_qua_a7d4a754] Extracting interactions: https://thequantuminsider.com/2023/11/22/15-million-project-to-help-make-south-carolina-workforce-quantum-ready-attract-quantum-business (1/1), chunk 20/37
[02:41:39 +8m 39s | thequantuminsider_2023_11_22_15_million_project_to_help_make_south_carolina_workforce_qua_a7d4a754] Extracting interactions: https://thequantuminsider.com/2023/11/22/15-million-project-to-help-make-south-carolina-workforce-quantum-ready-attract-quantum-business (1/1), chunk 21/37
[02:42:03 +9m 5s | thequantuminsider_2023_11_22_15_million_project_to_help_make_south_carolina_workforce_qua_a7d4a754] Extracting interactions: https://thequantuminsider.com/2023/11/22/15-million-project-to-help-make-south-carolina-workforce-quantum-ready-attract-quantum-business (1/1), chunk 22/37
[02:42:09 +9m 11s | thequantuminsider_2023_11_22_15_million_project_to_help_make_south_carolina_workforce_qua_a7d4a754] Extracting interactions: https://thequantuminsider.com/2023/11/22/15-million-project-to-help-make-south-carolina-workforce-quantum-ready-attract-quantum-business (1/1), chunk 23/37
[02:42:11 +9m 12s | thequantuminsider_2023_11_22_15_million_project_to_help_make_south_carolina_workforce_qua_a7d4a754] Extracting interactions: https://thequantuminsider.com/2023/11/22/15-million-project-to-help-make-south-carolina-workforce-quantum-ready-attract-quantum-business (1/1), chunk 24/37
[02:42:13 +9m 14s | thequantuminsider_2023_11_22_15_million_project_to_help_make_south_carolina_workforce_qua_a7d4a754] Extracting interactions: https://thequantuminsider.com/2023/11/22/15-million-project-to-help-make-south-carolina-workforce-quantum-ready-attract-quantum-business (1/1), chunk 25/37
[02:42:19 +9m 21s | thequantuminsider_2023_11_22_15_million_project_to_help_make_south_carolina_workforce_qua_a7d4a754] Extracting interactions: https://thequantuminsider.com/2023/11/22/15-million-project-to-help-make-south-carolina-workforce-quantum-ready-attract-quantum-business (1/1), chunk 26/37
[02:42:23 +9m 26s | thequantuminsider_2023_11_22_15_million_project_to_help_make_south_carolina_workforce_qua_a7d4a754] Extracting interactions: https://thequantuminsider.com/2023/11/22/15-million-project-to-help-make-south-carolina-workforce-quantum-ready-attract-quantum-business (1/1), chunk 27/37
[02:42:25 +9m 27s | thequantuminsider_2023_11_22_15_million_project_to_help_make_south_carolina_workforce_qua_a7d4a754] Extracting interactions: https://thequantuminsider.com/2023/11/22/15-million-project-to-help-make-south-carolina-workforce-quantum-ready-attract-quantum-business (1/1), chunk 28/37
[02:42:29 +9m 32s | thequantuminsider_2023_11_22_15_million_project_to_help_make_south_carolina_workforce_qua_a7d4a754] Extracting interactions: https://thequantuminsider.com/2023/11/22/15-million-project-to-help-make-south-carolina-workforce-quantum-ready-attract-quantum-business (1/1), chunk 29/37
[02:42:31 +9m 34s | thequantuminsider_2023_11_22_15_million_project_to_help_make_south_carolina_workforce_qua_a7d4a754] Extracting interactions: https://thequantuminsider.com/2023/11/22/15-million-project-to-help-make-south-carolina-workforce-quantum-ready-attract-quantum-business (1/1), chunk 30/37
[02:42:33 +9m 35s | thequantuminsider_2023_11_22_15_million_project_to_help_make_south_carolina_workforce_qua_a7d4a754] Extracting interactions: https://thequantuminsider.com/2023/11/22/15-million-project-to-help-make-south-carolina-workforce-quantum-ready-attract-quantum-business (1/1), chunk 31/37
[02:42:53 +9m 55s | thequantuminsider_2023_11_22_15_million_project_to_help_make_south_carolina_workforce_qua_a7d4a754] Extracting interactions: https://thequantuminsider.com/2023/11/22/15-million-project-to-help-make-south-carolina-workforce-quantum-ready-attract-quantum-business (1/1), chunk 32/37
[02:42:53 +9m 57s | thequantuminsider_2023_11_22_15_million_project_to_help_make_south_carolina_workforce_qua_a7d4a754] Extracting interactions: https://thequantuminsider.com/2023/11/22/15-million-project-to-help-make-south-carolina-workforce-quantum-ready-attract-quantum-business (1/1), chunk 33/37
[02:42:54 +9m 58s | thequantuminsider_2023_11_22_15_million_project_to_help_make_south_carolina_workforce_qua_a7d4a754] Extracting interactions: https://thequantuminsider.com/2023/11/22/15-million-project-to-help-make-south-carolina-workforce-quantum-ready-attract-quantum-business (1/1), chunk 35/37
[02:42:56 +10m 0s | thequantuminsider_2023_11_22_15_million_project_to_help_make_south_carolina_workforce_qua_a7d4a754] Extracting interactions: https://thequantuminsider.com/2023/11/22/15-million-project-to-help-make-south-carolina-workforce-quantum-ready-attract-quantum-business (1/1), chunk 36/37
[02:42:57 +10m 1s | thequantuminsider_2023_11_22_15_million_project_to_help_make_south_carolina_workforce_qua_a7d4a754] Extracting interactions: https://thequantuminsider.com/2023/11/22/15-million-project-to-help-make-south-carolina-workforce-quantum-ready-attract-quantum-business (1/1), chunk 37/37
[02:42:59 +10m 3s | thequantuminsider_2023_11_22_15_million_project_to_help_make_south_carolina_workforce_qua_a7d4a754] Saved 3_interaction_results.json with 30 extracted interactions.

[02:42:59 +10m 3s | thequantuminsider_2023_11_22_15_million_project_to_help_make_south_carolina_workforce_qua_a7d4a754] === 4 clean interactions ===
[02:42:59 +10m 3s | thequantuminsider_2023_11_22_15_million_project_to_help_make_south_carolina_workforce_qua_a7d4a754] Saved 4_edges.json with 2 cleaned interactions.

[02:42:59 +10m 3s | thequantuminsider_2023_11_22_15_million_project_to_help_make_south_carolina_workforce_qua_a7d4a754] === 5 helix enrichment ===
[02:42:59 +10m 3s | thequantuminsider_2023_11_22_15_million_project_to_help_make_south_carolina_workforce_qua_a7d4a754] Wrote 5_nodes.json (23 actors)
[02:42:59 +10m 3s | thequantuminsider_2023_11_22_15_million_project_to_help_make_south_carolina_workforce_qua_a7d4a754] Wrote 5_edges.json (2 interactions)
[02:42:59 +10m 3s | thequantuminsider_2023_11_22_15_million_project_to_help_make_south_carolina_workforce_qua_a7d4a754] Actor helix counts: {'Academia': 4, 'Civil Society': 6, 'Government': 1, 'Industry': 2, 'Intermediary': 2, 'Unknown': 8}
[02:42:59 +10m 3s | thequantuminsider_2023_11_22_15_million_project_to_help_make_south_carolina_workforce_qua_a7d4a754] Functional-space counts: {'Consensus': 1, 'Unknown': 1}

[02:42:59 +10m 3s | thequantuminsider_2023_11_22_15_million_project_to_help_make_south_carolina_workforce_qua_a7d4a754] === 6 network visualisation ===
[02:42:59 +10m 3s | thequantuminsider_2023_11_22_15_million_project_to_help_make_south_carolina_workforce_qua_a7d4a754] Wrote quantum_network.html
[02:42:59 +10m 3s | thequantuminsider_2023_11_22_15_million_project_to_help_make_south_carolina_workforce_qua_a7d4a754] Nodes: 23
[02:42:59 +10m 3s | thequantuminsider_2023_11_22_15_million_project_to_help_make_south_carolina_workforce_qua_a7d4a754] Edges: 2

[02:43:00 +10m 3s | thequantuminsider_2023_11_22_15_million_project_to_help_make_south_carolina_workforce_qua_a7d4a754] Done. Outputs written to: /home/lv/IDP/idpdeeptech/pipeline/news_outputs/thequantuminsider_2023_11_22_15_million_project_to_help_make_south_carolina_workforce_qua_a7d4a754
[02:43:00 +10m 3s | thequantuminsider_2023_11_22_15_million_project_to_help_make_south_carolina_workforce_qua_a7d4a754] Log: /home/lv/IDP/idpdeeptech/pipeline/news_outputs/thequantuminsider_2023_11_22_15_million_project_to_help_make_south_carolina_workforce_qua_a7d4a754/run.log

========================================================================
RUN FINISHED 2026-07-05 02:43:00  (OK)
Started:     2026-07-05 02:33:21
Elapsed:     10m 3s
========================================================================
