
========================================================================
RUN STARTED  2026-07-05 04:13:55
site_pipeline.py https://thequantuminsider.com/2023/11/04/science-committee-leaders-introduce-quantum-leadership-bill-publish-full-draft/
========================================================================

[04:13:55 +0s | thequantuminsider_2023_11_04_science_committee_leaders_introduce_quantum_leadership_bill_842a4965] === 0 crawl site ===
[04:13:57 +1s | thequantuminsider_2023_11_04_science_committee_leaders_introduce_quantum_leadership_bill_842a4965] [INIT].... → Crawl4AI 0.8.6 
[04:13:58 +3s | thequantuminsider_2023_11_04_science_committee_leaders_introduce_quantum_leadership_bill_842a4965] [FETCH]... ↓ https://thequantuminsider.com/2023/11/04/science...duce-quantum-leadership-bill-publish-full-draft/  | ✓ | ⏱: 1.84s 
[04:13:59 +3s | thequantuminsider_2023_11_04_science_committee_leaders_introduce_quantum_leadership_bill_842a4965] [SCRAPE].. ◆ https://thequantuminsider.com/2023/11/04/science...duce-quantum-leadership-bill-publish-full-draft/  | ✓ | ⏱: 0.12s 
[04:13:59 +3s | thequantuminsider_2023_11_04_science_committee_leaders_introduce_quantum_leadership_bill_842a4965] [COMPLETE] ● https://thequantuminsider.com/2023/11/04/science...duce-quantum-leadership-bill-publish-full-draft/  | ✓ | ⏱: 1.99s 
[04:13:59 +3s | thequantuminsider_2023_11_04_science_committee_leaders_introduce_quantum_leadership_bill_842a4965] Saved: crawl_output/971addc0a7_thequantuminsider.com_2023_11_04_science-committee-leaders-introduce-quantum-leadership-bill-publish-full-draft.json

[04:13:59 +4s | thequantuminsider_2023_11_04_science_committee_leaders_introduce_quantum_leadership_bill_842a4965] === 1 actor extraction ===
[04:13:59 +4s | thequantuminsider_2023_11_04_science_committee_leaders_introduce_quantum_leadership_bill_842a4965] Reading page (1/1): https://thequantuminsider.com/2023/11/04/science-committee-leaders-introduce-quantum-leadership-bill-publish-full-draft
[04:13:59 +4s | thequantuminsider_2023_11_04_science_committee_leaders_introduce_quantum_leadership_bill_842a4965] Extracting actors: https://thequantuminsider.com/2023/11/04/science-committee-leaders-introduce-quantum-leadership-bill-publish-full-draft (1/1), chunk 1/37
[04:14:04 +11s | thequantuminsider_2023_11_04_science_committee_leaders_introduce_quantum_leadership_bill_842a4965] Extracting actors: https://thequantuminsider.com/2023/11/04/science-committee-leaders-introduce-quantum-leadership-bill-publish-full-draft (1/1), chunk 2/37
[04:14:09 +15s | thequantuminsider_2023_11_04_science_committee_leaders_introduce_quantum_leadership_bill_842a4965] Extracting actors: https://thequantuminsider.com/2023/11/04/science-committee-leaders-introduce-quantum-leadership-bill-publish-full-draft (1/1), chunk 3/37
[04:14:16 +22s | thequantuminsider_2023_11_04_science_committee_leaders_introduce_quantum_leadership_bill_842a4965] Extracting actors: https://thequantuminsider.com/2023/11/04/science-committee-leaders-introduce-quantum-leadership-bill-publish-full-draft (1/1), chunk 4/37
[04:14:22 +28s | thequantuminsider_2023_11_04_science_committee_leaders_introduce_quantum_leadership_bill_842a4965] Extracting actors: https://thequantuminsider.com/2023/11/04/science-committee-leaders-introduce-quantum-leadership-bill-publish-full-draft (1/1), chunk 5/37
[04:14:26 +32s | thequantuminsider_2023_11_04_science_committee_leaders_introduce_quantum_leadership_bill_842a4965] Extracting actors: https://thequantuminsider.com/2023/11/04/science-committee-leaders-introduce-quantum-leadership-bill-publish-full-draft (1/1), chunk 6/37
[04:14:41 +49s | thequantuminsider_2023_11_04_science_committee_leaders_introduce_quantum_leadership_bill_842a4965] Extracting actors: https://thequantuminsider.com/2023/11/04/science-committee-leaders-introduce-quantum-leadership-bill-publish-full-draft (1/1), chunk 7/37
[04:14:47 +56s | thequantuminsider_2023_11_04_science_committee_leaders_introduce_quantum_leadership_bill_842a4965] Extracting actors: https://thequantuminsider.com/2023/11/04/science-committee-leaders-introduce-quantum-leadership-bill-publish-full-draft (1/1), chunk 8/37
[04:14:54 +1m 2s | thequantuminsider_2023_11_04_science_committee_leaders_introduce_quantum_leadership_bill_842a4965] Extracting actors: https://thequantuminsider.com/2023/11/04/science-committee-leaders-introduce-quantum-leadership-bill-publish-full-draft (1/1), chunk 9/37
[04:14:58 +1m 7s | thequantuminsider_2023_11_04_science_committee_leaders_introduce_quantum_leadership_bill_842a4965] Extracting actors: https://thequantuminsider.com/2023/11/04/science-committee-leaders-introduce-quantum-leadership-bill-publish-full-draft (1/1), chunk 10/37
[04:15:01 +1m 11s | thequantuminsider_2023_11_04_science_committee_leaders_introduce_quantum_leadership_bill_842a4965] Extracting actors: https://thequantuminsider.com/2023/11/04/science-committee-leaders-introduce-quantum-leadership-bill-publish-full-draft (1/1), chunk 11/37
[04:15:26 +1m 36s | thequantuminsider_2023_11_04_science_committee_leaders_introduce_quantum_leadership_bill_842a4965] Repaired malformed JSON.
[04:15:26 +1m 36s | thequantuminsider_2023_11_04_science_committee_leaders_introduce_quantum_leadership_bill_842a4965] Extracting actors: https://thequantuminsider.com/2023/11/04/science-committee-leaders-introduce-quantum-leadership-bill-publish-full-draft (1/1), chunk 12/37
[04:15:33 +1m 45s | thequantuminsider_2023_11_04_science_committee_leaders_introduce_quantum_leadership_bill_842a4965] Repaired malformed JSON.
[04:15:33 +1m 45s | thequantuminsider_2023_11_04_science_committee_leaders_introduce_quantum_leadership_bill_842a4965] Extracting actors: https://thequantuminsider.com/2023/11/04/science-committee-leaders-introduce-quantum-leadership-bill-publish-full-draft (1/1), chunk 13/37
[04:15:40 +1m 52s | thequantuminsider_2023_11_04_science_committee_leaders_introduce_quantum_leadership_bill_842a4965] Repaired malformed JSON.
[04:15:40 +1m 52s | thequantuminsider_2023_11_04_science_committee_leaders_introduce_quantum_leadership_bill_842a4965] Extracting actors: https://thequantuminsider.com/2023/11/04/science-committee-leaders-introduce-quantum-leadership-bill-publish-full-draft (1/1), chunk 14/37
[04:16:06 +2m 19s | thequantuminsider_2023_11_04_science_committee_leaders_introduce_quantum_leadership_bill_842a4965] Repaired malformed JSON.
[04:16:06 +2m 19s | thequantuminsider_2023_11_04_science_committee_leaders_introduce_quantum_leadership_bill_842a4965] Extracting actors: https://thequantuminsider.com/2023/11/04/science-committee-leaders-introduce-quantum-leadership-bill-publish-full-draft (1/1), chunk 15/37
[04:16:15 +2m 29s | thequantuminsider_2023_11_04_science_committee_leaders_introduce_quantum_leadership_bill_842a4965] Repaired malformed JSON.
[04:16:15 +2m 29s | thequantuminsider_2023_11_04_science_committee_leaders_introduce_quantum_leadership_bill_842a4965] Extracting actors: https://thequantuminsider.com/2023/11/04/science-committee-leaders-introduce-quantum-leadership-bill-publish-full-draft (1/1), chunk 16/37
[04:16:27 +2m 41s | thequantuminsider_2023_11_04_science_committee_leaders_introduce_quantum_leadership_bill_842a4965] Repaired malformed JSON.
[04:16:27 +2m 41s | thequantuminsider_2023_11_04_science_committee_leaders_introduce_quantum_leadership_bill_842a4965] Extracting actors: https://thequantuminsider.com/2023/11/04/science-committee-leaders-introduce-quantum-leadership-bill-publish-full-draft (1/1), chunk 17/37
[04:16:34 +2m 48s | thequantuminsider_2023_11_04_science_committee_leaders_introduce_quantum_leadership_bill_842a4965] Repaired malformed JSON.
[04:16:34 +2m 48s | thequantuminsider_2023_11_04_science_committee_leaders_introduce_quantum_leadership_bill_842a4965] Extracting actors: https://thequantuminsider.com/2023/11/04/science-committee-leaders-introduce-quantum-leadership-bill-publish-full-draft (1/1), chunk 18/37
[04:16:37 +2m 53s | thequantuminsider_2023_11_04_science_committee_leaders_introduce_quantum_leadership_bill_842a4965] Extracting actors: https://thequantuminsider.com/2023/11/04/science-committee-leaders-introduce-quantum-leadership-bill-publish-full-draft (1/1), chunk 19/37
[04:16:44 +3m 0s | thequantuminsider_2023_11_04_science_committee_leaders_introduce_quantum_leadership_bill_842a4965] Repaired malformed JSON.
[04:16:44 +3m 0s | thequantuminsider_2023_11_04_science_committee_leaders_introduce_quantum_leadership_bill_842a4965] Extracting actors: https://thequantuminsider.com/2023/11/04/science-committee-leaders-introduce-quantum-leadership-bill-publish-full-draft (1/1), chunk 20/37
[04:17:12 +3m 29s | thequantuminsider_2023_11_04_science_committee_leaders_introduce_quantum_leadership_bill_842a4965] Repaired malformed JSON.
[04:17:12 +3m 29s | thequantuminsider_2023_11_04_science_committee_leaders_introduce_quantum_leadership_bill_842a4965] Extracting actors: https://thequantuminsider.com/2023/11/04/science-committee-leaders-introduce-quantum-leadership-bill-publish-full-draft (1/1), chunk 21/37
[04:17:20 +3m 38s | thequantuminsider_2023_11_04_science_committee_leaders_introduce_quantum_leadership_bill_842a4965] Repaired malformed JSON.
[04:17:20 +3m 38s | thequantuminsider_2023_11_04_science_committee_leaders_introduce_quantum_leadership_bill_842a4965] Extracting actors: https://thequantuminsider.com/2023/11/04/science-committee-leaders-introduce-quantum-leadership-bill-publish-full-draft (1/1), chunk 22/37
[04:17:58 +4m 17s | thequantuminsider_2023_11_04_science_committee_leaders_introduce_quantum_leadership_bill_842a4965] Extracting actors: https://thequantuminsider.com/2023/11/04/science-committee-leaders-introduce-quantum-leadership-bill-publish-full-draft (1/1), chunk 23/37
[04:18:05 +4m 25s | thequantuminsider_2023_11_04_science_committee_leaders_introduce_quantum_leadership_bill_842a4965] Repaired malformed JSON.
[04:18:05 +4m 25s | thequantuminsider_2023_11_04_science_committee_leaders_introduce_quantum_leadership_bill_842a4965] Extracting actors: https://thequantuminsider.com/2023/11/04/science-committee-leaders-introduce-quantum-leadership-bill-publish-full-draft (1/1), chunk 24/37
[04:18:11 +4m 31s | thequantuminsider_2023_11_04_science_committee_leaders_introduce_quantum_leadership_bill_842a4965] Repaired malformed JSON.
[04:18:11 +4m 31s | thequantuminsider_2023_11_04_science_committee_leaders_introduce_quantum_leadership_bill_842a4965] Extracting actors: https://thequantuminsider.com/2023/11/04/science-committee-leaders-introduce-quantum-leadership-bill-publish-full-draft (1/1), chunk 25/37
[04:18:15 +4m 36s | thequantuminsider_2023_11_04_science_committee_leaders_introduce_quantum_leadership_bill_842a4965] Extracting actors: https://thequantuminsider.com/2023/11/04/science-committee-leaders-introduce-quantum-leadership-bill-publish-full-draft (1/1), chunk 26/37
[04:18:27 +4m 48s | thequantuminsider_2023_11_04_science_committee_leaders_introduce_quantum_leadership_bill_842a4965] Repaired malformed JSON.
[04:18:27 +4m 48s | thequantuminsider_2023_11_04_science_committee_leaders_introduce_quantum_leadership_bill_842a4965] Extracting actors: https://thequantuminsider.com/2023/11/04/science-committee-leaders-introduce-quantum-leadership-bill-publish-full-draft (1/1), chunk 27/37
[04:18:34 +4m 55s | thequantuminsider_2023_11_04_science_committee_leaders_introduce_quantum_leadership_bill_842a4965] Extracting actors: https://thequantuminsider.com/2023/11/04/science-committee-leaders-introduce-quantum-leadership-bill-publish-full-draft (1/1), chunk 28/37
[04:18:36 +4m 57s | thequantuminsider_2023_11_04_science_committee_leaders_introduce_quantum_leadership_bill_842a4965] Extracting actors: https://thequantuminsider.com/2023/11/04/science-committee-leaders-introduce-quantum-leadership-bill-publish-full-draft (1/1), chunk 29/37
[04:18:40 +5m 3s | thequantuminsider_2023_11_04_science_committee_leaders_introduce_quantum_leadership_bill_842a4965] Repaired malformed JSON.
[04:18:40 +5m 3s | thequantuminsider_2023_11_04_science_committee_leaders_introduce_quantum_leadership_bill_842a4965] Extracting actors: https://thequantuminsider.com/2023/11/04/science-committee-leaders-introduce-quantum-leadership-bill-publish-full-draft (1/1), chunk 30/37
[04:18:46 +5m 9s | thequantuminsider_2023_11_04_science_committee_leaders_introduce_quantum_leadership_bill_842a4965] Repaired malformed JSON.
[04:18:46 +5m 9s | thequantuminsider_2023_11_04_science_committee_leaders_introduce_quantum_leadership_bill_842a4965] Extracting actors: https://thequantuminsider.com/2023/11/04/science-committee-leaders-introduce-quantum-leadership-bill-publish-full-draft (1/1), chunk 31/37
[04:18:55 +5m 17s | thequantuminsider_2023_11_04_science_committee_leaders_introduce_quantum_leadership_bill_842a4965] Repaired malformed JSON.
[04:18:55 +5m 17s | thequantuminsider_2023_11_04_science_committee_leaders_introduce_quantum_leadership_bill_842a4965] Extracting actors: https://thequantuminsider.com/2023/11/04/science-committee-leaders-introduce-quantum-leadership-bill-publish-full-draft (1/1), chunk 32/37
[04:19:03 +5m 25s | thequantuminsider_2023_11_04_science_committee_leaders_introduce_quantum_leadership_bill_842a4965] Repaired malformed JSON.
[04:19:03 +5m 25s | thequantuminsider_2023_11_04_science_committee_leaders_introduce_quantum_leadership_bill_842a4965] Extracting actors: https://thequantuminsider.com/2023/11/04/science-committee-leaders-introduce-quantum-leadership-bill-publish-full-draft (1/1), chunk 33/37
[04:19:09 +5m 33s | thequantuminsider_2023_11_04_science_committee_leaders_introduce_quantum_leadership_bill_842a4965] Repaired malformed JSON.
[04:19:09 +5m 33s | thequantuminsider_2023_11_04_science_committee_leaders_introduce_quantum_leadership_bill_842a4965] Extracting actors: https://thequantuminsider.com/2023/11/04/science-committee-leaders-introduce-quantum-leadership-bill-publish-full-draft (1/1), chunk 34/37
[04:19:33 +5m 57s | thequantuminsider_2023_11_04_science_committee_leaders_introduce_quantum_leadership_bill_842a4965] Repaired malformed JSON.
[04:19:33 +5m 57s | thequantuminsider_2023_11_04_science_committee_leaders_introduce_quantum_leadership_bill_842a4965] Extracting actors: https://thequantuminsider.com/2023/11/04/science-committee-leaders-introduce-quantum-leadership-bill-publish-full-draft (1/1), chunk 35/37
[04:19:40 +6m 5s | thequantuminsider_2023_11_04_science_committee_leaders_introduce_quantum_leadership_bill_842a4965] Repaired malformed JSON.
[04:19:40 +6m 5s | thequantuminsider_2023_11_04_science_committee_leaders_introduce_quantum_leadership_bill_842a4965] Extracting actors: https://thequantuminsider.com/2023/11/04/science-committee-leaders-introduce-quantum-leadership-bill-publish-full-draft (1/1), chunk 36/37
[04:19:47 +6m 13s | thequantuminsider_2023_11_04_science_committee_leaders_introduce_quantum_leadership_bill_842a4965] Repaired malformed JSON.
[04:19:47 +6m 13s | thequantuminsider_2023_11_04_science_committee_leaders_introduce_quantum_leadership_bill_842a4965] Extracting actors: https://thequantuminsider.com/2023/11/04/science-committee-leaders-introduce-quantum-leadership-bill-publish-full-draft (1/1), chunk 37/37
[04:20:15 +6m 43s | thequantuminsider_2023_11_04_science_committee_leaders_introduce_quantum_leadership_bill_842a4965] Repaired malformed JSON.
[04:20:15 +6m 43s | thequantuminsider_2023_11_04_science_committee_leaders_introduce_quantum_leadership_bill_842a4965] Saved 1_actor_results.json with 51 extracted records

[04:20:15 +6m 43s | thequantuminsider_2023_11_04_science_committee_leaders_introduce_quantum_leadership_bill_842a4965] === 2 clean actors ===
[04:20:15 +6m 43s | thequantuminsider_2023_11_04_science_committee_leaders_introduce_quantum_leadership_bill_842a4965] Loaded 51 extracted records
[04:20:15 +6m 43s | thequantuminsider_2023_11_04_science_committee_leaders_introduce_quantum_leadership_bill_842a4965] Saved 2_actor_nodes.json with 21 canonical actor nodes

[04:20:15 +6m 43s | thequantuminsider_2023_11_04_science_committee_leaders_introduce_quantum_leadership_bill_842a4965] === 3 interaction extraction ===
[04:20:16 +6m 43s | thequantuminsider_2023_11_04_science_committee_leaders_introduce_quantum_leadership_bill_842a4965] Extracting interactions: https://thequantuminsider.com/2023/11/04/science-committee-leaders-introduce-quantum-leadership-bill-publish-full-draft (1/1), chunk 11/37
[04:20:22 +6m 49s | thequantuminsider_2023_11_04_science_committee_leaders_introduce_quantum_leadership_bill_842a4965] Extracting interactions: https://thequantuminsider.com/2023/11/04/science-committee-leaders-introduce-quantum-leadership-bill-publish-full-draft (1/1), chunk 12/37
[04:21:28 +7m 59s | thequantuminsider_2023_11_04_science_committee_leaders_introduce_quantum_leadership_bill_842a4965] Extracting interactions: https://thequantuminsider.com/2023/11/04/science-committee-leaders-introduce-quantum-leadership-bill-publish-full-draft (1/1), chunk 13/37
[04:21:44 +8m 17s | thequantuminsider_2023_11_04_science_committee_leaders_introduce_quantum_leadership_bill_842a4965] Extracting interactions: https://thequantuminsider.com/2023/11/04/science-committee-leaders-introduce-quantum-leadership-bill-publish-full-draft (1/1), chunk 15/37
[04:21:58 +8m 31s | thequantuminsider_2023_11_04_science_committee_leaders_introduce_quantum_leadership_bill_842a4965] Extracting interactions: https://thequantuminsider.com/2023/11/04/science-committee-leaders-introduce-quantum-leadership-bill-publish-full-draft (1/1), chunk 16/37
[04:22:04 +8m 36s | thequantuminsider_2023_11_04_science_committee_leaders_introduce_quantum_leadership_bill_842a4965] Extracting interactions: https://thequantuminsider.com/2023/11/04/science-committee-leaders-introduce-quantum-leadership-bill-publish-full-draft (1/1), chunk 17/37
[04:22:08 +8m 41s | thequantuminsider_2023_11_04_science_committee_leaders_introduce_quantum_leadership_bill_842a4965] Extracting interactions: https://thequantuminsider.com/2023/11/04/science-committee-leaders-introduce-quantum-leadership-bill-publish-full-draft (1/1), chunk 18/37
[04:22:08 +8m 43s | thequantuminsider_2023_11_04_science_committee_leaders_introduce_quantum_leadership_bill_842a4965] Extracting interactions: https://thequantuminsider.com/2023/11/04/science-committee-leaders-introduce-quantum-leadership-bill-publish-full-draft (1/1), chunk 19/37
[04:22:10 +8m 45s | thequantuminsider_2023_11_04_science_committee_leaders_introduce_quantum_leadership_bill_842a4965] Extracting interactions: https://thequantuminsider.com/2023/11/04/science-committee-leaders-introduce-quantum-leadership-bill-publish-full-draft (1/1), chunk 20/37
[04:22:17 +8m 52s | thequantuminsider_2023_11_04_science_committee_leaders_introduce_quantum_leadership_bill_842a4965] Extracting interactions: https://thequantuminsider.com/2023/11/04/science-committee-leaders-introduce-quantum-leadership-bill-publish-full-draft (1/1), chunk 21/37
[04:22:25 +9m 0s | thequantuminsider_2023_11_04_science_committee_leaders_introduce_quantum_leadership_bill_842a4965] Extracting interactions: https://thequantuminsider.com/2023/11/04/science-committee-leaders-introduce-quantum-leadership-bill-publish-full-draft (1/1), chunk 22/37
[04:22:49 +9m 25s | thequantuminsider_2023_11_04_science_committee_leaders_introduce_quantum_leadership_bill_842a4965] Extracting interactions: https://thequantuminsider.com/2023/11/04/science-committee-leaders-introduce-quantum-leadership-bill-publish-full-draft (1/1), chunk 26/37
[04:22:53 +9m 29s | thequantuminsider_2023_11_04_science_committee_leaders_introduce_quantum_leadership_bill_842a4965] Extracting interactions: https://thequantuminsider.com/2023/11/04/science-committee-leaders-introduce-quantum-leadership-bill-publish-full-draft (1/1), chunk 27/37
[04:22:55 +9m 31s | thequantuminsider_2023_11_04_science_committee_leaders_introduce_quantum_leadership_bill_842a4965] Extracting interactions: https://thequantuminsider.com/2023/11/04/science-committee-leaders-introduce-quantum-leadership-bill-publish-full-draft (1/1), chunk 28/37
[04:22:58 +9m 34s | thequantuminsider_2023_11_04_science_committee_leaders_introduce_quantum_leadership_bill_842a4965] Extracting interactions: https://thequantuminsider.com/2023/11/04/science-committee-leaders-introduce-quantum-leadership-bill-publish-full-draft (1/1), chunk 29/37
[04:22:59 +9m 36s | thequantuminsider_2023_11_04_science_committee_leaders_introduce_quantum_leadership_bill_842a4965] Extracting interactions: https://thequantuminsider.com/2023/11/04/science-committee-leaders-introduce-quantum-leadership-bill-publish-full-draft (1/1), chunk 30/37
[04:23:02 +9m 38s | thequantuminsider_2023_11_04_science_committee_leaders_introduce_quantum_leadership_bill_842a4965] Extracting interactions: https://thequantuminsider.com/2023/11/04/science-committee-leaders-introduce-quantum-leadership-bill-publish-full-draft (1/1), chunk 31/37
[04:23:03 +9m 40s | thequantuminsider_2023_11_04_science_committee_leaders_introduce_quantum_leadership_bill_842a4965] Extracting interactions: https://thequantuminsider.com/2023/11/04/science-committee-leaders-introduce-quantum-leadership-bill-publish-full-draft (1/1), chunk 32/37
[04:23:05 +9m 41s | thequantuminsider_2023_11_04_science_committee_leaders_introduce_quantum_leadership_bill_842a4965] Extracting interactions: https://thequantuminsider.com/2023/11/04/science-committee-leaders-introduce-quantum-leadership-bill-publish-full-draft (1/1), chunk 33/37
[04:23:07 +9m 43s | thequantuminsider_2023_11_04_science_committee_leaders_introduce_quantum_leadership_bill_842a4965] Extracting interactions: https://thequantuminsider.com/2023/11/04/science-committee-leaders-introduce-quantum-leadership-bill-publish-full-draft (1/1), chunk 34/37
[04:23:08 +9m 45s | thequantuminsider_2023_11_04_science_committee_leaders_introduce_quantum_leadership_bill_842a4965] Extracting interactions: https://thequantuminsider.com/2023/11/04/science-committee-leaders-introduce-quantum-leadership-bill-publish-full-draft (1/1), chunk 35/37
[04:23:10 +9m 48s | thequantuminsider_2023_11_04_science_committee_leaders_introduce_quantum_leadership_bill_842a4965] Extracting interactions: https://thequantuminsider.com/2023/11/04/science-committee-leaders-introduce-quantum-leadership-bill-publish-full-draft (1/1), chunk 36/37
[04:23:12 +9m 50s | thequantuminsider_2023_11_04_science_committee_leaders_introduce_quantum_leadership_bill_842a4965] Extracting interactions: https://thequantuminsider.com/2023/11/04/science-committee-leaders-introduce-quantum-leadership-bill-publish-full-draft (1/1), chunk 37/37
[04:23:13 +9m 51s | thequantuminsider_2023_11_04_science_committee_leaders_introduce_quantum_leadership_bill_842a4965] Saved 3_interaction_results.json with 19 extracted interactions.

[04:23:13 +9m 51s | thequantuminsider_2023_11_04_science_committee_leaders_introduce_quantum_leadership_bill_842a4965] === 4 clean interactions ===
[04:23:13 +9m 51s | thequantuminsider_2023_11_04_science_committee_leaders_introduce_quantum_leadership_bill_842a4965] Saved 4_edges.json with 0 cleaned interactions.

[04:23:13 +9m 51s | thequantuminsider_2023_11_04_science_committee_leaders_introduce_quantum_leadership_bill_842a4965] === 5 helix enrichment ===
[04:23:13 +9m 51s | thequantuminsider_2023_11_04_science_committee_leaders_introduce_quantum_leadership_bill_842a4965] Wrote 5_nodes.json (21 actors)
[04:23:13 +9m 51s | thequantuminsider_2023_11_04_science_committee_leaders_introduce_quantum_leadership_bill_842a4965] Wrote 5_edges.json (0 interactions)
[04:23:13 +9m 51s | thequantuminsider_2023_11_04_science_committee_leaders_introduce_quantum_leadership_bill_842a4965] Actor helix counts: {'Academia': 1, 'Civil Society': 3, 'Government': 2, 'Industry': 2, 'Intermediary': 1, 'Unknown': 12}
[04:23:13 +9m 51s | thequantuminsider_2023_11_04_science_committee_leaders_introduce_quantum_leadership_bill_842a4965] Functional-space counts: {}

[04:23:13 +9m 51s | thequantuminsider_2023_11_04_science_committee_leaders_introduce_quantum_leadership_bill_842a4965] === 6 network visualisation ===
[04:23:14 +9m 52s | thequantuminsider_2023_11_04_science_committee_leaders_introduce_quantum_leadership_bill_842a4965] Wrote quantum_network.html
[04:23:14 +9m 52s | thequantuminsider_2023_11_04_science_committee_leaders_introduce_quantum_leadership_bill_842a4965] Nodes: 21
[04:23:14 +9m 52s | thequantuminsider_2023_11_04_science_committee_leaders_introduce_quantum_leadership_bill_842a4965] Edges: 0

[04:23:14 +9m 52s | thequantuminsider_2023_11_04_science_committee_leaders_introduce_quantum_leadership_bill_842a4965] Done. Outputs written to: /home/lv/IDP/idpdeeptech/pipeline/news_outputs/thequantuminsider_2023_11_04_science_committee_leaders_introduce_quantum_leadership_bill_842a4965
[04:23:14 +9m 52s | thequantuminsider_2023_11_04_science_committee_leaders_introduce_quantum_leadership_bill_842a4965] Log: /home/lv/IDP/idpdeeptech/pipeline/news_outputs/thequantuminsider_2023_11_04_science_committee_leaders_introduce_quantum_leadership_bill_842a4965/run.log

========================================================================
RUN FINISHED 2026-07-05 04:23:14  (OK)
Started:     2026-07-05 04:13:55
Elapsed:     9m 52s
========================================================================
