
========================================================================
RUN STARTED  2026-07-05 07:36:40
site_pipeline.py https://thequantuminsider.com/2023/09/28/innovative-chip-design-propels-quantum-technology-forward/
========================================================================

[07:36:40 +0s | thequantuminsider_2023_09_28_innovative_chip_design_propels_quantum_technology_forward] === 0 crawl site ===
[07:36:42 +2s | thequantuminsider_2023_09_28_innovative_chip_design_propels_quantum_technology_forward] [INIT].... → Crawl4AI 0.8.6 
[07:36:45 +4s | thequantuminsider_2023_09_28_innovative_chip_design_propels_quantum_technology_forward] [FETCH]... ↓ https://thequantuminsider.com/2023/09/28/innovative-chip-design-propels-quantum-technology-forward/  | ✓ | ⏱: 2.65s 
[07:36:45 +5s | thequantuminsider_2023_09_28_innovative_chip_design_propels_quantum_technology_forward] [SCRAPE].. ◆ https://thequantuminsider.com/2023/09/28/innovative-chip-design-propels-quantum-technology-forward/  | ✓ | ⏱: 0.14s 
[07:36:45 +5s | thequantuminsider_2023_09_28_innovative_chip_design_propels_quantum_technology_forward] [COMPLETE] ● https://thequantuminsider.com/2023/09/28/innovative-chip-design-propels-quantum-technology-forward/  | ✓ | ⏱: 2.81s 
[07:36:45 +5s | thequantuminsider_2023_09_28_innovative_chip_design_propels_quantum_technology_forward] Saved: crawl_output/2543c00744_thequantuminsider.com_2023_09_28_innovative-chip-design-propels-quantum-technology-forward.json

[07:36:45 +5s | thequantuminsider_2023_09_28_innovative_chip_design_propels_quantum_technology_forward] === 1 actor extraction ===
[07:36:45 +5s | thequantuminsider_2023_09_28_innovative_chip_design_propels_quantum_technology_forward] Reading page (1/1): https://thequantuminsider.com/2023/09/28/innovative-chip-design-propels-quantum-technology-forward
[07:36:45 +5s | thequantuminsider_2023_09_28_innovative_chip_design_propels_quantum_technology_forward] Extracting actors: https://thequantuminsider.com/2023/09/28/innovative-chip-design-propels-quantum-technology-forward (1/1), chunk 1/39
[07:36:49 +11s | thequantuminsider_2023_09_28_innovative_chip_design_propels_quantum_technology_forward] Extracting actors: https://thequantuminsider.com/2023/09/28/innovative-chip-design-propels-quantum-technology-forward (1/1), chunk 2/39
[07:36:53 +15s | thequantuminsider_2023_09_28_innovative_chip_design_propels_quantum_technology_forward] Extracting actors: https://thequantuminsider.com/2023/09/28/innovative-chip-design-propels-quantum-technology-forward (1/1), chunk 3/39
[07:37:15 +37s | thequantuminsider_2023_09_28_innovative_chip_design_propels_quantum_technology_forward] Extracting actors: https://thequantuminsider.com/2023/09/28/innovative-chip-design-propels-quantum-technology-forward (1/1), chunk 4/39
[07:37:17 +42s | thequantuminsider_2023_09_28_innovative_chip_design_propels_quantum_technology_forward] Extracting actors: https://thequantuminsider.com/2023/09/28/innovative-chip-design-propels-quantum-technology-forward (1/1), chunk 5/39
[07:37:22 +46s | thequantuminsider_2023_09_28_innovative_chip_design_propels_quantum_technology_forward] Extracting actors: https://thequantuminsider.com/2023/09/28/innovative-chip-design-propels-quantum-technology-forward (1/1), chunk 6/39
[07:37:29 +54s | thequantuminsider_2023_09_28_innovative_chip_design_propels_quantum_technology_forward] Extracting actors: https://thequantuminsider.com/2023/09/28/innovative-chip-design-propels-quantum-technology-forward (1/1), chunk 7/39
[07:37:36 +1m 0s | thequantuminsider_2023_09_28_innovative_chip_design_propels_quantum_technology_forward] Extracting actors: https://thequantuminsider.com/2023/09/28/innovative-chip-design-propels-quantum-technology-forward (1/1), chunk 8/39
[07:37:42 +1m 7s | thequantuminsider_2023_09_28_innovative_chip_design_propels_quantum_technology_forward] Extracting actors: https://thequantuminsider.com/2023/09/28/innovative-chip-design-propels-quantum-technology-forward (1/1), chunk 9/39
[07:37:46 +1m 13s | thequantuminsider_2023_09_28_innovative_chip_design_propels_quantum_technology_forward] Extracting actors: https://thequantuminsider.com/2023/09/28/innovative-chip-design-propels-quantum-technology-forward (1/1), chunk 10/39
[07:37:50 +1m 17s | thequantuminsider_2023_09_28_innovative_chip_design_propels_quantum_technology_forward] Extracting actors: https://thequantuminsider.com/2023/09/28/innovative-chip-design-propels-quantum-technology-forward (1/1), chunk 11/39
[07:38:06 +1m 33s | thequantuminsider_2023_09_28_innovative_chip_design_propels_quantum_technology_forward] Extracting actors: https://thequantuminsider.com/2023/09/28/innovative-chip-design-propels-quantum-technology-forward (1/1), chunk 12/39
[07:38:12 +1m 39s | thequantuminsider_2023_09_28_innovative_chip_design_propels_quantum_technology_forward] Repaired malformed JSON.
[07:38:12 +1m 39s | thequantuminsider_2023_09_28_innovative_chip_design_propels_quantum_technology_forward] Extracting actors: https://thequantuminsider.com/2023/09/28/innovative-chip-design-propels-quantum-technology-forward (1/1), chunk 13/39
[07:38:17 +1m 47s | thequantuminsider_2023_09_28_innovative_chip_design_propels_quantum_technology_forward] Repaired malformed JSON.
[07:38:17 +1m 47s | thequantuminsider_2023_09_28_innovative_chip_design_propels_quantum_technology_forward] Extracting actors: https://thequantuminsider.com/2023/09/28/innovative-chip-design-propels-quantum-technology-forward (1/1), chunk 14/39
[07:38:56 +2m 27s | thequantuminsider_2023_09_28_innovative_chip_design_propels_quantum_technology_forward] Repaired malformed JSON.
[07:38:56 +2m 27s | thequantuminsider_2023_09_28_innovative_chip_design_propels_quantum_technology_forward] Extracting actors: https://thequantuminsider.com/2023/09/28/innovative-chip-design-propels-quantum-technology-forward (1/1), chunk 15/39
[07:39:04 +2m 36s | thequantuminsider_2023_09_28_innovative_chip_design_propels_quantum_technology_forward] Repaired malformed JSON.
[07:39:04 +2m 36s | thequantuminsider_2023_09_28_innovative_chip_design_propels_quantum_technology_forward] Extracting actors: https://thequantuminsider.com/2023/09/28/innovative-chip-design-propels-quantum-technology-forward (1/1), chunk 16/39
[07:39:15 +2m 47s | thequantuminsider_2023_09_28_innovative_chip_design_propels_quantum_technology_forward] Repaired malformed JSON.
[07:39:15 +2m 47s | thequantuminsider_2023_09_28_innovative_chip_design_propels_quantum_technology_forward] Extracting actors: https://thequantuminsider.com/2023/09/28/innovative-chip-design-propels-quantum-technology-forward (1/1), chunk 17/39
[07:39:22 +2m 56s | thequantuminsider_2023_09_28_innovative_chip_design_propels_quantum_technology_forward] Repaired malformed JSON.
[07:39:22 +2m 56s | thequantuminsider_2023_09_28_innovative_chip_design_propels_quantum_technology_forward] Extracting actors: https://thequantuminsider.com/2023/09/28/innovative-chip-design-propels-quantum-technology-forward (1/1), chunk 18/39
[07:39:28 +3m 2s | thequantuminsider_2023_09_28_innovative_chip_design_propels_quantum_technology_forward] Repaired malformed JSON.
[07:39:28 +3m 2s | thequantuminsider_2023_09_28_innovative_chip_design_propels_quantum_technology_forward] Extracting actors: https://thequantuminsider.com/2023/09/28/innovative-chip-design-propels-quantum-technology-forward (1/1), chunk 19/39
[07:39:38 +3m 12s | thequantuminsider_2023_09_28_innovative_chip_design_propels_quantum_technology_forward] Repaired malformed JSON.
[07:39:38 +3m 12s | thequantuminsider_2023_09_28_innovative_chip_design_propels_quantum_technology_forward] Extracting actors: https://thequantuminsider.com/2023/09/28/innovative-chip-design-propels-quantum-technology-forward (1/1), chunk 20/39
[07:39:46 +3m 20s | thequantuminsider_2023_09_28_innovative_chip_design_propels_quantum_technology_forward] Repaired malformed JSON.
[07:39:46 +3m 20s | thequantuminsider_2023_09_28_innovative_chip_design_propels_quantum_technology_forward] Extracting actors: https://thequantuminsider.com/2023/09/28/innovative-chip-design-propels-quantum-technology-forward (1/1), chunk 21/39
[07:39:52 +3m 29s | thequantuminsider_2023_09_28_innovative_chip_design_propels_quantum_technology_forward] Repaired malformed JSON.
[07:39:52 +3m 29s | thequantuminsider_2023_09_28_innovative_chip_design_propels_quantum_technology_forward] Extracting actors: https://thequantuminsider.com/2023/09/28/innovative-chip-design-propels-quantum-technology-forward (1/1), chunk 22/39
[07:40:06 +3m 43s | thequantuminsider_2023_09_28_innovative_chip_design_propels_quantum_technology_forward] Repaired malformed JSON.
[07:40:06 +3m 43s | thequantuminsider_2023_09_28_innovative_chip_design_propels_quantum_technology_forward] Extracting actors: https://thequantuminsider.com/2023/09/28/innovative-chip-design-propels-quantum-technology-forward (1/1), chunk 23/39
[07:40:14 +3m 51s | thequantuminsider_2023_09_28_innovative_chip_design_propels_quantum_technology_forward] Repaired malformed JSON.
[07:40:14 +3m 51s | thequantuminsider_2023_09_28_innovative_chip_design_propels_quantum_technology_forward] Extracting actors: https://thequantuminsider.com/2023/09/28/innovative-chip-design-propels-quantum-technology-forward (1/1), chunk 24/39
[07:40:18 +3m 57s | thequantuminsider_2023_09_28_innovative_chip_design_propels_quantum_technology_forward] Extracting actors: https://thequantuminsider.com/2023/09/28/innovative-chip-design-propels-quantum-technology-forward (1/1), chunk 25/39
[07:40:25 +4m 4s | thequantuminsider_2023_09_28_innovative_chip_design_propels_quantum_technology_forward] Repaired malformed JSON.
[07:40:25 +4m 4s | thequantuminsider_2023_09_28_innovative_chip_design_propels_quantum_technology_forward] Extracting actors: https://thequantuminsider.com/2023/09/28/innovative-chip-design-propels-quantum-technology-forward (1/1), chunk 26/39
[07:40:44 +4m 23s | thequantuminsider_2023_09_28_innovative_chip_design_propels_quantum_technology_forward] Repaired malformed JSON.
[07:40:44 +4m 23s | thequantuminsider_2023_09_28_innovative_chip_design_propels_quantum_technology_forward] Extracting actors: https://thequantuminsider.com/2023/09/28/innovative-chip-design-propels-quantum-technology-forward (1/1), chunk 27/39
[07:40:47 +4m 28s | thequantuminsider_2023_09_28_innovative_chip_design_propels_quantum_technology_forward] Extracting actors: https://thequantuminsider.com/2023/09/28/innovative-chip-design-propels-quantum-technology-forward (1/1), chunk 28/39
[07:40:51 +4m 33s | thequantuminsider_2023_09_28_innovative_chip_design_propels_quantum_technology_forward] Extracting actors: https://thequantuminsider.com/2023/09/28/innovative-chip-design-propels-quantum-technology-forward (1/1), chunk 29/39
[07:40:57 +4m 38s | thequantuminsider_2023_09_28_innovative_chip_design_propels_quantum_technology_forward] Extracting actors: https://thequantuminsider.com/2023/09/28/innovative-chip-design-propels-quantum-technology-forward (1/1), chunk 30/39
[07:41:02 +4m 44s | thequantuminsider_2023_09_28_innovative_chip_design_propels_quantum_technology_forward] Extracting actors: https://thequantuminsider.com/2023/09/28/innovative-chip-design-propels-quantum-technology-forward (1/1), chunk 31/39
[07:41:05 +4m 46s | thequantuminsider_2023_09_28_innovative_chip_design_propels_quantum_technology_forward] Extracting actors: https://thequantuminsider.com/2023/09/28/innovative-chip-design-propels-quantum-technology-forward (1/1), chunk 32/39
[07:41:11 +4m 53s | thequantuminsider_2023_09_28_innovative_chip_design_propels_quantum_technology_forward] Repaired malformed JSON.
[07:41:11 +4m 53s | thequantuminsider_2023_09_28_innovative_chip_design_propels_quantum_technology_forward] Extracting actors: https://thequantuminsider.com/2023/09/28/innovative-chip-design-propels-quantum-technology-forward (1/1), chunk 33/39
[07:41:19 +5m 2s | thequantuminsider_2023_09_28_innovative_chip_design_propels_quantum_technology_forward] Repaired malformed JSON.
[07:41:19 +5m 2s | thequantuminsider_2023_09_28_innovative_chip_design_propels_quantum_technology_forward] Extracting actors: https://thequantuminsider.com/2023/09/28/innovative-chip-design-propels-quantum-technology-forward (1/1), chunk 34/39
[07:41:26 +5m 10s | thequantuminsider_2023_09_28_innovative_chip_design_propels_quantum_technology_forward] Repaired malformed JSON.
[07:41:26 +5m 10s | thequantuminsider_2023_09_28_innovative_chip_design_propels_quantum_technology_forward] Extracting actors: https://thequantuminsider.com/2023/09/28/innovative-chip-design-propels-quantum-technology-forward (1/1), chunk 35/39
[07:42:11 +5m 57s | thequantuminsider_2023_09_28_innovative_chip_design_propels_quantum_technology_forward] Repaired malformed JSON.
[07:42:11 +5m 57s | thequantuminsider_2023_09_28_innovative_chip_design_propels_quantum_technology_forward] Extracting actors: https://thequantuminsider.com/2023/09/28/innovative-chip-design-propels-quantum-technology-forward (1/1), chunk 36/39
[07:42:18 +6m 7s | thequantuminsider_2023_09_28_innovative_chip_design_propels_quantum_technology_forward] Repaired malformed JSON.
[07:42:18 +6m 7s | thequantuminsider_2023_09_28_innovative_chip_design_propels_quantum_technology_forward] Extracting actors: https://thequantuminsider.com/2023/09/28/innovative-chip-design-propels-quantum-technology-forward (1/1), chunk 37/39
[07:42:25 +6m 14s | thequantuminsider_2023_09_28_innovative_chip_design_propels_quantum_technology_forward] Repaired malformed JSON.
[07:42:25 +6m 14s | thequantuminsider_2023_09_28_innovative_chip_design_propels_quantum_technology_forward] Extracting actors: https://thequantuminsider.com/2023/09/28/innovative-chip-design-propels-quantum-technology-forward (1/1), chunk 38/39
[07:42:33 +6m 22s | thequantuminsider_2023_09_28_innovative_chip_design_propels_quantum_technology_forward] Repaired malformed JSON.
[07:42:33 +6m 22s | thequantuminsider_2023_09_28_innovative_chip_design_propels_quantum_technology_forward] Extracting actors: https://thequantuminsider.com/2023/09/28/innovative-chip-design-propels-quantum-technology-forward (1/1), chunk 39/39
[07:42:42 +6m 30s | thequantuminsider_2023_09_28_innovative_chip_design_propels_quantum_technology_forward] Repaired malformed JSON.
[07:42:42 +6m 30s | thequantuminsider_2023_09_28_innovative_chip_design_propels_quantum_technology_forward] Saved 1_actor_results.json with 54 extracted records

[07:42:42 +6m 31s | thequantuminsider_2023_09_28_innovative_chip_design_propels_quantum_technology_forward] === 2 clean actors ===
[07:42:42 +6m 31s | thequantuminsider_2023_09_28_innovative_chip_design_propels_quantum_technology_forward] Loaded 54 extracted records
[07:42:42 +6m 31s | thequantuminsider_2023_09_28_innovative_chip_design_propels_quantum_technology_forward] Saved 2_actor_nodes.json with 21 canonical actor nodes

[07:42:42 +6m 31s | thequantuminsider_2023_09_28_innovative_chip_design_propels_quantum_technology_forward] === 3 interaction extraction ===
[07:42:42 +6m 31s | thequantuminsider_2023_09_28_innovative_chip_design_propels_quantum_technology_forward] Extracting interactions: https://thequantuminsider.com/2023/09/28/innovative-chip-design-propels-quantum-technology-forward (1/1), chunk 12/39
[07:42:49 +6m 40s | thequantuminsider_2023_09_28_innovative_chip_design_propels_quantum_technology_forward] Extracting interactions: https://thequantuminsider.com/2023/09/28/innovative-chip-design-propels-quantum-technology-forward (1/1), chunk 13/39
[07:43:20 +7m 13s | thequantuminsider_2023_09_28_innovative_chip_design_propels_quantum_technology_forward] Extracting interactions: https://thequantuminsider.com/2023/09/28/innovative-chip-design-propels-quantum-technology-forward (1/1), chunk 14/39
[07:43:27 +7m 21s | thequantuminsider_2023_09_28_innovative_chip_design_propels_quantum_technology_forward] Extracting interactions: https://thequantuminsider.com/2023/09/28/innovative-chip-design-propels-quantum-technology-forward (1/1), chunk 15/39
[07:43:44 +7m 37s | thequantuminsider_2023_09_28_innovative_chip_design_propels_quantum_technology_forward] Extracting interactions: https://thequantuminsider.com/2023/09/28/innovative-chip-design-propels-quantum-technology-forward (1/1), chunk 16/39
[07:43:54 +7m 50s | thequantuminsider_2023_09_28_innovative_chip_design_propels_quantum_technology_forward] Extracting interactions: https://thequantuminsider.com/2023/09/28/innovative-chip-design-propels-quantum-technology-forward (1/1), chunk 17/39
[07:44:02 +7m 57s | thequantuminsider_2023_09_28_innovative_chip_design_propels_quantum_technology_forward] Extracting interactions: https://thequantuminsider.com/2023/09/28/innovative-chip-design-propels-quantum-technology-forward (1/1), chunk 18/39
[07:44:06 +8m 2s | thequantuminsider_2023_09_28_innovative_chip_design_propels_quantum_technology_forward] Extracting interactions: https://thequantuminsider.com/2023/09/28/innovative-chip-design-propels-quantum-technology-forward (1/1), chunk 19/39
[07:45:26 +9m 29s | thequantuminsider_2023_09_28_innovative_chip_design_propels_quantum_technology_forward] Extracting interactions: https://thequantuminsider.com/2023/09/28/innovative-chip-design-propels-quantum-technology-forward (1/1), chunk 20/39
[07:45:28 +9m 30s | thequantuminsider_2023_09_28_innovative_chip_design_propels_quantum_technology_forward] Extracting interactions: https://thequantuminsider.com/2023/09/28/innovative-chip-design-propels-quantum-technology-forward (1/1), chunk 21/39
[07:45:44 +9m 47s | thequantuminsider_2023_09_28_innovative_chip_design_propels_quantum_technology_forward] Extracting interactions: https://thequantuminsider.com/2023/09/28/innovative-chip-design-propels-quantum-technology-forward (1/1), chunk 22/39
[07:45:43 +9m 49s | thequantuminsider_2023_09_28_innovative_chip_design_propels_quantum_technology_forward] Extracting interactions: https://thequantuminsider.com/2023/09/28/innovative-chip-design-propels-quantum-technology-forward (1/1), chunk 23/39
[07:45:51 +9m 56s | thequantuminsider_2023_09_28_innovative_chip_design_propels_quantum_technology_forward] Extracting interactions: https://thequantuminsider.com/2023/09/28/innovative-chip-design-propels-quantum-technology-forward (1/1), chunk 24/39
[07:45:55 +10m 0s | thequantuminsider_2023_09_28_innovative_chip_design_propels_quantum_technology_forward] Extracting interactions: https://thequantuminsider.com/2023/09/28/innovative-chip-design-propels-quantum-technology-forward (1/1), chunk 26/39
[07:45:57 +10m 2s | thequantuminsider_2023_09_28_innovative_chip_design_propels_quantum_technology_forward] Extracting interactions: https://thequantuminsider.com/2023/09/28/innovative-chip-design-propels-quantum-technology-forward (1/1), chunk 28/39
[07:46:01 +10m 7s | thequantuminsider_2023_09_28_innovative_chip_design_propels_quantum_technology_forward] Extracting interactions: https://thequantuminsider.com/2023/09/28/innovative-chip-design-propels-quantum-technology-forward (1/1), chunk 29/39
[07:46:05 +10m 10s | thequantuminsider_2023_09_28_innovative_chip_design_propels_quantum_technology_forward] Extracting interactions: https://thequantuminsider.com/2023/09/28/innovative-chip-design-propels-quantum-technology-forward (1/1), chunk 30/39
[07:46:09 +10m 14s | thequantuminsider_2023_09_28_innovative_chip_design_propels_quantum_technology_forward] Extracting interactions: https://thequantuminsider.com/2023/09/28/innovative-chip-design-propels-quantum-technology-forward (1/1), chunk 32/39
[07:46:11 +10m 16s | thequantuminsider_2023_09_28_innovative_chip_design_propels_quantum_technology_forward] Extracting interactions: https://thequantuminsider.com/2023/09/28/innovative-chip-design-propels-quantum-technology-forward (1/1), chunk 33/39
[07:46:13 +10m 18s | thequantuminsider_2023_09_28_innovative_chip_design_propels_quantum_technology_forward] Extracting interactions: https://thequantuminsider.com/2023/09/28/innovative-chip-design-propels-quantum-technology-forward (1/1), chunk 34/39
[07:46:14 +10m 19s | thequantuminsider_2023_09_28_innovative_chip_design_propels_quantum_technology_forward] Extracting interactions: https://thequantuminsider.com/2023/09/28/innovative-chip-design-propels-quantum-technology-forward (1/1), chunk 35/39
[07:46:15 +10m 23s | thequantuminsider_2023_09_28_innovative_chip_design_propels_quantum_technology_forward] Extracting interactions: https://thequantuminsider.com/2023/09/28/innovative-chip-design-propels-quantum-technology-forward (1/1), chunk 37/39
[07:46:17 +10m 25s | thequantuminsider_2023_09_28_innovative_chip_design_propels_quantum_technology_forward] Extracting interactions: https://thequantuminsider.com/2023/09/28/innovative-chip-design-propels-quantum-technology-forward (1/1), chunk 38/39
[07:46:18 +10m 26s | thequantuminsider_2023_09_28_innovative_chip_design_propels_quantum_technology_forward] Extracting interactions: https://thequantuminsider.com/2023/09/28/innovative-chip-design-propels-quantum-technology-forward (1/1), chunk 39/39
[07:46:20 +10m 28s | thequantuminsider_2023_09_28_innovative_chip_design_propels_quantum_technology_forward] Saved 3_interaction_results.json with 26 extracted interactions.

[07:46:20 +10m 28s | thequantuminsider_2023_09_28_innovative_chip_design_propels_quantum_technology_forward] === 4 clean interactions ===
[07:46:20 +10m 28s | thequantuminsider_2023_09_28_innovative_chip_design_propels_quantum_technology_forward] Saved 4_edges.json with 3 cleaned interactions.

[07:46:20 +10m 28s | thequantuminsider_2023_09_28_innovative_chip_design_propels_quantum_technology_forward] === 5 helix enrichment ===
[07:46:20 +10m 28s | thequantuminsider_2023_09_28_innovative_chip_design_propels_quantum_technology_forward] Wrote 5_nodes.json (21 actors)
[07:46:20 +10m 28s | thequantuminsider_2023_09_28_innovative_chip_design_propels_quantum_technology_forward] Wrote 5_edges.json (3 interactions)
[07:46:20 +10m 28s | thequantuminsider_2023_09_28_innovative_chip_design_propels_quantum_technology_forward] Actor helix counts: {'Academia': 2, 'Civil Society': 3, 'Industry': 3, 'Intermediary': 1, 'Unknown': 12}
[07:46:20 +10m 28s | thequantuminsider_2023_09_28_innovative_chip_design_propels_quantum_technology_forward] Functional-space counts: {'Intra-helix / Not classified': 1, 'Unknown': 2}

[07:46:20 +10m 28s | thequantuminsider_2023_09_28_innovative_chip_design_propels_quantum_technology_forward] === 6 network visualisation ===
[07:46:21 +10m 28s | thequantuminsider_2023_09_28_innovative_chip_design_propels_quantum_technology_forward] Wrote quantum_network.html
[07:46:21 +10m 28s | thequantuminsider_2023_09_28_innovative_chip_design_propels_quantum_technology_forward] Nodes: 21
[07:46:21 +10m 28s | thequantuminsider_2023_09_28_innovative_chip_design_propels_quantum_technology_forward] Edges: 3

[07:46:21 +10m 28s | thequantuminsider_2023_09_28_innovative_chip_design_propels_quantum_technology_forward] Done. Outputs written to: /home/lv/IDP/idpdeeptech/pipeline/news_outputs/thequantuminsider_2023_09_28_innovative_chip_design_propels_quantum_technology_forward
[07:46:21 +10m 28s | thequantuminsider_2023_09_28_innovative_chip_design_propels_quantum_technology_forward] Log: /home/lv/IDP/idpdeeptech/pipeline/news_outputs/thequantuminsider_2023_09_28_innovative_chip_design_propels_quantum_technology_forward/run.log

========================================================================
RUN FINISHED 2026-07-05 07:46:21  (OK)
Started:     2026-07-05 07:36:40
Elapsed:     10m 28s
========================================================================
