
========================================================================
RUN STARTED  2026-07-04 23:37:41
site_pipeline.py https://thequantuminsider.com/2023/12/18/recent-research-advances-likely-to-boost-government-support-of-quantum/
========================================================================

[23:37:41 +0s | thequantuminsider_2023_12_18_recent_research_advances_likely_to_boost_government_support_c5beafe5] === 0 crawl site ===

========================================================================
RUN FINISHED 2026-07-04 23:37:42  (INTERRUPTED)
Started:     2026-07-04 23:37:41
Elapsed:     1s
========================================================================

========================================================================
RUN STARTED  2026-07-05 00:23:00
site_pipeline.py https://thequantuminsider.com/2023/12/18/recent-research-advances-likely-to-boost-government-support-of-quantum/
========================================================================

[00:23:00 +0s | thequantuminsider_2023_12_18_recent_research_advances_likely_to_boost_government_support_c5beafe5] === 0 crawl site ===
[00:23:01 +1s | thequantuminsider_2023_12_18_recent_research_advances_likely_to_boost_government_support_c5beafe5] [INIT].... → Crawl4AI 0.8.6 
[00:23:04 +5s | thequantuminsider_2023_12_18_recent_research_advances_likely_to_boost_government_support_c5beafe5] [FETCH]... ↓ https://thequantuminsider.com/2023/12/18/recent-...s-likely-to-boost-government-support-of-quantum/  | ✓ | ⏱: 3.09s 
[00:23:05 +5s | thequantuminsider_2023_12_18_recent_research_advances_likely_to_boost_government_support_c5beafe5] [SCRAPE].. ◆ https://thequantuminsider.com/2023/12/18/recent-...s-likely-to-boost-government-support-of-quantum/  | ✓ | ⏱: 0.13s 
[00:23:05 +5s | thequantuminsider_2023_12_18_recent_research_advances_likely_to_boost_government_support_c5beafe5] [COMPLETE] ● https://thequantuminsider.com/2023/12/18/recent-...s-likely-to-boost-government-support-of-quantum/  | ✓ | ⏱: 3.25s 
[00:23:05 +5s | thequantuminsider_2023_12_18_recent_research_advances_likely_to_boost_government_support_c5beafe5] Saved: crawl_output/9ebea8ca9a_thequantuminsider.com_2023_12_18_recent-research-advances-likely-to-boost-government-support-of-quantum.json

[00:23:05 +5s | thequantuminsider_2023_12_18_recent_research_advances_likely_to_boost_government_support_c5beafe5] === 1 actor extraction ===
[00:23:05 +5s | thequantuminsider_2023_12_18_recent_research_advances_likely_to_boost_government_support_c5beafe5] Reading page (1/1): https://thequantuminsider.com/2023/12/18/recent-research-advances-likely-to-boost-government-support-of-quantum
[00:23:05 +5s | thequantuminsider_2023_12_18_recent_research_advances_likely_to_boost_government_support_c5beafe5] Extracting actors: https://thequantuminsider.com/2023/12/18/recent-research-advances-likely-to-boost-government-support-of-quantum (1/1), chunk 1/36
[00:23:09 +10s | thequantuminsider_2023_12_18_recent_research_advances_likely_to_boost_government_support_c5beafe5] Extracting actors: https://thequantuminsider.com/2023/12/18/recent-research-advances-likely-to-boost-government-support-of-quantum (1/1), chunk 2/36
[00:23:14 +15s | thequantuminsider_2023_12_18_recent_research_advances_likely_to_boost_government_support_c5beafe5] Extracting actors: https://thequantuminsider.com/2023/12/18/recent-research-advances-likely-to-boost-government-support-of-quantum (1/1), chunk 3/36
[00:23:18 +18s | thequantuminsider_2023_12_18_recent_research_advances_likely_to_boost_government_support_c5beafe5] Extracting actors: https://thequantuminsider.com/2023/12/18/recent-research-advances-likely-to-boost-government-support-of-quantum (1/1), chunk 4/36
[00:23:23 +23s | thequantuminsider_2023_12_18_recent_research_advances_likely_to_boost_government_support_c5beafe5] Extracting actors: https://thequantuminsider.com/2023/12/18/recent-research-advances-likely-to-boost-government-support-of-quantum (1/1), chunk 5/36
[00:23:28 +29s | thequantuminsider_2023_12_18_recent_research_advances_likely_to_boost_government_support_c5beafe5] Extracting actors: https://thequantuminsider.com/2023/12/18/recent-research-advances-likely-to-boost-government-support-of-quantum (1/1), chunk 6/36
[00:23:33 +34s | thequantuminsider_2023_12_18_recent_research_advances_likely_to_boost_government_support_c5beafe5] Extracting actors: https://thequantuminsider.com/2023/12/18/recent-research-advances-likely-to-boost-government-support-of-quantum (1/1), chunk 7/36
[00:23:40 +40s | thequantuminsider_2023_12_18_recent_research_advances_likely_to_boost_government_support_c5beafe5] Extracting actors: https://thequantuminsider.com/2023/12/18/recent-research-advances-likely-to-boost-government-support-of-quantum (1/1), chunk 8/36
[00:23:47 +48s | thequantuminsider_2023_12_18_recent_research_advances_likely_to_boost_government_support_c5beafe5] Extracting actors: https://thequantuminsider.com/2023/12/18/recent-research-advances-likely-to-boost-government-support-of-quantum (1/1), chunk 9/36
[00:23:51 +52s | thequantuminsider_2023_12_18_recent_research_advances_likely_to_boost_government_support_c5beafe5] Extracting actors: https://thequantuminsider.com/2023/12/18/recent-research-advances-likely-to-boost-government-support-of-quantum (1/1), chunk 10/36
[00:23:55 +56s | thequantuminsider_2023_12_18_recent_research_advances_likely_to_boost_government_support_c5beafe5] Extracting actors: https://thequantuminsider.com/2023/12/18/recent-research-advances-likely-to-boost-government-support-of-quantum (1/1), chunk 11/36
[00:24:04 +1m 5s | thequantuminsider_2023_12_18_recent_research_advances_likely_to_boost_government_support_c5beafe5] Repaired malformed JSON.
[00:24:04 +1m 5s | thequantuminsider_2023_12_18_recent_research_advances_likely_to_boost_government_support_c5beafe5] Extracting actors: https://thequantuminsider.com/2023/12/18/recent-research-advances-likely-to-boost-government-support-of-quantum (1/1), chunk 12/36
[00:24:13 +1m 14s | thequantuminsider_2023_12_18_recent_research_advances_likely_to_boost_government_support_c5beafe5] Repaired malformed JSON.
[00:24:13 +1m 14s | thequantuminsider_2023_12_18_recent_research_advances_likely_to_boost_government_support_c5beafe5] Extracting actors: https://thequantuminsider.com/2023/12/18/recent-research-advances-likely-to-boost-government-support-of-quantum (1/1), chunk 13/36
[00:24:21 +1m 23s | thequantuminsider_2023_12_18_recent_research_advances_likely_to_boost_government_support_c5beafe5] Repaired malformed JSON.
[00:24:21 +1m 23s | thequantuminsider_2023_12_18_recent_research_advances_likely_to_boost_government_support_c5beafe5] Extracting actors: https://thequantuminsider.com/2023/12/18/recent-research-advances-likely-to-boost-government-support-of-quantum (1/1), chunk 14/36
[00:24:28 +1m 30s | thequantuminsider_2023_12_18_recent_research_advances_likely_to_boost_government_support_c5beafe5] Repaired malformed JSON.
[00:24:28 +1m 30s | thequantuminsider_2023_12_18_recent_research_advances_likely_to_boost_government_support_c5beafe5] Extracting actors: https://thequantuminsider.com/2023/12/18/recent-research-advances-likely-to-boost-government-support-of-quantum (1/1), chunk 15/36
[00:24:36 +1m 38s | thequantuminsider_2023_12_18_recent_research_advances_likely_to_boost_government_support_c5beafe5] Repaired malformed JSON.
[00:24:36 +1m 38s | thequantuminsider_2023_12_18_recent_research_advances_likely_to_boost_government_support_c5beafe5] Extracting actors: https://thequantuminsider.com/2023/12/18/recent-research-advances-likely-to-boost-government-support-of-quantum (1/1), chunk 16/36
[00:24:44 +1m 47s | thequantuminsider_2023_12_18_recent_research_advances_likely_to_boost_government_support_c5beafe5] Repaired malformed JSON.
[00:24:44 +1m 47s | thequantuminsider_2023_12_18_recent_research_advances_likely_to_boost_government_support_c5beafe5] Extracting actors: https://thequantuminsider.com/2023/12/18/recent-research-advances-likely-to-boost-government-support-of-quantum (1/1), chunk 17/36
[00:24:51 +1m 53s | thequantuminsider_2023_12_18_recent_research_advances_likely_to_boost_government_support_c5beafe5] Extracting actors: https://thequantuminsider.com/2023/12/18/recent-research-advances-likely-to-boost-government-support-of-quantum (1/1), chunk 18/36
[00:25:00 +2m 3s | thequantuminsider_2023_12_18_recent_research_advances_likely_to_boost_government_support_c5beafe5] Repaired malformed JSON.
[00:25:00 +2m 3s | thequantuminsider_2023_12_18_recent_research_advances_likely_to_boost_government_support_c5beafe5] Extracting actors: https://thequantuminsider.com/2023/12/18/recent-research-advances-likely-to-boost-government-support-of-quantum (1/1), chunk 19/36
[00:25:07 +2m 10s | thequantuminsider_2023_12_18_recent_research_advances_likely_to_boost_government_support_c5beafe5] Repaired malformed JSON.
[00:25:07 +2m 10s | thequantuminsider_2023_12_18_recent_research_advances_likely_to_boost_government_support_c5beafe5] Extracting actors: https://thequantuminsider.com/2023/12/18/recent-research-advances-likely-to-boost-government-support-of-quantum (1/1), chunk 20/36
[00:25:15 +2m 18s | thequantuminsider_2023_12_18_recent_research_advances_likely_to_boost_government_support_c5beafe5] Repaired malformed JSON.
[00:25:15 +2m 18s | thequantuminsider_2023_12_18_recent_research_advances_likely_to_boost_government_support_c5beafe5] Extracting actors: https://thequantuminsider.com/2023/12/18/recent-research-advances-likely-to-boost-government-support-of-quantum (1/1), chunk 21/36
[00:25:22 +2m 25s | thequantuminsider_2023_12_18_recent_research_advances_likely_to_boost_government_support_c5beafe5] Repaired malformed JSON.
[00:25:22 +2m 25s | thequantuminsider_2023_12_18_recent_research_advances_likely_to_boost_government_support_c5beafe5] Extracting actors: https://thequantuminsider.com/2023/12/18/recent-research-advances-likely-to-boost-government-support-of-quantum (1/1), chunk 22/36
[00:25:31 +2m 34s | thequantuminsider_2023_12_18_recent_research_advances_likely_to_boost_government_support_c5beafe5] Repaired malformed JSON.
[00:25:31 +2m 34s | thequantuminsider_2023_12_18_recent_research_advances_likely_to_boost_government_support_c5beafe5] Extracting actors: https://thequantuminsider.com/2023/12/18/recent-research-advances-likely-to-boost-government-support-of-quantum (1/1), chunk 23/36
[00:25:39 +2m 42s | thequantuminsider_2023_12_18_recent_research_advances_likely_to_boost_government_support_c5beafe5] Repaired malformed JSON.
[00:25:39 +2m 42s | thequantuminsider_2023_12_18_recent_research_advances_likely_to_boost_government_support_c5beafe5] Extracting actors: https://thequantuminsider.com/2023/12/18/recent-research-advances-likely-to-boost-government-support-of-quantum (1/1), chunk 24/36
[00:25:45 +2m 49s | thequantuminsider_2023_12_18_recent_research_advances_likely_to_boost_government_support_c5beafe5] Extracting actors: https://thequantuminsider.com/2023/12/18/recent-research-advances-likely-to-boost-government-support-of-quantum (1/1), chunk 25/36
[00:25:52 +2m 56s | thequantuminsider_2023_12_18_recent_research_advances_likely_to_boost_government_support_c5beafe5] Repaired malformed JSON.
[00:25:52 +2m 56s | thequantuminsider_2023_12_18_recent_research_advances_likely_to_boost_government_support_c5beafe5] Extracting actors: https://thequantuminsider.com/2023/12/18/recent-research-advances-likely-to-boost-government-support-of-quantum (1/1), chunk 26/36
[00:25:58 +3m 2s | thequantuminsider_2023_12_18_recent_research_advances_likely_to_boost_government_support_c5beafe5] Extracting actors: https://thequantuminsider.com/2023/12/18/recent-research-advances-likely-to-boost-government-support-of-quantum (1/1), chunk 27/36
[00:26:05 +3m 9s | thequantuminsider_2023_12_18_recent_research_advances_likely_to_boost_government_support_c5beafe5] Repaired malformed JSON.
[00:26:05 +3m 9s | thequantuminsider_2023_12_18_recent_research_advances_likely_to_boost_government_support_c5beafe5] Extracting actors: https://thequantuminsider.com/2023/12/18/recent-research-advances-likely-to-boost-government-support-of-quantum (1/1), chunk 28/36
[00:26:14 +3m 18s | thequantuminsider_2023_12_18_recent_research_advances_likely_to_boost_government_support_c5beafe5] Repaired malformed JSON.
[00:26:14 +3m 18s | thequantuminsider_2023_12_18_recent_research_advances_likely_to_boost_government_support_c5beafe5] Extracting actors: https://thequantuminsider.com/2023/12/18/recent-research-advances-likely-to-boost-government-support-of-quantum (1/1), chunk 29/36
[00:26:24 +3m 28s | thequantuminsider_2023_12_18_recent_research_advances_likely_to_boost_government_support_c5beafe5] Repaired malformed JSON.
[00:26:24 +3m 28s | thequantuminsider_2023_12_18_recent_research_advances_likely_to_boost_government_support_c5beafe5] Extracting actors: https://thequantuminsider.com/2023/12/18/recent-research-advances-likely-to-boost-government-support-of-quantum (1/1), chunk 30/36
[00:26:34 +3m 39s | thequantuminsider_2023_12_18_recent_research_advances_likely_to_boost_government_support_c5beafe5] Repaired malformed JSON.
[00:26:34 +3m 39s | thequantuminsider_2023_12_18_recent_research_advances_likely_to_boost_government_support_c5beafe5] Extracting actors: https://thequantuminsider.com/2023/12/18/recent-research-advances-likely-to-boost-government-support-of-quantum (1/1), chunk 31/36
[00:26:43 +3m 48s | thequantuminsider_2023_12_18_recent_research_advances_likely_to_boost_government_support_c5beafe5] Repaired malformed JSON.
[00:26:43 +3m 48s | thequantuminsider_2023_12_18_recent_research_advances_likely_to_boost_government_support_c5beafe5] Extracting actors: https://thequantuminsider.com/2023/12/18/recent-research-advances-likely-to-boost-government-support-of-quantum (1/1), chunk 32/36
[00:26:51 +3m 56s | thequantuminsider_2023_12_18_recent_research_advances_likely_to_boost_government_support_c5beafe5] Repaired malformed JSON.
[00:26:51 +3m 56s | thequantuminsider_2023_12_18_recent_research_advances_likely_to_boost_government_support_c5beafe5] Extracting actors: https://thequantuminsider.com/2023/12/18/recent-research-advances-likely-to-boost-government-support-of-quantum (1/1), chunk 33/36
[00:27:00 +4m 5s | thequantuminsider_2023_12_18_recent_research_advances_likely_to_boost_government_support_c5beafe5] Repaired malformed JSON.
[00:27:00 +4m 5s | thequantuminsider_2023_12_18_recent_research_advances_likely_to_boost_government_support_c5beafe5] Extracting actors: https://thequantuminsider.com/2023/12/18/recent-research-advances-likely-to-boost-government-support-of-quantum (1/1), chunk 34/36
[00:27:10 +4m 16s | thequantuminsider_2023_12_18_recent_research_advances_likely_to_boost_government_support_c5beafe5] Repaired malformed JSON.
[00:27:10 +4m 16s | thequantuminsider_2023_12_18_recent_research_advances_likely_to_boost_government_support_c5beafe5] Extracting actors: https://thequantuminsider.com/2023/12/18/recent-research-advances-likely-to-boost-government-support-of-quantum (1/1), chunk 35/36
[00:27:22 +4m 28s | thequantuminsider_2023_12_18_recent_research_advances_likely_to_boost_government_support_c5beafe5] Repaired malformed JSON.
[00:27:22 +4m 28s | thequantuminsider_2023_12_18_recent_research_advances_likely_to_boost_government_support_c5beafe5] Extracting actors: https://thequantuminsider.com/2023/12/18/recent-research-advances-likely-to-boost-government-support-of-quantum (1/1), chunk 36/36
[00:27:33 +4m 39s | thequantuminsider_2023_12_18_recent_research_advances_likely_to_boost_government_support_c5beafe5] Repaired malformed JSON.
[00:27:33 +4m 39s | thequantuminsider_2023_12_18_recent_research_advances_likely_to_boost_government_support_c5beafe5] Saved 1_actor_results.json with 54 extracted records

[00:27:33 +4m 39s | thequantuminsider_2023_12_18_recent_research_advances_likely_to_boost_government_support_c5beafe5] === 2 clean actors ===
[00:27:34 +4m 39s | thequantuminsider_2023_12_18_recent_research_advances_likely_to_boost_government_support_c5beafe5] Loaded 54 extracted records
[00:27:34 +4m 39s | thequantuminsider_2023_12_18_recent_research_advances_likely_to_boost_government_support_c5beafe5] Saved 2_actor_nodes.json with 24 canonical actor nodes

[00:27:34 +4m 39s | thequantuminsider_2023_12_18_recent_research_advances_likely_to_boost_government_support_c5beafe5] === 3 interaction extraction ===
[00:27:34 +4m 40s | thequantuminsider_2023_12_18_recent_research_advances_likely_to_boost_government_support_c5beafe5] Extracting interactions: https://thequantuminsider.com/2023/12/18/recent-research-advances-likely-to-boost-government-support-of-quantum (1/1), chunk 11/36
[00:27:41 +4m 48s | thequantuminsider_2023_12_18_recent_research_advances_likely_to_boost_government_support_c5beafe5] Extracting interactions: https://thequantuminsider.com/2023/12/18/recent-research-advances-likely-to-boost-government-support-of-quantum (1/1), chunk 12/36
[00:28:00 +5m 6s | thequantuminsider_2023_12_18_recent_research_advances_likely_to_boost_government_support_c5beafe5] Extracting interactions: https://thequantuminsider.com/2023/12/18/recent-research-advances-likely-to-boost-government-support-of-quantum (1/1), chunk 13/36
[00:28:14 +5m 21s | thequantuminsider_2023_12_18_recent_research_advances_likely_to_boost_government_support_c5beafe5] Extracting interactions: https://thequantuminsider.com/2023/12/18/recent-research-advances-likely-to-boost-government-support-of-quantum (1/1), chunk 14/36
[00:28:20 +5m 28s | thequantuminsider_2023_12_18_recent_research_advances_likely_to_boost_government_support_c5beafe5] Extracting interactions: https://thequantuminsider.com/2023/12/18/recent-research-advances-likely-to-boost-government-support-of-quantum (1/1), chunk 15/36
[00:28:33 +5m 40s | thequantuminsider_2023_12_18_recent_research_advances_likely_to_boost_government_support_c5beafe5] Extracting interactions: https://thequantuminsider.com/2023/12/18/recent-research-advances-likely-to-boost-government-support-of-quantum (1/1), chunk 16/36
[00:28:38 +5m 46s | thequantuminsider_2023_12_18_recent_research_advances_likely_to_boost_government_support_c5beafe5] Extracting interactions: https://thequantuminsider.com/2023/12/18/recent-research-advances-likely-to-boost-government-support-of-quantum (1/1), chunk 17/36
[00:28:40 +5m 47s | thequantuminsider_2023_12_18_recent_research_advances_likely_to_boost_government_support_c5beafe5] Extracting interactions: https://thequantuminsider.com/2023/12/18/recent-research-advances-likely-to-boost-government-support-of-quantum (1/1), chunk 18/36
[00:28:42 +5m 50s | thequantuminsider_2023_12_18_recent_research_advances_likely_to_boost_government_support_c5beafe5] Extracting interactions: https://thequantuminsider.com/2023/12/18/recent-research-advances-likely-to-boost-government-support-of-quantum (1/1), chunk 19/36
[00:28:43 +5m 51s | thequantuminsider_2023_12_18_recent_research_advances_likely_to_boost_government_support_c5beafe5] Extracting interactions: https://thequantuminsider.com/2023/12/18/recent-research-advances-likely-to-boost-government-support-of-quantum (1/1), chunk 20/36
[00:28:51 +5m 59s | thequantuminsider_2023_12_18_recent_research_advances_likely_to_boost_government_support_c5beafe5] Extracting interactions: https://thequantuminsider.com/2023/12/18/recent-research-advances-likely-to-boost-government-support-of-quantum (1/1), chunk 21/36
[00:28:56 +6m 4s | thequantuminsider_2023_12_18_recent_research_advances_likely_to_boost_government_support_c5beafe5] Extracting interactions: https://thequantuminsider.com/2023/12/18/recent-research-advances-likely-to-boost-government-support-of-quantum (1/1), chunk 23/36
[00:28:58 +6m 6s | thequantuminsider_2023_12_18_recent_research_advances_likely_to_boost_government_support_c5beafe5] Extracting interactions: https://thequantuminsider.com/2023/12/18/recent-research-advances-likely-to-boost-government-support-of-quantum (1/1), chunk 25/36
[00:29:23 +6m 32s | thequantuminsider_2023_12_18_recent_research_advances_likely_to_boost_government_support_c5beafe5] Extracting interactions: https://thequantuminsider.com/2023/12/18/recent-research-advances-likely-to-boost-government-support-of-quantum (1/1), chunk 26/36
[00:29:25 +6m 34s | thequantuminsider_2023_12_18_recent_research_advances_likely_to_boost_government_support_c5beafe5] Extracting interactions: https://thequantuminsider.com/2023/12/18/recent-research-advances-likely-to-boost-government-support-of-quantum (1/1), chunk 27/36
[00:29:26 +6m 35s | thequantuminsider_2023_12_18_recent_research_advances_likely_to_boost_government_support_c5beafe5] Extracting interactions: https://thequantuminsider.com/2023/12/18/recent-research-advances-likely-to-boost-government-support-of-quantum (1/1), chunk 28/36
[00:29:28 +6m 37s | thequantuminsider_2023_12_18_recent_research_advances_likely_to_boost_government_support_c5beafe5] Extracting interactions: https://thequantuminsider.com/2023/12/18/recent-research-advances-likely-to-boost-government-support-of-quantum (1/1), chunk 29/36
[00:29:30 +6m 39s | thequantuminsider_2023_12_18_recent_research_advances_likely_to_boost_government_support_c5beafe5] Extracting interactions: https://thequantuminsider.com/2023/12/18/recent-research-advances-likely-to-boost-government-support-of-quantum (1/1), chunk 30/36
[00:29:32 +6m 41s | thequantuminsider_2023_12_18_recent_research_advances_likely_to_boost_government_support_c5beafe5] Extracting interactions: https://thequantuminsider.com/2023/12/18/recent-research-advances-likely-to-boost-government-support-of-quantum (1/1), chunk 31/36
[00:29:34 +6m 43s | thequantuminsider_2023_12_18_recent_research_advances_likely_to_boost_government_support_c5beafe5] Extracting interactions: https://thequantuminsider.com/2023/12/18/recent-research-advances-likely-to-boost-government-support-of-quantum (1/1), chunk 32/36
[00:29:35 +6m 44s | thequantuminsider_2023_12_18_recent_research_advances_likely_to_boost_government_support_c5beafe5] Extracting interactions: https://thequantuminsider.com/2023/12/18/recent-research-advances-likely-to-boost-government-support-of-quantum (1/1), chunk 33/36
[00:29:40 +6m 49s | thequantuminsider_2023_12_18_recent_research_advances_likely_to_boost_government_support_c5beafe5] Extracting interactions: https://thequantuminsider.com/2023/12/18/recent-research-advances-likely-to-boost-government-support-of-quantum (1/1), chunk 34/36
[00:29:43 +6m 52s | thequantuminsider_2023_12_18_recent_research_advances_likely_to_boost_government_support_c5beafe5] Extracting interactions: https://thequantuminsider.com/2023/12/18/recent-research-advances-likely-to-boost-government-support-of-quantum (1/1), chunk 35/36
[00:30:16 +7m 26s | thequantuminsider_2023_12_18_recent_research_advances_likely_to_boost_government_support_c5beafe5] Extracting interactions: https://thequantuminsider.com/2023/12/18/recent-research-advances-likely-to-boost-government-support-of-quantum (1/1), chunk 36/36
[00:30:18 +7m 28s | thequantuminsider_2023_12_18_recent_research_advances_likely_to_boost_government_support_c5beafe5] Saved 3_interaction_results.json with 18 extracted interactions.

[00:30:18 +7m 28s | thequantuminsider_2023_12_18_recent_research_advances_likely_to_boost_government_support_c5beafe5] === 4 clean interactions ===
[00:30:18 +7m 28s | thequantuminsider_2023_12_18_recent_research_advances_likely_to_boost_government_support_c5beafe5] Saved 4_edges.json with 3 cleaned interactions.

[00:30:18 +7m 28s | thequantuminsider_2023_12_18_recent_research_advances_likely_to_boost_government_support_c5beafe5] === 5 helix enrichment ===
[00:30:18 +7m 28s | thequantuminsider_2023_12_18_recent_research_advances_likely_to_boost_government_support_c5beafe5] Wrote 5_nodes.json (24 actors)
[00:30:18 +7m 28s | thequantuminsider_2023_12_18_recent_research_advances_likely_to_boost_government_support_c5beafe5] Wrote 5_edges.json (3 interactions)
[00:30:18 +7m 28s | thequantuminsider_2023_12_18_recent_research_advances_likely_to_boost_government_support_c5beafe5] Actor helix counts: {'Academia': 3, 'Civil Society': 5, 'Industry': 5, 'Unknown': 11}
[00:30:18 +7m 28s | thequantuminsider_2023_12_18_recent_research_advances_likely_to_boost_government_support_c5beafe5] Functional-space counts: {'Innovation': 2, 'Intra-helix / Not classified': 1}

[00:30:18 +7m 28s | thequantuminsider_2023_12_18_recent_research_advances_likely_to_boost_government_support_c5beafe5] === 6 network visualisation ===
[00:30:19 +7m 29s | thequantuminsider_2023_12_18_recent_research_advances_likely_to_boost_government_support_c5beafe5] Wrote quantum_network.html
[00:30:19 +7m 29s | thequantuminsider_2023_12_18_recent_research_advances_likely_to_boost_government_support_c5beafe5] Nodes: 24
[00:30:19 +7m 29s | thequantuminsider_2023_12_18_recent_research_advances_likely_to_boost_government_support_c5beafe5] Edges: 2

[00:30:19 +7m 29s | thequantuminsider_2023_12_18_recent_research_advances_likely_to_boost_government_support_c5beafe5] Done. Outputs written to: /home/lv/IDP/idpdeeptech/pipeline/news_outputs/thequantuminsider_2023_12_18_recent_research_advances_likely_to_boost_government_support_c5beafe5
[00:30:19 +7m 29s | thequantuminsider_2023_12_18_recent_research_advances_likely_to_boost_government_support_c5beafe5] Log: /home/lv/IDP/idpdeeptech/pipeline/news_outputs/thequantuminsider_2023_12_18_recent_research_advances_likely_to_boost_government_support_c5beafe5/run.log

========================================================================
RUN FINISHED 2026-07-05 00:30:19  (OK)
Started:     2026-07-05 00:23:00
Elapsed:     7m 29s
========================================================================
