
========================================================================
RUN STARTED  2026-07-05 02:14:55
site_pipeline.py https://thequantuminsider.com/2023/11/28/pasqal-and-investissement-quebec-launch-a-90-million-quantum-computing-initiative/
========================================================================

[02:14:55 +0s | thequantuminsider_2023_11_28_pasqal_and_investissement_quebec_launch_a_90_million_quantum_00181aba] === 0 crawl site ===
[02:14:57 +1s | thequantuminsider_2023_11_28_pasqal_and_investissement_quebec_launch_a_90_million_quantum_00181aba] [INIT].... → Crawl4AI 0.8.6 
[02:14:59 +4s | thequantuminsider_2023_11_28_pasqal_and_investissement_quebec_launch_a_90_million_quantum_00181aba] [FETCH]... ↓ https://thequantuminsider.com/2023/11/28/pasqal-...aunch-a-90-million-quantum-computing-initiative/  | ✓ | ⏱: 2.53s 
[02:14:59 +4s | thequantuminsider_2023_11_28_pasqal_and_investissement_quebec_launch_a_90_million_quantum_00181aba] [SCRAPE].. ◆ https://thequantuminsider.com/2023/11/28/pasqal-...aunch-a-90-million-quantum-computing-initiative/  | ✓ | ⏱: 0.12s 
[02:14:59 +4s | thequantuminsider_2023_11_28_pasqal_and_investissement_quebec_launch_a_90_million_quantum_00181aba] [COMPLETE] ● https://thequantuminsider.com/2023/11/28/pasqal-...aunch-a-90-million-quantum-computing-initiative/  | ✓ | ⏱: 2.67s 
[02:14:59 +4s | thequantuminsider_2023_11_28_pasqal_and_investissement_quebec_launch_a_90_million_quantum_00181aba] Saved: crawl_output/06cf32dfa6_thequantuminsider.com_2023_11_28_pasqal-and-investissement-quebec-launch-a-90-million-quantum-computing-initiative.json

[02:15:00 +4s | thequantuminsider_2023_11_28_pasqal_and_investissement_quebec_launch_a_90_million_quantum_00181aba] === 1 actor extraction ===
[02:15:00 +5s | thequantuminsider_2023_11_28_pasqal_and_investissement_quebec_launch_a_90_million_quantum_00181aba] Reading page (1/1): https://thequantuminsider.com/2023/11/28/pasqal-and-investissement-quebec-launch-a-90-million-quantum-computing-initiative
[02:15:00 +5s | thequantuminsider_2023_11_28_pasqal_and_investissement_quebec_launch_a_90_million_quantum_00181aba] Extracting actors: https://thequantuminsider.com/2023/11/28/pasqal-and-investissement-quebec-launch-a-90-million-quantum-computing-initiative (1/1), chunk 1/37
[02:15:05 +11s | thequantuminsider_2023_11_28_pasqal_and_investissement_quebec_launch_a_90_million_quantum_00181aba] Repaired malformed JSON.
[02:15:05 +11s | thequantuminsider_2023_11_28_pasqal_and_investissement_quebec_launch_a_90_million_quantum_00181aba] Extracting actors: https://thequantuminsider.com/2023/11/28/pasqal-and-investissement-quebec-launch-a-90-million-quantum-computing-initiative (1/1), chunk 2/37
[02:15:13 +19s | thequantuminsider_2023_11_28_pasqal_and_investissement_quebec_launch_a_90_million_quantum_00181aba] Repaired malformed JSON.
[02:15:13 +19s | thequantuminsider_2023_11_28_pasqal_and_investissement_quebec_launch_a_90_million_quantum_00181aba] Extracting actors: https://thequantuminsider.com/2023/11/28/pasqal-and-investissement-quebec-launch-a-90-million-quantum-computing-initiative (1/1), chunk 3/37
[02:15:17 +23s | thequantuminsider_2023_11_28_pasqal_and_investissement_quebec_launch_a_90_million_quantum_00181aba] Extracting actors: https://thequantuminsider.com/2023/11/28/pasqal-and-investissement-quebec-launch-a-90-million-quantum-computing-initiative (1/1), chunk 4/37
[02:15:26 +32s | thequantuminsider_2023_11_28_pasqal_and_investissement_quebec_launch_a_90_million_quantum_00181aba] Repaired malformed JSON.
[02:15:26 +32s | thequantuminsider_2023_11_28_pasqal_and_investissement_quebec_launch_a_90_million_quantum_00181aba] Extracting actors: https://thequantuminsider.com/2023/11/28/pasqal-and-investissement-quebec-launch-a-90-million-quantum-computing-initiative (1/1), chunk 5/37
[02:15:33 +40s | thequantuminsider_2023_11_28_pasqal_and_investissement_quebec_launch_a_90_million_quantum_00181aba] Repaired malformed JSON.
[02:15:33 +40s | thequantuminsider_2023_11_28_pasqal_and_investissement_quebec_launch_a_90_million_quantum_00181aba] Extracting actors: https://thequantuminsider.com/2023/11/28/pasqal-and-investissement-quebec-launch-a-90-million-quantum-computing-initiative (1/1), chunk 6/37
[02:15:42 +49s | thequantuminsider_2023_11_28_pasqal_and_investissement_quebec_launch_a_90_million_quantum_00181aba] Repaired malformed JSON.
[02:15:42 +49s | thequantuminsider_2023_11_28_pasqal_and_investissement_quebec_launch_a_90_million_quantum_00181aba] Extracting actors: https://thequantuminsider.com/2023/11/28/pasqal-and-investissement-quebec-launch-a-90-million-quantum-computing-initiative (1/1), chunk 7/37
[02:16:08 +1m 17s | thequantuminsider_2023_11_28_pasqal_and_investissement_quebec_launch_a_90_million_quantum_00181aba] Repaired malformed JSON.
[02:16:08 +1m 17s | thequantuminsider_2023_11_28_pasqal_and_investissement_quebec_launch_a_90_million_quantum_00181aba] Extracting actors: https://thequantuminsider.com/2023/11/28/pasqal-and-investissement-quebec-launch-a-90-million-quantum-computing-initiative (1/1), chunk 8/37
[02:16:18 +1m 27s | thequantuminsider_2023_11_28_pasqal_and_investissement_quebec_launch_a_90_million_quantum_00181aba] Repaired malformed JSON.
[02:16:18 +1m 27s | thequantuminsider_2023_11_28_pasqal_and_investissement_quebec_launch_a_90_million_quantum_00181aba] Extracting actors: https://thequantuminsider.com/2023/11/28/pasqal-and-investissement-quebec-launch-a-90-million-quantum-computing-initiative (1/1), chunk 9/37
[02:16:25 +1m 34s | thequantuminsider_2023_11_28_pasqal_and_investissement_quebec_launch_a_90_million_quantum_00181aba] Repaired malformed JSON.
[02:16:25 +1m 34s | thequantuminsider_2023_11_28_pasqal_and_investissement_quebec_launch_a_90_million_quantum_00181aba] Extracting actors: https://thequantuminsider.com/2023/11/28/pasqal-and-investissement-quebec-launch-a-90-million-quantum-computing-initiative (1/1), chunk 10/37
[02:16:38 +1m 47s | thequantuminsider_2023_11_28_pasqal_and_investissement_quebec_launch_a_90_million_quantum_00181aba] Repaired malformed JSON.
[02:16:38 +1m 47s | thequantuminsider_2023_11_28_pasqal_and_investissement_quebec_launch_a_90_million_quantum_00181aba] Extracting actors: https://thequantuminsider.com/2023/11/28/pasqal-and-investissement-quebec-launch-a-90-million-quantum-computing-initiative (1/1), chunk 11/37
[02:16:44 +1m 54s | thequantuminsider_2023_11_28_pasqal_and_investissement_quebec_launch_a_90_million_quantum_00181aba] Repaired malformed JSON.
[02:16:44 +1m 54s | thequantuminsider_2023_11_28_pasqal_and_investissement_quebec_launch_a_90_million_quantum_00181aba] Extracting actors: https://thequantuminsider.com/2023/11/28/pasqal-and-investissement-quebec-launch-a-90-million-quantum-computing-initiative (1/1), chunk 12/37
[02:16:50 +2m 0s | thequantuminsider_2023_11_28_pasqal_and_investissement_quebec_launch_a_90_million_quantum_00181aba] Repaired malformed JSON.
[02:16:50 +2m 0s | thequantuminsider_2023_11_28_pasqal_and_investissement_quebec_launch_a_90_million_quantum_00181aba] Extracting actors: https://thequantuminsider.com/2023/11/28/pasqal-and-investissement-quebec-launch-a-90-million-quantum-computing-initiative (1/1), chunk 13/37
[02:16:58 +2m 8s | thequantuminsider_2023_11_28_pasqal_and_investissement_quebec_launch_a_90_million_quantum_00181aba] Repaired malformed JSON.
[02:16:58 +2m 8s | thequantuminsider_2023_11_28_pasqal_and_investissement_quebec_launch_a_90_million_quantum_00181aba] Extracting actors: https://thequantuminsider.com/2023/11/28/pasqal-and-investissement-quebec-launch-a-90-million-quantum-computing-initiative (1/1), chunk 14/37
[02:17:04 +2m 13s | thequantuminsider_2023_11_28_pasqal_and_investissement_quebec_launch_a_90_million_quantum_00181aba] Repaired malformed JSON.
[02:17:04 +2m 13s | thequantuminsider_2023_11_28_pasqal_and_investissement_quebec_launch_a_90_million_quantum_00181aba] Extracting actors: https://thequantuminsider.com/2023/11/28/pasqal-and-investissement-quebec-launch-a-90-million-quantum-computing-initiative (1/1), chunk 15/37
[02:17:11 +2m 22s | thequantuminsider_2023_11_28_pasqal_and_investissement_quebec_launch_a_90_million_quantum_00181aba] Repaired malformed JSON.
[02:17:11 +2m 22s | thequantuminsider_2023_11_28_pasqal_and_investissement_quebec_launch_a_90_million_quantum_00181aba] Extracting actors: https://thequantuminsider.com/2023/11/28/pasqal-and-investissement-quebec-launch-a-90-million-quantum-computing-initiative (1/1), chunk 16/37
[02:17:20 +2m 31s | thequantuminsider_2023_11_28_pasqal_and_investissement_quebec_launch_a_90_million_quantum_00181aba] Repaired malformed JSON.
[02:17:20 +2m 31s | thequantuminsider_2023_11_28_pasqal_and_investissement_quebec_launch_a_90_million_quantum_00181aba] Extracting actors: https://thequantuminsider.com/2023/11/28/pasqal-and-investissement-quebec-launch-a-90-million-quantum-computing-initiative (1/1), chunk 17/37
[02:17:31 +2m 42s | thequantuminsider_2023_11_28_pasqal_and_investissement_quebec_launch_a_90_million_quantum_00181aba] Repaired malformed JSON.
[02:17:31 +2m 42s | thequantuminsider_2023_11_28_pasqal_and_investissement_quebec_launch_a_90_million_quantum_00181aba] Extracting actors: https://thequantuminsider.com/2023/11/28/pasqal-and-investissement-quebec-launch-a-90-million-quantum-computing-initiative (1/1), chunk 18/37
[02:17:40 +2m 52s | thequantuminsider_2023_11_28_pasqal_and_investissement_quebec_launch_a_90_million_quantum_00181aba] Repaired malformed JSON.
[02:17:40 +2m 52s | thequantuminsider_2023_11_28_pasqal_and_investissement_quebec_launch_a_90_million_quantum_00181aba] Extracting actors: https://thequantuminsider.com/2023/11/28/pasqal-and-investissement-quebec-launch-a-90-million-quantum-computing-initiative (1/1), chunk 19/37
[02:17:47 +2m 59s | thequantuminsider_2023_11_28_pasqal_and_investissement_quebec_launch_a_90_million_quantum_00181aba] Repaired malformed JSON.
[02:17:47 +2m 59s | thequantuminsider_2023_11_28_pasqal_and_investissement_quebec_launch_a_90_million_quantum_00181aba] Extracting actors: https://thequantuminsider.com/2023/11/28/pasqal-and-investissement-quebec-launch-a-90-million-quantum-computing-initiative (1/1), chunk 20/37
[02:17:57 +3m 9s | thequantuminsider_2023_11_28_pasqal_and_investissement_quebec_launch_a_90_million_quantum_00181aba] Repaired malformed JSON.
[02:17:57 +3m 9s | thequantuminsider_2023_11_28_pasqal_and_investissement_quebec_launch_a_90_million_quantum_00181aba] Extracting actors: https://thequantuminsider.com/2023/11/28/pasqal-and-investissement-quebec-launch-a-90-million-quantum-computing-initiative (1/1), chunk 21/37
[02:18:06 +3m 18s | thequantuminsider_2023_11_28_pasqal_and_investissement_quebec_launch_a_90_million_quantum_00181aba] Repaired malformed JSON.
[02:18:06 +3m 18s | thequantuminsider_2023_11_28_pasqal_and_investissement_quebec_launch_a_90_million_quantum_00181aba] Extracting actors: https://thequantuminsider.com/2023/11/28/pasqal-and-investissement-quebec-launch-a-90-million-quantum-computing-initiative (1/1), chunk 22/37
[02:18:12 +3m 25s | thequantuminsider_2023_11_28_pasqal_and_investissement_quebec_launch_a_90_million_quantum_00181aba] Repaired malformed JSON.
[02:18:12 +3m 25s | thequantuminsider_2023_11_28_pasqal_and_investissement_quebec_launch_a_90_million_quantum_00181aba] Extracting actors: https://thequantuminsider.com/2023/11/28/pasqal-and-investissement-quebec-launch-a-90-million-quantum-computing-initiative (1/1), chunk 23/37
[02:18:21 +3m 35s | thequantuminsider_2023_11_28_pasqal_and_investissement_quebec_launch_a_90_million_quantum_00181aba] Repaired malformed JSON.
[02:18:21 +3m 35s | thequantuminsider_2023_11_28_pasqal_and_investissement_quebec_launch_a_90_million_quantum_00181aba] Extracting actors: https://thequantuminsider.com/2023/11/28/pasqal-and-investissement-quebec-launch-a-90-million-quantum-computing-initiative (1/1), chunk 24/37
[02:18:33 +3m 46s | thequantuminsider_2023_11_28_pasqal_and_investissement_quebec_launch_a_90_million_quantum_00181aba] Repaired malformed JSON.
[02:18:33 +3m 46s | thequantuminsider_2023_11_28_pasqal_and_investissement_quebec_launch_a_90_million_quantum_00181aba] Extracting actors: https://thequantuminsider.com/2023/11/28/pasqal-and-investissement-quebec-launch-a-90-million-quantum-computing-initiative (1/1), chunk 25/37
[02:18:39 +3m 53s | thequantuminsider_2023_11_28_pasqal_and_investissement_quebec_launch_a_90_million_quantum_00181aba] Extracting actors: https://thequantuminsider.com/2023/11/28/pasqal-and-investissement-quebec-launch-a-90-million-quantum-computing-initiative (1/1), chunk 26/37
[02:18:46 +4m 0s | thequantuminsider_2023_11_28_pasqal_and_investissement_quebec_launch_a_90_million_quantum_00181aba] Repaired malformed JSON.
[02:18:46 +4m 0s | thequantuminsider_2023_11_28_pasqal_and_investissement_quebec_launch_a_90_million_quantum_00181aba] Extracting actors: https://thequantuminsider.com/2023/11/28/pasqal-and-investissement-quebec-launch-a-90-million-quantum-computing-initiative (1/1), chunk 27/37
[02:18:55 +4m 9s | thequantuminsider_2023_11_28_pasqal_and_investissement_quebec_launch_a_90_million_quantum_00181aba] Repaired malformed JSON.
[02:18:55 +4m 9s | thequantuminsider_2023_11_28_pasqal_and_investissement_quebec_launch_a_90_million_quantum_00181aba] Extracting actors: https://thequantuminsider.com/2023/11/28/pasqal-and-investissement-quebec-launch-a-90-million-quantum-computing-initiative (1/1), chunk 28/37
[02:19:03 +4m 18s | thequantuminsider_2023_11_28_pasqal_and_investissement_quebec_launch_a_90_million_quantum_00181aba] Repaired malformed JSON.
[02:19:03 +4m 18s | thequantuminsider_2023_11_28_pasqal_and_investissement_quebec_launch_a_90_million_quantum_00181aba] Extracting actors: https://thequantuminsider.com/2023/11/28/pasqal-and-investissement-quebec-launch-a-90-million-quantum-computing-initiative (1/1), chunk 29/37
[02:19:06 +4m 20s | thequantuminsider_2023_11_28_pasqal_and_investissement_quebec_launch_a_90_million_quantum_00181aba] Extracting actors: https://thequantuminsider.com/2023/11/28/pasqal-and-investissement-quebec-launch-a-90-million-quantum-computing-initiative (1/1), chunk 30/37
[02:19:14 +4m 30s | thequantuminsider_2023_11_28_pasqal_and_investissement_quebec_launch_a_90_million_quantum_00181aba] Repaired malformed JSON.
[02:19:14 +4m 30s | thequantuminsider_2023_11_28_pasqal_and_investissement_quebec_launch_a_90_million_quantum_00181aba] Extracting actors: https://thequantuminsider.com/2023/11/28/pasqal-and-investissement-quebec-launch-a-90-million-quantum-computing-initiative (1/1), chunk 31/37
[02:19:40 +4m 57s | thequantuminsider_2023_11_28_pasqal_and_investissement_quebec_launch_a_90_million_quantum_00181aba] Repaired malformed JSON.
[02:19:40 +4m 57s | thequantuminsider_2023_11_28_pasqal_and_investissement_quebec_launch_a_90_million_quantum_00181aba] Extracting actors: https://thequantuminsider.com/2023/11/28/pasqal-and-investissement-quebec-launch-a-90-million-quantum-computing-initiative (1/1), chunk 32/37
[02:19:47 +5m 4s | thequantuminsider_2023_11_28_pasqal_and_investissement_quebec_launch_a_90_million_quantum_00181aba] Repaired malformed JSON.
[02:19:47 +5m 4s | thequantuminsider_2023_11_28_pasqal_and_investissement_quebec_launch_a_90_million_quantum_00181aba] Extracting actors: https://thequantuminsider.com/2023/11/28/pasqal-and-investissement-quebec-launch-a-90-million-quantum-computing-initiative (1/1), chunk 33/37
[02:19:56 +5m 13s | thequantuminsider_2023_11_28_pasqal_and_investissement_quebec_launch_a_90_million_quantum_00181aba] Repaired malformed JSON.
[02:19:56 +5m 13s | thequantuminsider_2023_11_28_pasqal_and_investissement_quebec_launch_a_90_million_quantum_00181aba] Extracting actors: https://thequantuminsider.com/2023/11/28/pasqal-and-investissement-quebec-launch-a-90-million-quantum-computing-initiative (1/1), chunk 34/37
[02:20:03 +5m 20s | thequantuminsider_2023_11_28_pasqal_and_investissement_quebec_launch_a_90_million_quantum_00181aba] Repaired malformed JSON.
[02:20:03 +5m 20s | thequantuminsider_2023_11_28_pasqal_and_investissement_quebec_launch_a_90_million_quantum_00181aba] Extracting actors: https://thequantuminsider.com/2023/11/28/pasqal-and-investissement-quebec-launch-a-90-million-quantum-computing-initiative (1/1), chunk 35/37
[02:20:29 +5m 47s | thequantuminsider_2023_11_28_pasqal_and_investissement_quebec_launch_a_90_million_quantum_00181aba] Repaired malformed JSON.
[02:20:29 +5m 47s | thequantuminsider_2023_11_28_pasqal_and_investissement_quebec_launch_a_90_million_quantum_00181aba] Extracting actors: https://thequantuminsider.com/2023/11/28/pasqal-and-investissement-quebec-launch-a-90-million-quantum-computing-initiative (1/1), chunk 36/37
[02:20:38 +5m 56s | thequantuminsider_2023_11_28_pasqal_and_investissement_quebec_launch_a_90_million_quantum_00181aba] Repaired malformed JSON.
[02:20:38 +5m 56s | thequantuminsider_2023_11_28_pasqal_and_investissement_quebec_launch_a_90_million_quantum_00181aba] Extracting actors: https://thequantuminsider.com/2023/11/28/pasqal-and-investissement-quebec-launch-a-90-million-quantum-computing-initiative (1/1), chunk 37/37
[02:20:43 +6m 3s | thequantuminsider_2023_11_28_pasqal_and_investissement_quebec_launch_a_90_million_quantum_00181aba] Repaired malformed JSON.
[02:20:43 +6m 3s | thequantuminsider_2023_11_28_pasqal_and_investissement_quebec_launch_a_90_million_quantum_00181aba] Saved 1_actor_results.json with 69 extracted records

[02:20:43 +6m 3s | thequantuminsider_2023_11_28_pasqal_and_investissement_quebec_launch_a_90_million_quantum_00181aba] === 2 clean actors ===
[02:20:43 +6m 3s | thequantuminsider_2023_11_28_pasqal_and_investissement_quebec_launch_a_90_million_quantum_00181aba] Loaded 69 extracted records
[02:20:43 +6m 3s | thequantuminsider_2023_11_28_pasqal_and_investissement_quebec_launch_a_90_million_quantum_00181aba] Saved 2_actor_nodes.json with 17 canonical actor nodes

[02:20:43 +6m 3s | thequantuminsider_2023_11_28_pasqal_and_investissement_quebec_launch_a_90_million_quantum_00181aba] === 3 interaction extraction ===
[02:20:44 +6m 3s | thequantuminsider_2023_11_28_pasqal_and_investissement_quebec_launch_a_90_million_quantum_00181aba] Extracting interactions: https://thequantuminsider.com/2023/11/28/pasqal-and-investissement-quebec-launch-a-90-million-quantum-computing-initiative (1/1), chunk 11/37
[02:20:50 +6m 10s | thequantuminsider_2023_11_28_pasqal_and_investissement_quebec_launch_a_90_million_quantum_00181aba] Extracting interactions: https://thequantuminsider.com/2023/11/28/pasqal-and-investissement-quebec-launch-a-90-million-quantum-computing-initiative (1/1), chunk 12/37
[02:21:00 +6m 20s | thequantuminsider_2023_11_28_pasqal_and_investissement_quebec_launch_a_90_million_quantum_00181aba] Extracting interactions: https://thequantuminsider.com/2023/11/28/pasqal-and-investissement-quebec-launch-a-90-million-quantum-computing-initiative (1/1), chunk 13/37
[02:21:12 +6m 31s | thequantuminsider_2023_11_28_pasqal_and_investissement_quebec_launch_a_90_million_quantum_00181aba] Extracting interactions: https://thequantuminsider.com/2023/11/28/pasqal-and-investissement-quebec-launch-a-90-million-quantum-computing-initiative (1/1), chunk 14/37
[02:21:22 +6m 43s | thequantuminsider_2023_11_28_pasqal_and_investissement_quebec_launch_a_90_million_quantum_00181aba] Extracting interactions: https://thequantuminsider.com/2023/11/28/pasqal-and-investissement-quebec-launch-a-90-million-quantum-computing-initiative (1/1), chunk 15/37
[02:21:34 +6m 54s | thequantuminsider_2023_11_28_pasqal_and_investissement_quebec_launch_a_90_million_quantum_00181aba] Extracting interactions: https://thequantuminsider.com/2023/11/28/pasqal-and-investissement-quebec-launch-a-90-million-quantum-computing-initiative (1/1), chunk 16/37
[02:21:46 +7m 7s | thequantuminsider_2023_11_28_pasqal_and_investissement_quebec_launch_a_90_million_quantum_00181aba] Extracting interactions: https://thequantuminsider.com/2023/11/28/pasqal-and-investissement-quebec-launch-a-90-million-quantum-computing-initiative (1/1), chunk 17/37
[02:21:50 +7m 12s | thequantuminsider_2023_11_28_pasqal_and_investissement_quebec_launch_a_90_million_quantum_00181aba] Extracting interactions: https://thequantuminsider.com/2023/11/28/pasqal-and-investissement-quebec-launch-a-90-million-quantum-computing-initiative (1/1), chunk 20/37
[02:21:53 +7m 15s | thequantuminsider_2023_11_28_pasqal_and_investissement_quebec_launch_a_90_million_quantum_00181aba] Extracting interactions: https://thequantuminsider.com/2023/11/28/pasqal-and-investissement-quebec-launch-a-90-million-quantum-computing-initiative (1/1), chunk 21/37
[02:21:58 +7m 20s | thequantuminsider_2023_11_28_pasqal_and_investissement_quebec_launch_a_90_million_quantum_00181aba] Extracting interactions: https://thequantuminsider.com/2023/11/28/pasqal-and-investissement-quebec-launch-a-90-million-quantum-computing-initiative (1/1), chunk 26/37
[02:22:16 +7m 39s | thequantuminsider_2023_11_28_pasqal_and_investissement_quebec_launch_a_90_million_quantum_00181aba] Extracting interactions: https://thequantuminsider.com/2023/11/28/pasqal-and-investissement-quebec-launch-a-90-million-quantum-computing-initiative (1/1), chunk 27/37
[02:22:18 +7m 41s | thequantuminsider_2023_11_28_pasqal_and_investissement_quebec_launch_a_90_million_quantum_00181aba] Extracting interactions: https://thequantuminsider.com/2023/11/28/pasqal-and-investissement-quebec-launch-a-90-million-quantum-computing-initiative (1/1), chunk 28/37
[02:22:19 +7m 42s | thequantuminsider_2023_11_28_pasqal_and_investissement_quebec_launch_a_90_million_quantum_00181aba] Extracting interactions: https://thequantuminsider.com/2023/11/28/pasqal-and-investissement-quebec-launch-a-90-million-quantum-computing-initiative (1/1), chunk 30/37
[02:22:21 +7m 44s | thequantuminsider_2023_11_28_pasqal_and_investissement_quebec_launch_a_90_million_quantum_00181aba] Extracting interactions: https://thequantuminsider.com/2023/11/28/pasqal-and-investissement-quebec-launch-a-90-million-quantum-computing-initiative (1/1), chunk 31/37
[02:22:23 +7m 46s | thequantuminsider_2023_11_28_pasqal_and_investissement_quebec_launch_a_90_million_quantum_00181aba] Extracting interactions: https://thequantuminsider.com/2023/11/28/pasqal-and-investissement-quebec-launch-a-90-million-quantum-computing-initiative (1/1), chunk 32/37
[02:22:24 +7m 47s | thequantuminsider_2023_11_28_pasqal_and_investissement_quebec_launch_a_90_million_quantum_00181aba] Extracting interactions: https://thequantuminsider.com/2023/11/28/pasqal-and-investissement-quebec-launch-a-90-million-quantum-computing-initiative (1/1), chunk 33/37
[02:22:27 +7m 50s | thequantuminsider_2023_11_28_pasqal_and_investissement_quebec_launch_a_90_million_quantum_00181aba] Extracting interactions: https://thequantuminsider.com/2023/11/28/pasqal-and-investissement-quebec-launch-a-90-million-quantum-computing-initiative (1/1), chunk 34/37
[02:22:28 +7m 51s | thequantuminsider_2023_11_28_pasqal_and_investissement_quebec_launch_a_90_million_quantum_00181aba] Extracting interactions: https://thequantuminsider.com/2023/11/28/pasqal-and-investissement-quebec-launch-a-90-million-quantum-computing-initiative (1/1), chunk 35/37
[02:23:00 +8m 24s | thequantuminsider_2023_11_28_pasqal_and_investissement_quebec_launch_a_90_million_quantum_00181aba] Extracting interactions: https://thequantuminsider.com/2023/11/28/pasqal-and-investissement-quebec-launch-a-90-million-quantum-computing-initiative (1/1), chunk 36/37
[02:23:02 +8m 26s | thequantuminsider_2023_11_28_pasqal_and_investissement_quebec_launch_a_90_million_quantum_00181aba] Extracting interactions: https://thequantuminsider.com/2023/11/28/pasqal-and-investissement-quebec-launch-a-90-million-quantum-computing-initiative (1/1), chunk 37/37
[02:23:04 +8m 29s | thequantuminsider_2023_11_28_pasqal_and_investissement_quebec_launch_a_90_million_quantum_00181aba] Saved 3_interaction_results.json with 16 extracted interactions.

[02:23:04 +8m 29s | thequantuminsider_2023_11_28_pasqal_and_investissement_quebec_launch_a_90_million_quantum_00181aba] === 4 clean interactions ===
[02:23:04 +8m 29s | thequantuminsider_2023_11_28_pasqal_and_investissement_quebec_launch_a_90_million_quantum_00181aba] Saved 4_edges.json with 3 cleaned interactions.

[02:23:04 +8m 29s | thequantuminsider_2023_11_28_pasqal_and_investissement_quebec_launch_a_90_million_quantum_00181aba] === 5 helix enrichment ===
[02:23:05 +8m 29s | thequantuminsider_2023_11_28_pasqal_and_investissement_quebec_launch_a_90_million_quantum_00181aba] Wrote 5_nodes.json (17 actors)
[02:23:05 +8m 29s | thequantuminsider_2023_11_28_pasqal_and_investissement_quebec_launch_a_90_million_quantum_00181aba] Wrote 5_edges.json (3 interactions)
[02:23:05 +8m 29s | thequantuminsider_2023_11_28_pasqal_and_investissement_quebec_launch_a_90_million_quantum_00181aba] Actor helix counts: {'Academia': 2, 'Civil Society': 3, 'Government': 1, 'Industry': 2, 'Intermediary': 2, 'Unknown': 7}
[02:23:05 +8m 29s | thequantuminsider_2023_11_28_pasqal_and_investissement_quebec_launch_a_90_million_quantum_00181aba] Functional-space counts: {'Consensus': 1, 'Innovation': 2}

[02:23:05 +8m 29s | thequantuminsider_2023_11_28_pasqal_and_investissement_quebec_launch_a_90_million_quantum_00181aba] === 6 network visualisation ===
[02:23:05 +8m 29s | thequantuminsider_2023_11_28_pasqal_and_investissement_quebec_launch_a_90_million_quantum_00181aba] Wrote quantum_network.html
[02:23:05 +8m 29s | thequantuminsider_2023_11_28_pasqal_and_investissement_quebec_launch_a_90_million_quantum_00181aba] Nodes: 17
[02:23:05 +8m 29s | thequantuminsider_2023_11_28_pasqal_and_investissement_quebec_launch_a_90_million_quantum_00181aba] Edges: 2

[02:23:05 +8m 29s | thequantuminsider_2023_11_28_pasqal_and_investissement_quebec_launch_a_90_million_quantum_00181aba] Done. Outputs written to: /home/lv/IDP/idpdeeptech/pipeline/news_outputs/thequantuminsider_2023_11_28_pasqal_and_investissement_quebec_launch_a_90_million_quantum_00181aba
[02:23:05 +8m 29s | thequantuminsider_2023_11_28_pasqal_and_investissement_quebec_launch_a_90_million_quantum_00181aba] Log: /home/lv/IDP/idpdeeptech/pipeline/news_outputs/thequantuminsider_2023_11_28_pasqal_and_investissement_quebec_launch_a_90_million_quantum_00181aba/run.log

========================================================================
RUN FINISHED 2026-07-05 02:23:05  (OK)
Started:     2026-07-05 02:14:55
Elapsed:     8m 29s
========================================================================
