
========================================================================
RUN STARTED  2026-07-05 04:23:14
site_pipeline.py https://thequantuminsider.com/2023/11/01/aliro-quantum-receives-investment-from-cisco-investments-as-part-of-funding-round/
========================================================================

[04:23:14 +0s | thequantuminsider_2023_11_01_aliro_quantum_receives_investment_from_cisco_investments_as_37fc7bdd] === 0 crawl site ===
[04:23:15 +1s | thequantuminsider_2023_11_01_aliro_quantum_receives_investment_from_cisco_investments_as_37fc7bdd] [INIT].... → Crawl4AI 0.8.6 
[04:23:17 +3s | thequantuminsider_2023_11_01_aliro_quantum_receives_investment_from_cisco_investments_as_37fc7bdd] [FETCH]... ↓ https://thequantuminsider.com/2023/11/01/aliro-q...from-cisco-investments-as-part-of-funding-round/  | ✓ | ⏱: 1.85s 
[04:23:17 +3s | thequantuminsider_2023_11_01_aliro_quantum_receives_investment_from_cisco_investments_as_37fc7bdd] [SCRAPE].. ◆ https://thequantuminsider.com/2023/11/01/aliro-q...from-cisco-investments-as-part-of-funding-round/  | ✓ | ⏱: 0.12s 
[04:23:17 +3s | thequantuminsider_2023_11_01_aliro_quantum_receives_investment_from_cisco_investments_as_37fc7bdd] [COMPLETE] ● https://thequantuminsider.com/2023/11/01/aliro-q...from-cisco-investments-as-part-of-funding-round/  | ✓ | ⏱: 1.99s 
[04:23:17 +3s | thequantuminsider_2023_11_01_aliro_quantum_receives_investment_from_cisco_investments_as_37fc7bdd] Saved: crawl_output/7084733b8b_thequantuminsider.com_2023_11_01_aliro-quantum-receives-investment-from-cisco-investments-as-part-of-funding-round.json

[04:23:17 +4s | thequantuminsider_2023_11_01_aliro_quantum_receives_investment_from_cisco_investments_as_37fc7bdd] === 1 actor extraction ===
[04:23:18 +4s | thequantuminsider_2023_11_01_aliro_quantum_receives_investment_from_cisco_investments_as_37fc7bdd] Reading page (1/1): https://thequantuminsider.com/2023/11/01/aliro-quantum-receives-investment-from-cisco-investments-as-part-of-funding-round
[04:23:18 +4s | thequantuminsider_2023_11_01_aliro_quantum_receives_investment_from_cisco_investments_as_37fc7bdd] Extracting actors: https://thequantuminsider.com/2023/11/01/aliro-quantum-receives-investment-from-cisco-investments-as-part-of-funding-round (1/1), chunk 1/36
[04:23:24 +10s | thequantuminsider_2023_11_01_aliro_quantum_receives_investment_from_cisco_investments_as_37fc7bdd] Repaired malformed JSON.
[04:23:24 +10s | thequantuminsider_2023_11_01_aliro_quantum_receives_investment_from_cisco_investments_as_37fc7bdd] Extracting actors: https://thequantuminsider.com/2023/11/01/aliro-quantum-receives-investment-from-cisco-investments-as-part-of-funding-round (1/1), chunk 2/36
[04:23:32 +18s | thequantuminsider_2023_11_01_aliro_quantum_receives_investment_from_cisco_investments_as_37fc7bdd] Repaired malformed JSON.
[04:23:32 +18s | thequantuminsider_2023_11_01_aliro_quantum_receives_investment_from_cisco_investments_as_37fc7bdd] Extracting actors: https://thequantuminsider.com/2023/11/01/aliro-quantum-receives-investment-from-cisco-investments-as-part-of-funding-round (1/1), chunk 3/36
[04:23:38 +25s | thequantuminsider_2023_11_01_aliro_quantum_receives_investment_from_cisco_investments_as_37fc7bdd] Repaired malformed JSON.
[04:23:38 +25s | thequantuminsider_2023_11_01_aliro_quantum_receives_investment_from_cisco_investments_as_37fc7bdd] Extracting actors: https://thequantuminsider.com/2023/11/01/aliro-quantum-receives-investment-from-cisco-investments-as-part-of-funding-round (1/1), chunk 4/36
[04:23:43 +31s | thequantuminsider_2023_11_01_aliro_quantum_receives_investment_from_cisco_investments_as_37fc7bdd] Repaired malformed JSON.
[04:23:43 +31s | thequantuminsider_2023_11_01_aliro_quantum_receives_investment_from_cisco_investments_as_37fc7bdd] Extracting actors: https://thequantuminsider.com/2023/11/01/aliro-quantum-receives-investment-from-cisco-investments-as-part-of-funding-round (1/1), chunk 5/36
[04:23:50 +38s | thequantuminsider_2023_11_01_aliro_quantum_receives_investment_from_cisco_investments_as_37fc7bdd] Repaired malformed JSON.
[04:23:50 +38s | thequantuminsider_2023_11_01_aliro_quantum_receives_investment_from_cisco_investments_as_37fc7bdd] Extracting actors: https://thequantuminsider.com/2023/11/01/aliro-quantum-receives-investment-from-cisco-investments-as-part-of-funding-round (1/1), chunk 6/36
[04:23:58 +46s | thequantuminsider_2023_11_01_aliro_quantum_receives_investment_from_cisco_investments_as_37fc7bdd] Repaired malformed JSON.
[04:23:58 +46s | thequantuminsider_2023_11_01_aliro_quantum_receives_investment_from_cisco_investments_as_37fc7bdd] Extracting actors: https://thequantuminsider.com/2023/11/01/aliro-quantum-receives-investment-from-cisco-investments-as-part-of-funding-round (1/1), chunk 7/36
[04:24:07 +55s | thequantuminsider_2023_11_01_aliro_quantum_receives_investment_from_cisco_investments_as_37fc7bdd] Repaired malformed JSON.
[04:24:07 +55s | thequantuminsider_2023_11_01_aliro_quantum_receives_investment_from_cisco_investments_as_37fc7bdd] Extracting actors: https://thequantuminsider.com/2023/11/01/aliro-quantum-receives-investment-from-cisco-investments-as-part-of-funding-round (1/1), chunk 8/36
[04:24:12 +1m 2s | thequantuminsider_2023_11_01_aliro_quantum_receives_investment_from_cisco_investments_as_37fc7bdd] Repaired malformed JSON.
[04:24:12 +1m 2s | thequantuminsider_2023_11_01_aliro_quantum_receives_investment_from_cisco_investments_as_37fc7bdd] Extracting actors: https://thequantuminsider.com/2023/11/01/aliro-quantum-receives-investment-from-cisco-investments-as-part-of-funding-round (1/1), chunk 9/36
[04:24:20 +1m 9s | thequantuminsider_2023_11_01_aliro_quantum_receives_investment_from_cisco_investments_as_37fc7bdd] Repaired malformed JSON.
[04:24:20 +1m 9s | thequantuminsider_2023_11_01_aliro_quantum_receives_investment_from_cisco_investments_as_37fc7bdd] Extracting actors: https://thequantuminsider.com/2023/11/01/aliro-quantum-receives-investment-from-cisco-investments-as-part-of-funding-round (1/1), chunk 10/36
[04:24:28 +1m 17s | thequantuminsider_2023_11_01_aliro_quantum_receives_investment_from_cisco_investments_as_37fc7bdd] Repaired malformed JSON.
[04:24:28 +1m 17s | thequantuminsider_2023_11_01_aliro_quantum_receives_investment_from_cisco_investments_as_37fc7bdd] Extracting actors: https://thequantuminsider.com/2023/11/01/aliro-quantum-receives-investment-from-cisco-investments-as-part-of-funding-round (1/1), chunk 11/36
[04:24:35 +1m 25s | thequantuminsider_2023_11_01_aliro_quantum_receives_investment_from_cisco_investments_as_37fc7bdd] Repaired malformed JSON.
[04:24:35 +1m 25s | thequantuminsider_2023_11_01_aliro_quantum_receives_investment_from_cisco_investments_as_37fc7bdd] Extracting actors: https://thequantuminsider.com/2023/11/01/aliro-quantum-receives-investment-from-cisco-investments-as-part-of-funding-round (1/1), chunk 12/36
[04:24:41 +1m 33s | thequantuminsider_2023_11_01_aliro_quantum_receives_investment_from_cisco_investments_as_37fc7bdd] Repaired malformed JSON.
[04:24:41 +1m 33s | thequantuminsider_2023_11_01_aliro_quantum_receives_investment_from_cisco_investments_as_37fc7bdd] Extracting actors: https://thequantuminsider.com/2023/11/01/aliro-quantum-receives-investment-from-cisco-investments-as-part-of-funding-round (1/1), chunk 13/36
[04:24:50 +1m 42s | thequantuminsider_2023_11_01_aliro_quantum_receives_investment_from_cisco_investments_as_37fc7bdd] Repaired malformed JSON.
[04:24:50 +1m 42s | thequantuminsider_2023_11_01_aliro_quantum_receives_investment_from_cisco_investments_as_37fc7bdd] Extracting actors: https://thequantuminsider.com/2023/11/01/aliro-quantum-receives-investment-from-cisco-investments-as-part-of-funding-round (1/1), chunk 14/36
[04:25:19 +2m 12s | thequantuminsider_2023_11_01_aliro_quantum_receives_investment_from_cisco_investments_as_37fc7bdd] Repaired malformed JSON.
[04:25:19 +2m 12s | thequantuminsider_2023_11_01_aliro_quantum_receives_investment_from_cisco_investments_as_37fc7bdd] Extracting actors: https://thequantuminsider.com/2023/11/01/aliro-quantum-receives-investment-from-cisco-investments-as-part-of-funding-round (1/1), chunk 15/36
[04:25:27 +2m 20s | thequantuminsider_2023_11_01_aliro_quantum_receives_investment_from_cisco_investments_as_37fc7bdd] Repaired malformed JSON.
[04:25:27 +2m 20s | thequantuminsider_2023_11_01_aliro_quantum_receives_investment_from_cisco_investments_as_37fc7bdd] Extracting actors: https://thequantuminsider.com/2023/11/01/aliro-quantum-receives-investment-from-cisco-investments-as-part-of-funding-round (1/1), chunk 16/36
[04:25:33 +2m 27s | thequantuminsider_2023_11_01_aliro_quantum_receives_investment_from_cisco_investments_as_37fc7bdd] Repaired malformed JSON.
[04:25:33 +2m 27s | thequantuminsider_2023_11_01_aliro_quantum_receives_investment_from_cisco_investments_as_37fc7bdd] Extracting actors: https://thequantuminsider.com/2023/11/01/aliro-quantum-receives-investment-from-cisco-investments-as-part-of-funding-round (1/1), chunk 17/36
[04:25:41 +2m 35s | thequantuminsider_2023_11_01_aliro_quantum_receives_investment_from_cisco_investments_as_37fc7bdd] Repaired malformed JSON.
[04:25:41 +2m 35s | thequantuminsider_2023_11_01_aliro_quantum_receives_investment_from_cisco_investments_as_37fc7bdd] Extracting actors: https://thequantuminsider.com/2023/11/01/aliro-quantum-receives-investment-from-cisco-investments-as-part-of-funding-round (1/1), chunk 18/36
[04:25:49 +2m 44s | thequantuminsider_2023_11_01_aliro_quantum_receives_investment_from_cisco_investments_as_37fc7bdd] Repaired malformed JSON.
[04:25:49 +2m 44s | thequantuminsider_2023_11_01_aliro_quantum_receives_investment_from_cisco_investments_as_37fc7bdd] Extracting actors: https://thequantuminsider.com/2023/11/01/aliro-quantum-receives-investment-from-cisco-investments-as-part-of-funding-round (1/1), chunk 19/36
[04:25:56 +2m 51s | thequantuminsider_2023_11_01_aliro_quantum_receives_investment_from_cisco_investments_as_37fc7bdd] Repaired malformed JSON.
[04:25:56 +2m 51s | thequantuminsider_2023_11_01_aliro_quantum_receives_investment_from_cisco_investments_as_37fc7bdd] Extracting actors: https://thequantuminsider.com/2023/11/01/aliro-quantum-receives-investment-from-cisco-investments-as-part-of-funding-round (1/1), chunk 20/36
[04:26:05 +3m 0s | thequantuminsider_2023_11_01_aliro_quantum_receives_investment_from_cisco_investments_as_37fc7bdd] Repaired malformed JSON.
[04:26:05 +3m 0s | thequantuminsider_2023_11_01_aliro_quantum_receives_investment_from_cisco_investments_as_37fc7bdd] Extracting actors: https://thequantuminsider.com/2023/11/01/aliro-quantum-receives-investment-from-cisco-investments-as-part-of-funding-round (1/1), chunk 21/36
[04:26:13 +3m 8s | thequantuminsider_2023_11_01_aliro_quantum_receives_investment_from_cisco_investments_as_37fc7bdd] Repaired malformed JSON.
[04:26:13 +3m 8s | thequantuminsider_2023_11_01_aliro_quantum_receives_investment_from_cisco_investments_as_37fc7bdd] Extracting actors: https://thequantuminsider.com/2023/11/01/aliro-quantum-receives-investment-from-cisco-investments-as-part-of-funding-round (1/1), chunk 22/36
[04:26:19 +3m 16s | thequantuminsider_2023_11_01_aliro_quantum_receives_investment_from_cisco_investments_as_37fc7bdd] Repaired malformed JSON.
[04:26:19 +3m 16s | thequantuminsider_2023_11_01_aliro_quantum_receives_investment_from_cisco_investments_as_37fc7bdd] Extracting actors: https://thequantuminsider.com/2023/11/01/aliro-quantum-receives-investment-from-cisco-investments-as-part-of-funding-round (1/1), chunk 23/36
[04:26:28 +3m 25s | thequantuminsider_2023_11_01_aliro_quantum_receives_investment_from_cisco_investments_as_37fc7bdd] Repaired malformed JSON.
[04:26:28 +3m 25s | thequantuminsider_2023_11_01_aliro_quantum_receives_investment_from_cisco_investments_as_37fc7bdd] Extracting actors: https://thequantuminsider.com/2023/11/01/aliro-quantum-receives-investment-from-cisco-investments-as-part-of-funding-round (1/1), chunk 24/36
[04:26:35 +3m 32s | thequantuminsider_2023_11_01_aliro_quantum_receives_investment_from_cisco_investments_as_37fc7bdd] Repaired malformed JSON.
[04:26:35 +3m 32s | thequantuminsider_2023_11_01_aliro_quantum_receives_investment_from_cisco_investments_as_37fc7bdd] Extracting actors: https://thequantuminsider.com/2023/11/01/aliro-quantum-receives-investment-from-cisco-investments-as-part-of-funding-round (1/1), chunk 25/36
[04:26:41 +3m 37s | thequantuminsider_2023_11_01_aliro_quantum_receives_investment_from_cisco_investments_as_37fc7bdd] Repaired malformed JSON.
[04:26:41 +3m 37s | thequantuminsider_2023_11_01_aliro_quantum_receives_investment_from_cisco_investments_as_37fc7bdd] Extracting actors: https://thequantuminsider.com/2023/11/01/aliro-quantum-receives-investment-from-cisco-investments-as-part-of-funding-round (1/1), chunk 26/36
[04:26:44 +3m 42s | thequantuminsider_2023_11_01_aliro_quantum_receives_investment_from_cisco_investments_as_37fc7bdd] Extracting actors: https://thequantuminsider.com/2023/11/01/aliro-quantum-receives-investment-from-cisco-investments-as-part-of-funding-round (1/1), chunk 27/36
[04:26:52 +3m 50s | thequantuminsider_2023_11_01_aliro_quantum_receives_investment_from_cisco_investments_as_37fc7bdd] Repaired malformed JSON.
[04:26:52 +3m 50s | thequantuminsider_2023_11_01_aliro_quantum_receives_investment_from_cisco_investments_as_37fc7bdd] Extracting actors: https://thequantuminsider.com/2023/11/01/aliro-quantum-receives-investment-from-cisco-investments-as-part-of-funding-round (1/1), chunk 28/36
[04:26:58 +3m 57s | thequantuminsider_2023_11_01_aliro_quantum_receives_investment_from_cisco_investments_as_37fc7bdd] Repaired malformed JSON.
[04:26:58 +3m 57s | thequantuminsider_2023_11_01_aliro_quantum_receives_investment_from_cisco_investments_as_37fc7bdd] Extracting actors: https://thequantuminsider.com/2023/11/01/aliro-quantum-receives-investment-from-cisco-investments-as-part-of-funding-round (1/1), chunk 29/36
[04:27:06 +4m 4s | thequantuminsider_2023_11_01_aliro_quantum_receives_investment_from_cisco_investments_as_37fc7bdd] Repaired malformed JSON.
[04:27:06 +4m 4s | thequantuminsider_2023_11_01_aliro_quantum_receives_investment_from_cisco_investments_as_37fc7bdd] Extracting actors: https://thequantuminsider.com/2023/11/01/aliro-quantum-receives-investment-from-cisco-investments-as-part-of-funding-round (1/1), chunk 30/36
[04:27:14 +4m 12s | thequantuminsider_2023_11_01_aliro_quantum_receives_investment_from_cisco_investments_as_37fc7bdd] Repaired malformed JSON.
[04:27:14 +4m 12s | thequantuminsider_2023_11_01_aliro_quantum_receives_investment_from_cisco_investments_as_37fc7bdd] Extracting actors: https://thequantuminsider.com/2023/11/01/aliro-quantum-receives-investment-from-cisco-investments-as-part-of-funding-round (1/1), chunk 31/36
[04:27:37 +4m 37s | thequantuminsider_2023_11_01_aliro_quantum_receives_investment_from_cisco_investments_as_37fc7bdd] Repaired malformed JSON.
[04:27:37 +4m 37s | thequantuminsider_2023_11_01_aliro_quantum_receives_investment_from_cisco_investments_as_37fc7bdd] Extracting actors: https://thequantuminsider.com/2023/11/01/aliro-quantum-receives-investment-from-cisco-investments-as-part-of-funding-round (1/1), chunk 32/36
[04:27:43 +4m 46s | thequantuminsider_2023_11_01_aliro_quantum_receives_investment_from_cisco_investments_as_37fc7bdd] Repaired malformed JSON.
[04:27:43 +4m 46s | thequantuminsider_2023_11_01_aliro_quantum_receives_investment_from_cisco_investments_as_37fc7bdd] Extracting actors: https://thequantuminsider.com/2023/11/01/aliro-quantum-receives-investment-from-cisco-investments-as-part-of-funding-round (1/1), chunk 33/36
[04:28:10 +5m 12s | thequantuminsider_2023_11_01_aliro_quantum_receives_investment_from_cisco_investments_as_37fc7bdd] Repaired malformed JSON.
[04:28:10 +5m 12s | thequantuminsider_2023_11_01_aliro_quantum_receives_investment_from_cisco_investments_as_37fc7bdd] Extracting actors: https://thequantuminsider.com/2023/11/01/aliro-quantum-receives-investment-from-cisco-investments-as-part-of-funding-round (1/1), chunk 34/36
[04:28:24 +5m 28s | thequantuminsider_2023_11_01_aliro_quantum_receives_investment_from_cisco_investments_as_37fc7bdd] Repaired malformed JSON.
[04:28:24 +5m 28s | thequantuminsider_2023_11_01_aliro_quantum_receives_investment_from_cisco_investments_as_37fc7bdd] Extracting actors: https://thequantuminsider.com/2023/11/01/aliro-quantum-receives-investment-from-cisco-investments-as-part-of-funding-round (1/1), chunk 35/36
[04:28:32 +5m 36s | thequantuminsider_2023_11_01_aliro_quantum_receives_investment_from_cisco_investments_as_37fc7bdd] Repaired malformed JSON.
[04:28:32 +5m 36s | thequantuminsider_2023_11_01_aliro_quantum_receives_investment_from_cisco_investments_as_37fc7bdd] Extracting actors: https://thequantuminsider.com/2023/11/01/aliro-quantum-receives-investment-from-cisco-investments-as-part-of-funding-round (1/1), chunk 36/36
[04:28:41 +5m 45s | thequantuminsider_2023_11_01_aliro_quantum_receives_investment_from_cisco_investments_as_37fc7bdd] Repaired malformed JSON.
[04:28:41 +5m 45s | thequantuminsider_2023_11_01_aliro_quantum_receives_investment_from_cisco_investments_as_37fc7bdd] Saved 1_actor_results.json with 70 extracted records

[04:28:41 +5m 45s | thequantuminsider_2023_11_01_aliro_quantum_receives_investment_from_cisco_investments_as_37fc7bdd] === 2 clean actors ===
[04:28:41 +5m 45s | thequantuminsider_2023_11_01_aliro_quantum_receives_investment_from_cisco_investments_as_37fc7bdd] Loaded 70 extracted records
[04:28:41 +5m 45s | thequantuminsider_2023_11_01_aliro_quantum_receives_investment_from_cisco_investments_as_37fc7bdd] Saved 2_actor_nodes.json with 13 canonical actor nodes

[04:28:41 +5m 45s | thequantuminsider_2023_11_01_aliro_quantum_receives_investment_from_cisco_investments_as_37fc7bdd] === 3 interaction extraction ===
[04:28:41 +5m 45s | thequantuminsider_2023_11_01_aliro_quantum_receives_investment_from_cisco_investments_as_37fc7bdd] Extracting interactions: https://thequantuminsider.com/2023/11/01/aliro-quantum-receives-investment-from-cisco-investments-as-part-of-funding-round (1/1), chunk 11/36
[04:28:45 +5m 49s | thequantuminsider_2023_11_01_aliro_quantum_receives_investment_from_cisco_investments_as_37fc7bdd] Extracting interactions: https://thequantuminsider.com/2023/11/01/aliro-quantum-receives-investment-from-cisco-investments-as-part-of-funding-round (1/1), chunk 12/36
[04:28:53 +5m 58s | thequantuminsider_2023_11_01_aliro_quantum_receives_investment_from_cisco_investments_as_37fc7bdd] Extracting interactions: https://thequantuminsider.com/2023/11/01/aliro-quantum-receives-investment-from-cisco-investments-as-part-of-funding-round (1/1), chunk 13/36
[04:29:05 +6m 11s | thequantuminsider_2023_11_01_aliro_quantum_receives_investment_from_cisco_investments_as_37fc7bdd] Extracting interactions: https://thequantuminsider.com/2023/11/01/aliro-quantum-receives-investment-from-cisco-investments-as-part-of-funding-round (1/1), chunk 15/36
[04:29:15 +6m 22s | thequantuminsider_2023_11_01_aliro_quantum_receives_investment_from_cisco_investments_as_37fc7bdd] Extracting interactions: https://thequantuminsider.com/2023/11/01/aliro-quantum-receives-investment-from-cisco-investments-as-part-of-funding-round (1/1), chunk 16/36
[04:29:19 +6m 27s | thequantuminsider_2023_11_01_aliro_quantum_receives_investment_from_cisco_investments_as_37fc7bdd] Extracting interactions: https://thequantuminsider.com/2023/11/01/aliro-quantum-receives-investment-from-cisco-investments-as-part-of-funding-round (1/1), chunk 19/36
[04:29:26 +6m 33s | thequantuminsider_2023_11_01_aliro_quantum_receives_investment_from_cisco_investments_as_37fc7bdd] Extracting interactions: https://thequantuminsider.com/2023/11/01/aliro-quantum-receives-investment-from-cisco-investments-as-part-of-funding-round (1/1), chunk 20/36
[04:29:31 +6m 38s | thequantuminsider_2023_11_01_aliro_quantum_receives_investment_from_cisco_investments_as_37fc7bdd] Extracting interactions: https://thequantuminsider.com/2023/11/01/aliro-quantum-receives-investment-from-cisco-investments-as-part-of-funding-round (1/1), chunk 25/36
[04:29:36 +6m 43s | thequantuminsider_2023_11_01_aliro_quantum_receives_investment_from_cisco_investments_as_37fc7bdd] Extracting interactions: https://thequantuminsider.com/2023/11/01/aliro-quantum-receives-investment-from-cisco-investments-as-part-of-funding-round (1/1), chunk 26/36
[04:30:04 +7m 14s | thequantuminsider_2023_11_01_aliro_quantum_receives_investment_from_cisco_investments_as_37fc7bdd] Extracting interactions: https://thequantuminsider.com/2023/11/01/aliro-quantum-receives-investment-from-cisco-investments-as-part-of-funding-round (1/1), chunk 27/36
[04:30:10 +7m 20s | thequantuminsider_2023_11_01_aliro_quantum_receives_investment_from_cisco_investments_as_37fc7bdd] Extracting interactions: https://thequantuminsider.com/2023/11/01/aliro-quantum-receives-investment-from-cisco-investments-as-part-of-funding-round (1/1), chunk 28/36
[04:30:12 +7m 22s | thequantuminsider_2023_11_01_aliro_quantum_receives_investment_from_cisco_investments_as_37fc7bdd] Extracting interactions: https://thequantuminsider.com/2023/11/01/aliro-quantum-receives-investment-from-cisco-investments-as-part-of-funding-round (1/1), chunk 29/36
[04:30:18 +7m 29s | thequantuminsider_2023_11_01_aliro_quantum_receives_investment_from_cisco_investments_as_37fc7bdd] Extracting interactions: https://thequantuminsider.com/2023/11/01/aliro-quantum-receives-investment-from-cisco-investments-as-part-of-funding-round (1/1), chunk 30/36
[04:31:13 +8m 26s | thequantuminsider_2023_11_01_aliro_quantum_receives_investment_from_cisco_investments_as_37fc7bdd] Extracting interactions: https://thequantuminsider.com/2023/11/01/aliro-quantum-receives-investment-from-cisco-investments-as-part-of-funding-round (1/1), chunk 31/36
[04:31:18 +8m 33s | thequantuminsider_2023_11_01_aliro_quantum_receives_investment_from_cisco_investments_as_37fc7bdd] Extracting interactions: https://thequantuminsider.com/2023/11/01/aliro-quantum-receives-investment-from-cisco-investments-as-part-of-funding-round (1/1), chunk 32/36
[04:31:19 +8m 34s | thequantuminsider_2023_11_01_aliro_quantum_receives_investment_from_cisco_investments_as_37fc7bdd] Extracting interactions: https://thequantuminsider.com/2023/11/01/aliro-quantum-receives-investment-from-cisco-investments-as-part-of-funding-round (1/1), chunk 33/36
[04:31:21 +8m 36s | thequantuminsider_2023_11_01_aliro_quantum_receives_investment_from_cisco_investments_as_37fc7bdd] Extracting interactions: https://thequantuminsider.com/2023/11/01/aliro-quantum-receives-investment-from-cisco-investments-as-part-of-funding-round (1/1), chunk 34/36
[04:31:23 +8m 37s | thequantuminsider_2023_11_01_aliro_quantum_receives_investment_from_cisco_investments_as_37fc7bdd] Extracting interactions: https://thequantuminsider.com/2023/11/01/aliro-quantum-receives-investment-from-cisco-investments-as-part-of-funding-round (1/1), chunk 35/36
[04:31:32 +8m 47s | thequantuminsider_2023_11_01_aliro_quantum_receives_investment_from_cisco_investments_as_37fc7bdd] Saved 3_interaction_results.json with 22 extracted interactions.

[04:31:32 +8m 47s | thequantuminsider_2023_11_01_aliro_quantum_receives_investment_from_cisco_investments_as_37fc7bdd] === 4 clean interactions ===
[04:31:32 +8m 47s | thequantuminsider_2023_11_01_aliro_quantum_receives_investment_from_cisco_investments_as_37fc7bdd] Saved 4_edges.json with 2 cleaned interactions.

[04:31:32 +8m 47s | thequantuminsider_2023_11_01_aliro_quantum_receives_investment_from_cisco_investments_as_37fc7bdd] === 5 helix enrichment ===
[04:31:33 +8m 47s | thequantuminsider_2023_11_01_aliro_quantum_receives_investment_from_cisco_investments_as_37fc7bdd] Wrote 5_nodes.json (13 actors)
[04:31:33 +8m 47s | thequantuminsider_2023_11_01_aliro_quantum_receives_investment_from_cisco_investments_as_37fc7bdd] Wrote 5_edges.json (2 interactions)
[04:31:33 +8m 47s | thequantuminsider_2023_11_01_aliro_quantum_receives_investment_from_cisco_investments_as_37fc7bdd] Actor helix counts: {'Academia': 1, 'Civil Society': 3, 'Industry': 3, 'Unknown': 6}
[04:31:33 +8m 47s | thequantuminsider_2023_11_01_aliro_quantum_receives_investment_from_cisco_investments_as_37fc7bdd] Functional-space counts: {'Intra-helix / Not classified': 2}

[04:31:33 +8m 47s | thequantuminsider_2023_11_01_aliro_quantum_receives_investment_from_cisco_investments_as_37fc7bdd] === 6 network visualisation ===
[04:31:33 +8m 48s | thequantuminsider_2023_11_01_aliro_quantum_receives_investment_from_cisco_investments_as_37fc7bdd] Wrote quantum_network.html
[04:31:33 +8m 48s | thequantuminsider_2023_11_01_aliro_quantum_receives_investment_from_cisco_investments_as_37fc7bdd] Nodes: 13
[04:31:33 +8m 48s | thequantuminsider_2023_11_01_aliro_quantum_receives_investment_from_cisco_investments_as_37fc7bdd] Edges: 1

[04:31:33 +8m 48s | thequantuminsider_2023_11_01_aliro_quantum_receives_investment_from_cisco_investments_as_37fc7bdd] Done. Outputs written to: /home/lv/IDP/idpdeeptech/pipeline/news_outputs/thequantuminsider_2023_11_01_aliro_quantum_receives_investment_from_cisco_investments_as_37fc7bdd
[04:31:33 +8m 48s | thequantuminsider_2023_11_01_aliro_quantum_receives_investment_from_cisco_investments_as_37fc7bdd] Log: /home/lv/IDP/idpdeeptech/pipeline/news_outputs/thequantuminsider_2023_11_01_aliro_quantum_receives_investment_from_cisco_investments_as_37fc7bdd/run.log

========================================================================
RUN FINISHED 2026-07-05 04:31:33  (OK)
Started:     2026-07-05 04:23:14
Elapsed:     8m 48s
========================================================================
