
========================================================================
RUN STARTED  2026-07-05 06:03:14
site_pipeline.py https://thequantuminsider.com/2023/10/17/ubs-cern-swiss-government-and-gesda-explore-using-quantum-to-achieve-un-sustainable-development-goals/
========================================================================

[06:03:14 +0s | thequantuminsider_2023_10_17_ubs_cern_swiss_government_and_gesda_explore_using_quantum_to_d22106d3] === 0 crawl site ===
[06:03:15 +1s | thequantuminsider_2023_10_17_ubs_cern_swiss_government_and_gesda_explore_using_quantum_to_d22106d3] [INIT].... → Crawl4AI 0.8.6 
[06:03:18 +4s | thequantuminsider_2023_10_17_ubs_cern_swiss_government_and_gesda_explore_using_quantum_to_d22106d3] [FETCH]... ↓ https://thequantuminsider.com/2023/10/17/ubs-cer...tum-to-achieve-un-sustainable-development-goals/  | ✓ | ⏱: 2.59s 
[06:03:18 +4s | thequantuminsider_2023_10_17_ubs_cern_swiss_government_and_gesda_explore_using_quantum_to_d22106d3] [SCRAPE].. ◆ https://thequantuminsider.com/2023/10/17/ubs-cer...tum-to-achieve-un-sustainable-development-goals/  | ✓ | ⏱: 0.12s 
[06:03:18 +4s | thequantuminsider_2023_10_17_ubs_cern_swiss_government_and_gesda_explore_using_quantum_to_d22106d3] [COMPLETE] ● https://thequantuminsider.com/2023/10/17/ubs-cer...tum-to-achieve-un-sustainable-development-goals/  | ✓ | ⏱: 2.73s 
[06:03:18 +4s | thequantuminsider_2023_10_17_ubs_cern_swiss_government_and_gesda_explore_using_quantum_to_d22106d3] Saved: crawl_output/9d6ae2e02e_thequantuminsider.com_2023_10_17_ubs-cern-swiss-government-and-gesda-explore-using-quantum-to-achieve-un-sustainable-development-goals.json

[06:03:19 +4s | thequantuminsider_2023_10_17_ubs_cern_swiss_government_and_gesda_explore_using_quantum_to_d22106d3] === 1 actor extraction ===
[06:03:19 +5s | thequantuminsider_2023_10_17_ubs_cern_swiss_government_and_gesda_explore_using_quantum_to_d22106d3] Reading page (1/1): https://thequantuminsider.com/2023/10/17/ubs-cern-swiss-government-and-gesda-explore-using-quantum-to-achieve-un-sustainable-development-goals
[06:03:19 +5s | thequantuminsider_2023_10_17_ubs_cern_swiss_government_and_gesda_explore_using_quantum_to_d22106d3] Extracting actors: https://thequantuminsider.com/2023/10/17/ubs-cern-swiss-government-and-gesda-explore-using-quantum-to-achieve-un-sustainable-development-goals (1/1), chunk 1/37
[06:03:26 +12s | thequantuminsider_2023_10_17_ubs_cern_swiss_government_and_gesda_explore_using_quantum_to_d22106d3] Repaired malformed JSON.
[06:03:26 +12s | thequantuminsider_2023_10_17_ubs_cern_swiss_government_and_gesda_explore_using_quantum_to_d22106d3] Extracting actors: https://thequantuminsider.com/2023/10/17/ubs-cern-swiss-government-and-gesda-explore-using-quantum-to-achieve-un-sustainable-development-goals (1/1), chunk 2/37
[06:03:43 +31s | thequantuminsider_2023_10_17_ubs_cern_swiss_government_and_gesda_explore_using_quantum_to_d22106d3] Repaired malformed JSON.
[06:03:43 +31s | thequantuminsider_2023_10_17_ubs_cern_swiss_government_and_gesda_explore_using_quantum_to_d22106d3] Extracting actors: https://thequantuminsider.com/2023/10/17/ubs-cern-swiss-government-and-gesda-explore-using-quantum-to-achieve-un-sustainable-development-goals (1/1), chunk 3/37
[06:03:52 +40s | thequantuminsider_2023_10_17_ubs_cern_swiss_government_and_gesda_explore_using_quantum_to_d22106d3] Repaired malformed JSON.
[06:03:52 +40s | thequantuminsider_2023_10_17_ubs_cern_swiss_government_and_gesda_explore_using_quantum_to_d22106d3] Extracting actors: https://thequantuminsider.com/2023/10/17/ubs-cern-swiss-government-and-gesda-explore-using-quantum-to-achieve-un-sustainable-development-goals (1/1), chunk 4/37
[06:03:59 +47s | thequantuminsider_2023_10_17_ubs_cern_swiss_government_and_gesda_explore_using_quantum_to_d22106d3] Repaired malformed JSON.
[06:03:59 +47s | thequantuminsider_2023_10_17_ubs_cern_swiss_government_and_gesda_explore_using_quantum_to_d22106d3] Extracting actors: https://thequantuminsider.com/2023/10/17/ubs-cern-swiss-government-and-gesda-explore-using-quantum-to-achieve-un-sustainable-development-goals (1/1), chunk 5/37
[06:04:07 +55s | thequantuminsider_2023_10_17_ubs_cern_swiss_government_and_gesda_explore_using_quantum_to_d22106d3] Repaired malformed JSON.
[06:04:07 +55s | thequantuminsider_2023_10_17_ubs_cern_swiss_government_and_gesda_explore_using_quantum_to_d22106d3] Extracting actors: https://thequantuminsider.com/2023/10/17/ubs-cern-swiss-government-and-gesda-explore-using-quantum-to-achieve-un-sustainable-development-goals (1/1), chunk 6/37
[06:04:15 +1m 5s | thequantuminsider_2023_10_17_ubs_cern_swiss_government_and_gesda_explore_using_quantum_to_d22106d3] Repaired malformed JSON.
[06:04:15 +1m 5s | thequantuminsider_2023_10_17_ubs_cern_swiss_government_and_gesda_explore_using_quantum_to_d22106d3] Extracting actors: https://thequantuminsider.com/2023/10/17/ubs-cern-swiss-government-and-gesda-explore-using-quantum-to-achieve-un-sustainable-development-goals (1/1), chunk 7/37
[06:04:23 +1m 13s | thequantuminsider_2023_10_17_ubs_cern_swiss_government_and_gesda_explore_using_quantum_to_d22106d3] Repaired malformed JSON.
[06:04:23 +1m 13s | thequantuminsider_2023_10_17_ubs_cern_swiss_government_and_gesda_explore_using_quantum_to_d22106d3] Extracting actors: https://thequantuminsider.com/2023/10/17/ubs-cern-swiss-government-and-gesda-explore-using-quantum-to-achieve-un-sustainable-development-goals (1/1), chunk 8/37
[06:04:34 +1m 25s | thequantuminsider_2023_10_17_ubs_cern_swiss_government_and_gesda_explore_using_quantum_to_d22106d3] Repaired malformed JSON.
[06:04:34 +1m 25s | thequantuminsider_2023_10_17_ubs_cern_swiss_government_and_gesda_explore_using_quantum_to_d22106d3] Extracting actors: https://thequantuminsider.com/2023/10/17/ubs-cern-swiss-government-and-gesda-explore-using-quantum-to-achieve-un-sustainable-development-goals (1/1), chunk 9/37
[06:04:41 +1m 33s | thequantuminsider_2023_10_17_ubs_cern_swiss_government_and_gesda_explore_using_quantum_to_d22106d3] Repaired malformed JSON.
[06:04:41 +1m 33s | thequantuminsider_2023_10_17_ubs_cern_swiss_government_and_gesda_explore_using_quantum_to_d22106d3] Extracting actors: https://thequantuminsider.com/2023/10/17/ubs-cern-swiss-government-and-gesda-explore-using-quantum-to-achieve-un-sustainable-development-goals (1/1), chunk 10/37
[06:04:50 +1m 42s | thequantuminsider_2023_10_17_ubs_cern_swiss_government_and_gesda_explore_using_quantum_to_d22106d3] Repaired malformed JSON.
[06:04:50 +1m 42s | thequantuminsider_2023_10_17_ubs_cern_swiss_government_and_gesda_explore_using_quantum_to_d22106d3] Extracting actors: https://thequantuminsider.com/2023/10/17/ubs-cern-swiss-government-and-gesda-explore-using-quantum-to-achieve-un-sustainable-development-goals (1/1), chunk 11/37
[06:04:59 +1m 51s | thequantuminsider_2023_10_17_ubs_cern_swiss_government_and_gesda_explore_using_quantum_to_d22106d3] Repaired malformed JSON.
[06:04:59 +1m 51s | thequantuminsider_2023_10_17_ubs_cern_swiss_government_and_gesda_explore_using_quantum_to_d22106d3] Extracting actors: https://thequantuminsider.com/2023/10/17/ubs-cern-swiss-government-and-gesda-explore-using-quantum-to-achieve-un-sustainable-development-goals (1/1), chunk 12/37
[06:05:06 +1m 58s | thequantuminsider_2023_10_17_ubs_cern_swiss_government_and_gesda_explore_using_quantum_to_d22106d3] Repaired malformed JSON.
[06:05:06 +1m 58s | thequantuminsider_2023_10_17_ubs_cern_swiss_government_and_gesda_explore_using_quantum_to_d22106d3] Extracting actors: https://thequantuminsider.com/2023/10/17/ubs-cern-swiss-government-and-gesda-explore-using-quantum-to-achieve-un-sustainable-development-goals (1/1), chunk 13/37
[06:05:13 +2m 8s | thequantuminsider_2023_10_17_ubs_cern_swiss_government_and_gesda_explore_using_quantum_to_d22106d3] Repaired malformed JSON.
[06:05:13 +2m 8s | thequantuminsider_2023_10_17_ubs_cern_swiss_government_and_gesda_explore_using_quantum_to_d22106d3] Extracting actors: https://thequantuminsider.com/2023/10/17/ubs-cern-swiss-government-and-gesda-explore-using-quantum-to-achieve-un-sustainable-development-goals (1/1), chunk 14/37
[06:05:21 +2m 15s | thequantuminsider_2023_10_17_ubs_cern_swiss_government_and_gesda_explore_using_quantum_to_d22106d3] Repaired malformed JSON.
[06:05:21 +2m 15s | thequantuminsider_2023_10_17_ubs_cern_swiss_government_and_gesda_explore_using_quantum_to_d22106d3] Extracting actors: https://thequantuminsider.com/2023/10/17/ubs-cern-swiss-government-and-gesda-explore-using-quantum-to-achieve-un-sustainable-development-goals (1/1), chunk 15/37
[06:05:32 +2m 26s | thequantuminsider_2023_10_17_ubs_cern_swiss_government_and_gesda_explore_using_quantum_to_d22106d3] Repaired malformed JSON.
[06:05:32 +2m 26s | thequantuminsider_2023_10_17_ubs_cern_swiss_government_and_gesda_explore_using_quantum_to_d22106d3] Extracting actors: https://thequantuminsider.com/2023/10/17/ubs-cern-swiss-government-and-gesda-explore-using-quantum-to-achieve-un-sustainable-development-goals (1/1), chunk 16/37
[06:05:38 +2m 32s | thequantuminsider_2023_10_17_ubs_cern_swiss_government_and_gesda_explore_using_quantum_to_d22106d3] Repaired malformed JSON.
[06:05:38 +2m 32s | thequantuminsider_2023_10_17_ubs_cern_swiss_government_and_gesda_explore_using_quantum_to_d22106d3] Extracting actors: https://thequantuminsider.com/2023/10/17/ubs-cern-swiss-government-and-gesda-explore-using-quantum-to-achieve-un-sustainable-development-goals (1/1), chunk 17/37
[06:05:46 +2m 42s | thequantuminsider_2023_10_17_ubs_cern_swiss_government_and_gesda_explore_using_quantum_to_d22106d3] Repaired malformed JSON.
[06:05:46 +2m 42s | thequantuminsider_2023_10_17_ubs_cern_swiss_government_and_gesda_explore_using_quantum_to_d22106d3] Extracting actors: https://thequantuminsider.com/2023/10/17/ubs-cern-swiss-government-and-gesda-explore-using-quantum-to-achieve-un-sustainable-development-goals (1/1), chunk 18/37
[06:05:56 +2m 52s | thequantuminsider_2023_10_17_ubs_cern_swiss_government_and_gesda_explore_using_quantum_to_d22106d3] Repaired malformed JSON.
[06:05:56 +2m 52s | thequantuminsider_2023_10_17_ubs_cern_swiss_government_and_gesda_explore_using_quantum_to_d22106d3] Extracting actors: https://thequantuminsider.com/2023/10/17/ubs-cern-swiss-government-and-gesda-explore-using-quantum-to-achieve-un-sustainable-development-goals (1/1), chunk 19/37
[06:06:05 +3m 2s | thequantuminsider_2023_10_17_ubs_cern_swiss_government_and_gesda_explore_using_quantum_to_d22106d3] Repaired malformed JSON.
[06:06:05 +3m 2s | thequantuminsider_2023_10_17_ubs_cern_swiss_government_and_gesda_explore_using_quantum_to_d22106d3] Extracting actors: https://thequantuminsider.com/2023/10/17/ubs-cern-swiss-government-and-gesda-explore-using-quantum-to-achieve-un-sustainable-development-goals (1/1), chunk 20/37
[06:06:12 +3m 11s | thequantuminsider_2023_10_17_ubs_cern_swiss_government_and_gesda_explore_using_quantum_to_d22106d3] Repaired malformed JSON.
[06:06:12 +3m 11s | thequantuminsider_2023_10_17_ubs_cern_swiss_government_and_gesda_explore_using_quantum_to_d22106d3] Extracting actors: https://thequantuminsider.com/2023/10/17/ubs-cern-swiss-government-and-gesda-explore-using-quantum-to-achieve-un-sustainable-development-goals (1/1), chunk 21/37
[06:06:19 +3m 17s | thequantuminsider_2023_10_17_ubs_cern_swiss_government_and_gesda_explore_using_quantum_to_d22106d3] Repaired malformed JSON.
[06:06:19 +3m 17s | thequantuminsider_2023_10_17_ubs_cern_swiss_government_and_gesda_explore_using_quantum_to_d22106d3] Extracting actors: https://thequantuminsider.com/2023/10/17/ubs-cern-swiss-government-and-gesda-explore-using-quantum-to-achieve-un-sustainable-development-goals (1/1), chunk 22/37
[06:06:25 +3m 23s | thequantuminsider_2023_10_17_ubs_cern_swiss_government_and_gesda_explore_using_quantum_to_d22106d3] Repaired malformed JSON.
[06:06:25 +3m 23s | thequantuminsider_2023_10_17_ubs_cern_swiss_government_and_gesda_explore_using_quantum_to_d22106d3] Extracting actors: https://thequantuminsider.com/2023/10/17/ubs-cern-swiss-government-and-gesda-explore-using-quantum-to-achieve-un-sustainable-development-goals (1/1), chunk 23/37
[06:06:31 +3m 29s | thequantuminsider_2023_10_17_ubs_cern_swiss_government_and_gesda_explore_using_quantum_to_d22106d3] Repaired malformed JSON.
[06:06:31 +3m 29s | thequantuminsider_2023_10_17_ubs_cern_swiss_government_and_gesda_explore_using_quantum_to_d22106d3] Extracting actors: https://thequantuminsider.com/2023/10/17/ubs-cern-swiss-government-and-gesda-explore-using-quantum-to-achieve-un-sustainable-development-goals (1/1), chunk 24/37
[06:06:40 +3m 39s | thequantuminsider_2023_10_17_ubs_cern_swiss_government_and_gesda_explore_using_quantum_to_d22106d3] Repaired malformed JSON.
[06:06:40 +3m 39s | thequantuminsider_2023_10_17_ubs_cern_swiss_government_and_gesda_explore_using_quantum_to_d22106d3] Extracting actors: https://thequantuminsider.com/2023/10/17/ubs-cern-swiss-government-and-gesda-explore-using-quantum-to-achieve-un-sustainable-development-goals (1/1), chunk 25/37
[06:06:46 +3m 46s | thequantuminsider_2023_10_17_ubs_cern_swiss_government_and_gesda_explore_using_quantum_to_d22106d3] Extracting actors: https://thequantuminsider.com/2023/10/17/ubs-cern-swiss-government-and-gesda-explore-using-quantum-to-achieve-un-sustainable-development-goals (1/1), chunk 26/37
[06:06:52 +3m 53s | thequantuminsider_2023_10_17_ubs_cern_swiss_government_and_gesda_explore_using_quantum_to_d22106d3] Repaired malformed JSON.
[06:06:52 +3m 53s | thequantuminsider_2023_10_17_ubs_cern_swiss_government_and_gesda_explore_using_quantum_to_d22106d3] Extracting actors: https://thequantuminsider.com/2023/10/17/ubs-cern-swiss-government-and-gesda-explore-using-quantum-to-achieve-un-sustainable-development-goals (1/1), chunk 27/37
[06:07:17 +4m 20s | thequantuminsider_2023_10_17_ubs_cern_swiss_government_and_gesda_explore_using_quantum_to_d22106d3] Repaired malformed JSON.
[06:07:17 +4m 20s | thequantuminsider_2023_10_17_ubs_cern_swiss_government_and_gesda_explore_using_quantum_to_d22106d3] Extracting actors: https://thequantuminsider.com/2023/10/17/ubs-cern-swiss-government-and-gesda-explore-using-quantum-to-achieve-un-sustainable-development-goals (1/1), chunk 28/37
[06:07:24 +4m 27s | thequantuminsider_2023_10_17_ubs_cern_swiss_government_and_gesda_explore_using_quantum_to_d22106d3] Repaired malformed JSON.
[06:07:24 +4m 27s | thequantuminsider_2023_10_17_ubs_cern_swiss_government_and_gesda_explore_using_quantum_to_d22106d3] Extracting actors: https://thequantuminsider.com/2023/10/17/ubs-cern-swiss-government-and-gesda-explore-using-quantum-to-achieve-un-sustainable-development-goals (1/1), chunk 29/37
[06:07:32 +4m 35s | thequantuminsider_2023_10_17_ubs_cern_swiss_government_and_gesda_explore_using_quantum_to_d22106d3] Repaired malformed JSON.
[06:07:32 +4m 35s | thequantuminsider_2023_10_17_ubs_cern_swiss_government_and_gesda_explore_using_quantum_to_d22106d3] Extracting actors: https://thequantuminsider.com/2023/10/17/ubs-cern-swiss-government-and-gesda-explore-using-quantum-to-achieve-un-sustainable-development-goals (1/1), chunk 30/37
[06:07:42 +4m 44s | thequantuminsider_2023_10_17_ubs_cern_swiss_government_and_gesda_explore_using_quantum_to_d22106d3] Repaired malformed JSON.
[06:07:42 +4m 44s | thequantuminsider_2023_10_17_ubs_cern_swiss_government_and_gesda_explore_using_quantum_to_d22106d3] Extracting actors: https://thequantuminsider.com/2023/10/17/ubs-cern-swiss-government-and-gesda-explore-using-quantum-to-achieve-un-sustainable-development-goals (1/1), chunk 31/37
[06:07:47 +4m 51s | thequantuminsider_2023_10_17_ubs_cern_swiss_government_and_gesda_explore_using_quantum_to_d22106d3] Repaired malformed JSON.
[06:07:47 +4m 51s | thequantuminsider_2023_10_17_ubs_cern_swiss_government_and_gesda_explore_using_quantum_to_d22106d3] Extracting actors: https://thequantuminsider.com/2023/10/17/ubs-cern-swiss-government-and-gesda-explore-using-quantum-to-achieve-un-sustainable-development-goals (1/1), chunk 32/37
[06:07:54 +4m 59s | thequantuminsider_2023_10_17_ubs_cern_swiss_government_and_gesda_explore_using_quantum_to_d22106d3] Repaired malformed JSON.
[06:07:54 +4m 59s | thequantuminsider_2023_10_17_ubs_cern_swiss_government_and_gesda_explore_using_quantum_to_d22106d3] Extracting actors: https://thequantuminsider.com/2023/10/17/ubs-cern-swiss-government-and-gesda-explore-using-quantum-to-achieve-un-sustainable-development-goals (1/1), chunk 33/37
[06:08:05 +5m 10s | thequantuminsider_2023_10_17_ubs_cern_swiss_government_and_gesda_explore_using_quantum_to_d22106d3] Repaired malformed JSON.
[06:08:05 +5m 10s | thequantuminsider_2023_10_17_ubs_cern_swiss_government_and_gesda_explore_using_quantum_to_d22106d3] Extracting actors: https://thequantuminsider.com/2023/10/17/ubs-cern-swiss-government-and-gesda-explore-using-quantum-to-achieve-un-sustainable-development-goals (1/1), chunk 34/37
[06:08:12 +5m 19s | thequantuminsider_2023_10_17_ubs_cern_swiss_government_and_gesda_explore_using_quantum_to_d22106d3] Repaired malformed JSON.
[06:08:12 +5m 19s | thequantuminsider_2023_10_17_ubs_cern_swiss_government_and_gesda_explore_using_quantum_to_d22106d3] Extracting actors: https://thequantuminsider.com/2023/10/17/ubs-cern-swiss-government-and-gesda-explore-using-quantum-to-achieve-un-sustainable-development-goals (1/1), chunk 35/37
[06:08:25 +5m 32s | thequantuminsider_2023_10_17_ubs_cern_swiss_government_and_gesda_explore_using_quantum_to_d22106d3] Repaired malformed JSON.
[06:08:25 +5m 32s | thequantuminsider_2023_10_17_ubs_cern_swiss_government_and_gesda_explore_using_quantum_to_d22106d3] Extracting actors: https://thequantuminsider.com/2023/10/17/ubs-cern-swiss-government-and-gesda-explore-using-quantum-to-achieve-un-sustainable-development-goals (1/1), chunk 36/37
[06:08:31 +5m 38s | thequantuminsider_2023_10_17_ubs_cern_swiss_government_and_gesda_explore_using_quantum_to_d22106d3] Repaired malformed JSON.
[06:08:31 +5m 38s | thequantuminsider_2023_10_17_ubs_cern_swiss_government_and_gesda_explore_using_quantum_to_d22106d3] Extracting actors: https://thequantuminsider.com/2023/10/17/ubs-cern-swiss-government-and-gesda-explore-using-quantum-to-achieve-un-sustainable-development-goals (1/1), chunk 37/37
[06:08:40 +5m 47s | thequantuminsider_2023_10_17_ubs_cern_swiss_government_and_gesda_explore_using_quantum_to_d22106d3] Repaired malformed JSON.
[06:08:40 +5m 47s | thequantuminsider_2023_10_17_ubs_cern_swiss_government_and_gesda_explore_using_quantum_to_d22106d3] Saved 1_actor_results.json with 71 extracted records

[06:08:40 +5m 47s | thequantuminsider_2023_10_17_ubs_cern_swiss_government_and_gesda_explore_using_quantum_to_d22106d3] === 2 clean actors ===
[06:08:41 +5m 47s | thequantuminsider_2023_10_17_ubs_cern_swiss_government_and_gesda_explore_using_quantum_to_d22106d3] Loaded 71 extracted records
[06:08:41 +5m 47s | thequantuminsider_2023_10_17_ubs_cern_swiss_government_and_gesda_explore_using_quantum_to_d22106d3] Saved 2_actor_nodes.json with 13 canonical actor nodes

[06:08:41 +5m 47s | thequantuminsider_2023_10_17_ubs_cern_swiss_government_and_gesda_explore_using_quantum_to_d22106d3] === 3 interaction extraction ===
[06:08:41 +5m 48s | thequantuminsider_2023_10_17_ubs_cern_swiss_government_and_gesda_explore_using_quantum_to_d22106d3] Extracting interactions: https://thequantuminsider.com/2023/10/17/ubs-cern-swiss-government-and-gesda-explore-using-quantum-to-achieve-un-sustainable-development-goals (1/1), chunk 11/37
[06:08:50 +5m 59s | thequantuminsider_2023_10_17_ubs_cern_swiss_government_and_gesda_explore_using_quantum_to_d22106d3] Extracting interactions: https://thequantuminsider.com/2023/10/17/ubs-cern-swiss-government-and-gesda-explore-using-quantum-to-achieve-un-sustainable-development-goals (1/1), chunk 12/37
[06:09:06 +6m 15s | thequantuminsider_2023_10_17_ubs_cern_swiss_government_and_gesda_explore_using_quantum_to_d22106d3] Extracting interactions: https://thequantuminsider.com/2023/10/17/ubs-cern-swiss-government-and-gesda-explore-using-quantum-to-achieve-un-sustainable-development-goals (1/1), chunk 13/37
[06:09:29 +6m 40s | thequantuminsider_2023_10_17_ubs_cern_swiss_government_and_gesda_explore_using_quantum_to_d22106d3] Extracting interactions: https://thequantuminsider.com/2023/10/17/ubs-cern-swiss-government-and-gesda-explore-using-quantum-to-achieve-un-sustainable-development-goals (1/1), chunk 14/37
[06:09:44 +6m 57s | thequantuminsider_2023_10_17_ubs_cern_swiss_government_and_gesda_explore_using_quantum_to_d22106d3] Extracting interactions: https://thequantuminsider.com/2023/10/17/ubs-cern-swiss-government-and-gesda-explore-using-quantum-to-achieve-un-sustainable-development-goals (1/1), chunk 15/37
[06:09:51 +7m 4s | thequantuminsider_2023_10_17_ubs_cern_swiss_government_and_gesda_explore_using_quantum_to_d22106d3] Extracting interactions: https://thequantuminsider.com/2023/10/17/ubs-cern-swiss-government-and-gesda-explore-using-quantum-to-achieve-un-sustainable-development-goals (1/1), chunk 16/37
[06:10:11 +7m 24s | thequantuminsider_2023_10_17_ubs_cern_swiss_government_and_gesda_explore_using_quantum_to_d22106d3] Extracting interactions: https://thequantuminsider.com/2023/10/17/ubs-cern-swiss-government-and-gesda-explore-using-quantum-to-achieve-un-sustainable-development-goals (1/1), chunk 17/37
[06:10:20 +7m 36s | thequantuminsider_2023_10_17_ubs_cern_swiss_government_and_gesda_explore_using_quantum_to_d22106d3] Extracting interactions: https://thequantuminsider.com/2023/10/17/ubs-cern-swiss-government-and-gesda-explore-using-quantum-to-achieve-un-sustainable-development-goals (1/1), chunk 20/37
[06:10:44 +7m 59s | thequantuminsider_2023_10_17_ubs_cern_swiss_government_and_gesda_explore_using_quantum_to_d22106d3] Extracting interactions: https://thequantuminsider.com/2023/10/17/ubs-cern-swiss-government-and-gesda-explore-using-quantum-to-achieve-un-sustainable-development-goals (1/1), chunk 21/37
[06:11:17 +8m 36s | thequantuminsider_2023_10_17_ubs_cern_swiss_government_and_gesda_explore_using_quantum_to_d22106d3] Extracting interactions: https://thequantuminsider.com/2023/10/17/ubs-cern-swiss-government-and-gesda-explore-using-quantum-to-achieve-un-sustainable-development-goals (1/1), chunk 26/37
[06:11:38 +8m 58s | thequantuminsider_2023_10_17_ubs_cern_swiss_government_and_gesda_explore_using_quantum_to_d22106d3] Extracting interactions: https://thequantuminsider.com/2023/10/17/ubs-cern-swiss-government-and-gesda-explore-using-quantum-to-achieve-un-sustainable-development-goals (1/1), chunk 27/37
[06:11:40 +8m 59s | thequantuminsider_2023_10_17_ubs_cern_swiss_government_and_gesda_explore_using_quantum_to_d22106d3] Extracting interactions: https://thequantuminsider.com/2023/10/17/ubs-cern-swiss-government-and-gesda-explore-using-quantum-to-achieve-un-sustainable-development-goals (1/1), chunk 30/37
[06:11:47 +9m 8s | thequantuminsider_2023_10_17_ubs_cern_swiss_government_and_gesda_explore_using_quantum_to_d22106d3] Extracting interactions: https://thequantuminsider.com/2023/10/17/ubs-cern-swiss-government-and-gesda-explore-using-quantum-to-achieve-un-sustainable-development-goals (1/1), chunk 31/37
[06:11:55 +9m 17s | thequantuminsider_2023_10_17_ubs_cern_swiss_government_and_gesda_explore_using_quantum_to_d22106d3] Extracting interactions: https://thequantuminsider.com/2023/10/17/ubs-cern-swiss-government-and-gesda-explore-using-quantum-to-achieve-un-sustainable-development-goals (1/1), chunk 32/37
[06:12:06 +9m 27s | thequantuminsider_2023_10_17_ubs_cern_swiss_government_and_gesda_explore_using_quantum_to_d22106d3] Extracting interactions: https://thequantuminsider.com/2023/10/17/ubs-cern-swiss-government-and-gesda-explore-using-quantum-to-achieve-un-sustainable-development-goals (1/1), chunk 33/37
[06:12:07 +9m 29s | thequantuminsider_2023_10_17_ubs_cern_swiss_government_and_gesda_explore_using_quantum_to_d22106d3] Extracting interactions: https://thequantuminsider.com/2023/10/17/ubs-cern-swiss-government-and-gesda-explore-using-quantum-to-achieve-un-sustainable-development-goals (1/1), chunk 35/37
[06:12:16 +9m 40s | thequantuminsider_2023_10_17_ubs_cern_swiss_government_and_gesda_explore_using_quantum_to_d22106d3] Extracting interactions: https://thequantuminsider.com/2023/10/17/ubs-cern-swiss-government-and-gesda-explore-using-quantum-to-achieve-un-sustainable-development-goals (1/1), chunk 36/37
[06:12:19 +9m 43s | thequantuminsider_2023_10_17_ubs_cern_swiss_government_and_gesda_explore_using_quantum_to_d22106d3] Extracting interactions: https://thequantuminsider.com/2023/10/17/ubs-cern-swiss-government-and-gesda-explore-using-quantum-to-achieve-un-sustainable-development-goals (1/1), chunk 37/37
[06:12:35 +9m 59s | thequantuminsider_2023_10_17_ubs_cern_swiss_government_and_gesda_explore_using_quantum_to_d22106d3] Saved 3_interaction_results.json with 21 extracted interactions.

[06:12:36 +9m 59s | thequantuminsider_2023_10_17_ubs_cern_swiss_government_and_gesda_explore_using_quantum_to_d22106d3] === 4 clean interactions ===
[06:12:36 +9m 59s | thequantuminsider_2023_10_17_ubs_cern_swiss_government_and_gesda_explore_using_quantum_to_d22106d3] Saved 4_edges.json with 6 cleaned interactions.

[06:12:36 +9m 59s | thequantuminsider_2023_10_17_ubs_cern_swiss_government_and_gesda_explore_using_quantum_to_d22106d3] === 5 helix enrichment ===
[06:12:36 +9m 59s | thequantuminsider_2023_10_17_ubs_cern_swiss_government_and_gesda_explore_using_quantum_to_d22106d3] Wrote 5_nodes.json (13 actors)
[06:12:36 +9m 59s | thequantuminsider_2023_10_17_ubs_cern_swiss_government_and_gesda_explore_using_quantum_to_d22106d3] Wrote 5_edges.json (6 interactions)
[06:12:36 +9m 59s | thequantuminsider_2023_10_17_ubs_cern_swiss_government_and_gesda_explore_using_quantum_to_d22106d3] Actor helix counts: {'Academia': 2, 'Civil Society': 2, 'Government': 1, 'Industry': 2, 'Intermediary': 2, 'Unknown': 4}
[06:12:36 +9m 59s | thequantuminsider_2023_10_17_ubs_cern_swiss_government_and_gesda_explore_using_quantum_to_d22106d3] Functional-space counts: {'Consensus': 2, 'Innovation': 3, 'Intra-helix / Not classified': 1}

[06:12:36 +9m 59s | thequantuminsider_2023_10_17_ubs_cern_swiss_government_and_gesda_explore_using_quantum_to_d22106d3] === 6 network visualisation ===
[06:12:36 +10m 0s | thequantuminsider_2023_10_17_ubs_cern_swiss_government_and_gesda_explore_using_quantum_to_d22106d3] Wrote quantum_network.html
[06:12:36 +10m 0s | thequantuminsider_2023_10_17_ubs_cern_swiss_government_and_gesda_explore_using_quantum_to_d22106d3] Nodes: 13
[06:12:36 +10m 0s | thequantuminsider_2023_10_17_ubs_cern_swiss_government_and_gesda_explore_using_quantum_to_d22106d3] Edges: 3

[06:12:36 +10m 0s | thequantuminsider_2023_10_17_ubs_cern_swiss_government_and_gesda_explore_using_quantum_to_d22106d3] Done. Outputs written to: /home/lv/IDP/idpdeeptech/pipeline/news_outputs/thequantuminsider_2023_10_17_ubs_cern_swiss_government_and_gesda_explore_using_quantum_to_d22106d3
[06:12:36 +10m 0s | thequantuminsider_2023_10_17_ubs_cern_swiss_government_and_gesda_explore_using_quantum_to_d22106d3] Log: /home/lv/IDP/idpdeeptech/pipeline/news_outputs/thequantuminsider_2023_10_17_ubs_cern_swiss_government_and_gesda_explore_using_quantum_to_d22106d3/run.log

========================================================================
RUN FINISHED 2026-07-05 06:12:36  (OK)
Started:     2026-07-05 06:03:14
Elapsed:     10m 0s
========================================================================
