
========================================================================
RUN STARTED  2026-07-05 07:55:41
site_pipeline.py https://thequantuminsider.com/2023/09/21/softbank-joins-utokyos-quantum-innovation-initiative-consortium/
========================================================================

[07:55:41 +0s | thequantuminsider_2023_09_21_softbank_joins_utokyos_quantum_innovation_initiative_consortium] === 0 crawl site ===
[07:55:40 +1s | thequantuminsider_2023_09_21_softbank_joins_utokyos_quantum_innovation_initiative_consortium] [INIT].... → Crawl4AI 0.8.6 
[07:55:42 +3s | thequantuminsider_2023_09_21_softbank_joins_utokyos_quantum_innovation_initiative_consortium] [FETCH]... ↓ https://thequantuminsider.com/2023/09/21/softban...tokyos-quantum-innovation-initiative-consortium/  | ✓ | ⏱: 1.99s 
[07:55:42 +4s | thequantuminsider_2023_09_21_softbank_joins_utokyos_quantum_innovation_initiative_consortium] [SCRAPE].. ◆ https://thequantuminsider.com/2023/09/21/softban...tokyos-quantum-innovation-initiative-consortium/  | ✓ | ⏱: 0.12s 
[07:55:42 +4s | thequantuminsider_2023_09_21_softbank_joins_utokyos_quantum_innovation_initiative_consortium] [COMPLETE] ● https://thequantuminsider.com/2023/09/21/softban...tokyos-quantum-innovation-initiative-consortium/  | ✓ | ⏱: 2.13s 
[07:55:42 +4s | thequantuminsider_2023_09_21_softbank_joins_utokyos_quantum_innovation_initiative_consortium] Saved: crawl_output/845c1a7802_thequantuminsider.com_2023_09_21_softbank-joins-utokyos-quantum-innovation-initiative-consortium.json

[07:55:42 +4s | thequantuminsider_2023_09_21_softbank_joins_utokyos_quantum_innovation_initiative_consortium] === 1 actor extraction ===
[07:55:42 +4s | thequantuminsider_2023_09_21_softbank_joins_utokyos_quantum_innovation_initiative_consortium] Reading page (1/1): https://thequantuminsider.com/2023/09/21/softbank-joins-utokyos-quantum-innovation-initiative-consortium
[07:55:42 +4s | thequantuminsider_2023_09_21_softbank_joins_utokyos_quantum_innovation_initiative_consortium] Extracting actors: https://thequantuminsider.com/2023/09/21/softbank-joins-utokyos-quantum-innovation-initiative-consortium (1/1), chunk 1/37
[07:55:52 +13s | thequantuminsider_2023_09_21_softbank_joins_utokyos_quantum_innovation_initiative_consortium] Repaired malformed JSON.
[07:55:52 +13s | thequantuminsider_2023_09_21_softbank_joins_utokyos_quantum_innovation_initiative_consortium] Extracting actors: https://thequantuminsider.com/2023/09/21/softbank-joins-utokyos-quantum-innovation-initiative-consortium (1/1), chunk 2/37
[07:56:17 +41s | thequantuminsider_2023_09_21_softbank_joins_utokyos_quantum_innovation_initiative_consortium] Repaired malformed JSON.
[07:56:17 +41s | thequantuminsider_2023_09_21_softbank_joins_utokyos_quantum_innovation_initiative_consortium] Extracting actors: https://thequantuminsider.com/2023/09/21/softbank-joins-utokyos-quantum-innovation-initiative-consortium (1/1), chunk 3/37
[07:56:42 +1m 8s | thequantuminsider_2023_09_21_softbank_joins_utokyos_quantum_innovation_initiative_consortium] Repaired malformed JSON.
[07:56:42 +1m 8s | thequantuminsider_2023_09_21_softbank_joins_utokyos_quantum_innovation_initiative_consortium] Extracting actors: https://thequantuminsider.com/2023/09/21/softbank-joins-utokyos-quantum-innovation-initiative-consortium (1/1), chunk 4/37
[07:56:48 +1m 14s | thequantuminsider_2023_09_21_softbank_joins_utokyos_quantum_innovation_initiative_consortium] Repaired malformed JSON.
[07:56:48 +1m 14s | thequantuminsider_2023_09_21_softbank_joins_utokyos_quantum_innovation_initiative_consortium] Extracting actors: https://thequantuminsider.com/2023/09/21/softbank-joins-utokyos-quantum-innovation-initiative-consortium (1/1), chunk 5/37
[07:56:54 +1m 21s | thequantuminsider_2023_09_21_softbank_joins_utokyos_quantum_innovation_initiative_consortium] Repaired malformed JSON.
[07:56:54 +1m 21s | thequantuminsider_2023_09_21_softbank_joins_utokyos_quantum_innovation_initiative_consortium] Extracting actors: https://thequantuminsider.com/2023/09/21/softbank-joins-utokyos-quantum-innovation-initiative-consortium (1/1), chunk 6/37
[07:57:03 +1m 30s | thequantuminsider_2023_09_21_softbank_joins_utokyos_quantum_innovation_initiative_consortium] Repaired malformed JSON.
[07:57:03 +1m 30s | thequantuminsider_2023_09_21_softbank_joins_utokyos_quantum_innovation_initiative_consortium] Extracting actors: https://thequantuminsider.com/2023/09/21/softbank-joins-utokyos-quantum-innovation-initiative-consortium (1/1), chunk 7/37
[07:57:10 +1m 36s | thequantuminsider_2023_09_21_softbank_joins_utokyos_quantum_innovation_initiative_consortium] Repaired malformed JSON.
[07:57:10 +1m 36s | thequantuminsider_2023_09_21_softbank_joins_utokyos_quantum_innovation_initiative_consortium] Extracting actors: https://thequantuminsider.com/2023/09/21/softbank-joins-utokyos-quantum-innovation-initiative-consortium (1/1), chunk 8/37
[07:57:16 +1m 45s | thequantuminsider_2023_09_21_softbank_joins_utokyos_quantum_innovation_initiative_consortium] Repaired malformed JSON.
[07:57:16 +1m 45s | thequantuminsider_2023_09_21_softbank_joins_utokyos_quantum_innovation_initiative_consortium] Extracting actors: https://thequantuminsider.com/2023/09/21/softbank-joins-utokyos-quantum-innovation-initiative-consortium (1/1), chunk 9/37
[07:57:23 +1m 51s | thequantuminsider_2023_09_21_softbank_joins_utokyos_quantum_innovation_initiative_consortium] Repaired malformed JSON.
[07:57:23 +1m 51s | thequantuminsider_2023_09_21_softbank_joins_utokyos_quantum_innovation_initiative_consortium] Extracting actors: https://thequantuminsider.com/2023/09/21/softbank-joins-utokyos-quantum-innovation-initiative-consortium (1/1), chunk 10/37
[07:57:29 +1m 58s | thequantuminsider_2023_09_21_softbank_joins_utokyos_quantum_innovation_initiative_consortium] Repaired malformed JSON.
[07:57:29 +1m 58s | thequantuminsider_2023_09_21_softbank_joins_utokyos_quantum_innovation_initiative_consortium] Extracting actors: https://thequantuminsider.com/2023/09/21/softbank-joins-utokyos-quantum-innovation-initiative-consortium (1/1), chunk 11/37
[07:57:40 +2m 9s | thequantuminsider_2023_09_21_softbank_joins_utokyos_quantum_innovation_initiative_consortium] Repaired malformed JSON.
[07:57:40 +2m 9s | thequantuminsider_2023_09_21_softbank_joins_utokyos_quantum_innovation_initiative_consortium] Extracting actors: https://thequantuminsider.com/2023/09/21/softbank-joins-utokyos-quantum-innovation-initiative-consortium (1/1), chunk 12/37
[07:57:45 +2m 16s | thequantuminsider_2023_09_21_softbank_joins_utokyos_quantum_innovation_initiative_consortium] Repaired malformed JSON.
[07:57:45 +2m 16s | thequantuminsider_2023_09_21_softbank_joins_utokyos_quantum_innovation_initiative_consortium] Extracting actors: https://thequantuminsider.com/2023/09/21/softbank-joins-utokyos-quantum-innovation-initiative-consortium (1/1), chunk 13/37
[07:57:53 +2m 24s | thequantuminsider_2023_09_21_softbank_joins_utokyos_quantum_innovation_initiative_consortium] Repaired malformed JSON.
[07:57:53 +2m 24s | thequantuminsider_2023_09_21_softbank_joins_utokyos_quantum_innovation_initiative_consortium] Extracting actors: https://thequantuminsider.com/2023/09/21/softbank-joins-utokyos-quantum-innovation-initiative-consortium (1/1), chunk 14/37
[07:58:00 +2m 31s | thequantuminsider_2023_09_21_softbank_joins_utokyos_quantum_innovation_initiative_consortium] Repaired malformed JSON.
[07:58:00 +2m 31s | thequantuminsider_2023_09_21_softbank_joins_utokyos_quantum_innovation_initiative_consortium] Extracting actors: https://thequantuminsider.com/2023/09/21/softbank-joins-utokyos-quantum-innovation-initiative-consortium (1/1), chunk 15/37
[07:58:06 +2m 38s | thequantuminsider_2023_09_21_softbank_joins_utokyos_quantum_innovation_initiative_consortium] Repaired malformed JSON.
[07:58:06 +2m 38s | thequantuminsider_2023_09_21_softbank_joins_utokyos_quantum_innovation_initiative_consortium] Extracting actors: https://thequantuminsider.com/2023/09/21/softbank-joins-utokyos-quantum-innovation-initiative-consortium (1/1), chunk 16/37
[07:58:30 +3m 3s | thequantuminsider_2023_09_21_softbank_joins_utokyos_quantum_innovation_initiative_consortium] Repaired malformed JSON.
[07:58:30 +3m 3s | thequantuminsider_2023_09_21_softbank_joins_utokyos_quantum_innovation_initiative_consortium] Extracting actors: https://thequantuminsider.com/2023/09/21/softbank-joins-utokyos-quantum-innovation-initiative-consortium (1/1), chunk 17/37
[07:58:37 +3m 11s | thequantuminsider_2023_09_21_softbank_joins_utokyos_quantum_innovation_initiative_consortium] Repaired malformed JSON.
[07:58:37 +3m 11s | thequantuminsider_2023_09_21_softbank_joins_utokyos_quantum_innovation_initiative_consortium] Extracting actors: https://thequantuminsider.com/2023/09/21/softbank-joins-utokyos-quantum-innovation-initiative-consortium (1/1), chunk 18/37
[07:58:43 +3m 19s | thequantuminsider_2023_09_21_softbank_joins_utokyos_quantum_innovation_initiative_consortium] Repaired malformed JSON.
[07:58:43 +3m 19s | thequantuminsider_2023_09_21_softbank_joins_utokyos_quantum_innovation_initiative_consortium] Extracting actors: https://thequantuminsider.com/2023/09/21/softbank-joins-utokyos-quantum-innovation-initiative-consortium (1/1), chunk 19/37
[07:58:50 +3m 26s | thequantuminsider_2023_09_21_softbank_joins_utokyos_quantum_innovation_initiative_consortium] Repaired malformed JSON.
[07:58:50 +3m 26s | thequantuminsider_2023_09_21_softbank_joins_utokyos_quantum_innovation_initiative_consortium] Extracting actors: https://thequantuminsider.com/2023/09/21/softbank-joins-utokyos-quantum-innovation-initiative-consortium (1/1), chunk 20/37
[07:59:16 +3m 54s | thequantuminsider_2023_09_21_softbank_joins_utokyos_quantum_innovation_initiative_consortium] Repaired malformed JSON.
[07:59:16 +3m 54s | thequantuminsider_2023_09_21_softbank_joins_utokyos_quantum_innovation_initiative_consortium] Extracting actors: https://thequantuminsider.com/2023/09/21/softbank-joins-utokyos-quantum-innovation-initiative-consortium (1/1), chunk 21/37
[07:59:23 +4m 1s | thequantuminsider_2023_09_21_softbank_joins_utokyos_quantum_innovation_initiative_consortium] Repaired malformed JSON.
[07:59:23 +4m 1s | thequantuminsider_2023_09_21_softbank_joins_utokyos_quantum_innovation_initiative_consortium] Extracting actors: https://thequantuminsider.com/2023/09/21/softbank-joins-utokyos-quantum-innovation-initiative-consortium (1/1), chunk 22/37
[07:59:31 +4m 9s | thequantuminsider_2023_09_21_softbank_joins_utokyos_quantum_innovation_initiative_consortium] Repaired malformed JSON.
[07:59:31 +4m 9s | thequantuminsider_2023_09_21_softbank_joins_utokyos_quantum_innovation_initiative_consortium] Extracting actors: https://thequantuminsider.com/2023/09/21/softbank-joins-utokyos-quantum-innovation-initiative-consortium (1/1), chunk 23/37
[07:59:46 +4m 27s | thequantuminsider_2023_09_21_softbank_joins_utokyos_quantum_innovation_initiative_consortium] Repaired malformed JSON.
[07:59:46 +4m 27s | thequantuminsider_2023_09_21_softbank_joins_utokyos_quantum_innovation_initiative_consortium] Extracting actors: https://thequantuminsider.com/2023/09/21/softbank-joins-utokyos-quantum-innovation-initiative-consortium (1/1), chunk 24/37
[08:00:12 +4m 56s | thequantuminsider_2023_09_21_softbank_joins_utokyos_quantum_innovation_initiative_consortium] Repaired malformed JSON.
[08:00:12 +4m 56s | thequantuminsider_2023_09_21_softbank_joins_utokyos_quantum_innovation_initiative_consortium] Extracting actors: https://thequantuminsider.com/2023/09/21/softbank-joins-utokyos-quantum-innovation-initiative-consortium (1/1), chunk 25/37
[08:00:22 +5m 6s | thequantuminsider_2023_09_21_softbank_joins_utokyos_quantum_innovation_initiative_consortium] Repaired malformed JSON.
[08:00:22 +5m 6s | thequantuminsider_2023_09_21_softbank_joins_utokyos_quantum_innovation_initiative_consortium] Extracting actors: https://thequantuminsider.com/2023/09/21/softbank-joins-utokyos-quantum-innovation-initiative-consortium (1/1), chunk 26/37
[08:00:30 +5m 14s | thequantuminsider_2023_09_21_softbank_joins_utokyos_quantum_innovation_initiative_consortium] Repaired malformed JSON.
[08:00:30 +5m 14s | thequantuminsider_2023_09_21_softbank_joins_utokyos_quantum_innovation_initiative_consortium] Extracting actors: https://thequantuminsider.com/2023/09/21/softbank-joins-utokyos-quantum-innovation-initiative-consortium (1/1), chunk 27/37
[08:00:38 +5m 24s | thequantuminsider_2023_09_21_softbank_joins_utokyos_quantum_innovation_initiative_consortium] Repaired malformed JSON.
[08:00:38 +5m 24s | thequantuminsider_2023_09_21_softbank_joins_utokyos_quantum_innovation_initiative_consortium] Extracting actors: https://thequantuminsider.com/2023/09/21/softbank-joins-utokyos-quantum-innovation-initiative-consortium (1/1), chunk 28/37
[08:00:45 +5m 31s | thequantuminsider_2023_09_21_softbank_joins_utokyos_quantum_innovation_initiative_consortium] Repaired malformed JSON.
[08:00:45 +5m 31s | thequantuminsider_2023_09_21_softbank_joins_utokyos_quantum_innovation_initiative_consortium] Extracting actors: https://thequantuminsider.com/2023/09/21/softbank-joins-utokyos-quantum-innovation-initiative-consortium (1/1), chunk 29/37
[08:00:47 +5m 32s | thequantuminsider_2023_09_21_softbank_joins_utokyos_quantum_innovation_initiative_consortium] Extracting actors: https://thequantuminsider.com/2023/09/21/softbank-joins-utokyos-quantum-innovation-initiative-consortium (1/1), chunk 30/37
[08:00:53 +5m 39s | thequantuminsider_2023_09_21_softbank_joins_utokyos_quantum_innovation_initiative_consortium] Repaired malformed JSON.
[08:00:53 +5m 39s | thequantuminsider_2023_09_21_softbank_joins_utokyos_quantum_innovation_initiative_consortium] Extracting actors: https://thequantuminsider.com/2023/09/21/softbank-joins-utokyos-quantum-innovation-initiative-consortium (1/1), chunk 31/37
[08:00:59 +5m 45s | thequantuminsider_2023_09_21_softbank_joins_utokyos_quantum_innovation_initiative_consortium] Repaired malformed JSON.
[08:00:59 +5m 45s | thequantuminsider_2023_09_21_softbank_joins_utokyos_quantum_innovation_initiative_consortium] Extracting actors: https://thequantuminsider.com/2023/09/21/softbank-joins-utokyos-quantum-innovation-initiative-consortium (1/1), chunk 32/37
[08:01:19 +6m 7s | thequantuminsider_2023_09_21_softbank_joins_utokyos_quantum_innovation_initiative_consortium] Repaired malformed JSON.
[08:01:19 +6m 7s | thequantuminsider_2023_09_21_softbank_joins_utokyos_quantum_innovation_initiative_consortium] Extracting actors: https://thequantuminsider.com/2023/09/21/softbank-joins-utokyos-quantum-innovation-initiative-consortium (1/1), chunk 33/37
[08:01:27 +6m 15s | thequantuminsider_2023_09_21_softbank_joins_utokyos_quantum_innovation_initiative_consortium] Repaired malformed JSON.
[08:01:27 +6m 15s | thequantuminsider_2023_09_21_softbank_joins_utokyos_quantum_innovation_initiative_consortium] Extracting actors: https://thequantuminsider.com/2023/09/21/softbank-joins-utokyos-quantum-innovation-initiative-consortium (1/1), chunk 34/37
[08:01:31 +6m 19s | thequantuminsider_2023_09_21_softbank_joins_utokyos_quantum_innovation_initiative_consortium] Extracting actors: https://thequantuminsider.com/2023/09/21/softbank-joins-utokyos-quantum-innovation-initiative-consortium (1/1), chunk 35/37
[08:01:52 +6m 43s | thequantuminsider_2023_09_21_softbank_joins_utokyos_quantum_innovation_initiative_consortium] Repaired malformed JSON.
[08:01:52 +6m 43s | thequantuminsider_2023_09_21_softbank_joins_utokyos_quantum_innovation_initiative_consortium] Extracting actors: https://thequantuminsider.com/2023/09/21/softbank-joins-utokyos-quantum-innovation-initiative-consortium (1/1), chunk 36/37
[08:02:01 +6m 51s | thequantuminsider_2023_09_21_softbank_joins_utokyos_quantum_innovation_initiative_consortium] Repaired malformed JSON.
[08:02:01 +6m 51s | thequantuminsider_2023_09_21_softbank_joins_utokyos_quantum_innovation_initiative_consortium] Extracting actors: https://thequantuminsider.com/2023/09/21/softbank-joins-utokyos-quantum-innovation-initiative-consortium (1/1), chunk 37/37
[08:02:08 +7m 1s | thequantuminsider_2023_09_21_softbank_joins_utokyos_quantum_innovation_initiative_consortium] Repaired malformed JSON.
[08:02:08 +7m 1s | thequantuminsider_2023_09_21_softbank_joins_utokyos_quantum_innovation_initiative_consortium] Saved 1_actor_results.json with 71 extracted records

[08:02:08 +7m 2s | thequantuminsider_2023_09_21_softbank_joins_utokyos_quantum_innovation_initiative_consortium] === 2 clean actors ===
[08:02:08 +7m 2s | thequantuminsider_2023_09_21_softbank_joins_utokyos_quantum_innovation_initiative_consortium] Loaded 71 extracted records
[08:02:08 +7m 2s | thequantuminsider_2023_09_21_softbank_joins_utokyos_quantum_innovation_initiative_consortium] Saved 2_actor_nodes.json with 12 canonical actor nodes

[08:02:08 +7m 2s | thequantuminsider_2023_09_21_softbank_joins_utokyos_quantum_innovation_initiative_consortium] === 3 interaction extraction ===
[08:02:09 +7m 2s | thequantuminsider_2023_09_21_softbank_joins_utokyos_quantum_innovation_initiative_consortium] Extracting interactions: https://thequantuminsider.com/2023/09/21/softbank-joins-utokyos-quantum-innovation-initiative-consortium (1/1), chunk 11/37
[08:02:14 +7m 7s | thequantuminsider_2023_09_21_softbank_joins_utokyos_quantum_innovation_initiative_consortium] Extracting interactions: https://thequantuminsider.com/2023/09/21/softbank-joins-utokyos-quantum-innovation-initiative-consortium (1/1), chunk 12/37
[08:02:40 +7m 36s | thequantuminsider_2023_09_21_softbank_joins_utokyos_quantum_innovation_initiative_consortium] Extracting interactions: https://thequantuminsider.com/2023/09/21/softbank-joins-utokyos-quantum-innovation-initiative-consortium (1/1), chunk 13/37
[08:02:57 +7m 52s | thequantuminsider_2023_09_21_softbank_joins_utokyos_quantum_innovation_initiative_consortium] Extracting interactions: https://thequantuminsider.com/2023/09/21/softbank-joins-utokyos-quantum-innovation-initiative-consortium (1/1), chunk 14/37
[08:03:08 +8m 6s | thequantuminsider_2023_09_21_softbank_joins_utokyos_quantum_innovation_initiative_consortium] Extracting interactions: https://thequantuminsider.com/2023/09/21/softbank-joins-utokyos-quantum-innovation-initiative-consortium (1/1), chunk 15/37
[08:03:17 +8m 16s | thequantuminsider_2023_09_21_softbank_joins_utokyos_quantum_innovation_initiative_consortium] Extracting interactions: https://thequantuminsider.com/2023/09/21/softbank-joins-utokyos-quantum-innovation-initiative-consortium (1/1), chunk 16/37
[08:03:24 +8m 22s | thequantuminsider_2023_09_21_softbank_joins_utokyos_quantum_innovation_initiative_consortium] Extracting interactions: https://thequantuminsider.com/2023/09/21/softbank-joins-utokyos-quantum-innovation-initiative-consortium (1/1), chunk 17/37
[08:03:25 +8m 23s | thequantuminsider_2023_09_21_softbank_joins_utokyos_quantum_innovation_initiative_consortium] Extracting interactions: https://thequantuminsider.com/2023/09/21/softbank-joins-utokyos-quantum-innovation-initiative-consortium (1/1), chunk 19/37
[08:03:27 +8m 25s | thequantuminsider_2023_09_21_softbank_joins_utokyos_quantum_innovation_initiative_consortium] Extracting interactions: https://thequantuminsider.com/2023/09/21/softbank-joins-utokyos-quantum-innovation-initiative-consortium (1/1), chunk 20/37
[08:03:29 +8m 27s | thequantuminsider_2023_09_21_softbank_joins_utokyos_quantum_innovation_initiative_consortium] Extracting interactions: https://thequantuminsider.com/2023/09/21/softbank-joins-utokyos-quantum-innovation-initiative-consortium (1/1), chunk 21/37
[08:03:36 +8m 34s | thequantuminsider_2023_09_21_softbank_joins_utokyos_quantum_innovation_initiative_consortium] Extracting interactions: https://thequantuminsider.com/2023/09/21/softbank-joins-utokyos-quantum-innovation-initiative-consortium (1/1), chunk 22/37
[08:03:38 +8m 39s | thequantuminsider_2023_09_21_softbank_joins_utokyos_quantum_innovation_initiative_consortium] Extracting interactions: https://thequantuminsider.com/2023/09/21/softbank-joins-utokyos-quantum-innovation-initiative-consortium (1/1), chunk 26/37
[08:03:40 +8m 40s | thequantuminsider_2023_09_21_softbank_joins_utokyos_quantum_innovation_initiative_consortium] Extracting interactions: https://thequantuminsider.com/2023/09/21/softbank-joins-utokyos-quantum-innovation-initiative-consortium (1/1), chunk 30/37
[08:03:42 +8m 42s | thequantuminsider_2023_09_21_softbank_joins_utokyos_quantum_innovation_initiative_consortium] Extracting interactions: https://thequantuminsider.com/2023/09/21/softbank-joins-utokyos-quantum-innovation-initiative-consortium (1/1), chunk 31/37
[08:03:45 +8m 46s | thequantuminsider_2023_09_21_softbank_joins_utokyos_quantum_innovation_initiative_consortium] Extracting interactions: https://thequantuminsider.com/2023/09/21/softbank-joins-utokyos-quantum-innovation-initiative-consortium (1/1), chunk 32/37
[08:03:49 +8m 50s | thequantuminsider_2023_09_21_softbank_joins_utokyos_quantum_innovation_initiative_consortium] Extracting interactions: https://thequantuminsider.com/2023/09/21/softbank-joins-utokyos-quantum-innovation-initiative-consortium (1/1), chunk 33/37
[08:03:51 +8m 51s | thequantuminsider_2023_09_21_softbank_joins_utokyos_quantum_innovation_initiative_consortium] Extracting interactions: https://thequantuminsider.com/2023/09/21/softbank-joins-utokyos-quantum-innovation-initiative-consortium (1/1), chunk 35/37
[08:03:53 +8m 53s | thequantuminsider_2023_09_21_softbank_joins_utokyos_quantum_innovation_initiative_consortium] Extracting interactions: https://thequantuminsider.com/2023/09/21/softbank-joins-utokyos-quantum-innovation-initiative-consortium (1/1), chunk 36/37
[08:04:03 +9m 4s | thequantuminsider_2023_09_21_softbank_joins_utokyos_quantum_innovation_initiative_consortium] Extracting interactions: https://thequantuminsider.com/2023/09/21/softbank-joins-utokyos-quantum-innovation-initiative-consortium (1/1), chunk 37/37
[08:04:10 +9m 13s | thequantuminsider_2023_09_21_softbank_joins_utokyos_quantum_innovation_initiative_consortium] Saved 3_interaction_results.json with 28 extracted interactions.

[08:04:10 +9m 13s | thequantuminsider_2023_09_21_softbank_joins_utokyos_quantum_innovation_initiative_consortium] === 4 clean interactions ===
[08:04:10 +9m 13s | thequantuminsider_2023_09_21_softbank_joins_utokyos_quantum_innovation_initiative_consortium] Saved 4_edges.json with 12 cleaned interactions.

[08:04:10 +9m 13s | thequantuminsider_2023_09_21_softbank_joins_utokyos_quantum_innovation_initiative_consortium] === 5 helix enrichment ===
[08:04:10 +9m 13s | thequantuminsider_2023_09_21_softbank_joins_utokyos_quantum_innovation_initiative_consortium] Wrote 5_nodes.json (12 actors)
[08:04:10 +9m 13s | thequantuminsider_2023_09_21_softbank_joins_utokyos_quantum_innovation_initiative_consortium] Wrote 5_edges.json (12 interactions)
[08:04:10 +9m 13s | thequantuminsider_2023_09_21_softbank_joins_utokyos_quantum_innovation_initiative_consortium] Actor helix counts: {'Academia': 2, 'Civil Society': 3, 'Industry': 3, 'Unknown': 4}
[08:04:10 +9m 13s | thequantuminsider_2023_09_21_softbank_joins_utokyos_quantum_innovation_initiative_consortium] Functional-space counts: {'Innovation': 10, 'Unknown': 2}

[08:04:10 +9m 13s | thequantuminsider_2023_09_21_softbank_joins_utokyos_quantum_innovation_initiative_consortium] === 6 network visualisation ===
[08:04:10 +9m 13s | thequantuminsider_2023_09_21_softbank_joins_utokyos_quantum_innovation_initiative_consortium] Wrote quantum_network.html
[08:04:10 +9m 13s | thequantuminsider_2023_09_21_softbank_joins_utokyos_quantum_innovation_initiative_consortium] Nodes: 12
[08:04:10 +9m 13s | thequantuminsider_2023_09_21_softbank_joins_utokyos_quantum_innovation_initiative_consortium] Edges: 3

[08:04:11 +9m 13s | thequantuminsider_2023_09_21_softbank_joins_utokyos_quantum_innovation_initiative_consortium] Done. Outputs written to: /home/lv/IDP/idpdeeptech/pipeline/news_outputs/thequantuminsider_2023_09_21_softbank_joins_utokyos_quantum_innovation_initiative_consortium
[08:04:11 +9m 13s | thequantuminsider_2023_09_21_softbank_joins_utokyos_quantum_innovation_initiative_consortium] Log: /home/lv/IDP/idpdeeptech/pipeline/news_outputs/thequantuminsider_2023_09_21_softbank_joins_utokyos_quantum_innovation_initiative_consortium/run.log

========================================================================
RUN FINISHED 2026-07-05 08:04:11  (OK)
Started:     2026-07-05 07:55:41
Elapsed:     9m 13s
========================================================================
