
========================================================================
RUN STARTED  2026-07-05 07:55:07
site_pipeline.py https://thequantuminsider.com/2023/09/22/from-labs-to-leadership-the-quantum-insider-debuts-comprehensive-marketing-guide-for-quantum-tech-companies/
========================================================================

[07:55:07 +0s | thequantuminsider_2023_09_22_from_labs_to_leadership_the_quantum_insider_debuts_comprehen_d1ac5b12] === 0 crawl site ===
[07:55:08 +1s | thequantuminsider_2023_09_22_from_labs_to_leadership_the_quantum_insider_debuts_comprehen_d1ac5b12] [INIT].... → Crawl4AI 0.8.6 
[07:55:12 +5s | thequantuminsider_2023_09_22_from_labs_to_leadership_the_quantum_insider_debuts_comprehen_d1ac5b12] [FETCH]... ↓ https://thequantuminsider.com/2023/09/22/from-la...sive-marketing-guide-for-quantum-tech-companies/  | ✓ | ⏱: 3.39s 
[07:55:12 +5s | thequantuminsider_2023_09_22_from_labs_to_leadership_the_quantum_insider_debuts_comprehen_d1ac5b12] [SCRAPE].. ◆ https://thequantuminsider.com/2023/09/22/from-la...sive-marketing-guide-for-quantum-tech-companies/  | ✓ | ⏱: 0.20s 
[07:55:12 +5s | thequantuminsider_2023_09_22_from_labs_to_leadership_the_quantum_insider_debuts_comprehen_d1ac5b12] [COMPLETE] ● https://thequantuminsider.com/2023/09/22/from-la...sive-marketing-guide-for-quantum-tech-companies/  | ✓ | ⏱: 3.62s 
[07:55:12 +5s | thequantuminsider_2023_09_22_from_labs_to_leadership_the_quantum_insider_debuts_comprehen_d1ac5b12] Saved: crawl_output/695eab92e2_thequantuminsider.com_2023_09_22_from-labs-to-leadership-the-quantum-insider-debuts-comprehensive-marketing-guide-for-quantum-tech-companies.json

[07:55:10 +6s | thequantuminsider_2023_09_22_from_labs_to_leadership_the_quantum_insider_debuts_comprehen_d1ac5b12] === 1 actor extraction ===
[07:55:10 +6s | thequantuminsider_2023_09_22_from_labs_to_leadership_the_quantum_insider_debuts_comprehen_d1ac5b12] Reading page (1/1): https://thequantuminsider.com/2023/09/22/from-labs-to-leadership-the-quantum-insider-debuts-comprehensive-marketing-guide-for-quantum-tech-companies
[07:55:10 +6s | thequantuminsider_2023_09_22_from_labs_to_leadership_the_quantum_insider_debuts_comprehen_d1ac5b12] Extracting actors: https://thequantuminsider.com/2023/09/22/from-labs-to-leadership-the-quantum-insider-debuts-comprehensive-marketing-guide-for-quantum-tech-companies (1/1), chunk 1/36
[07:55:15 +11s | thequantuminsider_2023_09_22_from_labs_to_leadership_the_quantum_insider_debuts_comprehen_d1ac5b12] Extracting actors: https://thequantuminsider.com/2023/09/22/from-labs-to-leadership-the-quantum-insider-debuts-comprehensive-marketing-guide-for-quantum-tech-companies (1/1), chunk 2/36
[07:55:39 +35s | thequantuminsider_2023_09_22_from_labs_to_leadership_the_quantum_insider_debuts_comprehen_d1ac5b12] Extracting actors: https://thequantuminsider.com/2023/09/22/from-labs-to-leadership-the-quantum-insider-debuts-comprehensive-marketing-guide-for-quantum-tech-companies (1/1), chunk 3/36
[07:55:42 +40s | thequantuminsider_2023_09_22_from_labs_to_leadership_the_quantum_insider_debuts_comprehen_d1ac5b12] Extracting actors: https://thequantuminsider.com/2023/09/22/from-labs-to-leadership-the-quantum-insider-debuts-comprehensive-marketing-guide-for-quantum-tech-companies (1/1), chunk 4/36
[07:55:50 +49s | thequantuminsider_2023_09_22_from_labs_to_leadership_the_quantum_insider_debuts_comprehen_d1ac5b12] Extracting actors: https://thequantuminsider.com/2023/09/22/from-labs-to-leadership-the-quantum-insider-debuts-comprehensive-marketing-guide-for-quantum-tech-companies (1/1), chunk 5/36
[07:56:00 +59s | thequantuminsider_2023_09_22_from_labs_to_leadership_the_quantum_insider_debuts_comprehen_d1ac5b12] Extracting actors: https://thequantuminsider.com/2023/09/22/from-labs-to-leadership-the-quantum-insider-debuts-comprehensive-marketing-guide-for-quantum-tech-companies (1/1), chunk 6/36
[07:56:07 +1m 6s | thequantuminsider_2023_09_22_from_labs_to_leadership_the_quantum_insider_debuts_comprehen_d1ac5b12] Repaired malformed JSON.
[07:56:07 +1m 6s | thequantuminsider_2023_09_22_from_labs_to_leadership_the_quantum_insider_debuts_comprehen_d1ac5b12] Extracting actors: https://thequantuminsider.com/2023/09/22/from-labs-to-leadership-the-quantum-insider-debuts-comprehensive-marketing-guide-for-quantum-tech-companies (1/1), chunk 7/36
[07:56:12 +1m 13s | thequantuminsider_2023_09_22_from_labs_to_leadership_the_quantum_insider_debuts_comprehen_d1ac5b12] Extracting actors: https://thequantuminsider.com/2023/09/22/from-labs-to-leadership-the-quantum-insider-debuts-comprehensive-marketing-guide-for-quantum-tech-companies (1/1), chunk 8/36
[07:56:17 +1m 18s | thequantuminsider_2023_09_22_from_labs_to_leadership_the_quantum_insider_debuts_comprehen_d1ac5b12] Extracting actors: https://thequantuminsider.com/2023/09/22/from-labs-to-leadership-the-quantum-insider-debuts-comprehensive-marketing-guide-for-quantum-tech-companies (1/1), chunk 9/36
[07:56:23 +1m 23s | thequantuminsider_2023_09_22_from_labs_to_leadership_the_quantum_insider_debuts_comprehen_d1ac5b12] Extracting actors: https://thequantuminsider.com/2023/09/22/from-labs-to-leadership-the-quantum-insider-debuts-comprehensive-marketing-guide-for-quantum-tech-companies (1/1), chunk 10/36
[07:57:02 +2m 5s | thequantuminsider_2023_09_22_from_labs_to_leadership_the_quantum_insider_debuts_comprehen_d1ac5b12] Extracting actors: https://thequantuminsider.com/2023/09/22/from-labs-to-leadership-the-quantum-insider-debuts-comprehensive-marketing-guide-for-quantum-tech-companies (1/1), chunk 11/36
[07:57:09 +2m 12s | thequantuminsider_2023_09_22_from_labs_to_leadership_the_quantum_insider_debuts_comprehen_d1ac5b12] Repaired malformed JSON.
[07:57:09 +2m 12s | thequantuminsider_2023_09_22_from_labs_to_leadership_the_quantum_insider_debuts_comprehen_d1ac5b12] Extracting actors: https://thequantuminsider.com/2023/09/22/from-labs-to-leadership-the-quantum-insider-debuts-comprehensive-marketing-guide-for-quantum-tech-companies (1/1), chunk 12/36
[07:57:15 +2m 20s | thequantuminsider_2023_09_22_from_labs_to_leadership_the_quantum_insider_debuts_comprehen_d1ac5b12] Extracting actors: https://thequantuminsider.com/2023/09/22/from-labs-to-leadership-the-quantum-insider-debuts-comprehensive-marketing-guide-for-quantum-tech-companies (1/1), chunk 13/36
[07:57:22 +2m 27s | thequantuminsider_2023_09_22_from_labs_to_leadership_the_quantum_insider_debuts_comprehen_d1ac5b12] Repaired malformed JSON.
[07:57:22 +2m 27s | thequantuminsider_2023_09_22_from_labs_to_leadership_the_quantum_insider_debuts_comprehen_d1ac5b12] Extracting actors: https://thequantuminsider.com/2023/09/22/from-labs-to-leadership-the-quantum-insider-debuts-comprehensive-marketing-guide-for-quantum-tech-companies (1/1), chunk 14/36
[07:57:28 +2m 34s | thequantuminsider_2023_09_22_from_labs_to_leadership_the_quantum_insider_debuts_comprehen_d1ac5b12] Repaired malformed JSON.
[07:57:28 +2m 34s | thequantuminsider_2023_09_22_from_labs_to_leadership_the_quantum_insider_debuts_comprehen_d1ac5b12] Extracting actors: https://thequantuminsider.com/2023/09/22/from-labs-to-leadership-the-quantum-insider-debuts-comprehensive-marketing-guide-for-quantum-tech-companies (1/1), chunk 15/36
[07:57:36 +2m 42s | thequantuminsider_2023_09_22_from_labs_to_leadership_the_quantum_insider_debuts_comprehen_d1ac5b12] Repaired malformed JSON.
[07:57:36 +2m 42s | thequantuminsider_2023_09_22_from_labs_to_leadership_the_quantum_insider_debuts_comprehen_d1ac5b12] Extracting actors: https://thequantuminsider.com/2023/09/22/from-labs-to-leadership-the-quantum-insider-debuts-comprehensive-marketing-guide-for-quantum-tech-companies (1/1), chunk 16/36
[07:57:43 +2m 51s | thequantuminsider_2023_09_22_from_labs_to_leadership_the_quantum_insider_debuts_comprehen_d1ac5b12] Repaired malformed JSON.
[07:57:43 +2m 51s | thequantuminsider_2023_09_22_from_labs_to_leadership_the_quantum_insider_debuts_comprehen_d1ac5b12] Extracting actors: https://thequantuminsider.com/2023/09/22/from-labs-to-leadership-the-quantum-insider-debuts-comprehensive-marketing-guide-for-quantum-tech-companies (1/1), chunk 17/36
[07:57:48 +2m 56s | thequantuminsider_2023_09_22_from_labs_to_leadership_the_quantum_insider_debuts_comprehen_d1ac5b12] Extracting actors: https://thequantuminsider.com/2023/09/22/from-labs-to-leadership-the-quantum-insider-debuts-comprehensive-marketing-guide-for-quantum-tech-companies (1/1), chunk 18/36
[07:57:58 +3m 6s | thequantuminsider_2023_09_22_from_labs_to_leadership_the_quantum_insider_debuts_comprehen_d1ac5b12] Repaired malformed JSON.
[07:57:58 +3m 6s | thequantuminsider_2023_09_22_from_labs_to_leadership_the_quantum_insider_debuts_comprehen_d1ac5b12] Extracting actors: https://thequantuminsider.com/2023/09/22/from-labs-to-leadership-the-quantum-insider-debuts-comprehensive-marketing-guide-for-quantum-tech-companies (1/1), chunk 19/36
[07:58:04 +3m 12s | thequantuminsider_2023_09_22_from_labs_to_leadership_the_quantum_insider_debuts_comprehen_d1ac5b12] Repaired malformed JSON.
[07:58:04 +3m 12s | thequantuminsider_2023_09_22_from_labs_to_leadership_the_quantum_insider_debuts_comprehen_d1ac5b12] Extracting actors: https://thequantuminsider.com/2023/09/22/from-labs-to-leadership-the-quantum-insider-debuts-comprehensive-marketing-guide-for-quantum-tech-companies (1/1), chunk 20/36
[07:58:09 +3m 19s | thequantuminsider_2023_09_22_from_labs_to_leadership_the_quantum_insider_debuts_comprehen_d1ac5b12] Repaired malformed JSON.
[07:58:09 +3m 19s | thequantuminsider_2023_09_22_from_labs_to_leadership_the_quantum_insider_debuts_comprehen_d1ac5b12] Extracting actors: https://thequantuminsider.com/2023/09/22/from-labs-to-leadership-the-quantum-insider-debuts-comprehensive-marketing-guide-for-quantum-tech-companies (1/1), chunk 21/36
[07:58:16 +3m 27s | thequantuminsider_2023_09_22_from_labs_to_leadership_the_quantum_insider_debuts_comprehen_d1ac5b12] Repaired malformed JSON.
[07:58:16 +3m 27s | thequantuminsider_2023_09_22_from_labs_to_leadership_the_quantum_insider_debuts_comprehen_d1ac5b12] Extracting actors: https://thequantuminsider.com/2023/09/22/from-labs-to-leadership-the-quantum-insider-debuts-comprehensive-marketing-guide-for-quantum-tech-companies (1/1), chunk 22/36
[07:58:25 +3m 36s | thequantuminsider_2023_09_22_from_labs_to_leadership_the_quantum_insider_debuts_comprehen_d1ac5b12] Repaired malformed JSON.
[07:58:25 +3m 36s | thequantuminsider_2023_09_22_from_labs_to_leadership_the_quantum_insider_debuts_comprehen_d1ac5b12] Extracting actors: https://thequantuminsider.com/2023/09/22/from-labs-to-leadership-the-quantum-insider-debuts-comprehensive-marketing-guide-for-quantum-tech-companies (1/1), chunk 23/36
[07:58:35 +3m 45s | thequantuminsider_2023_09_22_from_labs_to_leadership_the_quantum_insider_debuts_comprehen_d1ac5b12] Repaired malformed JSON.
[07:58:35 +3m 45s | thequantuminsider_2023_09_22_from_labs_to_leadership_the_quantum_insider_debuts_comprehen_d1ac5b12] Extracting actors: https://thequantuminsider.com/2023/09/22/from-labs-to-leadership-the-quantum-insider-debuts-comprehensive-marketing-guide-for-quantum-tech-companies (1/1), chunk 24/36
[07:58:38 +3m 51s | thequantuminsider_2023_09_22_from_labs_to_leadership_the_quantum_insider_debuts_comprehen_d1ac5b12] Extracting actors: https://thequantuminsider.com/2023/09/22/from-labs-to-leadership-the-quantum-insider-debuts-comprehensive-marketing-guide-for-quantum-tech-companies (1/1), chunk 25/36
[07:58:49 +4m 1s | thequantuminsider_2023_09_22_from_labs_to_leadership_the_quantum_insider_debuts_comprehen_d1ac5b12] Repaired malformed JSON.
[07:58:49 +4m 1s | thequantuminsider_2023_09_22_from_labs_to_leadership_the_quantum_insider_debuts_comprehen_d1ac5b12] Extracting actors: https://thequantuminsider.com/2023/09/22/from-labs-to-leadership-the-quantum-insider-debuts-comprehensive-marketing-guide-for-quantum-tech-companies (1/1), chunk 26/36
[07:58:53 +4m 6s | thequantuminsider_2023_09_22_from_labs_to_leadership_the_quantum_insider_debuts_comprehen_d1ac5b12] Extracting actors: https://thequantuminsider.com/2023/09/22/from-labs-to-leadership-the-quantum-insider-debuts-comprehensive-marketing-guide-for-quantum-tech-companies (1/1), chunk 27/36
[07:59:02 +4m 15s | thequantuminsider_2023_09_22_from_labs_to_leadership_the_quantum_insider_debuts_comprehen_d1ac5b12] Repaired malformed JSON.
[07:59:02 +4m 15s | thequantuminsider_2023_09_22_from_labs_to_leadership_the_quantum_insider_debuts_comprehen_d1ac5b12] Extracting actors: https://thequantuminsider.com/2023/09/22/from-labs-to-leadership-the-quantum-insider-debuts-comprehensive-marketing-guide-for-quantum-tech-companies (1/1), chunk 28/36
[07:59:08 +4m 24s | thequantuminsider_2023_09_22_from_labs_to_leadership_the_quantum_insider_debuts_comprehen_d1ac5b12] Repaired malformed JSON.
[07:59:08 +4m 24s | thequantuminsider_2023_09_22_from_labs_to_leadership_the_quantum_insider_debuts_comprehen_d1ac5b12] Extracting actors: https://thequantuminsider.com/2023/09/22/from-labs-to-leadership-the-quantum-insider-debuts-comprehensive-marketing-guide-for-quantum-tech-companies (1/1), chunk 29/36
[07:59:15 +4m 30s | thequantuminsider_2023_09_22_from_labs_to_leadership_the_quantum_insider_debuts_comprehen_d1ac5b12] Repaired malformed JSON.
[07:59:15 +4m 30s | thequantuminsider_2023_09_22_from_labs_to_leadership_the_quantum_insider_debuts_comprehen_d1ac5b12] Extracting actors: https://thequantuminsider.com/2023/09/22/from-labs-to-leadership-the-quantum-insider-debuts-comprehensive-marketing-guide-for-quantum-tech-companies (1/1), chunk 30/36
[07:59:24 +4m 40s | thequantuminsider_2023_09_22_from_labs_to_leadership_the_quantum_insider_debuts_comprehen_d1ac5b12] Repaired malformed JSON.
[07:59:24 +4m 40s | thequantuminsider_2023_09_22_from_labs_to_leadership_the_quantum_insider_debuts_comprehen_d1ac5b12] Extracting actors: https://thequantuminsider.com/2023/09/22/from-labs-to-leadership-the-quantum-insider-debuts-comprehensive-marketing-guide-for-quantum-tech-companies (1/1), chunk 31/36
[07:59:31 +4m 47s | thequantuminsider_2023_09_22_from_labs_to_leadership_the_quantum_insider_debuts_comprehen_d1ac5b12] Repaired malformed JSON.
[07:59:31 +4m 47s | thequantuminsider_2023_09_22_from_labs_to_leadership_the_quantum_insider_debuts_comprehen_d1ac5b12] Extracting actors: https://thequantuminsider.com/2023/09/22/from-labs-to-leadership-the-quantum-insider-debuts-comprehensive-marketing-guide-for-quantum-tech-companies (1/1), chunk 32/36
[07:59:38 +4m 53s | thequantuminsider_2023_09_22_from_labs_to_leadership_the_quantum_insider_debuts_comprehen_d1ac5b12] Repaired malformed JSON.
[07:59:38 +4m 53s | thequantuminsider_2023_09_22_from_labs_to_leadership_the_quantum_insider_debuts_comprehen_d1ac5b12] Extracting actors: https://thequantuminsider.com/2023/09/22/from-labs-to-leadership-the-quantum-insider-debuts-comprehensive-marketing-guide-for-quantum-tech-companies (1/1), chunk 33/36
[07:59:46 +5m 4s | thequantuminsider_2023_09_22_from_labs_to_leadership_the_quantum_insider_debuts_comprehen_d1ac5b12] Repaired malformed JSON.
[07:59:46 +5m 4s | thequantuminsider_2023_09_22_from_labs_to_leadership_the_quantum_insider_debuts_comprehen_d1ac5b12] Extracting actors: https://thequantuminsider.com/2023/09/22/from-labs-to-leadership-the-quantum-insider-debuts-comprehensive-marketing-guide-for-quantum-tech-companies (1/1), chunk 34/36
[07:59:55 +5m 12s | thequantuminsider_2023_09_22_from_labs_to_leadership_the_quantum_insider_debuts_comprehen_d1ac5b12] Repaired malformed JSON.
[07:59:55 +5m 12s | thequantuminsider_2023_09_22_from_labs_to_leadership_the_quantum_insider_debuts_comprehen_d1ac5b12] Extracting actors: https://thequantuminsider.com/2023/09/22/from-labs-to-leadership-the-quantum-insider-debuts-comprehensive-marketing-guide-for-quantum-tech-companies (1/1), chunk 35/36
[08:00:02 +5m 20s | thequantuminsider_2023_09_22_from_labs_to_leadership_the_quantum_insider_debuts_comprehen_d1ac5b12] Repaired malformed JSON.
[08:00:02 +5m 20s | thequantuminsider_2023_09_22_from_labs_to_leadership_the_quantum_insider_debuts_comprehen_d1ac5b12] Extracting actors: https://thequantuminsider.com/2023/09/22/from-labs-to-leadership-the-quantum-insider-debuts-comprehensive-marketing-guide-for-quantum-tech-companies (1/1), chunk 36/36
[08:00:08 +5m 28s | thequantuminsider_2023_09_22_from_labs_to_leadership_the_quantum_insider_debuts_comprehen_d1ac5b12] Repaired malformed JSON.
[08:00:08 +5m 28s | thequantuminsider_2023_09_22_from_labs_to_leadership_the_quantum_insider_debuts_comprehen_d1ac5b12] Saved 1_actor_results.json with 54 extracted records

[08:00:08 +5m 28s | thequantuminsider_2023_09_22_from_labs_to_leadership_the_quantum_insider_debuts_comprehen_d1ac5b12] === 2 clean actors ===
[08:00:08 +5m 28s | thequantuminsider_2023_09_22_from_labs_to_leadership_the_quantum_insider_debuts_comprehen_d1ac5b12] Loaded 54 extracted records
[08:00:08 +5m 28s | thequantuminsider_2023_09_22_from_labs_to_leadership_the_quantum_insider_debuts_comprehen_d1ac5b12] Saved 2_actor_nodes.json with 18 canonical actor nodes

[08:00:08 +5m 28s | thequantuminsider_2023_09_22_from_labs_to_leadership_the_quantum_insider_debuts_comprehen_d1ac5b12] === 3 interaction extraction ===
[08:00:08 +5m 28s | thequantuminsider_2023_09_22_from_labs_to_leadership_the_quantum_insider_debuts_comprehen_d1ac5b12] Extracting interactions: https://thequantuminsider.com/2023/09/22/from-labs-to-leadership-the-quantum-insider-debuts-comprehensive-marketing-guide-for-quantum-tech-companies (1/1), chunk 11/36
[08:00:13 +5m 33s | thequantuminsider_2023_09_22_from_labs_to_leadership_the_quantum_insider_debuts_comprehen_d1ac5b12] Extracting interactions: https://thequantuminsider.com/2023/09/22/from-labs-to-leadership-the-quantum-insider-debuts-comprehensive-marketing-guide-for-quantum-tech-companies (1/1), chunk 13/36
[08:00:19 +5m 39s | thequantuminsider_2023_09_22_from_labs_to_leadership_the_quantum_insider_debuts_comprehen_d1ac5b12] Extracting interactions: https://thequantuminsider.com/2023/09/22/from-labs-to-leadership-the-quantum-insider-debuts-comprehensive-marketing-guide-for-quantum-tech-companies (1/1), chunk 14/36
[08:00:25 +5m 45s | thequantuminsider_2023_09_22_from_labs_to_leadership_the_quantum_insider_debuts_comprehen_d1ac5b12] Extracting interactions: https://thequantuminsider.com/2023/09/22/from-labs-to-leadership-the-quantum-insider-debuts-comprehensive-marketing-guide-for-quantum-tech-companies (1/1), chunk 15/36
[08:00:32 +5m 52s | thequantuminsider_2023_09_22_from_labs_to_leadership_the_quantum_insider_debuts_comprehen_d1ac5b12] Extracting interactions: https://thequantuminsider.com/2023/09/22/from-labs-to-leadership-the-quantum-insider-debuts-comprehensive-marketing-guide-for-quantum-tech-companies (1/1), chunk 16/36
[08:00:39 +5m 59s | thequantuminsider_2023_09_22_from_labs_to_leadership_the_quantum_insider_debuts_comprehen_d1ac5b12] Extracting interactions: https://thequantuminsider.com/2023/09/22/from-labs-to-leadership-the-quantum-insider-debuts-comprehensive-marketing-guide-for-quantum-tech-companies (1/1), chunk 17/36
[08:00:42 +6m 4s | thequantuminsider_2023_09_22_from_labs_to_leadership_the_quantum_insider_debuts_comprehen_d1ac5b12] Extracting interactions: https://thequantuminsider.com/2023/09/22/from-labs-to-leadership-the-quantum-insider-debuts-comprehensive-marketing-guide-for-quantum-tech-companies (1/1), chunk 18/36
[08:00:44 +6m 6s | thequantuminsider_2023_09_22_from_labs_to_leadership_the_quantum_insider_debuts_comprehen_d1ac5b12] Extracting interactions: https://thequantuminsider.com/2023/09/22/from-labs-to-leadership-the-quantum-insider-debuts-comprehensive-marketing-guide-for-quantum-tech-companies (1/1), chunk 19/36
[08:00:45 +6m 7s | thequantuminsider_2023_09_22_from_labs_to_leadership_the_quantum_insider_debuts_comprehen_d1ac5b12] Extracting interactions: https://thequantuminsider.com/2023/09/22/from-labs-to-leadership-the-quantum-insider-debuts-comprehensive-marketing-guide-for-quantum-tech-companies (1/1), chunk 20/36
[08:01:06 +6m 28s | thequantuminsider_2023_09_22_from_labs_to_leadership_the_quantum_insider_debuts_comprehen_d1ac5b12] Extracting interactions: https://thequantuminsider.com/2023/09/22/from-labs-to-leadership-the-quantum-insider-debuts-comprehensive-marketing-guide-for-quantum-tech-companies (1/1), chunk 21/36
[08:01:09 +6m 34s | thequantuminsider_2023_09_22_from_labs_to_leadership_the_quantum_insider_debuts_comprehen_d1ac5b12] Extracting interactions: https://thequantuminsider.com/2023/09/22/from-labs-to-leadership-the-quantum-insider-debuts-comprehensive-marketing-guide-for-quantum-tech-companies (1/1), chunk 23/36
[08:01:10 +6m 35s | thequantuminsider_2023_09_22_from_labs_to_leadership_the_quantum_insider_debuts_comprehen_d1ac5b12] Extracting interactions: https://thequantuminsider.com/2023/09/22/from-labs-to-leadership-the-quantum-insider-debuts-comprehensive-marketing-guide-for-quantum-tech-companies (1/1), chunk 25/36
[08:01:18 +6m 43s | thequantuminsider_2023_09_22_from_labs_to_leadership_the_quantum_insider_debuts_comprehen_d1ac5b12] Extracting interactions: https://thequantuminsider.com/2023/09/22/from-labs-to-leadership-the-quantum-insider-debuts-comprehensive-marketing-guide-for-quantum-tech-companies (1/1), chunk 26/36
[08:01:49 +7m 16s | thequantuminsider_2023_09_22_from_labs_to_leadership_the_quantum_insider_debuts_comprehen_d1ac5b12] Extracting interactions: https://thequantuminsider.com/2023/09/22/from-labs-to-leadership-the-quantum-insider-debuts-comprehensive-marketing-guide-for-quantum-tech-companies (1/1), chunk 27/36
[08:01:50 +7m 17s | thequantuminsider_2023_09_22_from_labs_to_leadership_the_quantum_insider_debuts_comprehen_d1ac5b12] Extracting interactions: https://thequantuminsider.com/2023/09/22/from-labs-to-leadership-the-quantum-insider-debuts-comprehensive-marketing-guide-for-quantum-tech-companies (1/1), chunk 28/36
[08:01:52 +7m 19s | thequantuminsider_2023_09_22_from_labs_to_leadership_the_quantum_insider_debuts_comprehen_d1ac5b12] Extracting interactions: https://thequantuminsider.com/2023/09/22/from-labs-to-leadership-the-quantum-insider-debuts-comprehensive-marketing-guide-for-quantum-tech-companies (1/1), chunk 29/36
[08:01:54 +7m 22s | thequantuminsider_2023_09_22_from_labs_to_leadership_the_quantum_insider_debuts_comprehen_d1ac5b12] Extracting interactions: https://thequantuminsider.com/2023/09/22/from-labs-to-leadership-the-quantum-insider-debuts-comprehensive-marketing-guide-for-quantum-tech-companies (1/1), chunk 30/36
[08:01:56 +7m 23s | thequantuminsider_2023_09_22_from_labs_to_leadership_the_quantum_insider_debuts_comprehen_d1ac5b12] Extracting interactions: https://thequantuminsider.com/2023/09/22/from-labs-to-leadership-the-quantum-insider-debuts-comprehensive-marketing-guide-for-quantum-tech-companies (1/1), chunk 31/36
[08:01:57 +7m 24s | thequantuminsider_2023_09_22_from_labs_to_leadership_the_quantum_insider_debuts_comprehen_d1ac5b12] Extracting interactions: https://thequantuminsider.com/2023/09/22/from-labs-to-leadership-the-quantum-insider-debuts-comprehensive-marketing-guide-for-quantum-tech-companies (1/1), chunk 32/36
[08:01:59 +7m 26s | thequantuminsider_2023_09_22_from_labs_to_leadership_the_quantum_insider_debuts_comprehen_d1ac5b12] Extracting interactions: https://thequantuminsider.com/2023/09/22/from-labs-to-leadership-the-quantum-insider-debuts-comprehensive-marketing-guide-for-quantum-tech-companies (1/1), chunk 33/36
[08:02:01 +7m 28s | thequantuminsider_2023_09_22_from_labs_to_leadership_the_quantum_insider_debuts_comprehen_d1ac5b12] Extracting interactions: https://thequantuminsider.com/2023/09/22/from-labs-to-leadership-the-quantum-insider-debuts-comprehensive-marketing-guide-for-quantum-tech-companies (1/1), chunk 34/36
[08:03:11 +8m 45s | thequantuminsider_2023_09_22_from_labs_to_leadership_the_quantum_insider_debuts_comprehen_d1ac5b12] Extracting interactions: https://thequantuminsider.com/2023/09/22/from-labs-to-leadership-the-quantum-insider-debuts-comprehensive-marketing-guide-for-quantum-tech-companies (1/1), chunk 35/36
[08:03:12 +8m 47s | thequantuminsider_2023_09_22_from_labs_to_leadership_the_quantum_insider_debuts_comprehen_d1ac5b12] Extracting interactions: https://thequantuminsider.com/2023/09/22/from-labs-to-leadership-the-quantum-insider-debuts-comprehensive-marketing-guide-for-quantum-tech-companies (1/1), chunk 36/36
[08:03:14 +8m 48s | thequantuminsider_2023_09_22_from_labs_to_leadership_the_quantum_insider_debuts_comprehen_d1ac5b12] Saved 3_interaction_results.json with 19 extracted interactions.

[08:03:14 +8m 48s | thequantuminsider_2023_09_22_from_labs_to_leadership_the_quantum_insider_debuts_comprehen_d1ac5b12] === 4 clean interactions ===
[08:03:14 +8m 48s | thequantuminsider_2023_09_22_from_labs_to_leadership_the_quantum_insider_debuts_comprehen_d1ac5b12] Saved 4_edges.json with 1 cleaned interactions.

[08:03:14 +8m 48s | thequantuminsider_2023_09_22_from_labs_to_leadership_the_quantum_insider_debuts_comprehen_d1ac5b12] === 5 helix enrichment ===
[08:03:14 +8m 48s | thequantuminsider_2023_09_22_from_labs_to_leadership_the_quantum_insider_debuts_comprehen_d1ac5b12] Wrote 5_nodes.json (18 actors)
[08:03:14 +8m 48s | thequantuminsider_2023_09_22_from_labs_to_leadership_the_quantum_insider_debuts_comprehen_d1ac5b12] Wrote 5_edges.json (1 interactions)
[08:03:14 +8m 48s | thequantuminsider_2023_09_22_from_labs_to_leadership_the_quantum_insider_debuts_comprehen_d1ac5b12] Actor helix counts: {'Civil Society': 3, 'Industry': 3, 'Intermediary': 1, 'Unknown': 11}
[08:03:14 +8m 48s | thequantuminsider_2023_09_22_from_labs_to_leadership_the_quantum_insider_debuts_comprehen_d1ac5b12] Functional-space counts: {'Intra-helix / Not classified': 1}

[08:03:14 +8m 48s | thequantuminsider_2023_09_22_from_labs_to_leadership_the_quantum_insider_debuts_comprehen_d1ac5b12] === 6 network visualisation ===
[08:03:14 +8m 49s | thequantuminsider_2023_09_22_from_labs_to_leadership_the_quantum_insider_debuts_comprehen_d1ac5b12] Wrote quantum_network.html
[08:03:14 +8m 49s | thequantuminsider_2023_09_22_from_labs_to_leadership_the_quantum_insider_debuts_comprehen_d1ac5b12] Nodes: 18
[08:03:14 +8m 49s | thequantuminsider_2023_09_22_from_labs_to_leadership_the_quantum_insider_debuts_comprehen_d1ac5b12] Edges: 1

[08:03:14 +8m 49s | thequantuminsider_2023_09_22_from_labs_to_leadership_the_quantum_insider_debuts_comprehen_d1ac5b12] Done. Outputs written to: /home/lv/IDP/idpdeeptech/pipeline/news_outputs/thequantuminsider_2023_09_22_from_labs_to_leadership_the_quantum_insider_debuts_comprehen_d1ac5b12
[08:03:14 +8m 49s | thequantuminsider_2023_09_22_from_labs_to_leadership_the_quantum_insider_debuts_comprehen_d1ac5b12] Log: /home/lv/IDP/idpdeeptech/pipeline/news_outputs/thequantuminsider_2023_09_22_from_labs_to_leadership_the_quantum_insider_debuts_comprehen_d1ac5b12/run.log

========================================================================
RUN FINISHED 2026-07-05 08:03:14  (OK)
Started:     2026-07-05 07:55:07
Elapsed:     8m 49s
========================================================================
