
========================================================================
RUN STARTED  2026-07-05 05:15:06
site_pipeline.py https://thequantuminsider.com/2023/10/27/major-milestone-achieved-in-new-quantum-computing-architecture/
========================================================================

[05:15:06 +0s | thequantuminsider_2023_10_27_major_milestone_achieved_in_new_quantum_computing_architecture] === 0 crawl site ===
[05:15:08 +1s | thequantuminsider_2023_10_27_major_milestone_achieved_in_new_quantum_computing_architecture] [INIT].... → Crawl4AI 0.8.6 
[05:15:11 +4s | thequantuminsider_2023_10_27_major_milestone_achieved_in_new_quantum_computing_architecture] [FETCH]... ↓ https://thequantuminsider.com/2023/10/27/major-m...-achieved-in-new-quantum-computing-architecture/  | ✓ | ⏱: 2.94s 
[05:15:11 +5s | thequantuminsider_2023_10_27_major_milestone_achieved_in_new_quantum_computing_architecture] [SCRAPE].. ◆ https://thequantuminsider.com/2023/10/27/major-m...-achieved-in-new-quantum-computing-architecture/  | ✓ | ⏱: 0.14s 
[05:15:11 +5s | thequantuminsider_2023_10_27_major_milestone_achieved_in_new_quantum_computing_architecture] [COMPLETE] ● https://thequantuminsider.com/2023/10/27/major-m...-achieved-in-new-quantum-computing-architecture/  | ✓ | ⏱: 3.10s 
[05:15:11 +5s | thequantuminsider_2023_10_27_major_milestone_achieved_in_new_quantum_computing_architecture] Saved: crawl_output/caa1e40b62_thequantuminsider.com_2023_10_27_major-milestone-achieved-in-new-quantum-computing-architecture.json

[05:15:11 +5s | thequantuminsider_2023_10_27_major_milestone_achieved_in_new_quantum_computing_architecture] === 1 actor extraction ===
[05:15:11 +5s | thequantuminsider_2023_10_27_major_milestone_achieved_in_new_quantum_computing_architecture] Reading page (1/1): https://thequantuminsider.com/2023/10/27/major-milestone-achieved-in-new-quantum-computing-architecture
[05:15:11 +5s | thequantuminsider_2023_10_27_major_milestone_achieved_in_new_quantum_computing_architecture] Extracting actors: https://thequantuminsider.com/2023/10/27/major-milestone-achieved-in-new-quantum-computing-architecture (1/1), chunk 1/39
[05:15:20 +14s | thequantuminsider_2023_10_27_major_milestone_achieved_in_new_quantum_computing_architecture] Extracting actors: https://thequantuminsider.com/2023/10/27/major-milestone-achieved-in-new-quantum-computing-architecture (1/1), chunk 2/39
[05:15:23 +19s | thequantuminsider_2023_10_27_major_milestone_achieved_in_new_quantum_computing_architecture] Extracting actors: https://thequantuminsider.com/2023/10/27/major-milestone-achieved-in-new-quantum-computing-architecture (1/1), chunk 3/39
[05:15:29 +25s | thequantuminsider_2023_10_27_major_milestone_achieved_in_new_quantum_computing_architecture] Extracting actors: https://thequantuminsider.com/2023/10/27/major-milestone-achieved-in-new-quantum-computing-architecture (1/1), chunk 4/39
[05:15:36 +31s | thequantuminsider_2023_10_27_major_milestone_achieved_in_new_quantum_computing_architecture] Extracting actors: https://thequantuminsider.com/2023/10/27/major-milestone-achieved-in-new-quantum-computing-architecture (1/1), chunk 5/39
[05:15:40 +36s | thequantuminsider_2023_10_27_major_milestone_achieved_in_new_quantum_computing_architecture] Extracting actors: https://thequantuminsider.com/2023/10/27/major-milestone-achieved-in-new-quantum-computing-architecture (1/1), chunk 6/39
[05:15:46 +42s | thequantuminsider_2023_10_27_major_milestone_achieved_in_new_quantum_computing_architecture] Extracting actors: https://thequantuminsider.com/2023/10/27/major-milestone-achieved-in-new-quantum-computing-architecture (1/1), chunk 7/39
[05:15:51 +49s | thequantuminsider_2023_10_27_major_milestone_achieved_in_new_quantum_computing_architecture] Extracting actors: https://thequantuminsider.com/2023/10/27/major-milestone-achieved-in-new-quantum-computing-architecture (1/1), chunk 8/39
[05:15:56 +53s | thequantuminsider_2023_10_27_major_milestone_achieved_in_new_quantum_computing_architecture] Extracting actors: https://thequantuminsider.com/2023/10/27/major-milestone-achieved-in-new-quantum-computing-architecture (1/1), chunk 9/39
[05:16:01 +59s | thequantuminsider_2023_10_27_major_milestone_achieved_in_new_quantum_computing_architecture] Extracting actors: https://thequantuminsider.com/2023/10/27/major-milestone-achieved-in-new-quantum-computing-architecture (1/1), chunk 10/39
[05:16:06 +1m 3s | thequantuminsider_2023_10_27_major_milestone_achieved_in_new_quantum_computing_architecture] Extracting actors: https://thequantuminsider.com/2023/10/27/major-milestone-achieved-in-new-quantum-computing-architecture (1/1), chunk 11/39
[05:16:12 +1m 10s | thequantuminsider_2023_10_27_major_milestone_achieved_in_new_quantum_computing_architecture] Repaired malformed JSON.
[05:16:12 +1m 10s | thequantuminsider_2023_10_27_major_milestone_achieved_in_new_quantum_computing_architecture] Extracting actors: https://thequantuminsider.com/2023/10/27/major-milestone-achieved-in-new-quantum-computing-architecture (1/1), chunk 12/39
[05:16:19 +1m 16s | thequantuminsider_2023_10_27_major_milestone_achieved_in_new_quantum_computing_architecture] Repaired malformed JSON.
[05:16:19 +1m 16s | thequantuminsider_2023_10_27_major_milestone_achieved_in_new_quantum_computing_architecture] Extracting actors: https://thequantuminsider.com/2023/10/27/major-milestone-achieved-in-new-quantum-computing-architecture (1/1), chunk 13/39
[05:16:42 +1m 42s | thequantuminsider_2023_10_27_major_milestone_achieved_in_new_quantum_computing_architecture] Repaired malformed JSON.
[05:16:42 +1m 42s | thequantuminsider_2023_10_27_major_milestone_achieved_in_new_quantum_computing_architecture] Extracting actors: https://thequantuminsider.com/2023/10/27/major-milestone-achieved-in-new-quantum-computing-architecture (1/1), chunk 14/39
[05:16:49 +1m 49s | thequantuminsider_2023_10_27_major_milestone_achieved_in_new_quantum_computing_architecture] Repaired malformed JSON.
[05:16:49 +1m 49s | thequantuminsider_2023_10_27_major_milestone_achieved_in_new_quantum_computing_architecture] Extracting actors: https://thequantuminsider.com/2023/10/27/major-milestone-achieved-in-new-quantum-computing-architecture (1/1), chunk 15/39
[05:16:54 +1m 56s | thequantuminsider_2023_10_27_major_milestone_achieved_in_new_quantum_computing_architecture] Repaired malformed JSON.
[05:16:54 +1m 56s | thequantuminsider_2023_10_27_major_milestone_achieved_in_new_quantum_computing_architecture] Extracting actors: https://thequantuminsider.com/2023/10/27/major-milestone-achieved-in-new-quantum-computing-architecture (1/1), chunk 16/39
[05:17:05 +2m 6s | thequantuminsider_2023_10_27_major_milestone_achieved_in_new_quantum_computing_architecture] Repaired malformed JSON.
[05:17:05 +2m 6s | thequantuminsider_2023_10_27_major_milestone_achieved_in_new_quantum_computing_architecture] Extracting actors: https://thequantuminsider.com/2023/10/27/major-milestone-achieved-in-new-quantum-computing-architecture (1/1), chunk 17/39
[05:17:13 +2m 14s | thequantuminsider_2023_10_27_major_milestone_achieved_in_new_quantum_computing_architecture] Repaired malformed JSON.
[05:17:13 +2m 14s | thequantuminsider_2023_10_27_major_milestone_achieved_in_new_quantum_computing_architecture] Extracting actors: https://thequantuminsider.com/2023/10/27/major-milestone-achieved-in-new-quantum-computing-architecture (1/1), chunk 18/39
[05:17:19 +2m 21s | thequantuminsider_2023_10_27_major_milestone_achieved_in_new_quantum_computing_architecture] Repaired malformed JSON.
[05:17:19 +2m 21s | thequantuminsider_2023_10_27_major_milestone_achieved_in_new_quantum_computing_architecture] Extracting actors: https://thequantuminsider.com/2023/10/27/major-milestone-achieved-in-new-quantum-computing-architecture (1/1), chunk 19/39
[05:17:25 +2m 28s | thequantuminsider_2023_10_27_major_milestone_achieved_in_new_quantum_computing_architecture] Repaired malformed JSON.
[05:17:25 +2m 28s | thequantuminsider_2023_10_27_major_milestone_achieved_in_new_quantum_computing_architecture] Extracting actors: https://thequantuminsider.com/2023/10/27/major-milestone-achieved-in-new-quantum-computing-architecture (1/1), chunk 20/39
[05:17:33 +2m 36s | thequantuminsider_2023_10_27_major_milestone_achieved_in_new_quantum_computing_architecture] Repaired malformed JSON.
[05:17:33 +2m 36s | thequantuminsider_2023_10_27_major_milestone_achieved_in_new_quantum_computing_architecture] Extracting actors: https://thequantuminsider.com/2023/10/27/major-milestone-achieved-in-new-quantum-computing-architecture (1/1), chunk 21/39
[05:17:43 +2m 46s | thequantuminsider_2023_10_27_major_milestone_achieved_in_new_quantum_computing_architecture] Repaired malformed JSON.
[05:17:43 +2m 46s | thequantuminsider_2023_10_27_major_milestone_achieved_in_new_quantum_computing_architecture] Extracting actors: https://thequantuminsider.com/2023/10/27/major-milestone-achieved-in-new-quantum-computing-architecture (1/1), chunk 22/39
[05:17:51 +2m 54s | thequantuminsider_2023_10_27_major_milestone_achieved_in_new_quantum_computing_architecture] Repaired malformed JSON.
[05:17:51 +2m 54s | thequantuminsider_2023_10_27_major_milestone_achieved_in_new_quantum_computing_architecture] Extracting actors: https://thequantuminsider.com/2023/10/27/major-milestone-achieved-in-new-quantum-computing-architecture (1/1), chunk 23/39
[05:17:56 +3m 1s | thequantuminsider_2023_10_27_major_milestone_achieved_in_new_quantum_computing_architecture] Repaired malformed JSON.
[05:17:56 +3m 1s | thequantuminsider_2023_10_27_major_milestone_achieved_in_new_quantum_computing_architecture] Extracting actors: https://thequantuminsider.com/2023/10/27/major-milestone-achieved-in-new-quantum-computing-architecture (1/1), chunk 24/39
[05:18:02 +3m 7s | thequantuminsider_2023_10_27_major_milestone_achieved_in_new_quantum_computing_architecture] Extracting actors: https://thequantuminsider.com/2023/10/27/major-milestone-achieved-in-new-quantum-computing-architecture (1/1), chunk 25/39
[05:18:09 +3m 15s | thequantuminsider_2023_10_27_major_milestone_achieved_in_new_quantum_computing_architecture] Repaired malformed JSON.
[05:18:09 +3m 15s | thequantuminsider_2023_10_27_major_milestone_achieved_in_new_quantum_computing_architecture] Extracting actors: https://thequantuminsider.com/2023/10/27/major-milestone-achieved-in-new-quantum-computing-architecture (1/1), chunk 26/39
[05:18:16 +3m 22s | thequantuminsider_2023_10_27_major_milestone_achieved_in_new_quantum_computing_architecture] Repaired malformed JSON.
[05:18:16 +3m 22s | thequantuminsider_2023_10_27_major_milestone_achieved_in_new_quantum_computing_architecture] Extracting actors: https://thequantuminsider.com/2023/10/27/major-milestone-achieved-in-new-quantum-computing-architecture (1/1), chunk 27/39
[05:18:21 +3m 26s | thequantuminsider_2023_10_27_major_milestone_achieved_in_new_quantum_computing_architecture] Extracting actors: https://thequantuminsider.com/2023/10/27/major-milestone-achieved-in-new-quantum-computing-architecture (1/1), chunk 28/39
[05:18:27 +3m 34s | thequantuminsider_2023_10_27_major_milestone_achieved_in_new_quantum_computing_architecture] Repaired malformed JSON.
[05:18:27 +3m 34s | thequantuminsider_2023_10_27_major_milestone_achieved_in_new_quantum_computing_architecture] Extracting actors: https://thequantuminsider.com/2023/10/27/major-milestone-achieved-in-new-quantum-computing-architecture (1/1), chunk 29/39
[05:18:34 +3m 41s | thequantuminsider_2023_10_27_major_milestone_achieved_in_new_quantum_computing_architecture] Extracting actors: https://thequantuminsider.com/2023/10/27/major-milestone-achieved-in-new-quantum-computing-architecture (1/1), chunk 30/39
[05:18:35 +3m 43s | thequantuminsider_2023_10_27_major_milestone_achieved_in_new_quantum_computing_architecture] Extracting actors: https://thequantuminsider.com/2023/10/27/major-milestone-achieved-in-new-quantum-computing-architecture (1/1), chunk 31/39
[05:18:42 +3m 49s | thequantuminsider_2023_10_27_major_milestone_achieved_in_new_quantum_computing_architecture] Repaired malformed JSON.
[05:18:42 +3m 49s | thequantuminsider_2023_10_27_major_milestone_achieved_in_new_quantum_computing_architecture] Extracting actors: https://thequantuminsider.com/2023/10/27/major-milestone-achieved-in-new-quantum-computing-architecture (1/1), chunk 32/39
[05:18:52 +3m 59s | thequantuminsider_2023_10_27_major_milestone_achieved_in_new_quantum_computing_architecture] Repaired malformed JSON.
[05:18:52 +3m 59s | thequantuminsider_2023_10_27_major_milestone_achieved_in_new_quantum_computing_architecture] Extracting actors: https://thequantuminsider.com/2023/10/27/major-milestone-achieved-in-new-quantum-computing-architecture (1/1), chunk 33/39
[05:18:58 +4m 8s | thequantuminsider_2023_10_27_major_milestone_achieved_in_new_quantum_computing_architecture] Repaired malformed JSON.
[05:18:58 +4m 8s | thequantuminsider_2023_10_27_major_milestone_achieved_in_new_quantum_computing_architecture] Extracting actors: https://thequantuminsider.com/2023/10/27/major-milestone-achieved-in-new-quantum-computing-architecture (1/1), chunk 34/39
[05:19:22 +4m 33s | thequantuminsider_2023_10_27_major_milestone_achieved_in_new_quantum_computing_architecture] Repaired malformed JSON.
[05:19:22 +4m 33s | thequantuminsider_2023_10_27_major_milestone_achieved_in_new_quantum_computing_architecture] Extracting actors: https://thequantuminsider.com/2023/10/27/major-milestone-achieved-in-new-quantum-computing-architecture (1/1), chunk 35/39
[05:19:28 +4m 39s | thequantuminsider_2023_10_27_major_milestone_achieved_in_new_quantum_computing_architecture] Repaired malformed JSON.
[05:19:28 +4m 39s | thequantuminsider_2023_10_27_major_milestone_achieved_in_new_quantum_computing_architecture] Extracting actors: https://thequantuminsider.com/2023/10/27/major-milestone-achieved-in-new-quantum-computing-architecture (1/1), chunk 36/39
[05:19:36 +4m 47s | thequantuminsider_2023_10_27_major_milestone_achieved_in_new_quantum_computing_architecture] Repaired malformed JSON.
[05:19:36 +4m 47s | thequantuminsider_2023_10_27_major_milestone_achieved_in_new_quantum_computing_architecture] Extracting actors: https://thequantuminsider.com/2023/10/27/major-milestone-achieved-in-new-quantum-computing-architecture (1/1), chunk 37/39
[05:19:54 +5m 7s | thequantuminsider_2023_10_27_major_milestone_achieved_in_new_quantum_computing_architecture] Repaired malformed JSON.
[05:19:54 +5m 7s | thequantuminsider_2023_10_27_major_milestone_achieved_in_new_quantum_computing_architecture] Extracting actors: https://thequantuminsider.com/2023/10/27/major-milestone-achieved-in-new-quantum-computing-architecture (1/1), chunk 38/39
[05:20:03 +5m 16s | thequantuminsider_2023_10_27_major_milestone_achieved_in_new_quantum_computing_architecture] Repaired malformed JSON.
[05:20:03 +5m 16s | thequantuminsider_2023_10_27_major_milestone_achieved_in_new_quantum_computing_architecture] Extracting actors: https://thequantuminsider.com/2023/10/27/major-milestone-achieved-in-new-quantum-computing-architecture (1/1), chunk 39/39
[05:20:31 +5m 46s | thequantuminsider_2023_10_27_major_milestone_achieved_in_new_quantum_computing_architecture] Repaired malformed JSON.
[05:20:31 +5m 46s | thequantuminsider_2023_10_27_major_milestone_achieved_in_new_quantum_computing_architecture] Saved 1_actor_results.json with 56 extracted records

[05:20:31 +5m 46s | thequantuminsider_2023_10_27_major_milestone_achieved_in_new_quantum_computing_architecture] === 2 clean actors ===
[05:20:31 +5m 47s | thequantuminsider_2023_10_27_major_milestone_achieved_in_new_quantum_computing_architecture] Loaded 56 extracted records
[05:20:31 +5m 47s | thequantuminsider_2023_10_27_major_milestone_achieved_in_new_quantum_computing_architecture] Saved 2_actor_nodes.json with 23 canonical actor nodes

[05:20:31 +5m 47s | thequantuminsider_2023_10_27_major_milestone_achieved_in_new_quantum_computing_architecture] === 3 interaction extraction ===
[05:20:31 +5m 47s | thequantuminsider_2023_10_27_major_milestone_achieved_in_new_quantum_computing_architecture] Extracting interactions: https://thequantuminsider.com/2023/10/27/major-milestone-achieved-in-new-quantum-computing-architecture (1/1), chunk 11/39
[05:20:37 +5m 52s | thequantuminsider_2023_10_27_major_milestone_achieved_in_new_quantum_computing_architecture] Extracting interactions: https://thequantuminsider.com/2023/10/27/major-milestone-achieved-in-new-quantum-computing-architecture (1/1), chunk 12/39
[05:20:53 +6m 8s | thequantuminsider_2023_10_27_major_milestone_achieved_in_new_quantum_computing_architecture] Extracting interactions: https://thequantuminsider.com/2023/10/27/major-milestone-achieved-in-new-quantum-computing-architecture (1/1), chunk 13/39
[05:21:32 +6m 51s | thequantuminsider_2023_10_27_major_milestone_achieved_in_new_quantum_computing_architecture] Extracting interactions: https://thequantuminsider.com/2023/10/27/major-milestone-achieved-in-new-quantum-computing-architecture (1/1), chunk 14/39
[05:22:05 +7m 26s | thequantuminsider_2023_10_27_major_milestone_achieved_in_new_quantum_computing_architecture] Extracting interactions: https://thequantuminsider.com/2023/10/27/major-milestone-achieved-in-new-quantum-computing-architecture (1/1), chunk 15/39
[05:22:24 +7m 45s | thequantuminsider_2023_10_27_major_milestone_achieved_in_new_quantum_computing_architecture] Extracting interactions: https://thequantuminsider.com/2023/10/27/major-milestone-achieved-in-new-quantum-computing-architecture (1/1), chunk 16/39
[05:23:29 +8m 56s | thequantuminsider_2023_10_27_major_milestone_achieved_in_new_quantum_computing_architecture] Extracting interactions: https://thequantuminsider.com/2023/10/27/major-milestone-achieved-in-new-quantum-computing-architecture (1/1), chunk 17/39
[05:23:59 +9m 28s | thequantuminsider_2023_10_27_major_milestone_achieved_in_new_quantum_computing_architecture] Extracting interactions: https://thequantuminsider.com/2023/10/27/major-milestone-achieved-in-new-quantum-computing-architecture (1/1), chunk 18/39
[05:24:10 +9m 39s | thequantuminsider_2023_10_27_major_milestone_achieved_in_new_quantum_computing_architecture] Extracting interactions: https://thequantuminsider.com/2023/10/27/major-milestone-achieved-in-new-quantum-computing-architecture (1/1), chunk 19/39
[05:24:12 +9m 41s | thequantuminsider_2023_10_27_major_milestone_achieved_in_new_quantum_computing_architecture] Extracting interactions: https://thequantuminsider.com/2023/10/27/major-milestone-achieved-in-new-quantum-computing-architecture (1/1), chunk 20/39
[05:24:13 +9m 42s | thequantuminsider_2023_10_27_major_milestone_achieved_in_new_quantum_computing_architecture] Extracting interactions: https://thequantuminsider.com/2023/10/27/major-milestone-achieved-in-new-quantum-computing-architecture (1/1), chunk 21/39
[05:24:32 +10m 3s | thequantuminsider_2023_10_27_major_milestone_achieved_in_new_quantum_computing_architecture] Extracting interactions: https://thequantuminsider.com/2023/10/27/major-milestone-achieved-in-new-quantum-computing-architecture (1/1), chunk 22/39
[05:24:41 +10m 12s | thequantuminsider_2023_10_27_major_milestone_achieved_in_new_quantum_computing_architecture] Extracting interactions: https://thequantuminsider.com/2023/10/27/major-milestone-achieved-in-new-quantum-computing-architecture (1/1), chunk 23/39
[05:24:50 +10m 22s | thequantuminsider_2023_10_27_major_milestone_achieved_in_new_quantum_computing_architecture] Extracting interactions: https://thequantuminsider.com/2023/10/27/major-milestone-achieved-in-new-quantum-computing-architecture (1/1), chunk 24/39
[05:24:55 +10m 26s | thequantuminsider_2023_10_27_major_milestone_achieved_in_new_quantum_computing_architecture] Extracting interactions: https://thequantuminsider.com/2023/10/27/major-milestone-achieved-in-new-quantum-computing-architecture (1/1), chunk 28/39
[05:24:56 +10m 30s | thequantuminsider_2023_10_27_major_milestone_achieved_in_new_quantum_computing_architecture] Extracting interactions: https://thequantuminsider.com/2023/10/27/major-milestone-achieved-in-new-quantum-computing-architecture (1/1), chunk 29/39
[05:25:00 +10m 33s | thequantuminsider_2023_10_27_major_milestone_achieved_in_new_quantum_computing_architecture] Extracting interactions: https://thequantuminsider.com/2023/10/27/major-milestone-achieved-in-new-quantum-computing-architecture (1/1), chunk 30/39
[05:25:02 +10m 35s | thequantuminsider_2023_10_27_major_milestone_achieved_in_new_quantum_computing_architecture] Extracting interactions: https://thequantuminsider.com/2023/10/27/major-milestone-achieved-in-new-quantum-computing-architecture (1/1), chunk 31/39
[05:25:04 +10m 37s | thequantuminsider_2023_10_27_major_milestone_achieved_in_new_quantum_computing_architecture] Extracting interactions: https://thequantuminsider.com/2023/10/27/major-milestone-achieved-in-new-quantum-computing-architecture (1/1), chunk 32/39
[05:25:05 +10m 38s | thequantuminsider_2023_10_27_major_milestone_achieved_in_new_quantum_computing_architecture] Extracting interactions: https://thequantuminsider.com/2023/10/27/major-milestone-achieved-in-new-quantum-computing-architecture (1/1), chunk 33/39
[05:25:07 +10m 40s | thequantuminsider_2023_10_27_major_milestone_achieved_in_new_quantum_computing_architecture] Extracting interactions: https://thequantuminsider.com/2023/10/27/major-milestone-achieved-in-new-quantum-computing-architecture (1/1), chunk 34/39
[05:25:09 +10m 42s | thequantuminsider_2023_10_27_major_milestone_achieved_in_new_quantum_computing_architecture] Extracting interactions: https://thequantuminsider.com/2023/10/27/major-milestone-achieved-in-new-quantum-computing-architecture (1/1), chunk 35/39
[05:25:11 +10m 44s | thequantuminsider_2023_10_27_major_milestone_achieved_in_new_quantum_computing_architecture] Extracting interactions: https://thequantuminsider.com/2023/10/27/major-milestone-achieved-in-new-quantum-computing-architecture (1/1), chunk 37/39
[05:25:12 +10m 46s | thequantuminsider_2023_10_27_major_milestone_achieved_in_new_quantum_computing_architecture] Extracting interactions: https://thequantuminsider.com/2023/10/27/major-milestone-achieved-in-new-quantum-computing-architecture (1/1), chunk 38/39
[05:25:14 +10m 47s | thequantuminsider_2023_10_27_major_milestone_achieved_in_new_quantum_computing_architecture] Extracting interactions: https://thequantuminsider.com/2023/10/27/major-milestone-achieved-in-new-quantum-computing-architecture (1/1), chunk 39/39
[05:25:16 +10m 49s | thequantuminsider_2023_10_27_major_milestone_achieved_in_new_quantum_computing_architecture] Saved 3_interaction_results.json with 34 extracted interactions.

[05:25:16 +10m 49s | thequantuminsider_2023_10_27_major_milestone_achieved_in_new_quantum_computing_architecture] === 4 clean interactions ===
[05:25:16 +10m 49s | thequantuminsider_2023_10_27_major_milestone_achieved_in_new_quantum_computing_architecture] Saved 4_edges.json with 7 cleaned interactions.

[05:25:16 +10m 49s | thequantuminsider_2023_10_27_major_milestone_achieved_in_new_quantum_computing_architecture] === 5 helix enrichment ===
[05:25:16 +10m 49s | thequantuminsider_2023_10_27_major_milestone_achieved_in_new_quantum_computing_architecture] Wrote 5_nodes.json (23 actors)
[05:25:16 +10m 49s | thequantuminsider_2023_10_27_major_milestone_achieved_in_new_quantum_computing_architecture] Wrote 5_edges.json (7 interactions)
[05:25:16 +10m 49s | thequantuminsider_2023_10_27_major_milestone_achieved_in_new_quantum_computing_architecture] Actor helix counts: {'Academia': 5, 'Civil Society': 3, 'Government': 3, 'Industry': 2, 'Intermediary': 1, 'Unknown': 9}
[05:25:16 +10m 49s | thequantuminsider_2023_10_27_major_milestone_achieved_in_new_quantum_computing_architecture] Functional-space counts: {'Intra-helix / Not classified': 1, 'Knowledge': 6}

[05:25:16 +10m 49s | thequantuminsider_2023_10_27_major_milestone_achieved_in_new_quantum_computing_architecture] === 6 network visualisation ===
[05:25:16 +10m 50s | thequantuminsider_2023_10_27_major_milestone_achieved_in_new_quantum_computing_architecture] Wrote quantum_network.html
[05:25:16 +10m 50s | thequantuminsider_2023_10_27_major_milestone_achieved_in_new_quantum_computing_architecture] Nodes: 23
[05:25:16 +10m 50s | thequantuminsider_2023_10_27_major_milestone_achieved_in_new_quantum_computing_architecture] Edges: 3

[05:25:17 +10m 50s | thequantuminsider_2023_10_27_major_milestone_achieved_in_new_quantum_computing_architecture] Done. Outputs written to: /home/lv/IDP/idpdeeptech/pipeline/news_outputs/thequantuminsider_2023_10_27_major_milestone_achieved_in_new_quantum_computing_architecture
[05:25:17 +10m 50s | thequantuminsider_2023_10_27_major_milestone_achieved_in_new_quantum_computing_architecture] Log: /home/lv/IDP/idpdeeptech/pipeline/news_outputs/thequantuminsider_2023_10_27_major_milestone_achieved_in_new_quantum_computing_architecture/run.log

========================================================================
RUN FINISHED 2026-07-05 05:25:17  (OK)
Started:     2026-07-05 05:15:06
Elapsed:     10m 50s
========================================================================
