
========================================================================
RUN STARTED  2026-07-05 02:23:44
site_pipeline.py https://thequantuminsider.com/2023/11/24/ustc-achieves-zero-knowledge-proof-based-on-device-independent-quantum-random-number-beacon/
========================================================================

[02:23:44 +0s | thequantuminsider_2023_11_24_ustc_achieves_zero_knowledge_proof_based_on_device_independe_7c521b63] === 0 crawl site ===
[02:23:46 +1s | thequantuminsider_2023_11_24_ustc_achieves_zero_knowledge_proof_based_on_device_independe_7c521b63] [INIT].... → Crawl4AI 0.8.6 
[02:23:47 +4s | thequantuminsider_2023_11_24_ustc_achieves_zero_knowledge_proof_based_on_device_independe_7c521b63] [FETCH]... ↓ https://thequantuminsider.com/2023/11/24/ustc-ac...device-independent-quantum-random-number-beacon/  | ✓ | ⏱: 2.73s 
[02:23:47 +4s | thequantuminsider_2023_11_24_ustc_achieves_zero_knowledge_proof_based_on_device_independe_7c521b63] [SCRAPE].. ◆ https://thequantuminsider.com/2023/11/24/ustc-ac...device-independent-quantum-random-number-beacon/  | ✓ | ⏱: 0.12s 
[02:23:47 +4s | thequantuminsider_2023_11_24_ustc_achieves_zero_knowledge_proof_based_on_device_independe_7c521b63] [COMPLETE] ● https://thequantuminsider.com/2023/11/24/ustc-ac...device-independent-quantum-random-number-beacon/  | ✓ | ⏱: 2.87s 
[02:23:47 +4s | thequantuminsider_2023_11_24_ustc_achieves_zero_knowledge_proof_based_on_device_independe_7c521b63] Saved: crawl_output/1aa2db3a84_thequantuminsider.com_2023_11_24_ustc-achieves-zero-knowledge-proof-based-on-device-independent-quantum-random-number-beacon.json

[02:23:48 +4s | thequantuminsider_2023_11_24_ustc_achieves_zero_knowledge_proof_based_on_device_independe_7c521b63] === 1 actor extraction ===
[02:23:48 +5s | thequantuminsider_2023_11_24_ustc_achieves_zero_knowledge_proof_based_on_device_independe_7c521b63] Reading page (1/1): https://thequantuminsider.com/2023/11/24/ustc-achieves-zero-knowledge-proof-based-on-device-independent-quantum-random-number-beacon
[02:23:48 +5s | thequantuminsider_2023_11_24_ustc_achieves_zero_knowledge_proof_based_on_device_independe_7c521b63] Extracting actors: https://thequantuminsider.com/2023/11/24/ustc-achieves-zero-knowledge-proof-based-on-device-independent-quantum-random-number-beacon (1/1), chunk 1/36
[02:24:07 +24s | thequantuminsider_2023_11_24_ustc_achieves_zero_knowledge_proof_based_on_device_independe_7c521b63] Extracting actors: https://thequantuminsider.com/2023/11/24/ustc-achieves-zero-knowledge-proof-based-on-device-independent-quantum-random-number-beacon (1/1), chunk 2/36
[02:24:14 +31s | thequantuminsider_2023_11_24_ustc_achieves_zero_knowledge_proof_based_on_device_independe_7c521b63] Extracting actors: https://thequantuminsider.com/2023/11/24/ustc-achieves-zero-knowledge-proof-based-on-device-independent-quantum-random-number-beacon (1/1), chunk 3/36
[02:24:19 +37s | thequantuminsider_2023_11_24_ustc_achieves_zero_knowledge_proof_based_on_device_independe_7c521b63] Extracting actors: https://thequantuminsider.com/2023/11/24/ustc-achieves-zero-knowledge-proof-based-on-device-independent-quantum-random-number-beacon (1/1), chunk 4/36
[02:24:24 +42s | thequantuminsider_2023_11_24_ustc_achieves_zero_knowledge_proof_based_on_device_independe_7c521b63] Extracting actors: https://thequantuminsider.com/2023/11/24/ustc-achieves-zero-knowledge-proof-based-on-device-independent-quantum-random-number-beacon (1/1), chunk 5/36
[02:24:29 +47s | thequantuminsider_2023_11_24_ustc_achieves_zero_knowledge_proof_based_on_device_independe_7c521b63] Extracting actors: https://thequantuminsider.com/2023/11/24/ustc-achieves-zero-knowledge-proof-based-on-device-independent-quantum-random-number-beacon (1/1), chunk 6/36
[02:24:35 +53s | thequantuminsider_2023_11_24_ustc_achieves_zero_knowledge_proof_based_on_device_independe_7c521b63] Extracting actors: https://thequantuminsider.com/2023/11/24/ustc-achieves-zero-knowledge-proof-based-on-device-independent-quantum-random-number-beacon (1/1), chunk 7/36
[02:24:43 +1m 1s | thequantuminsider_2023_11_24_ustc_achieves_zero_knowledge_proof_based_on_device_independe_7c521b63] Extracting actors: https://thequantuminsider.com/2023/11/24/ustc-achieves-zero-knowledge-proof-based-on-device-independent-quantum-random-number-beacon (1/1), chunk 8/36
[02:25:05 +1m 24s | thequantuminsider_2023_11_24_ustc_achieves_zero_knowledge_proof_based_on_device_independe_7c521b63] Extracting actors: https://thequantuminsider.com/2023/11/24/ustc-achieves-zero-knowledge-proof-based-on-device-independent-quantum-random-number-beacon (1/1), chunk 9/36
[02:25:10 +1m 30s | thequantuminsider_2023_11_24_ustc_achieves_zero_knowledge_proof_based_on_device_independe_7c521b63] Extracting actors: https://thequantuminsider.com/2023/11/24/ustc-achieves-zero-knowledge-proof-based-on-device-independent-quantum-random-number-beacon (1/1), chunk 10/36
[02:25:14 +1m 34s | thequantuminsider_2023_11_24_ustc_achieves_zero_knowledge_proof_based_on_device_independe_7c521b63] Extracting actors: https://thequantuminsider.com/2023/11/24/ustc-achieves-zero-knowledge-proof-based-on-device-independent-quantum-random-number-beacon (1/1), chunk 11/36
[02:25:21 +1m 41s | thequantuminsider_2023_11_24_ustc_achieves_zero_knowledge_proof_based_on_device_independe_7c521b63] Repaired malformed JSON.
[02:25:21 +1m 41s | thequantuminsider_2023_11_24_ustc_achieves_zero_knowledge_proof_based_on_device_independe_7c521b63] Extracting actors: https://thequantuminsider.com/2023/11/24/ustc-achieves-zero-knowledge-proof-based-on-device-independent-quantum-random-number-beacon (1/1), chunk 12/36
[02:25:29 +1m 50s | thequantuminsider_2023_11_24_ustc_achieves_zero_knowledge_proof_based_on_device_independe_7c521b63] Repaired malformed JSON.
[02:25:29 +1m 50s | thequantuminsider_2023_11_24_ustc_achieves_zero_knowledge_proof_based_on_device_independe_7c521b63] Extracting actors: https://thequantuminsider.com/2023/11/24/ustc-achieves-zero-knowledge-proof-based-on-device-independent-quantum-random-number-beacon (1/1), chunk 13/36
[02:25:35 +1m 55s | thequantuminsider_2023_11_24_ustc_achieves_zero_knowledge_proof_based_on_device_independe_7c521b63] Repaired malformed JSON.
[02:25:35 +1m 55s | thequantuminsider_2023_11_24_ustc_achieves_zero_knowledge_proof_based_on_device_independe_7c521b63] Extracting actors: https://thequantuminsider.com/2023/11/24/ustc-achieves-zero-knowledge-proof-based-on-device-independent-quantum-random-number-beacon (1/1), chunk 14/36
[02:25:45 +2m 5s | thequantuminsider_2023_11_24_ustc_achieves_zero_knowledge_proof_based_on_device_independe_7c521b63] Repaired malformed JSON.
[02:25:45 +2m 5s | thequantuminsider_2023_11_24_ustc_achieves_zero_knowledge_proof_based_on_device_independe_7c521b63] Extracting actors: https://thequantuminsider.com/2023/11/24/ustc-achieves-zero-knowledge-proof-based-on-device-independent-quantum-random-number-beacon (1/1), chunk 15/36
[02:25:53 +2m 15s | thequantuminsider_2023_11_24_ustc_achieves_zero_knowledge_proof_based_on_device_independe_7c521b63] Repaired malformed JSON.
[02:25:53 +2m 15s | thequantuminsider_2023_11_24_ustc_achieves_zero_knowledge_proof_based_on_device_independe_7c521b63] Extracting actors: https://thequantuminsider.com/2023/11/24/ustc-achieves-zero-knowledge-proof-based-on-device-independent-quantum-random-number-beacon (1/1), chunk 16/36
[02:26:01 +2m 23s | thequantuminsider_2023_11_24_ustc_achieves_zero_knowledge_proof_based_on_device_independe_7c521b63] Repaired malformed JSON.
[02:26:01 +2m 23s | thequantuminsider_2023_11_24_ustc_achieves_zero_knowledge_proof_based_on_device_independe_7c521b63] Extracting actors: https://thequantuminsider.com/2023/11/24/ustc-achieves-zero-knowledge-proof-based-on-device-independent-quantum-random-number-beacon (1/1), chunk 17/36
[02:26:09 +2m 31s | thequantuminsider_2023_11_24_ustc_achieves_zero_knowledge_proof_based_on_device_independe_7c521b63] Extracting actors: https://thequantuminsider.com/2023/11/24/ustc-achieves-zero-knowledge-proof-based-on-device-independent-quantum-random-number-beacon (1/1), chunk 18/36
[02:26:19 +2m 41s | thequantuminsider_2023_11_24_ustc_achieves_zero_knowledge_proof_based_on_device_independe_7c521b63] Repaired malformed JSON.
[02:26:19 +2m 41s | thequantuminsider_2023_11_24_ustc_achieves_zero_knowledge_proof_based_on_device_independe_7c521b63] Extracting actors: https://thequantuminsider.com/2023/11/24/ustc-achieves-zero-knowledge-proof-based-on-device-independent-quantum-random-number-beacon (1/1), chunk 19/36
[02:26:26 +2m 49s | thequantuminsider_2023_11_24_ustc_achieves_zero_knowledge_proof_based_on_device_independe_7c521b63] Repaired malformed JSON.
[02:26:26 +2m 49s | thequantuminsider_2023_11_24_ustc_achieves_zero_knowledge_proof_based_on_device_independe_7c521b63] Extracting actors: https://thequantuminsider.com/2023/11/24/ustc-achieves-zero-knowledge-proof-based-on-device-independent-quantum-random-number-beacon (1/1), chunk 20/36
[02:26:32 +2m 56s | thequantuminsider_2023_11_24_ustc_achieves_zero_knowledge_proof_based_on_device_independe_7c521b63] Repaired malformed JSON.
[02:26:32 +2m 56s | thequantuminsider_2023_11_24_ustc_achieves_zero_knowledge_proof_based_on_device_independe_7c521b63] Extracting actors: https://thequantuminsider.com/2023/11/24/ustc-achieves-zero-knowledge-proof-based-on-device-independent-quantum-random-number-beacon (1/1), chunk 21/36
[02:26:40 +3m 3s | thequantuminsider_2023_11_24_ustc_achieves_zero_knowledge_proof_based_on_device_independe_7c521b63] Extracting actors: https://thequantuminsider.com/2023/11/24/ustc-achieves-zero-knowledge-proof-based-on-device-independent-quantum-random-number-beacon (1/1), chunk 22/36
[02:26:48 +3m 11s | thequantuminsider_2023_11_24_ustc_achieves_zero_knowledge_proof_based_on_device_independe_7c521b63] Repaired malformed JSON.
[02:26:48 +3m 11s | thequantuminsider_2023_11_24_ustc_achieves_zero_knowledge_proof_based_on_device_independe_7c521b63] Extracting actors: https://thequantuminsider.com/2023/11/24/ustc-achieves-zero-knowledge-proof-based-on-device-independent-quantum-random-number-beacon (1/1), chunk 23/36
[02:26:54 +3m 19s | thequantuminsider_2023_11_24_ustc_achieves_zero_knowledge_proof_based_on_device_independe_7c521b63] Repaired malformed JSON.
[02:26:54 +3m 19s | thequantuminsider_2023_11_24_ustc_achieves_zero_knowledge_proof_based_on_device_independe_7c521b63] Extracting actors: https://thequantuminsider.com/2023/11/24/ustc-achieves-zero-knowledge-proof-based-on-device-independent-quantum-random-number-beacon (1/1), chunk 24/36
[02:26:59 +3m 24s | thequantuminsider_2023_11_24_ustc_achieves_zero_knowledge_proof_based_on_device_independe_7c521b63] Extracting actors: https://thequantuminsider.com/2023/11/24/ustc-achieves-zero-knowledge-proof-based-on-device-independent-quantum-random-number-beacon (1/1), chunk 25/36
[02:27:08 +3m 32s | thequantuminsider_2023_11_24_ustc_achieves_zero_knowledge_proof_based_on_device_independe_7c521b63] Repaired malformed JSON.
[02:27:08 +3m 32s | thequantuminsider_2023_11_24_ustc_achieves_zero_knowledge_proof_based_on_device_independe_7c521b63] Extracting actors: https://thequantuminsider.com/2023/11/24/ustc-achieves-zero-knowledge-proof-based-on-device-independent-quantum-random-number-beacon (1/1), chunk 26/36
[02:27:16 +3m 41s | thequantuminsider_2023_11_24_ustc_achieves_zero_knowledge_proof_based_on_device_independe_7c521b63] Repaired malformed JSON.
[02:27:16 +3m 41s | thequantuminsider_2023_11_24_ustc_achieves_zero_knowledge_proof_based_on_device_independe_7c521b63] Extracting actors: https://thequantuminsider.com/2023/11/24/ustc-achieves-zero-knowledge-proof-based-on-device-independent-quantum-random-number-beacon (1/1), chunk 27/36
[02:27:18 +3m 42s | thequantuminsider_2023_11_24_ustc_achieves_zero_knowledge_proof_based_on_device_independe_7c521b63] Extracting actors: https://thequantuminsider.com/2023/11/24/ustc-achieves-zero-knowledge-proof-based-on-device-independent-quantum-random-number-beacon (1/1), chunk 28/36
[02:27:27 +3m 53s | thequantuminsider_2023_11_24_ustc_achieves_zero_knowledge_proof_based_on_device_independe_7c521b63] Repaired malformed JSON.
[02:27:27 +3m 53s | thequantuminsider_2023_11_24_ustc_achieves_zero_knowledge_proof_based_on_device_independe_7c521b63] Extracting actors: https://thequantuminsider.com/2023/11/24/ustc-achieves-zero-knowledge-proof-based-on-device-independent-quantum-random-number-beacon (1/1), chunk 29/36
[02:27:34 +4m 0s | thequantuminsider_2023_11_24_ustc_achieves_zero_knowledge_proof_based_on_device_independe_7c521b63] Repaired malformed JSON.
[02:27:34 +4m 0s | thequantuminsider_2023_11_24_ustc_achieves_zero_knowledge_proof_based_on_device_independe_7c521b63] Extracting actors: https://thequantuminsider.com/2023/11/24/ustc-achieves-zero-knowledge-proof-based-on-device-independent-quantum-random-number-beacon (1/1), chunk 30/36
[02:27:45 +4m 10s | thequantuminsider_2023_11_24_ustc_achieves_zero_knowledge_proof_based_on_device_independe_7c521b63] Repaired malformed JSON.
[02:27:45 +4m 10s | thequantuminsider_2023_11_24_ustc_achieves_zero_knowledge_proof_based_on_device_independe_7c521b63] Extracting actors: https://thequantuminsider.com/2023/11/24/ustc-achieves-zero-knowledge-proof-based-on-device-independent-quantum-random-number-beacon (1/1), chunk 31/36
[02:27:49 +4m 15s | thequantuminsider_2023_11_24_ustc_achieves_zero_knowledge_proof_based_on_device_independe_7c521b63] Extracting actors: https://thequantuminsider.com/2023/11/24/ustc-achieves-zero-knowledge-proof-based-on-device-independent-quantum-random-number-beacon (1/1), chunk 32/36
[02:27:55 +4m 22s | thequantuminsider_2023_11_24_ustc_achieves_zero_knowledge_proof_based_on_device_independe_7c521b63] Repaired malformed JSON.
[02:27:55 +4m 22s | thequantuminsider_2023_11_24_ustc_achieves_zero_knowledge_proof_based_on_device_independe_7c521b63] Extracting actors: https://thequantuminsider.com/2023/11/24/ustc-achieves-zero-knowledge-proof-based-on-device-independent-quantum-random-number-beacon (1/1), chunk 33/36
[02:28:03 +4m 30s | thequantuminsider_2023_11_24_ustc_achieves_zero_knowledge_proof_based_on_device_independe_7c521b63] Repaired malformed JSON.
[02:28:03 +4m 30s | thequantuminsider_2023_11_24_ustc_achieves_zero_knowledge_proof_based_on_device_independe_7c521b63] Extracting actors: https://thequantuminsider.com/2023/11/24/ustc-achieves-zero-knowledge-proof-based-on-device-independent-quantum-random-number-beacon (1/1), chunk 34/36
[02:28:28 +4m 56s | thequantuminsider_2023_11_24_ustc_achieves_zero_knowledge_proof_based_on_device_independe_7c521b63] Repaired malformed JSON.
[02:28:28 +4m 56s | thequantuminsider_2023_11_24_ustc_achieves_zero_knowledge_proof_based_on_device_independe_7c521b63] Extracting actors: https://thequantuminsider.com/2023/11/24/ustc-achieves-zero-knowledge-proof-based-on-device-independent-quantum-random-number-beacon (1/1), chunk 35/36
[02:28:38 +5m 6s | thequantuminsider_2023_11_24_ustc_achieves_zero_knowledge_proof_based_on_device_independe_7c521b63] Repaired malformed JSON.
[02:28:38 +5m 6s | thequantuminsider_2023_11_24_ustc_achieves_zero_knowledge_proof_based_on_device_independe_7c521b63] Extracting actors: https://thequantuminsider.com/2023/11/24/ustc-achieves-zero-knowledge-proof-based-on-device-independent-quantum-random-number-beacon (1/1), chunk 36/36
[02:28:50 +5m 18s | thequantuminsider_2023_11_24_ustc_achieves_zero_knowledge_proof_based_on_device_independe_7c521b63] Repaired malformed JSON.
[02:28:50 +5m 18s | thequantuminsider_2023_11_24_ustc_achieves_zero_knowledge_proof_based_on_device_independe_7c521b63] Saved 1_actor_results.json with 52 extracted records

[02:28:50 +5m 18s | thequantuminsider_2023_11_24_ustc_achieves_zero_knowledge_proof_based_on_device_independe_7c521b63] === 2 clean actors ===
[02:28:50 +5m 18s | thequantuminsider_2023_11_24_ustc_achieves_zero_knowledge_proof_based_on_device_independe_7c521b63] Loaded 52 extracted records
[02:28:50 +5m 18s | thequantuminsider_2023_11_24_ustc_achieves_zero_knowledge_proof_based_on_device_independe_7c521b63] Saved 2_actor_nodes.json with 16 canonical actor nodes

[02:28:50 +5m 18s | thequantuminsider_2023_11_24_ustc_achieves_zero_knowledge_proof_based_on_device_independe_7c521b63] === 3 interaction extraction ===
[02:28:51 +5m 19s | thequantuminsider_2023_11_24_ustc_achieves_zero_knowledge_proof_based_on_device_independe_7c521b63] Extracting interactions: https://thequantuminsider.com/2023/11/24/ustc-achieves-zero-knowledge-proof-based-on-device-independent-quantum-random-number-beacon (1/1), chunk 11/36
[02:28:57 +5m 26s | thequantuminsider_2023_11_24_ustc_achieves_zero_knowledge_proof_based_on_device_independe_7c521b63] Extracting interactions: https://thequantuminsider.com/2023/11/24/ustc-achieves-zero-knowledge-proof-based-on-device-independent-quantum-random-number-beacon (1/1), chunk 15/36
[02:29:02 +5m 32s | thequantuminsider_2023_11_24_ustc_achieves_zero_knowledge_proof_based_on_device_independe_7c521b63] Extracting interactions: https://thequantuminsider.com/2023/11/24/ustc-achieves-zero-knowledge-proof-based-on-device-independent-quantum-random-number-beacon (1/1), chunk 16/36
[02:29:08 +5m 37s | thequantuminsider_2023_11_24_ustc_achieves_zero_knowledge_proof_based_on_device_independe_7c521b63] Extracting interactions: https://thequantuminsider.com/2023/11/24/ustc-achieves-zero-knowledge-proof-based-on-device-independent-quantum-random-number-beacon (1/1), chunk 17/36
[02:29:11 +5m 40s | thequantuminsider_2023_11_24_ustc_achieves_zero_knowledge_proof_based_on_device_independe_7c521b63] Extracting interactions: https://thequantuminsider.com/2023/11/24/ustc-achieves-zero-knowledge-proof-based-on-device-independent-quantum-random-number-beacon (1/1), chunk 18/36
[02:29:12 +5m 41s | thequantuminsider_2023_11_24_ustc_achieves_zero_knowledge_proof_based_on_device_independe_7c521b63] Extracting interactions: https://thequantuminsider.com/2023/11/24/ustc-achieves-zero-knowledge-proof-based-on-device-independent-quantum-random-number-beacon (1/1), chunk 19/36
[02:29:14 +5m 44s | thequantuminsider_2023_11_24_ustc_achieves_zero_knowledge_proof_based_on_device_independe_7c521b63] Extracting interactions: https://thequantuminsider.com/2023/11/24/ustc-achieves-zero-knowledge-proof-based-on-device-independent-quantum-random-number-beacon (1/1), chunk 20/36
[02:29:23 +5m 52s | thequantuminsider_2023_11_24_ustc_achieves_zero_knowledge_proof_based_on_device_independe_7c521b63] Extracting interactions: https://thequantuminsider.com/2023/11/24/ustc-achieves-zero-knowledge-proof-based-on-device-independent-quantum-random-number-beacon (1/1), chunk 21/36
[02:29:28 +5m 58s | thequantuminsider_2023_11_24_ustc_achieves_zero_knowledge_proof_based_on_device_independe_7c521b63] Extracting interactions: https://thequantuminsider.com/2023/11/24/ustc-achieves-zero-knowledge-proof-based-on-device-independent-quantum-random-number-beacon (1/1), chunk 25/36
[02:29:33 +6m 4s | thequantuminsider_2023_11_24_ustc_achieves_zero_knowledge_proof_based_on_device_independe_7c521b63] Extracting interactions: https://thequantuminsider.com/2023/11/24/ustc-achieves-zero-knowledge-proof-based-on-device-independent-quantum-random-number-beacon (1/1), chunk 26/36
[02:29:37 +6m 7s | thequantuminsider_2023_11_24_ustc_achieves_zero_knowledge_proof_based_on_device_independe_7c521b63] Extracting interactions: https://thequantuminsider.com/2023/11/24/ustc-achieves-zero-knowledge-proof-based-on-device-independent-quantum-random-number-beacon (1/1), chunk 27/36
[02:29:38 +6m 9s | thequantuminsider_2023_11_24_ustc_achieves_zero_knowledge_proof_based_on_device_independe_7c521b63] Extracting interactions: https://thequantuminsider.com/2023/11/24/ustc-achieves-zero-knowledge-proof-based-on-device-independent-quantum-random-number-beacon (1/1), chunk 28/36
[02:29:40 +6m 11s | thequantuminsider_2023_11_24_ustc_achieves_zero_knowledge_proof_based_on_device_independe_7c521b63] Extracting interactions: https://thequantuminsider.com/2023/11/24/ustc-achieves-zero-knowledge-proof-based-on-device-independent-quantum-random-number-beacon (1/1), chunk 29/36
[02:29:41 +6m 12s | thequantuminsider_2023_11_24_ustc_achieves_zero_knowledge_proof_based_on_device_independe_7c521b63] Extracting interactions: https://thequantuminsider.com/2023/11/24/ustc-achieves-zero-knowledge-proof-based-on-device-independent-quantum-random-number-beacon (1/1), chunk 30/36
[02:29:43 +6m 13s | thequantuminsider_2023_11_24_ustc_achieves_zero_knowledge_proof_based_on_device_independe_7c521b63] Extracting interactions: https://thequantuminsider.com/2023/11/24/ustc-achieves-zero-knowledge-proof-based-on-device-independent-quantum-random-number-beacon (1/1), chunk 31/36
[02:29:45 +6m 15s | thequantuminsider_2023_11_24_ustc_achieves_zero_knowledge_proof_based_on_device_independe_7c521b63] Extracting interactions: https://thequantuminsider.com/2023/11/24/ustc-achieves-zero-knowledge-proof-based-on-device-independent-quantum-random-number-beacon (1/1), chunk 32/36
[02:29:46 +6m 17s | thequantuminsider_2023_11_24_ustc_achieves_zero_knowledge_proof_based_on_device_independe_7c521b63] Extracting interactions: https://thequantuminsider.com/2023/11/24/ustc-achieves-zero-knowledge-proof-based-on-device-independent-quantum-random-number-beacon (1/1), chunk 33/36
[02:29:48 +6m 19s | thequantuminsider_2023_11_24_ustc_achieves_zero_knowledge_proof_based_on_device_independe_7c521b63] Extracting interactions: https://thequantuminsider.com/2023/11/24/ustc-achieves-zero-knowledge-proof-based-on-device-independent-quantum-random-number-beacon (1/1), chunk 34/36
[02:29:50 +6m 21s | thequantuminsider_2023_11_24_ustc_achieves_zero_knowledge_proof_based_on_device_independe_7c521b63] Extracting interactions: https://thequantuminsider.com/2023/11/24/ustc-achieves-zero-knowledge-proof-based-on-device-independent-quantum-random-number-beacon (1/1), chunk 35/36
[02:30:03 +6m 34s | thequantuminsider_2023_11_24_ustc_achieves_zero_knowledge_proof_based_on_device_independe_7c521b63] Extracting interactions: https://thequantuminsider.com/2023/11/24/ustc-achieves-zero-knowledge-proof-based-on-device-independent-quantum-random-number-beacon (1/1), chunk 36/36
[02:30:09 +6m 41s | thequantuminsider_2023_11_24_ustc_achieves_zero_knowledge_proof_based_on_device_independe_7c521b63] Saved 3_interaction_results.json with 8 extracted interactions.

[02:30:09 +6m 41s | thequantuminsider_2023_11_24_ustc_achieves_zero_knowledge_proof_based_on_device_independe_7c521b63] === 4 clean interactions ===
[02:30:09 +6m 41s | thequantuminsider_2023_11_24_ustc_achieves_zero_knowledge_proof_based_on_device_independe_7c521b63] Saved 4_edges.json with 0 cleaned interactions.

[02:30:09 +6m 41s | thequantuminsider_2023_11_24_ustc_achieves_zero_knowledge_proof_based_on_device_independe_7c521b63] === 5 helix enrichment ===
[02:30:09 +6m 41s | thequantuminsider_2023_11_24_ustc_achieves_zero_knowledge_proof_based_on_device_independe_7c521b63] Wrote 5_nodes.json (16 actors)
[02:30:09 +6m 41s | thequantuminsider_2023_11_24_ustc_achieves_zero_knowledge_proof_based_on_device_independe_7c521b63] Wrote 5_edges.json (0 interactions)
[02:30:09 +6m 41s | thequantuminsider_2023_11_24_ustc_achieves_zero_knowledge_proof_based_on_device_independe_7c521b63] Actor helix counts: {'Academia': 2, 'Civil Society': 3, 'Industry': 2, 'Intermediary': 1, 'Unknown': 8}
[02:30:09 +6m 41s | thequantuminsider_2023_11_24_ustc_achieves_zero_knowledge_proof_based_on_device_independe_7c521b63] Functional-space counts: {}

[02:30:09 +6m 41s | thequantuminsider_2023_11_24_ustc_achieves_zero_knowledge_proof_based_on_device_independe_7c521b63] === 6 network visualisation ===
[02:30:10 +6m 42s | thequantuminsider_2023_11_24_ustc_achieves_zero_knowledge_proof_based_on_device_independe_7c521b63] Wrote quantum_network.html
[02:30:10 +6m 42s | thequantuminsider_2023_11_24_ustc_achieves_zero_knowledge_proof_based_on_device_independe_7c521b63] Nodes: 16
[02:30:10 +6m 42s | thequantuminsider_2023_11_24_ustc_achieves_zero_knowledge_proof_based_on_device_independe_7c521b63] Edges: 0

[02:30:10 +6m 42s | thequantuminsider_2023_11_24_ustc_achieves_zero_knowledge_proof_based_on_device_independe_7c521b63] Done. Outputs written to: /home/lv/IDP/idpdeeptech/pipeline/news_outputs/thequantuminsider_2023_11_24_ustc_achieves_zero_knowledge_proof_based_on_device_independe_7c521b63
[02:30:10 +6m 42s | thequantuminsider_2023_11_24_ustc_achieves_zero_knowledge_proof_based_on_device_independe_7c521b63] Log: /home/lv/IDP/idpdeeptech/pipeline/news_outputs/thequantuminsider_2023_11_24_ustc_achieves_zero_knowledge_proof_based_on_device_independe_7c521b63/run.log

========================================================================
RUN FINISHED 2026-07-05 02:30:10  (OK)
Started:     2026-07-05 02:23:44
Elapsed:     6m 42s
========================================================================
