
========================================================================
RUN STARTED  2026-07-05 08:34:54
site_pipeline.py https://thequantuminsider.com/2023/09/15/d-wave-demonstrates-state-of-the-art-coherence-results-with-fluxonium-qubits/
========================================================================

[08:34:54 +0s | thequantuminsider_2023_09_15_d_wave_demonstrates_state_of_the_art_coherence_results_with_087d7405] === 0 crawl site ===
[08:34:56 +1s | thequantuminsider_2023_09_15_d_wave_demonstrates_state_of_the_art_coherence_results_with_087d7405] [INIT].... → Crawl4AI 0.8.6 
[08:34:58 +3s | thequantuminsider_2023_09_15_d_wave_demonstrates_state_of_the_art_coherence_results_with_087d7405] [FETCH]... ↓ https://thequantuminsider.com/2023/09/15/d-wave-...the-art-coherence-results-with-fluxonium-qubits/  | ✓ | ⏱: 1.95s 
[08:34:58 +4s | thequantuminsider_2023_09_15_d_wave_demonstrates_state_of_the_art_coherence_results_with_087d7405] [SCRAPE].. ◆ https://thequantuminsider.com/2023/09/15/d-wave-...the-art-coherence-results-with-fluxonium-qubits/  | ✓ | ⏱: 0.15s 
[08:34:58 +4s | thequantuminsider_2023_09_15_d_wave_demonstrates_state_of_the_art_coherence_results_with_087d7405] [COMPLETE] ● https://thequantuminsider.com/2023/09/15/d-wave-...the-art-coherence-results-with-fluxonium-qubits/  | ✓ | ⏱: 2.13s 
[08:34:58 +4s | thequantuminsider_2023_09_15_d_wave_demonstrates_state_of_the_art_coherence_results_with_087d7405] Saved: crawl_output/86f58cd766_thequantuminsider.com_2023_09_15_d-wave-demonstrates-state-of-the-art-coherence-results-with-fluxonium-qubits.json

[08:34:58 +4s | thequantuminsider_2023_09_15_d_wave_demonstrates_state_of_the_art_coherence_results_with_087d7405] === 1 actor extraction ===
[08:34:59 +4s | thequantuminsider_2023_09_15_d_wave_demonstrates_state_of_the_art_coherence_results_with_087d7405] Reading page (1/1): https://thequantuminsider.com/2023/09/15/d-wave-demonstrates-state-of-the-art-coherence-results-with-fluxonium-qubits
[08:34:59 +4s | thequantuminsider_2023_09_15_d_wave_demonstrates_state_of_the_art_coherence_results_with_087d7405] Extracting actors: https://thequantuminsider.com/2023/09/15/d-wave-demonstrates-state-of-the-art-coherence-results-with-fluxonium-qubits (1/1), chunk 1/35
[08:35:03 +9s | thequantuminsider_2023_09_15_d_wave_demonstrates_state_of_the_art_coherence_results_with_087d7405] Extracting actors: https://thequantuminsider.com/2023/09/15/d-wave-demonstrates-state-of-the-art-coherence-results-with-fluxonium-qubits (1/1), chunk 2/35
[08:35:07 +13s | thequantuminsider_2023_09_15_d_wave_demonstrates_state_of_the_art_coherence_results_with_087d7405] Extracting actors: https://thequantuminsider.com/2023/09/15/d-wave-demonstrates-state-of-the-art-coherence-results-with-fluxonium-qubits (1/1), chunk 3/35
[08:35:13 +19s | thequantuminsider_2023_09_15_d_wave_demonstrates_state_of_the_art_coherence_results_with_087d7405] Extracting actors: https://thequantuminsider.com/2023/09/15/d-wave-demonstrates-state-of-the-art-coherence-results-with-fluxonium-qubits (1/1), chunk 4/35
[08:35:25 +33s | thequantuminsider_2023_09_15_d_wave_demonstrates_state_of_the_art_coherence_results_with_087d7405] Extracting actors: https://thequantuminsider.com/2023/09/15/d-wave-demonstrates-state-of-the-art-coherence-results-with-fluxonium-qubits (1/1), chunk 5/35
[08:35:30 +39s | thequantuminsider_2023_09_15_d_wave_demonstrates_state_of_the_art_coherence_results_with_087d7405] Extracting actors: https://thequantuminsider.com/2023/09/15/d-wave-demonstrates-state-of-the-art-coherence-results-with-fluxonium-qubits (1/1), chunk 6/35
[08:35:35 +43s | thequantuminsider_2023_09_15_d_wave_demonstrates_state_of_the_art_coherence_results_with_087d7405] Extracting actors: https://thequantuminsider.com/2023/09/15/d-wave-demonstrates-state-of-the-art-coherence-results-with-fluxonium-qubits (1/1), chunk 7/35
[08:35:41 +49s | thequantuminsider_2023_09_15_d_wave_demonstrates_state_of_the_art_coherence_results_with_087d7405] Extracting actors: https://thequantuminsider.com/2023/09/15/d-wave-demonstrates-state-of-the-art-coherence-results-with-fluxonium-qubits (1/1), chunk 8/35
[08:35:48 +57s | thequantuminsider_2023_09_15_d_wave_demonstrates_state_of_the_art_coherence_results_with_087d7405] Extracting actors: https://thequantuminsider.com/2023/09/15/d-wave-demonstrates-state-of-the-art-coherence-results-with-fluxonium-qubits (1/1), chunk 9/35
[08:35:52 +1m 2s | thequantuminsider_2023_09_15_d_wave_demonstrates_state_of_the_art_coherence_results_with_087d7405] Extracting actors: https://thequantuminsider.com/2023/09/15/d-wave-demonstrates-state-of-the-art-coherence-results-with-fluxonium-qubits (1/1), chunk 10/35
[08:35:58 +1m 8s | thequantuminsider_2023_09_15_d_wave_demonstrates_state_of_the_art_coherence_results_with_087d7405] Extracting actors: https://thequantuminsider.com/2023/09/15/d-wave-demonstrates-state-of-the-art-coherence-results-with-fluxonium-qubits (1/1), chunk 11/35
[08:36:06 +1m 17s | thequantuminsider_2023_09_15_d_wave_demonstrates_state_of_the_art_coherence_results_with_087d7405] Repaired malformed JSON.
[08:36:06 +1m 17s | thequantuminsider_2023_09_15_d_wave_demonstrates_state_of_the_art_coherence_results_with_087d7405] Extracting actors: https://thequantuminsider.com/2023/09/15/d-wave-demonstrates-state-of-the-art-coherence-results-with-fluxonium-qubits (1/1), chunk 12/35
[08:36:18 +1m 28s | thequantuminsider_2023_09_15_d_wave_demonstrates_state_of_the_art_coherence_results_with_087d7405] Repaired malformed JSON.
[08:36:18 +1m 28s | thequantuminsider_2023_09_15_d_wave_demonstrates_state_of_the_art_coherence_results_with_087d7405] Extracting actors: https://thequantuminsider.com/2023/09/15/d-wave-demonstrates-state-of-the-art-coherence-results-with-fluxonium-qubits (1/1), chunk 13/35
[08:36:25 +1m 38s | thequantuminsider_2023_09_15_d_wave_demonstrates_state_of_the_art_coherence_results_with_087d7405] Repaired malformed JSON.
[08:36:25 +1m 38s | thequantuminsider_2023_09_15_d_wave_demonstrates_state_of_the_art_coherence_results_with_087d7405] Extracting actors: https://thequantuminsider.com/2023/09/15/d-wave-demonstrates-state-of-the-art-coherence-results-with-fluxonium-qubits (1/1), chunk 14/35
[08:36:33 +1m 46s | thequantuminsider_2023_09_15_d_wave_demonstrates_state_of_the_art_coherence_results_with_087d7405] Repaired malformed JSON.
[08:36:33 +1m 46s | thequantuminsider_2023_09_15_d_wave_demonstrates_state_of_the_art_coherence_results_with_087d7405] Extracting actors: https://thequantuminsider.com/2023/09/15/d-wave-demonstrates-state-of-the-art-coherence-results-with-fluxonium-qubits (1/1), chunk 15/35
[08:36:42 +1m 55s | thequantuminsider_2023_09_15_d_wave_demonstrates_state_of_the_art_coherence_results_with_087d7405] Repaired malformed JSON.
[08:36:42 +1m 55s | thequantuminsider_2023_09_15_d_wave_demonstrates_state_of_the_art_coherence_results_with_087d7405] Extracting actors: https://thequantuminsider.com/2023/09/15/d-wave-demonstrates-state-of-the-art-coherence-results-with-fluxonium-qubits (1/1), chunk 16/35
[08:36:46 +2m 0s | thequantuminsider_2023_09_15_d_wave_demonstrates_state_of_the_art_coherence_results_with_087d7405] Extracting actors: https://thequantuminsider.com/2023/09/15/d-wave-demonstrates-state-of-the-art-coherence-results-with-fluxonium-qubits (1/1), chunk 17/35
[08:36:51 +2m 7s | thequantuminsider_2023_09_15_d_wave_demonstrates_state_of_the_art_coherence_results_with_087d7405] Repaired malformed JSON.
[08:36:51 +2m 7s | thequantuminsider_2023_09_15_d_wave_demonstrates_state_of_the_art_coherence_results_with_087d7405] Extracting actors: https://thequantuminsider.com/2023/09/15/d-wave-demonstrates-state-of-the-art-coherence-results-with-fluxonium-qubits (1/1), chunk 18/35
[08:37:01 +2m 17s | thequantuminsider_2023_09_15_d_wave_demonstrates_state_of_the_art_coherence_results_with_087d7405] Repaired malformed JSON.
[08:37:01 +2m 17s | thequantuminsider_2023_09_15_d_wave_demonstrates_state_of_the_art_coherence_results_with_087d7405] Extracting actors: https://thequantuminsider.com/2023/09/15/d-wave-demonstrates-state-of-the-art-coherence-results-with-fluxonium-qubits (1/1), chunk 19/35
[08:37:08 +2m 24s | thequantuminsider_2023_09_15_d_wave_demonstrates_state_of_the_art_coherence_results_with_087d7405] Repaired malformed JSON.
[08:37:08 +2m 24s | thequantuminsider_2023_09_15_d_wave_demonstrates_state_of_the_art_coherence_results_with_087d7405] Extracting actors: https://thequantuminsider.com/2023/09/15/d-wave-demonstrates-state-of-the-art-coherence-results-with-fluxonium-qubits (1/1), chunk 20/35
[08:37:17 +2m 33s | thequantuminsider_2023_09_15_d_wave_demonstrates_state_of_the_art_coherence_results_with_087d7405] Repaired malformed JSON.
[08:37:17 +2m 33s | thequantuminsider_2023_09_15_d_wave_demonstrates_state_of_the_art_coherence_results_with_087d7405] Extracting actors: https://thequantuminsider.com/2023/09/15/d-wave-demonstrates-state-of-the-art-coherence-results-with-fluxonium-qubits (1/1), chunk 21/35
[08:37:22 +2m 40s | thequantuminsider_2023_09_15_d_wave_demonstrates_state_of_the_art_coherence_results_with_087d7405] Repaired malformed JSON.
[08:37:22 +2m 40s | thequantuminsider_2023_09_15_d_wave_demonstrates_state_of_the_art_coherence_results_with_087d7405] Extracting actors: https://thequantuminsider.com/2023/09/15/d-wave-demonstrates-state-of-the-art-coherence-results-with-fluxonium-qubits (1/1), chunk 22/35
[08:37:31 +2m 49s | thequantuminsider_2023_09_15_d_wave_demonstrates_state_of_the_art_coherence_results_with_087d7405] Repaired malformed JSON.
[08:37:31 +2m 49s | thequantuminsider_2023_09_15_d_wave_demonstrates_state_of_the_art_coherence_results_with_087d7405] Extracting actors: https://thequantuminsider.com/2023/09/15/d-wave-demonstrates-state-of-the-art-coherence-results-with-fluxonium-qubits (1/1), chunk 23/35
[08:37:54 +3m 15s | thequantuminsider_2023_09_15_d_wave_demonstrates_state_of_the_art_coherence_results_with_087d7405] Extracting actors: https://thequantuminsider.com/2023/09/15/d-wave-demonstrates-state-of-the-art-coherence-results-with-fluxonium-qubits (1/1), chunk 24/35
[08:38:01 +3m 22s | thequantuminsider_2023_09_15_d_wave_demonstrates_state_of_the_art_coherence_results_with_087d7405] Repaired malformed JSON.
[08:38:01 +3m 22s | thequantuminsider_2023_09_15_d_wave_demonstrates_state_of_the_art_coherence_results_with_087d7405] Extracting actors: https://thequantuminsider.com/2023/09/15/d-wave-demonstrates-state-of-the-art-coherence-results-with-fluxonium-qubits (1/1), chunk 25/35
[08:38:06 +3m 27s | thequantuminsider_2023_09_15_d_wave_demonstrates_state_of_the_art_coherence_results_with_087d7405] Extracting actors: https://thequantuminsider.com/2023/09/15/d-wave-demonstrates-state-of-the-art-coherence-results-with-fluxonium-qubits (1/1), chunk 26/35
[08:38:10 +3m 31s | thequantuminsider_2023_09_15_d_wave_demonstrates_state_of_the_art_coherence_results_with_087d7405] Extracting actors: https://thequantuminsider.com/2023/09/15/d-wave-demonstrates-state-of-the-art-coherence-results-with-fluxonium-qubits (1/1), chunk 27/35
[08:38:30 +3m 54s | thequantuminsider_2023_09_15_d_wave_demonstrates_state_of_the_art_coherence_results_with_087d7405] Repaired malformed JSON.
[08:38:30 +3m 54s | thequantuminsider_2023_09_15_d_wave_demonstrates_state_of_the_art_coherence_results_with_087d7405] Extracting actors: https://thequantuminsider.com/2023/09/15/d-wave-demonstrates-state-of-the-art-coherence-results-with-fluxonium-qubits (1/1), chunk 28/35
[08:38:37 +4m 1s | thequantuminsider_2023_09_15_d_wave_demonstrates_state_of_the_art_coherence_results_with_087d7405] Repaired malformed JSON.
[08:38:37 +4m 1s | thequantuminsider_2023_09_15_d_wave_demonstrates_state_of_the_art_coherence_results_with_087d7405] Extracting actors: https://thequantuminsider.com/2023/09/15/d-wave-demonstrates-state-of-the-art-coherence-results-with-fluxonium-qubits (1/1), chunk 29/35
[08:38:45 +4m 8s | thequantuminsider_2023_09_15_d_wave_demonstrates_state_of_the_art_coherence_results_with_087d7405] Repaired malformed JSON.
[08:38:45 +4m 8s | thequantuminsider_2023_09_15_d_wave_demonstrates_state_of_the_art_coherence_results_with_087d7405] Extracting actors: https://thequantuminsider.com/2023/09/15/d-wave-demonstrates-state-of-the-art-coherence-results-with-fluxonium-qubits (1/1), chunk 30/35
[08:38:50 +4m 16s | thequantuminsider_2023_09_15_d_wave_demonstrates_state_of_the_art_coherence_results_with_087d7405] Extracting actors: https://thequantuminsider.com/2023/09/15/d-wave-demonstrates-state-of-the-art-coherence-results-with-fluxonium-qubits (1/1), chunk 31/35
[08:39:00 +4m 26s | thequantuminsider_2023_09_15_d_wave_demonstrates_state_of_the_art_coherence_results_with_087d7405] Repaired malformed JSON.
[08:39:00 +4m 26s | thequantuminsider_2023_09_15_d_wave_demonstrates_state_of_the_art_coherence_results_with_087d7405] Extracting actors: https://thequantuminsider.com/2023/09/15/d-wave-demonstrates-state-of-the-art-coherence-results-with-fluxonium-qubits (1/1), chunk 32/35
[08:39:10 +4m 36s | thequantuminsider_2023_09_15_d_wave_demonstrates_state_of_the_art_coherence_results_with_087d7405] Repaired malformed JSON.
[08:39:10 +4m 36s | thequantuminsider_2023_09_15_d_wave_demonstrates_state_of_the_art_coherence_results_with_087d7405] Extracting actors: https://thequantuminsider.com/2023/09/15/d-wave-demonstrates-state-of-the-art-coherence-results-with-fluxonium-qubits (1/1), chunk 33/35
[08:39:18 +4m 44s | thequantuminsider_2023_09_15_d_wave_demonstrates_state_of_the_art_coherence_results_with_087d7405] Repaired malformed JSON.
[08:39:18 +4m 44s | thequantuminsider_2023_09_15_d_wave_demonstrates_state_of_the_art_coherence_results_with_087d7405] Extracting actors: https://thequantuminsider.com/2023/09/15/d-wave-demonstrates-state-of-the-art-coherence-results-with-fluxonium-qubits (1/1), chunk 34/35
[08:39:22 +4m 51s | thequantuminsider_2023_09_15_d_wave_demonstrates_state_of_the_art_coherence_results_with_087d7405] Repaired malformed JSON.
[08:39:22 +4m 51s | thequantuminsider_2023_09_15_d_wave_demonstrates_state_of_the_art_coherence_results_with_087d7405] Extracting actors: https://thequantuminsider.com/2023/09/15/d-wave-demonstrates-state-of-the-art-coherence-results-with-fluxonium-qubits (1/1), chunk 35/35
[08:39:31 +5m 0s | thequantuminsider_2023_09_15_d_wave_demonstrates_state_of_the_art_coherence_results_with_087d7405] Repaired malformed JSON.
[08:39:31 +5m 0s | thequantuminsider_2023_09_15_d_wave_demonstrates_state_of_the_art_coherence_results_with_087d7405] Saved 1_actor_results.json with 48 extracted records

[08:39:31 +5m 0s | thequantuminsider_2023_09_15_d_wave_demonstrates_state_of_the_art_coherence_results_with_087d7405] === 2 clean actors ===
[08:39:31 +5m 0s | thequantuminsider_2023_09_15_d_wave_demonstrates_state_of_the_art_coherence_results_with_087d7405] Loaded 48 extracted records
[08:39:31 +5m 0s | thequantuminsider_2023_09_15_d_wave_demonstrates_state_of_the_art_coherence_results_with_087d7405] Saved 2_actor_nodes.json with 16 canonical actor nodes

[08:39:31 +5m 0s | thequantuminsider_2023_09_15_d_wave_demonstrates_state_of_the_art_coherence_results_with_087d7405] === 3 interaction extraction ===
[08:39:31 +5m 0s | thequantuminsider_2023_09_15_d_wave_demonstrates_state_of_the_art_coherence_results_with_087d7405] Extracting interactions: https://thequantuminsider.com/2023/09/15/d-wave-demonstrates-state-of-the-art-coherence-results-with-fluxonium-qubits (1/1), chunk 11/35
[08:39:36 +5m 4s | thequantuminsider_2023_09_15_d_wave_demonstrates_state_of_the_art_coherence_results_with_087d7405] Extracting interactions: https://thequantuminsider.com/2023/09/15/d-wave-demonstrates-state-of-the-art-coherence-results-with-fluxonium-qubits (1/1), chunk 13/35
[08:39:48 +5m 16s | thequantuminsider_2023_09_15_d_wave_demonstrates_state_of_the_art_coherence_results_with_087d7405] Extracting interactions: https://thequantuminsider.com/2023/09/15/d-wave-demonstrates-state-of-the-art-coherence-results-with-fluxonium-qubits (1/1), chunk 14/35
[08:39:50 +5m 21s | thequantuminsider_2023_09_15_d_wave_demonstrates_state_of_the_art_coherence_results_with_087d7405] Extracting interactions: https://thequantuminsider.com/2023/09/15/d-wave-demonstrates-state-of-the-art-coherence-results-with-fluxonium-qubits (1/1), chunk 15/35
[08:39:52 +5m 23s | thequantuminsider_2023_09_15_d_wave_demonstrates_state_of_the_art_coherence_results_with_087d7405] Extracting interactions: https://thequantuminsider.com/2023/09/15/d-wave-demonstrates-state-of-the-art-coherence-results-with-fluxonium-qubits (1/1), chunk 17/35
[08:39:54 +5m 25s | thequantuminsider_2023_09_15_d_wave_demonstrates_state_of_the_art_coherence_results_with_087d7405] Extracting interactions: https://thequantuminsider.com/2023/09/15/d-wave-demonstrates-state-of-the-art-coherence-results-with-fluxonium-qubits (1/1), chunk 18/35
[08:40:03 +5m 34s | thequantuminsider_2023_09_15_d_wave_demonstrates_state_of_the_art_coherence_results_with_087d7405] Extracting interactions: https://thequantuminsider.com/2023/09/15/d-wave-demonstrates-state-of-the-art-coherence-results-with-fluxonium-qubits (1/1), chunk 19/35
[08:40:13 +5m 45s | thequantuminsider_2023_09_15_d_wave_demonstrates_state_of_the_art_coherence_results_with_087d7405] Extracting interactions: https://thequantuminsider.com/2023/09/15/d-wave-demonstrates-state-of-the-art-coherence-results-with-fluxonium-qubits (1/1), chunk 20/35
[08:40:16 +5m 50s | thequantuminsider_2023_09_15_d_wave_demonstrates_state_of_the_art_coherence_results_with_087d7405] Extracting interactions: https://thequantuminsider.com/2023/09/15/d-wave-demonstrates-state-of-the-art-coherence-results-with-fluxonium-qubits (1/1), chunk 22/35
[08:40:18 +5m 52s | thequantuminsider_2023_09_15_d_wave_demonstrates_state_of_the_art_coherence_results_with_087d7405] Extracting interactions: https://thequantuminsider.com/2023/09/15/d-wave-demonstrates-state-of-the-art-coherence-results-with-fluxonium-qubits (1/1), chunk 24/35
[08:40:25 +5m 59s | thequantuminsider_2023_09_15_d_wave_demonstrates_state_of_the_art_coherence_results_with_087d7405] Extracting interactions: https://thequantuminsider.com/2023/09/15/d-wave-demonstrates-state-of-the-art-coherence-results-with-fluxonium-qubits (1/1), chunk 25/35
[08:40:27 +6m 0s | thequantuminsider_2023_09_15_d_wave_demonstrates_state_of_the_art_coherence_results_with_087d7405] Extracting interactions: https://thequantuminsider.com/2023/09/15/d-wave-demonstrates-state-of-the-art-coherence-results-with-fluxonium-qubits (1/1), chunk 26/35
[08:40:29 +6m 2s | thequantuminsider_2023_09_15_d_wave_demonstrates_state_of_the_art_coherence_results_with_087d7405] Extracting interactions: https://thequantuminsider.com/2023/09/15/d-wave-demonstrates-state-of-the-art-coherence-results-with-fluxonium-qubits (1/1), chunk 28/35
[08:40:30 +6m 4s | thequantuminsider_2023_09_15_d_wave_demonstrates_state_of_the_art_coherence_results_with_087d7405] Extracting interactions: https://thequantuminsider.com/2023/09/15/d-wave-demonstrates-state-of-the-art-coherence-results-with-fluxonium-qubits (1/1), chunk 29/35
[08:40:41 +6m 15s | thequantuminsider_2023_09_15_d_wave_demonstrates_state_of_the_art_coherence_results_with_087d7405] Extracting interactions: https://thequantuminsider.com/2023/09/15/d-wave-demonstrates-state-of-the-art-coherence-results-with-fluxonium-qubits (1/1), chunk 30/35
[08:40:43 +6m 16s | thequantuminsider_2023_09_15_d_wave_demonstrates_state_of_the_art_coherence_results_with_087d7405] Extracting interactions: https://thequantuminsider.com/2023/09/15/d-wave-demonstrates-state-of-the-art-coherence-results-with-fluxonium-qubits (1/1), chunk 31/35
[08:40:44 +6m 18s | thequantuminsider_2023_09_15_d_wave_demonstrates_state_of_the_art_coherence_results_with_087d7405] Extracting interactions: https://thequantuminsider.com/2023/09/15/d-wave-demonstrates-state-of-the-art-coherence-results-with-fluxonium-qubits (1/1), chunk 32/35
[08:40:46 +6m 19s | thequantuminsider_2023_09_15_d_wave_demonstrates_state_of_the_art_coherence_results_with_087d7405] Extracting interactions: https://thequantuminsider.com/2023/09/15/d-wave-demonstrates-state-of-the-art-coherence-results-with-fluxonium-qubits (1/1), chunk 33/35
[08:40:56 +6m 32s | thequantuminsider_2023_09_15_d_wave_demonstrates_state_of_the_art_coherence_results_with_087d7405] Extracting interactions: https://thequantuminsider.com/2023/09/15/d-wave-demonstrates-state-of-the-art-coherence-results-with-fluxonium-qubits (1/1), chunk 34/35
[08:41:08 +6m 44s | thequantuminsider_2023_09_15_d_wave_demonstrates_state_of_the_art_coherence_results_with_087d7405] Extracting interactions: https://thequantuminsider.com/2023/09/15/d-wave-demonstrates-state-of-the-art-coherence-results-with-fluxonium-qubits (1/1), chunk 35/35
[08:41:11 +6m 47s | thequantuminsider_2023_09_15_d_wave_demonstrates_state_of_the_art_coherence_results_with_087d7405] Saved 3_interaction_results.json with 7 extracted interactions.

[08:41:11 +6m 47s | thequantuminsider_2023_09_15_d_wave_demonstrates_state_of_the_art_coherence_results_with_087d7405] === 4 clean interactions ===
[08:41:11 +6m 47s | thequantuminsider_2023_09_15_d_wave_demonstrates_state_of_the_art_coherence_results_with_087d7405] Saved 4_edges.json with 1 cleaned interactions.

[08:41:11 +6m 47s | thequantuminsider_2023_09_15_d_wave_demonstrates_state_of_the_art_coherence_results_with_087d7405] === 5 helix enrichment ===
[08:41:11 +6m 47s | thequantuminsider_2023_09_15_d_wave_demonstrates_state_of_the_art_coherence_results_with_087d7405] Wrote 5_nodes.json (16 actors)
[08:41:11 +6m 47s | thequantuminsider_2023_09_15_d_wave_demonstrates_state_of_the_art_coherence_results_with_087d7405] Wrote 5_edges.json (1 interactions)
[08:41:11 +6m 47s | thequantuminsider_2023_09_15_d_wave_demonstrates_state_of_the_art_coherence_results_with_087d7405] Actor helix counts: {'Academia': 1, 'Civil Society': 4, 'Industry': 3, 'Intermediary': 1, 'Unknown': 7}
[08:41:11 +6m 47s | thequantuminsider_2023_09_15_d_wave_demonstrates_state_of_the_art_coherence_results_with_087d7405] Functional-space counts: {'Public': 1}

[08:41:11 +6m 47s | thequantuminsider_2023_09_15_d_wave_demonstrates_state_of_the_art_coherence_results_with_087d7405] === 6 network visualisation ===
[08:41:11 +6m 48s | thequantuminsider_2023_09_15_d_wave_demonstrates_state_of_the_art_coherence_results_with_087d7405] Wrote quantum_network.html
[08:41:11 +6m 48s | thequantuminsider_2023_09_15_d_wave_demonstrates_state_of_the_art_coherence_results_with_087d7405] Nodes: 16
[08:41:11 +6m 48s | thequantuminsider_2023_09_15_d_wave_demonstrates_state_of_the_art_coherence_results_with_087d7405] Edges: 1

[08:41:12 +6m 48s | thequantuminsider_2023_09_15_d_wave_demonstrates_state_of_the_art_coherence_results_with_087d7405] Done. Outputs written to: /home/lv/IDP/idpdeeptech/pipeline/news_outputs/thequantuminsider_2023_09_15_d_wave_demonstrates_state_of_the_art_coherence_results_with_087d7405
[08:41:12 +6m 48s | thequantuminsider_2023_09_15_d_wave_demonstrates_state_of_the_art_coherence_results_with_087d7405] Log: /home/lv/IDP/idpdeeptech/pipeline/news_outputs/thequantuminsider_2023_09_15_d_wave_demonstrates_state_of_the_art_coherence_results_with_087d7405/run.log

========================================================================
RUN FINISHED 2026-07-05 08:41:12  (OK)
Started:     2026-07-05 08:34:54
Elapsed:     6m 48s
========================================================================
