
========================================================================
RUN STARTED  2026-07-05 05:04:53
site_pipeline.py https://thequantuminsider.com/2023/10/25/scalinq-partners-with-atlantic-quantum-to-use-cryogenic-hardware-to-accelerate-qubit-control/
========================================================================

[05:04:53 +0s | thequantuminsider_2023_10_25_scalinq_partners_with_atlantic_quantum_to_use_cryogenic_hard_689d7797] === 0 crawl site ===
[05:04:55 +2s | thequantuminsider_2023_10_25_scalinq_partners_with_atlantic_quantum_to_use_cryogenic_hard_689d7797] [INIT].... → Crawl4AI 0.8.6 
[05:04:56 +3s | thequantuminsider_2023_10_25_scalinq_partners_with_atlantic_quantum_to_use_cryogenic_hard_689d7797] [FETCH]... ↓ https://thequantuminsider.com/2023/10/25/scalinq...-cryogenic-hardware-to-accelerate-qubit-control/  | ✓ | ⏱: 1.93s 
[05:04:57 +4s | thequantuminsider_2023_10_25_scalinq_partners_with_atlantic_quantum_to_use_cryogenic_hard_689d7797] [SCRAPE].. ◆ https://thequantuminsider.com/2023/10/25/scalinq...-cryogenic-hardware-to-accelerate-qubit-control/  | ✓ | ⏱: 0.12s 
[05:04:57 +4s | thequantuminsider_2023_10_25_scalinq_partners_with_atlantic_quantum_to_use_cryogenic_hard_689d7797] [COMPLETE] ● https://thequantuminsider.com/2023/10/25/scalinq...-cryogenic-hardware-to-accelerate-qubit-control/  | ✓ | ⏱: 2.08s 
[05:04:57 +4s | thequantuminsider_2023_10_25_scalinq_partners_with_atlantic_quantum_to_use_cryogenic_hard_689d7797] Saved: crawl_output/49e93ebfb2_thequantuminsider.com_2023_10_25_scalinq-partners-with-atlantic-quantum-to-use-cryogenic-hardware-to-accelerate-qubit-control.json

[05:04:57 +4s | thequantuminsider_2023_10_25_scalinq_partners_with_atlantic_quantum_to_use_cryogenic_hard_689d7797] === 1 actor extraction ===
[05:04:57 +4s | thequantuminsider_2023_10_25_scalinq_partners_with_atlantic_quantum_to_use_cryogenic_hard_689d7797] Reading page (1/1): https://thequantuminsider.com/2023/10/25/scalinq-partners-with-atlantic-quantum-to-use-cryogenic-hardware-to-accelerate-qubit-control
[05:04:57 +4s | thequantuminsider_2023_10_25_scalinq_partners_with_atlantic_quantum_to_use_cryogenic_hard_689d7797] Extracting actors: https://thequantuminsider.com/2023/10/25/scalinq-partners-with-atlantic-quantum-to-use-cryogenic-hardware-to-accelerate-qubit-control (1/1), chunk 1/36
[05:05:22 +31s | thequantuminsider_2023_10_25_scalinq_partners_with_atlantic_quantum_to_use_cryogenic_hard_689d7797] Repaired malformed JSON.
[05:05:22 +31s | thequantuminsider_2023_10_25_scalinq_partners_with_atlantic_quantum_to_use_cryogenic_hard_689d7797] Extracting actors: https://thequantuminsider.com/2023/10/25/scalinq-partners-with-atlantic-quantum-to-use-cryogenic-hardware-to-accelerate-qubit-control (1/1), chunk 2/36
[05:05:45 +56s | thequantuminsider_2023_10_25_scalinq_partners_with_atlantic_quantum_to_use_cryogenic_hard_689d7797] Repaired malformed JSON.
[05:05:45 +56s | thequantuminsider_2023_10_25_scalinq_partners_with_atlantic_quantum_to_use_cryogenic_hard_689d7797] Extracting actors: https://thequantuminsider.com/2023/10/25/scalinq-partners-with-atlantic-quantum-to-use-cryogenic-hardware-to-accelerate-qubit-control (1/1), chunk 3/36
[05:05:52 +1m 3s | thequantuminsider_2023_10_25_scalinq_partners_with_atlantic_quantum_to_use_cryogenic_hard_689d7797] Extracting actors: https://thequantuminsider.com/2023/10/25/scalinq-partners-with-atlantic-quantum-to-use-cryogenic-hardware-to-accelerate-qubit-control (1/1), chunk 4/36
[05:06:02 +1m 13s | thequantuminsider_2023_10_25_scalinq_partners_with_atlantic_quantum_to_use_cryogenic_hard_689d7797] Repaired malformed JSON.
[05:06:02 +1m 13s | thequantuminsider_2023_10_25_scalinq_partners_with_atlantic_quantum_to_use_cryogenic_hard_689d7797] Extracting actors: https://thequantuminsider.com/2023/10/25/scalinq-partners-with-atlantic-quantum-to-use-cryogenic-hardware-to-accelerate-qubit-control (1/1), chunk 5/36
[05:06:12 +1m 23s | thequantuminsider_2023_10_25_scalinq_partners_with_atlantic_quantum_to_use_cryogenic_hard_689d7797] Repaired malformed JSON.
[05:06:12 +1m 23s | thequantuminsider_2023_10_25_scalinq_partners_with_atlantic_quantum_to_use_cryogenic_hard_689d7797] Extracting actors: https://thequantuminsider.com/2023/10/25/scalinq-partners-with-atlantic-quantum-to-use-cryogenic-hardware-to-accelerate-qubit-control (1/1), chunk 6/36
[05:06:16 +1m 29s | thequantuminsider_2023_10_25_scalinq_partners_with_atlantic_quantum_to_use_cryogenic_hard_689d7797] Extracting actors: https://thequantuminsider.com/2023/10/25/scalinq-partners-with-atlantic-quantum-to-use-cryogenic-hardware-to-accelerate-qubit-control (1/1), chunk 7/36
[05:06:23 +1m 36s | thequantuminsider_2023_10_25_scalinq_partners_with_atlantic_quantum_to_use_cryogenic_hard_689d7797] Repaired malformed JSON.
[05:06:23 +1m 36s | thequantuminsider_2023_10_25_scalinq_partners_with_atlantic_quantum_to_use_cryogenic_hard_689d7797] Extracting actors: https://thequantuminsider.com/2023/10/25/scalinq-partners-with-atlantic-quantum-to-use-cryogenic-hardware-to-accelerate-qubit-control (1/1), chunk 8/36
[05:06:30 +1m 43s | thequantuminsider_2023_10_25_scalinq_partners_with_atlantic_quantum_to_use_cryogenic_hard_689d7797] Repaired malformed JSON.
[05:06:30 +1m 43s | thequantuminsider_2023_10_25_scalinq_partners_with_atlantic_quantum_to_use_cryogenic_hard_689d7797] Extracting actors: https://thequantuminsider.com/2023/10/25/scalinq-partners-with-atlantic-quantum-to-use-cryogenic-hardware-to-accelerate-qubit-control (1/1), chunk 9/36
[05:06:37 +1m 50s | thequantuminsider_2023_10_25_scalinq_partners_with_atlantic_quantum_to_use_cryogenic_hard_689d7797] Extracting actors: https://thequantuminsider.com/2023/10/25/scalinq-partners-with-atlantic-quantum-to-use-cryogenic-hardware-to-accelerate-qubit-control (1/1), chunk 10/36
[05:06:43 +1m 56s | thequantuminsider_2023_10_25_scalinq_partners_with_atlantic_quantum_to_use_cryogenic_hard_689d7797] Extracting actors: https://thequantuminsider.com/2023/10/25/scalinq-partners-with-atlantic-quantum-to-use-cryogenic-hardware-to-accelerate-qubit-control (1/1), chunk 11/36
[05:06:49 +2m 3s | thequantuminsider_2023_10_25_scalinq_partners_with_atlantic_quantum_to_use_cryogenic_hard_689d7797] Repaired malformed JSON.
[05:06:49 +2m 3s | thequantuminsider_2023_10_25_scalinq_partners_with_atlantic_quantum_to_use_cryogenic_hard_689d7797] Extracting actors: https://thequantuminsider.com/2023/10/25/scalinq-partners-with-atlantic-quantum-to-use-cryogenic-hardware-to-accelerate-qubit-control (1/1), chunk 12/36
[05:06:57 +2m 12s | thequantuminsider_2023_10_25_scalinq_partners_with_atlantic_quantum_to_use_cryogenic_hard_689d7797] Repaired malformed JSON.
[05:06:57 +2m 12s | thequantuminsider_2023_10_25_scalinq_partners_with_atlantic_quantum_to_use_cryogenic_hard_689d7797] Extracting actors: https://thequantuminsider.com/2023/10/25/scalinq-partners-with-atlantic-quantum-to-use-cryogenic-hardware-to-accelerate-qubit-control (1/1), chunk 13/36
[05:07:07 +2m 22s | thequantuminsider_2023_10_25_scalinq_partners_with_atlantic_quantum_to_use_cryogenic_hard_689d7797] Repaired malformed JSON.
[05:07:07 +2m 22s | thequantuminsider_2023_10_25_scalinq_partners_with_atlantic_quantum_to_use_cryogenic_hard_689d7797] Extracting actors: https://thequantuminsider.com/2023/10/25/scalinq-partners-with-atlantic-quantum-to-use-cryogenic-hardware-to-accelerate-qubit-control (1/1), chunk 14/36
[05:07:14 +2m 29s | thequantuminsider_2023_10_25_scalinq_partners_with_atlantic_quantum_to_use_cryogenic_hard_689d7797] Repaired malformed JSON.
[05:07:14 +2m 29s | thequantuminsider_2023_10_25_scalinq_partners_with_atlantic_quantum_to_use_cryogenic_hard_689d7797] Extracting actors: https://thequantuminsider.com/2023/10/25/scalinq-partners-with-atlantic-quantum-to-use-cryogenic-hardware-to-accelerate-qubit-control (1/1), chunk 15/36
[05:07:19 +2m 36s | thequantuminsider_2023_10_25_scalinq_partners_with_atlantic_quantum_to_use_cryogenic_hard_689d7797] Repaired malformed JSON.
[05:07:19 +2m 36s | thequantuminsider_2023_10_25_scalinq_partners_with_atlantic_quantum_to_use_cryogenic_hard_689d7797] Extracting actors: https://thequantuminsider.com/2023/10/25/scalinq-partners-with-atlantic-quantum-to-use-cryogenic-hardware-to-accelerate-qubit-control (1/1), chunk 16/36
[05:07:28 +2m 45s | thequantuminsider_2023_10_25_scalinq_partners_with_atlantic_quantum_to_use_cryogenic_hard_689d7797] Repaired malformed JSON.
[05:07:28 +2m 45s | thequantuminsider_2023_10_25_scalinq_partners_with_atlantic_quantum_to_use_cryogenic_hard_689d7797] Extracting actors: https://thequantuminsider.com/2023/10/25/scalinq-partners-with-atlantic-quantum-to-use-cryogenic-hardware-to-accelerate-qubit-control (1/1), chunk 17/36
[05:07:56 +3m 14s | thequantuminsider_2023_10_25_scalinq_partners_with_atlantic_quantum_to_use_cryogenic_hard_689d7797] Repaired malformed JSON.
[05:07:56 +3m 14s | thequantuminsider_2023_10_25_scalinq_partners_with_atlantic_quantum_to_use_cryogenic_hard_689d7797] Extracting actors: https://thequantuminsider.com/2023/10/25/scalinq-partners-with-atlantic-quantum-to-use-cryogenic-hardware-to-accelerate-qubit-control (1/1), chunk 18/36
[05:08:02 +3m 20s | thequantuminsider_2023_10_25_scalinq_partners_with_atlantic_quantum_to_use_cryogenic_hard_689d7797] Repaired malformed JSON.
[05:08:02 +3m 20s | thequantuminsider_2023_10_25_scalinq_partners_with_atlantic_quantum_to_use_cryogenic_hard_689d7797] Extracting actors: https://thequantuminsider.com/2023/10/25/scalinq-partners-with-atlantic-quantum-to-use-cryogenic-hardware-to-accelerate-qubit-control (1/1), chunk 19/36
[05:08:07 +3m 26s | thequantuminsider_2023_10_25_scalinq_partners_with_atlantic_quantum_to_use_cryogenic_hard_689d7797] Repaired malformed JSON.
[05:08:07 +3m 26s | thequantuminsider_2023_10_25_scalinq_partners_with_atlantic_quantum_to_use_cryogenic_hard_689d7797] Extracting actors: https://thequantuminsider.com/2023/10/25/scalinq-partners-with-atlantic-quantum-to-use-cryogenic-hardware-to-accelerate-qubit-control (1/1), chunk 20/36
[05:08:15 +3m 34s | thequantuminsider_2023_10_25_scalinq_partners_with_atlantic_quantum_to_use_cryogenic_hard_689d7797] Repaired malformed JSON.
[05:08:15 +3m 34s | thequantuminsider_2023_10_25_scalinq_partners_with_atlantic_quantum_to_use_cryogenic_hard_689d7797] Extracting actors: https://thequantuminsider.com/2023/10/25/scalinq-partners-with-atlantic-quantum-to-use-cryogenic-hardware-to-accelerate-qubit-control (1/1), chunk 21/36
[05:08:22 +3m 42s | thequantuminsider_2023_10_25_scalinq_partners_with_atlantic_quantum_to_use_cryogenic_hard_689d7797] Repaired malformed JSON.
[05:08:22 +3m 42s | thequantuminsider_2023_10_25_scalinq_partners_with_atlantic_quantum_to_use_cryogenic_hard_689d7797] Extracting actors: https://thequantuminsider.com/2023/10/25/scalinq-partners-with-atlantic-quantum-to-use-cryogenic-hardware-to-accelerate-qubit-control (1/1), chunk 22/36
[05:08:29 +3m 49s | thequantuminsider_2023_10_25_scalinq_partners_with_atlantic_quantum_to_use_cryogenic_hard_689d7797] Repaired malformed JSON.
[05:08:29 +3m 49s | thequantuminsider_2023_10_25_scalinq_partners_with_atlantic_quantum_to_use_cryogenic_hard_689d7797] Extracting actors: https://thequantuminsider.com/2023/10/25/scalinq-partners-with-atlantic-quantum-to-use-cryogenic-hardware-to-accelerate-qubit-control (1/1), chunk 23/36
[05:08:35 +3m 55s | thequantuminsider_2023_10_25_scalinq_partners_with_atlantic_quantum_to_use_cryogenic_hard_689d7797] Repaired malformed JSON.
[05:08:35 +3m 55s | thequantuminsider_2023_10_25_scalinq_partners_with_atlantic_quantum_to_use_cryogenic_hard_689d7797] Extracting actors: https://thequantuminsider.com/2023/10/25/scalinq-partners-with-atlantic-quantum-to-use-cryogenic-hardware-to-accelerate-qubit-control (1/1), chunk 24/36
[05:08:43 +4m 3s | thequantuminsider_2023_10_25_scalinq_partners_with_atlantic_quantum_to_use_cryogenic_hard_689d7797] Repaired malformed JSON.
[05:08:43 +4m 3s | thequantuminsider_2023_10_25_scalinq_partners_with_atlantic_quantum_to_use_cryogenic_hard_689d7797] Extracting actors: https://thequantuminsider.com/2023/10/25/scalinq-partners-with-atlantic-quantum-to-use-cryogenic-hardware-to-accelerate-qubit-control (1/1), chunk 25/36
[05:08:48 +4m 11s | thequantuminsider_2023_10_25_scalinq_partners_with_atlantic_quantum_to_use_cryogenic_hard_689d7797] Repaired malformed JSON.
[05:08:48 +4m 11s | thequantuminsider_2023_10_25_scalinq_partners_with_atlantic_quantum_to_use_cryogenic_hard_689d7797] Extracting actors: https://thequantuminsider.com/2023/10/25/scalinq-partners-with-atlantic-quantum-to-use-cryogenic-hardware-to-accelerate-qubit-control (1/1), chunk 26/36
[05:08:55 +4m 17s | thequantuminsider_2023_10_25_scalinq_partners_with_atlantic_quantum_to_use_cryogenic_hard_689d7797] Extracting actors: https://thequantuminsider.com/2023/10/25/scalinq-partners-with-atlantic-quantum-to-use-cryogenic-hardware-to-accelerate-qubit-control (1/1), chunk 27/36
[05:09:01 +4m 24s | thequantuminsider_2023_10_25_scalinq_partners_with_atlantic_quantum_to_use_cryogenic_hard_689d7797] Extracting actors: https://thequantuminsider.com/2023/10/25/scalinq-partners-with-atlantic-quantum-to-use-cryogenic-hardware-to-accelerate-qubit-control (1/1), chunk 28/36
[05:09:11 +4m 33s | thequantuminsider_2023_10_25_scalinq_partners_with_atlantic_quantum_to_use_cryogenic_hard_689d7797] Repaired malformed JSON.
[05:09:11 +4m 33s | thequantuminsider_2023_10_25_scalinq_partners_with_atlantic_quantum_to_use_cryogenic_hard_689d7797] Extracting actors: https://thequantuminsider.com/2023/10/25/scalinq-partners-with-atlantic-quantum-to-use-cryogenic-hardware-to-accelerate-qubit-control (1/1), chunk 29/36
[05:09:38 +5m 2s | thequantuminsider_2023_10_25_scalinq_partners_with_atlantic_quantum_to_use_cryogenic_hard_689d7797] Repaired malformed JSON.
[05:09:38 +5m 2s | thequantuminsider_2023_10_25_scalinq_partners_with_atlantic_quantum_to_use_cryogenic_hard_689d7797] Extracting actors: https://thequantuminsider.com/2023/10/25/scalinq-partners-with-atlantic-quantum-to-use-cryogenic-hardware-to-accelerate-qubit-control (1/1), chunk 30/36
[05:09:47 +5m 11s | thequantuminsider_2023_10_25_scalinq_partners_with_atlantic_quantum_to_use_cryogenic_hard_689d7797] Repaired malformed JSON.
[05:09:47 +5m 11s | thequantuminsider_2023_10_25_scalinq_partners_with_atlantic_quantum_to_use_cryogenic_hard_689d7797] Extracting actors: https://thequantuminsider.com/2023/10/25/scalinq-partners-with-atlantic-quantum-to-use-cryogenic-hardware-to-accelerate-qubit-control (1/1), chunk 31/36
[05:09:52 +5m 18s | thequantuminsider_2023_10_25_scalinq_partners_with_atlantic_quantum_to_use_cryogenic_hard_689d7797] Repaired malformed JSON.
[05:09:52 +5m 18s | thequantuminsider_2023_10_25_scalinq_partners_with_atlantic_quantum_to_use_cryogenic_hard_689d7797] Extracting actors: https://thequantuminsider.com/2023/10/25/scalinq-partners-with-atlantic-quantum-to-use-cryogenic-hardware-to-accelerate-qubit-control (1/1), chunk 32/36
[05:10:03 +5m 29s | thequantuminsider_2023_10_25_scalinq_partners_with_atlantic_quantum_to_use_cryogenic_hard_689d7797] Repaired malformed JSON.
[05:10:03 +5m 29s | thequantuminsider_2023_10_25_scalinq_partners_with_atlantic_quantum_to_use_cryogenic_hard_689d7797] Extracting actors: https://thequantuminsider.com/2023/10/25/scalinq-partners-with-atlantic-quantum-to-use-cryogenic-hardware-to-accelerate-qubit-control (1/1), chunk 33/36
[05:10:11 +5m 37s | thequantuminsider_2023_10_25_scalinq_partners_with_atlantic_quantum_to_use_cryogenic_hard_689d7797] Repaired malformed JSON.
[05:10:11 +5m 37s | thequantuminsider_2023_10_25_scalinq_partners_with_atlantic_quantum_to_use_cryogenic_hard_689d7797] Extracting actors: https://thequantuminsider.com/2023/10/25/scalinq-partners-with-atlantic-quantum-to-use-cryogenic-hardware-to-accelerate-qubit-control (1/1), chunk 34/36
[05:10:17 +5m 44s | thequantuminsider_2023_10_25_scalinq_partners_with_atlantic_quantum_to_use_cryogenic_hard_689d7797] Repaired malformed JSON.
[05:10:17 +5m 44s | thequantuminsider_2023_10_25_scalinq_partners_with_atlantic_quantum_to_use_cryogenic_hard_689d7797] Extracting actors: https://thequantuminsider.com/2023/10/25/scalinq-partners-with-atlantic-quantum-to-use-cryogenic-hardware-to-accelerate-qubit-control (1/1), chunk 35/36
[05:10:24 +5m 52s | thequantuminsider_2023_10_25_scalinq_partners_with_atlantic_quantum_to_use_cryogenic_hard_689d7797] Repaired malformed JSON.
[05:10:24 +5m 52s | thequantuminsider_2023_10_25_scalinq_partners_with_atlantic_quantum_to_use_cryogenic_hard_689d7797] Extracting actors: https://thequantuminsider.com/2023/10/25/scalinq-partners-with-atlantic-quantum-to-use-cryogenic-hardware-to-accelerate-qubit-control (1/1), chunk 36/36
[05:10:31 +5m 59s | thequantuminsider_2023_10_25_scalinq_partners_with_atlantic_quantum_to_use_cryogenic_hard_689d7797] Repaired malformed JSON.
[05:10:31 +5m 59s | thequantuminsider_2023_10_25_scalinq_partners_with_atlantic_quantum_to_use_cryogenic_hard_689d7797] Saved 1_actor_results.json with 63 extracted records

[05:10:31 +5m 59s | thequantuminsider_2023_10_25_scalinq_partners_with_atlantic_quantum_to_use_cryogenic_hard_689d7797] === 2 clean actors ===
[05:10:31 +5m 59s | thequantuminsider_2023_10_25_scalinq_partners_with_atlantic_quantum_to_use_cryogenic_hard_689d7797] Loaded 63 extracted records
[05:10:31 +5m 59s | thequantuminsider_2023_10_25_scalinq_partners_with_atlantic_quantum_to_use_cryogenic_hard_689d7797] Saved 2_actor_nodes.json with 14 canonical actor nodes

[05:10:31 +5m 59s | thequantuminsider_2023_10_25_scalinq_partners_with_atlantic_quantum_to_use_cryogenic_hard_689d7797] === 3 interaction extraction ===
[05:10:31 +6m 0s | thequantuminsider_2023_10_25_scalinq_partners_with_atlantic_quantum_to_use_cryogenic_hard_689d7797] Extracting interactions: https://thequantuminsider.com/2023/10/25/scalinq-partners-with-atlantic-quantum-to-use-cryogenic-hardware-to-accelerate-qubit-control (1/1), chunk 11/36
[05:10:41 +6m 9s | thequantuminsider_2023_10_25_scalinq_partners_with_atlantic_quantum_to_use_cryogenic_hard_689d7797] Extracting interactions: https://thequantuminsider.com/2023/10/25/scalinq-partners-with-atlantic-quantum-to-use-cryogenic-hardware-to-accelerate-qubit-control (1/1), chunk 12/36
[05:10:59 +6m 29s | thequantuminsider_2023_10_25_scalinq_partners_with_atlantic_quantum_to_use_cryogenic_hard_689d7797] Extracting interactions: https://thequantuminsider.com/2023/10/25/scalinq-partners-with-atlantic-quantum-to-use-cryogenic-hardware-to-accelerate-qubit-control (1/1), chunk 13/36
[05:11:30 +7m 2s | thequantuminsider_2023_10_25_scalinq_partners_with_atlantic_quantum_to_use_cryogenic_hard_689d7797] Extracting interactions: https://thequantuminsider.com/2023/10/25/scalinq-partners-with-atlantic-quantum-to-use-cryogenic-hardware-to-accelerate-qubit-control (1/1), chunk 14/36
[05:11:43 +7m 15s | thequantuminsider_2023_10_25_scalinq_partners_with_atlantic_quantum_to_use_cryogenic_hard_689d7797] Extracting interactions: https://thequantuminsider.com/2023/10/25/scalinq-partners-with-atlantic-quantum-to-use-cryogenic-hardware-to-accelerate-qubit-control (1/1), chunk 15/36
[05:11:47 +7m 21s | thequantuminsider_2023_10_25_scalinq_partners_with_atlantic_quantum_to_use_cryogenic_hard_689d7797] Extracting interactions: https://thequantuminsider.com/2023/10/25/scalinq-partners-with-atlantic-quantum-to-use-cryogenic-hardware-to-accelerate-qubit-control (1/1), chunk 16/36
[05:11:53 +7m 27s | thequantuminsider_2023_10_25_scalinq_partners_with_atlantic_quantum_to_use_cryogenic_hard_689d7797] Extracting interactions: https://thequantuminsider.com/2023/10/25/scalinq-partners-with-atlantic-quantum-to-use-cryogenic-hardware-to-accelerate-qubit-control (1/1), chunk 19/36
[05:11:55 +7m 29s | thequantuminsider_2023_10_25_scalinq_partners_with_atlantic_quantum_to_use_cryogenic_hard_689d7797] Extracting interactions: https://thequantuminsider.com/2023/10/25/scalinq-partners-with-atlantic-quantum-to-use-cryogenic-hardware-to-accelerate-qubit-control (1/1), chunk 20/36
[05:12:02 +7m 36s | thequantuminsider_2023_10_25_scalinq_partners_with_atlantic_quantum_to_use_cryogenic_hard_689d7797] Extracting interactions: https://thequantuminsider.com/2023/10/25/scalinq-partners-with-atlantic-quantum-to-use-cryogenic-hardware-to-accelerate-qubit-control (1/1), chunk 25/36
[05:12:05 +7m 40s | thequantuminsider_2023_10_25_scalinq_partners_with_atlantic_quantum_to_use_cryogenic_hard_689d7797] Extracting interactions: https://thequantuminsider.com/2023/10/25/scalinq-partners-with-atlantic-quantum-to-use-cryogenic-hardware-to-accelerate-qubit-control (1/1), chunk 26/36
[05:12:09 +7m 43s | thequantuminsider_2023_10_25_scalinq_partners_with_atlantic_quantum_to_use_cryogenic_hard_689d7797] Extracting interactions: https://thequantuminsider.com/2023/10/25/scalinq-partners-with-atlantic-quantum-to-use-cryogenic-hardware-to-accelerate-qubit-control (1/1), chunk 27/36
[05:12:11 +7m 45s | thequantuminsider_2023_10_25_scalinq_partners_with_atlantic_quantum_to_use_cryogenic_hard_689d7797] Extracting interactions: https://thequantuminsider.com/2023/10/25/scalinq-partners-with-atlantic-quantum-to-use-cryogenic-hardware-to-accelerate-qubit-control (1/1), chunk 29/36
[05:12:12 +7m 46s | thequantuminsider_2023_10_25_scalinq_partners_with_atlantic_quantum_to_use_cryogenic_hard_689d7797] Extracting interactions: https://thequantuminsider.com/2023/10/25/scalinq-partners-with-atlantic-quantum-to-use-cryogenic-hardware-to-accelerate-qubit-control (1/1), chunk 30/36
[05:12:45 +8m 21s | thequantuminsider_2023_10_25_scalinq_partners_with_atlantic_quantum_to_use_cryogenic_hard_689d7797] Extracting interactions: https://thequantuminsider.com/2023/10/25/scalinq-partners-with-atlantic-quantum-to-use-cryogenic-hardware-to-accelerate-qubit-control (1/1), chunk 31/36
[05:12:47 +8m 23s | thequantuminsider_2023_10_25_scalinq_partners_with_atlantic_quantum_to_use_cryogenic_hard_689d7797] Extracting interactions: https://thequantuminsider.com/2023/10/25/scalinq-partners-with-atlantic-quantum-to-use-cryogenic-hardware-to-accelerate-qubit-control (1/1), chunk 32/36
[05:12:48 +8m 24s | thequantuminsider_2023_10_25_scalinq_partners_with_atlantic_quantum_to_use_cryogenic_hard_689d7797] Extracting interactions: https://thequantuminsider.com/2023/10/25/scalinq-partners-with-atlantic-quantum-to-use-cryogenic-hardware-to-accelerate-qubit-control (1/1), chunk 34/36
[05:12:48 +8m 26s | thequantuminsider_2023_10_25_scalinq_partners_with_atlantic_quantum_to_use_cryogenic_hard_689d7797] Extracting interactions: https://thequantuminsider.com/2023/10/25/scalinq-partners-with-atlantic-quantum-to-use-cryogenic-hardware-to-accelerate-qubit-control (1/1), chunk 35/36
[05:12:50 +8m 28s | thequantuminsider_2023_10_25_scalinq_partners_with_atlantic_quantum_to_use_cryogenic_hard_689d7797] Extracting interactions: https://thequantuminsider.com/2023/10/25/scalinq-partners-with-atlantic-quantum-to-use-cryogenic-hardware-to-accelerate-qubit-control (1/1), chunk 36/36
[05:12:52 +8m 30s | thequantuminsider_2023_10_25_scalinq_partners_with_atlantic_quantum_to_use_cryogenic_hard_689d7797] Saved 3_interaction_results.json with 25 extracted interactions.

[05:12:52 +8m 30s | thequantuminsider_2023_10_25_scalinq_partners_with_atlantic_quantum_to_use_cryogenic_hard_689d7797] === 4 clean interactions ===
[05:12:52 +8m 30s | thequantuminsider_2023_10_25_scalinq_partners_with_atlantic_quantum_to_use_cryogenic_hard_689d7797] Saved 4_edges.json with 6 cleaned interactions.

[05:12:52 +8m 30s | thequantuminsider_2023_10_25_scalinq_partners_with_atlantic_quantum_to_use_cryogenic_hard_689d7797] === 5 helix enrichment ===
[05:12:52 +8m 30s | thequantuminsider_2023_10_25_scalinq_partners_with_atlantic_quantum_to_use_cryogenic_hard_689d7797] Wrote 5_nodes.json (14 actors)
[05:12:52 +8m 30s | thequantuminsider_2023_10_25_scalinq_partners_with_atlantic_quantum_to_use_cryogenic_hard_689d7797] Wrote 5_edges.json (6 interactions)
[05:12:52 +8m 30s | thequantuminsider_2023_10_25_scalinq_partners_with_atlantic_quantum_to_use_cryogenic_hard_689d7797] Actor helix counts: {'Academia': 1, 'Civil Society': 4, 'Industry': 2, 'Unknown': 7}
[05:12:52 +8m 30s | thequantuminsider_2023_10_25_scalinq_partners_with_atlantic_quantum_to_use_cryogenic_hard_689d7797] Functional-space counts: {'Intra-helix / Not classified': 6}

[05:12:52 +8m 30s | thequantuminsider_2023_10_25_scalinq_partners_with_atlantic_quantum_to_use_cryogenic_hard_689d7797] === 6 network visualisation ===
[05:12:52 +8m 30s | thequantuminsider_2023_10_25_scalinq_partners_with_atlantic_quantum_to_use_cryogenic_hard_689d7797] Wrote quantum_network.html
[05:12:52 +8m 30s | thequantuminsider_2023_10_25_scalinq_partners_with_atlantic_quantum_to_use_cryogenic_hard_689d7797] Nodes: 14
[05:12:52 +8m 30s | thequantuminsider_2023_10_25_scalinq_partners_with_atlantic_quantum_to_use_cryogenic_hard_689d7797] Edges: 1

[05:12:52 +8m 30s | thequantuminsider_2023_10_25_scalinq_partners_with_atlantic_quantum_to_use_cryogenic_hard_689d7797] Done. Outputs written to: /home/lv/IDP/idpdeeptech/pipeline/news_outputs/thequantuminsider_2023_10_25_scalinq_partners_with_atlantic_quantum_to_use_cryogenic_hard_689d7797
[05:12:52 +8m 30s | thequantuminsider_2023_10_25_scalinq_partners_with_atlantic_quantum_to_use_cryogenic_hard_689d7797] Log: /home/lv/IDP/idpdeeptech/pipeline/news_outputs/thequantuminsider_2023_10_25_scalinq_partners_with_atlantic_quantum_to_use_cryogenic_hard_689d7797/run.log

========================================================================
RUN FINISHED 2026-07-05 05:12:52  (OK)
Started:     2026-07-05 05:04:53
Elapsed:     8m 30s
========================================================================
