
========================================================================
RUN STARTED  2026-07-05 03:21:44
site_pipeline.py https://thequantuminsider.com/2023/11/16/laraoui-team-improve-performance-of-quantum-computers/
========================================================================

[03:21:44 +0s | thequantuminsider_2023_11_16_laraoui_team_improve_performance_of_quantum_computers] === 0 crawl site ===
[03:21:45 +1s | thequantuminsider_2023_11_16_laraoui_team_improve_performance_of_quantum_computers] [INIT].... → Crawl4AI 0.8.6 
[03:21:48 +4s | thequantuminsider_2023_11_16_laraoui_team_improve_performance_of_quantum_computers] [FETCH]... ↓ https://thequantuminsider.com/2023/11/16/laraoui-team-improve-performance-of-quantum-computers/      | ✓ | ⏱: 2.76s 
[03:21:48 +4s | thequantuminsider_2023_11_16_laraoui_team_improve_performance_of_quantum_computers] [SCRAPE].. ◆ https://thequantuminsider.com/2023/11/16/laraoui-team-improve-performance-of-quantum-computers/      | ✓ | ⏱: 0.13s 
[03:21:48 +4s | thequantuminsider_2023_11_16_laraoui_team_improve_performance_of_quantum_computers] [COMPLETE] ● https://thequantuminsider.com/2023/11/16/laraoui-team-improve-performance-of-quantum-computers/      | ✓ | ⏱: 2.91s 
[03:21:48 +4s | thequantuminsider_2023_11_16_laraoui_team_improve_performance_of_quantum_computers] Saved: crawl_output/0eec9f1c6e_thequantuminsider.com_2023_11_16_laraoui-team-improve-performance-of-quantum-computers.json

[03:21:49 +5s | thequantuminsider_2023_11_16_laraoui_team_improve_performance_of_quantum_computers] === 1 actor extraction ===
[03:21:49 +5s | thequantuminsider_2023_11_16_laraoui_team_improve_performance_of_quantum_computers] Reading page (1/1): https://thequantuminsider.com/2023/11/16/laraoui-team-improve-performance-of-quantum-computers
[03:21:49 +5s | thequantuminsider_2023_11_16_laraoui_team_improve_performance_of_quantum_computers] Extracting actors: https://thequantuminsider.com/2023/11/16/laraoui-team-improve-performance-of-quantum-computers (1/1), chunk 1/38
[03:21:55 +12s | thequantuminsider_2023_11_16_laraoui_team_improve_performance_of_quantum_computers] Extracting actors: https://thequantuminsider.com/2023/11/16/laraoui-team-improve-performance-of-quantum-computers (1/1), chunk 2/38
[03:22:01 +18s | thequantuminsider_2023_11_16_laraoui_team_improve_performance_of_quantum_computers] Extracting actors: https://thequantuminsider.com/2023/11/16/laraoui-team-improve-performance-of-quantum-computers (1/1), chunk 3/38
[03:22:27 +44s | thequantuminsider_2023_11_16_laraoui_team_improve_performance_of_quantum_computers] Extracting actors: https://thequantuminsider.com/2023/11/16/laraoui-team-improve-performance-of-quantum-computers (1/1), chunk 4/38
[03:22:29 +48s | thequantuminsider_2023_11_16_laraoui_team_improve_performance_of_quantum_computers] Extracting actors: https://thequantuminsider.com/2023/11/16/laraoui-team-improve-performance-of-quantum-computers (1/1), chunk 5/38
[03:22:33 +52s | thequantuminsider_2023_11_16_laraoui_team_improve_performance_of_quantum_computers] Extracting actors: https://thequantuminsider.com/2023/11/16/laraoui-team-improve-performance-of-quantum-computers (1/1), chunk 6/38
[03:22:37 +57s | thequantuminsider_2023_11_16_laraoui_team_improve_performance_of_quantum_computers] Extracting actors: https://thequantuminsider.com/2023/11/16/laraoui-team-improve-performance-of-quantum-computers (1/1), chunk 7/38
[03:22:42 +1m 1s | thequantuminsider_2023_11_16_laraoui_team_improve_performance_of_quantum_computers] Extracting actors: https://thequantuminsider.com/2023/11/16/laraoui-team-improve-performance-of-quantum-computers (1/1), chunk 8/38
[03:22:47 +1m 6s | thequantuminsider_2023_11_16_laraoui_team_improve_performance_of_quantum_computers] Extracting actors: https://thequantuminsider.com/2023/11/16/laraoui-team-improve-performance-of-quantum-computers (1/1), chunk 9/38
[03:23:12 +1m 33s | thequantuminsider_2023_11_16_laraoui_team_improve_performance_of_quantum_computers] Repaired malformed JSON.
[03:23:12 +1m 33s | thequantuminsider_2023_11_16_laraoui_team_improve_performance_of_quantum_computers] Extracting actors: https://thequantuminsider.com/2023/11/16/laraoui-team-improve-performance-of-quantum-computers (1/1), chunk 10/38
[03:23:16 +1m 37s | thequantuminsider_2023_11_16_laraoui_team_improve_performance_of_quantum_computers] Extracting actors: https://thequantuminsider.com/2023/11/16/laraoui-team-improve-performance-of-quantum-computers (1/1), chunk 11/38
[03:23:21 +1m 41s | thequantuminsider_2023_11_16_laraoui_team_improve_performance_of_quantum_computers] Extracting actors: https://thequantuminsider.com/2023/11/16/laraoui-team-improve-performance-of-quantum-computers (1/1), chunk 12/38
[03:23:45 +2m 7s | thequantuminsider_2023_11_16_laraoui_team_improve_performance_of_quantum_computers] Repaired malformed JSON.
[03:23:45 +2m 7s | thequantuminsider_2023_11_16_laraoui_team_improve_performance_of_quantum_computers] Extracting actors: https://thequantuminsider.com/2023/11/16/laraoui-team-improve-performance-of-quantum-computers (1/1), chunk 13/38
[03:24:11 +2m 34s | thequantuminsider_2023_11_16_laraoui_team_improve_performance_of_quantum_computers] Repaired malformed JSON.
[03:24:11 +2m 34s | thequantuminsider_2023_11_16_laraoui_team_improve_performance_of_quantum_computers] Extracting actors: https://thequantuminsider.com/2023/11/16/laraoui-team-improve-performance-of-quantum-computers (1/1), chunk 14/38
[03:24:21 +2m 44s | thequantuminsider_2023_11_16_laraoui_team_improve_performance_of_quantum_computers] Repaired malformed JSON.
[03:24:21 +2m 44s | thequantuminsider_2023_11_16_laraoui_team_improve_performance_of_quantum_computers] Extracting actors: https://thequantuminsider.com/2023/11/16/laraoui-team-improve-performance-of-quantum-computers (1/1), chunk 15/38
[03:24:29 +2m 53s | thequantuminsider_2023_11_16_laraoui_team_improve_performance_of_quantum_computers] Repaired malformed JSON.
[03:24:29 +2m 53s | thequantuminsider_2023_11_16_laraoui_team_improve_performance_of_quantum_computers] Extracting actors: https://thequantuminsider.com/2023/11/16/laraoui-team-improve-performance-of-quantum-computers (1/1), chunk 16/38
[03:24:34 +2m 59s | thequantuminsider_2023_11_16_laraoui_team_improve_performance_of_quantum_computers] Repaired malformed JSON.
[03:24:34 +2m 59s | thequantuminsider_2023_11_16_laraoui_team_improve_performance_of_quantum_computers] Extracting actors: https://thequantuminsider.com/2023/11/16/laraoui-team-improve-performance-of-quantum-computers (1/1), chunk 17/38
[03:24:42 +3m 7s | thequantuminsider_2023_11_16_laraoui_team_improve_performance_of_quantum_computers] Repaired malformed JSON.
[03:24:42 +3m 7s | thequantuminsider_2023_11_16_laraoui_team_improve_performance_of_quantum_computers] Extracting actors: https://thequantuminsider.com/2023/11/16/laraoui-team-improve-performance-of-quantum-computers (1/1), chunk 18/38
[03:25:03 +3m 29s | thequantuminsider_2023_11_16_laraoui_team_improve_performance_of_quantum_computers] Repaired malformed JSON.
[03:25:03 +3m 29s | thequantuminsider_2023_11_16_laraoui_team_improve_performance_of_quantum_computers] Extracting actors: https://thequantuminsider.com/2023/11/16/laraoui-team-improve-performance-of-quantum-computers (1/1), chunk 19/38
[03:25:15 +3m 41s | thequantuminsider_2023_11_16_laraoui_team_improve_performance_of_quantum_computers] Repaired malformed JSON.
[03:25:15 +3m 41s | thequantuminsider_2023_11_16_laraoui_team_improve_performance_of_quantum_computers] Extracting actors: https://thequantuminsider.com/2023/11/16/laraoui-team-improve-performance-of-quantum-computers (1/1), chunk 20/38
[03:25:23 +3m 50s | thequantuminsider_2023_11_16_laraoui_team_improve_performance_of_quantum_computers] Repaired malformed JSON.
[03:25:23 +3m 50s | thequantuminsider_2023_11_16_laraoui_team_improve_performance_of_quantum_computers] Extracting actors: https://thequantuminsider.com/2023/11/16/laraoui-team-improve-performance-of-quantum-computers (1/1), chunk 21/38
[03:25:29 +3m 56s | thequantuminsider_2023_11_16_laraoui_team_improve_performance_of_quantum_computers] Repaired malformed JSON.
[03:25:29 +3m 56s | thequantuminsider_2023_11_16_laraoui_team_improve_performance_of_quantum_computers] Extracting actors: https://thequantuminsider.com/2023/11/16/laraoui-team-improve-performance-of-quantum-computers (1/1), chunk 22/38
[03:25:37 +4m 5s | thequantuminsider_2023_11_16_laraoui_team_improve_performance_of_quantum_computers] Repaired malformed JSON.
[03:25:37 +4m 5s | thequantuminsider_2023_11_16_laraoui_team_improve_performance_of_quantum_computers] Extracting actors: https://thequantuminsider.com/2023/11/16/laraoui-team-improve-performance-of-quantum-computers (1/1), chunk 23/38
[03:25:44 +4m 12s | thequantuminsider_2023_11_16_laraoui_team_improve_performance_of_quantum_computers] Extracting actors: https://thequantuminsider.com/2023/11/16/laraoui-team-improve-performance-of-quantum-computers (1/1), chunk 24/38
[03:25:49 +4m 18s | thequantuminsider_2023_11_16_laraoui_team_improve_performance_of_quantum_computers] Repaired malformed JSON.
[03:25:49 +4m 18s | thequantuminsider_2023_11_16_laraoui_team_improve_performance_of_quantum_computers] Extracting actors: https://thequantuminsider.com/2023/11/16/laraoui-team-improve-performance-of-quantum-computers (1/1), chunk 25/38
[03:25:58 +4m 26s | thequantuminsider_2023_11_16_laraoui_team_improve_performance_of_quantum_computers] Repaired malformed JSON.
[03:25:58 +4m 26s | thequantuminsider_2023_11_16_laraoui_team_improve_performance_of_quantum_computers] Extracting actors: https://thequantuminsider.com/2023/11/16/laraoui-team-improve-performance-of-quantum-computers (1/1), chunk 26/38
[03:26:02 +4m 31s | thequantuminsider_2023_11_16_laraoui_team_improve_performance_of_quantum_computers] Extracting actors: https://thequantuminsider.com/2023/11/16/laraoui-team-improve-performance-of-quantum-computers (1/1), chunk 27/38
[03:26:08 +4m 37s | thequantuminsider_2023_11_16_laraoui_team_improve_performance_of_quantum_computers] Repaired malformed JSON.
[03:26:08 +4m 37s | thequantuminsider_2023_11_16_laraoui_team_improve_performance_of_quantum_computers] Extracting actors: https://thequantuminsider.com/2023/11/16/laraoui-team-improve-performance-of-quantum-computers (1/1), chunk 28/38
[03:26:13 +4m 43s | thequantuminsider_2023_11_16_laraoui_team_improve_performance_of_quantum_computers] Extracting actors: https://thequantuminsider.com/2023/11/16/laraoui-team-improve-performance-of-quantum-computers (1/1), chunk 29/38
[03:26:20 +4m 50s | thequantuminsider_2023_11_16_laraoui_team_improve_performance_of_quantum_computers] Extracting actors: https://thequantuminsider.com/2023/11/16/laraoui-team-improve-performance-of-quantum-computers (1/1), chunk 30/38
[03:26:22 +4m 51s | thequantuminsider_2023_11_16_laraoui_team_improve_performance_of_quantum_computers] Extracting actors: https://thequantuminsider.com/2023/11/16/laraoui-team-improve-performance-of-quantum-computers (1/1), chunk 31/38
[03:26:29 +4m 59s | thequantuminsider_2023_11_16_laraoui_team_improve_performance_of_quantum_computers] Repaired malformed JSON.
[03:26:29 +4m 59s | thequantuminsider_2023_11_16_laraoui_team_improve_performance_of_quantum_computers] Extracting actors: https://thequantuminsider.com/2023/11/16/laraoui-team-improve-performance-of-quantum-computers (1/1), chunk 32/38
[03:26:36 +5m 7s | thequantuminsider_2023_11_16_laraoui_team_improve_performance_of_quantum_computers] Repaired malformed JSON.
[03:26:36 +5m 7s | thequantuminsider_2023_11_16_laraoui_team_improve_performance_of_quantum_computers] Extracting actors: https://thequantuminsider.com/2023/11/16/laraoui-team-improve-performance-of-quantum-computers (1/1), chunk 33/38
[03:26:47 +5m 19s | thequantuminsider_2023_11_16_laraoui_team_improve_performance_of_quantum_computers] Repaired malformed JSON.
[03:26:47 +5m 19s | thequantuminsider_2023_11_16_laraoui_team_improve_performance_of_quantum_computers] Extracting actors: https://thequantuminsider.com/2023/11/16/laraoui-team-improve-performance-of-quantum-computers (1/1), chunk 34/38
[03:26:56 +5m 28s | thequantuminsider_2023_11_16_laraoui_team_improve_performance_of_quantum_computers] Repaired malformed JSON.
[03:26:56 +5m 28s | thequantuminsider_2023_11_16_laraoui_team_improve_performance_of_quantum_computers] Extracting actors: https://thequantuminsider.com/2023/11/16/laraoui-team-improve-performance-of-quantum-computers (1/1), chunk 35/38
[03:27:07 +5m 40s | thequantuminsider_2023_11_16_laraoui_team_improve_performance_of_quantum_computers] Repaired malformed JSON.
[03:27:07 +5m 40s | thequantuminsider_2023_11_16_laraoui_team_improve_performance_of_quantum_computers] Extracting actors: https://thequantuminsider.com/2023/11/16/laraoui-team-improve-performance-of-quantum-computers (1/1), chunk 36/38
[03:27:13 +5m 46s | thequantuminsider_2023_11_16_laraoui_team_improve_performance_of_quantum_computers] Repaired malformed JSON.
[03:27:13 +5m 46s | thequantuminsider_2023_11_16_laraoui_team_improve_performance_of_quantum_computers] Extracting actors: https://thequantuminsider.com/2023/11/16/laraoui-team-improve-performance-of-quantum-computers (1/1), chunk 37/38
[03:27:19 +5m 52s | thequantuminsider_2023_11_16_laraoui_team_improve_performance_of_quantum_computers] Repaired malformed JSON.
[03:27:19 +5m 52s | thequantuminsider_2023_11_16_laraoui_team_improve_performance_of_quantum_computers] Extracting actors: https://thequantuminsider.com/2023/11/16/laraoui-team-improve-performance-of-quantum-computers (1/1), chunk 38/38
[03:27:26 +5m 58s | thequantuminsider_2023_11_16_laraoui_team_improve_performance_of_quantum_computers] Repaired malformed JSON.
[03:27:26 +5m 58s | thequantuminsider_2023_11_16_laraoui_team_improve_performance_of_quantum_computers] Saved 1_actor_results.json with 53 extracted records

[03:27:26 +5m 58s | thequantuminsider_2023_11_16_laraoui_team_improve_performance_of_quantum_computers] === 2 clean actors ===
[03:27:26 +5m 58s | thequantuminsider_2023_11_16_laraoui_team_improve_performance_of_quantum_computers] Loaded 53 extracted records
[03:27:26 +5m 58s | thequantuminsider_2023_11_16_laraoui_team_improve_performance_of_quantum_computers] Saved 2_actor_nodes.json with 20 canonical actor nodes

[03:27:26 +5m 58s | thequantuminsider_2023_11_16_laraoui_team_improve_performance_of_quantum_computers] === 3 interaction extraction ===
[03:27:26 +5m 59s | thequantuminsider_2023_11_16_laraoui_team_improve_performance_of_quantum_computers] Extracting interactions: https://thequantuminsider.com/2023/11/16/laraoui-team-improve-performance-of-quantum-computers (1/1), chunk 11/38
[03:27:34 +6m 7s | thequantuminsider_2023_11_16_laraoui_team_improve_performance_of_quantum_computers] Extracting interactions: https://thequantuminsider.com/2023/11/16/laraoui-team-improve-performance-of-quantum-computers (1/1), chunk 12/38
[03:27:44 +6m 18s | thequantuminsider_2023_11_16_laraoui_team_improve_performance_of_quantum_computers] Extracting interactions: https://thequantuminsider.com/2023/11/16/laraoui-team-improve-performance-of-quantum-computers (1/1), chunk 13/38
[03:27:55 +6m 30s | thequantuminsider_2023_11_16_laraoui_team_improve_performance_of_quantum_computers] Extracting interactions: https://thequantuminsider.com/2023/11/16/laraoui-team-improve-performance-of-quantum-computers (1/1), chunk 14/38
[03:28:05 +6m 39s | thequantuminsider_2023_11_16_laraoui_team_improve_performance_of_quantum_computers] Extracting interactions: https://thequantuminsider.com/2023/11/16/laraoui-team-improve-performance-of-quantum-computers (1/1), chunk 15/38
[03:28:35 +7m 10s | thequantuminsider_2023_11_16_laraoui_team_improve_performance_of_quantum_computers] Extracting interactions: https://thequantuminsider.com/2023/11/16/laraoui-team-improve-performance-of-quantum-computers (1/1), chunk 16/38
[03:28:51 +7m 29s | thequantuminsider_2023_11_16_laraoui_team_improve_performance_of_quantum_computers] Extracting interactions: https://thequantuminsider.com/2023/11/16/laraoui-team-improve-performance-of-quantum-computers (1/1), chunk 17/38
[03:28:57 +7m 34s | thequantuminsider_2023_11_16_laraoui_team_improve_performance_of_quantum_computers] Extracting interactions: https://thequantuminsider.com/2023/11/16/laraoui-team-improve-performance-of-quantum-computers (1/1), chunk 18/38
[03:29:02 +7m 39s | thequantuminsider_2023_11_16_laraoui_team_improve_performance_of_quantum_computers] Extracting interactions: https://thequantuminsider.com/2023/11/16/laraoui-team-improve-performance-of-quantum-computers (1/1), chunk 19/38
[03:29:11 +7m 50s | thequantuminsider_2023_11_16_laraoui_team_improve_performance_of_quantum_computers] Extracting interactions: https://thequantuminsider.com/2023/11/16/laraoui-team-improve-performance-of-quantum-computers (1/1), chunk 20/38
[03:29:13 +7m 51s | thequantuminsider_2023_11_16_laraoui_team_improve_performance_of_quantum_computers] Extracting interactions: https://thequantuminsider.com/2023/11/16/laraoui-team-improve-performance-of-quantum-computers (1/1), chunk 21/38
[03:29:14 +7m 53s | thequantuminsider_2023_11_16_laraoui_team_improve_performance_of_quantum_computers] Extracting interactions: https://thequantuminsider.com/2023/11/16/laraoui-team-improve-performance-of-quantum-computers (1/1), chunk 22/38
[03:29:22 +8m 0s | thequantuminsider_2023_11_16_laraoui_team_improve_performance_of_quantum_computers] Extracting interactions: https://thequantuminsider.com/2023/11/16/laraoui-team-improve-performance-of-quantum-computers (1/1), chunk 23/38
[03:29:26 +8m 5s | thequantuminsider_2023_11_16_laraoui_team_improve_performance_of_quantum_computers] Extracting interactions: https://thequantuminsider.com/2023/11/16/laraoui-team-improve-performance-of-quantum-computers (1/1), chunk 27/38
[03:29:30 +8m 9s | thequantuminsider_2023_11_16_laraoui_team_improve_performance_of_quantum_computers] Extracting interactions: https://thequantuminsider.com/2023/11/16/laraoui-team-improve-performance-of-quantum-computers (1/1), chunk 28/38
[03:29:34 +8m 12s | thequantuminsider_2023_11_16_laraoui_team_improve_performance_of_quantum_computers] Extracting interactions: https://thequantuminsider.com/2023/11/16/laraoui-team-improve-performance-of-quantum-computers (1/1), chunk 29/38
[03:29:35 +8m 14s | thequantuminsider_2023_11_16_laraoui_team_improve_performance_of_quantum_computers] Extracting interactions: https://thequantuminsider.com/2023/11/16/laraoui-team-improve-performance-of-quantum-computers (1/1), chunk 30/38
[03:29:36 +8m 15s | thequantuminsider_2023_11_16_laraoui_team_improve_performance_of_quantum_computers] Extracting interactions: https://thequantuminsider.com/2023/11/16/laraoui-team-improve-performance-of-quantum-computers (1/1), chunk 31/38
[03:29:36 +8m 17s | thequantuminsider_2023_11_16_laraoui_team_improve_performance_of_quantum_computers] Extracting interactions: https://thequantuminsider.com/2023/11/16/laraoui-team-improve-performance-of-quantum-computers (1/1), chunk 32/38
[03:29:38 +8m 18s | thequantuminsider_2023_11_16_laraoui_team_improve_performance_of_quantum_computers] Extracting interactions: https://thequantuminsider.com/2023/11/16/laraoui-team-improve-performance-of-quantum-computers (1/1), chunk 33/38
[03:29:40 +8m 20s | thequantuminsider_2023_11_16_laraoui_team_improve_performance_of_quantum_computers] Extracting interactions: https://thequantuminsider.com/2023/11/16/laraoui-team-improve-performance-of-quantum-computers (1/1), chunk 34/38
[03:29:42 +8m 23s | thequantuminsider_2023_11_16_laraoui_team_improve_performance_of_quantum_computers] Extracting interactions: https://thequantuminsider.com/2023/11/16/laraoui-team-improve-performance-of-quantum-computers (1/1), chunk 35/38
[03:29:44 +8m 25s | thequantuminsider_2023_11_16_laraoui_team_improve_performance_of_quantum_computers] Extracting interactions: https://thequantuminsider.com/2023/11/16/laraoui-team-improve-performance-of-quantum-computers (1/1), chunk 36/38
[03:29:46 +8m 27s | thequantuminsider_2023_11_16_laraoui_team_improve_performance_of_quantum_computers] Extracting interactions: https://thequantuminsider.com/2023/11/16/laraoui-team-improve-performance-of-quantum-computers (1/1), chunk 37/38
[03:29:48 +8m 28s | thequantuminsider_2023_11_16_laraoui_team_improve_performance_of_quantum_computers] Extracting interactions: https://thequantuminsider.com/2023/11/16/laraoui-team-improve-performance-of-quantum-computers (1/1), chunk 38/38
[03:29:49 +8m 29s | thequantuminsider_2023_11_16_laraoui_team_improve_performance_of_quantum_computers] Saved 3_interaction_results.json with 21 extracted interactions.

[03:29:49 +8m 30s | thequantuminsider_2023_11_16_laraoui_team_improve_performance_of_quantum_computers] === 4 clean interactions ===
[03:29:49 +8m 30s | thequantuminsider_2023_11_16_laraoui_team_improve_performance_of_quantum_computers] Saved 4_edges.json with 7 cleaned interactions.

[03:29:49 +8m 30s | thequantuminsider_2023_11_16_laraoui_team_improve_performance_of_quantum_computers] === 5 helix enrichment ===
[03:29:49 +8m 30s | thequantuminsider_2023_11_16_laraoui_team_improve_performance_of_quantum_computers] Wrote 5_nodes.json (20 actors)
[03:29:49 +8m 30s | thequantuminsider_2023_11_16_laraoui_team_improve_performance_of_quantum_computers] Wrote 5_edges.json (7 interactions)
[03:29:49 +8m 30s | thequantuminsider_2023_11_16_laraoui_team_improve_performance_of_quantum_computers] Actor helix counts: {'Academia': 4, 'Civil Society': 2, 'Government': 1, 'Industry': 3, 'Intermediary': 1, 'Unknown': 9}
[03:29:49 +8m 30s | thequantuminsider_2023_11_16_laraoui_team_improve_performance_of_quantum_computers] Functional-space counts: {'Intra-helix / Not classified': 3, 'Unknown': 4}

[03:29:49 +8m 30s | thequantuminsider_2023_11_16_laraoui_team_improve_performance_of_quantum_computers] === 6 network visualisation ===
[03:29:50 +8m 30s | thequantuminsider_2023_11_16_laraoui_team_improve_performance_of_quantum_computers] Wrote quantum_network.html
[03:29:50 +8m 30s | thequantuminsider_2023_11_16_laraoui_team_improve_performance_of_quantum_computers] Nodes: 20
[03:29:50 +8m 30s | thequantuminsider_2023_11_16_laraoui_team_improve_performance_of_quantum_computers] Edges: 5

[03:29:50 +8m 30s | thequantuminsider_2023_11_16_laraoui_team_improve_performance_of_quantum_computers] Done. Outputs written to: /home/lv/IDP/idpdeeptech/pipeline/news_outputs/thequantuminsider_2023_11_16_laraoui_team_improve_performance_of_quantum_computers
[03:29:50 +8m 30s | thequantuminsider_2023_11_16_laraoui_team_improve_performance_of_quantum_computers] Log: /home/lv/IDP/idpdeeptech/pipeline/news_outputs/thequantuminsider_2023_11_16_laraoui_team_improve_performance_of_quantum_computers/run.log

========================================================================
RUN FINISHED 2026-07-05 03:29:50  (OK)
Started:     2026-07-05 03:21:44
Elapsed:     8m 30s
========================================================================
