
========================================================================
RUN STARTED  2026-07-05 05:38:09
site_pipeline.py https://thequantuminsider.com/2023/10/20/reports-colorado-to-be-recognized-as-official-u-s-tech-hub/
========================================================================

[05:38:09 +0s | thequantuminsider_2023_10_20_reports_colorado_to_be_recognized_as_official_u_s_tech_hub] === 0 crawl site ===
[05:38:11 +2s | thequantuminsider_2023_10_20_reports_colorado_to_be_recognized_as_official_u_s_tech_hub] [INIT].... → Crawl4AI 0.8.6 
[05:38:13 +4s | thequantuminsider_2023_10_20_reports_colorado_to_be_recognized_as_official_u_s_tech_hub] [FETCH]... ↓ https://thequantuminsider.com/2023/10/20/reports-colorado-to-be-recognized-as-official-u-s-tech-hub/ | ✓ | ⏱: 2.69s 
[05:38:13 +4s | thequantuminsider_2023_10_20_reports_colorado_to_be_recognized_as_official_u_s_tech_hub] [SCRAPE].. ◆ https://thequantuminsider.com/2023/10/20/reports-colorado-to-be-recognized-as-official-u-s-tech-hub/ | ✓ | ⏱: 0.14s 
[05:38:14 +4s | thequantuminsider_2023_10_20_reports_colorado_to_be_recognized_as_official_u_s_tech_hub] [COMPLETE] ● https://thequantuminsider.com/2023/10/20/reports-colorado-to-be-recognized-as-official-u-s-tech-hub/ | ✓ | ⏱: 2.86s 
[05:38:14 +4s | thequantuminsider_2023_10_20_reports_colorado_to_be_recognized_as_official_u_s_tech_hub] Saved: crawl_output/9e5635fad5_thequantuminsider.com_2023_10_20_reports-colorado-to-be-recognized-as-official-u-s-tech-hub.json

[05:38:14 +5s | thequantuminsider_2023_10_20_reports_colorado_to_be_recognized_as_official_u_s_tech_hub] === 1 actor extraction ===
[05:38:14 +5s | thequantuminsider_2023_10_20_reports_colorado_to_be_recognized_as_official_u_s_tech_hub] Reading page (1/1): https://thequantuminsider.com/2023/10/20/reports-colorado-to-be-recognized-as-official-u-s-tech-hub
[05:38:14 +5s | thequantuminsider_2023_10_20_reports_colorado_to_be_recognized_as_official_u_s_tech_hub] Extracting actors: https://thequantuminsider.com/2023/10/20/reports-colorado-to-be-recognized-as-official-u-s-tech-hub (1/1), chunk 1/37
[05:38:21 +12s | thequantuminsider_2023_10_20_reports_colorado_to_be_recognized_as_official_u_s_tech_hub] Extracting actors: https://thequantuminsider.com/2023/10/20/reports-colorado-to-be-recognized-as-official-u-s-tech-hub (1/1), chunk 2/37
[05:38:42 +35s | thequantuminsider_2023_10_20_reports_colorado_to_be_recognized_as_official_u_s_tech_hub] Extracting actors: https://thequantuminsider.com/2023/10/20/reports-colorado-to-be-recognized-as-official-u-s-tech-hub (1/1), chunk 3/37
[05:38:47 +40s | thequantuminsider_2023_10_20_reports_colorado_to_be_recognized_as_official_u_s_tech_hub] Extracting actors: https://thequantuminsider.com/2023/10/20/reports-colorado-to-be-recognized-as-official-u-s-tech-hub (1/1), chunk 4/37
[05:38:52 +45s | thequantuminsider_2023_10_20_reports_colorado_to_be_recognized_as_official_u_s_tech_hub] Extracting actors: https://thequantuminsider.com/2023/10/20/reports-colorado-to-be-recognized-as-official-u-s-tech-hub (1/1), chunk 5/37
[05:38:57 +50s | thequantuminsider_2023_10_20_reports_colorado_to_be_recognized_as_official_u_s_tech_hub] Extracting actors: https://thequantuminsider.com/2023/10/20/reports-colorado-to-be-recognized-as-official-u-s-tech-hub (1/1), chunk 6/37
[05:39:04 +59s | thequantuminsider_2023_10_20_reports_colorado_to_be_recognized_as_official_u_s_tech_hub] Repaired malformed JSON.
[05:39:04 +59s | thequantuminsider_2023_10_20_reports_colorado_to_be_recognized_as_official_u_s_tech_hub] Extracting actors: https://thequantuminsider.com/2023/10/20/reports-colorado-to-be-recognized-as-official-u-s-tech-hub (1/1), chunk 7/37
[05:39:09 +1m 4s | thequantuminsider_2023_10_20_reports_colorado_to_be_recognized_as_official_u_s_tech_hub] Extracting actors: https://thequantuminsider.com/2023/10/20/reports-colorado-to-be-recognized-as-official-u-s-tech-hub (1/1), chunk 8/37
[05:39:13 +1m 8s | thequantuminsider_2023_10_20_reports_colorado_to_be_recognized_as_official_u_s_tech_hub] Extracting actors: https://thequantuminsider.com/2023/10/20/reports-colorado-to-be-recognized-as-official-u-s-tech-hub (1/1), chunk 9/37
[05:39:19 +1m 14s | thequantuminsider_2023_10_20_reports_colorado_to_be_recognized_as_official_u_s_tech_hub] Extracting actors: https://thequantuminsider.com/2023/10/20/reports-colorado-to-be-recognized-as-official-u-s-tech-hub (1/1), chunk 10/37
[05:39:44 +1m 41s | thequantuminsider_2023_10_20_reports_colorado_to_be_recognized_as_official_u_s_tech_hub] Repaired malformed JSON.
[05:39:44 +1m 41s | thequantuminsider_2023_10_20_reports_colorado_to_be_recognized_as_official_u_s_tech_hub] Extracting actors: https://thequantuminsider.com/2023/10/20/reports-colorado-to-be-recognized-as-official-u-s-tech-hub (1/1), chunk 11/37
[05:39:52 +1m 49s | thequantuminsider_2023_10_20_reports_colorado_to_be_recognized_as_official_u_s_tech_hub] Repaired malformed JSON.
[05:39:52 +1m 49s | thequantuminsider_2023_10_20_reports_colorado_to_be_recognized_as_official_u_s_tech_hub] Extracting actors: https://thequantuminsider.com/2023/10/20/reports-colorado-to-be-recognized-as-official-u-s-tech-hub (1/1), chunk 12/37
[05:40:02 +1m 59s | thequantuminsider_2023_10_20_reports_colorado_to_be_recognized_as_official_u_s_tech_hub] Repaired malformed JSON.
[05:40:02 +1m 59s | thequantuminsider_2023_10_20_reports_colorado_to_be_recognized_as_official_u_s_tech_hub] Extracting actors: https://thequantuminsider.com/2023/10/20/reports-colorado-to-be-recognized-as-official-u-s-tech-hub (1/1), chunk 13/37
[05:40:07 +2m 6s | thequantuminsider_2023_10_20_reports_colorado_to_be_recognized_as_official_u_s_tech_hub] Repaired malformed JSON.
[05:40:07 +2m 6s | thequantuminsider_2023_10_20_reports_colorado_to_be_recognized_as_official_u_s_tech_hub] Extracting actors: https://thequantuminsider.com/2023/10/20/reports-colorado-to-be-recognized-as-official-u-s-tech-hub (1/1), chunk 14/37
[05:40:15 +2m 14s | thequantuminsider_2023_10_20_reports_colorado_to_be_recognized_as_official_u_s_tech_hub] Repaired malformed JSON.
[05:40:15 +2m 14s | thequantuminsider_2023_10_20_reports_colorado_to_be_recognized_as_official_u_s_tech_hub] Extracting actors: https://thequantuminsider.com/2023/10/20/reports-colorado-to-be-recognized-as-official-u-s-tech-hub (1/1), chunk 15/37
[05:40:22 +2m 21s | thequantuminsider_2023_10_20_reports_colorado_to_be_recognized_as_official_u_s_tech_hub] Repaired malformed JSON.
[05:40:22 +2m 21s | thequantuminsider_2023_10_20_reports_colorado_to_be_recognized_as_official_u_s_tech_hub] Extracting actors: https://thequantuminsider.com/2023/10/20/reports-colorado-to-be-recognized-as-official-u-s-tech-hub (1/1), chunk 16/37
[05:40:29 +2m 28s | thequantuminsider_2023_10_20_reports_colorado_to_be_recognized_as_official_u_s_tech_hub] Repaired malformed JSON.
[05:40:29 +2m 28s | thequantuminsider_2023_10_20_reports_colorado_to_be_recognized_as_official_u_s_tech_hub] Extracting actors: https://thequantuminsider.com/2023/10/20/reports-colorado-to-be-recognized-as-official-u-s-tech-hub (1/1), chunk 17/37
[05:40:35 +2m 36s | thequantuminsider_2023_10_20_reports_colorado_to_be_recognized_as_official_u_s_tech_hub] Repaired malformed JSON.
[05:40:35 +2m 36s | thequantuminsider_2023_10_20_reports_colorado_to_be_recognized_as_official_u_s_tech_hub] Extracting actors: https://thequantuminsider.com/2023/10/20/reports-colorado-to-be-recognized-as-official-u-s-tech-hub (1/1), chunk 18/37
[05:40:43 +2m 44s | thequantuminsider_2023_10_20_reports_colorado_to_be_recognized_as_official_u_s_tech_hub] Repaired malformed JSON.
[05:40:43 +2m 44s | thequantuminsider_2023_10_20_reports_colorado_to_be_recognized_as_official_u_s_tech_hub] Extracting actors: https://thequantuminsider.com/2023/10/20/reports-colorado-to-be-recognized-as-official-u-s-tech-hub (1/1), chunk 19/37
[05:40:49 +2m 50s | thequantuminsider_2023_10_20_reports_colorado_to_be_recognized_as_official_u_s_tech_hub] Repaired malformed JSON.
[05:40:49 +2m 50s | thequantuminsider_2023_10_20_reports_colorado_to_be_recognized_as_official_u_s_tech_hub] Extracting actors: https://thequantuminsider.com/2023/10/20/reports-colorado-to-be-recognized-as-official-u-s-tech-hub (1/1), chunk 20/37
[05:40:57 +2m 58s | thequantuminsider_2023_10_20_reports_colorado_to_be_recognized_as_official_u_s_tech_hub] Repaired malformed JSON.
[05:40:57 +2m 58s | thequantuminsider_2023_10_20_reports_colorado_to_be_recognized_as_official_u_s_tech_hub] Extracting actors: https://thequantuminsider.com/2023/10/20/reports-colorado-to-be-recognized-as-official-u-s-tech-hub (1/1), chunk 21/37
[05:41:04 +3m 7s | thequantuminsider_2023_10_20_reports_colorado_to_be_recognized_as_official_u_s_tech_hub] Repaired malformed JSON.
[05:41:04 +3m 7s | thequantuminsider_2023_10_20_reports_colorado_to_be_recognized_as_official_u_s_tech_hub] Extracting actors: https://thequantuminsider.com/2023/10/20/reports-colorado-to-be-recognized-as-official-u-s-tech-hub (1/1), chunk 22/37
[05:41:13 +3m 16s | thequantuminsider_2023_10_20_reports_colorado_to_be_recognized_as_official_u_s_tech_hub] Repaired malformed JSON.
[05:41:13 +3m 16s | thequantuminsider_2023_10_20_reports_colorado_to_be_recognized_as_official_u_s_tech_hub] Extracting actors: https://thequantuminsider.com/2023/10/20/reports-colorado-to-be-recognized-as-official-u-s-tech-hub (1/1), chunk 23/37
[05:41:21 +3m 24s | thequantuminsider_2023_10_20_reports_colorado_to_be_recognized_as_official_u_s_tech_hub] Repaired malformed JSON.
[05:41:21 +3m 24s | thequantuminsider_2023_10_20_reports_colorado_to_be_recognized_as_official_u_s_tech_hub] Extracting actors: https://thequantuminsider.com/2023/10/20/reports-colorado-to-be-recognized-as-official-u-s-tech-hub (1/1), chunk 24/37
[05:41:31 +3m 34s | thequantuminsider_2023_10_20_reports_colorado_to_be_recognized_as_official_u_s_tech_hub] Repaired malformed JSON.
[05:41:31 +3m 34s | thequantuminsider_2023_10_20_reports_colorado_to_be_recognized_as_official_u_s_tech_hub] Extracting actors: https://thequantuminsider.com/2023/10/20/reports-colorado-to-be-recognized-as-official-u-s-tech-hub (1/1), chunk 25/37
[05:41:33 +3m 39s | thequantuminsider_2023_10_20_reports_colorado_to_be_recognized_as_official_u_s_tech_hub] Extracting actors: https://thequantuminsider.com/2023/10/20/reports-colorado-to-be-recognized-as-official-u-s-tech-hub (1/1), chunk 26/37
[05:41:41 +3m 46s | thequantuminsider_2023_10_20_reports_colorado_to_be_recognized_as_official_u_s_tech_hub] Extracting actors: https://thequantuminsider.com/2023/10/20/reports-colorado-to-be-recognized-as-official-u-s-tech-hub (1/1), chunk 27/37
[05:41:44 +3m 49s | thequantuminsider_2023_10_20_reports_colorado_to_be_recognized_as_official_u_s_tech_hub] Extracting actors: https://thequantuminsider.com/2023/10/20/reports-colorado-to-be-recognized-as-official-u-s-tech-hub (1/1), chunk 28/37
[05:41:49 +3m 54s | thequantuminsider_2023_10_20_reports_colorado_to_be_recognized_as_official_u_s_tech_hub] Extracting actors: https://thequantuminsider.com/2023/10/20/reports-colorado-to-be-recognized-as-official-u-s-tech-hub (1/1), chunk 29/37
[05:41:56 +4m 1s | thequantuminsider_2023_10_20_reports_colorado_to_be_recognized_as_official_u_s_tech_hub] Repaired malformed JSON.
[05:41:56 +4m 1s | thequantuminsider_2023_10_20_reports_colorado_to_be_recognized_as_official_u_s_tech_hub] Extracting actors: https://thequantuminsider.com/2023/10/20/reports-colorado-to-be-recognized-as-official-u-s-tech-hub (1/1), chunk 30/37
[05:42:02 +4m 7s | thequantuminsider_2023_10_20_reports_colorado_to_be_recognized_as_official_u_s_tech_hub] Repaired malformed JSON.
[05:42:02 +4m 7s | thequantuminsider_2023_10_20_reports_colorado_to_be_recognized_as_official_u_s_tech_hub] Extracting actors: https://thequantuminsider.com/2023/10/20/reports-colorado-to-be-recognized-as-official-u-s-tech-hub (1/1), chunk 31/37
[05:42:09 +4m 16s | thequantuminsider_2023_10_20_reports_colorado_to_be_recognized_as_official_u_s_tech_hub] Repaired malformed JSON.
[05:42:09 +4m 16s | thequantuminsider_2023_10_20_reports_colorado_to_be_recognized_as_official_u_s_tech_hub] Extracting actors: https://thequantuminsider.com/2023/10/20/reports-colorado-to-be-recognized-as-official-u-s-tech-hub (1/1), chunk 32/37
[05:42:20 +4m 27s | thequantuminsider_2023_10_20_reports_colorado_to_be_recognized_as_official_u_s_tech_hub] Repaired malformed JSON.
[05:42:20 +4m 27s | thequantuminsider_2023_10_20_reports_colorado_to_be_recognized_as_official_u_s_tech_hub] Extracting actors: https://thequantuminsider.com/2023/10/20/reports-colorado-to-be-recognized-as-official-u-s-tech-hub (1/1), chunk 33/37
[05:42:30 +4m 37s | thequantuminsider_2023_10_20_reports_colorado_to_be_recognized_as_official_u_s_tech_hub] Repaired malformed JSON.
[05:42:30 +4m 37s | thequantuminsider_2023_10_20_reports_colorado_to_be_recognized_as_official_u_s_tech_hub] Extracting actors: https://thequantuminsider.com/2023/10/20/reports-colorado-to-be-recognized-as-official-u-s-tech-hub (1/1), chunk 34/37
[05:42:43 +4m 52s | thequantuminsider_2023_10_20_reports_colorado_to_be_recognized_as_official_u_s_tech_hub] Extracting actors: https://thequantuminsider.com/2023/10/20/reports-colorado-to-be-recognized-as-official-u-s-tech-hub (1/1), chunk 35/37
[05:42:52 +5m 2s | thequantuminsider_2023_10_20_reports_colorado_to_be_recognized_as_official_u_s_tech_hub] Repaired malformed JSON.
[05:42:52 +5m 2s | thequantuminsider_2023_10_20_reports_colorado_to_be_recognized_as_official_u_s_tech_hub] Extracting actors: https://thequantuminsider.com/2023/10/20/reports-colorado-to-be-recognized-as-official-u-s-tech-hub (1/1), chunk 36/37
[05:43:14 +5m 25s | thequantuminsider_2023_10_20_reports_colorado_to_be_recognized_as_official_u_s_tech_hub] Repaired malformed JSON.
[05:43:14 +5m 25s | thequantuminsider_2023_10_20_reports_colorado_to_be_recognized_as_official_u_s_tech_hub] Extracting actors: https://thequantuminsider.com/2023/10/20/reports-colorado-to-be-recognized-as-official-u-s-tech-hub (1/1), chunk 37/37
[05:43:22 +5m 33s | thequantuminsider_2023_10_20_reports_colorado_to_be_recognized_as_official_u_s_tech_hub] Repaired malformed JSON.
[05:43:22 +5m 33s | thequantuminsider_2023_10_20_reports_colorado_to_be_recognized_as_official_u_s_tech_hub] Saved 1_actor_results.json with 54 extracted records

[05:43:22 +5m 33s | thequantuminsider_2023_10_20_reports_colorado_to_be_recognized_as_official_u_s_tech_hub] === 2 clean actors ===
[05:43:22 +5m 33s | thequantuminsider_2023_10_20_reports_colorado_to_be_recognized_as_official_u_s_tech_hub] Loaded 54 extracted records
[05:43:22 +5m 33s | thequantuminsider_2023_10_20_reports_colorado_to_be_recognized_as_official_u_s_tech_hub] Saved 2_actor_nodes.json with 22 canonical actor nodes

[05:43:22 +5m 33s | thequantuminsider_2023_10_20_reports_colorado_to_be_recognized_as_official_u_s_tech_hub] === 3 interaction extraction ===
[05:43:22 +5m 33s | thequantuminsider_2023_10_20_reports_colorado_to_be_recognized_as_official_u_s_tech_hub] Extracting interactions: https://thequantuminsider.com/2023/10/20/reports-colorado-to-be-recognized-as-official-u-s-tech-hub (1/1), chunk 11/37
[05:43:33 +5m 47s | thequantuminsider_2023_10_20_reports_colorado_to_be_recognized_as_official_u_s_tech_hub] Extracting interactions: https://thequantuminsider.com/2023/10/20/reports-colorado-to-be-recognized-as-official-u-s-tech-hub (1/1), chunk 12/37
[05:43:53 +6m 6s | thequantuminsider_2023_10_20_reports_colorado_to_be_recognized_as_official_u_s_tech_hub] Extracting interactions: https://thequantuminsider.com/2023/10/20/reports-colorado-to-be-recognized-as-official-u-s-tech-hub (1/1), chunk 13/37
[05:44:26 +6m 42s | thequantuminsider_2023_10_20_reports_colorado_to_be_recognized_as_official_u_s_tech_hub] Extracting interactions: https://thequantuminsider.com/2023/10/20/reports-colorado-to-be-recognized-as-official-u-s-tech-hub (1/1), chunk 14/37
[05:45:17 +7m 36s | thequantuminsider_2023_10_20_reports_colorado_to_be_recognized_as_official_u_s_tech_hub] Extracting interactions: https://thequantuminsider.com/2023/10/20/reports-colorado-to-be-recognized-as-official-u-s-tech-hub (1/1), chunk 15/37
[05:45:38 +8m 0s | thequantuminsider_2023_10_20_reports_colorado_to_be_recognized_as_official_u_s_tech_hub] Extracting interactions: https://thequantuminsider.com/2023/10/20/reports-colorado-to-be-recognized-as-official-u-s-tech-hub (1/1), chunk 16/37
[05:45:44 +8m 6s | thequantuminsider_2023_10_20_reports_colorado_to_be_recognized_as_official_u_s_tech_hub] Extracting interactions: https://thequantuminsider.com/2023/10/20/reports-colorado-to-be-recognized-as-official-u-s-tech-hub (1/1), chunk 17/37
[05:45:51 +8m 12s | thequantuminsider_2023_10_20_reports_colorado_to_be_recognized_as_official_u_s_tech_hub] Extracting interactions: https://thequantuminsider.com/2023/10/20/reports-colorado-to-be-recognized-as-official-u-s-tech-hub (1/1), chunk 18/37
[05:45:55 +8m 16s | thequantuminsider_2023_10_20_reports_colorado_to_be_recognized_as_official_u_s_tech_hub] Extracting interactions: https://thequantuminsider.com/2023/10/20/reports-colorado-to-be-recognized-as-official-u-s-tech-hub (1/1), chunk 19/37
[05:45:57 +8m 18s | thequantuminsider_2023_10_20_reports_colorado_to_be_recognized_as_official_u_s_tech_hub] Extracting interactions: https://thequantuminsider.com/2023/10/20/reports-colorado-to-be-recognized-as-official-u-s-tech-hub (1/1), chunk 20/37
[05:45:58 +8m 20s | thequantuminsider_2023_10_20_reports_colorado_to_be_recognized_as_official_u_s_tech_hub] Extracting interactions: https://thequantuminsider.com/2023/10/20/reports-colorado-to-be-recognized-as-official-u-s-tech-hub (1/1), chunk 21/37
[05:46:08 +8m 32s | thequantuminsider_2023_10_20_reports_colorado_to_be_recognized_as_official_u_s_tech_hub] Extracting interactions: https://thequantuminsider.com/2023/10/20/reports-colorado-to-be-recognized-as-official-u-s-tech-hub (1/1), chunk 22/37
[05:46:13 +8m 36s | thequantuminsider_2023_10_20_reports_colorado_to_be_recognized_as_official_u_s_tech_hub] Extracting interactions: https://thequantuminsider.com/2023/10/20/reports-colorado-to-be-recognized-as-official-u-s-tech-hub (1/1), chunk 26/37
[05:46:17 +8m 41s | thequantuminsider_2023_10_20_reports_colorado_to_be_recognized_as_official_u_s_tech_hub] Extracting interactions: https://thequantuminsider.com/2023/10/20/reports-colorado-to-be-recognized-as-official-u-s-tech-hub (1/1), chunk 27/37
[05:46:40 +9m 6s | thequantuminsider_2023_10_20_reports_colorado_to_be_recognized_as_official_u_s_tech_hub] Extracting interactions: https://thequantuminsider.com/2023/10/20/reports-colorado-to-be-recognized-as-official-u-s-tech-hub (1/1), chunk 28/37
[05:46:42 +9m 7s | thequantuminsider_2023_10_20_reports_colorado_to_be_recognized_as_official_u_s_tech_hub] Extracting interactions: https://thequantuminsider.com/2023/10/20/reports-colorado-to-be-recognized-as-official-u-s-tech-hub (1/1), chunk 29/37
[05:46:43 +9m 9s | thequantuminsider_2023_10_20_reports_colorado_to_be_recognized_as_official_u_s_tech_hub] Extracting interactions: https://thequantuminsider.com/2023/10/20/reports-colorado-to-be-recognized-as-official-u-s-tech-hub (1/1), chunk 30/37
[05:46:45 +9m 11s | thequantuminsider_2023_10_20_reports_colorado_to_be_recognized_as_official_u_s_tech_hub] Extracting interactions: https://thequantuminsider.com/2023/10/20/reports-colorado-to-be-recognized-as-official-u-s-tech-hub (1/1), chunk 31/37
[05:46:49 +9m 14s | thequantuminsider_2023_10_20_reports_colorado_to_be_recognized_as_official_u_s_tech_hub] Extracting interactions: https://thequantuminsider.com/2023/10/20/reports-colorado-to-be-recognized-as-official-u-s-tech-hub (1/1), chunk 32/37
[05:46:50 +9m 16s | thequantuminsider_2023_10_20_reports_colorado_to_be_recognized_as_official_u_s_tech_hub] Extracting interactions: https://thequantuminsider.com/2023/10/20/reports-colorado-to-be-recognized-as-official-u-s-tech-hub (1/1), chunk 33/37
[05:46:52 +9m 17s | thequantuminsider_2023_10_20_reports_colorado_to_be_recognized_as_official_u_s_tech_hub] Extracting interactions: https://thequantuminsider.com/2023/10/20/reports-colorado-to-be-recognized-as-official-u-s-tech-hub (1/1), chunk 34/37
[05:46:58 +9m 23s | thequantuminsider_2023_10_20_reports_colorado_to_be_recognized_as_official_u_s_tech_hub] Extracting interactions: https://thequantuminsider.com/2023/10/20/reports-colorado-to-be-recognized-as-official-u-s-tech-hub (1/1), chunk 35/37
[05:46:59 +9m 25s | thequantuminsider_2023_10_20_reports_colorado_to_be_recognized_as_official_u_s_tech_hub] Extracting interactions: https://thequantuminsider.com/2023/10/20/reports-colorado-to-be-recognized-as-official-u-s-tech-hub (1/1), chunk 36/37
[05:47:04 +9m 29s | thequantuminsider_2023_10_20_reports_colorado_to_be_recognized_as_official_u_s_tech_hub] Extracting interactions: https://thequantuminsider.com/2023/10/20/reports-colorado-to-be-recognized-as-official-u-s-tech-hub (1/1), chunk 37/37
[05:47:19 +9m 47s | thequantuminsider_2023_10_20_reports_colorado_to_be_recognized_as_official_u_s_tech_hub] Saved 3_interaction_results.json with 32 extracted interactions.

[05:47:19 +9m 47s | thequantuminsider_2023_10_20_reports_colorado_to_be_recognized_as_official_u_s_tech_hub] === 4 clean interactions ===
[05:47:19 +9m 47s | thequantuminsider_2023_10_20_reports_colorado_to_be_recognized_as_official_u_s_tech_hub] Saved 4_edges.json with 0 cleaned interactions.

[05:47:19 +9m 47s | thequantuminsider_2023_10_20_reports_colorado_to_be_recognized_as_official_u_s_tech_hub] === 5 helix enrichment ===
[05:47:19 +9m 47s | thequantuminsider_2023_10_20_reports_colorado_to_be_recognized_as_official_u_s_tech_hub] Wrote 5_nodes.json (22 actors)
[05:47:19 +9m 47s | thequantuminsider_2023_10_20_reports_colorado_to_be_recognized_as_official_u_s_tech_hub] Wrote 5_edges.json (0 interactions)
[05:47:19 +9m 47s | thequantuminsider_2023_10_20_reports_colorado_to_be_recognized_as_official_u_s_tech_hub] Actor helix counts: {'Academia': 1, 'Civil Society': 6, 'Government': 2, 'Industry': 4, 'Intermediary': 1, 'Unknown': 8}
[05:47:19 +9m 47s | thequantuminsider_2023_10_20_reports_colorado_to_be_recognized_as_official_u_s_tech_hub] Functional-space counts: {}

[05:47:19 +9m 47s | thequantuminsider_2023_10_20_reports_colorado_to_be_recognized_as_official_u_s_tech_hub] === 6 network visualisation ===
[05:47:20 +9m 47s | thequantuminsider_2023_10_20_reports_colorado_to_be_recognized_as_official_u_s_tech_hub] Wrote quantum_network.html
[05:47:20 +9m 47s | thequantuminsider_2023_10_20_reports_colorado_to_be_recognized_as_official_u_s_tech_hub] Nodes: 22
[05:47:20 +9m 47s | thequantuminsider_2023_10_20_reports_colorado_to_be_recognized_as_official_u_s_tech_hub] Edges: 0

[05:47:20 +9m 47s | thequantuminsider_2023_10_20_reports_colorado_to_be_recognized_as_official_u_s_tech_hub] Done. Outputs written to: /home/lv/IDP/idpdeeptech/pipeline/news_outputs/thequantuminsider_2023_10_20_reports_colorado_to_be_recognized_as_official_u_s_tech_hub
[05:47:20 +9m 47s | thequantuminsider_2023_10_20_reports_colorado_to_be_recognized_as_official_u_s_tech_hub] Log: /home/lv/IDP/idpdeeptech/pipeline/news_outputs/thequantuminsider_2023_10_20_reports_colorado_to_be_recognized_as_official_u_s_tech_hub/run.log

========================================================================
RUN FINISHED 2026-07-05 05:47:20  (OK)
Started:     2026-07-05 05:38:09
Elapsed:     9m 47s
========================================================================
