
========================================================================
RUN STARTED  2026-07-05 04:54:50
site_pipeline.py https://thequantuminsider.com/2023/10/27/wellcome-leap-selects-cleveland-clinic-for-two-quantum-computing-research-projects/
========================================================================

[04:54:50 +0s | thequantuminsider_2023_10_27_wellcome_leap_selects_cleveland_clinic_for_two_quantum_compu_b9482421] === 0 crawl site ===
[04:54:51 +1s | thequantuminsider_2023_10_27_wellcome_leap_selects_cleveland_clinic_for_two_quantum_compu_b9482421] [INIT].... → Crawl4AI 0.8.6 
[04:54:53 +3s | thequantuminsider_2023_10_27_wellcome_leap_selects_cleveland_clinic_for_two_quantum_compu_b9482421] [FETCH]... ↓ https://thequantuminsider.com/2023/10/27/wellcom...nic-for-two-quantum-computing-research-projects/  | ✓ | ⏱: 1.95s 
[04:54:53 +4s | thequantuminsider_2023_10_27_wellcome_leap_selects_cleveland_clinic_for_two_quantum_compu_b9482421] [SCRAPE].. ◆ https://thequantuminsider.com/2023/10/27/wellcom...nic-for-two-quantum-computing-research-projects/  | ✓ | ⏱: 0.12s 
[04:54:53 +4s | thequantuminsider_2023_10_27_wellcome_leap_selects_cleveland_clinic_for_two_quantum_compu_b9482421] [COMPLETE] ● https://thequantuminsider.com/2023/10/27/wellcom...nic-for-two-quantum-computing-research-projects/  | ✓ | ⏱: 2.09s 
[04:54:53 +4s | thequantuminsider_2023_10_27_wellcome_leap_selects_cleveland_clinic_for_two_quantum_compu_b9482421] Saved: crawl_output/d07f329199_thequantuminsider.com_2023_10_27_wellcome-leap-selects-cleveland-clinic-for-two-quantum-computing-research-projects.json

[04:54:54 +4s | thequantuminsider_2023_10_27_wellcome_leap_selects_cleveland_clinic_for_two_quantum_compu_b9482421] === 1 actor extraction ===
[04:54:54 +4s | thequantuminsider_2023_10_27_wellcome_leap_selects_cleveland_clinic_for_two_quantum_compu_b9482421] Reading page (1/1): https://thequantuminsider.com/2023/10/27/wellcome-leap-selects-cleveland-clinic-for-two-quantum-computing-research-projects
[04:54:54 +4s | thequantuminsider_2023_10_27_wellcome_leap_selects_cleveland_clinic_for_two_quantum_compu_b9482421] Extracting actors: https://thequantuminsider.com/2023/10/27/wellcome-leap-selects-cleveland-clinic-for-two-quantum-computing-research-projects (1/1), chunk 1/37
[04:55:20 +32s | thequantuminsider_2023_10_27_wellcome_leap_selects_cleveland_clinic_for_two_quantum_compu_b9482421] Repaired malformed JSON.
[04:55:20 +32s | thequantuminsider_2023_10_27_wellcome_leap_selects_cleveland_clinic_for_two_quantum_compu_b9482421] Extracting actors: https://thequantuminsider.com/2023/10/27/wellcome-leap-selects-cleveland-clinic-for-two-quantum-computing-research-projects (1/1), chunk 2/37
[04:55:28 +40s | thequantuminsider_2023_10_27_wellcome_leap_selects_cleveland_clinic_for_two_quantum_compu_b9482421] Repaired malformed JSON.
[04:55:28 +40s | thequantuminsider_2023_10_27_wellcome_leap_selects_cleveland_clinic_for_two_quantum_compu_b9482421] Extracting actors: https://thequantuminsider.com/2023/10/27/wellcome-leap-selects-cleveland-clinic-for-two-quantum-computing-research-projects (1/1), chunk 3/37
[04:55:37 +49s | thequantuminsider_2023_10_27_wellcome_leap_selects_cleveland_clinic_for_two_quantum_compu_b9482421] Repaired malformed JSON.
[04:55:37 +49s | thequantuminsider_2023_10_27_wellcome_leap_selects_cleveland_clinic_for_two_quantum_compu_b9482421] Extracting actors: https://thequantuminsider.com/2023/10/27/wellcome-leap-selects-cleveland-clinic-for-two-quantum-computing-research-projects (1/1), chunk 4/37
[04:55:45 +59s | thequantuminsider_2023_10_27_wellcome_leap_selects_cleveland_clinic_for_two_quantum_compu_b9482421] Repaired malformed JSON.
[04:55:45 +59s | thequantuminsider_2023_10_27_wellcome_leap_selects_cleveland_clinic_for_two_quantum_compu_b9482421] Extracting actors: https://thequantuminsider.com/2023/10/27/wellcome-leap-selects-cleveland-clinic-for-two-quantum-computing-research-projects (1/1), chunk 5/37
[04:55:51 +1m 5s | thequantuminsider_2023_10_27_wellcome_leap_selects_cleveland_clinic_for_two_quantum_compu_b9482421] Repaired malformed JSON.
[04:55:51 +1m 5s | thequantuminsider_2023_10_27_wellcome_leap_selects_cleveland_clinic_for_two_quantum_compu_b9482421] Extracting actors: https://thequantuminsider.com/2023/10/27/wellcome-leap-selects-cleveland-clinic-for-two-quantum-computing-research-projects (1/1), chunk 6/37
[04:55:57 +1m 11s | thequantuminsider_2023_10_27_wellcome_leap_selects_cleveland_clinic_for_two_quantum_compu_b9482421] Repaired malformed JSON.
[04:55:57 +1m 11s | thequantuminsider_2023_10_27_wellcome_leap_selects_cleveland_clinic_for_two_quantum_compu_b9482421] Extracting actors: https://thequantuminsider.com/2023/10/27/wellcome-leap-selects-cleveland-clinic-for-two-quantum-computing-research-projects (1/1), chunk 7/37
[04:56:04 +1m 18s | thequantuminsider_2023_10_27_wellcome_leap_selects_cleveland_clinic_for_two_quantum_compu_b9482421] Repaired malformed JSON.
[04:56:04 +1m 18s | thequantuminsider_2023_10_27_wellcome_leap_selects_cleveland_clinic_for_two_quantum_compu_b9482421] Extracting actors: https://thequantuminsider.com/2023/10/27/wellcome-leap-selects-cleveland-clinic-for-two-quantum-computing-research-projects (1/1), chunk 8/37
[04:56:11 +1m 26s | thequantuminsider_2023_10_27_wellcome_leap_selects_cleveland_clinic_for_two_quantum_compu_b9482421] Repaired malformed JSON.
[04:56:11 +1m 26s | thequantuminsider_2023_10_27_wellcome_leap_selects_cleveland_clinic_for_two_quantum_compu_b9482421] Extracting actors: https://thequantuminsider.com/2023/10/27/wellcome-leap-selects-cleveland-clinic-for-two-quantum-computing-research-projects (1/1), chunk 9/37
[04:56:21 +1m 37s | thequantuminsider_2023_10_27_wellcome_leap_selects_cleveland_clinic_for_two_quantum_compu_b9482421] Repaired malformed JSON.
[04:56:21 +1m 37s | thequantuminsider_2023_10_27_wellcome_leap_selects_cleveland_clinic_for_two_quantum_compu_b9482421] Extracting actors: https://thequantuminsider.com/2023/10/27/wellcome-leap-selects-cleveland-clinic-for-two-quantum-computing-research-projects (1/1), chunk 10/37
[04:56:28 +1m 43s | thequantuminsider_2023_10_27_wellcome_leap_selects_cleveland_clinic_for_two_quantum_compu_b9482421] Repaired malformed JSON.
[04:56:28 +1m 43s | thequantuminsider_2023_10_27_wellcome_leap_selects_cleveland_clinic_for_two_quantum_compu_b9482421] Extracting actors: https://thequantuminsider.com/2023/10/27/wellcome-leap-selects-cleveland-clinic-for-two-quantum-computing-research-projects (1/1), chunk 11/37
[04:56:34 +1m 50s | thequantuminsider_2023_10_27_wellcome_leap_selects_cleveland_clinic_for_two_quantum_compu_b9482421] Repaired malformed JSON.
[04:56:34 +1m 50s | thequantuminsider_2023_10_27_wellcome_leap_selects_cleveland_clinic_for_two_quantum_compu_b9482421] Extracting actors: https://thequantuminsider.com/2023/10/27/wellcome-leap-selects-cleveland-clinic-for-two-quantum-computing-research-projects (1/1), chunk 12/37
[04:56:40 +1m 58s | thequantuminsider_2023_10_27_wellcome_leap_selects_cleveland_clinic_for_two_quantum_compu_b9482421] Repaired malformed JSON.
[04:56:40 +1m 58s | thequantuminsider_2023_10_27_wellcome_leap_selects_cleveland_clinic_for_two_quantum_compu_b9482421] Extracting actors: https://thequantuminsider.com/2023/10/27/wellcome-leap-selects-cleveland-clinic-for-two-quantum-computing-research-projects (1/1), chunk 13/37
[04:56:49 +2m 7s | thequantuminsider_2023_10_27_wellcome_leap_selects_cleveland_clinic_for_two_quantum_compu_b9482421] Repaired malformed JSON.
[04:56:49 +2m 7s | thequantuminsider_2023_10_27_wellcome_leap_selects_cleveland_clinic_for_two_quantum_compu_b9482421] Extracting actors: https://thequantuminsider.com/2023/10/27/wellcome-leap-selects-cleveland-clinic-for-two-quantum-computing-research-projects (1/1), chunk 14/37
[04:56:58 +2m 16s | thequantuminsider_2023_10_27_wellcome_leap_selects_cleveland_clinic_for_two_quantum_compu_b9482421] Repaired malformed JSON.
[04:56:58 +2m 16s | thequantuminsider_2023_10_27_wellcome_leap_selects_cleveland_clinic_for_two_quantum_compu_b9482421] Extracting actors: https://thequantuminsider.com/2023/10/27/wellcome-leap-selects-cleveland-clinic-for-two-quantum-computing-research-projects (1/1), chunk 15/37
[04:57:07 +2m 24s | thequantuminsider_2023_10_27_wellcome_leap_selects_cleveland_clinic_for_two_quantum_compu_b9482421] Repaired malformed JSON.
[04:57:07 +2m 24s | thequantuminsider_2023_10_27_wellcome_leap_selects_cleveland_clinic_for_two_quantum_compu_b9482421] Extracting actors: https://thequantuminsider.com/2023/10/27/wellcome-leap-selects-cleveland-clinic-for-two-quantum-computing-research-projects (1/1), chunk 16/37
[04:57:13 +2m 33s | thequantuminsider_2023_10_27_wellcome_leap_selects_cleveland_clinic_for_two_quantum_compu_b9482421] Repaired malformed JSON.
[04:57:13 +2m 33s | thequantuminsider_2023_10_27_wellcome_leap_selects_cleveland_clinic_for_two_quantum_compu_b9482421] Extracting actors: https://thequantuminsider.com/2023/10/27/wellcome-leap-selects-cleveland-clinic-for-two-quantum-computing-research-projects (1/1), chunk 17/37
[04:57:23 +2m 42s | thequantuminsider_2023_10_27_wellcome_leap_selects_cleveland_clinic_for_two_quantum_compu_b9482421] Repaired malformed JSON.
[04:57:23 +2m 42s | thequantuminsider_2023_10_27_wellcome_leap_selects_cleveland_clinic_for_two_quantum_compu_b9482421] Extracting actors: https://thequantuminsider.com/2023/10/27/wellcome-leap-selects-cleveland-clinic-for-two-quantum-computing-research-projects (1/1), chunk 18/37
[04:57:32 +2m 52s | thequantuminsider_2023_10_27_wellcome_leap_selects_cleveland_clinic_for_two_quantum_compu_b9482421] Repaired malformed JSON.
[04:57:32 +2m 52s | thequantuminsider_2023_10_27_wellcome_leap_selects_cleveland_clinic_for_two_quantum_compu_b9482421] Extracting actors: https://thequantuminsider.com/2023/10/27/wellcome-leap-selects-cleveland-clinic-for-two-quantum-computing-research-projects (1/1), chunk 19/37
[04:57:39 +2m 58s | thequantuminsider_2023_10_27_wellcome_leap_selects_cleveland_clinic_for_two_quantum_compu_b9482421] Repaired malformed JSON.
[04:57:39 +2m 58s | thequantuminsider_2023_10_27_wellcome_leap_selects_cleveland_clinic_for_two_quantum_compu_b9482421] Extracting actors: https://thequantuminsider.com/2023/10/27/wellcome-leap-selects-cleveland-clinic-for-two-quantum-computing-research-projects (1/1), chunk 20/37
[04:57:45 +3m 6s | thequantuminsider_2023_10_27_wellcome_leap_selects_cleveland_clinic_for_two_quantum_compu_b9482421] Repaired malformed JSON.
[04:57:45 +3m 6s | thequantuminsider_2023_10_27_wellcome_leap_selects_cleveland_clinic_for_two_quantum_compu_b9482421] Extracting actors: https://thequantuminsider.com/2023/10/27/wellcome-leap-selects-cleveland-clinic-for-two-quantum-computing-research-projects (1/1), chunk 21/37
[04:57:53 +3m 15s | thequantuminsider_2023_10_27_wellcome_leap_selects_cleveland_clinic_for_two_quantum_compu_b9482421] Repaired malformed JSON.
[04:57:53 +3m 15s | thequantuminsider_2023_10_27_wellcome_leap_selects_cleveland_clinic_for_two_quantum_compu_b9482421] Extracting actors: https://thequantuminsider.com/2023/10/27/wellcome-leap-selects-cleveland-clinic-for-two-quantum-computing-research-projects (1/1), chunk 22/37
[04:58:00 +3m 21s | thequantuminsider_2023_10_27_wellcome_leap_selects_cleveland_clinic_for_two_quantum_compu_b9482421] Repaired malformed JSON.
[04:58:00 +3m 21s | thequantuminsider_2023_10_27_wellcome_leap_selects_cleveland_clinic_for_two_quantum_compu_b9482421] Extracting actors: https://thequantuminsider.com/2023/10/27/wellcome-leap-selects-cleveland-clinic-for-two-quantum-computing-research-projects (1/1), chunk 23/37
[04:58:08 +3m 30s | thequantuminsider_2023_10_27_wellcome_leap_selects_cleveland_clinic_for_two_quantum_compu_b9482421] Repaired malformed JSON.
[04:58:08 +3m 30s | thequantuminsider_2023_10_27_wellcome_leap_selects_cleveland_clinic_for_two_quantum_compu_b9482421] Extracting actors: https://thequantuminsider.com/2023/10/27/wellcome-leap-selects-cleveland-clinic-for-two-quantum-computing-research-projects (1/1), chunk 24/37
[04:58:19 +3m 42s | thequantuminsider_2023_10_27_wellcome_leap_selects_cleveland_clinic_for_two_quantum_compu_b9482421] Repaired malformed JSON.
[04:58:19 +3m 42s | thequantuminsider_2023_10_27_wellcome_leap_selects_cleveland_clinic_for_two_quantum_compu_b9482421] Extracting actors: https://thequantuminsider.com/2023/10/27/wellcome-leap-selects-cleveland-clinic-for-two-quantum-computing-research-projects (1/1), chunk 25/37
[04:58:25 +3m 48s | thequantuminsider_2023_10_27_wellcome_leap_selects_cleveland_clinic_for_two_quantum_compu_b9482421] Extracting actors: https://thequantuminsider.com/2023/10/27/wellcome-leap-selects-cleveland-clinic-for-two-quantum-computing-research-projects (1/1), chunk 26/37
[04:58:35 +3m 58s | thequantuminsider_2023_10_27_wellcome_leap_selects_cleveland_clinic_for_two_quantum_compu_b9482421] Repaired malformed JSON.
[04:58:35 +3m 58s | thequantuminsider_2023_10_27_wellcome_leap_selects_cleveland_clinic_for_two_quantum_compu_b9482421] Extracting actors: https://thequantuminsider.com/2023/10/27/wellcome-leap-selects-cleveland-clinic-for-two-quantum-computing-research-projects (1/1), chunk 27/37
[04:58:39 +4m 4s | thequantuminsider_2023_10_27_wellcome_leap_selects_cleveland_clinic_for_two_quantum_compu_b9482421] Extracting actors: https://thequantuminsider.com/2023/10/27/wellcome-leap-selects-cleveland-clinic-for-two-quantum-computing-research-projects (1/1), chunk 28/37
[04:58:49 +4m 14s | thequantuminsider_2023_10_27_wellcome_leap_selects_cleveland_clinic_for_two_quantum_compu_b9482421] Repaired malformed JSON.
[04:58:49 +4m 14s | thequantuminsider_2023_10_27_wellcome_leap_selects_cleveland_clinic_for_two_quantum_compu_b9482421] Extracting actors: https://thequantuminsider.com/2023/10/27/wellcome-leap-selects-cleveland-clinic-for-two-quantum-computing-research-projects (1/1), chunk 29/37
[04:58:59 +4m 24s | thequantuminsider_2023_10_27_wellcome_leap_selects_cleveland_clinic_for_two_quantum_compu_b9482421] Repaired malformed JSON.
[04:58:59 +4m 24s | thequantuminsider_2023_10_27_wellcome_leap_selects_cleveland_clinic_for_two_quantum_compu_b9482421] Extracting actors: https://thequantuminsider.com/2023/10/27/wellcome-leap-selects-cleveland-clinic-for-two-quantum-computing-research-projects (1/1), chunk 30/37
[04:59:23 +4m 50s | thequantuminsider_2023_10_27_wellcome_leap_selects_cleveland_clinic_for_two_quantum_compu_b9482421] Repaired malformed JSON.
[04:59:23 +4m 50s | thequantuminsider_2023_10_27_wellcome_leap_selects_cleveland_clinic_for_two_quantum_compu_b9482421] Extracting actors: https://thequantuminsider.com/2023/10/27/wellcome-leap-selects-cleveland-clinic-for-two-quantum-computing-research-projects (1/1), chunk 31/37
[04:59:32 +4m 59s | thequantuminsider_2023_10_27_wellcome_leap_selects_cleveland_clinic_for_two_quantum_compu_b9482421] Repaired malformed JSON.
[04:59:32 +4m 59s | thequantuminsider_2023_10_27_wellcome_leap_selects_cleveland_clinic_for_two_quantum_compu_b9482421] Extracting actors: https://thequantuminsider.com/2023/10/27/wellcome-leap-selects-cleveland-clinic-for-two-quantum-computing-research-projects (1/1), chunk 32/37
[04:59:39 +5m 8s | thequantuminsider_2023_10_27_wellcome_leap_selects_cleveland_clinic_for_two_quantum_compu_b9482421] Repaired malformed JSON.
[04:59:39 +5m 8s | thequantuminsider_2023_10_27_wellcome_leap_selects_cleveland_clinic_for_two_quantum_compu_b9482421] Extracting actors: https://thequantuminsider.com/2023/10/27/wellcome-leap-selects-cleveland-clinic-for-two-quantum-computing-research-projects (1/1), chunk 33/37
[04:59:46 +5m 15s | thequantuminsider_2023_10_27_wellcome_leap_selects_cleveland_clinic_for_two_quantum_compu_b9482421] Repaired malformed JSON.
[04:59:46 +5m 15s | thequantuminsider_2023_10_27_wellcome_leap_selects_cleveland_clinic_for_two_quantum_compu_b9482421] Extracting actors: https://thequantuminsider.com/2023/10/27/wellcome-leap-selects-cleveland-clinic-for-two-quantum-computing-research-projects (1/1), chunk 34/37
[04:59:57 +5m 26s | thequantuminsider_2023_10_27_wellcome_leap_selects_cleveland_clinic_for_two_quantum_compu_b9482421] Repaired malformed JSON.
[04:59:57 +5m 26s | thequantuminsider_2023_10_27_wellcome_leap_selects_cleveland_clinic_for_two_quantum_compu_b9482421] Extracting actors: https://thequantuminsider.com/2023/10/27/wellcome-leap-selects-cleveland-clinic-for-two-quantum-computing-research-projects (1/1), chunk 35/37
[05:00:05 +5m 34s | thequantuminsider_2023_10_27_wellcome_leap_selects_cleveland_clinic_for_two_quantum_compu_b9482421] Repaired malformed JSON.
[05:00:05 +5m 34s | thequantuminsider_2023_10_27_wellcome_leap_selects_cleveland_clinic_for_two_quantum_compu_b9482421] Extracting actors: https://thequantuminsider.com/2023/10/27/wellcome-leap-selects-cleveland-clinic-for-two-quantum-computing-research-projects (1/1), chunk 36/37
[05:00:11 +5m 42s | thequantuminsider_2023_10_27_wellcome_leap_selects_cleveland_clinic_for_two_quantum_compu_b9482421] Repaired malformed JSON.
[05:00:11 +5m 42s | thequantuminsider_2023_10_27_wellcome_leap_selects_cleveland_clinic_for_two_quantum_compu_b9482421] Extracting actors: https://thequantuminsider.com/2023/10/27/wellcome-leap-selects-cleveland-clinic-for-two-quantum-computing-research-projects (1/1), chunk 37/37
[05:00:20 +5m 51s | thequantuminsider_2023_10_27_wellcome_leap_selects_cleveland_clinic_for_two_quantum_compu_b9482421] Repaired malformed JSON.
[05:00:20 +5m 51s | thequantuminsider_2023_10_27_wellcome_leap_selects_cleveland_clinic_for_two_quantum_compu_b9482421] Saved 1_actor_results.json with 71 extracted records

[05:00:20 +5m 51s | thequantuminsider_2023_10_27_wellcome_leap_selects_cleveland_clinic_for_two_quantum_compu_b9482421] === 2 clean actors ===
[05:00:20 +5m 51s | thequantuminsider_2023_10_27_wellcome_leap_selects_cleveland_clinic_for_two_quantum_compu_b9482421] Loaded 71 extracted records
[05:00:20 +5m 51s | thequantuminsider_2023_10_27_wellcome_leap_selects_cleveland_clinic_for_two_quantum_compu_b9482421] Saved 2_actor_nodes.json with 16 canonical actor nodes

[05:00:20 +5m 51s | thequantuminsider_2023_10_27_wellcome_leap_selects_cleveland_clinic_for_two_quantum_compu_b9482421] === 3 interaction extraction ===
[05:00:20 +5m 51s | thequantuminsider_2023_10_27_wellcome_leap_selects_cleveland_clinic_for_two_quantum_compu_b9482421] Extracting interactions: https://thequantuminsider.com/2023/10/27/wellcome-leap-selects-cleveland-clinic-for-two-quantum-computing-research-projects (1/1), chunk 11/37
[05:00:35 +6m 6s | thequantuminsider_2023_10_27_wellcome_leap_selects_cleveland_clinic_for_two_quantum_compu_b9482421] Extracting interactions: https://thequantuminsider.com/2023/10/27/wellcome-leap-selects-cleveland-clinic-for-two-quantum-computing-research-projects (1/1), chunk 12/37
[05:01:02 +6m 35s | thequantuminsider_2023_10_27_wellcome_leap_selects_cleveland_clinic_for_two_quantum_compu_b9482421] Extracting interactions: https://thequantuminsider.com/2023/10/27/wellcome-leap-selects-cleveland-clinic-for-two-quantum-computing-research-projects (1/1), chunk 13/37
[05:01:27 +7m 2s | thequantuminsider_2023_10_27_wellcome_leap_selects_cleveland_clinic_for_two_quantum_compu_b9482421] Extracting interactions: https://thequantuminsider.com/2023/10/27/wellcome-leap-selects-cleveland-clinic-for-two-quantum-computing-research-projects (1/1), chunk 14/37
[05:02:40 +8m 19s | thequantuminsider_2023_10_27_wellcome_leap_selects_cleveland_clinic_for_two_quantum_compu_b9482421] Extracting interactions: https://thequantuminsider.com/2023/10/27/wellcome-leap-selects-cleveland-clinic-for-two-quantum-computing-research-projects (1/1), chunk 15/37
[05:03:22 +9m 4s | thequantuminsider_2023_10_27_wellcome_leap_selects_cleveland_clinic_for_two_quantum_compu_b9482421] Extracting interactions: https://thequantuminsider.com/2023/10/27/wellcome-leap-selects-cleveland-clinic-for-two-quantum-computing-research-projects (1/1), chunk 16/37
[05:03:34 +9m 16s | thequantuminsider_2023_10_27_wellcome_leap_selects_cleveland_clinic_for_two_quantum_compu_b9482421] Extracting interactions: https://thequantuminsider.com/2023/10/27/wellcome-leap-selects-cleveland-clinic-for-two-quantum-computing-research-projects (1/1), chunk 17/37
[05:03:36 +9m 18s | thequantuminsider_2023_10_27_wellcome_leap_selects_cleveland_clinic_for_two_quantum_compu_b9482421] Extracting interactions: https://thequantuminsider.com/2023/10/27/wellcome-leap-selects-cleveland-clinic-for-two-quantum-computing-research-projects (1/1), chunk 19/37
[05:03:38 +9m 20s | thequantuminsider_2023_10_27_wellcome_leap_selects_cleveland_clinic_for_two_quantum_compu_b9482421] Extracting interactions: https://thequantuminsider.com/2023/10/27/wellcome-leap-selects-cleveland-clinic-for-two-quantum-computing-research-projects (1/1), chunk 20/37
[05:03:40 +9m 22s | thequantuminsider_2023_10_27_wellcome_leap_selects_cleveland_clinic_for_two_quantum_compu_b9482421] Extracting interactions: https://thequantuminsider.com/2023/10/27/wellcome-leap-selects-cleveland-clinic-for-two-quantum-computing-research-projects (1/1), chunk 21/37
[05:03:45 +9m 30s | thequantuminsider_2023_10_27_wellcome_leap_selects_cleveland_clinic_for_two_quantum_compu_b9482421] Extracting interactions: https://thequantuminsider.com/2023/10/27/wellcome-leap-selects-cleveland-clinic-for-two-quantum-computing-research-projects (1/1), chunk 22/37
[05:03:50 +9m 35s | thequantuminsider_2023_10_27_wellcome_leap_selects_cleveland_clinic_for_two_quantum_compu_b9482421] Extracting interactions: https://thequantuminsider.com/2023/10/27/wellcome-leap-selects-cleveland-clinic-for-two-quantum-computing-research-projects (1/1), chunk 26/37
[05:04:13 +9m 57s | thequantuminsider_2023_10_27_wellcome_leap_selects_cleveland_clinic_for_two_quantum_compu_b9482421] Extracting interactions: https://thequantuminsider.com/2023/10/27/wellcome-leap-selects-cleveland-clinic-for-two-quantum-computing-research-projects (1/1), chunk 27/37
[05:04:26 +10m 13s | thequantuminsider_2023_10_27_wellcome_leap_selects_cleveland_clinic_for_two_quantum_compu_b9482421] Extracting interactions: https://thequantuminsider.com/2023/10/27/wellcome-leap-selects-cleveland-clinic-for-two-quantum-computing-research-projects (1/1), chunk 30/37
[05:04:28 +10m 14s | thequantuminsider_2023_10_27_wellcome_leap_selects_cleveland_clinic_for_two_quantum_compu_b9482421] Extracting interactions: https://thequantuminsider.com/2023/10/27/wellcome-leap-selects-cleveland-clinic-for-two-quantum-computing-research-projects (1/1), chunk 31/37
[05:04:38 +10m 25s | thequantuminsider_2023_10_27_wellcome_leap_selects_cleveland_clinic_for_two_quantum_compu_b9482421] Extracting interactions: https://thequantuminsider.com/2023/10/27/wellcome-leap-selects-cleveland-clinic-for-two-quantum-computing-research-projects (1/1), chunk 32/37
[05:04:42 +10m 28s | thequantuminsider_2023_10_27_wellcome_leap_selects_cleveland_clinic_for_two_quantum_compu_b9482421] Extracting interactions: https://thequantuminsider.com/2023/10/27/wellcome-leap-selects-cleveland-clinic-for-two-quantum-computing-research-projects (1/1), chunk 33/37
[05:04:43 +10m 30s | thequantuminsider_2023_10_27_wellcome_leap_selects_cleveland_clinic_for_two_quantum_compu_b9482421] Extracting interactions: https://thequantuminsider.com/2023/10/27/wellcome-leap-selects-cleveland-clinic-for-two-quantum-computing-research-projects (1/1), chunk 35/37
[05:04:43 +10m 31s | thequantuminsider_2023_10_27_wellcome_leap_selects_cleveland_clinic_for_two_quantum_compu_b9482421] Extracting interactions: https://thequantuminsider.com/2023/10/27/wellcome-leap-selects-cleveland-clinic-for-two-quantum-computing-research-projects (1/1), chunk 36/37
[05:04:52 +10m 41s | thequantuminsider_2023_10_27_wellcome_leap_selects_cleveland_clinic_for_two_quantum_compu_b9482421] Saved 3_interaction_results.json with 42 extracted interactions.

[05:04:52 +10m 41s | thequantuminsider_2023_10_27_wellcome_leap_selects_cleveland_clinic_for_two_quantum_compu_b9482421] === 4 clean interactions ===
[05:04:52 +10m 41s | thequantuminsider_2023_10_27_wellcome_leap_selects_cleveland_clinic_for_two_quantum_compu_b9482421] Saved 4_edges.json with 15 cleaned interactions.

[05:04:52 +10m 41s | thequantuminsider_2023_10_27_wellcome_leap_selects_cleveland_clinic_for_two_quantum_compu_b9482421] === 5 helix enrichment ===
[05:04:52 +10m 41s | thequantuminsider_2023_10_27_wellcome_leap_selects_cleveland_clinic_for_two_quantum_compu_b9482421] Wrote 5_nodes.json (16 actors)
[05:04:52 +10m 41s | thequantuminsider_2023_10_27_wellcome_leap_selects_cleveland_clinic_for_two_quantum_compu_b9482421] Wrote 5_edges.json (15 interactions)
[05:04:52 +10m 41s | thequantuminsider_2023_10_27_wellcome_leap_selects_cleveland_clinic_for_two_quantum_compu_b9482421] Actor helix counts: {'Academia': 2, 'Civil Society': 6, 'Industry': 3, 'Unknown': 5}
[05:04:52 +10m 41s | thequantuminsider_2023_10_27_wellcome_leap_selects_cleveland_clinic_for_two_quantum_compu_b9482421] Functional-space counts: {'Innovation': 5, 'Intra-helix / Not classified': 3, 'Public': 7}

[05:04:52 +10m 41s | thequantuminsider_2023_10_27_wellcome_leap_selects_cleveland_clinic_for_two_quantum_compu_b9482421] === 6 network visualisation ===
[05:04:53 +10m 41s | thequantuminsider_2023_10_27_wellcome_leap_selects_cleveland_clinic_for_two_quantum_compu_b9482421] Wrote quantum_network.html
[05:04:53 +10m 41s | thequantuminsider_2023_10_27_wellcome_leap_selects_cleveland_clinic_for_two_quantum_compu_b9482421] Nodes: 16
[05:04:53 +10m 41s | thequantuminsider_2023_10_27_wellcome_leap_selects_cleveland_clinic_for_two_quantum_compu_b9482421] Edges: 10

[05:04:53 +10m 41s | thequantuminsider_2023_10_27_wellcome_leap_selects_cleveland_clinic_for_two_quantum_compu_b9482421] Done. Outputs written to: /home/lv/IDP/idpdeeptech/pipeline/news_outputs/thequantuminsider_2023_10_27_wellcome_leap_selects_cleveland_clinic_for_two_quantum_compu_b9482421
[05:04:53 +10m 41s | thequantuminsider_2023_10_27_wellcome_leap_selects_cleveland_clinic_for_two_quantum_compu_b9482421] Log: /home/lv/IDP/idpdeeptech/pipeline/news_outputs/thequantuminsider_2023_10_27_wellcome_leap_selects_cleveland_clinic_for_two_quantum_compu_b9482421/run.log

========================================================================
RUN FINISHED 2026-07-05 05:04:53  (OK)
Started:     2026-07-05 04:54:50
Elapsed:     10m 41s
========================================================================
