
========================================================================
RUN STARTED  2026-07-05 02:08:22
site_pipeline.py https://thequantuminsider.com/2023/11/29/riverlane-awarded-darpa-quantum-benchmarking-program-grant/
========================================================================

[02:08:22 +0s | thequantuminsider_2023_11_29_riverlane_awarded_darpa_quantum_benchmarking_program_grant] === 0 crawl site ===
[02:08:23 +1s | thequantuminsider_2023_11_29_riverlane_awarded_darpa_quantum_benchmarking_program_grant] [INIT].... → Crawl4AI 0.8.6 
[02:08:25 +3s | thequantuminsider_2023_11_29_riverlane_awarded_darpa_quantum_benchmarking_program_grant] [FETCH]... ↓ https://thequantuminsider.com/2023/11/29/riverlane-awarded-darpa-quantum-benchmarking-program-grant/ | ✓ | ⏱: 1.95s 
[02:08:25 +3s | thequantuminsider_2023_11_29_riverlane_awarded_darpa_quantum_benchmarking_program_grant] [SCRAPE].. ◆ https://thequantuminsider.com/2023/11/29/riverlane-awarded-darpa-quantum-benchmarking-program-grant/ | ✓ | ⏱: 0.12s 
[02:08:25 +3s | thequantuminsider_2023_11_29_riverlane_awarded_darpa_quantum_benchmarking_program_grant] [COMPLETE] ● https://thequantuminsider.com/2023/11/29/riverlane-awarded-darpa-quantum-benchmarking-program-grant/ | ✓ | ⏱: 2.09s 
[02:08:25 +3s | thequantuminsider_2023_11_29_riverlane_awarded_darpa_quantum_benchmarking_program_grant] Saved: crawl_output/971bfce7fb_thequantuminsider.com_2023_11_29_riverlane-awarded-darpa-quantum-benchmarking-program-grant.json

[02:08:25 +4s | thequantuminsider_2023_11_29_riverlane_awarded_darpa_quantum_benchmarking_program_grant] === 1 actor extraction ===
[02:08:26 +4s | thequantuminsider_2023_11_29_riverlane_awarded_darpa_quantum_benchmarking_program_grant] Reading page (1/1): https://thequantuminsider.com/2023/11/29/riverlane-awarded-darpa-quantum-benchmarking-program-grant
[02:08:26 +4s | thequantuminsider_2023_11_29_riverlane_awarded_darpa_quantum_benchmarking_program_grant] Extracting actors: https://thequantuminsider.com/2023/11/29/riverlane-awarded-darpa-quantum-benchmarking-program-grant (1/1), chunk 1/36
[02:08:32 +11s | thequantuminsider_2023_11_29_riverlane_awarded_darpa_quantum_benchmarking_program_grant] Repaired malformed JSON.
[02:08:32 +11s | thequantuminsider_2023_11_29_riverlane_awarded_darpa_quantum_benchmarking_program_grant] Extracting actors: https://thequantuminsider.com/2023/11/29/riverlane-awarded-darpa-quantum-benchmarking-program-grant (1/1), chunk 2/36
[02:08:42 +20s | thequantuminsider_2023_11_29_riverlane_awarded_darpa_quantum_benchmarking_program_grant] Repaired malformed JSON.
[02:08:42 +20s | thequantuminsider_2023_11_29_riverlane_awarded_darpa_quantum_benchmarking_program_grant] Extracting actors: https://thequantuminsider.com/2023/11/29/riverlane-awarded-darpa-quantum-benchmarking-program-grant (1/1), chunk 3/36
[02:08:46 +26s | thequantuminsider_2023_11_29_riverlane_awarded_darpa_quantum_benchmarking_program_grant] Repaired malformed JSON.
[02:08:46 +26s | thequantuminsider_2023_11_29_riverlane_awarded_darpa_quantum_benchmarking_program_grant] Extracting actors: https://thequantuminsider.com/2023/11/29/riverlane-awarded-darpa-quantum-benchmarking-program-grant (1/1), chunk 4/36
[02:08:54 +34s | thequantuminsider_2023_11_29_riverlane_awarded_darpa_quantum_benchmarking_program_grant] Repaired malformed JSON.
[02:08:54 +34s | thequantuminsider_2023_11_29_riverlane_awarded_darpa_quantum_benchmarking_program_grant] Extracting actors: https://thequantuminsider.com/2023/11/29/riverlane-awarded-darpa-quantum-benchmarking-program-grant (1/1), chunk 5/36
[02:09:04 +44s | thequantuminsider_2023_11_29_riverlane_awarded_darpa_quantum_benchmarking_program_grant] Repaired malformed JSON.
[02:09:04 +44s | thequantuminsider_2023_11_29_riverlane_awarded_darpa_quantum_benchmarking_program_grant] Extracting actors: https://thequantuminsider.com/2023/11/29/riverlane-awarded-darpa-quantum-benchmarking-program-grant (1/1), chunk 6/36
[02:09:12 +51s | thequantuminsider_2023_11_29_riverlane_awarded_darpa_quantum_benchmarking_program_grant] Repaired malformed JSON.
[02:09:12 +51s | thequantuminsider_2023_11_29_riverlane_awarded_darpa_quantum_benchmarking_program_grant] Extracting actors: https://thequantuminsider.com/2023/11/29/riverlane-awarded-darpa-quantum-benchmarking-program-grant (1/1), chunk 7/36
[02:09:18 +59s | thequantuminsider_2023_11_29_riverlane_awarded_darpa_quantum_benchmarking_program_grant] Repaired malformed JSON.
[02:09:18 +59s | thequantuminsider_2023_11_29_riverlane_awarded_darpa_quantum_benchmarking_program_grant] Extracting actors: https://thequantuminsider.com/2023/11/29/riverlane-awarded-darpa-quantum-benchmarking-program-grant (1/1), chunk 8/36
[02:09:30 +1m 11s | thequantuminsider_2023_11_29_riverlane_awarded_darpa_quantum_benchmarking_program_grant] Repaired malformed JSON.
[02:09:30 +1m 11s | thequantuminsider_2023_11_29_riverlane_awarded_darpa_quantum_benchmarking_program_grant] Extracting actors: https://thequantuminsider.com/2023/11/29/riverlane-awarded-darpa-quantum-benchmarking-program-grant (1/1), chunk 9/36
[02:09:39 +1m 20s | thequantuminsider_2023_11_29_riverlane_awarded_darpa_quantum_benchmarking_program_grant] Extracting actors: https://thequantuminsider.com/2023/11/29/riverlane-awarded-darpa-quantum-benchmarking-program-grant (1/1), chunk 10/36
[02:09:46 +1m 27s | thequantuminsider_2023_11_29_riverlane_awarded_darpa_quantum_benchmarking_program_grant] Repaired malformed JSON.
[02:09:46 +1m 27s | thequantuminsider_2023_11_29_riverlane_awarded_darpa_quantum_benchmarking_program_grant] Extracting actors: https://thequantuminsider.com/2023/11/29/riverlane-awarded-darpa-quantum-benchmarking-program-grant (1/1), chunk 11/36
[02:09:53 +1m 35s | thequantuminsider_2023_11_29_riverlane_awarded_darpa_quantum_benchmarking_program_grant] Repaired malformed JSON.
[02:09:53 +1m 35s | thequantuminsider_2023_11_29_riverlane_awarded_darpa_quantum_benchmarking_program_grant] Extracting actors: https://thequantuminsider.com/2023/11/29/riverlane-awarded-darpa-quantum-benchmarking-program-grant (1/1), chunk 12/36
[02:10:03 +1m 45s | thequantuminsider_2023_11_29_riverlane_awarded_darpa_quantum_benchmarking_program_grant] Repaired malformed JSON.
[02:10:03 +1m 45s | thequantuminsider_2023_11_29_riverlane_awarded_darpa_quantum_benchmarking_program_grant] Extracting actors: https://thequantuminsider.com/2023/11/29/riverlane-awarded-darpa-quantum-benchmarking-program-grant (1/1), chunk 13/36
[02:10:13 +1m 55s | thequantuminsider_2023_11_29_riverlane_awarded_darpa_quantum_benchmarking_program_grant] Repaired malformed JSON.
[02:10:13 +1m 55s | thequantuminsider_2023_11_29_riverlane_awarded_darpa_quantum_benchmarking_program_grant] Extracting actors: https://thequantuminsider.com/2023/11/29/riverlane-awarded-darpa-quantum-benchmarking-program-grant (1/1), chunk 14/36
[02:10:22 +2m 5s | thequantuminsider_2023_11_29_riverlane_awarded_darpa_quantum_benchmarking_program_grant] Repaired malformed JSON.
[02:10:22 +2m 5s | thequantuminsider_2023_11_29_riverlane_awarded_darpa_quantum_benchmarking_program_grant] Extracting actors: https://thequantuminsider.com/2023/11/29/riverlane-awarded-darpa-quantum-benchmarking-program-grant (1/1), chunk 15/36
[02:10:31 +2m 15s | thequantuminsider_2023_11_29_riverlane_awarded_darpa_quantum_benchmarking_program_grant] Repaired malformed JSON.
[02:10:31 +2m 15s | thequantuminsider_2023_11_29_riverlane_awarded_darpa_quantum_benchmarking_program_grant] Extracting actors: https://thequantuminsider.com/2023/11/29/riverlane-awarded-darpa-quantum-benchmarking-program-grant (1/1), chunk 16/36
[02:10:39 +2m 22s | thequantuminsider_2023_11_29_riverlane_awarded_darpa_quantum_benchmarking_program_grant] Repaired malformed JSON.
[02:10:39 +2m 22s | thequantuminsider_2023_11_29_riverlane_awarded_darpa_quantum_benchmarking_program_grant] Extracting actors: https://thequantuminsider.com/2023/11/29/riverlane-awarded-darpa-quantum-benchmarking-program-grant (1/1), chunk 17/36
[02:10:45 +2m 29s | thequantuminsider_2023_11_29_riverlane_awarded_darpa_quantum_benchmarking_program_grant] Repaired malformed JSON.
[02:10:45 +2m 29s | thequantuminsider_2023_11_29_riverlane_awarded_darpa_quantum_benchmarking_program_grant] Extracting actors: https://thequantuminsider.com/2023/11/29/riverlane-awarded-darpa-quantum-benchmarking-program-grant (1/1), chunk 18/36
[02:10:53 +2m 37s | thequantuminsider_2023_11_29_riverlane_awarded_darpa_quantum_benchmarking_program_grant] Repaired malformed JSON.
[02:10:53 +2m 37s | thequantuminsider_2023_11_29_riverlane_awarded_darpa_quantum_benchmarking_program_grant] Extracting actors: https://thequantuminsider.com/2023/11/29/riverlane-awarded-darpa-quantum-benchmarking-program-grant (1/1), chunk 19/36
[02:11:03 +2m 47s | thequantuminsider_2023_11_29_riverlane_awarded_darpa_quantum_benchmarking_program_grant] Repaired malformed JSON.
[02:11:03 +2m 47s | thequantuminsider_2023_11_29_riverlane_awarded_darpa_quantum_benchmarking_program_grant] Extracting actors: https://thequantuminsider.com/2023/11/29/riverlane-awarded-darpa-quantum-benchmarking-program-grant (1/1), chunk 20/36
[02:11:11 +2m 55s | thequantuminsider_2023_11_29_riverlane_awarded_darpa_quantum_benchmarking_program_grant] Repaired malformed JSON.
[02:11:11 +2m 55s | thequantuminsider_2023_11_29_riverlane_awarded_darpa_quantum_benchmarking_program_grant] Extracting actors: https://thequantuminsider.com/2023/11/29/riverlane-awarded-darpa-quantum-benchmarking-program-grant (1/1), chunk 21/36
[02:11:21 +3m 5s | thequantuminsider_2023_11_29_riverlane_awarded_darpa_quantum_benchmarking_program_grant] Repaired malformed JSON.
[02:11:21 +3m 5s | thequantuminsider_2023_11_29_riverlane_awarded_darpa_quantum_benchmarking_program_grant] Extracting actors: https://thequantuminsider.com/2023/11/29/riverlane-awarded-darpa-quantum-benchmarking-program-grant (1/1), chunk 22/36
[02:11:28 +3m 13s | thequantuminsider_2023_11_29_riverlane_awarded_darpa_quantum_benchmarking_program_grant] Repaired malformed JSON.
[02:11:28 +3m 13s | thequantuminsider_2023_11_29_riverlane_awarded_darpa_quantum_benchmarking_program_grant] Extracting actors: https://thequantuminsider.com/2023/11/29/riverlane-awarded-darpa-quantum-benchmarking-program-grant (1/1), chunk 23/36
[02:11:39 +3m 24s | thequantuminsider_2023_11_29_riverlane_awarded_darpa_quantum_benchmarking_program_grant] Repaired malformed JSON.
[02:11:39 +3m 24s | thequantuminsider_2023_11_29_riverlane_awarded_darpa_quantum_benchmarking_program_grant] Extracting actors: https://thequantuminsider.com/2023/11/29/riverlane-awarded-darpa-quantum-benchmarking-program-grant (1/1), chunk 24/36
[02:11:44 +3m 30s | thequantuminsider_2023_11_29_riverlane_awarded_darpa_quantum_benchmarking_program_grant] Extracting actors: https://thequantuminsider.com/2023/11/29/riverlane-awarded-darpa-quantum-benchmarking-program-grant (1/1), chunk 25/36
[02:11:53 +3m 39s | thequantuminsider_2023_11_29_riverlane_awarded_darpa_quantum_benchmarking_program_grant] Repaired malformed JSON.
[02:11:53 +3m 39s | thequantuminsider_2023_11_29_riverlane_awarded_darpa_quantum_benchmarking_program_grant] Extracting actors: https://thequantuminsider.com/2023/11/29/riverlane-awarded-darpa-quantum-benchmarking-program-grant (1/1), chunk 26/36
[02:11:55 +3m 41s | thequantuminsider_2023_11_29_riverlane_awarded_darpa_quantum_benchmarking_program_grant] Extracting actors: https://thequantuminsider.com/2023/11/29/riverlane-awarded-darpa-quantum-benchmarking-program-grant (1/1), chunk 27/36
[02:11:57 +3m 44s | thequantuminsider_2023_11_29_riverlane_awarded_darpa_quantum_benchmarking_program_grant] Extracting actors: https://thequantuminsider.com/2023/11/29/riverlane-awarded-darpa-quantum-benchmarking-program-grant (1/1), chunk 28/36
[02:11:59 +3m 45s | thequantuminsider_2023_11_29_riverlane_awarded_darpa_quantum_benchmarking_program_grant] Extracting actors: https://thequantuminsider.com/2023/11/29/riverlane-awarded-darpa-quantum-benchmarking-program-grant (1/1), chunk 29/36
[02:12:07 +3m 54s | thequantuminsider_2023_11_29_riverlane_awarded_darpa_quantum_benchmarking_program_grant] Repaired malformed JSON.
[02:12:07 +3m 54s | thequantuminsider_2023_11_29_riverlane_awarded_darpa_quantum_benchmarking_program_grant] Extracting actors: https://thequantuminsider.com/2023/11/29/riverlane-awarded-darpa-quantum-benchmarking-program-grant (1/1), chunk 30/36
[02:12:14 +4m 0s | thequantuminsider_2023_11_29_riverlane_awarded_darpa_quantum_benchmarking_program_grant] Repaired malformed JSON.
[02:12:14 +4m 0s | thequantuminsider_2023_11_29_riverlane_awarded_darpa_quantum_benchmarking_program_grant] Extracting actors: https://thequantuminsider.com/2023/11/29/riverlane-awarded-darpa-quantum-benchmarking-program-grant (1/1), chunk 31/36
[02:12:23 +4m 10s | thequantuminsider_2023_11_29_riverlane_awarded_darpa_quantum_benchmarking_program_grant] Repaired malformed JSON.
[02:12:23 +4m 10s | thequantuminsider_2023_11_29_riverlane_awarded_darpa_quantum_benchmarking_program_grant] Extracting actors: https://thequantuminsider.com/2023/11/29/riverlane-awarded-darpa-quantum-benchmarking-program-grant (1/1), chunk 32/36
[02:12:28 +4m 16s | thequantuminsider_2023_11_29_riverlane_awarded_darpa_quantum_benchmarking_program_grant] Repaired malformed JSON.
[02:12:28 +4m 16s | thequantuminsider_2023_11_29_riverlane_awarded_darpa_quantum_benchmarking_program_grant] Extracting actors: https://thequantuminsider.com/2023/11/29/riverlane-awarded-darpa-quantum-benchmarking-program-grant (1/1), chunk 33/36
[02:12:38 +4m 26s | thequantuminsider_2023_11_29_riverlane_awarded_darpa_quantum_benchmarking_program_grant] Repaired malformed JSON.
[02:12:38 +4m 26s | thequantuminsider_2023_11_29_riverlane_awarded_darpa_quantum_benchmarking_program_grant] Extracting actors: https://thequantuminsider.com/2023/11/29/riverlane-awarded-darpa-quantum-benchmarking-program-grant (1/1), chunk 34/36
[02:12:52 +4m 40s | thequantuminsider_2023_11_29_riverlane_awarded_darpa_quantum_benchmarking_program_grant] Repaired malformed JSON.
[02:12:52 +4m 40s | thequantuminsider_2023_11_29_riverlane_awarded_darpa_quantum_benchmarking_program_grant] Extracting actors: https://thequantuminsider.com/2023/11/29/riverlane-awarded-darpa-quantum-benchmarking-program-grant (1/1), chunk 35/36
[02:13:00 +4m 50s | thequantuminsider_2023_11_29_riverlane_awarded_darpa_quantum_benchmarking_program_grant] Repaired malformed JSON.
[02:13:00 +4m 50s | thequantuminsider_2023_11_29_riverlane_awarded_darpa_quantum_benchmarking_program_grant] Extracting actors: https://thequantuminsider.com/2023/11/29/riverlane-awarded-darpa-quantum-benchmarking-program-grant (1/1), chunk 36/36
[02:13:06 +4m 55s | thequantuminsider_2023_11_29_riverlane_awarded_darpa_quantum_benchmarking_program_grant] Saved 1_actor_results.json with 61 extracted records

[02:13:06 +4m 55s | thequantuminsider_2023_11_29_riverlane_awarded_darpa_quantum_benchmarking_program_grant] === 2 clean actors ===
[02:13:06 +4m 55s | thequantuminsider_2023_11_29_riverlane_awarded_darpa_quantum_benchmarking_program_grant] Loaded 61 extracted records
[02:13:06 +4m 55s | thequantuminsider_2023_11_29_riverlane_awarded_darpa_quantum_benchmarking_program_grant] Saved 2_actor_nodes.json with 13 canonical actor nodes

[02:13:06 +4m 55s | thequantuminsider_2023_11_29_riverlane_awarded_darpa_quantum_benchmarking_program_grant] === 3 interaction extraction ===
[02:13:06 +4m 55s | thequantuminsider_2023_11_29_riverlane_awarded_darpa_quantum_benchmarking_program_grant] Extracting interactions: https://thequantuminsider.com/2023/11/29/riverlane-awarded-darpa-quantum-benchmarking-program-grant (1/1), chunk 11/36
[02:13:16 +5m 5s | thequantuminsider_2023_11_29_riverlane_awarded_darpa_quantum_benchmarking_program_grant] Extracting interactions: https://thequantuminsider.com/2023/11/29/riverlane-awarded-darpa-quantum-benchmarking-program-grant (1/1), chunk 12/36
[02:13:41 +5m 31s | thequantuminsider_2023_11_29_riverlane_awarded_darpa_quantum_benchmarking_program_grant] Extracting interactions: https://thequantuminsider.com/2023/11/29/riverlane-awarded-darpa-quantum-benchmarking-program-grant (1/1), chunk 13/36
[02:13:52 +5m 43s | thequantuminsider_2023_11_29_riverlane_awarded_darpa_quantum_benchmarking_program_grant] Extracting interactions: https://thequantuminsider.com/2023/11/29/riverlane-awarded-darpa-quantum-benchmarking-program-grant (1/1), chunk 14/36
[02:14:00 +5m 52s | thequantuminsider_2023_11_29_riverlane_awarded_darpa_quantum_benchmarking_program_grant] Extracting interactions: https://thequantuminsider.com/2023/11/29/riverlane-awarded-darpa-quantum-benchmarking-program-grant (1/1), chunk 15/36
[02:14:05 +5m 57s | thequantuminsider_2023_11_29_riverlane_awarded_darpa_quantum_benchmarking_program_grant] Extracting interactions: https://thequantuminsider.com/2023/11/29/riverlane-awarded-darpa-quantum-benchmarking-program-grant (1/1), chunk 16/36
[02:14:09 +6m 0s | thequantuminsider_2023_11_29_riverlane_awarded_darpa_quantum_benchmarking_program_grant] Extracting interactions: https://thequantuminsider.com/2023/11/29/riverlane-awarded-darpa-quantum-benchmarking-program-grant (1/1), chunk 19/36
[02:14:11 +6m 2s | thequantuminsider_2023_11_29_riverlane_awarded_darpa_quantum_benchmarking_program_grant] Extracting interactions: https://thequantuminsider.com/2023/11/29/riverlane-awarded-darpa-quantum-benchmarking-program-grant (1/1), chunk 20/36
[02:14:17 +6m 9s | thequantuminsider_2023_11_29_riverlane_awarded_darpa_quantum_benchmarking_program_grant] Extracting interactions: https://thequantuminsider.com/2023/11/29/riverlane-awarded-darpa-quantum-benchmarking-program-grant (1/1), chunk 25/36
[02:14:20 +6m 12s | thequantuminsider_2023_11_29_riverlane_awarded_darpa_quantum_benchmarking_program_grant] Extracting interactions: https://thequantuminsider.com/2023/11/29/riverlane-awarded-darpa-quantum-benchmarking-program-grant (1/1), chunk 26/36
[02:14:23 +6m 14s | thequantuminsider_2023_11_29_riverlane_awarded_darpa_quantum_benchmarking_program_grant] Extracting interactions: https://thequantuminsider.com/2023/11/29/riverlane-awarded-darpa-quantum-benchmarking-program-grant (1/1), chunk 29/36
[02:14:40 +6m 32s | thequantuminsider_2023_11_29_riverlane_awarded_darpa_quantum_benchmarking_program_grant] Extracting interactions: https://thequantuminsider.com/2023/11/29/riverlane-awarded-darpa-quantum-benchmarking-program-grant (1/1), chunk 30/36
[02:14:43 +6m 36s | thequantuminsider_2023_11_29_riverlane_awarded_darpa_quantum_benchmarking_program_grant] Extracting interactions: https://thequantuminsider.com/2023/11/29/riverlane-awarded-darpa-quantum-benchmarking-program-grant (1/1), chunk 31/36
[02:14:45 +6m 37s | thequantuminsider_2023_11_29_riverlane_awarded_darpa_quantum_benchmarking_program_grant] Extracting interactions: https://thequantuminsider.com/2023/11/29/riverlane-awarded-darpa-quantum-benchmarking-program-grant (1/1), chunk 32/36
[02:14:46 +6m 39s | thequantuminsider_2023_11_29_riverlane_awarded_darpa_quantum_benchmarking_program_grant] Extracting interactions: https://thequantuminsider.com/2023/11/29/riverlane-awarded-darpa-quantum-benchmarking-program-grant (1/1), chunk 34/36
[02:14:51 +6m 44s | thequantuminsider_2023_11_29_riverlane_awarded_darpa_quantum_benchmarking_program_grant] Extracting interactions: https://thequantuminsider.com/2023/11/29/riverlane-awarded-darpa-quantum-benchmarking-program-grant (1/1), chunk 35/36
[02:14:55 +6m 47s | thequantuminsider_2023_11_29_riverlane_awarded_darpa_quantum_benchmarking_program_grant] Saved 3_interaction_results.json with 18 extracted interactions.

[02:14:55 +6m 48s | thequantuminsider_2023_11_29_riverlane_awarded_darpa_quantum_benchmarking_program_grant] === 4 clean interactions ===
[02:14:55 +6m 48s | thequantuminsider_2023_11_29_riverlane_awarded_darpa_quantum_benchmarking_program_grant] Saved 4_edges.json with 2 cleaned interactions.

[02:14:55 +6m 48s | thequantuminsider_2023_11_29_riverlane_awarded_darpa_quantum_benchmarking_program_grant] === 5 helix enrichment ===
[02:14:55 +6m 48s | thequantuminsider_2023_11_29_riverlane_awarded_darpa_quantum_benchmarking_program_grant] Wrote 5_nodes.json (13 actors)
[02:14:55 +6m 48s | thequantuminsider_2023_11_29_riverlane_awarded_darpa_quantum_benchmarking_program_grant] Wrote 5_edges.json (2 interactions)
[02:14:55 +6m 48s | thequantuminsider_2023_11_29_riverlane_awarded_darpa_quantum_benchmarking_program_grant] Actor helix counts: {'Academia': 3, 'Civil Society': 3, 'Government': 1, 'Industry': 1, 'Intermediary': 1, 'Unknown': 4}
[02:14:55 +6m 48s | thequantuminsider_2023_11_29_riverlane_awarded_darpa_quantum_benchmarking_program_grant] Functional-space counts: {'Consensus': 2}

[02:14:55 +6m 48s | thequantuminsider_2023_11_29_riverlane_awarded_darpa_quantum_benchmarking_program_grant] === 6 network visualisation ===
[02:14:55 +6m 48s | thequantuminsider_2023_11_29_riverlane_awarded_darpa_quantum_benchmarking_program_grant] Wrote quantum_network.html
[02:14:55 +6m 48s | thequantuminsider_2023_11_29_riverlane_awarded_darpa_quantum_benchmarking_program_grant] Nodes: 13
[02:14:55 +6m 48s | thequantuminsider_2023_11_29_riverlane_awarded_darpa_quantum_benchmarking_program_grant] Edges: 1

[02:14:55 +6m 48s | thequantuminsider_2023_11_29_riverlane_awarded_darpa_quantum_benchmarking_program_grant] Done. Outputs written to: /home/lv/IDP/idpdeeptech/pipeline/news_outputs/thequantuminsider_2023_11_29_riverlane_awarded_darpa_quantum_benchmarking_program_grant
[02:14:55 +6m 48s | thequantuminsider_2023_11_29_riverlane_awarded_darpa_quantum_benchmarking_program_grant] Log: /home/lv/IDP/idpdeeptech/pipeline/news_outputs/thequantuminsider_2023_11_29_riverlane_awarded_darpa_quantum_benchmarking_program_grant/run.log

========================================================================
RUN FINISHED 2026-07-05 02:14:55  (OK)
Started:     2026-07-05 02:08:22
Elapsed:     6m 48s
========================================================================
