
========================================================================
RUN STARTED  2026-07-02 13:31:48
site_pipeline.py https://thequantuminsider.com/2024/01/09/quera-computing-roadmap-for-advanced-error-corrected-quantum-computers-pioneering-the-next-frontier-in-quantum-innovation/
========================================================================

[13:31:48 +0s | thequantuminsider_2024_01_09_quera_computing_roadmap_for_advanced_error_corrected_quantum_0f11f8da] === 0 crawl site ===
[13:31:51 +2s | thequantuminsider_2024_01_09_quera_computing_roadmap_for_advanced_error_corrected_quantum_0f11f8da] [INIT].... → Crawl4AI 0.8.6 
[13:31:54 +5s | thequantuminsider_2024_01_09_quera_computing_roadmap_for_advanced_error_corrected_quantum_0f11f8da] [FETCH]... ↓ https://thequantuminsider.com/2024/01/09/quera-c...neering-the-next-frontier-in-quantum-innovation/  | ✓ | ⏱: 2.89s 
[13:31:54 +5s | thequantuminsider_2024_01_09_quera_computing_roadmap_for_advanced_error_corrected_quantum_0f11f8da] [SCRAPE].. ◆ https://thequantuminsider.com/2024/01/09/quera-c...neering-the-next-frontier-in-quantum-innovation/  | ✓ | ⏱: 0.17s 
[13:31:54 +5s | thequantuminsider_2024_01_09_quera_computing_roadmap_for_advanced_error_corrected_quantum_0f11f8da] [COMPLETE] ● https://thequantuminsider.com/2024/01/09/quera-c...neering-the-next-frontier-in-quantum-innovation/  | ✓ | ⏱: 3.08s 
[13:31:54 +5s | thequantuminsider_2024_01_09_quera_computing_roadmap_for_advanced_error_corrected_quantum_0f11f8da] Saved: crawl_output/7ee872635b_thequantuminsider.com_2024_01_09_quera-computing-roadmap-for-advanced-error-corrected-quantum-computers-pioneering-the-next-frontier-in-quantum-innovation.json

[13:31:54 +6s | thequantuminsider_2024_01_09_quera_computing_roadmap_for_advanced_error_corrected_quantum_0f11f8da] === 1 actor extraction ===
[13:31:54 +6s | thequantuminsider_2024_01_09_quera_computing_roadmap_for_advanced_error_corrected_quantum_0f11f8da] Reading page (1/1): https://thequantuminsider.com/2024/01/09/quera-computing-roadmap-for-advanced-error-corrected-quantum-computers-pioneering-the-next-frontier-in-quantum-innovation
[13:31:54 +6s | thequantuminsider_2024_01_09_quera_computing_roadmap_for_advanced_error_corrected_quantum_0f11f8da] Extracting actors: https://thequantuminsider.com/2024/01/09/quera-computing-roadmap-for-advanced-error-corrected-quantum-computers-pioneering-the-next-frontier-in-quantum-innovation (1/1), chunk 1/40
[13:32:00 +11s | thequantuminsider_2024_01_09_quera_computing_roadmap_for_advanced_error_corrected_quantum_0f11f8da] Extracting actors: https://thequantuminsider.com/2024/01/09/quera-computing-roadmap-for-advanced-error-corrected-quantum-computers-pioneering-the-next-frontier-in-quantum-innovation (1/1), chunk 2/40
[13:32:05 +17s | thequantuminsider_2024_01_09_quera_computing_roadmap_for_advanced_error_corrected_quantum_0f11f8da] Extracting actors: https://thequantuminsider.com/2024/01/09/quera-computing-roadmap-for-advanced-error-corrected-quantum-computers-pioneering-the-next-frontier-in-quantum-innovation (1/1), chunk 3/40
[13:32:10 +22s | thequantuminsider_2024_01_09_quera_computing_roadmap_for_advanced_error_corrected_quantum_0f11f8da] Extracting actors: https://thequantuminsider.com/2024/01/09/quera-computing-roadmap-for-advanced-error-corrected-quantum-computers-pioneering-the-next-frontier-in-quantum-innovation (1/1), chunk 4/40
[13:32:16 +27s | thequantuminsider_2024_01_09_quera_computing_roadmap_for_advanced_error_corrected_quantum_0f11f8da] Extracting actors: https://thequantuminsider.com/2024/01/09/quera-computing-roadmap-for-advanced-error-corrected-quantum-computers-pioneering-the-next-frontier-in-quantum-innovation (1/1), chunk 5/40
[13:32:21 +33s | thequantuminsider_2024_01_09_quera_computing_roadmap_for_advanced_error_corrected_quantum_0f11f8da] Extracting actors: https://thequantuminsider.com/2024/01/09/quera-computing-roadmap-for-advanced-error-corrected-quantum-computers-pioneering-the-next-frontier-in-quantum-innovation (1/1), chunk 6/40
[13:32:26 +38s | thequantuminsider_2024_01_09_quera_computing_roadmap_for_advanced_error_corrected_quantum_0f11f8da] Extracting actors: https://thequantuminsider.com/2024/01/09/quera-computing-roadmap-for-advanced-error-corrected-quantum-computers-pioneering-the-next-frontier-in-quantum-innovation (1/1), chunk 7/40
[13:32:32 +43s | thequantuminsider_2024_01_09_quera_computing_roadmap_for_advanced_error_corrected_quantum_0f11f8da] Extracting actors: https://thequantuminsider.com/2024/01/09/quera-computing-roadmap-for-advanced-error-corrected-quantum-computers-pioneering-the-next-frontier-in-quantum-innovation (1/1), chunk 8/40
[13:32:37 +48s | thequantuminsider_2024_01_09_quera_computing_roadmap_for_advanced_error_corrected_quantum_0f11f8da] Extracting actors: https://thequantuminsider.com/2024/01/09/quera-computing-roadmap-for-advanced-error-corrected-quantum-computers-pioneering-the-next-frontier-in-quantum-innovation (1/1), chunk 9/40
[13:32:42 +54s | thequantuminsider_2024_01_09_quera_computing_roadmap_for_advanced_error_corrected_quantum_0f11f8da] Extracting actors: https://thequantuminsider.com/2024/01/09/quera-computing-roadmap-for-advanced-error-corrected-quantum-computers-pioneering-the-next-frontier-in-quantum-innovation (1/1), chunk 10/40
[13:32:46 +58s | thequantuminsider_2024_01_09_quera_computing_roadmap_for_advanced_error_corrected_quantum_0f11f8da] Extracting actors: https://thequantuminsider.com/2024/01/09/quera-computing-roadmap-for-advanced-error-corrected-quantum-computers-pioneering-the-next-frontier-in-quantum-innovation (1/1), chunk 11/40
[13:32:54 +1m 6s | thequantuminsider_2024_01_09_quera_computing_roadmap_for_advanced_error_corrected_quantum_0f11f8da] Repaired malformed JSON.
[13:32:54 +1m 6s | thequantuminsider_2024_01_09_quera_computing_roadmap_for_advanced_error_corrected_quantum_0f11f8da] Extracting actors: https://thequantuminsider.com/2024/01/09/quera-computing-roadmap-for-advanced-error-corrected-quantum-computers-pioneering-the-next-frontier-in-quantum-innovation (1/1), chunk 12/40
[13:33:00 +1m 12s | thequantuminsider_2024_01_09_quera_computing_roadmap_for_advanced_error_corrected_quantum_0f11f8da] Repaired malformed JSON.
[13:33:00 +1m 12s | thequantuminsider_2024_01_09_quera_computing_roadmap_for_advanced_error_corrected_quantum_0f11f8da] Extracting actors: https://thequantuminsider.com/2024/01/09/quera-computing-roadmap-for-advanced-error-corrected-quantum-computers-pioneering-the-next-frontier-in-quantum-innovation (1/1), chunk 13/40
[13:33:08 +1m 20s | thequantuminsider_2024_01_09_quera_computing_roadmap_for_advanced_error_corrected_quantum_0f11f8da] Repaired malformed JSON.
[13:33:08 +1m 20s | thequantuminsider_2024_01_09_quera_computing_roadmap_for_advanced_error_corrected_quantum_0f11f8da] Extracting actors: https://thequantuminsider.com/2024/01/09/quera-computing-roadmap-for-advanced-error-corrected-quantum-computers-pioneering-the-next-frontier-in-quantum-innovation (1/1), chunk 14/40
[13:33:14 +1m 26s | thequantuminsider_2024_01_09_quera_computing_roadmap_for_advanced_error_corrected_quantum_0f11f8da] Repaired malformed JSON.
[13:33:14 +1m 26s | thequantuminsider_2024_01_09_quera_computing_roadmap_for_advanced_error_corrected_quantum_0f11f8da] Extracting actors: https://thequantuminsider.com/2024/01/09/quera-computing-roadmap-for-advanced-error-corrected-quantum-computers-pioneering-the-next-frontier-in-quantum-innovation (1/1), chunk 15/40

========================================================================
RUN STARTED  2026-07-04 22:28:34
site_pipeline.py https://thequantuminsider.com/2024/01/09/quera-computing-roadmap-for-advanced-error-corrected-quantum-computers-pioneering-the-next-frontier-in-quantum-innovation/
========================================================================

[22:28:34 +0s | thequantuminsider_2024_01_09_quera_computing_roadmap_for_advanced_error_corrected_quantum_0f11f8da] === 0 crawl site ===
[22:28:36 +2s | thequantuminsider_2024_01_09_quera_computing_roadmap_for_advanced_error_corrected_quantum_0f11f8da] Cleared existing crawl_output/
[22:28:38 +3s | thequantuminsider_2024_01_09_quera_computing_roadmap_for_advanced_error_corrected_quantum_0f11f8da] [INIT].... → Crawl4AI 0.8.6 
[22:28:43 +9s | thequantuminsider_2024_01_09_quera_computing_roadmap_for_advanced_error_corrected_quantum_0f11f8da] [FETCH]... ↓ https://thequantuminsider.com/2024/01/09/quera-c...neering-the-next-frontier-in-quantum-innovation/  | ✓ | ⏱: 5.65s 
[22:28:44 +9s | thequantuminsider_2024_01_09_quera_computing_roadmap_for_advanced_error_corrected_quantum_0f11f8da] [SCRAPE].. ◆ https://thequantuminsider.com/2024/01/09/quera-c...neering-the-next-frontier-in-quantum-innovation/  | ✓ | ⏱: 0.18s 
[22:28:44 +9s | thequantuminsider_2024_01_09_quera_computing_roadmap_for_advanced_error_corrected_quantum_0f11f8da] [COMPLETE] ● https://thequantuminsider.com/2024/01/09/quera-c...neering-the-next-frontier-in-quantum-innovation/  | ✓ | ⏱: 5.86s 
[22:28:44 +9s | thequantuminsider_2024_01_09_quera_computing_roadmap_for_advanced_error_corrected_quantum_0f11f8da] Saved: crawl_output/7ee872635b_thequantuminsider.com_2024_01_09_quera-computing-roadmap-for-advanced-error-corrected-quantum-computers-pioneering-the-next-frontier-in-quantum-innovation.json

[22:28:44 +10s | thequantuminsider_2024_01_09_quera_computing_roadmap_for_advanced_error_corrected_quantum_0f11f8da] === 1 actor extraction ===
[22:28:44 +10s | thequantuminsider_2024_01_09_quera_computing_roadmap_for_advanced_error_corrected_quantum_0f11f8da] Reading page (1/1): https://thequantuminsider.com/2024/01/09/quera-computing-roadmap-for-advanced-error-corrected-quantum-computers-pioneering-the-next-frontier-in-quantum-innovation
[22:28:44 +10s | thequantuminsider_2024_01_09_quera_computing_roadmap_for_advanced_error_corrected_quantum_0f11f8da] Extracting actors: https://thequantuminsider.com/2024/01/09/quera-computing-roadmap-for-advanced-error-corrected-quantum-computers-pioneering-the-next-frontier-in-quantum-innovation (1/1), chunk 1/42
[22:28:50 +16s | thequantuminsider_2024_01_09_quera_computing_roadmap_for_advanced_error_corrected_quantum_0f11f8da] Extracting actors: https://thequantuminsider.com/2024/01/09/quera-computing-roadmap-for-advanced-error-corrected-quantum-computers-pioneering-the-next-frontier-in-quantum-innovation (1/1), chunk 2/42
[22:28:56 +22s | thequantuminsider_2024_01_09_quera_computing_roadmap_for_advanced_error_corrected_quantum_0f11f8da] Extracting actors: https://thequantuminsider.com/2024/01/09/quera-computing-roadmap-for-advanced-error-corrected-quantum-computers-pioneering-the-next-frontier-in-quantum-innovation (1/1), chunk 3/42
[22:29:02 +28s | thequantuminsider_2024_01_09_quera_computing_roadmap_for_advanced_error_corrected_quantum_0f11f8da] Extracting actors: https://thequantuminsider.com/2024/01/09/quera-computing-roadmap-for-advanced-error-corrected-quantum-computers-pioneering-the-next-frontier-in-quantum-innovation (1/1), chunk 4/42
[22:29:11 +37s | thequantuminsider_2024_01_09_quera_computing_roadmap_for_advanced_error_corrected_quantum_0f11f8da] Extracting actors: https://thequantuminsider.com/2024/01/09/quera-computing-roadmap-for-advanced-error-corrected-quantum-computers-pioneering-the-next-frontier-in-quantum-innovation (1/1), chunk 5/42
[22:29:17 +42s | thequantuminsider_2024_01_09_quera_computing_roadmap_for_advanced_error_corrected_quantum_0f11f8da] Extracting actors: https://thequantuminsider.com/2024/01/09/quera-computing-roadmap-for-advanced-error-corrected-quantum-computers-pioneering-the-next-frontier-in-quantum-innovation (1/1), chunk 6/42
[22:29:23 +49s | thequantuminsider_2024_01_09_quera_computing_roadmap_for_advanced_error_corrected_quantum_0f11f8da] Extracting actors: https://thequantuminsider.com/2024/01/09/quera-computing-roadmap-for-advanced-error-corrected-quantum-computers-pioneering-the-next-frontier-in-quantum-innovation (1/1), chunk 7/42
[22:29:28 +54s | thequantuminsider_2024_01_09_quera_computing_roadmap_for_advanced_error_corrected_quantum_0f11f8da] Extracting actors: https://thequantuminsider.com/2024/01/09/quera-computing-roadmap-for-advanced-error-corrected-quantum-computers-pioneering-the-next-frontier-in-quantum-innovation (1/1), chunk 8/42
[22:29:35 +1m 0s | thequantuminsider_2024_01_09_quera_computing_roadmap_for_advanced_error_corrected_quantum_0f11f8da] Extracting actors: https://thequantuminsider.com/2024/01/09/quera-computing-roadmap-for-advanced-error-corrected-quantum-computers-pioneering-the-next-frontier-in-quantum-innovation (1/1), chunk 9/42
[22:29:43 +1m 9s | thequantuminsider_2024_01_09_quera_computing_roadmap_for_advanced_error_corrected_quantum_0f11f8da] Extracting actors: https://thequantuminsider.com/2024/01/09/quera-computing-roadmap-for-advanced-error-corrected-quantum-computers-pioneering-the-next-frontier-in-quantum-innovation (1/1), chunk 10/42
[22:29:48 +1m 14s | thequantuminsider_2024_01_09_quera_computing_roadmap_for_advanced_error_corrected_quantum_0f11f8da] Extracting actors: https://thequantuminsider.com/2024/01/09/quera-computing-roadmap-for-advanced-error-corrected-quantum-computers-pioneering-the-next-frontier-in-quantum-innovation (1/1), chunk 11/42
[22:29:57 +1m 22s | thequantuminsider_2024_01_09_quera_computing_roadmap_for_advanced_error_corrected_quantum_0f11f8da] Repaired malformed JSON.
[22:29:57 +1m 22s | thequantuminsider_2024_01_09_quera_computing_roadmap_for_advanced_error_corrected_quantum_0f11f8da] Extracting actors: https://thequantuminsider.com/2024/01/09/quera-computing-roadmap-for-advanced-error-corrected-quantum-computers-pioneering-the-next-frontier-in-quantum-innovation (1/1), chunk 12/42
[22:30:06 +1m 31s | thequantuminsider_2024_01_09_quera_computing_roadmap_for_advanced_error_corrected_quantum_0f11f8da] Repaired malformed JSON.
[22:30:06 +1m 31s | thequantuminsider_2024_01_09_quera_computing_roadmap_for_advanced_error_corrected_quantum_0f11f8da] Extracting actors: https://thequantuminsider.com/2024/01/09/quera-computing-roadmap-for-advanced-error-corrected-quantum-computers-pioneering-the-next-frontier-in-quantum-innovation (1/1), chunk 13/42
[22:30:16 +1m 41s | thequantuminsider_2024_01_09_quera_computing_roadmap_for_advanced_error_corrected_quantum_0f11f8da] Repaired malformed JSON.
[22:30:16 +1m 41s | thequantuminsider_2024_01_09_quera_computing_roadmap_for_advanced_error_corrected_quantum_0f11f8da] Extracting actors: https://thequantuminsider.com/2024/01/09/quera-computing-roadmap-for-advanced-error-corrected-quantum-computers-pioneering-the-next-frontier-in-quantum-innovation (1/1), chunk 14/42
[22:30:25 +1m 51s | thequantuminsider_2024_01_09_quera_computing_roadmap_for_advanced_error_corrected_quantum_0f11f8da] Repaired malformed JSON.
[22:30:25 +1m 51s | thequantuminsider_2024_01_09_quera_computing_roadmap_for_advanced_error_corrected_quantum_0f11f8da] Extracting actors: https://thequantuminsider.com/2024/01/09/quera-computing-roadmap-for-advanced-error-corrected-quantum-computers-pioneering-the-next-frontier-in-quantum-innovation (1/1), chunk 15/42
[22:30:34 +1m 59s | thequantuminsider_2024_01_09_quera_computing_roadmap_for_advanced_error_corrected_quantum_0f11f8da] Repaired malformed JSON.
[22:30:34 +1m 59s | thequantuminsider_2024_01_09_quera_computing_roadmap_for_advanced_error_corrected_quantum_0f11f8da] Extracting actors: https://thequantuminsider.com/2024/01/09/quera-computing-roadmap-for-advanced-error-corrected-quantum-computers-pioneering-the-next-frontier-in-quantum-innovation (1/1), chunk 16/42
[22:30:43 +2m 9s | thequantuminsider_2024_01_09_quera_computing_roadmap_for_advanced_error_corrected_quantum_0f11f8da] Repaired malformed JSON.
[22:30:43 +2m 9s | thequantuminsider_2024_01_09_quera_computing_roadmap_for_advanced_error_corrected_quantum_0f11f8da] Extracting actors: https://thequantuminsider.com/2024/01/09/quera-computing-roadmap-for-advanced-error-corrected-quantum-computers-pioneering-the-next-frontier-in-quantum-innovation (1/1), chunk 17/42
[22:31:09 +2m 34s | thequantuminsider_2024_01_09_quera_computing_roadmap_for_advanced_error_corrected_quantum_0f11f8da] Repaired malformed JSON.
[22:31:09 +2m 34s | thequantuminsider_2024_01_09_quera_computing_roadmap_for_advanced_error_corrected_quantum_0f11f8da] Extracting actors: https://thequantuminsider.com/2024/01/09/quera-computing-roadmap-for-advanced-error-corrected-quantum-computers-pioneering-the-next-frontier-in-quantum-innovation (1/1), chunk 18/42
[22:31:16 +2m 41s | thequantuminsider_2024_01_09_quera_computing_roadmap_for_advanced_error_corrected_quantum_0f11f8da] Repaired malformed JSON.
[22:31:16 +2m 41s | thequantuminsider_2024_01_09_quera_computing_roadmap_for_advanced_error_corrected_quantum_0f11f8da] Extracting actors: https://thequantuminsider.com/2024/01/09/quera-computing-roadmap-for-advanced-error-corrected-quantum-computers-pioneering-the-next-frontier-in-quantum-innovation (1/1), chunk 19/42
[22:31:22 +2m 48s | thequantuminsider_2024_01_09_quera_computing_roadmap_for_advanced_error_corrected_quantum_0f11f8da] Repaired malformed JSON.
[22:31:22 +2m 48s | thequantuminsider_2024_01_09_quera_computing_roadmap_for_advanced_error_corrected_quantum_0f11f8da] Extracting actors: https://thequantuminsider.com/2024/01/09/quera-computing-roadmap-for-advanced-error-corrected-quantum-computers-pioneering-the-next-frontier-in-quantum-innovation (1/1), chunk 20/42
[22:31:32 +2m 58s | thequantuminsider_2024_01_09_quera_computing_roadmap_for_advanced_error_corrected_quantum_0f11f8da] Repaired malformed JSON.
[22:31:32 +2m 58s | thequantuminsider_2024_01_09_quera_computing_roadmap_for_advanced_error_corrected_quantum_0f11f8da] Extracting actors: https://thequantuminsider.com/2024/01/09/quera-computing-roadmap-for-advanced-error-corrected-quantum-computers-pioneering-the-next-frontier-in-quantum-innovation (1/1), chunk 21/42
[22:31:41 +3m 7s | thequantuminsider_2024_01_09_quera_computing_roadmap_for_advanced_error_corrected_quantum_0f11f8da] Repaired malformed JSON.
[22:31:41 +3m 7s | thequantuminsider_2024_01_09_quera_computing_roadmap_for_advanced_error_corrected_quantum_0f11f8da] Extracting actors: https://thequantuminsider.com/2024/01/09/quera-computing-roadmap-for-advanced-error-corrected-quantum-computers-pioneering-the-next-frontier-in-quantum-innovation (1/1), chunk 22/42
[22:31:50 +3m 16s | thequantuminsider_2024_01_09_quera_computing_roadmap_for_advanced_error_corrected_quantum_0f11f8da] Repaired malformed JSON.
[22:31:50 +3m 16s | thequantuminsider_2024_01_09_quera_computing_roadmap_for_advanced_error_corrected_quantum_0f11f8da] Extracting actors: https://thequantuminsider.com/2024/01/09/quera-computing-roadmap-for-advanced-error-corrected-quantum-computers-pioneering-the-next-frontier-in-quantum-innovation (1/1), chunk 23/42
[22:31:59 +3m 25s | thequantuminsider_2024_01_09_quera_computing_roadmap_for_advanced_error_corrected_quantum_0f11f8da] Repaired malformed JSON.
[22:31:59 +3m 25s | thequantuminsider_2024_01_09_quera_computing_roadmap_for_advanced_error_corrected_quantum_0f11f8da] Extracting actors: https://thequantuminsider.com/2024/01/09/quera-computing-roadmap-for-advanced-error-corrected-quantum-computers-pioneering-the-next-frontier-in-quantum-innovation (1/1), chunk 24/42
[22:32:08 +3m 34s | thequantuminsider_2024_01_09_quera_computing_roadmap_for_advanced_error_corrected_quantum_0f11f8da] Repaired malformed JSON.
[22:32:08 +3m 34s | thequantuminsider_2024_01_09_quera_computing_roadmap_for_advanced_error_corrected_quantum_0f11f8da] Extracting actors: https://thequantuminsider.com/2024/01/09/quera-computing-roadmap-for-advanced-error-corrected-quantum-computers-pioneering-the-next-frontier-in-quantum-innovation (1/1), chunk 25/42
[22:32:15 +3m 41s | thequantuminsider_2024_01_09_quera_computing_roadmap_for_advanced_error_corrected_quantum_0f11f8da] Extracting actors: https://thequantuminsider.com/2024/01/09/quera-computing-roadmap-for-advanced-error-corrected-quantum-computers-pioneering-the-next-frontier-in-quantum-innovation (1/1), chunk 26/42
[22:32:41 +4m 6s | thequantuminsider_2024_01_09_quera_computing_roadmap_for_advanced_error_corrected_quantum_0f11f8da] Repaired malformed JSON.
[22:32:41 +4m 6s | thequantuminsider_2024_01_09_quera_computing_roadmap_for_advanced_error_corrected_quantum_0f11f8da] Extracting actors: https://thequantuminsider.com/2024/01/09/quera-computing-roadmap-for-advanced-error-corrected-quantum-computers-pioneering-the-next-frontier-in-quantum-innovation (1/1), chunk 27/42
[22:32:49 +4m 15s | thequantuminsider_2024_01_09_quera_computing_roadmap_for_advanced_error_corrected_quantum_0f11f8da] Repaired malformed JSON.
[22:32:49 +4m 15s | thequantuminsider_2024_01_09_quera_computing_roadmap_for_advanced_error_corrected_quantum_0f11f8da] Extracting actors: https://thequantuminsider.com/2024/01/09/quera-computing-roadmap-for-advanced-error-corrected-quantum-computers-pioneering-the-next-frontier-in-quantum-innovation (1/1), chunk 28/42
[22:32:57 +4m 22s | thequantuminsider_2024_01_09_quera_computing_roadmap_for_advanced_error_corrected_quantum_0f11f8da] Extracting actors: https://thequantuminsider.com/2024/01/09/quera-computing-roadmap-for-advanced-error-corrected-quantum-computers-pioneering-the-next-frontier-in-quantum-innovation (1/1), chunk 29/42
[22:33:04 +4m 29s | thequantuminsider_2024_01_09_quera_computing_roadmap_for_advanced_error_corrected_quantum_0f11f8da] Repaired malformed JSON.
[22:33:04 +4m 29s | thequantuminsider_2024_01_09_quera_computing_roadmap_for_advanced_error_corrected_quantum_0f11f8da] Extracting actors: https://thequantuminsider.com/2024/01/09/quera-computing-roadmap-for-advanced-error-corrected-quantum-computers-pioneering-the-next-frontier-in-quantum-innovation (1/1), chunk 30/42
[22:33:06 +4m 31s | thequantuminsider_2024_01_09_quera_computing_roadmap_for_advanced_error_corrected_quantum_0f11f8da] Extracting actors: https://thequantuminsider.com/2024/01/09/quera-computing-roadmap-for-advanced-error-corrected-quantum-computers-pioneering-the-next-frontier-in-quantum-innovation (1/1), chunk 31/42
[22:33:09 +4m 34s | thequantuminsider_2024_01_09_quera_computing_roadmap_for_advanced_error_corrected_quantum_0f11f8da] Extracting actors: https://thequantuminsider.com/2024/01/09/quera-computing-roadmap-for-advanced-error-corrected-quantum-computers-pioneering-the-next-frontier-in-quantum-innovation (1/1), chunk 32/42
[22:33:18 +4m 44s | thequantuminsider_2024_01_09_quera_computing_roadmap_for_advanced_error_corrected_quantum_0f11f8da] Repaired malformed JSON.
[22:33:18 +4m 44s | thequantuminsider_2024_01_09_quera_computing_roadmap_for_advanced_error_corrected_quantum_0f11f8da] Extracting actors: https://thequantuminsider.com/2024/01/09/quera-computing-roadmap-for-advanced-error-corrected-quantum-computers-pioneering-the-next-frontier-in-quantum-innovation (1/1), chunk 33/42
[22:33:26 +4m 52s | thequantuminsider_2024_01_09_quera_computing_roadmap_for_advanced_error_corrected_quantum_0f11f8da] Repaired malformed JSON.
[22:33:26 +4m 52s | thequantuminsider_2024_01_09_quera_computing_roadmap_for_advanced_error_corrected_quantum_0f11f8da] Extracting actors: https://thequantuminsider.com/2024/01/09/quera-computing-roadmap-for-advanced-error-corrected-quantum-computers-pioneering-the-next-frontier-in-quantum-innovation (1/1), chunk 34/42
[22:33:37 +5m 3s | thequantuminsider_2024_01_09_quera_computing_roadmap_for_advanced_error_corrected_quantum_0f11f8da] Repaired malformed JSON.
[22:33:37 +5m 3s | thequantuminsider_2024_01_09_quera_computing_roadmap_for_advanced_error_corrected_quantum_0f11f8da] Extracting actors: https://thequantuminsider.com/2024/01/09/quera-computing-roadmap-for-advanced-error-corrected-quantum-computers-pioneering-the-next-frontier-in-quantum-innovation (1/1), chunk 35/42
[22:33:43 +5m 9s | thequantuminsider_2024_01_09_quera_computing_roadmap_for_advanced_error_corrected_quantum_0f11f8da] Extracting actors: https://thequantuminsider.com/2024/01/09/quera-computing-roadmap-for-advanced-error-corrected-quantum-computers-pioneering-the-next-frontier-in-quantum-innovation (1/1), chunk 36/42
[22:33:52 +5m 18s | thequantuminsider_2024_01_09_quera_computing_roadmap_for_advanced_error_corrected_quantum_0f11f8da] Repaired malformed JSON.
[22:33:52 +5m 18s | thequantuminsider_2024_01_09_quera_computing_roadmap_for_advanced_error_corrected_quantum_0f11f8da] Extracting actors: https://thequantuminsider.com/2024/01/09/quera-computing-roadmap-for-advanced-error-corrected-quantum-computers-pioneering-the-next-frontier-in-quantum-innovation (1/1), chunk 37/42
[22:34:03 +5m 28s | thequantuminsider_2024_01_09_quera_computing_roadmap_for_advanced_error_corrected_quantum_0f11f8da] Repaired malformed JSON.
[22:34:03 +5m 28s | thequantuminsider_2024_01_09_quera_computing_roadmap_for_advanced_error_corrected_quantum_0f11f8da] Extracting actors: https://thequantuminsider.com/2024/01/09/quera-computing-roadmap-for-advanced-error-corrected-quantum-computers-pioneering-the-next-frontier-in-quantum-innovation (1/1), chunk 38/42
[22:34:11 +5m 37s | thequantuminsider_2024_01_09_quera_computing_roadmap_for_advanced_error_corrected_quantum_0f11f8da] Repaired malformed JSON.
[22:34:11 +5m 37s | thequantuminsider_2024_01_09_quera_computing_roadmap_for_advanced_error_corrected_quantum_0f11f8da] Extracting actors: https://thequantuminsider.com/2024/01/09/quera-computing-roadmap-for-advanced-error-corrected-quantum-computers-pioneering-the-next-frontier-in-quantum-innovation (1/1), chunk 39/42
[22:34:19 +5m 45s | thequantuminsider_2024_01_09_quera_computing_roadmap_for_advanced_error_corrected_quantum_0f11f8da] Repaired malformed JSON.
[22:34:19 +5m 45s | thequantuminsider_2024_01_09_quera_computing_roadmap_for_advanced_error_corrected_quantum_0f11f8da] Extracting actors: https://thequantuminsider.com/2024/01/09/quera-computing-roadmap-for-advanced-error-corrected-quantum-computers-pioneering-the-next-frontier-in-quantum-innovation (1/1), chunk 40/42
[22:34:25 +5m 51s | thequantuminsider_2024_01_09_quera_computing_roadmap_for_advanced_error_corrected_quantum_0f11f8da] Extracting actors: https://thequantuminsider.com/2024/01/09/quera-computing-roadmap-for-advanced-error-corrected-quantum-computers-pioneering-the-next-frontier-in-quantum-innovation (1/1), chunk 41/42
[22:34:34 +5m 59s | thequantuminsider_2024_01_09_quera_computing_roadmap_for_advanced_error_corrected_quantum_0f11f8da] Repaired malformed JSON.
[22:34:34 +5m 59s | thequantuminsider_2024_01_09_quera_computing_roadmap_for_advanced_error_corrected_quantum_0f11f8da] Extracting actors: https://thequantuminsider.com/2024/01/09/quera-computing-roadmap-for-advanced-error-corrected-quantum-computers-pioneering-the-next-frontier-in-quantum-innovation (1/1), chunk 42/42
[22:34:49 +6m 14s | thequantuminsider_2024_01_09_quera_computing_roadmap_for_advanced_error_corrected_quantum_0f11f8da] Repaired malformed JSON.
[22:34:49 +6m 14s | thequantuminsider_2024_01_09_quera_computing_roadmap_for_advanced_error_corrected_quantum_0f11f8da] Saved 1_actor_results.json with 62 extracted records

[22:34:49 +6m 15s | thequantuminsider_2024_01_09_quera_computing_roadmap_for_advanced_error_corrected_quantum_0f11f8da] === 2 clean actors ===
[22:34:49 +6m 15s | thequantuminsider_2024_01_09_quera_computing_roadmap_for_advanced_error_corrected_quantum_0f11f8da] Traceback (most recent call last):
[22:34:49 +6m 15s | thequantuminsider_2024_01_09_quera_computing_roadmap_for_advanced_error_corrected_quantum_0f11f8da]   File "/home/lv/IDP/idpdeeptech/pipeline/clean_actors.py", line 429, in <module>
[22:34:49 +6m 15s | thequantuminsider_2024_01_09_quera_computing_roadmap_for_advanced_error_corrected_quantum_0f11f8da]     main()
[22:34:49 +6m 15s | thequantuminsider_2024_01_09_quera_computing_roadmap_for_advanced_error_corrected_quantum_0f11f8da]   File "/home/lv/IDP/idpdeeptech/pipeline/clean_actors.py", line 416, in main
[22:34:49 +6m 15s | thequantuminsider_2024_01_09_quera_computing_roadmap_for_advanced_error_corrected_quantum_0f11f8da]     records = json.loads(INPUT_JSON.read_text(encoding="utf-8"))
[22:34:49 +6m 15s | thequantuminsider_2024_01_09_quera_computing_roadmap_for_advanced_error_corrected_quantum_0f11f8da]   File "/usr/lib/python3.10/pathlib.py", line 1134, in read_text
[22:34:49 +6m 15s | thequantuminsider_2024_01_09_quera_computing_roadmap_for_advanced_error_corrected_quantum_0f11f8da]     with self.open(mode='r', encoding=encoding, errors=errors) as f:
[22:34:49 +6m 15s | thequantuminsider_2024_01_09_quera_computing_roadmap_for_advanced_error_corrected_quantum_0f11f8da]   File "/usr/lib/python3.10/pathlib.py", line 1119, in open
[22:34:49 +6m 15s | thequantuminsider_2024_01_09_quera_computing_roadmap_for_advanced_error_corrected_quantum_0f11f8da]     return self._accessor.open(self, mode, buffering, encoding, errors,
[22:34:49 +6m 15s | thequantuminsider_2024_01_09_quera_computing_roadmap_for_advanced_error_corrected_quantum_0f11f8da] FileNotFoundError: [Errno 2] No such file or directory: 'site_outputs/psiquantum_com/1_actor_results_pdf.json'

========================================================================
RUN FINISHED 2026-07-04 22:34:49  (FAILED)
Started:     2026-07-04 22:28:34
Elapsed:     6m 15s
========================================================================

========================================================================
RUN STARTED  2026-07-04 23:43:54
site_pipeline.py https://thequantuminsider.com/2024/01/09/quera-computing-roadmap-for-advanced-error-corrected-quantum-computers-pioneering-the-next-frontier-in-quantum-innovation/
========================================================================

[23:43:54 +0s | thequantuminsider_2024_01_09_quera_computing_roadmap_for_advanced_error_corrected_quantum_0f11f8da] === 0 crawl site (skipped via auto (actor data already exists; pass --force to re-crawl), reusing /home/lv/IDP/idpdeeptech/pipeline/news_outputs/thequantuminsider_2024_01_09_quera_computing_roadmap_for_advanced_error_corrected_quantum_0f11f8da/crawl_output) ===

[23:43:54 +0s | thequantuminsider_2024_01_09_quera_computing_roadmap_for_advanced_error_corrected_quantum_0f11f8da] === 1 actor extraction ===
[23:43:54 +0s | thequantuminsider_2024_01_09_quera_computing_roadmap_for_advanced_error_corrected_quantum_0f11f8da] Auto-resume: 1 (url, ordinal) pairs already done, skipping them.
[23:43:54 +0s | thequantuminsider_2024_01_09_quera_computing_roadmap_for_advanced_error_corrected_quantum_0f11f8da] All 1 pages/URLs already processed (per 1_actor_results.progress.json). Nothing to do.
[23:43:54 +0s | thequantuminsider_2024_01_09_quera_computing_roadmap_for_advanced_error_corrected_quantum_0f11f8da] Delete the progress sidecar to force a full re-run, or pass --start-page N.

[23:43:54 +1s | thequantuminsider_2024_01_09_quera_computing_roadmap_for_advanced_error_corrected_quantum_0f11f8da] === 2 clean actors ===
[23:43:54 +1s | thequantuminsider_2024_01_09_quera_computing_roadmap_for_advanced_error_corrected_quantum_0f11f8da] Loaded 62 extracted records
[23:43:54 +1s | thequantuminsider_2024_01_09_quera_computing_roadmap_for_advanced_error_corrected_quantum_0f11f8da] Saved 2_actor_nodes.json with 19 canonical actor nodes

[23:43:54 +1s | thequantuminsider_2024_01_09_quera_computing_roadmap_for_advanced_error_corrected_quantum_0f11f8da] === 3 interaction extraction ===
[23:43:55 +1s | thequantuminsider_2024_01_09_quera_computing_roadmap_for_advanced_error_corrected_quantum_0f11f8da] Extracting interactions: https://thequantuminsider.com/2024/01/09/quera-computing-roadmap-for-advanced-error-corrected-quantum-computers-pioneering-the-next-frontier-in-quantum-innovation (1/1), chunk 7/42
[23:43:58 +5s | thequantuminsider_2024_01_09_quera_computing_roadmap_for_advanced_error_corrected_quantum_0f11f8da] Extracting interactions: https://thequantuminsider.com/2024/01/09/quera-computing-roadmap-for-advanced-error-corrected-quantum-computers-pioneering-the-next-frontier-in-quantum-innovation (1/1), chunk 11/42
[23:44:07 +13s | thequantuminsider_2024_01_09_quera_computing_roadmap_for_advanced_error_corrected_quantum_0f11f8da] Extracting interactions: https://thequantuminsider.com/2024/01/09/quera-computing-roadmap-for-advanced-error-corrected-quantum-computers-pioneering-the-next-frontier-in-quantum-innovation (1/1), chunk 12/42
[23:44:20 +27s | thequantuminsider_2024_01_09_quera_computing_roadmap_for_advanced_error_corrected_quantum_0f11f8da] Extracting interactions: https://thequantuminsider.com/2024/01/09/quera-computing-roadmap-for-advanced-error-corrected-quantum-computers-pioneering-the-next-frontier-in-quantum-innovation (1/1), chunk 13/42
[23:44:32 +39s | thequantuminsider_2024_01_09_quera_computing_roadmap_for_advanced_error_corrected_quantum_0f11f8da] Extracting interactions: https://thequantuminsider.com/2024/01/09/quera-computing-roadmap-for-advanced-error-corrected-quantum-computers-pioneering-the-next-frontier-in-quantum-innovation (1/1), chunk 14/42
[23:44:38 +44s | thequantuminsider_2024_01_09_quera_computing_roadmap_for_advanced_error_corrected_quantum_0f11f8da] Extracting interactions: https://thequantuminsider.com/2024/01/09/quera-computing-roadmap-for-advanced-error-corrected-quantum-computers-pioneering-the-next-frontier-in-quantum-innovation (1/1), chunk 15/42
[23:45:01 +1m 7s | thequantuminsider_2024_01_09_quera_computing_roadmap_for_advanced_error_corrected_quantum_0f11f8da] Extracting interactions: https://thequantuminsider.com/2024/01/09/quera-computing-roadmap-for-advanced-error-corrected-quantum-computers-pioneering-the-next-frontier-in-quantum-innovation (1/1), chunk 16/42
[23:45:45 +1m 52s | thequantuminsider_2024_01_09_quera_computing_roadmap_for_advanced_error_corrected_quantum_0f11f8da] Extracting interactions: https://thequantuminsider.com/2024/01/09/quera-computing-roadmap-for-advanced-error-corrected-quantum-computers-pioneering-the-next-frontier-in-quantum-innovation (1/1), chunk 17/42
[23:46:00 +2m 6s | thequantuminsider_2024_01_09_quera_computing_roadmap_for_advanced_error_corrected_quantum_0f11f8da] Extracting interactions: https://thequantuminsider.com/2024/01/09/quera-computing-roadmap-for-advanced-error-corrected-quantum-computers-pioneering-the-next-frontier-in-quantum-innovation (1/1), chunk 18/42
[23:46:05 +2m 11s | thequantuminsider_2024_01_09_quera_computing_roadmap_for_advanced_error_corrected_quantum_0f11f8da] Extracting interactions: https://thequantuminsider.com/2024/01/09/quera-computing-roadmap-for-advanced-error-corrected-quantum-computers-pioneering-the-next-frontier-in-quantum-innovation (1/1), chunk 19/42
[23:46:09 +2m 16s | thequantuminsider_2024_01_09_quera_computing_roadmap_for_advanced_error_corrected_quantum_0f11f8da] Extracting interactions: https://thequantuminsider.com/2024/01/09/quera-computing-roadmap-for-advanced-error-corrected-quantum-computers-pioneering-the-next-frontier-in-quantum-innovation (1/1), chunk 20/42
[23:46:11 +2m 17s | thequantuminsider_2024_01_09_quera_computing_roadmap_for_advanced_error_corrected_quantum_0f11f8da] Extracting interactions: https://thequantuminsider.com/2024/01/09/quera-computing-roadmap-for-advanced-error-corrected-quantum-computers-pioneering-the-next-frontier-in-quantum-innovation (1/1), chunk 21/42
[23:46:13 +2m 20s | thequantuminsider_2024_01_09_quera_computing_roadmap_for_advanced_error_corrected_quantum_0f11f8da] Extracting interactions: https://thequantuminsider.com/2024/01/09/quera-computing-roadmap-for-advanced-error-corrected-quantum-computers-pioneering-the-next-frontier-in-quantum-innovation (1/1), chunk 22/42
[23:46:28 +2m 35s | thequantuminsider_2024_01_09_quera_computing_roadmap_for_advanced_error_corrected_quantum_0f11f8da] Extracting interactions: https://thequantuminsider.com/2024/01/09/quera-computing-roadmap-for-advanced-error-corrected-quantum-computers-pioneering-the-next-frontier-in-quantum-innovation (1/1), chunk 23/42
[23:46:30 +2m 36s | thequantuminsider_2024_01_09_quera_computing_roadmap_for_advanced_error_corrected_quantum_0f11f8da] Extracting interactions: https://thequantuminsider.com/2024/01/09/quera-computing-roadmap-for-advanced-error-corrected-quantum-computers-pioneering-the-next-frontier-in-quantum-innovation (1/1), chunk 24/42
[23:46:55 +3m 1s | thequantuminsider_2024_01_09_quera_computing_roadmap_for_advanced_error_corrected_quantum_0f11f8da] Extracting interactions: https://thequantuminsider.com/2024/01/09/quera-computing-roadmap-for-advanced-error-corrected-quantum-computers-pioneering-the-next-frontier-in-quantum-innovation (1/1), chunk 25/42
[23:47:01 +3m 7s | thequantuminsider_2024_01_09_quera_computing_roadmap_for_advanced_error_corrected_quantum_0f11f8da] Extracting interactions: https://thequantuminsider.com/2024/01/09/quera-computing-roadmap-for-advanced-error-corrected-quantum-computers-pioneering-the-next-frontier-in-quantum-innovation (1/1), chunk 29/42
[23:47:24 +3m 30s | thequantuminsider_2024_01_09_quera_computing_roadmap_for_advanced_error_corrected_quantum_0f11f8da] Extracting interactions: https://thequantuminsider.com/2024/01/09/quera-computing-roadmap-for-advanced-error-corrected-quantum-computers-pioneering-the-next-frontier-in-quantum-innovation (1/1), chunk 30/42
[23:47:25 +3m 32s | thequantuminsider_2024_01_09_quera_computing_roadmap_for_advanced_error_corrected_quantum_0f11f8da] Extracting interactions: https://thequantuminsider.com/2024/01/09/quera-computing-roadmap-for-advanced-error-corrected-quantum-computers-pioneering-the-next-frontier-in-quantum-innovation (1/1), chunk 33/42
[23:47:27 +3m 34s | thequantuminsider_2024_01_09_quera_computing_roadmap_for_advanced_error_corrected_quantum_0f11f8da] Extracting interactions: https://thequantuminsider.com/2024/01/09/quera-computing-roadmap-for-advanced-error-corrected-quantum-computers-pioneering-the-next-frontier-in-quantum-innovation (1/1), chunk 34/42
[23:47:48 +3m 54s | thequantuminsider_2024_01_09_quera_computing_roadmap_for_advanced_error_corrected_quantum_0f11f8da] Extracting interactions: https://thequantuminsider.com/2024/01/09/quera-computing-roadmap-for-advanced-error-corrected-quantum-computers-pioneering-the-next-frontier-in-quantum-innovation (1/1), chunk 35/42
[23:47:50 +3m 56s | thequantuminsider_2024_01_09_quera_computing_roadmap_for_advanced_error_corrected_quantum_0f11f8da] Extracting interactions: https://thequantuminsider.com/2024/01/09/quera-computing-roadmap-for-advanced-error-corrected-quantum-computers-pioneering-the-next-frontier-in-quantum-innovation (1/1), chunk 36/42
[23:47:58 +4m 5s | thequantuminsider_2024_01_09_quera_computing_roadmap_for_advanced_error_corrected_quantum_0f11f8da] Extracting interactions: https://thequantuminsider.com/2024/01/09/quera-computing-roadmap-for-advanced-error-corrected-quantum-computers-pioneering-the-next-frontier-in-quantum-innovation (1/1), chunk 38/42
[23:48:09 +4m 15s | thequantuminsider_2024_01_09_quera_computing_roadmap_for_advanced_error_corrected_quantum_0f11f8da] Extracting interactions: https://thequantuminsider.com/2024/01/09/quera-computing-roadmap-for-advanced-error-corrected-quantum-computers-pioneering-the-next-frontier-in-quantum-innovation (1/1), chunk 39/42
[23:48:10 +4m 17s | thequantuminsider_2024_01_09_quera_computing_roadmap_for_advanced_error_corrected_quantum_0f11f8da] Extracting interactions: https://thequantuminsider.com/2024/01/09/quera-computing-roadmap-for-advanced-error-corrected-quantum-computers-pioneering-the-next-frontier-in-quantum-innovation (1/1), chunk 40/42
[23:48:12 +4m 18s | thequantuminsider_2024_01_09_quera_computing_roadmap_for_advanced_error_corrected_quantum_0f11f8da] Extracting interactions: https://thequantuminsider.com/2024/01/09/quera-computing-roadmap-for-advanced-error-corrected-quantum-computers-pioneering-the-next-frontier-in-quantum-innovation (1/1), chunk 41/42
[23:48:13 +4m 20s | thequantuminsider_2024_01_09_quera_computing_roadmap_for_advanced_error_corrected_quantum_0f11f8da] Saved 3_interaction_results.json with 19 extracted interactions.

[23:48:14 +4m 20s | thequantuminsider_2024_01_09_quera_computing_roadmap_for_advanced_error_corrected_quantum_0f11f8da] === 4 clean interactions ===
[23:48:14 +4m 20s | thequantuminsider_2024_01_09_quera_computing_roadmap_for_advanced_error_corrected_quantum_0f11f8da] Saved 4_edges.json with 4 cleaned interactions.

[23:48:14 +4m 20s | thequantuminsider_2024_01_09_quera_computing_roadmap_for_advanced_error_corrected_quantum_0f11f8da] === 5 helix enrichment ===
[23:48:14 +4m 20s | thequantuminsider_2024_01_09_quera_computing_roadmap_for_advanced_error_corrected_quantum_0f11f8da] Wrote 5_nodes.json (19 actors)
[23:48:14 +4m 20s | thequantuminsider_2024_01_09_quera_computing_roadmap_for_advanced_error_corrected_quantum_0f11f8da] Wrote 5_edges.json (4 interactions)
[23:48:14 +4m 20s | thequantuminsider_2024_01_09_quera_computing_roadmap_for_advanced_error_corrected_quantum_0f11f8da] Actor helix counts: {'Academia': 3, 'Civil Society': 4, 'Industry': 5, 'Unknown': 7}
[23:48:14 +4m 20s | thequantuminsider_2024_01_09_quera_computing_roadmap_for_advanced_error_corrected_quantum_0f11f8da] Functional-space counts: {'Intra-helix / Not classified': 2, 'Unknown': 2}

[23:48:14 +4m 20s | thequantuminsider_2024_01_09_quera_computing_roadmap_for_advanced_error_corrected_quantum_0f11f8da] === 6 network visualisation ===
[23:48:15 +4m 21s | thequantuminsider_2024_01_09_quera_computing_roadmap_for_advanced_error_corrected_quantum_0f11f8da] Wrote quantum_network.html
[23:48:15 +4m 21s | thequantuminsider_2024_01_09_quera_computing_roadmap_for_advanced_error_corrected_quantum_0f11f8da] Nodes: 19
[23:48:15 +4m 21s | thequantuminsider_2024_01_09_quera_computing_roadmap_for_advanced_error_corrected_quantum_0f11f8da] Edges: 4

[23:48:15 +4m 21s | thequantuminsider_2024_01_09_quera_computing_roadmap_for_advanced_error_corrected_quantum_0f11f8da] Done. Outputs written to: /home/lv/IDP/idpdeeptech/pipeline/news_outputs/thequantuminsider_2024_01_09_quera_computing_roadmap_for_advanced_error_corrected_quantum_0f11f8da
[23:48:15 +4m 21s | thequantuminsider_2024_01_09_quera_computing_roadmap_for_advanced_error_corrected_quantum_0f11f8da] Log: /home/lv/IDP/idpdeeptech/pipeline/news_outputs/thequantuminsider_2024_01_09_quera_computing_roadmap_for_advanced_error_corrected_quantum_0f11f8da/run.log

========================================================================
RUN FINISHED 2026-07-04 23:48:15  (OK)
Started:     2026-07-04 23:43:54
Elapsed:     4m 21s
========================================================================
