
========================================================================
RUN STARTED  2026-07-05 04:40:34
site_pipeline.py https://thequantuminsider.com/2023/11/01/boeing-announces-3-5-million-dollar-investment-to-expand-chicago-quantum-exchange-partnership/
========================================================================

[04:40:34 +0s | thequantuminsider_2023_11_01_boeing_announces_3_5_million_dollar_investment_to_expand_chi_a470497d] === 0 crawl site ===
[04:40:35 +1s | thequantuminsider_2023_11_01_boeing_announces_3_5_million_dollar_investment_to_expand_chi_a470497d] [INIT].... → Crawl4AI 0.8.6 
[04:40:37 +3s | thequantuminsider_2023_11_01_boeing_announces_3_5_million_dollar_investment_to_expand_chi_a470497d] [FETCH]... ↓ https://thequantuminsider.com/2023/11/01/boeing-...-to-expand-chicago-quantum-exchange-partnership/  | ✓ | ⏱: 2.02s 
[04:40:37 +4s | thequantuminsider_2023_11_01_boeing_announces_3_5_million_dollar_investment_to_expand_chi_a470497d] [SCRAPE].. ◆ https://thequantuminsider.com/2023/11/01/boeing-...-to-expand-chicago-quantum-exchange-partnership/  | ✓ | ⏱: 0.11s 
[04:40:37 +4s | thequantuminsider_2023_11_01_boeing_announces_3_5_million_dollar_investment_to_expand_chi_a470497d] [COMPLETE] ● https://thequantuminsider.com/2023/11/01/boeing-...-to-expand-chicago-quantum-exchange-partnership/  | ✓ | ⏱: 2.15s 
[04:40:37 +4s | thequantuminsider_2023_11_01_boeing_announces_3_5_million_dollar_investment_to_expand_chi_a470497d] Saved: crawl_output/0068d288ad_thequantuminsider.com_2023_11_01_boeing-announces-3-5-million-dollar-investment-to-expand-chicago-quantum-exchange-partnership.json

[04:40:38 +4s | thequantuminsider_2023_11_01_boeing_announces_3_5_million_dollar_investment_to_expand_chi_a470497d] === 1 actor extraction ===
[04:40:38 +4s | thequantuminsider_2023_11_01_boeing_announces_3_5_million_dollar_investment_to_expand_chi_a470497d] Reading page (1/1): https://thequantuminsider.com/2023/11/01/boeing-announces-3-5-million-dollar-investment-to-expand-chicago-quantum-exchange-partnership
[04:40:38 +4s | thequantuminsider_2023_11_01_boeing_announces_3_5_million_dollar_investment_to_expand_chi_a470497d] Extracting actors: https://thequantuminsider.com/2023/11/01/boeing-announces-3-5-million-dollar-investment-to-expand-chicago-quantum-exchange-partnership (1/1), chunk 1/36
[04:40:44 +10s | thequantuminsider_2023_11_01_boeing_announces_3_5_million_dollar_investment_to_expand_chi_a470497d] Repaired malformed JSON.
[04:40:44 +10s | thequantuminsider_2023_11_01_boeing_announces_3_5_million_dollar_investment_to_expand_chi_a470497d] Extracting actors: https://thequantuminsider.com/2023/11/01/boeing-announces-3-5-million-dollar-investment-to-expand-chicago-quantum-exchange-partnership (1/1), chunk 2/36
[04:40:51 +18s | thequantuminsider_2023_11_01_boeing_announces_3_5_million_dollar_investment_to_expand_chi_a470497d] Repaired malformed JSON.
[04:40:51 +18s | thequantuminsider_2023_11_01_boeing_announces_3_5_million_dollar_investment_to_expand_chi_a470497d] Extracting actors: https://thequantuminsider.com/2023/11/01/boeing-announces-3-5-million-dollar-investment-to-expand-chicago-quantum-exchange-partnership (1/1), chunk 3/36
[04:40:56 +24s | thequantuminsider_2023_11_01_boeing_announces_3_5_million_dollar_investment_to_expand_chi_a470497d] Repaired malformed JSON.
[04:40:56 +24s | thequantuminsider_2023_11_01_boeing_announces_3_5_million_dollar_investment_to_expand_chi_a470497d] Extracting actors: https://thequantuminsider.com/2023/11/01/boeing-announces-3-5-million-dollar-investment-to-expand-chicago-quantum-exchange-partnership (1/1), chunk 4/36
[04:41:25 +53s | thequantuminsider_2023_11_01_boeing_announces_3_5_million_dollar_investment_to_expand_chi_a470497d] Repaired malformed JSON.
[04:41:25 +53s | thequantuminsider_2023_11_01_boeing_announces_3_5_million_dollar_investment_to_expand_chi_a470497d] Extracting actors: https://thequantuminsider.com/2023/11/01/boeing-announces-3-5-million-dollar-investment-to-expand-chicago-quantum-exchange-partnership (1/1), chunk 5/36
[04:41:31 +1m 1s | thequantuminsider_2023_11_01_boeing_announces_3_5_million_dollar_investment_to_expand_chi_a470497d] Repaired malformed JSON.
[04:41:31 +1m 1s | thequantuminsider_2023_11_01_boeing_announces_3_5_million_dollar_investment_to_expand_chi_a470497d] Extracting actors: https://thequantuminsider.com/2023/11/01/boeing-announces-3-5-million-dollar-investment-to-expand-chicago-quantum-exchange-partnership (1/1), chunk 6/36
[04:41:37 +1m 7s | thequantuminsider_2023_11_01_boeing_announces_3_5_million_dollar_investment_to_expand_chi_a470497d] Repaired malformed JSON.
[04:41:37 +1m 7s | thequantuminsider_2023_11_01_boeing_announces_3_5_million_dollar_investment_to_expand_chi_a470497d] Extracting actors: https://thequantuminsider.com/2023/11/01/boeing-announces-3-5-million-dollar-investment-to-expand-chicago-quantum-exchange-partnership (1/1), chunk 7/36
[04:41:44 +1m 14s | thequantuminsider_2023_11_01_boeing_announces_3_5_million_dollar_investment_to_expand_chi_a470497d] Repaired malformed JSON.
[04:41:44 +1m 14s | thequantuminsider_2023_11_01_boeing_announces_3_5_million_dollar_investment_to_expand_chi_a470497d] Extracting actors: https://thequantuminsider.com/2023/11/01/boeing-announces-3-5-million-dollar-investment-to-expand-chicago-quantum-exchange-partnership (1/1), chunk 8/36
[04:41:51 +1m 21s | thequantuminsider_2023_11_01_boeing_announces_3_5_million_dollar_investment_to_expand_chi_a470497d] Repaired malformed JSON.
[04:41:51 +1m 21s | thequantuminsider_2023_11_01_boeing_announces_3_5_million_dollar_investment_to_expand_chi_a470497d] Extracting actors: https://thequantuminsider.com/2023/11/01/boeing-announces-3-5-million-dollar-investment-to-expand-chicago-quantum-exchange-partnership (1/1), chunk 9/36
[04:41:56 +1m 26s | thequantuminsider_2023_11_01_boeing_announces_3_5_million_dollar_investment_to_expand_chi_a470497d] Extracting actors: https://thequantuminsider.com/2023/11/01/boeing-announces-3-5-million-dollar-investment-to-expand-chicago-quantum-exchange-partnership (1/1), chunk 10/36
[04:42:05 +1m 36s | thequantuminsider_2023_11_01_boeing_announces_3_5_million_dollar_investment_to_expand_chi_a470497d] Repaired malformed JSON.
[04:42:05 +1m 36s | thequantuminsider_2023_11_01_boeing_announces_3_5_million_dollar_investment_to_expand_chi_a470497d] Extracting actors: https://thequantuminsider.com/2023/11/01/boeing-announces-3-5-million-dollar-investment-to-expand-chicago-quantum-exchange-partnership (1/1), chunk 11/36
[04:42:11 +1m 42s | thequantuminsider_2023_11_01_boeing_announces_3_5_million_dollar_investment_to_expand_chi_a470497d] Repaired malformed JSON.
[04:42:11 +1m 42s | thequantuminsider_2023_11_01_boeing_announces_3_5_million_dollar_investment_to_expand_chi_a470497d] Extracting actors: https://thequantuminsider.com/2023/11/01/boeing-announces-3-5-million-dollar-investment-to-expand-chicago-quantum-exchange-partnership (1/1), chunk 12/36
[04:42:19 +1m 51s | thequantuminsider_2023_11_01_boeing_announces_3_5_million_dollar_investment_to_expand_chi_a470497d] Repaired malformed JSON.
[04:42:19 +1m 51s | thequantuminsider_2023_11_01_boeing_announces_3_5_million_dollar_investment_to_expand_chi_a470497d] Extracting actors: https://thequantuminsider.com/2023/11/01/boeing-announces-3-5-million-dollar-investment-to-expand-chicago-quantum-exchange-partnership (1/1), chunk 13/36
[04:42:27 +2m 1s | thequantuminsider_2023_11_01_boeing_announces_3_5_million_dollar_investment_to_expand_chi_a470497d] Repaired malformed JSON.
[04:42:27 +2m 1s | thequantuminsider_2023_11_01_boeing_announces_3_5_million_dollar_investment_to_expand_chi_a470497d] Extracting actors: https://thequantuminsider.com/2023/11/01/boeing-announces-3-5-million-dollar-investment-to-expand-chicago-quantum-exchange-partnership (1/1), chunk 14/36
[04:42:35 +2m 8s | thequantuminsider_2023_11_01_boeing_announces_3_5_million_dollar_investment_to_expand_chi_a470497d] Repaired malformed JSON.
[04:42:35 +2m 8s | thequantuminsider_2023_11_01_boeing_announces_3_5_million_dollar_investment_to_expand_chi_a470497d] Extracting actors: https://thequantuminsider.com/2023/11/01/boeing-announces-3-5-million-dollar-investment-to-expand-chicago-quantum-exchange-partnership (1/1), chunk 15/36
[04:42:41 +2m 14s | thequantuminsider_2023_11_01_boeing_announces_3_5_million_dollar_investment_to_expand_chi_a470497d] Repaired malformed JSON.
[04:42:41 +2m 14s | thequantuminsider_2023_11_01_boeing_announces_3_5_million_dollar_investment_to_expand_chi_a470497d] Extracting actors: https://thequantuminsider.com/2023/11/01/boeing-announces-3-5-million-dollar-investment-to-expand-chicago-quantum-exchange-partnership (1/1), chunk 16/36
[04:42:48 +2m 22s | thequantuminsider_2023_11_01_boeing_announces_3_5_million_dollar_investment_to_expand_chi_a470497d] Repaired malformed JSON.
[04:42:48 +2m 22s | thequantuminsider_2023_11_01_boeing_announces_3_5_million_dollar_investment_to_expand_chi_a470497d] Extracting actors: https://thequantuminsider.com/2023/11/01/boeing-announces-3-5-million-dollar-investment-to-expand-chicago-quantum-exchange-partnership (1/1), chunk 17/36
[04:42:56 +2m 30s | thequantuminsider_2023_11_01_boeing_announces_3_5_million_dollar_investment_to_expand_chi_a470497d] Repaired malformed JSON.
[04:42:56 +2m 30s | thequantuminsider_2023_11_01_boeing_announces_3_5_million_dollar_investment_to_expand_chi_a470497d] Extracting actors: https://thequantuminsider.com/2023/11/01/boeing-announces-3-5-million-dollar-investment-to-expand-chicago-quantum-exchange-partnership (1/1), chunk 18/36
[04:43:01 +2m 37s | thequantuminsider_2023_11_01_boeing_announces_3_5_million_dollar_investment_to_expand_chi_a470497d] Repaired malformed JSON.
[04:43:01 +2m 37s | thequantuminsider_2023_11_01_boeing_announces_3_5_million_dollar_investment_to_expand_chi_a470497d] Extracting actors: https://thequantuminsider.com/2023/11/01/boeing-announces-3-5-million-dollar-investment-to-expand-chicago-quantum-exchange-partnership (1/1), chunk 19/36
[04:43:20 +2m 56s | thequantuminsider_2023_11_01_boeing_announces_3_5_million_dollar_investment_to_expand_chi_a470497d] Repaired malformed JSON.
[04:43:20 +2m 56s | thequantuminsider_2023_11_01_boeing_announces_3_5_million_dollar_investment_to_expand_chi_a470497d] Extracting actors: https://thequantuminsider.com/2023/11/01/boeing-announces-3-5-million-dollar-investment-to-expand-chicago-quantum-exchange-partnership (1/1), chunk 20/36
[04:43:28 +3m 5s | thequantuminsider_2023_11_01_boeing_announces_3_5_million_dollar_investment_to_expand_chi_a470497d] Repaired malformed JSON.
[04:43:28 +3m 5s | thequantuminsider_2023_11_01_boeing_announces_3_5_million_dollar_investment_to_expand_chi_a470497d] Extracting actors: https://thequantuminsider.com/2023/11/01/boeing-announces-3-5-million-dollar-investment-to-expand-chicago-quantum-exchange-partnership (1/1), chunk 21/36
[04:43:37 +3m 14s | thequantuminsider_2023_11_01_boeing_announces_3_5_million_dollar_investment_to_expand_chi_a470497d] Repaired malformed JSON.
[04:43:37 +3m 14s | thequantuminsider_2023_11_01_boeing_announces_3_5_million_dollar_investment_to_expand_chi_a470497d] Extracting actors: https://thequantuminsider.com/2023/11/01/boeing-announces-3-5-million-dollar-investment-to-expand-chicago-quantum-exchange-partnership (1/1), chunk 22/36
[04:43:44 +3m 21s | thequantuminsider_2023_11_01_boeing_announces_3_5_million_dollar_investment_to_expand_chi_a470497d] Repaired malformed JSON.
[04:43:44 +3m 21s | thequantuminsider_2023_11_01_boeing_announces_3_5_million_dollar_investment_to_expand_chi_a470497d] Extracting actors: https://thequantuminsider.com/2023/11/01/boeing-announces-3-5-million-dollar-investment-to-expand-chicago-quantum-exchange-partnership (1/1), chunk 23/36
[04:43:52 +3m 29s | thequantuminsider_2023_11_01_boeing_announces_3_5_million_dollar_investment_to_expand_chi_a470497d] Repaired malformed JSON.
[04:43:52 +3m 29s | thequantuminsider_2023_11_01_boeing_announces_3_5_million_dollar_investment_to_expand_chi_a470497d] Extracting actors: https://thequantuminsider.com/2023/11/01/boeing-announces-3-5-million-dollar-investment-to-expand-chicago-quantum-exchange-partnership (1/1), chunk 24/36
[04:43:57 +3m 35s | thequantuminsider_2023_11_01_boeing_announces_3_5_million_dollar_investment_to_expand_chi_a470497d] Extracting actors: https://thequantuminsider.com/2023/11/01/boeing-announces-3-5-million-dollar-investment-to-expand-chicago-quantum-exchange-partnership (1/1), chunk 25/36
[04:44:05 +3m 44s | thequantuminsider_2023_11_01_boeing_announces_3_5_million_dollar_investment_to_expand_chi_a470497d] Repaired malformed JSON.
[04:44:05 +3m 44s | thequantuminsider_2023_11_01_boeing_announces_3_5_million_dollar_investment_to_expand_chi_a470497d] Extracting actors: https://thequantuminsider.com/2023/11/01/boeing-announces-3-5-million-dollar-investment-to-expand-chicago-quantum-exchange-partnership (1/1), chunk 26/36
[04:44:10 +3m 49s | thequantuminsider_2023_11_01_boeing_announces_3_5_million_dollar_investment_to_expand_chi_a470497d] Extracting actors: https://thequantuminsider.com/2023/11/01/boeing-announces-3-5-million-dollar-investment-to-expand-chicago-quantum-exchange-partnership (1/1), chunk 27/36
[04:44:19 +3m 58s | thequantuminsider_2023_11_01_boeing_announces_3_5_million_dollar_investment_to_expand_chi_a470497d] Repaired malformed JSON.
[04:44:19 +3m 58s | thequantuminsider_2023_11_01_boeing_announces_3_5_million_dollar_investment_to_expand_chi_a470497d] Extracting actors: https://thequantuminsider.com/2023/11/01/boeing-announces-3-5-million-dollar-investment-to-expand-chicago-quantum-exchange-partnership (1/1), chunk 28/36
[04:44:24 +4m 4s | thequantuminsider_2023_11_01_boeing_announces_3_5_million_dollar_investment_to_expand_chi_a470497d] Repaired malformed JSON.
[04:44:24 +4m 4s | thequantuminsider_2023_11_01_boeing_announces_3_5_million_dollar_investment_to_expand_chi_a470497d] Extracting actors: https://thequantuminsider.com/2023/11/01/boeing-announces-3-5-million-dollar-investment-to-expand-chicago-quantum-exchange-partnership (1/1), chunk 29/36
[04:44:31 +4m 12s | thequantuminsider_2023_11_01_boeing_announces_3_5_million_dollar_investment_to_expand_chi_a470497d] Repaired malformed JSON.
[04:44:31 +4m 12s | thequantuminsider_2023_11_01_boeing_announces_3_5_million_dollar_investment_to_expand_chi_a470497d] Extracting actors: https://thequantuminsider.com/2023/11/01/boeing-announces-3-5-million-dollar-investment-to-expand-chicago-quantum-exchange-partnership (1/1), chunk 30/36
[04:44:55 +4m 36s | thequantuminsider_2023_11_01_boeing_announces_3_5_million_dollar_investment_to_expand_chi_a470497d] Repaired malformed JSON.
[04:44:55 +4m 36s | thequantuminsider_2023_11_01_boeing_announces_3_5_million_dollar_investment_to_expand_chi_a470497d] Extracting actors: https://thequantuminsider.com/2023/11/01/boeing-announces-3-5-million-dollar-investment-to-expand-chicago-quantum-exchange-partnership (1/1), chunk 31/36
[04:45:01 +4m 44s | thequantuminsider_2023_11_01_boeing_announces_3_5_million_dollar_investment_to_expand_chi_a470497d] Repaired malformed JSON.
[04:45:01 +4m 44s | thequantuminsider_2023_11_01_boeing_announces_3_5_million_dollar_investment_to_expand_chi_a470497d] Extracting actors: https://thequantuminsider.com/2023/11/01/boeing-announces-3-5-million-dollar-investment-to-expand-chicago-quantum-exchange-partnership (1/1), chunk 32/36
[04:45:10 +4m 53s | thequantuminsider_2023_11_01_boeing_announces_3_5_million_dollar_investment_to_expand_chi_a470497d] Repaired malformed JSON.
[04:45:10 +4m 53s | thequantuminsider_2023_11_01_boeing_announces_3_5_million_dollar_investment_to_expand_chi_a470497d] Extracting actors: https://thequantuminsider.com/2023/11/01/boeing-announces-3-5-million-dollar-investment-to-expand-chicago-quantum-exchange-partnership (1/1), chunk 33/36
[04:45:30 +5m 15s | thequantuminsider_2023_11_01_boeing_announces_3_5_million_dollar_investment_to_expand_chi_a470497d] Repaired malformed JSON.
[04:45:30 +5m 15s | thequantuminsider_2023_11_01_boeing_announces_3_5_million_dollar_investment_to_expand_chi_a470497d] Extracting actors: https://thequantuminsider.com/2023/11/01/boeing-announces-3-5-million-dollar-investment-to-expand-chicago-quantum-exchange-partnership (1/1), chunk 34/36
[04:45:37 +5m 22s | thequantuminsider_2023_11_01_boeing_announces_3_5_million_dollar_investment_to_expand_chi_a470497d] Repaired malformed JSON.
[04:45:37 +5m 22s | thequantuminsider_2023_11_01_boeing_announces_3_5_million_dollar_investment_to_expand_chi_a470497d] Extracting actors: https://thequantuminsider.com/2023/11/01/boeing-announces-3-5-million-dollar-investment-to-expand-chicago-quantum-exchange-partnership (1/1), chunk 35/36
[04:45:45 +5m 30s | thequantuminsider_2023_11_01_boeing_announces_3_5_million_dollar_investment_to_expand_chi_a470497d] Repaired malformed JSON.
[04:45:45 +5m 30s | thequantuminsider_2023_11_01_boeing_announces_3_5_million_dollar_investment_to_expand_chi_a470497d] Extracting actors: https://thequantuminsider.com/2023/11/01/boeing-announces-3-5-million-dollar-investment-to-expand-chicago-quantum-exchange-partnership (1/1), chunk 36/36
[04:45:51 +5m 35s | thequantuminsider_2023_11_01_boeing_announces_3_5_million_dollar_investment_to_expand_chi_a470497d] Repaired malformed JSON.
[04:45:51 +5m 36s | thequantuminsider_2023_11_01_boeing_announces_3_5_million_dollar_investment_to_expand_chi_a470497d] Saved 1_actor_results.json with 66 extracted records

[04:45:51 +5m 36s | thequantuminsider_2023_11_01_boeing_announces_3_5_million_dollar_investment_to_expand_chi_a470497d] === 2 clean actors ===
[04:45:51 +5m 36s | thequantuminsider_2023_11_01_boeing_announces_3_5_million_dollar_investment_to_expand_chi_a470497d] Loaded 66 extracted records
[04:45:51 +5m 36s | thequantuminsider_2023_11_01_boeing_announces_3_5_million_dollar_investment_to_expand_chi_a470497d] Saved 2_actor_nodes.json with 11 canonical actor nodes

[04:45:51 +5m 36s | thequantuminsider_2023_11_01_boeing_announces_3_5_million_dollar_investment_to_expand_chi_a470497d] === 3 interaction extraction ===
[04:45:51 +5m 36s | thequantuminsider_2023_11_01_boeing_announces_3_5_million_dollar_investment_to_expand_chi_a470497d] Extracting interactions: https://thequantuminsider.com/2023/11/01/boeing-announces-3-5-million-dollar-investment-to-expand-chicago-quantum-exchange-partnership (1/1), chunk 11/36
[04:45:59 +5m 45s | thequantuminsider_2023_11_01_boeing_announces_3_5_million_dollar_investment_to_expand_chi_a470497d] Extracting interactions: https://thequantuminsider.com/2023/11/01/boeing-announces-3-5-million-dollar-investment-to-expand-chicago-quantum-exchange-partnership (1/1), chunk 12/36
[04:46:22 +6m 8s | thequantuminsider_2023_11_01_boeing_announces_3_5_million_dollar_investment_to_expand_chi_a470497d] Extracting interactions: https://thequantuminsider.com/2023/11/01/boeing-announces-3-5-million-dollar-investment-to-expand-chicago-quantum-exchange-partnership (1/1), chunk 13/36
[04:46:53 +6m 41s | thequantuminsider_2023_11_01_boeing_announces_3_5_million_dollar_investment_to_expand_chi_a470497d] Extracting interactions: https://thequantuminsider.com/2023/11/01/boeing-announces-3-5-million-dollar-investment-to-expand-chicago-quantum-exchange-partnership (1/1), chunk 14/36
[04:47:10 +7m 0s | thequantuminsider_2023_11_01_boeing_announces_3_5_million_dollar_investment_to_expand_chi_a470497d] Extracting interactions: https://thequantuminsider.com/2023/11/01/boeing-announces-3-5-million-dollar-investment-to-expand-chicago-quantum-exchange-partnership (1/1), chunk 15/36
[04:47:42 +7m 34s | thequantuminsider_2023_11_01_boeing_announces_3_5_million_dollar_investment_to_expand_chi_a470497d] Extracting interactions: https://thequantuminsider.com/2023/11/01/boeing-announces-3-5-million-dollar-investment-to-expand-chicago-quantum-exchange-partnership (1/1), chunk 16/36
[04:47:43 +7m 36s | thequantuminsider_2023_11_01_boeing_announces_3_5_million_dollar_investment_to_expand_chi_a470497d] Extracting interactions: https://thequantuminsider.com/2023/11/01/boeing-announces-3-5-million-dollar-investment-to-expand-chicago-quantum-exchange-partnership (1/1), chunk 19/36
[04:47:54 +7m 46s | thequantuminsider_2023_11_01_boeing_announces_3_5_million_dollar_investment_to_expand_chi_a470497d] Extracting interactions: https://thequantuminsider.com/2023/11/01/boeing-announces-3-5-million-dollar-investment-to-expand-chicago-quantum-exchange-partnership (1/1), chunk 20/36
[04:48:03 +7m 57s | thequantuminsider_2023_11_01_boeing_announces_3_5_million_dollar_investment_to_expand_chi_a470497d] Extracting interactions: https://thequantuminsider.com/2023/11/01/boeing-announces-3-5-million-dollar-investment-to-expand-chicago-quantum-exchange-partnership (1/1), chunk 25/36
[04:48:08 +8m 2s | thequantuminsider_2023_11_01_boeing_announces_3_5_million_dollar_investment_to_expand_chi_a470497d] Extracting interactions: https://thequantuminsider.com/2023/11/01/boeing-announces-3-5-million-dollar-investment-to-expand-chicago-quantum-exchange-partnership (1/1), chunk 26/36
[04:48:09 +8m 3s | thequantuminsider_2023_11_01_boeing_announces_3_5_million_dollar_investment_to_expand_chi_a470497d] Extracting interactions: https://thequantuminsider.com/2023/11/01/boeing-announces-3-5-million-dollar-investment-to-expand-chicago-quantum-exchange-partnership (1/1), chunk 29/36
[04:48:12 +8m 6s | thequantuminsider_2023_11_01_boeing_announces_3_5_million_dollar_investment_to_expand_chi_a470497d] Extracting interactions: https://thequantuminsider.com/2023/11/01/boeing-announces-3-5-million-dollar-investment-to-expand-chicago-quantum-exchange-partnership (1/1), chunk 30/36
[04:48:17 +8m 11s | thequantuminsider_2023_11_01_boeing_announces_3_5_million_dollar_investment_to_expand_chi_a470497d] Extracting interactions: https://thequantuminsider.com/2023/11/01/boeing-announces-3-5-million-dollar-investment-to-expand-chicago-quantum-exchange-partnership (1/1), chunk 31/36
[04:48:22 +8m 16s | thequantuminsider_2023_11_01_boeing_announces_3_5_million_dollar_investment_to_expand_chi_a470497d] Extracting interactions: https://thequantuminsider.com/2023/11/01/boeing-announces-3-5-million-dollar-investment-to-expand-chicago-quantum-exchange-partnership (1/1), chunk 32/36
[04:48:23 +8m 17s | thequantuminsider_2023_11_01_boeing_announces_3_5_million_dollar_investment_to_expand_chi_a470497d] Extracting interactions: https://thequantuminsider.com/2023/11/01/boeing-announces-3-5-million-dollar-investment-to-expand-chicago-quantum-exchange-partnership (1/1), chunk 34/36
[04:48:25 +8m 19s | thequantuminsider_2023_11_01_boeing_announces_3_5_million_dollar_investment_to_expand_chi_a470497d] Extracting interactions: https://thequantuminsider.com/2023/11/01/boeing-announces-3-5-million-dollar-investment-to-expand-chicago-quantum-exchange-partnership (1/1), chunk 35/36
[04:48:27 +8m 21s | thequantuminsider_2023_11_01_boeing_announces_3_5_million_dollar_investment_to_expand_chi_a470497d] Extracting interactions: https://thequantuminsider.com/2023/11/01/boeing-announces-3-5-million-dollar-investment-to-expand-chicago-quantum-exchange-partnership (1/1), chunk 36/36
[04:48:45 +8m 41s | thequantuminsider_2023_11_01_boeing_announces_3_5_million_dollar_investment_to_expand_chi_a470497d] Saved 3_interaction_results.json with 26 extracted interactions.

[04:48:45 +8m 41s | thequantuminsider_2023_11_01_boeing_announces_3_5_million_dollar_investment_to_expand_chi_a470497d] === 4 clean interactions ===
[04:48:45 +8m 41s | thequantuminsider_2023_11_01_boeing_announces_3_5_million_dollar_investment_to_expand_chi_a470497d] Saved 4_edges.json with 6 cleaned interactions.

[04:48:45 +8m 41s | thequantuminsider_2023_11_01_boeing_announces_3_5_million_dollar_investment_to_expand_chi_a470497d] === 5 helix enrichment ===
[04:48:45 +8m 41s | thequantuminsider_2023_11_01_boeing_announces_3_5_million_dollar_investment_to_expand_chi_a470497d] Wrote 5_nodes.json (11 actors)
[04:48:45 +8m 41s | thequantuminsider_2023_11_01_boeing_announces_3_5_million_dollar_investment_to_expand_chi_a470497d] Wrote 5_edges.json (6 interactions)
[04:48:45 +8m 41s | thequantuminsider_2023_11_01_boeing_announces_3_5_million_dollar_investment_to_expand_chi_a470497d] Actor helix counts: {'Academia': 2, 'Civil Society': 3, 'Industry': 1, 'Intermediary': 1, 'Unknown': 4}
[04:48:45 +8m 41s | thequantuminsider_2023_11_01_boeing_announces_3_5_million_dollar_investment_to_expand_chi_a470497d] Functional-space counts: {'Innovation': 6}

[04:48:45 +8m 41s | thequantuminsider_2023_11_01_boeing_announces_3_5_million_dollar_investment_to_expand_chi_a470497d] === 6 network visualisation ===
[04:48:46 +8m 41s | thequantuminsider_2023_11_01_boeing_announces_3_5_million_dollar_investment_to_expand_chi_a470497d] Wrote quantum_network.html
[04:48:46 +8m 41s | thequantuminsider_2023_11_01_boeing_announces_3_5_million_dollar_investment_to_expand_chi_a470497d] Nodes: 11
[04:48:46 +8m 41s | thequantuminsider_2023_11_01_boeing_announces_3_5_million_dollar_investment_to_expand_chi_a470497d] Edges: 1

[04:48:46 +8m 42s | thequantuminsider_2023_11_01_boeing_announces_3_5_million_dollar_investment_to_expand_chi_a470497d] Done. Outputs written to: /home/lv/IDP/idpdeeptech/pipeline/news_outputs/thequantuminsider_2023_11_01_boeing_announces_3_5_million_dollar_investment_to_expand_chi_a470497d
[04:48:46 +8m 42s | thequantuminsider_2023_11_01_boeing_announces_3_5_million_dollar_investment_to_expand_chi_a470497d] Log: /home/lv/IDP/idpdeeptech/pipeline/news_outputs/thequantuminsider_2023_11_01_boeing_announces_3_5_million_dollar_investment_to_expand_chi_a470497d/run.log

========================================================================
RUN FINISHED 2026-07-05 04:48:46  (OK)
Started:     2026-07-05 04:40:34
Elapsed:     8m 42s
========================================================================
