
========================================================================
RUN STARTED  2026-07-05 05:40:03
site_pipeline.py https://thequantuminsider.com/2023/10/18/pasqal-announces-partnership-to-develop-a-photonic-quantum-processor-powered-by-neutral-atom-technology/
========================================================================

[05:40:03 +0s | thequantuminsider_2023_10_18_pasqal_announces_partnership_to_develop_a_photonic_quantum_p_9902791e] === 0 crawl site ===
[05:40:05 +1s | thequantuminsider_2023_10_18_pasqal_announces_partnership_to_develop_a_photonic_quantum_p_9902791e] [INIT].... → Crawl4AI 0.8.6 
[05:40:07 +4s | thequantuminsider_2023_10_18_pasqal_announces_partnership_to_develop_a_photonic_quantum_p_9902791e] [FETCH]... ↓ https://thequantuminsider.com/2023/10/18/pasqal-...um-processor-powered-by-neutral-atom-technology/  | ✓ | ⏱: 2.47s 
[05:40:07 +4s | thequantuminsider_2023_10_18_pasqal_announces_partnership_to_develop_a_photonic_quantum_p_9902791e] [SCRAPE].. ◆ https://thequantuminsider.com/2023/10/18/pasqal-...um-processor-powered-by-neutral-atom-technology/  | ✓ | ⏱: 0.14s 
[05:40:07 +4s | thequantuminsider_2023_10_18_pasqal_announces_partnership_to_develop_a_photonic_quantum_p_9902791e] [COMPLETE] ● https://thequantuminsider.com/2023/10/18/pasqal-...um-processor-powered-by-neutral-atom-technology/  | ✓ | ⏱: 2.63s 
[05:40:07 +4s | thequantuminsider_2023_10_18_pasqal_announces_partnership_to_develop_a_photonic_quantum_p_9902791e] Saved: crawl_output/23703433dd_thequantuminsider.com_2023_10_18_pasqal-announces-partnership-to-develop-a-photonic-quantum-processor-powered-by-neutral-atom-technology.json

[05:40:07 +4s | thequantuminsider_2023_10_18_pasqal_announces_partnership_to_develop_a_photonic_quantum_p_9902791e] === 1 actor extraction ===
[05:40:08 +5s | thequantuminsider_2023_10_18_pasqal_announces_partnership_to_develop_a_photonic_quantum_p_9902791e] Reading page (1/1): https://thequantuminsider.com/2023/10/18/pasqal-announces-partnership-to-develop-a-photonic-quantum-processor-powered-by-neutral-atom-technology
[05:40:08 +5s | thequantuminsider_2023_10_18_pasqal_announces_partnership_to_develop_a_photonic_quantum_p_9902791e] Extracting actors: https://thequantuminsider.com/2023/10/18/pasqal-announces-partnership-to-develop-a-photonic-quantum-processor-powered-by-neutral-atom-technology (1/1), chunk 1/39
[05:40:12 +9s | thequantuminsider_2023_10_18_pasqal_announces_partnership_to_develop_a_photonic_quantum_p_9902791e] Extracting actors: https://thequantuminsider.com/2023/10/18/pasqal-announces-partnership-to-develop-a-photonic-quantum-processor-powered-by-neutral-atom-technology (1/1), chunk 2/39
[05:40:18 +15s | thequantuminsider_2023_10_18_pasqal_announces_partnership_to_develop_a_photonic_quantum_p_9902791e] Extracting actors: https://thequantuminsider.com/2023/10/18/pasqal-announces-partnership-to-develop-a-photonic-quantum-processor-powered-by-neutral-atom-technology (1/1), chunk 3/39
[05:40:26 +23s | thequantuminsider_2023_10_18_pasqal_announces_partnership_to_develop_a_photonic_quantum_p_9902791e] Extracting actors: https://thequantuminsider.com/2023/10/18/pasqal-announces-partnership-to-develop-a-photonic-quantum-processor-powered-by-neutral-atom-technology (1/1), chunk 4/39
[05:40:34 +33s | thequantuminsider_2023_10_18_pasqal_announces_partnership_to_develop_a_photonic_quantum_p_9902791e] Extracting actors: https://thequantuminsider.com/2023/10/18/pasqal-announces-partnership-to-develop-a-photonic-quantum-processor-powered-by-neutral-atom-technology (1/1), chunk 5/39
[05:40:39 +38s | thequantuminsider_2023_10_18_pasqal_announces_partnership_to_develop_a_photonic_quantum_p_9902791e] Extracting actors: https://thequantuminsider.com/2023/10/18/pasqal-announces-partnership-to-develop-a-photonic-quantum-processor-powered-by-neutral-atom-technology (1/1), chunk 6/39
[05:40:49 +48s | thequantuminsider_2023_10_18_pasqal_announces_partnership_to_develop_a_photonic_quantum_p_9902791e] Repaired malformed JSON.
[05:40:49 +48s | thequantuminsider_2023_10_18_pasqal_announces_partnership_to_develop_a_photonic_quantum_p_9902791e] Extracting actors: https://thequantuminsider.com/2023/10/18/pasqal-announces-partnership-to-develop-a-photonic-quantum-processor-powered-by-neutral-atom-technology (1/1), chunk 7/39
[05:40:55 +54s | thequantuminsider_2023_10_18_pasqal_announces_partnership_to_develop_a_photonic_quantum_p_9902791e] Extracting actors: https://thequantuminsider.com/2023/10/18/pasqal-announces-partnership-to-develop-a-photonic-quantum-processor-powered-by-neutral-atom-technology (1/1), chunk 8/39
[05:40:59 +58s | thequantuminsider_2023_10_18_pasqal_announces_partnership_to_develop_a_photonic_quantum_p_9902791e] Extracting actors: https://thequantuminsider.com/2023/10/18/pasqal-announces-partnership-to-develop-a-photonic-quantum-processor-powered-by-neutral-atom-technology (1/1), chunk 9/39
[05:41:04 +1m 5s | thequantuminsider_2023_10_18_pasqal_announces_partnership_to_develop_a_photonic_quantum_p_9902791e] Extracting actors: https://thequantuminsider.com/2023/10/18/pasqal-announces-partnership-to-develop-a-photonic-quantum-processor-powered-by-neutral-atom-technology (1/1), chunk 10/39
[05:41:11 +1m 12s | thequantuminsider_2023_10_18_pasqal_announces_partnership_to_develop_a_photonic_quantum_p_9902791e] Extracting actors: https://thequantuminsider.com/2023/10/18/pasqal-announces-partnership-to-develop-a-photonic-quantum-processor-powered-by-neutral-atom-technology (1/1), chunk 11/39
[05:41:34 +1m 37s | thequantuminsider_2023_10_18_pasqal_announces_partnership_to_develop_a_photonic_quantum_p_9902791e] Repaired malformed JSON.
[05:41:34 +1m 37s | thequantuminsider_2023_10_18_pasqal_announces_partnership_to_develop_a_photonic_quantum_p_9902791e] Extracting actors: https://thequantuminsider.com/2023/10/18/pasqal-announces-partnership-to-develop-a-photonic-quantum-processor-powered-by-neutral-atom-technology (1/1), chunk 12/39
[05:41:42 +1m 45s | thequantuminsider_2023_10_18_pasqal_announces_partnership_to_develop_a_photonic_quantum_p_9902791e] Repaired malformed JSON.
[05:41:42 +1m 45s | thequantuminsider_2023_10_18_pasqal_announces_partnership_to_develop_a_photonic_quantum_p_9902791e] Extracting actors: https://thequantuminsider.com/2023/10/18/pasqal-announces-partnership-to-develop-a-photonic-quantum-processor-powered-by-neutral-atom-technology (1/1), chunk 13/39
[05:41:50 +1m 53s | thequantuminsider_2023_10_18_pasqal_announces_partnership_to_develop_a_photonic_quantum_p_9902791e] Repaired malformed JSON.
[05:41:50 +1m 53s | thequantuminsider_2023_10_18_pasqal_announces_partnership_to_develop_a_photonic_quantum_p_9902791e] Extracting actors: https://thequantuminsider.com/2023/10/18/pasqal-announces-partnership-to-develop-a-photonic-quantum-processor-powered-by-neutral-atom-technology (1/1), chunk 14/39
[05:41:58 +2m 1s | thequantuminsider_2023_10_18_pasqal_announces_partnership_to_develop_a_photonic_quantum_p_9902791e] Repaired malformed JSON.
[05:41:58 +2m 1s | thequantuminsider_2023_10_18_pasqal_announces_partnership_to_develop_a_photonic_quantum_p_9902791e] Extracting actors: https://thequantuminsider.com/2023/10/18/pasqal-announces-partnership-to-develop-a-photonic-quantum-processor-powered-by-neutral-atom-technology (1/1), chunk 15/39
[05:42:04 +2m 9s | thequantuminsider_2023_10_18_pasqal_announces_partnership_to_develop_a_photonic_quantum_p_9902791e] Repaired malformed JSON.
[05:42:04 +2m 9s | thequantuminsider_2023_10_18_pasqal_announces_partnership_to_develop_a_photonic_quantum_p_9902791e] Extracting actors: https://thequantuminsider.com/2023/10/18/pasqal-announces-partnership-to-develop-a-photonic-quantum-processor-powered-by-neutral-atom-technology (1/1), chunk 16/39
[05:42:20 +2m 25s | thequantuminsider_2023_10_18_pasqal_announces_partnership_to_develop_a_photonic_quantum_p_9902791e] Repaired malformed JSON.
[05:42:20 +2m 25s | thequantuminsider_2023_10_18_pasqal_announces_partnership_to_develop_a_photonic_quantum_p_9902791e] Extracting actors: https://thequantuminsider.com/2023/10/18/pasqal-announces-partnership-to-develop-a-photonic-quantum-processor-powered-by-neutral-atom-technology (1/1), chunk 17/39
[05:42:30 +2m 35s | thequantuminsider_2023_10_18_pasqal_announces_partnership_to_develop_a_photonic_quantum_p_9902791e] Repaired malformed JSON.
[05:42:30 +2m 35s | thequantuminsider_2023_10_18_pasqal_announces_partnership_to_develop_a_photonic_quantum_p_9902791e] Extracting actors: https://thequantuminsider.com/2023/10/18/pasqal-announces-partnership-to-develop-a-photonic-quantum-processor-powered-by-neutral-atom-technology (1/1), chunk 18/39
[05:42:38 +2m 45s | thequantuminsider_2023_10_18_pasqal_announces_partnership_to_develop_a_photonic_quantum_p_9902791e] Repaired malformed JSON.
[05:42:38 +2m 45s | thequantuminsider_2023_10_18_pasqal_announces_partnership_to_develop_a_photonic_quantum_p_9902791e] Extracting actors: https://thequantuminsider.com/2023/10/18/pasqal-announces-partnership-to-develop-a-photonic-quantum-processor-powered-by-neutral-atom-technology (1/1), chunk 19/39
[05:42:48 +2m 55s | thequantuminsider_2023_10_18_pasqal_announces_partnership_to_develop_a_photonic_quantum_p_9902791e] Repaired malformed JSON.
[05:42:48 +2m 55s | thequantuminsider_2023_10_18_pasqal_announces_partnership_to_develop_a_photonic_quantum_p_9902791e] Extracting actors: https://thequantuminsider.com/2023/10/18/pasqal-announces-partnership-to-develop-a-photonic-quantum-processor-powered-by-neutral-atom-technology (1/1), chunk 20/39
[05:42:56 +3m 3s | thequantuminsider_2023_10_18_pasqal_announces_partnership_to_develop_a_photonic_quantum_p_9902791e] Extracting actors: https://thequantuminsider.com/2023/10/18/pasqal-announces-partnership-to-develop-a-photonic-quantum-processor-powered-by-neutral-atom-technology (1/1), chunk 21/39
[05:43:08 +3m 17s | thequantuminsider_2023_10_18_pasqal_announces_partnership_to_develop_a_photonic_quantum_p_9902791e] Extracting actors: https://thequantuminsider.com/2023/10/18/pasqal-announces-partnership-to-develop-a-photonic-quantum-processor-powered-by-neutral-atom-technology (1/1), chunk 22/39
[05:43:15 +3m 24s | thequantuminsider_2023_10_18_pasqal_announces_partnership_to_develop_a_photonic_quantum_p_9902791e] Repaired malformed JSON.
[05:43:15 +3m 24s | thequantuminsider_2023_10_18_pasqal_announces_partnership_to_develop_a_photonic_quantum_p_9902791e] Extracting actors: https://thequantuminsider.com/2023/10/18/pasqal-announces-partnership-to-develop-a-photonic-quantum-processor-powered-by-neutral-atom-technology (1/1), chunk 23/39
[05:43:21 +3m 30s | thequantuminsider_2023_10_18_pasqal_announces_partnership_to_develop_a_photonic_quantum_p_9902791e] Repaired malformed JSON.
[05:43:21 +3m 30s | thequantuminsider_2023_10_18_pasqal_announces_partnership_to_develop_a_photonic_quantum_p_9902791e] Extracting actors: https://thequantuminsider.com/2023/10/18/pasqal-announces-partnership-to-develop-a-photonic-quantum-processor-powered-by-neutral-atom-technology (1/1), chunk 24/39
[05:43:28 +3m 37s | thequantuminsider_2023_10_18_pasqal_announces_partnership_to_develop_a_photonic_quantum_p_9902791e] Repaired malformed JSON.
[05:43:28 +3m 37s | thequantuminsider_2023_10_18_pasqal_announces_partnership_to_develop_a_photonic_quantum_p_9902791e] Extracting actors: https://thequantuminsider.com/2023/10/18/pasqal-announces-partnership-to-develop-a-photonic-quantum-processor-powered-by-neutral-atom-technology (1/1), chunk 25/39
[05:43:34 +3m 44s | thequantuminsider_2023_10_18_pasqal_announces_partnership_to_develop_a_photonic_quantum_p_9902791e] Repaired malformed JSON.
[05:43:34 +3m 44s | thequantuminsider_2023_10_18_pasqal_announces_partnership_to_develop_a_photonic_quantum_p_9902791e] Extracting actors: https://thequantuminsider.com/2023/10/18/pasqal-announces-partnership-to-develop-a-photonic-quantum-processor-powered-by-neutral-atom-technology (1/1), chunk 26/39
[05:43:41 +3m 52s | thequantuminsider_2023_10_18_pasqal_announces_partnership_to_develop_a_photonic_quantum_p_9902791e] Repaired malformed JSON.
[05:43:41 +3m 52s | thequantuminsider_2023_10_18_pasqal_announces_partnership_to_develop_a_photonic_quantum_p_9902791e] Extracting actors: https://thequantuminsider.com/2023/10/18/pasqal-announces-partnership-to-develop-a-photonic-quantum-processor-powered-by-neutral-atom-technology (1/1), chunk 27/39
[05:43:49 +4m 0s | thequantuminsider_2023_10_18_pasqal_announces_partnership_to_develop_a_photonic_quantum_p_9902791e] Extracting actors: https://thequantuminsider.com/2023/10/18/pasqal-announces-partnership-to-develop-a-photonic-quantum-processor-powered-by-neutral-atom-technology (1/1), chunk 28/39
[05:43:58 +4m 10s | thequantuminsider_2023_10_18_pasqal_announces_partnership_to_develop_a_photonic_quantum_p_9902791e] Repaired malformed JSON.
[05:43:58 +4m 10s | thequantuminsider_2023_10_18_pasqal_announces_partnership_to_develop_a_photonic_quantum_p_9902791e] Extracting actors: https://thequantuminsider.com/2023/10/18/pasqal-announces-partnership-to-develop-a-photonic-quantum-processor-powered-by-neutral-atom-technology (1/1), chunk 29/39
[05:44:04 +4m 15s | thequantuminsider_2023_10_18_pasqal_announces_partnership_to_develop_a_photonic_quantum_p_9902791e] Extracting actors: https://thequantuminsider.com/2023/10/18/pasqal-announces-partnership-to-develop-a-photonic-quantum-processor-powered-by-neutral-atom-technology (1/1), chunk 30/39
[05:44:06 +4m 19s | thequantuminsider_2023_10_18_pasqal_announces_partnership_to_develop_a_photonic_quantum_p_9902791e] Extracting actors: https://thequantuminsider.com/2023/10/18/pasqal-announces-partnership-to-develop-a-photonic-quantum-processor-powered-by-neutral-atom-technology (1/1), chunk 31/39
[05:44:34 +4m 47s | thequantuminsider_2023_10_18_pasqal_announces_partnership_to_develop_a_photonic_quantum_p_9902791e] Repaired malformed JSON.
[05:44:34 +4m 47s | thequantuminsider_2023_10_18_pasqal_announces_partnership_to_develop_a_photonic_quantum_p_9902791e] Extracting actors: https://thequantuminsider.com/2023/10/18/pasqal-announces-partnership-to-develop-a-photonic-quantum-processor-powered-by-neutral-atom-technology (1/1), chunk 32/39
[05:44:50 +5m 5s | thequantuminsider_2023_10_18_pasqal_announces_partnership_to_develop_a_photonic_quantum_p_9902791e] Repaired malformed JSON.
[05:44:50 +5m 5s | thequantuminsider_2023_10_18_pasqal_announces_partnership_to_develop_a_photonic_quantum_p_9902791e] Extracting actors: https://thequantuminsider.com/2023/10/18/pasqal-announces-partnership-to-develop-a-photonic-quantum-processor-powered-by-neutral-atom-technology (1/1), chunk 33/39
[05:45:00 +5m 15s | thequantuminsider_2023_10_18_pasqal_announces_partnership_to_develop_a_photonic_quantum_p_9902791e] Repaired malformed JSON.
[05:45:00 +5m 15s | thequantuminsider_2023_10_18_pasqal_announces_partnership_to_develop_a_photonic_quantum_p_9902791e] Extracting actors: https://thequantuminsider.com/2023/10/18/pasqal-announces-partnership-to-develop-a-photonic-quantum-processor-powered-by-neutral-atom-technology (1/1), chunk 34/39
[05:45:04 +5m 20s | thequantuminsider_2023_10_18_pasqal_announces_partnership_to_develop_a_photonic_quantum_p_9902791e] Extracting actors: https://thequantuminsider.com/2023/10/18/pasqal-announces-partnership-to-develop-a-photonic-quantum-processor-powered-by-neutral-atom-technology (1/1), chunk 35/39
[05:45:11 +5m 28s | thequantuminsider_2023_10_18_pasqal_announces_partnership_to_develop_a_photonic_quantum_p_9902791e] Repaired malformed JSON.
[05:45:11 +5m 28s | thequantuminsider_2023_10_18_pasqal_announces_partnership_to_develop_a_photonic_quantum_p_9902791e] Extracting actors: https://thequantuminsider.com/2023/10/18/pasqal-announces-partnership-to-develop-a-photonic-quantum-processor-powered-by-neutral-atom-technology (1/1), chunk 36/39
[05:45:36 +5m 55s | thequantuminsider_2023_10_18_pasqal_announces_partnership_to_develop_a_photonic_quantum_p_9902791e] Repaired malformed JSON.
[05:45:36 +5m 55s | thequantuminsider_2023_10_18_pasqal_announces_partnership_to_develop_a_photonic_quantum_p_9902791e] Extracting actors: https://thequantuminsider.com/2023/10/18/pasqal-announces-partnership-to-develop-a-photonic-quantum-processor-powered-by-neutral-atom-technology (1/1), chunk 37/39
[05:45:37 +5m 57s | thequantuminsider_2023_10_18_pasqal_announces_partnership_to_develop_a_photonic_quantum_p_9902791e] Extracting actors: https://thequantuminsider.com/2023/10/18/pasqal-announces-partnership-to-develop-a-photonic-quantum-processor-powered-by-neutral-atom-technology (1/1), chunk 38/39
[05:45:44 +6m 4s | thequantuminsider_2023_10_18_pasqal_announces_partnership_to_develop_a_photonic_quantum_p_9902791e] Repaired malformed JSON.
[05:45:44 +6m 4s | thequantuminsider_2023_10_18_pasqal_announces_partnership_to_develop_a_photonic_quantum_p_9902791e] Extracting actors: https://thequantuminsider.com/2023/10/18/pasqal-announces-partnership-to-develop-a-photonic-quantum-processor-powered-by-neutral-atom-technology (1/1), chunk 39/39
[05:45:54 +6m 13s | thequantuminsider_2023_10_18_pasqal_announces_partnership_to_develop_a_photonic_quantum_p_9902791e] Repaired malformed JSON.
[05:45:54 +6m 13s | thequantuminsider_2023_10_18_pasqal_announces_partnership_to_develop_a_photonic_quantum_p_9902791e] Saved 1_actor_results.json with 56 extracted records

[05:45:54 +6m 13s | thequantuminsider_2023_10_18_pasqal_announces_partnership_to_develop_a_photonic_quantum_p_9902791e] === 2 clean actors ===
[05:45:54 +6m 13s | thequantuminsider_2023_10_18_pasqal_announces_partnership_to_develop_a_photonic_quantum_p_9902791e] Loaded 56 extracted records
[05:45:54 +6m 13s | thequantuminsider_2023_10_18_pasqal_announces_partnership_to_develop_a_photonic_quantum_p_9902791e] Saved 2_actor_nodes.json with 19 canonical actor nodes

[05:45:54 +6m 13s | thequantuminsider_2023_10_18_pasqal_announces_partnership_to_develop_a_photonic_quantum_p_9902791e] === 3 interaction extraction ===
[05:45:54 +6m 13s | thequantuminsider_2023_10_18_pasqal_announces_partnership_to_develop_a_photonic_quantum_p_9902791e] Extracting interactions: https://thequantuminsider.com/2023/10/18/pasqal-announces-partnership-to-develop-a-photonic-quantum-processor-powered-by-neutral-atom-technology (1/1), chunk 11/39
[05:46:37 +7m 1s | thequantuminsider_2023_10_18_pasqal_announces_partnership_to_develop_a_photonic_quantum_p_9902791e] Extracting interactions: https://thequantuminsider.com/2023/10/18/pasqal-announces-partnership-to-develop-a-photonic-quantum-processor-powered-by-neutral-atom-technology (1/1), chunk 12/39
[05:47:11 +7m 36s | thequantuminsider_2023_10_18_pasqal_announces_partnership_to_develop_a_photonic_quantum_p_9902791e] Extracting interactions: https://thequantuminsider.com/2023/10/18/pasqal-announces-partnership-to-develop-a-photonic-quantum-processor-powered-by-neutral-atom-technology (1/1), chunk 13/39
[05:47:23 +7m 49s | thequantuminsider_2023_10_18_pasqal_announces_partnership_to_develop_a_photonic_quantum_p_9902791e] Extracting interactions: https://thequantuminsider.com/2023/10/18/pasqal-announces-partnership-to-develop-a-photonic-quantum-processor-powered-by-neutral-atom-technology (1/1), chunk 14/39
[05:47:36 +8m 3s | thequantuminsider_2023_10_18_pasqal_announces_partnership_to_develop_a_photonic_quantum_p_9902791e] Extracting interactions: https://thequantuminsider.com/2023/10/18/pasqal-announces-partnership-to-develop-a-photonic-quantum-processor-powered-by-neutral-atom-technology (1/1), chunk 15/39
[05:48:20 +8m 49s | thequantuminsider_2023_10_18_pasqal_announces_partnership_to_develop_a_photonic_quantum_p_9902791e] Extracting interactions: https://thequantuminsider.com/2023/10/18/pasqal-announces-partnership-to-develop-a-photonic-quantum-processor-powered-by-neutral-atom-technology (1/1), chunk 16/39
[05:48:32 +9m 2s | thequantuminsider_2023_10_18_pasqal_announces_partnership_to_develop_a_photonic_quantum_p_9902791e] Extracting interactions: https://thequantuminsider.com/2023/10/18/pasqal-announces-partnership-to-develop-a-photonic-quantum-processor-powered-by-neutral-atom-technology (1/1), chunk 17/39
[05:48:55 +9m 26s | thequantuminsider_2023_10_18_pasqal_announces_partnership_to_develop_a_photonic_quantum_p_9902791e] Extracting interactions: https://thequantuminsider.com/2023/10/18/pasqal-announces-partnership-to-develop-a-photonic-quantum-processor-powered-by-neutral-atom-technology (1/1), chunk 18/39
[05:49:07 +9m 41s | thequantuminsider_2023_10_18_pasqal_announces_partnership_to_develop_a_photonic_quantum_p_9902791e] Extracting interactions: https://thequantuminsider.com/2023/10/18/pasqal-announces-partnership-to-develop-a-photonic-quantum-processor-powered-by-neutral-atom-technology (1/1), chunk 19/39
[05:49:09 +9m 43s | thequantuminsider_2023_10_18_pasqal_announces_partnership_to_develop_a_photonic_quantum_p_9902791e] Extracting interactions: https://thequantuminsider.com/2023/10/18/pasqal-announces-partnership-to-develop-a-photonic-quantum-processor-powered-by-neutral-atom-technology (1/1), chunk 22/39
[05:49:11 +9m 45s | thequantuminsider_2023_10_18_pasqal_announces_partnership_to_develop_a_photonic_quantum_p_9902791e] Extracting interactions: https://thequantuminsider.com/2023/10/18/pasqal-announces-partnership-to-develop-a-photonic-quantum-processor-powered-by-neutral-atom-technology (1/1), chunk 23/39
[05:49:18 +9m 51s | thequantuminsider_2023_10_18_pasqal_announces_partnership_to_develop_a_photonic_quantum_p_9902791e] Extracting interactions: https://thequantuminsider.com/2023/10/18/pasqal-announces-partnership-to-develop-a-photonic-quantum-processor-powered-by-neutral-atom-technology (1/1), chunk 24/39
[05:49:20 +9m 54s | thequantuminsider_2023_10_18_pasqal_announces_partnership_to_develop_a_photonic_quantum_p_9902791e] Extracting interactions: https://thequantuminsider.com/2023/10/18/pasqal-announces-partnership-to-develop-a-photonic-quantum-processor-powered-by-neutral-atom-technology (1/1), chunk 27/39
[05:49:24 +9m 58s | thequantuminsider_2023_10_18_pasqal_announces_partnership_to_develop_a_photonic_quantum_p_9902791e] Extracting interactions: https://thequantuminsider.com/2023/10/18/pasqal-announces-partnership-to-develop-a-photonic-quantum-processor-powered-by-neutral-atom-technology (1/1), chunk 28/39
[05:49:30 +10m 4s | thequantuminsider_2023_10_18_pasqal_announces_partnership_to_develop_a_photonic_quantum_p_9902791e] Extracting interactions: https://thequantuminsider.com/2023/10/18/pasqal-announces-partnership-to-develop-a-photonic-quantum-processor-powered-by-neutral-atom-technology (1/1), chunk 31/39
[05:49:31 +10m 5s | thequantuminsider_2023_10_18_pasqal_announces_partnership_to_develop_a_photonic_quantum_p_9902791e] Extracting interactions: https://thequantuminsider.com/2023/10/18/pasqal-announces-partnership-to-develop-a-photonic-quantum-processor-powered-by-neutral-atom-technology (1/1), chunk 32/39
[05:49:33 +10m 7s | thequantuminsider_2023_10_18_pasqal_announces_partnership_to_develop_a_photonic_quantum_p_9902791e] Extracting interactions: https://thequantuminsider.com/2023/10/18/pasqal-announces-partnership-to-develop-a-photonic-quantum-processor-powered-by-neutral-atom-technology (1/1), chunk 33/39
[05:50:06 +10m 42s | thequantuminsider_2023_10_18_pasqal_announces_partnership_to_develop_a_photonic_quantum_p_9902791e] Extracting interactions: https://thequantuminsider.com/2023/10/18/pasqal-announces-partnership-to-develop-a-photonic-quantum-processor-powered-by-neutral-atom-technology (1/1), chunk 34/39
[05:50:06 +10m 43s | thequantuminsider_2023_10_18_pasqal_announces_partnership_to_develop_a_photonic_quantum_p_9902791e] Extracting interactions: https://thequantuminsider.com/2023/10/18/pasqal-announces-partnership-to-develop-a-photonic-quantum-processor-powered-by-neutral-atom-technology (1/1), chunk 35/39
[05:50:07 +10m 45s | thequantuminsider_2023_10_18_pasqal_announces_partnership_to_develop_a_photonic_quantum_p_9902791e] Extracting interactions: https://thequantuminsider.com/2023/10/18/pasqal-announces-partnership-to-develop-a-photonic-quantum-processor-powered-by-neutral-atom-technology (1/1), chunk 37/39
[05:50:26 +11m 4s | thequantuminsider_2023_10_18_pasqal_announces_partnership_to_develop_a_photonic_quantum_p_9902791e] Extracting interactions: https://thequantuminsider.com/2023/10/18/pasqal-announces-partnership-to-develop-a-photonic-quantum-processor-powered-by-neutral-atom-technology (1/1), chunk 38/39
[05:50:57 +11m 37s | thequantuminsider_2023_10_18_pasqal_announces_partnership_to_develop_a_photonic_quantum_p_9902791e] Extracting interactions: https://thequantuminsider.com/2023/10/18/pasqal-announces-partnership-to-develop-a-photonic-quantum-processor-powered-by-neutral-atom-technology (1/1), chunk 39/39
[05:50:59 +11m 39s | thequantuminsider_2023_10_18_pasqal_announces_partnership_to_develop_a_photonic_quantum_p_9902791e] Saved 3_interaction_results.json with 34 extracted interactions.

[05:50:59 +11m 39s | thequantuminsider_2023_10_18_pasqal_announces_partnership_to_develop_a_photonic_quantum_p_9902791e] === 4 clean interactions ===
[05:50:59 +11m 39s | thequantuminsider_2023_10_18_pasqal_announces_partnership_to_develop_a_photonic_quantum_p_9902791e] Saved 4_edges.json with 19 cleaned interactions.

[05:50:59 +11m 39s | thequantuminsider_2023_10_18_pasqal_announces_partnership_to_develop_a_photonic_quantum_p_9902791e] === 5 helix enrichment ===
[05:50:59 +11m 39s | thequantuminsider_2023_10_18_pasqal_announces_partnership_to_develop_a_photonic_quantum_p_9902791e] Wrote 5_nodes.json (19 actors)
[05:50:59 +11m 39s | thequantuminsider_2023_10_18_pasqal_announces_partnership_to_develop_a_photonic_quantum_p_9902791e] Wrote 5_edges.json (19 interactions)
[05:50:59 +11m 39s | thequantuminsider_2023_10_18_pasqal_announces_partnership_to_develop_a_photonic_quantum_p_9902791e] Actor helix counts: {'Academia': 4, 'Civil Society': 4, 'Industry': 2, 'Intermediary': 1, 'Unknown': 8}
[05:50:59 +11m 39s | thequantuminsider_2023_10_18_pasqal_announces_partnership_to_develop_a_photonic_quantum_p_9902791e] Functional-space counts: {'Innovation': 9, 'Intra-helix / Not classified': 5, 'Unknown': 5}

[05:50:59 +11m 39s | thequantuminsider_2023_10_18_pasqal_announces_partnership_to_develop_a_photonic_quantum_p_9902791e] === 6 network visualisation ===
[05:50:59 +11m 39s | thequantuminsider_2023_10_18_pasqal_announces_partnership_to_develop_a_photonic_quantum_p_9902791e] Wrote quantum_network.html
[05:50:59 +11m 39s | thequantuminsider_2023_10_18_pasqal_announces_partnership_to_develop_a_photonic_quantum_p_9902791e] Nodes: 19
[05:50:59 +11m 39s | thequantuminsider_2023_10_18_pasqal_announces_partnership_to_develop_a_photonic_quantum_p_9902791e] Edges: 11

[05:50:59 +11m 39s | thequantuminsider_2023_10_18_pasqal_announces_partnership_to_develop_a_photonic_quantum_p_9902791e] Done. Outputs written to: /home/lv/IDP/idpdeeptech/pipeline/news_outputs/thequantuminsider_2023_10_18_pasqal_announces_partnership_to_develop_a_photonic_quantum_p_9902791e
[05:50:59 +11m 39s | thequantuminsider_2023_10_18_pasqal_announces_partnership_to_develop_a_photonic_quantum_p_9902791e] Log: /home/lv/IDP/idpdeeptech/pipeline/news_outputs/thequantuminsider_2023_10_18_pasqal_announces_partnership_to_develop_a_photonic_quantum_p_9902791e/run.log

========================================================================
RUN FINISHED 2026-07-05 05:50:59  (OK)
Started:     2026-07-05 05:40:03
Elapsed:     11m 39s
========================================================================
