
========================================================================
RUN STARTED  2026-07-05 02:55:02
site_pipeline.py https://thequantuminsider.com/2023/11/21/uks-autumn-statement-may-include-a-quantum-moonshot/
========================================================================

[02:55:02 +0s | thequantuminsider_2023_11_21_uks_autumn_statement_may_include_a_quantum_moonshot] === 0 crawl site ===
[02:55:04 +1s | thequantuminsider_2023_11_21_uks_autumn_statement_may_include_a_quantum_moonshot] [INIT].... → Crawl4AI 0.8.6 
[02:55:06 +4s | thequantuminsider_2023_11_21_uks_autumn_statement_may_include_a_quantum_moonshot] [FETCH]... ↓ https://thequantuminsider.com/2023/11/21/uks-autumn-statement-may-include-a-quantum-moonshot/        | ✓ | ⏱: 2.44s 
[02:55:06 +4s | thequantuminsider_2023_11_21_uks_autumn_statement_may_include_a_quantum_moonshot] [SCRAPE].. ◆ https://thequantuminsider.com/2023/11/21/uks-autumn-statement-may-include-a-quantum-moonshot/        | ✓ | ⏱: 0.12s 
[02:55:06 +4s | thequantuminsider_2023_11_21_uks_autumn_statement_may_include_a_quantum_moonshot] [COMPLETE] ● https://thequantuminsider.com/2023/11/21/uks-autumn-statement-may-include-a-quantum-moonshot/        | ✓ | ⏱: 2.58s 
[02:55:06 +4s | thequantuminsider_2023_11_21_uks_autumn_statement_may_include_a_quantum_moonshot] Saved: crawl_output/6c29ae5225_thequantuminsider.com_2023_11_21_uks-autumn-statement-may-include-a-quantum-moonshot.json

[02:55:07 +4s | thequantuminsider_2023_11_21_uks_autumn_statement_may_include_a_quantum_moonshot] === 1 actor extraction ===
[02:55:07 +4s | thequantuminsider_2023_11_21_uks_autumn_statement_may_include_a_quantum_moonshot] Reading page (1/1): https://thequantuminsider.com/2023/11/21/uks-autumn-statement-may-include-a-quantum-moonshot
[02:55:07 +4s | thequantuminsider_2023_11_21_uks_autumn_statement_may_include_a_quantum_moonshot] Extracting actors: https://thequantuminsider.com/2023/11/21/uks-autumn-statement-may-include-a-quantum-moonshot (1/1), chunk 1/36
[02:55:11 +9s | thequantuminsider_2023_11_21_uks_autumn_statement_may_include_a_quantum_moonshot] Extracting actors: https://thequantuminsider.com/2023/11/21/uks-autumn-statement-may-include-a-quantum-moonshot (1/1), chunk 2/36
[02:55:14 +13s | thequantuminsider_2023_11_21_uks_autumn_statement_may_include_a_quantum_moonshot] Extracting actors: https://thequantuminsider.com/2023/11/21/uks-autumn-statement-may-include-a-quantum-moonshot (1/1), chunk 3/36
[02:55:38 +37s | thequantuminsider_2023_11_21_uks_autumn_statement_may_include_a_quantum_moonshot] Extracting actors: https://thequantuminsider.com/2023/11/21/uks-autumn-statement-may-include-a-quantum-moonshot (1/1), chunk 4/36
[02:55:44 +43s | thequantuminsider_2023_11_21_uks_autumn_statement_may_include_a_quantum_moonshot] Extracting actors: https://thequantuminsider.com/2023/11/21/uks-autumn-statement-may-include-a-quantum-moonshot (1/1), chunk 5/36
[02:55:50 +50s | thequantuminsider_2023_11_21_uks_autumn_statement_may_include_a_quantum_moonshot] Extracting actors: https://thequantuminsider.com/2023/11/21/uks-autumn-statement-may-include-a-quantum-moonshot (1/1), chunk 6/36
[02:55:56 +57s | thequantuminsider_2023_11_21_uks_autumn_statement_may_include_a_quantum_moonshot] Extracting actors: https://thequantuminsider.com/2023/11/21/uks-autumn-statement-may-include-a-quantum-moonshot (1/1), chunk 7/36
[02:56:03 +1m 4s | thequantuminsider_2023_11_21_uks_autumn_statement_may_include_a_quantum_moonshot] Extracting actors: https://thequantuminsider.com/2023/11/21/uks-autumn-statement-may-include-a-quantum-moonshot (1/1), chunk 8/36
[02:56:09 +1m 9s | thequantuminsider_2023_11_21_uks_autumn_statement_may_include_a_quantum_moonshot] Extracting actors: https://thequantuminsider.com/2023/11/21/uks-autumn-statement-may-include-a-quantum-moonshot (1/1), chunk 9/36
[02:56:15 +1m 15s | thequantuminsider_2023_11_21_uks_autumn_statement_may_include_a_quantum_moonshot] Extracting actors: https://thequantuminsider.com/2023/11/21/uks-autumn-statement-may-include-a-quantum-moonshot (1/1), chunk 10/36
[02:56:18 +1m 19s | thequantuminsider_2023_11_21_uks_autumn_statement_may_include_a_quantum_moonshot] Extracting actors: https://thequantuminsider.com/2023/11/21/uks-autumn-statement-may-include-a-quantum-moonshot (1/1), chunk 11/36
[02:56:26 +1m 28s | thequantuminsider_2023_11_21_uks_autumn_statement_may_include_a_quantum_moonshot] Repaired malformed JSON.
[02:56:26 +1m 28s | thequantuminsider_2023_11_21_uks_autumn_statement_may_include_a_quantum_moonshot] Extracting actors: https://thequantuminsider.com/2023/11/21/uks-autumn-statement-may-include-a-quantum-moonshot (1/1), chunk 12/36
[02:56:32 +1m 34s | thequantuminsider_2023_11_21_uks_autumn_statement_may_include_a_quantum_moonshot] Repaired malformed JSON.
[02:56:32 +1m 34s | thequantuminsider_2023_11_21_uks_autumn_statement_may_include_a_quantum_moonshot] Extracting actors: https://thequantuminsider.com/2023/11/21/uks-autumn-statement-may-include-a-quantum-moonshot (1/1), chunk 13/36
[02:56:41 +1m 42s | thequantuminsider_2023_11_21_uks_autumn_statement_may_include_a_quantum_moonshot] Repaired malformed JSON.
[02:56:41 +1m 42s | thequantuminsider_2023_11_21_uks_autumn_statement_may_include_a_quantum_moonshot] Extracting actors: https://thequantuminsider.com/2023/11/21/uks-autumn-statement-may-include-a-quantum-moonshot (1/1), chunk 14/36
[02:56:46 +1m 49s | thequantuminsider_2023_11_21_uks_autumn_statement_may_include_a_quantum_moonshot] Repaired malformed JSON.
[02:56:46 +1m 49s | thequantuminsider_2023_11_21_uks_autumn_statement_may_include_a_quantum_moonshot] Extracting actors: https://thequantuminsider.com/2023/11/21/uks-autumn-statement-may-include-a-quantum-moonshot (1/1), chunk 15/36
[02:57:12 +2m 15s | thequantuminsider_2023_11_21_uks_autumn_statement_may_include_a_quantum_moonshot] Repaired malformed JSON.
[02:57:12 +2m 15s | thequantuminsider_2023_11_21_uks_autumn_statement_may_include_a_quantum_moonshot] Extracting actors: https://thequantuminsider.com/2023/11/21/uks-autumn-statement-may-include-a-quantum-moonshot (1/1), chunk 16/36
[02:57:19 +2m 23s | thequantuminsider_2023_11_21_uks_autumn_statement_may_include_a_quantum_moonshot] Repaired malformed JSON.
[02:57:19 +2m 23s | thequantuminsider_2023_11_21_uks_autumn_statement_may_include_a_quantum_moonshot] Extracting actors: https://thequantuminsider.com/2023/11/21/uks-autumn-statement-may-include-a-quantum-moonshot (1/1), chunk 17/36
[02:57:23 +2m 28s | thequantuminsider_2023_11_21_uks_autumn_statement_may_include_a_quantum_moonshot] Extracting actors: https://thequantuminsider.com/2023/11/21/uks-autumn-statement-may-include-a-quantum-moonshot (1/1), chunk 18/36
[02:57:33 +2m 37s | thequantuminsider_2023_11_21_uks_autumn_statement_may_include_a_quantum_moonshot] Repaired malformed JSON.
[02:57:33 +2m 37s | thequantuminsider_2023_11_21_uks_autumn_statement_may_include_a_quantum_moonshot] Extracting actors: https://thequantuminsider.com/2023/11/21/uks-autumn-statement-may-include-a-quantum-moonshot (1/1), chunk 19/36
[02:57:42 +2m 47s | thequantuminsider_2023_11_21_uks_autumn_statement_may_include_a_quantum_moonshot] Repaired malformed JSON.
[02:57:42 +2m 47s | thequantuminsider_2023_11_21_uks_autumn_statement_may_include_a_quantum_moonshot] Extracting actors: https://thequantuminsider.com/2023/11/21/uks-autumn-statement-may-include-a-quantum-moonshot (1/1), chunk 20/36
[02:57:48 +2m 54s | thequantuminsider_2023_11_21_uks_autumn_statement_may_include_a_quantum_moonshot] Repaired malformed JSON.
[02:57:48 +2m 54s | thequantuminsider_2023_11_21_uks_autumn_statement_may_include_a_quantum_moonshot] Extracting actors: https://thequantuminsider.com/2023/11/21/uks-autumn-statement-may-include-a-quantum-moonshot (1/1), chunk 21/36
[02:57:57 +3m 3s | thequantuminsider_2023_11_21_uks_autumn_statement_may_include_a_quantum_moonshot] Repaired malformed JSON.
[02:57:57 +3m 3s | thequantuminsider_2023_11_21_uks_autumn_statement_may_include_a_quantum_moonshot] Extracting actors: https://thequantuminsider.com/2023/11/21/uks-autumn-statement-may-include-a-quantum-moonshot (1/1), chunk 22/36
[02:58:06 +3m 12s | thequantuminsider_2023_11_21_uks_autumn_statement_may_include_a_quantum_moonshot] Repaired malformed JSON.
[02:58:06 +3m 12s | thequantuminsider_2023_11_21_uks_autumn_statement_may_include_a_quantum_moonshot] Extracting actors: https://thequantuminsider.com/2023/11/21/uks-autumn-statement-may-include-a-quantum-moonshot (1/1), chunk 23/36
[02:58:12 +3m 18s | thequantuminsider_2023_11_21_uks_autumn_statement_may_include_a_quantum_moonshot] Repaired malformed JSON.
[02:58:12 +3m 18s | thequantuminsider_2023_11_21_uks_autumn_statement_may_include_a_quantum_moonshot] Extracting actors: https://thequantuminsider.com/2023/11/21/uks-autumn-statement-may-include-a-quantum-moonshot (1/1), chunk 24/36
[02:58:17 +3m 23s | thequantuminsider_2023_11_21_uks_autumn_statement_may_include_a_quantum_moonshot] Extracting actors: https://thequantuminsider.com/2023/11/21/uks-autumn-statement-may-include-a-quantum-moonshot (1/1), chunk 25/36
[02:58:20 +3m 28s | thequantuminsider_2023_11_21_uks_autumn_statement_may_include_a_quantum_moonshot] Extracting actors: https://thequantuminsider.com/2023/11/21/uks-autumn-statement-may-include-a-quantum-moonshot (1/1), chunk 26/36
[02:58:26 +3m 33s | thequantuminsider_2023_11_21_uks_autumn_statement_may_include_a_quantum_moonshot] Extracting actors: https://thequantuminsider.com/2023/11/21/uks-autumn-statement-may-include-a-quantum-moonshot (1/1), chunk 27/36
[02:58:33 +3m 40s | thequantuminsider_2023_11_21_uks_autumn_statement_may_include_a_quantum_moonshot] Extracting actors: https://thequantuminsider.com/2023/11/21/uks-autumn-statement-may-include-a-quantum-moonshot (1/1), chunk 28/36
[02:58:42 +3m 49s | thequantuminsider_2023_11_21_uks_autumn_statement_may_include_a_quantum_moonshot] Repaired malformed JSON.
[02:58:42 +3m 49s | thequantuminsider_2023_11_21_uks_autumn_statement_may_include_a_quantum_moonshot] Extracting actors: https://thequantuminsider.com/2023/11/21/uks-autumn-statement-may-include-a-quantum-moonshot (1/1), chunk 29/36
[02:59:09 +4m 18s | thequantuminsider_2023_11_21_uks_autumn_statement_may_include_a_quantum_moonshot] Repaired malformed JSON.
[02:59:09 +4m 18s | thequantuminsider_2023_11_21_uks_autumn_statement_may_include_a_quantum_moonshot] Extracting actors: https://thequantuminsider.com/2023/11/21/uks-autumn-statement-may-include-a-quantum-moonshot (1/1), chunk 30/36
[02:59:16 +4m 24s | thequantuminsider_2023_11_21_uks_autumn_statement_may_include_a_quantum_moonshot] Repaired malformed JSON.
[02:59:16 +4m 24s | thequantuminsider_2023_11_21_uks_autumn_statement_may_include_a_quantum_moonshot] Extracting actors: https://thequantuminsider.com/2023/11/21/uks-autumn-statement-may-include-a-quantum-moonshot (1/1), chunk 31/36
[02:59:21 +4m 29s | thequantuminsider_2023_11_21_uks_autumn_statement_may_include_a_quantum_moonshot] Extracting actors: https://thequantuminsider.com/2023/11/21/uks-autumn-statement-may-include-a-quantum-moonshot (1/1), chunk 32/36
[02:59:29 +4m 39s | thequantuminsider_2023_11_21_uks_autumn_statement_may_include_a_quantum_moonshot] Repaired malformed JSON.
[02:59:29 +4m 39s | thequantuminsider_2023_11_21_uks_autumn_statement_may_include_a_quantum_moonshot] Extracting actors: https://thequantuminsider.com/2023/11/21/uks-autumn-statement-may-include-a-quantum-moonshot (1/1), chunk 33/36
[02:59:36 +4m 46s | thequantuminsider_2023_11_21_uks_autumn_statement_may_include_a_quantum_moonshot] Repaired malformed JSON.
[02:59:36 +4m 46s | thequantuminsider_2023_11_21_uks_autumn_statement_may_include_a_quantum_moonshot] Extracting actors: https://thequantuminsider.com/2023/11/21/uks-autumn-statement-may-include-a-quantum-moonshot (1/1), chunk 34/36
[02:59:43 +4m 53s | thequantuminsider_2023_11_21_uks_autumn_statement_may_include_a_quantum_moonshot] Repaired malformed JSON.
[02:59:43 +4m 53s | thequantuminsider_2023_11_21_uks_autumn_statement_may_include_a_quantum_moonshot] Extracting actors: https://thequantuminsider.com/2023/11/21/uks-autumn-statement-may-include-a-quantum-moonshot (1/1), chunk 35/36
[02:59:50 +5m 0s | thequantuminsider_2023_11_21_uks_autumn_statement_may_include_a_quantum_moonshot] Repaired malformed JSON.
[02:59:50 +5m 0s | thequantuminsider_2023_11_21_uks_autumn_statement_may_include_a_quantum_moonshot] Extracting actors: https://thequantuminsider.com/2023/11/21/uks-autumn-statement-may-include-a-quantum-moonshot (1/1), chunk 36/36
[03:00:09 +5m 20s | thequantuminsider_2023_11_21_uks_autumn_statement_may_include_a_quantum_moonshot] Saved 1_actor_results.json with 49 extracted records

[03:00:09 +5m 20s | thequantuminsider_2023_11_21_uks_autumn_statement_may_include_a_quantum_moonshot] === 2 clean actors ===
[03:00:09 +5m 20s | thequantuminsider_2023_11_21_uks_autumn_statement_may_include_a_quantum_moonshot] Loaded 49 extracted records
[03:00:09 +5m 20s | thequantuminsider_2023_11_21_uks_autumn_statement_may_include_a_quantum_moonshot] Saved 2_actor_nodes.json with 14 canonical actor nodes

[03:00:09 +5m 20s | thequantuminsider_2023_11_21_uks_autumn_statement_may_include_a_quantum_moonshot] === 3 interaction extraction ===
[03:00:09 +5m 21s | thequantuminsider_2023_11_21_uks_autumn_statement_may_include_a_quantum_moonshot] Extracting interactions: https://thequantuminsider.com/2023/11/21/uks-autumn-statement-may-include-a-quantum-moonshot (1/1), chunk 11/36
[03:00:13 +5m 25s | thequantuminsider_2023_11_21_uks_autumn_statement_may_include_a_quantum_moonshot] Extracting interactions: https://thequantuminsider.com/2023/11/21/uks-autumn-statement-may-include-a-quantum-moonshot (1/1), chunk 12/36
[03:00:17 +5m 29s | thequantuminsider_2023_11_21_uks_autumn_statement_may_include_a_quantum_moonshot] Extracting interactions: https://thequantuminsider.com/2023/11/21/uks-autumn-statement-may-include-a-quantum-moonshot (1/1), chunk 13/36
[03:00:22 +5m 33s | thequantuminsider_2023_11_21_uks_autumn_statement_may_include_a_quantum_moonshot] Extracting interactions: https://thequantuminsider.com/2023/11/21/uks-autumn-statement-may-include-a-quantum-moonshot (1/1), chunk 14/36
[03:00:24 +5m 37s | thequantuminsider_2023_11_21_uks_autumn_statement_may_include_a_quantum_moonshot] Extracting interactions: https://thequantuminsider.com/2023/11/21/uks-autumn-statement-may-include-a-quantum-moonshot (1/1), chunk 15/36
[03:00:39 +5m 52s | thequantuminsider_2023_11_21_uks_autumn_statement_may_include_a_quantum_moonshot] Extracting interactions: https://thequantuminsider.com/2023/11/21/uks-autumn-statement-may-include-a-quantum-moonshot (1/1), chunk 16/36
[03:00:42 +5m 54s | thequantuminsider_2023_11_21_uks_autumn_statement_may_include_a_quantum_moonshot] Extracting interactions: https://thequantuminsider.com/2023/11/21/uks-autumn-statement-may-include-a-quantum-moonshot (1/1), chunk 17/36
[03:01:05 +6m 20s | thequantuminsider_2023_11_21_uks_autumn_statement_may_include_a_quantum_moonshot] Extracting interactions: https://thequantuminsider.com/2023/11/21/uks-autumn-statement-may-include-a-quantum-moonshot (1/1), chunk 18/36
[03:01:07 +6m 21s | thequantuminsider_2023_11_21_uks_autumn_statement_may_include_a_quantum_moonshot] Extracting interactions: https://thequantuminsider.com/2023/11/21/uks-autumn-statement-may-include-a-quantum-moonshot (1/1), chunk 19/36
[03:01:08 +6m 23s | thequantuminsider_2023_11_21_uks_autumn_statement_may_include_a_quantum_moonshot] Extracting interactions: https://thequantuminsider.com/2023/11/21/uks-autumn-statement-may-include-a-quantum-moonshot (1/1), chunk 20/36
[03:01:17 +6m 31s | thequantuminsider_2023_11_21_uks_autumn_statement_may_include_a_quantum_moonshot] Extracting interactions: https://thequantuminsider.com/2023/11/21/uks-autumn-statement-may-include-a-quantum-moonshot (1/1), chunk 21/36
[03:01:38 +6m 54s | thequantuminsider_2023_11_21_uks_autumn_statement_may_include_a_quantum_moonshot] Extracting interactions: https://thequantuminsider.com/2023/11/21/uks-autumn-statement-may-include-a-quantum-moonshot (1/1), chunk 25/36
[03:01:45 +7m 1s | thequantuminsider_2023_11_21_uks_autumn_statement_may_include_a_quantum_moonshot] Extracting interactions: https://thequantuminsider.com/2023/11/21/uks-autumn-statement-may-include-a-quantum-moonshot (1/1), chunk 26/36
[03:01:46 +7m 2s | thequantuminsider_2023_11_21_uks_autumn_statement_may_include_a_quantum_moonshot] Extracting interactions: https://thequantuminsider.com/2023/11/21/uks-autumn-statement-may-include-a-quantum-moonshot (1/1), chunk 27/36
[03:01:48 +7m 4s | thequantuminsider_2023_11_21_uks_autumn_statement_may_include_a_quantum_moonshot] Extracting interactions: https://thequantuminsider.com/2023/11/21/uks-autumn-statement-may-include-a-quantum-moonshot (1/1), chunk 29/36
[03:01:50 +7m 6s | thequantuminsider_2023_11_21_uks_autumn_statement_may_include_a_quantum_moonshot] Extracting interactions: https://thequantuminsider.com/2023/11/21/uks-autumn-statement-may-include-a-quantum-moonshot (1/1), chunk 30/36
[03:01:52 +7m 7s | thequantuminsider_2023_11_21_uks_autumn_statement_may_include_a_quantum_moonshot] Extracting interactions: https://thequantuminsider.com/2023/11/21/uks-autumn-statement-may-include-a-quantum-moonshot (1/1), chunk 31/36
[03:01:54 +7m 10s | thequantuminsider_2023_11_21_uks_autumn_statement_may_include_a_quantum_moonshot] Extracting interactions: https://thequantuminsider.com/2023/11/21/uks-autumn-statement-may-include-a-quantum-moonshot (1/1), chunk 32/36
[03:01:56 +7m 13s | thequantuminsider_2023_11_21_uks_autumn_statement_may_include_a_quantum_moonshot] Extracting interactions: https://thequantuminsider.com/2023/11/21/uks-autumn-statement-may-include-a-quantum-moonshot (1/1), chunk 34/36
[03:01:58 +7m 15s | thequantuminsider_2023_11_21_uks_autumn_statement_may_include_a_quantum_moonshot] Extracting interactions: https://thequantuminsider.com/2023/11/21/uks-autumn-statement-may-include-a-quantum-moonshot (1/1), chunk 35/36
[03:01:59 +7m 16s | thequantuminsider_2023_11_21_uks_autumn_statement_may_include_a_quantum_moonshot] Saved 3_interaction_results.json with 11 extracted interactions.

[03:01:59 +7m 16s | thequantuminsider_2023_11_21_uks_autumn_statement_may_include_a_quantum_moonshot] === 4 clean interactions ===
[03:01:59 +7m 16s | thequantuminsider_2023_11_21_uks_autumn_statement_may_include_a_quantum_moonshot] Saved 4_edges.json with 0 cleaned interactions.

[03:01:59 +7m 16s | thequantuminsider_2023_11_21_uks_autumn_statement_may_include_a_quantum_moonshot] === 5 helix enrichment ===
[03:01:59 +7m 16s | thequantuminsider_2023_11_21_uks_autumn_statement_may_include_a_quantum_moonshot] Wrote 5_nodes.json (14 actors)
[03:01:59 +7m 16s | thequantuminsider_2023_11_21_uks_autumn_statement_may_include_a_quantum_moonshot] Wrote 5_edges.json (0 interactions)
[03:01:59 +7m 16s | thequantuminsider_2023_11_21_uks_autumn_statement_may_include_a_quantum_moonshot] Actor helix counts: {'Academia': 2, 'Civil Society': 2, 'Government': 2, 'Industry': 3, 'Unknown': 5}
[03:01:59 +7m 16s | thequantuminsider_2023_11_21_uks_autumn_statement_may_include_a_quantum_moonshot] Functional-space counts: {}

[03:01:59 +7m 16s | thequantuminsider_2023_11_21_uks_autumn_statement_may_include_a_quantum_moonshot] === 6 network visualisation ===
[03:02:00 +7m 17s | thequantuminsider_2023_11_21_uks_autumn_statement_may_include_a_quantum_moonshot] Wrote quantum_network.html
[03:02:00 +7m 17s | thequantuminsider_2023_11_21_uks_autumn_statement_may_include_a_quantum_moonshot] Nodes: 14
[03:02:00 +7m 17s | thequantuminsider_2023_11_21_uks_autumn_statement_may_include_a_quantum_moonshot] Edges: 0

[03:02:00 +7m 17s | thequantuminsider_2023_11_21_uks_autumn_statement_may_include_a_quantum_moonshot] Done. Outputs written to: /home/lv/IDP/idpdeeptech/pipeline/news_outputs/thequantuminsider_2023_11_21_uks_autumn_statement_may_include_a_quantum_moonshot
[03:02:00 +7m 17s | thequantuminsider_2023_11_21_uks_autumn_statement_may_include_a_quantum_moonshot] Log: /home/lv/IDP/idpdeeptech/pipeline/news_outputs/thequantuminsider_2023_11_21_uks_autumn_statement_may_include_a_quantum_moonshot/run.log

========================================================================
RUN FINISHED 2026-07-05 03:02:00  (OK)
Started:     2026-07-05 02:55:02
Elapsed:     7m 17s
========================================================================
