
========================================================================
RUN STARTED  2026-07-05 02:50:52
site_pipeline.py https://thequantuminsider.com/2023/11/22/autumn-quantum-uks-autumn-statement-presses-for-qc-capable-of-1-trillion-operations-by-2035/
========================================================================

[02:50:52 +0s | thequantuminsider_2023_11_22_autumn_quantum_uks_autumn_statement_presses_for_qc_capable_o_f4ae6f39] === 0 crawl site ===
[02:50:54 +1s | thequantuminsider_2023_11_22_autumn_quantum_uks_autumn_statement_presses_for_qc_capable_o_f4ae6f39] [INIT].... → Crawl4AI 0.8.6 
[02:50:55 +3s | thequantuminsider_2023_11_22_autumn_quantum_uks_autumn_statement_presses_for_qc_capable_o_f4ae6f39] [FETCH]... ↓ https://thequantuminsider.com/2023/11/22/autumn-...for-qc-capable-of-1-trillion-operations-by-2035/  | ✓ | ⏱: 1.78s 
[02:50:55 +3s | thequantuminsider_2023_11_22_autumn_quantum_uks_autumn_statement_presses_for_qc_capable_o_f4ae6f39] [SCRAPE].. ◆ https://thequantuminsider.com/2023/11/22/autumn-...for-qc-capable-of-1-trillion-operations-by-2035/  | ✓ | ⏱: 0.13s 
[02:50:56 +3s | thequantuminsider_2023_11_22_autumn_quantum_uks_autumn_statement_presses_for_qc_capable_o_f4ae6f39] [COMPLETE] ● https://thequantuminsider.com/2023/11/22/autumn-...for-qc-capable-of-1-trillion-operations-by-2035/  | ✓ | ⏱: 1.94s 
[02:50:56 +3s | thequantuminsider_2023_11_22_autumn_quantum_uks_autumn_statement_presses_for_qc_capable_o_f4ae6f39] Saved: crawl_output/f4084d1a75_thequantuminsider.com_2023_11_22_autumn-quantum-uks-autumn-statement-presses-for-qc-capable-of-1-trillion-operations-by-2035.json

[02:50:56 +4s | thequantuminsider_2023_11_22_autumn_quantum_uks_autumn_statement_presses_for_qc_capable_o_f4ae6f39] === 1 actor extraction ===
[02:50:56 +4s | thequantuminsider_2023_11_22_autumn_quantum_uks_autumn_statement_presses_for_qc_capable_o_f4ae6f39] Reading page (1/1): https://thequantuminsider.com/2023/11/22/autumn-quantum-uks-autumn-statement-presses-for-qc-capable-of-1-trillion-operations-by-2035
[02:50:56 +4s | thequantuminsider_2023_11_22_autumn_quantum_uks_autumn_statement_presses_for_qc_capable_o_f4ae6f39] Extracting actors: https://thequantuminsider.com/2023/11/22/autumn-quantum-uks-autumn-statement-presses-for-qc-capable-of-1-trillion-operations-by-2035 (1/1), chunk 1/41
[02:51:18 +27s | thequantuminsider_2023_11_22_autumn_quantum_uks_autumn_statement_presses_for_qc_capable_o_f4ae6f39] Extracting actors: https://thequantuminsider.com/2023/11/22/autumn-quantum-uks-autumn-statement-presses-for-qc-capable-of-1-trillion-operations-by-2035 (1/1), chunk 2/41
[02:51:23 +32s | thequantuminsider_2023_11_22_autumn_quantum_uks_autumn_statement_presses_for_qc_capable_o_f4ae6f39] Extracting actors: https://thequantuminsider.com/2023/11/22/autumn-quantum-uks-autumn-statement-presses-for-qc-capable-of-1-trillion-operations-by-2035 (1/1), chunk 3/41
[02:51:30 +39s | thequantuminsider_2023_11_22_autumn_quantum_uks_autumn_statement_presses_for_qc_capable_o_f4ae6f39] Extracting actors: https://thequantuminsider.com/2023/11/22/autumn-quantum-uks-autumn-statement-presses-for-qc-capable-of-1-trillion-operations-by-2035 (1/1), chunk 4/41
[02:51:36 +45s | thequantuminsider_2023_11_22_autumn_quantum_uks_autumn_statement_presses_for_qc_capable_o_f4ae6f39] Extracting actors: https://thequantuminsider.com/2023/11/22/autumn-quantum-uks-autumn-statement-presses-for-qc-capable-of-1-trillion-operations-by-2035 (1/1), chunk 5/41
[02:51:41 +52s | thequantuminsider_2023_11_22_autumn_quantum_uks_autumn_statement_presses_for_qc_capable_o_f4ae6f39] Extracting actors: https://thequantuminsider.com/2023/11/22/autumn-quantum-uks-autumn-statement-presses-for-qc-capable-of-1-trillion-operations-by-2035 (1/1), chunk 6/41
[02:51:50 +1m 0s | thequantuminsider_2023_11_22_autumn_quantum_uks_autumn_statement_presses_for_qc_capable_o_f4ae6f39] Extracting actors: https://thequantuminsider.com/2023/11/22/autumn-quantum-uks-autumn-statement-presses-for-qc-capable-of-1-trillion-operations-by-2035 (1/1), chunk 7/41
[02:51:56 +1m 6s | thequantuminsider_2023_11_22_autumn_quantum_uks_autumn_statement_presses_for_qc_capable_o_f4ae6f39] Extracting actors: https://thequantuminsider.com/2023/11/22/autumn-quantum-uks-autumn-statement-presses-for-qc-capable-of-1-trillion-operations-by-2035 (1/1), chunk 8/41
[02:52:03 +1m 13s | thequantuminsider_2023_11_22_autumn_quantum_uks_autumn_statement_presses_for_qc_capable_o_f4ae6f39] Extracting actors: https://thequantuminsider.com/2023/11/22/autumn-quantum-uks-autumn-statement-presses-for-qc-capable-of-1-trillion-operations-by-2035 (1/1), chunk 9/41
[02:52:09 +1m 19s | thequantuminsider_2023_11_22_autumn_quantum_uks_autumn_statement_presses_for_qc_capable_o_f4ae6f39] Extracting actors: https://thequantuminsider.com/2023/11/22/autumn-quantum-uks-autumn-statement-presses-for-qc-capable-of-1-trillion-operations-by-2035 (1/1), chunk 10/41
[02:52:15 +1m 27s | thequantuminsider_2023_11_22_autumn_quantum_uks_autumn_statement_presses_for_qc_capable_o_f4ae6f39] Extracting actors: https://thequantuminsider.com/2023/11/22/autumn-quantum-uks-autumn-statement-presses-for-qc-capable-of-1-trillion-operations-by-2035 (1/1), chunk 11/41
[02:52:22 +1m 34s | thequantuminsider_2023_11_22_autumn_quantum_uks_autumn_statement_presses_for_qc_capable_o_f4ae6f39] Repaired malformed JSON.
[02:52:22 +1m 34s | thequantuminsider_2023_11_22_autumn_quantum_uks_autumn_statement_presses_for_qc_capable_o_f4ae6f39] Extracting actors: https://thequantuminsider.com/2023/11/22/autumn-quantum-uks-autumn-statement-presses-for-qc-capable-of-1-trillion-operations-by-2035 (1/1), chunk 12/41
[02:52:28 +1m 40s | thequantuminsider_2023_11_22_autumn_quantum_uks_autumn_statement_presses_for_qc_capable_o_f4ae6f39] Repaired malformed JSON.
[02:52:28 +1m 40s | thequantuminsider_2023_11_22_autumn_quantum_uks_autumn_statement_presses_for_qc_capable_o_f4ae6f39] Extracting actors: https://thequantuminsider.com/2023/11/22/autumn-quantum-uks-autumn-statement-presses-for-qc-capable-of-1-trillion-operations-by-2035 (1/1), chunk 13/41
[02:52:41 +1m 55s | thequantuminsider_2023_11_22_autumn_quantum_uks_autumn_statement_presses_for_qc_capable_o_f4ae6f39] Repaired malformed JSON.
[02:52:41 +1m 55s | thequantuminsider_2023_11_22_autumn_quantum_uks_autumn_statement_presses_for_qc_capable_o_f4ae6f39] Extracting actors: https://thequantuminsider.com/2023/11/22/autumn-quantum-uks-autumn-statement-presses-for-qc-capable-of-1-trillion-operations-by-2035 (1/1), chunk 14/41
[02:52:49 +2m 3s | thequantuminsider_2023_11_22_autumn_quantum_uks_autumn_statement_presses_for_qc_capable_o_f4ae6f39] Repaired malformed JSON.
[02:52:49 +2m 3s | thequantuminsider_2023_11_22_autumn_quantum_uks_autumn_statement_presses_for_qc_capable_o_f4ae6f39] Extracting actors: https://thequantuminsider.com/2023/11/22/autumn-quantum-uks-autumn-statement-presses-for-qc-capable-of-1-trillion-operations-by-2035 (1/1), chunk 15/41
[02:52:59 +2m 13s | thequantuminsider_2023_11_22_autumn_quantum_uks_autumn_statement_presses_for_qc_capable_o_f4ae6f39] Repaired malformed JSON.
[02:52:59 +2m 13s | thequantuminsider_2023_11_22_autumn_quantum_uks_autumn_statement_presses_for_qc_capable_o_f4ae6f39] Extracting actors: https://thequantuminsider.com/2023/11/22/autumn-quantum-uks-autumn-statement-presses-for-qc-capable-of-1-trillion-operations-by-2035 (1/1), chunk 16/41
[02:53:08 +2m 21s | thequantuminsider_2023_11_22_autumn_quantum_uks_autumn_statement_presses_for_qc_capable_o_f4ae6f39] Repaired malformed JSON.
[02:53:08 +2m 21s | thequantuminsider_2023_11_22_autumn_quantum_uks_autumn_statement_presses_for_qc_capable_o_f4ae6f39] Extracting actors: https://thequantuminsider.com/2023/11/22/autumn-quantum-uks-autumn-statement-presses-for-qc-capable-of-1-trillion-operations-by-2035 (1/1), chunk 17/41
[02:53:16 +2m 31s | thequantuminsider_2023_11_22_autumn_quantum_uks_autumn_statement_presses_for_qc_capable_o_f4ae6f39] Repaired malformed JSON.
[02:53:16 +2m 31s | thequantuminsider_2023_11_22_autumn_quantum_uks_autumn_statement_presses_for_qc_capable_o_f4ae6f39] Extracting actors: https://thequantuminsider.com/2023/11/22/autumn-quantum-uks-autumn-statement-presses-for-qc-capable-of-1-trillion-operations-by-2035 (1/1), chunk 18/41
[02:53:30 +2m 44s | thequantuminsider_2023_11_22_autumn_quantum_uks_autumn_statement_presses_for_qc_capable_o_f4ae6f39] Repaired malformed JSON.
[02:53:30 +2m 44s | thequantuminsider_2023_11_22_autumn_quantum_uks_autumn_statement_presses_for_qc_capable_o_f4ae6f39] Extracting actors: https://thequantuminsider.com/2023/11/22/autumn-quantum-uks-autumn-statement-presses-for-qc-capable-of-1-trillion-operations-by-2035 (1/1), chunk 19/41
[02:53:38 +2m 53s | thequantuminsider_2023_11_22_autumn_quantum_uks_autumn_statement_presses_for_qc_capable_o_f4ae6f39] Repaired malformed JSON.
[02:53:38 +2m 53s | thequantuminsider_2023_11_22_autumn_quantum_uks_autumn_statement_presses_for_qc_capable_o_f4ae6f39] Extracting actors: https://thequantuminsider.com/2023/11/22/autumn-quantum-uks-autumn-statement-presses-for-qc-capable-of-1-trillion-operations-by-2035 (1/1), chunk 20/41
[02:53:45 +3m 1s | thequantuminsider_2023_11_22_autumn_quantum_uks_autumn_statement_presses_for_qc_capable_o_f4ae6f39] Repaired malformed JSON.
[02:53:45 +3m 1s | thequantuminsider_2023_11_22_autumn_quantum_uks_autumn_statement_presses_for_qc_capable_o_f4ae6f39] Extracting actors: https://thequantuminsider.com/2023/11/22/autumn-quantum-uks-autumn-statement-presses-for-qc-capable-of-1-trillion-operations-by-2035 (1/1), chunk 21/41
[02:53:52 +3m 9s | thequantuminsider_2023_11_22_autumn_quantum_uks_autumn_statement_presses_for_qc_capable_o_f4ae6f39] Repaired malformed JSON.
[02:53:52 +3m 9s | thequantuminsider_2023_11_22_autumn_quantum_uks_autumn_statement_presses_for_qc_capable_o_f4ae6f39] Extracting actors: https://thequantuminsider.com/2023/11/22/autumn-quantum-uks-autumn-statement-presses-for-qc-capable-of-1-trillion-operations-by-2035 (1/1), chunk 22/41
[02:53:58 +3m 14s | thequantuminsider_2023_11_22_autumn_quantum_uks_autumn_statement_presses_for_qc_capable_o_f4ae6f39] Extracting actors: https://thequantuminsider.com/2023/11/22/autumn-quantum-uks-autumn-statement-presses-for-qc-capable-of-1-trillion-operations-by-2035 (1/1), chunk 23/41
[02:54:08 +3m 24s | thequantuminsider_2023_11_22_autumn_quantum_uks_autumn_statement_presses_for_qc_capable_o_f4ae6f39] Repaired malformed JSON.
[02:54:08 +3m 24s | thequantuminsider_2023_11_22_autumn_quantum_uks_autumn_statement_presses_for_qc_capable_o_f4ae6f39] Extracting actors: https://thequantuminsider.com/2023/11/22/autumn-quantum-uks-autumn-statement-presses-for-qc-capable-of-1-trillion-operations-by-2035 (1/1), chunk 24/41
[02:54:16 +3m 34s | thequantuminsider_2023_11_22_autumn_quantum_uks_autumn_statement_presses_for_qc_capable_o_f4ae6f39] Repaired malformed JSON.
[02:54:16 +3m 34s | thequantuminsider_2023_11_22_autumn_quantum_uks_autumn_statement_presses_for_qc_capable_o_f4ae6f39] Extracting actors: https://thequantuminsider.com/2023/11/22/autumn-quantum-uks-autumn-statement-presses-for-qc-capable-of-1-trillion-operations-by-2035 (1/1), chunk 25/41
[02:54:22 +3m 40s | thequantuminsider_2023_11_22_autumn_quantum_uks_autumn_statement_presses_for_qc_capable_o_f4ae6f39] Repaired malformed JSON.
[02:54:22 +3m 40s | thequantuminsider_2023_11_22_autumn_quantum_uks_autumn_statement_presses_for_qc_capable_o_f4ae6f39] Extracting actors: https://thequantuminsider.com/2023/11/22/autumn-quantum-uks-autumn-statement-presses-for-qc-capable-of-1-trillion-operations-by-2035 (1/1), chunk 26/41
[02:54:31 +3m 48s | thequantuminsider_2023_11_22_autumn_quantum_uks_autumn_statement_presses_for_qc_capable_o_f4ae6f39] Extracting actors: https://thequantuminsider.com/2023/11/22/autumn-quantum-uks-autumn-statement-presses-for-qc-capable-of-1-trillion-operations-by-2035 (1/1), chunk 27/41
[02:54:58 +4m 17s | thequantuminsider_2023_11_22_autumn_quantum_uks_autumn_statement_presses_for_qc_capable_o_f4ae6f39] Repaired malformed JSON.
[02:54:58 +4m 17s | thequantuminsider_2023_11_22_autumn_quantum_uks_autumn_statement_presses_for_qc_capable_o_f4ae6f39] Extracting actors: https://thequantuminsider.com/2023/11/22/autumn-quantum-uks-autumn-statement-presses-for-qc-capable-of-1-trillion-operations-by-2035 (1/1), chunk 28/41
[02:55:27 +4m 47s | thequantuminsider_2023_11_22_autumn_quantum_uks_autumn_statement_presses_for_qc_capable_o_f4ae6f39] Repaired malformed JSON.
[02:55:27 +4m 47s | thequantuminsider_2023_11_22_autumn_quantum_uks_autumn_statement_presses_for_qc_capable_o_f4ae6f39] Extracting actors: https://thequantuminsider.com/2023/11/22/autumn-quantum-uks-autumn-statement-presses-for-qc-capable-of-1-trillion-operations-by-2035 (1/1), chunk 29/41
[02:55:36 +4m 56s | thequantuminsider_2023_11_22_autumn_quantum_uks_autumn_statement_presses_for_qc_capable_o_f4ae6f39] Extracting actors: https://thequantuminsider.com/2023/11/22/autumn-quantum-uks-autumn-statement-presses-for-qc-capable-of-1-trillion-operations-by-2035 (1/1), chunk 30/41
[02:55:44 +5m 4s | thequantuminsider_2023_11_22_autumn_quantum_uks_autumn_statement_presses_for_qc_capable_o_f4ae6f39] Repaired malformed JSON.
[02:55:44 +5m 4s | thequantuminsider_2023_11_22_autumn_quantum_uks_autumn_statement_presses_for_qc_capable_o_f4ae6f39] Extracting actors: https://thequantuminsider.com/2023/11/22/autumn-quantum-uks-autumn-statement-presses-for-qc-capable-of-1-trillion-operations-by-2035 (1/1), chunk 31/41
[02:55:48 +5m 10s | thequantuminsider_2023_11_22_autumn_quantum_uks_autumn_statement_presses_for_qc_capable_o_f4ae6f39] Extracting actors: https://thequantuminsider.com/2023/11/22/autumn-quantum-uks-autumn-statement-presses-for-qc-capable-of-1-trillion-operations-by-2035 (1/1), chunk 32/41
[02:55:59 +5m 21s | thequantuminsider_2023_11_22_autumn_quantum_uks_autumn_statement_presses_for_qc_capable_o_f4ae6f39] Repaired malformed JSON.
[02:55:59 +5m 21s | thequantuminsider_2023_11_22_autumn_quantum_uks_autumn_statement_presses_for_qc_capable_o_f4ae6f39] Extracting actors: https://thequantuminsider.com/2023/11/22/autumn-quantum-uks-autumn-statement-presses-for-qc-capable-of-1-trillion-operations-by-2035 (1/1), chunk 33/41
[02:56:05 +5m 26s | thequantuminsider_2023_11_22_autumn_quantum_uks_autumn_statement_presses_for_qc_capable_o_f4ae6f39] Repaired malformed JSON.
[02:56:05 +5m 26s | thequantuminsider_2023_11_22_autumn_quantum_uks_autumn_statement_presses_for_qc_capable_o_f4ae6f39] Extracting actors: https://thequantuminsider.com/2023/11/22/autumn-quantum-uks-autumn-statement-presses-for-qc-capable-of-1-trillion-operations-by-2035 (1/1), chunk 34/41
[02:56:10 +5m 32s | thequantuminsider_2023_11_22_autumn_quantum_uks_autumn_statement_presses_for_qc_capable_o_f4ae6f39] Repaired malformed JSON.
[02:56:10 +5m 32s | thequantuminsider_2023_11_22_autumn_quantum_uks_autumn_statement_presses_for_qc_capable_o_f4ae6f39] Extracting actors: https://thequantuminsider.com/2023/11/22/autumn-quantum-uks-autumn-statement-presses-for-qc-capable-of-1-trillion-operations-by-2035 (1/1), chunk 35/41
[02:56:17 +5m 40s | thequantuminsider_2023_11_22_autumn_quantum_uks_autumn_statement_presses_for_qc_capable_o_f4ae6f39] Repaired malformed JSON.
[02:56:17 +5m 40s | thequantuminsider_2023_11_22_autumn_quantum_uks_autumn_statement_presses_for_qc_capable_o_f4ae6f39] Extracting actors: https://thequantuminsider.com/2023/11/22/autumn-quantum-uks-autumn-statement-presses-for-qc-capable-of-1-trillion-operations-by-2035 (1/1), chunk 36/41
[02:56:23 +5m 46s | thequantuminsider_2023_11_22_autumn_quantum_uks_autumn_statement_presses_for_qc_capable_o_f4ae6f39] Extracting actors: https://thequantuminsider.com/2023/11/22/autumn-quantum-uks-autumn-statement-presses-for-qc-capable-of-1-trillion-operations-by-2035 (1/1), chunk 37/41
[02:56:29 +5m 52s | thequantuminsider_2023_11_22_autumn_quantum_uks_autumn_statement_presses_for_qc_capable_o_f4ae6f39] Repaired malformed JSON.
[02:56:29 +5m 52s | thequantuminsider_2023_11_22_autumn_quantum_uks_autumn_statement_presses_for_qc_capable_o_f4ae6f39] Extracting actors: https://thequantuminsider.com/2023/11/22/autumn-quantum-uks-autumn-statement-presses-for-qc-capable-of-1-trillion-operations-by-2035 (1/1), chunk 38/41
[02:56:37 +6m 0s | thequantuminsider_2023_11_22_autumn_quantum_uks_autumn_statement_presses_for_qc_capable_o_f4ae6f39] Repaired malformed JSON.
[02:56:37 +6m 0s | thequantuminsider_2023_11_22_autumn_quantum_uks_autumn_statement_presses_for_qc_capable_o_f4ae6f39] Extracting actors: https://thequantuminsider.com/2023/11/22/autumn-quantum-uks-autumn-statement-presses-for-qc-capable-of-1-trillion-operations-by-2035 (1/1), chunk 39/41
[02:56:44 +6m 7s | thequantuminsider_2023_11_22_autumn_quantum_uks_autumn_statement_presses_for_qc_capable_o_f4ae6f39] Repaired malformed JSON.
[02:56:44 +6m 7s | thequantuminsider_2023_11_22_autumn_quantum_uks_autumn_statement_presses_for_qc_capable_o_f4ae6f39] Extracting actors: https://thequantuminsider.com/2023/11/22/autumn-quantum-uks-autumn-statement-presses-for-qc-capable-of-1-trillion-operations-by-2035 (1/1), chunk 40/41
[02:56:52 +6m 16s | thequantuminsider_2023_11_22_autumn_quantum_uks_autumn_statement_presses_for_qc_capable_o_f4ae6f39] Repaired malformed JSON.
[02:56:52 +6m 16s | thequantuminsider_2023_11_22_autumn_quantum_uks_autumn_statement_presses_for_qc_capable_o_f4ae6f39] Extracting actors: https://thequantuminsider.com/2023/11/22/autumn-quantum-uks-autumn-statement-presses-for-qc-capable-of-1-trillion-operations-by-2035 (1/1), chunk 41/41
[02:56:59 +6m 23s | thequantuminsider_2023_11_22_autumn_quantum_uks_autumn_statement_presses_for_qc_capable_o_f4ae6f39] Repaired malformed JSON.
[02:56:59 +6m 23s | thequantuminsider_2023_11_22_autumn_quantum_uks_autumn_statement_presses_for_qc_capable_o_f4ae6f39] Saved 1_actor_results.json with 62 extracted records

[02:56:59 +6m 23s | thequantuminsider_2023_11_22_autumn_quantum_uks_autumn_statement_presses_for_qc_capable_o_f4ae6f39] === 2 clean actors ===
[02:56:59 +6m 23s | thequantuminsider_2023_11_22_autumn_quantum_uks_autumn_statement_presses_for_qc_capable_o_f4ae6f39] Loaded 62 extracted records
[02:56:59 +6m 23s | thequantuminsider_2023_11_22_autumn_quantum_uks_autumn_statement_presses_for_qc_capable_o_f4ae6f39] Saved 2_actor_nodes.json with 24 canonical actor nodes

[02:56:59 +6m 23s | thequantuminsider_2023_11_22_autumn_quantum_uks_autumn_statement_presses_for_qc_capable_o_f4ae6f39] === 3 interaction extraction ===
[02:56:59 +6m 24s | thequantuminsider_2023_11_22_autumn_quantum_uks_autumn_statement_presses_for_qc_capable_o_f4ae6f39] Extracting interactions: https://thequantuminsider.com/2023/11/22/autumn-quantum-uks-autumn-statement-presses-for-qc-capable-of-1-trillion-operations-by-2035 (1/1), chunk 11/41
[02:57:10 +6m 35s | thequantuminsider_2023_11_22_autumn_quantum_uks_autumn_statement_presses_for_qc_capable_o_f4ae6f39] Extracting interactions: https://thequantuminsider.com/2023/11/22/autumn-quantum-uks-autumn-statement-presses-for-qc-capable-of-1-trillion-operations-by-2035 (1/1), chunk 12/41
[02:57:28 +6m 54s | thequantuminsider_2023_11_22_autumn_quantum_uks_autumn_statement_presses_for_qc_capable_o_f4ae6f39] Extracting interactions: https://thequantuminsider.com/2023/11/22/autumn-quantum-uks-autumn-statement-presses-for-qc-capable-of-1-trillion-operations-by-2035 (1/1), chunk 13/41
[02:58:21 +7m 49s | thequantuminsider_2023_11_22_autumn_quantum_uks_autumn_statement_presses_for_qc_capable_o_f4ae6f39] Extracting interactions: https://thequantuminsider.com/2023/11/22/autumn-quantum-uks-autumn-statement-presses-for-qc-capable-of-1-trillion-operations-by-2035 (1/1), chunk 14/41
[02:58:32 +8m 1s | thequantuminsider_2023_11_22_autumn_quantum_uks_autumn_statement_presses_for_qc_capable_o_f4ae6f39] Extracting interactions: https://thequantuminsider.com/2023/11/22/autumn-quantum-uks-autumn-statement-presses-for-qc-capable-of-1-trillion-operations-by-2035 (1/1), chunk 15/41
[02:58:42 +8m 11s | thequantuminsider_2023_11_22_autumn_quantum_uks_autumn_statement_presses_for_qc_capable_o_f4ae6f39] Extracting interactions: https://thequantuminsider.com/2023/11/22/autumn-quantum-uks-autumn-statement-presses-for-qc-capable-of-1-trillion-operations-by-2035 (1/1), chunk 16/41
[02:58:51 +8m 21s | thequantuminsider_2023_11_22_autumn_quantum_uks_autumn_statement_presses_for_qc_capable_o_f4ae6f39] Extracting interactions: https://thequantuminsider.com/2023/11/22/autumn-quantum-uks-autumn-statement-presses-for-qc-capable-of-1-trillion-operations-by-2035 (1/1), chunk 17/41
[02:58:59 +8m 29s | thequantuminsider_2023_11_22_autumn_quantum_uks_autumn_statement_presses_for_qc_capable_o_f4ae6f39] Extracting interactions: https://thequantuminsider.com/2023/11/22/autumn-quantum-uks-autumn-statement-presses-for-qc-capable-of-1-trillion-operations-by-2035 (1/1), chunk 18/41
[02:59:13 +8m 43s | thequantuminsider_2023_11_22_autumn_quantum_uks_autumn_statement_presses_for_qc_capable_o_f4ae6f39] Extracting interactions: https://thequantuminsider.com/2023/11/22/autumn-quantum-uks-autumn-statement-presses-for-qc-capable-of-1-trillion-operations-by-2035 (1/1), chunk 19/41
[02:59:24 +8m 56s | thequantuminsider_2023_11_22_autumn_quantum_uks_autumn_statement_presses_for_qc_capable_o_f4ae6f39] Extracting interactions: https://thequantuminsider.com/2023/11/22/autumn-quantum-uks-autumn-statement-presses-for-qc-capable-of-1-trillion-operations-by-2035 (1/1), chunk 20/41
[02:59:30 +9m 1s | thequantuminsider_2023_11_22_autumn_quantum_uks_autumn_statement_presses_for_qc_capable_o_f4ae6f39] Extracting interactions: https://thequantuminsider.com/2023/11/22/autumn-quantum-uks-autumn-statement-presses-for-qc-capable-of-1-trillion-operations-by-2035 (1/1), chunk 21/41
[02:59:37 +9m 9s | thequantuminsider_2023_11_22_autumn_quantum_uks_autumn_statement_presses_for_qc_capable_o_f4ae6f39] Extracting interactions: https://thequantuminsider.com/2023/11/22/autumn-quantum-uks-autumn-statement-presses-for-qc-capable-of-1-trillion-operations-by-2035 (1/1), chunk 22/41
[02:59:46 +9m 18s | thequantuminsider_2023_11_22_autumn_quantum_uks_autumn_statement_presses_for_qc_capable_o_f4ae6f39] Extracting interactions: https://thequantuminsider.com/2023/11/22/autumn-quantum-uks-autumn-statement-presses-for-qc-capable-of-1-trillion-operations-by-2035 (1/1), chunk 23/41
[02:59:49 +9m 20s | thequantuminsider_2023_11_22_autumn_quantum_uks_autumn_statement_presses_for_qc_capable_o_f4ae6f39] Extracting interactions: https://thequantuminsider.com/2023/11/22/autumn-quantum-uks-autumn-statement-presses-for-qc-capable-of-1-trillion-operations-by-2035 (1/1), chunk 24/41
[02:59:50 +9m 22s | thequantuminsider_2023_11_22_autumn_quantum_uks_autumn_statement_presses_for_qc_capable_o_f4ae6f39] Extracting interactions: https://thequantuminsider.com/2023/11/22/autumn-quantum-uks-autumn-statement-presses-for-qc-capable-of-1-trillion-operations-by-2035 (1/1), chunk 25/41
[02:59:57 +9m 29s | thequantuminsider_2023_11_22_autumn_quantum_uks_autumn_statement_presses_for_qc_capable_o_f4ae6f39] Extracting interactions: https://thequantuminsider.com/2023/11/22/autumn-quantum-uks-autumn-statement-presses-for-qc-capable-of-1-trillion-operations-by-2035 (1/1), chunk 26/41
[03:00:02 +9m 35s | thequantuminsider_2023_11_22_autumn_quantum_uks_autumn_statement_presses_for_qc_capable_o_f4ae6f39] Extracting interactions: https://thequantuminsider.com/2023/11/22/autumn-quantum-uks-autumn-statement-presses-for-qc-capable-of-1-trillion-operations-by-2035 (1/1), chunk 30/41
[03:00:08 +9m 41s | thequantuminsider_2023_11_22_autumn_quantum_uks_autumn_statement_presses_for_qc_capable_o_f4ae6f39] Extracting interactions: https://thequantuminsider.com/2023/11/22/autumn-quantum-uks-autumn-statement-presses-for-qc-capable-of-1-trillion-operations-by-2035 (1/1), chunk 31/41
[03:00:31 +10m 5s | thequantuminsider_2023_11_22_autumn_quantum_uks_autumn_statement_presses_for_qc_capable_o_f4ae6f39] Extracting interactions: https://thequantuminsider.com/2023/11/22/autumn-quantum-uks-autumn-statement-presses-for-qc-capable-of-1-trillion-operations-by-2035 (1/1), chunk 32/41
[03:00:32 +10m 7s | thequantuminsider_2023_11_22_autumn_quantum_uks_autumn_statement_presses_for_qc_capable_o_f4ae6f39] Extracting interactions: https://thequantuminsider.com/2023/11/22/autumn-quantum-uks-autumn-statement-presses-for-qc-capable-of-1-trillion-operations-by-2035 (1/1), chunk 33/41
[03:00:34 +10m 8s | thequantuminsider_2023_11_22_autumn_quantum_uks_autumn_statement_presses_for_qc_capable_o_f4ae6f39] Extracting interactions: https://thequantuminsider.com/2023/11/22/autumn-quantum-uks-autumn-statement-presses-for-qc-capable-of-1-trillion-operations-by-2035 (1/1), chunk 34/41
[03:00:35 +10m 10s | thequantuminsider_2023_11_22_autumn_quantum_uks_autumn_statement_presses_for_qc_capable_o_f4ae6f39] Extracting interactions: https://thequantuminsider.com/2023/11/22/autumn-quantum-uks-autumn-statement-presses-for-qc-capable-of-1-trillion-operations-by-2035 (1/1), chunk 35/41
[03:00:38 +10m 13s | thequantuminsider_2023_11_22_autumn_quantum_uks_autumn_statement_presses_for_qc_capable_o_f4ae6f39] Extracting interactions: https://thequantuminsider.com/2023/11/22/autumn-quantum-uks-autumn-statement-presses-for-qc-capable-of-1-trillion-operations-by-2035 (1/1), chunk 36/41
[03:00:40 +10m 14s | thequantuminsider_2023_11_22_autumn_quantum_uks_autumn_statement_presses_for_qc_capable_o_f4ae6f39] Extracting interactions: https://thequantuminsider.com/2023/11/22/autumn-quantum-uks-autumn-statement-presses-for-qc-capable-of-1-trillion-operations-by-2035 (1/1), chunk 37/41
[03:00:41 +10m 16s | thequantuminsider_2023_11_22_autumn_quantum_uks_autumn_statement_presses_for_qc_capable_o_f4ae6f39] Extracting interactions: https://thequantuminsider.com/2023/11/22/autumn-quantum-uks-autumn-statement-presses-for-qc-capable-of-1-trillion-operations-by-2035 (1/1), chunk 38/41
[03:00:43 +10m 17s | thequantuminsider_2023_11_22_autumn_quantum_uks_autumn_statement_presses_for_qc_capable_o_f4ae6f39] Extracting interactions: https://thequantuminsider.com/2023/11/22/autumn-quantum-uks-autumn-statement-presses-for-qc-capable-of-1-trillion-operations-by-2035 (1/1), chunk 39/41
[03:00:45 +10m 19s | thequantuminsider_2023_11_22_autumn_quantum_uks_autumn_statement_presses_for_qc_capable_o_f4ae6f39] Extracting interactions: https://thequantuminsider.com/2023/11/22/autumn-quantum-uks-autumn-statement-presses-for-qc-capable-of-1-trillion-operations-by-2035 (1/1), chunk 40/41
[03:00:46 +10m 20s | thequantuminsider_2023_11_22_autumn_quantum_uks_autumn_statement_presses_for_qc_capable_o_f4ae6f39] Extracting interactions: https://thequantuminsider.com/2023/11/22/autumn-quantum-uks-autumn-statement-presses-for-qc-capable-of-1-trillion-operations-by-2035 (1/1), chunk 41/41
[03:01:03 +10m 39s | thequantuminsider_2023_11_22_autumn_quantum_uks_autumn_statement_presses_for_qc_capable_o_f4ae6f39] Saved 3_interaction_results.json with 29 extracted interactions.

[03:01:03 +10m 39s | thequantuminsider_2023_11_22_autumn_quantum_uks_autumn_statement_presses_for_qc_capable_o_f4ae6f39] === 4 clean interactions ===
[03:01:03 +10m 39s | thequantuminsider_2023_11_22_autumn_quantum_uks_autumn_statement_presses_for_qc_capable_o_f4ae6f39] Saved 4_edges.json with 3 cleaned interactions.

[03:01:03 +10m 39s | thequantuminsider_2023_11_22_autumn_quantum_uks_autumn_statement_presses_for_qc_capable_o_f4ae6f39] === 5 helix enrichment ===
[03:01:03 +10m 39s | thequantuminsider_2023_11_22_autumn_quantum_uks_autumn_statement_presses_for_qc_capable_o_f4ae6f39] Wrote 5_nodes.json (24 actors)
[03:01:03 +10m 39s | thequantuminsider_2023_11_22_autumn_quantum_uks_autumn_statement_presses_for_qc_capable_o_f4ae6f39] Wrote 5_edges.json (3 interactions)
[03:01:03 +10m 39s | thequantuminsider_2023_11_22_autumn_quantum_uks_autumn_statement_presses_for_qc_capable_o_f4ae6f39] Actor helix counts: {'Academia': 3, 'Civil Society': 3, 'Government': 1, 'Industry': 4, 'Intermediary': 1, 'Unknown': 12}
[03:01:03 +10m 39s | thequantuminsider_2023_11_22_autumn_quantum_uks_autumn_statement_presses_for_qc_capable_o_f4ae6f39] Functional-space counts: {'Unknown': 3}

[03:01:03 +10m 39s | thequantuminsider_2023_11_22_autumn_quantum_uks_autumn_statement_presses_for_qc_capable_o_f4ae6f39] === 6 network visualisation ===
[03:01:04 +10m 39s | thequantuminsider_2023_11_22_autumn_quantum_uks_autumn_statement_presses_for_qc_capable_o_f4ae6f39] Wrote quantum_network.html
[03:01:04 +10m 39s | thequantuminsider_2023_11_22_autumn_quantum_uks_autumn_statement_presses_for_qc_capable_o_f4ae6f39] Nodes: 24
[03:01:04 +10m 39s | thequantuminsider_2023_11_22_autumn_quantum_uks_autumn_statement_presses_for_qc_capable_o_f4ae6f39] Edges: 3

[03:01:04 +10m 39s | thequantuminsider_2023_11_22_autumn_quantum_uks_autumn_statement_presses_for_qc_capable_o_f4ae6f39] Done. Outputs written to: /home/lv/IDP/idpdeeptech/pipeline/news_outputs/thequantuminsider_2023_11_22_autumn_quantum_uks_autumn_statement_presses_for_qc_capable_o_f4ae6f39
[03:01:04 +10m 39s | thequantuminsider_2023_11_22_autumn_quantum_uks_autumn_statement_presses_for_qc_capable_o_f4ae6f39] Log: /home/lv/IDP/idpdeeptech/pipeline/news_outputs/thequantuminsider_2023_11_22_autumn_quantum_uks_autumn_statement_presses_for_qc_capable_o_f4ae6f39/run.log

========================================================================
RUN FINISHED 2026-07-05 03:01:04  (OK)
Started:     2026-07-05 02:50:52
Elapsed:     10m 39s
========================================================================
