
========================================================================
RUN STARTED  2026-07-05 05:57:13
site_pipeline.py https://thequantuminsider.com/2023/10/19/physicists-say-magnets-offer-room-temperature-quantum-computing/
========================================================================

[05:57:13 +0s | thequantuminsider_2023_10_19_physicists_say_magnets_offer_room_temperature_quantum_computing] === 0 crawl site ===
[05:57:14 +1s | thequantuminsider_2023_10_19_physicists_say_magnets_offer_room_temperature_quantum_computing] [INIT].... → Crawl4AI 0.8.6 
[05:57:17 +4s | thequantuminsider_2023_10_19_physicists_say_magnets_offer_room_temperature_quantum_computing] [FETCH]... ↓ https://thequantuminsider.com/2023/10/19/physici...agnets-offer-room-temperature-quantum-computing/  | ✓ | ⏱: 2.60s 
[05:57:17 +4s | thequantuminsider_2023_10_19_physicists_say_magnets_offer_room_temperature_quantum_computing] [SCRAPE].. ◆ https://thequantuminsider.com/2023/10/19/physici...agnets-offer-room-temperature-quantum-computing/  | ✓ | ⏱: 0.12s 
[05:57:17 +4s | thequantuminsider_2023_10_19_physicists_say_magnets_offer_room_temperature_quantum_computing] [COMPLETE] ● https://thequantuminsider.com/2023/10/19/physici...agnets-offer-room-temperature-quantum-computing/  | ✓ | ⏱: 2.74s 
[05:57:17 +4s | thequantuminsider_2023_10_19_physicists_say_magnets_offer_room_temperature_quantum_computing] Saved: crawl_output/9df6dca72f_thequantuminsider.com_2023_10_19_physicists-say-magnets-offer-room-temperature-quantum-computing.json

[05:57:17 +4s | thequantuminsider_2023_10_19_physicists_say_magnets_offer_room_temperature_quantum_computing] === 1 actor extraction ===
[05:57:18 +5s | thequantuminsider_2023_10_19_physicists_say_magnets_offer_room_temperature_quantum_computing] Reading page (1/1): https://thequantuminsider.com/2023/10/19/physicists-say-magnets-offer-room-temperature-quantum-computing
[05:57:18 +5s | thequantuminsider_2023_10_19_physicists_say_magnets_offer_room_temperature_quantum_computing] Extracting actors: https://thequantuminsider.com/2023/10/19/physicists-say-magnets-offer-room-temperature-quantum-computing (1/1), chunk 1/36
[05:57:22 +9s | thequantuminsider_2023_10_19_physicists_say_magnets_offer_room_temperature_quantum_computing] Extracting actors: https://thequantuminsider.com/2023/10/19/physicists-say-magnets-offer-room-temperature-quantum-computing (1/1), chunk 2/36
[05:57:27 +14s | thequantuminsider_2023_10_19_physicists_say_magnets_offer_room_temperature_quantum_computing] Extracting actors: https://thequantuminsider.com/2023/10/19/physicists-say-magnets-offer-room-temperature-quantum-computing (1/1), chunk 3/36
[05:57:35 +22s | thequantuminsider_2023_10_19_physicists_say_magnets_offer_room_temperature_quantum_computing] Extracting actors: https://thequantuminsider.com/2023/10/19/physicists-say-magnets-offer-room-temperature-quantum-computing (1/1), chunk 4/36
[05:57:39 +26s | thequantuminsider_2023_10_19_physicists_say_magnets_offer_room_temperature_quantum_computing] Extracting actors: https://thequantuminsider.com/2023/10/19/physicists-say-magnets-offer-room-temperature-quantum-computing (1/1), chunk 5/36
[05:57:44 +33s | thequantuminsider_2023_10_19_physicists_say_magnets_offer_room_temperature_quantum_computing] Extracting actors: https://thequantuminsider.com/2023/10/19/physicists-say-magnets-offer-room-temperature-quantum-computing (1/1), chunk 6/36
[05:57:48 +37s | thequantuminsider_2023_10_19_physicists_say_magnets_offer_room_temperature_quantum_computing] Extracting actors: https://thequantuminsider.com/2023/10/19/physicists-say-magnets-offer-room-temperature-quantum-computing (1/1), chunk 7/36
[05:57:52 +41s | thequantuminsider_2023_10_19_physicists_say_magnets_offer_room_temperature_quantum_computing] Extracting actors: https://thequantuminsider.com/2023/10/19/physicists-say-magnets-offer-room-temperature-quantum-computing (1/1), chunk 8/36
[05:57:57 +46s | thequantuminsider_2023_10_19_physicists_say_magnets_offer_room_temperature_quantum_computing] Extracting actors: https://thequantuminsider.com/2023/10/19/physicists-say-magnets-offer-room-temperature-quantum-computing (1/1), chunk 9/36
[05:58:02 +51s | thequantuminsider_2023_10_19_physicists_say_magnets_offer_room_temperature_quantum_computing] Extracting actors: https://thequantuminsider.com/2023/10/19/physicists-say-magnets-offer-room-temperature-quantum-computing (1/1), chunk 10/36
[05:58:10 +59s | thequantuminsider_2023_10_19_physicists_say_magnets_offer_room_temperature_quantum_computing] Extracting actors: https://thequantuminsider.com/2023/10/19/physicists-say-magnets-offer-room-temperature-quantum-computing (1/1), chunk 11/36
[05:58:12 +1m 3s | thequantuminsider_2023_10_19_physicists_say_magnets_offer_room_temperature_quantum_computing] Extracting actors: https://thequantuminsider.com/2023/10/19/physicists-say-magnets-offer-room-temperature-quantum-computing (1/1), chunk 12/36
[05:58:39 +1m 32s | thequantuminsider_2023_10_19_physicists_say_magnets_offer_room_temperature_quantum_computing] Repaired malformed JSON.
[05:58:39 +1m 32s | thequantuminsider_2023_10_19_physicists_say_magnets_offer_room_temperature_quantum_computing] Extracting actors: https://thequantuminsider.com/2023/10/19/physicists-say-magnets-offer-room-temperature-quantum-computing (1/1), chunk 13/36
[05:58:48 +1m 41s | thequantuminsider_2023_10_19_physicists_say_magnets_offer_room_temperature_quantum_computing] Repaired malformed JSON.
[05:58:48 +1m 41s | thequantuminsider_2023_10_19_physicists_say_magnets_offer_room_temperature_quantum_computing] Extracting actors: https://thequantuminsider.com/2023/10/19/physicists-say-magnets-offer-room-temperature-quantum-computing (1/1), chunk 14/36
[05:58:58 +1m 51s | thequantuminsider_2023_10_19_physicists_say_magnets_offer_room_temperature_quantum_computing] Repaired malformed JSON.
[05:58:58 +1m 51s | thequantuminsider_2023_10_19_physicists_say_magnets_offer_room_temperature_quantum_computing] Extracting actors: https://thequantuminsider.com/2023/10/19/physicists-say-magnets-offer-room-temperature-quantum-computing (1/1), chunk 15/36
[05:59:09 +2m 2s | thequantuminsider_2023_10_19_physicists_say_magnets_offer_room_temperature_quantum_computing] Repaired malformed JSON.
[05:59:09 +2m 2s | thequantuminsider_2023_10_19_physicists_say_magnets_offer_room_temperature_quantum_computing] Extracting actors: https://thequantuminsider.com/2023/10/19/physicists-say-magnets-offer-room-temperature-quantum-computing (1/1), chunk 16/36
[05:59:16 +2m 12s | thequantuminsider_2023_10_19_physicists_say_magnets_offer_room_temperature_quantum_computing] Repaired malformed JSON.
[05:59:16 +2m 12s | thequantuminsider_2023_10_19_physicists_say_magnets_offer_room_temperature_quantum_computing] Extracting actors: https://thequantuminsider.com/2023/10/19/physicists-say-magnets-offer-room-temperature-quantum-computing (1/1), chunk 17/36
[05:59:25 +2m 20s | thequantuminsider_2023_10_19_physicists_say_magnets_offer_room_temperature_quantum_computing] Repaired malformed JSON.
[05:59:25 +2m 20s | thequantuminsider_2023_10_19_physicists_say_magnets_offer_room_temperature_quantum_computing] Extracting actors: https://thequantuminsider.com/2023/10/19/physicists-say-magnets-offer-room-temperature-quantum-computing (1/1), chunk 18/36
[05:59:29 +2m 25s | thequantuminsider_2023_10_19_physicists_say_magnets_offer_room_temperature_quantum_computing] Extracting actors: https://thequantuminsider.com/2023/10/19/physicists-say-magnets-offer-room-temperature-quantum-computing (1/1), chunk 19/36
[05:59:36 +2m 31s | thequantuminsider_2023_10_19_physicists_say_magnets_offer_room_temperature_quantum_computing] Repaired malformed JSON.
[05:59:36 +2m 31s | thequantuminsider_2023_10_19_physicists_say_magnets_offer_room_temperature_quantum_computing] Extracting actors: https://thequantuminsider.com/2023/10/19/physicists-say-magnets-offer-room-temperature-quantum-computing (1/1), chunk 20/36
[05:59:42 +2m 40s | thequantuminsider_2023_10_19_physicists_say_magnets_offer_room_temperature_quantum_computing] Repaired malformed JSON.
[05:59:42 +2m 40s | thequantuminsider_2023_10_19_physicists_say_magnets_offer_room_temperature_quantum_computing] Extracting actors: https://thequantuminsider.com/2023/10/19/physicists-say-magnets-offer-room-temperature-quantum-computing (1/1), chunk 21/36
[05:59:49 +2m 46s | thequantuminsider_2023_10_19_physicists_say_magnets_offer_room_temperature_quantum_computing] Repaired malformed JSON.
[05:59:49 +2m 46s | thequantuminsider_2023_10_19_physicists_say_magnets_offer_room_temperature_quantum_computing] Extracting actors: https://thequantuminsider.com/2023/10/19/physicists-say-magnets-offer-room-temperature-quantum-computing (1/1), chunk 22/36
[06:00:16 +3m 15s | thequantuminsider_2023_10_19_physicists_say_magnets_offer_room_temperature_quantum_computing] Repaired malformed JSON.
[06:00:16 +3m 15s | thequantuminsider_2023_10_19_physicists_say_magnets_offer_room_temperature_quantum_computing] Extracting actors: https://thequantuminsider.com/2023/10/19/physicists-say-magnets-offer-room-temperature-quantum-computing (1/1), chunk 23/36
[06:00:34 +3m 34s | thequantuminsider_2023_10_19_physicists_say_magnets_offer_room_temperature_quantum_computing] Repaired malformed JSON.
[06:00:34 +3m 34s | thequantuminsider_2023_10_19_physicists_say_magnets_offer_room_temperature_quantum_computing] Extracting actors: https://thequantuminsider.com/2023/10/19/physicists-say-magnets-offer-room-temperature-quantum-computing (1/1), chunk 24/36
[06:00:39 +3m 39s | thequantuminsider_2023_10_19_physicists_say_magnets_offer_room_temperature_quantum_computing] Extracting actors: https://thequantuminsider.com/2023/10/19/physicists-say-magnets-offer-room-temperature-quantum-computing (1/1), chunk 25/36
[06:00:45 +3m 46s | thequantuminsider_2023_10_19_physicists_say_magnets_offer_room_temperature_quantum_computing] Repaired malformed JSON.
[06:00:45 +3m 46s | thequantuminsider_2023_10_19_physicists_say_magnets_offer_room_temperature_quantum_computing] Extracting actors: https://thequantuminsider.com/2023/10/19/physicists-say-magnets-offer-room-temperature-quantum-computing (1/1), chunk 26/36
[06:00:49 +3m 51s | thequantuminsider_2023_10_19_physicists_say_magnets_offer_room_temperature_quantum_computing] Extracting actors: https://thequantuminsider.com/2023/10/19/physicists-say-magnets-offer-room-temperature-quantum-computing (1/1), chunk 27/36
[06:00:51 +3m 53s | thequantuminsider_2023_10_19_physicists_say_magnets_offer_room_temperature_quantum_computing] Extracting actors: https://thequantuminsider.com/2023/10/19/physicists-say-magnets-offer-room-temperature-quantum-computing (1/1), chunk 28/36
[06:00:58 +4m 0s | thequantuminsider_2023_10_19_physicists_say_magnets_offer_room_temperature_quantum_computing] Repaired malformed JSON.
[06:00:58 +4m 0s | thequantuminsider_2023_10_19_physicists_say_magnets_offer_room_temperature_quantum_computing] Extracting actors: https://thequantuminsider.com/2023/10/19/physicists-say-magnets-offer-room-temperature-quantum-computing (1/1), chunk 29/36
[06:01:06 +4m 7s | thequantuminsider_2023_10_19_physicists_say_magnets_offer_room_temperature_quantum_computing] Repaired malformed JSON.
[06:01:06 +4m 7s | thequantuminsider_2023_10_19_physicists_say_magnets_offer_room_temperature_quantum_computing] Extracting actors: https://thequantuminsider.com/2023/10/19/physicists-say-magnets-offer-room-temperature-quantum-computing (1/1), chunk 30/36
[06:01:10 +4m 14s | thequantuminsider_2023_10_19_physicists_say_magnets_offer_room_temperature_quantum_computing] Repaired malformed JSON.
[06:01:10 +4m 14s | thequantuminsider_2023_10_19_physicists_say_magnets_offer_room_temperature_quantum_computing] Extracting actors: https://thequantuminsider.com/2023/10/19/physicists-say-magnets-offer-room-temperature-quantum-computing (1/1), chunk 31/36
[06:01:16 +4m 20s | thequantuminsider_2023_10_19_physicists_say_magnets_offer_room_temperature_quantum_computing] Repaired malformed JSON.
[06:01:16 +4m 20s | thequantuminsider_2023_10_19_physicists_say_magnets_offer_room_temperature_quantum_computing] Extracting actors: https://thequantuminsider.com/2023/10/19/physicists-say-magnets-offer-room-temperature-quantum-computing (1/1), chunk 32/36
[06:01:25 +4m 28s | thequantuminsider_2023_10_19_physicists_say_magnets_offer_room_temperature_quantum_computing] Repaired malformed JSON.
[06:01:25 +4m 28s | thequantuminsider_2023_10_19_physicists_say_magnets_offer_room_temperature_quantum_computing] Extracting actors: https://thequantuminsider.com/2023/10/19/physicists-say-magnets-offer-room-temperature-quantum-computing (1/1), chunk 33/36
[06:01:32 +4m 35s | thequantuminsider_2023_10_19_physicists_say_magnets_offer_room_temperature_quantum_computing] Repaired malformed JSON.
[06:01:32 +4m 35s | thequantuminsider_2023_10_19_physicists_say_magnets_offer_room_temperature_quantum_computing] Extracting actors: https://thequantuminsider.com/2023/10/19/physicists-say-magnets-offer-room-temperature-quantum-computing (1/1), chunk 34/36
[06:01:41 +4m 45s | thequantuminsider_2023_10_19_physicists_say_magnets_offer_room_temperature_quantum_computing] Repaired malformed JSON.
[06:01:41 +4m 45s | thequantuminsider_2023_10_19_physicists_say_magnets_offer_room_temperature_quantum_computing] Extracting actors: https://thequantuminsider.com/2023/10/19/physicists-say-magnets-offer-room-temperature-quantum-computing (1/1), chunk 35/36
[06:01:47 +4m 53s | thequantuminsider_2023_10_19_physicists_say_magnets_offer_room_temperature_quantum_computing] Repaired malformed JSON.
[06:01:47 +4m 53s | thequantuminsider_2023_10_19_physicists_say_magnets_offer_room_temperature_quantum_computing] Extracting actors: https://thequantuminsider.com/2023/10/19/physicists-say-magnets-offer-room-temperature-quantum-computing (1/1), chunk 36/36
[06:01:55 +5m 1s | thequantuminsider_2023_10_19_physicists_say_magnets_offer_room_temperature_quantum_computing] Repaired malformed JSON.
[06:01:55 +5m 1s | thequantuminsider_2023_10_19_physicists_say_magnets_offer_room_temperature_quantum_computing] Saved 1_actor_results.json with 52 extracted records

[06:01:55 +5m 1s | thequantuminsider_2023_10_19_physicists_say_magnets_offer_room_temperature_quantum_computing] === 2 clean actors ===
[06:01:55 +5m 1s | thequantuminsider_2023_10_19_physicists_say_magnets_offer_room_temperature_quantum_computing] Loaded 52 extracted records
[06:01:55 +5m 1s | thequantuminsider_2023_10_19_physicists_say_magnets_offer_room_temperature_quantum_computing] Saved 2_actor_nodes.json with 19 canonical actor nodes

[06:01:55 +5m 1s | thequantuminsider_2023_10_19_physicists_say_magnets_offer_room_temperature_quantum_computing] === 3 interaction extraction ===
[06:01:56 +5m 1s | thequantuminsider_2023_10_19_physicists_say_magnets_offer_room_temperature_quantum_computing] Extracting interactions: https://thequantuminsider.com/2023/10/19/physicists-say-magnets-offer-room-temperature-quantum-computing (1/1), chunk 12/36
[06:02:01 +5m 7s | thequantuminsider_2023_10_19_physicists_say_magnets_offer_room_temperature_quantum_computing] Extracting interactions: https://thequantuminsider.com/2023/10/19/physicists-say-magnets-offer-room-temperature-quantum-computing (1/1), chunk 13/36
[06:02:12 +5m 20s | thequantuminsider_2023_10_19_physicists_say_magnets_offer_room_temperature_quantum_computing] Extracting interactions: https://thequantuminsider.com/2023/10/19/physicists-say-magnets-offer-room-temperature-quantum-computing (1/1), chunk 14/36
[06:02:24 +5m 31s | thequantuminsider_2023_10_19_physicists_say_magnets_offer_room_temperature_quantum_computing] Extracting interactions: https://thequantuminsider.com/2023/10/19/physicists-say-magnets-offer-room-temperature-quantum-computing (1/1), chunk 15/36
[06:02:30 +5m 38s | thequantuminsider_2023_10_19_physicists_say_magnets_offer_room_temperature_quantum_computing] Extracting interactions: https://thequantuminsider.com/2023/10/19/physicists-say-magnets-offer-room-temperature-quantum-computing (1/1), chunk 16/36
[06:02:39 +5m 47s | thequantuminsider_2023_10_19_physicists_say_magnets_offer_room_temperature_quantum_computing] Extracting interactions: https://thequantuminsider.com/2023/10/19/physicists-say-magnets-offer-room-temperature-quantum-computing (1/1), chunk 17/36
[06:02:40 +5m 48s | thequantuminsider_2023_10_19_physicists_say_magnets_offer_room_temperature_quantum_computing] Extracting interactions: https://thequantuminsider.com/2023/10/19/physicists-say-magnets-offer-room-temperature-quantum-computing (1/1), chunk 18/36
[06:02:40 +5m 50s | thequantuminsider_2023_10_19_physicists_say_magnets_offer_room_temperature_quantum_computing] Extracting interactions: https://thequantuminsider.com/2023/10/19/physicists-say-magnets-offer-room-temperature-quantum-computing (1/1), chunk 19/36
[06:02:48 +5m 58s | thequantuminsider_2023_10_19_physicists_say_magnets_offer_room_temperature_quantum_computing] Extracting interactions: https://thequantuminsider.com/2023/10/19/physicists-say-magnets-offer-room-temperature-quantum-computing (1/1), chunk 20/36
[06:03:12 +6m 23s | thequantuminsider_2023_10_19_physicists_say_magnets_offer_room_temperature_quantum_computing] Extracting interactions: https://thequantuminsider.com/2023/10/19/physicists-say-magnets-offer-room-temperature-quantum-computing (1/1), chunk 21/36
[06:03:15 +6m 27s | thequantuminsider_2023_10_19_physicists_say_magnets_offer_room_temperature_quantum_computing] Extracting interactions: https://thequantuminsider.com/2023/10/19/physicists-say-magnets-offer-room-temperature-quantum-computing (1/1), chunk 25/36
[06:03:19 +6m 31s | thequantuminsider_2023_10_19_physicists_say_magnets_offer_room_temperature_quantum_computing] Extracting interactions: https://thequantuminsider.com/2023/10/19/physicists-say-magnets-offer-room-temperature-quantum-computing (1/1), chunk 26/36
[06:03:54 +7m 8s | thequantuminsider_2023_10_19_physicists_say_magnets_offer_room_temperature_quantum_computing] Extracting interactions: https://thequantuminsider.com/2023/10/19/physicists-say-magnets-offer-room-temperature-quantum-computing (1/1), chunk 27/36
[06:03:56 +7m 10s | thequantuminsider_2023_10_19_physicists_say_magnets_offer_room_temperature_quantum_computing] Extracting interactions: https://thequantuminsider.com/2023/10/19/physicists-say-magnets-offer-room-temperature-quantum-computing (1/1), chunk 28/36
[06:03:57 +7m 11s | thequantuminsider_2023_10_19_physicists_say_magnets_offer_room_temperature_quantum_computing] Extracting interactions: https://thequantuminsider.com/2023/10/19/physicists-say-magnets-offer-room-temperature-quantum-computing (1/1), chunk 29/36
[06:03:59 +7m 13s | thequantuminsider_2023_10_19_physicists_say_magnets_offer_room_temperature_quantum_computing] Extracting interactions: https://thequantuminsider.com/2023/10/19/physicists-say-magnets-offer-room-temperature-quantum-computing (1/1), chunk 30/36
[06:04:00 +7m 14s | thequantuminsider_2023_10_19_physicists_say_magnets_offer_room_temperature_quantum_computing] Extracting interactions: https://thequantuminsider.com/2023/10/19/physicists-say-magnets-offer-room-temperature-quantum-computing (1/1), chunk 31/36
[06:04:02 +7m 16s | thequantuminsider_2023_10_19_physicists_say_magnets_offer_room_temperature_quantum_computing] Extracting interactions: https://thequantuminsider.com/2023/10/19/physicists-say-magnets-offer-room-temperature-quantum-computing (1/1), chunk 32/36
[06:04:04 +7m 18s | thequantuminsider_2023_10_19_physicists_say_magnets_offer_room_temperature_quantum_computing] Extracting interactions: https://thequantuminsider.com/2023/10/19/physicists-say-magnets-offer-room-temperature-quantum-computing (1/1), chunk 33/36
[06:04:05 +7m 19s | thequantuminsider_2023_10_19_physicists_say_magnets_offer_room_temperature_quantum_computing] Extracting interactions: https://thequantuminsider.com/2023/10/19/physicists-say-magnets-offer-room-temperature-quantum-computing (1/1), chunk 34/36
[06:04:07 +7m 21s | thequantuminsider_2023_10_19_physicists_say_magnets_offer_room_temperature_quantum_computing] Extracting interactions: https://thequantuminsider.com/2023/10/19/physicists-say-magnets-offer-room-temperature-quantum-computing (1/1), chunk 35/36
[06:04:08 +7m 22s | thequantuminsider_2023_10_19_physicists_say_magnets_offer_room_temperature_quantum_computing] Extracting interactions: https://thequantuminsider.com/2023/10/19/physicists-say-magnets-offer-room-temperature-quantum-computing (1/1), chunk 36/36
[06:04:11 +7m 25s | thequantuminsider_2023_10_19_physicists_say_magnets_offer_room_temperature_quantum_computing] Saved 3_interaction_results.json with 16 extracted interactions.

[06:04:12 +7m 25s | thequantuminsider_2023_10_19_physicists_say_magnets_offer_room_temperature_quantum_computing] === 4 clean interactions ===
[06:04:12 +7m 26s | thequantuminsider_2023_10_19_physicists_say_magnets_offer_room_temperature_quantum_computing] Saved 4_edges.json with 2 cleaned interactions.

[06:04:12 +7m 26s | thequantuminsider_2023_10_19_physicists_say_magnets_offer_room_temperature_quantum_computing] === 5 helix enrichment ===
[06:04:12 +7m 26s | thequantuminsider_2023_10_19_physicists_say_magnets_offer_room_temperature_quantum_computing] Wrote 5_nodes.json (19 actors)
[06:04:12 +7m 26s | thequantuminsider_2023_10_19_physicists_say_magnets_offer_room_temperature_quantum_computing] Wrote 5_edges.json (2 interactions)
[06:04:12 +7m 26s | thequantuminsider_2023_10_19_physicists_say_magnets_offer_room_temperature_quantum_computing] Actor helix counts: {'Academia': 1, 'Civil Society': 3, 'Industry': 2, 'Intermediary': 1, 'Unknown': 12}
[06:04:12 +7m 26s | thequantuminsider_2023_10_19_physicists_say_magnets_offer_room_temperature_quantum_computing] Functional-space counts: {'Unknown': 2}

[06:04:12 +7m 26s | thequantuminsider_2023_10_19_physicists_say_magnets_offer_room_temperature_quantum_computing] === 6 network visualisation ===
[06:04:12 +7m 26s | thequantuminsider_2023_10_19_physicists_say_magnets_offer_room_temperature_quantum_computing] Wrote quantum_network.html
[06:04:12 +7m 26s | thequantuminsider_2023_10_19_physicists_say_magnets_offer_room_temperature_quantum_computing] Nodes: 19
[06:04:12 +7m 26s | thequantuminsider_2023_10_19_physicists_say_magnets_offer_room_temperature_quantum_computing] Edges: 2

[06:04:12 +7m 26s | thequantuminsider_2023_10_19_physicists_say_magnets_offer_room_temperature_quantum_computing] Done. Outputs written to: /home/lv/IDP/idpdeeptech/pipeline/news_outputs/thequantuminsider_2023_10_19_physicists_say_magnets_offer_room_temperature_quantum_computing
[06:04:12 +7m 26s | thequantuminsider_2023_10_19_physicists_say_magnets_offer_room_temperature_quantum_computing] Log: /home/lv/IDP/idpdeeptech/pipeline/news_outputs/thequantuminsider_2023_10_19_physicists_say_magnets_offer_room_temperature_quantum_computing/run.log

========================================================================
RUN FINISHED 2026-07-05 06:04:12  (OK)
Started:     2026-07-05 05:57:13
Elapsed:     7m 26s
========================================================================
