
========================================================================
RUN STARTED  2026-07-05 06:12:36
site_pipeline.py https://thequantuminsider.com/2023/10/11/wvu-scientist-accelerates-conventional-research-for-quantum-breakthroughs/
========================================================================

[06:12:36 +0s | thequantuminsider_2023_10_11_wvu_scientist_accelerates_conventional_research_for_quantum_9f408dba] === 0 crawl site ===
[06:12:38 +2s | thequantuminsider_2023_10_11_wvu_scientist_accelerates_conventional_research_for_quantum_9f408dba] [INIT].... → Crawl4AI 0.8.6 
[06:12:41 +5s | thequantuminsider_2023_10_11_wvu_scientist_accelerates_conventional_research_for_quantum_9f408dba] [FETCH]... ↓ https://thequantuminsider.com/2023/10/11/wvu-sci...conventional-research-for-quantum-breakthroughs/  | ✓ | ⏱: 3.12s 
[06:12:41 +5s | thequantuminsider_2023_10_11_wvu_scientist_accelerates_conventional_research_for_quantum_9f408dba] [SCRAPE].. ◆ https://thequantuminsider.com/2023/10/11/wvu-sci...conventional-research-for-quantum-breakthroughs/  | ✓ | ⏱: 0.21s 
[06:12:41 +5s | thequantuminsider_2023_10_11_wvu_scientist_accelerates_conventional_research_for_quantum_9f408dba] [COMPLETE] ● https://thequantuminsider.com/2023/10/11/wvu-sci...conventional-research-for-quantum-breakthroughs/  | ✓ | ⏱: 3.36s 
[06:12:41 +5s | thequantuminsider_2023_10_11_wvu_scientist_accelerates_conventional_research_for_quantum_9f408dba] Saved: crawl_output/3a21d549b2_thequantuminsider.com_2023_10_11_wvu-scientist-accelerates-conventional-research-for-quantum-breakthroughs.json

[06:12:41 +5s | thequantuminsider_2023_10_11_wvu_scientist_accelerates_conventional_research_for_quantum_9f408dba] === 1 actor extraction ===
[06:12:42 +6s | thequantuminsider_2023_10_11_wvu_scientist_accelerates_conventional_research_for_quantum_9f408dba] Reading page (1/1): https://thequantuminsider.com/2023/10/11/wvu-scientist-accelerates-conventional-research-for-quantum-breakthroughs
[06:12:42 +6s | thequantuminsider_2023_10_11_wvu_scientist_accelerates_conventional_research_for_quantum_9f408dba] Extracting actors: https://thequantuminsider.com/2023/10/11/wvu-scientist-accelerates-conventional-research-for-quantum-breakthroughs (1/1), chunk 1/37
[06:12:45 +11s | thequantuminsider_2023_10_11_wvu_scientist_accelerates_conventional_research_for_quantum_9f408dba] Extracting actors: https://thequantuminsider.com/2023/10/11/wvu-scientist-accelerates-conventional-research-for-quantum-breakthroughs (1/1), chunk 2/37
[06:12:52 +18s | thequantuminsider_2023_10_11_wvu_scientist_accelerates_conventional_research_for_quantum_9f408dba] Extracting actors: https://thequantuminsider.com/2023/10/11/wvu-scientist-accelerates-conventional-research-for-quantum-breakthroughs (1/1), chunk 3/37
[06:12:56 +22s | thequantuminsider_2023_10_11_wvu_scientist_accelerates_conventional_research_for_quantum_9f408dba] Extracting actors: https://thequantuminsider.com/2023/10/11/wvu-scientist-accelerates-conventional-research-for-quantum-breakthroughs (1/1), chunk 4/37
[06:13:02 +28s | thequantuminsider_2023_10_11_wvu_scientist_accelerates_conventional_research_for_quantum_9f408dba] Extracting actors: https://thequantuminsider.com/2023/10/11/wvu-scientist-accelerates-conventional-research-for-quantum-breakthroughs (1/1), chunk 5/37
[06:13:07 +33s | thequantuminsider_2023_10_11_wvu_scientist_accelerates_conventional_research_for_quantum_9f408dba] Extracting actors: https://thequantuminsider.com/2023/10/11/wvu-scientist-accelerates-conventional-research-for-quantum-breakthroughs (1/1), chunk 6/37
[06:13:14 +40s | thequantuminsider_2023_10_11_wvu_scientist_accelerates_conventional_research_for_quantum_9f408dba] Extracting actors: https://thequantuminsider.com/2023/10/11/wvu-scientist-accelerates-conventional-research-for-quantum-breakthroughs (1/1), chunk 7/37
[06:13:18 +46s | thequantuminsider_2023_10_11_wvu_scientist_accelerates_conventional_research_for_quantum_9f408dba] Extracting actors: https://thequantuminsider.com/2023/10/11/wvu-scientist-accelerates-conventional-research-for-quantum-breakthroughs (1/1), chunk 8/37
[06:13:23 +51s | thequantuminsider_2023_10_11_wvu_scientist_accelerates_conventional_research_for_quantum_9f408dba] Extracting actors: https://thequantuminsider.com/2023/10/11/wvu-scientist-accelerates-conventional-research-for-quantum-breakthroughs (1/1), chunk 9/37
[06:13:40 +1m 9s | thequantuminsider_2023_10_11_wvu_scientist_accelerates_conventional_research_for_quantum_9f408dba] Extracting actors: https://thequantuminsider.com/2023/10/11/wvu-scientist-accelerates-conventional-research-for-quantum-breakthroughs (1/1), chunk 10/37
[06:13:44 +1m 14s | thequantuminsider_2023_10_11_wvu_scientist_accelerates_conventional_research_for_quantum_9f408dba] Extracting actors: https://thequantuminsider.com/2023/10/11/wvu-scientist-accelerates-conventional-research-for-quantum-breakthroughs (1/1), chunk 11/37
[06:13:53 +1m 23s | thequantuminsider_2023_10_11_wvu_scientist_accelerates_conventional_research_for_quantum_9f408dba] Repaired malformed JSON.
[06:13:53 +1m 23s | thequantuminsider_2023_10_11_wvu_scientist_accelerates_conventional_research_for_quantum_9f408dba] Extracting actors: https://thequantuminsider.com/2023/10/11/wvu-scientist-accelerates-conventional-research-for-quantum-breakthroughs (1/1), chunk 12/37
[06:14:11 +1m 41s | thequantuminsider_2023_10_11_wvu_scientist_accelerates_conventional_research_for_quantum_9f408dba] Repaired malformed JSON.
[06:14:11 +1m 41s | thequantuminsider_2023_10_11_wvu_scientist_accelerates_conventional_research_for_quantum_9f408dba] Extracting actors: https://thequantuminsider.com/2023/10/11/wvu-scientist-accelerates-conventional-research-for-quantum-breakthroughs (1/1), chunk 13/37
[06:14:16 +1m 48s | thequantuminsider_2023_10_11_wvu_scientist_accelerates_conventional_research_for_quantum_9f408dba] Repaired malformed JSON.
[06:14:16 +1m 48s | thequantuminsider_2023_10_11_wvu_scientist_accelerates_conventional_research_for_quantum_9f408dba] Extracting actors: https://thequantuminsider.com/2023/10/11/wvu-scientist-accelerates-conventional-research-for-quantum-breakthroughs (1/1), chunk 14/37
[06:14:25 +1m 57s | thequantuminsider_2023_10_11_wvu_scientist_accelerates_conventional_research_for_quantum_9f408dba] Repaired malformed JSON.
[06:14:25 +1m 57s | thequantuminsider_2023_10_11_wvu_scientist_accelerates_conventional_research_for_quantum_9f408dba] Extracting actors: https://thequantuminsider.com/2023/10/11/wvu-scientist-accelerates-conventional-research-for-quantum-breakthroughs (1/1), chunk 15/37
[06:14:32 +2m 4s | thequantuminsider_2023_10_11_wvu_scientist_accelerates_conventional_research_for_quantum_9f408dba] Repaired malformed JSON.
[06:14:32 +2m 4s | thequantuminsider_2023_10_11_wvu_scientist_accelerates_conventional_research_for_quantum_9f408dba] Extracting actors: https://thequantuminsider.com/2023/10/11/wvu-scientist-accelerates-conventional-research-for-quantum-breakthroughs (1/1), chunk 16/37
[06:14:39 +2m 12s | thequantuminsider_2023_10_11_wvu_scientist_accelerates_conventional_research_for_quantum_9f408dba] Repaired malformed JSON.
[06:14:39 +2m 12s | thequantuminsider_2023_10_11_wvu_scientist_accelerates_conventional_research_for_quantum_9f408dba] Extracting actors: https://thequantuminsider.com/2023/10/11/wvu-scientist-accelerates-conventional-research-for-quantum-breakthroughs (1/1), chunk 17/37
[06:14:45 +2m 20s | thequantuminsider_2023_10_11_wvu_scientist_accelerates_conventional_research_for_quantum_9f408dba] Repaired malformed JSON.
[06:14:45 +2m 20s | thequantuminsider_2023_10_11_wvu_scientist_accelerates_conventional_research_for_quantum_9f408dba] Extracting actors: https://thequantuminsider.com/2023/10/11/wvu-scientist-accelerates-conventional-research-for-quantum-breakthroughs (1/1), chunk 18/37
[06:14:51 +2m 26s | thequantuminsider_2023_10_11_wvu_scientist_accelerates_conventional_research_for_quantum_9f408dba] Repaired malformed JSON.
[06:14:51 +2m 26s | thequantuminsider_2023_10_11_wvu_scientist_accelerates_conventional_research_for_quantum_9f408dba] Extracting actors: https://thequantuminsider.com/2023/10/11/wvu-scientist-accelerates-conventional-research-for-quantum-breakthroughs (1/1), chunk 19/37
[06:15:07 +2m 42s | thequantuminsider_2023_10_11_wvu_scientist_accelerates_conventional_research_for_quantum_9f408dba] Repaired malformed JSON.
[06:15:07 +2m 42s | thequantuminsider_2023_10_11_wvu_scientist_accelerates_conventional_research_for_quantum_9f408dba] Extracting actors: https://thequantuminsider.com/2023/10/11/wvu-scientist-accelerates-conventional-research-for-quantum-breakthroughs (1/1), chunk 20/37
[06:15:14 +2m 48s | thequantuminsider_2023_10_11_wvu_scientist_accelerates_conventional_research_for_quantum_9f408dba] Repaired malformed JSON.
[06:15:14 +2m 48s | thequantuminsider_2023_10_11_wvu_scientist_accelerates_conventional_research_for_quantum_9f408dba] Extracting actors: https://thequantuminsider.com/2023/10/11/wvu-scientist-accelerates-conventional-research-for-quantum-breakthroughs (1/1), chunk 21/37
[06:15:21 +2m 57s | thequantuminsider_2023_10_11_wvu_scientist_accelerates_conventional_research_for_quantum_9f408dba] Repaired malformed JSON.
[06:15:21 +2m 57s | thequantuminsider_2023_10_11_wvu_scientist_accelerates_conventional_research_for_quantum_9f408dba] Extracting actors: https://thequantuminsider.com/2023/10/11/wvu-scientist-accelerates-conventional-research-for-quantum-breakthroughs (1/1), chunk 22/37
[06:15:30 +3m 7s | thequantuminsider_2023_10_11_wvu_scientist_accelerates_conventional_research_for_quantum_9f408dba] Repaired malformed JSON.
[06:15:30 +3m 7s | thequantuminsider_2023_10_11_wvu_scientist_accelerates_conventional_research_for_quantum_9f408dba] Extracting actors: https://thequantuminsider.com/2023/10/11/wvu-scientist-accelerates-conventional-research-for-quantum-breakthroughs (1/1), chunk 23/37
[06:15:38 +3m 14s | thequantuminsider_2023_10_11_wvu_scientist_accelerates_conventional_research_for_quantum_9f408dba] Repaired malformed JSON.
[06:15:38 +3m 14s | thequantuminsider_2023_10_11_wvu_scientist_accelerates_conventional_research_for_quantum_9f408dba] Extracting actors: https://thequantuminsider.com/2023/10/11/wvu-scientist-accelerates-conventional-research-for-quantum-breakthroughs (1/1), chunk 24/37
[06:15:44 +3m 22s | thequantuminsider_2023_10_11_wvu_scientist_accelerates_conventional_research_for_quantum_9f408dba] Repaired malformed JSON.
[06:15:44 +3m 22s | thequantuminsider_2023_10_11_wvu_scientist_accelerates_conventional_research_for_quantum_9f408dba] Extracting actors: https://thequantuminsider.com/2023/10/11/wvu-scientist-accelerates-conventional-research-for-quantum-breakthroughs (1/1), chunk 25/37
[06:15:49 +3m 27s | thequantuminsider_2023_10_11_wvu_scientist_accelerates_conventional_research_for_quantum_9f408dba] Extracting actors: https://thequantuminsider.com/2023/10/11/wvu-scientist-accelerates-conventional-research-for-quantum-breakthroughs (1/1), chunk 26/37
[06:15:58 +3m 36s | thequantuminsider_2023_10_11_wvu_scientist_accelerates_conventional_research_for_quantum_9f408dba] Repaired malformed JSON.
[06:15:58 +3m 36s | thequantuminsider_2023_10_11_wvu_scientist_accelerates_conventional_research_for_quantum_9f408dba] Extracting actors: https://thequantuminsider.com/2023/10/11/wvu-scientist-accelerates-conventional-research-for-quantum-breakthroughs (1/1), chunk 27/37
[06:16:04 +3m 43s | thequantuminsider_2023_10_11_wvu_scientist_accelerates_conventional_research_for_quantum_9f408dba] Repaired malformed JSON.
[06:16:04 +3m 43s | thequantuminsider_2023_10_11_wvu_scientist_accelerates_conventional_research_for_quantum_9f408dba] Extracting actors: https://thequantuminsider.com/2023/10/11/wvu-scientist-accelerates-conventional-research-for-quantum-breakthroughs (1/1), chunk 28/37
[06:16:09 +3m 48s | thequantuminsider_2023_10_11_wvu_scientist_accelerates_conventional_research_for_quantum_9f408dba] Extracting actors: https://thequantuminsider.com/2023/10/11/wvu-scientist-accelerates-conventional-research-for-quantum-breakthroughs (1/1), chunk 29/37
[06:16:34 +4m 15s | thequantuminsider_2023_10_11_wvu_scientist_accelerates_conventional_research_for_quantum_9f408dba] Repaired malformed JSON.
[06:16:34 +4m 15s | thequantuminsider_2023_10_11_wvu_scientist_accelerates_conventional_research_for_quantum_9f408dba] Extracting actors: https://thequantuminsider.com/2023/10/11/wvu-scientist-accelerates-conventional-research-for-quantum-breakthroughs (1/1), chunk 30/37
[06:16:44 +4m 25s | thequantuminsider_2023_10_11_wvu_scientist_accelerates_conventional_research_for_quantum_9f408dba] Repaired malformed JSON.
[06:16:44 +4m 25s | thequantuminsider_2023_10_11_wvu_scientist_accelerates_conventional_research_for_quantum_9f408dba] Extracting actors: https://thequantuminsider.com/2023/10/11/wvu-scientist-accelerates-conventional-research-for-quantum-breakthroughs (1/1), chunk 31/37
[06:16:51 +4m 34s | thequantuminsider_2023_10_11_wvu_scientist_accelerates_conventional_research_for_quantum_9f408dba] Repaired malformed JSON.
[06:16:51 +4m 34s | thequantuminsider_2023_10_11_wvu_scientist_accelerates_conventional_research_for_quantum_9f408dba] Extracting actors: https://thequantuminsider.com/2023/10/11/wvu-scientist-accelerates-conventional-research-for-quantum-breakthroughs (1/1), chunk 32/37
[06:16:57 +4m 40s | thequantuminsider_2023_10_11_wvu_scientist_accelerates_conventional_research_for_quantum_9f408dba] Extracting actors: https://thequantuminsider.com/2023/10/11/wvu-scientist-accelerates-conventional-research-for-quantum-breakthroughs (1/1), chunk 33/37
[06:17:05 +4m 48s | thequantuminsider_2023_10_11_wvu_scientist_accelerates_conventional_research_for_quantum_9f408dba] Repaired malformed JSON.
[06:17:05 +4m 48s | thequantuminsider_2023_10_11_wvu_scientist_accelerates_conventional_research_for_quantum_9f408dba] Extracting actors: https://thequantuminsider.com/2023/10/11/wvu-scientist-accelerates-conventional-research-for-quantum-breakthroughs (1/1), chunk 34/37
[06:17:11 +4m 54s | thequantuminsider_2023_10_11_wvu_scientist_accelerates_conventional_research_for_quantum_9f408dba] Repaired malformed JSON.
[06:17:11 +4m 54s | thequantuminsider_2023_10_11_wvu_scientist_accelerates_conventional_research_for_quantum_9f408dba] Extracting actors: https://thequantuminsider.com/2023/10/11/wvu-scientist-accelerates-conventional-research-for-quantum-breakthroughs (1/1), chunk 35/37
[06:17:17 +5m 2s | thequantuminsider_2023_10_11_wvu_scientist_accelerates_conventional_research_for_quantum_9f408dba] Repaired malformed JSON.
[06:17:17 +5m 2s | thequantuminsider_2023_10_11_wvu_scientist_accelerates_conventional_research_for_quantum_9f408dba] Extracting actors: https://thequantuminsider.com/2023/10/11/wvu-scientist-accelerates-conventional-research-for-quantum-breakthroughs (1/1), chunk 36/37
[06:17:27 +5m 12s | thequantuminsider_2023_10_11_wvu_scientist_accelerates_conventional_research_for_quantum_9f408dba] Repaired malformed JSON.
[06:17:27 +5m 12s | thequantuminsider_2023_10_11_wvu_scientist_accelerates_conventional_research_for_quantum_9f408dba] Extracting actors: https://thequantuminsider.com/2023/10/11/wvu-scientist-accelerates-conventional-research-for-quantum-breakthroughs (1/1), chunk 37/37
[06:17:33 +5m 18s | thequantuminsider_2023_10_11_wvu_scientist_accelerates_conventional_research_for_quantum_9f408dba] Repaired malformed JSON.
[06:17:33 +5m 18s | thequantuminsider_2023_10_11_wvu_scientist_accelerates_conventional_research_for_quantum_9f408dba] Saved 1_actor_results.json with 60 extracted records

[06:17:33 +5m 19s | thequantuminsider_2023_10_11_wvu_scientist_accelerates_conventional_research_for_quantum_9f408dba] === 2 clean actors ===
[06:17:34 +5m 19s | thequantuminsider_2023_10_11_wvu_scientist_accelerates_conventional_research_for_quantum_9f408dba] Loaded 60 extracted records
[06:17:34 +5m 19s | thequantuminsider_2023_10_11_wvu_scientist_accelerates_conventional_research_for_quantum_9f408dba] Saved 2_actor_nodes.json with 18 canonical actor nodes

[06:17:34 +5m 19s | thequantuminsider_2023_10_11_wvu_scientist_accelerates_conventional_research_for_quantum_9f408dba] === 3 interaction extraction ===
[06:17:34 +5m 19s | thequantuminsider_2023_10_11_wvu_scientist_accelerates_conventional_research_for_quantum_9f408dba] Extracting interactions: https://thequantuminsider.com/2023/10/11/wvu-scientist-accelerates-conventional-research-for-quantum-breakthroughs (1/1), chunk 11/37
[06:17:40 +5m 25s | thequantuminsider_2023_10_11_wvu_scientist_accelerates_conventional_research_for_quantum_9f408dba] Extracting interactions: https://thequantuminsider.com/2023/10/11/wvu-scientist-accelerates-conventional-research-for-quantum-breakthroughs (1/1), chunk 12/37
[06:17:46 +5m 31s | thequantuminsider_2023_10_11_wvu_scientist_accelerates_conventional_research_for_quantum_9f408dba] Extracting interactions: https://thequantuminsider.com/2023/10/11/wvu-scientist-accelerates-conventional-research-for-quantum-breakthroughs (1/1), chunk 13/37
[06:17:49 +5m 36s | thequantuminsider_2023_10_11_wvu_scientist_accelerates_conventional_research_for_quantum_9f408dba] Extracting interactions: https://thequantuminsider.com/2023/10/11/wvu-scientist-accelerates-conventional-research-for-quantum-breakthroughs (1/1), chunk 14/37
[06:17:53 +5m 40s | thequantuminsider_2023_10_11_wvu_scientist_accelerates_conventional_research_for_quantum_9f408dba] Extracting interactions: https://thequantuminsider.com/2023/10/11/wvu-scientist-accelerates-conventional-research-for-quantum-breakthroughs (1/1), chunk 15/37
[06:17:57 +5m 45s | thequantuminsider_2023_10_11_wvu_scientist_accelerates_conventional_research_for_quantum_9f408dba] Extracting interactions: https://thequantuminsider.com/2023/10/11/wvu-scientist-accelerates-conventional-research-for-quantum-breakthroughs (1/1), chunk 16/37
[06:18:34 +6m 23s | thequantuminsider_2023_10_11_wvu_scientist_accelerates_conventional_research_for_quantum_9f408dba] Extracting interactions: https://thequantuminsider.com/2023/10/11/wvu-scientist-accelerates-conventional-research-for-quantum-breakthroughs (1/1), chunk 17/37
[06:18:38 +6m 27s | thequantuminsider_2023_10_11_wvu_scientist_accelerates_conventional_research_for_quantum_9f408dba] Extracting interactions: https://thequantuminsider.com/2023/10/11/wvu-scientist-accelerates-conventional-research-for-quantum-breakthroughs (1/1), chunk 18/37
[06:18:40 +6m 29s | thequantuminsider_2023_10_11_wvu_scientist_accelerates_conventional_research_for_quantum_9f408dba] Extracting interactions: https://thequantuminsider.com/2023/10/11/wvu-scientist-accelerates-conventional-research-for-quantum-breakthroughs (1/1), chunk 19/37
[06:18:41 +6m 31s | thequantuminsider_2023_10_11_wvu_scientist_accelerates_conventional_research_for_quantum_9f408dba] Extracting interactions: https://thequantuminsider.com/2023/10/11/wvu-scientist-accelerates-conventional-research-for-quantum-breakthroughs (1/1), chunk 20/37
[06:18:43 +6m 33s | thequantuminsider_2023_10_11_wvu_scientist_accelerates_conventional_research_for_quantum_9f408dba] Extracting interactions: https://thequantuminsider.com/2023/10/11/wvu-scientist-accelerates-conventional-research-for-quantum-breakthroughs (1/1), chunk 21/37
[06:18:50 +6m 42s | thequantuminsider_2023_10_11_wvu_scientist_accelerates_conventional_research_for_quantum_9f408dba] Extracting interactions: https://thequantuminsider.com/2023/10/11/wvu-scientist-accelerates-conventional-research-for-quantum-breakthroughs (1/1), chunk 22/37
[06:18:57 +6m 49s | thequantuminsider_2023_10_11_wvu_scientist_accelerates_conventional_research_for_quantum_9f408dba] Extracting interactions: https://thequantuminsider.com/2023/10/11/wvu-scientist-accelerates-conventional-research-for-quantum-breakthroughs (1/1), chunk 23/37
[06:18:58 +6m 50s | thequantuminsider_2023_10_11_wvu_scientist_accelerates_conventional_research_for_quantum_9f408dba] Extracting interactions: https://thequantuminsider.com/2023/10/11/wvu-scientist-accelerates-conventional-research-for-quantum-breakthroughs (1/1), chunk 25/37
[06:19:05 +6m 57s | thequantuminsider_2023_10_11_wvu_scientist_accelerates_conventional_research_for_quantum_9f408dba] Extracting interactions: https://thequantuminsider.com/2023/10/11/wvu-scientist-accelerates-conventional-research-for-quantum-breakthroughs (1/1), chunk 26/37
[06:19:11 +7m 2s | thequantuminsider_2023_10_11_wvu_scientist_accelerates_conventional_research_for_quantum_9f408dba] Extracting interactions: https://thequantuminsider.com/2023/10/11/wvu-scientist-accelerates-conventional-research-for-quantum-breakthroughs (1/1), chunk 27/37
[06:19:18 +7m 12s | thequantuminsider_2023_10_11_wvu_scientist_accelerates_conventional_research_for_quantum_9f408dba] Extracting interactions: https://thequantuminsider.com/2023/10/11/wvu-scientist-accelerates-conventional-research-for-quantum-breakthroughs (1/1), chunk 28/37
[06:19:22 +7m 16s | thequantuminsider_2023_10_11_wvu_scientist_accelerates_conventional_research_for_quantum_9f408dba] Extracting interactions: https://thequantuminsider.com/2023/10/11/wvu-scientist-accelerates-conventional-research-for-quantum-breakthroughs (1/1), chunk 29/37
[06:19:24 +7m 17s | thequantuminsider_2023_10_11_wvu_scientist_accelerates_conventional_research_for_quantum_9f408dba] Extracting interactions: https://thequantuminsider.com/2023/10/11/wvu-scientist-accelerates-conventional-research-for-quantum-breakthroughs (1/1), chunk 30/37
[06:19:25 +7m 19s | thequantuminsider_2023_10_11_wvu_scientist_accelerates_conventional_research_for_quantum_9f408dba] Extracting interactions: https://thequantuminsider.com/2023/10/11/wvu-scientist-accelerates-conventional-research-for-quantum-breakthroughs (1/1), chunk 31/37
[06:19:58 +7m 53s | thequantuminsider_2023_10_11_wvu_scientist_accelerates_conventional_research_for_quantum_9f408dba] Extracting interactions: https://thequantuminsider.com/2023/10/11/wvu-scientist-accelerates-conventional-research-for-quantum-breakthroughs (1/1), chunk 32/37
[06:20:00 +7m 56s | thequantuminsider_2023_10_11_wvu_scientist_accelerates_conventional_research_for_quantum_9f408dba] Extracting interactions: https://thequantuminsider.com/2023/10/11/wvu-scientist-accelerates-conventional-research-for-quantum-breakthroughs (1/1), chunk 33/37
[06:20:03 +7m 59s | thequantuminsider_2023_10_11_wvu_scientist_accelerates_conventional_research_for_quantum_9f408dba] Extracting interactions: https://thequantuminsider.com/2023/10/11/wvu-scientist-accelerates-conventional-research-for-quantum-breakthroughs (1/1), chunk 34/37
[06:20:04 +8m 0s | thequantuminsider_2023_10_11_wvu_scientist_accelerates_conventional_research_for_quantum_9f408dba] Extracting interactions: https://thequantuminsider.com/2023/10/11/wvu-scientist-accelerates-conventional-research-for-quantum-breakthroughs (1/1), chunk 35/37
[06:20:06 +8m 2s | thequantuminsider_2023_10_11_wvu_scientist_accelerates_conventional_research_for_quantum_9f408dba] Extracting interactions: https://thequantuminsider.com/2023/10/11/wvu-scientist-accelerates-conventional-research-for-quantum-breakthroughs (1/1), chunk 36/37
[06:21:16 +9m 16s | thequantuminsider_2023_10_11_wvu_scientist_accelerates_conventional_research_for_quantum_9f408dba] Extracting interactions: https://thequantuminsider.com/2023/10/11/wvu-scientist-accelerates-conventional-research-for-quantum-breakthroughs (1/1), chunk 37/37
[06:21:15 +9m 17s | thequantuminsider_2023_10_11_wvu_scientist_accelerates_conventional_research_for_quantum_9f408dba] Saved 3_interaction_results.json with 20 extracted interactions.

[06:21:15 +9m 18s | thequantuminsider_2023_10_11_wvu_scientist_accelerates_conventional_research_for_quantum_9f408dba] === 4 clean interactions ===
[06:21:15 +9m 18s | thequantuminsider_2023_10_11_wvu_scientist_accelerates_conventional_research_for_quantum_9f408dba] Saved 4_edges.json with 1 cleaned interactions.

[06:21:15 +9m 18s | thequantuminsider_2023_10_11_wvu_scientist_accelerates_conventional_research_for_quantum_9f408dba] === 5 helix enrichment ===
[06:21:15 +9m 18s | thequantuminsider_2023_10_11_wvu_scientist_accelerates_conventional_research_for_quantum_9f408dba] Wrote 5_nodes.json (18 actors)
[06:21:15 +9m 18s | thequantuminsider_2023_10_11_wvu_scientist_accelerates_conventional_research_for_quantum_9f408dba] Wrote 5_edges.json (1 interactions)
[06:21:15 +9m 18s | thequantuminsider_2023_10_11_wvu_scientist_accelerates_conventional_research_for_quantum_9f408dba] Actor helix counts: {'Academia': 2, 'Civil Society': 4, 'Industry': 1, 'Intermediary': 1, 'Unknown': 10}
[06:21:15 +9m 18s | thequantuminsider_2023_10_11_wvu_scientist_accelerates_conventional_research_for_quantum_9f408dba] Functional-space counts: {'Unknown': 1}

[06:21:15 +9m 18s | thequantuminsider_2023_10_11_wvu_scientist_accelerates_conventional_research_for_quantum_9f408dba] === 6 network visualisation ===
[06:21:16 +9m 18s | thequantuminsider_2023_10_11_wvu_scientist_accelerates_conventional_research_for_quantum_9f408dba] Wrote quantum_network.html
[06:21:16 +9m 18s | thequantuminsider_2023_10_11_wvu_scientist_accelerates_conventional_research_for_quantum_9f408dba] Nodes: 18
[06:21:16 +9m 18s | thequantuminsider_2023_10_11_wvu_scientist_accelerates_conventional_research_for_quantum_9f408dba] Edges: 1

[06:21:16 +9m 18s | thequantuminsider_2023_10_11_wvu_scientist_accelerates_conventional_research_for_quantum_9f408dba] Done. Outputs written to: /home/lv/IDP/idpdeeptech/pipeline/news_outputs/thequantuminsider_2023_10_11_wvu_scientist_accelerates_conventional_research_for_quantum_9f408dba
[06:21:16 +9m 18s | thequantuminsider_2023_10_11_wvu_scientist_accelerates_conventional_research_for_quantum_9f408dba] Log: /home/lv/IDP/idpdeeptech/pipeline/news_outputs/thequantuminsider_2023_10_11_wvu_scientist_accelerates_conventional_research_for_quantum_9f408dba/run.log

========================================================================
RUN FINISHED 2026-07-05 06:21:16  (OK)
Started:     2026-07-05 06:12:36
Elapsed:     9m 18s
========================================================================
