
========================================================================
RUN STARTED  2026-07-04 23:03:03
site_pipeline.py https://thequantuminsider.com/2023/12/20/qubitekk-powered-epb-quantum-network-adds-qunnect-as-first-customer-for-quantum-collaboration/
========================================================================

[23:03:03 +0s | thequantuminsider_2023_12_20_qubitekk_powered_epb_quantum_network_adds_qunnect_as_first_c_17fb6dcc] === 0 crawl site ===
[23:03:05 +2s | thequantuminsider_2023_12_20_qubitekk_powered_epb_quantum_network_adds_qunnect_as_first_c_17fb6dcc] [INIT].... → Crawl4AI 0.8.6 
[23:03:09 +6s | thequantuminsider_2023_12_20_qubitekk_powered_epb_quantum_network_adds_qunnect_as_first_c_17fb6dcc] [FETCH]... ↓ https://thequantuminsider.com/2023/12/20/qubitek...ect-as-first-customer-for-quantum-collaboration/  | ✓ | ⏱: 4.24s 
[23:03:09 +7s | thequantuminsider_2023_12_20_qubitekk_powered_epb_quantum_network_adds_qunnect_as_first_c_17fb6dcc] [SCRAPE].. ◆ https://thequantuminsider.com/2023/12/20/qubitek...ect-as-first-customer-for-quantum-collaboration/  | ✓ | ⏱: 0.15s 
[23:03:09 +7s | thequantuminsider_2023_12_20_qubitekk_powered_epb_quantum_network_adds_qunnect_as_first_c_17fb6dcc] [COMPLETE] ● https://thequantuminsider.com/2023/12/20/qubitek...ect-as-first-customer-for-quantum-collaboration/  | ✓ | ⏱: 4.42s 
[23:03:09 +7s | thequantuminsider_2023_12_20_qubitekk_powered_epb_quantum_network_adds_qunnect_as_first_c_17fb6dcc] Saved: crawl_output/9b1688b844_thequantuminsider.com_2023_12_20_qubitekk-powered-epb-quantum-network-adds-qunnect-as-first-customer-for-quantum-collaboration.json

[23:03:10 +7s | thequantuminsider_2023_12_20_qubitekk_powered_epb_quantum_network_adds_qunnect_as_first_c_17fb6dcc] === 1 actor extraction ===
[23:03:10 +7s | thequantuminsider_2023_12_20_qubitekk_powered_epb_quantum_network_adds_qunnect_as_first_c_17fb6dcc] Reading page (1/1): https://thequantuminsider.com/2023/12/20/qubitekk-powered-epb-quantum-network-adds-qunnect-as-first-customer-for-quantum-collaboration
[23:03:10 +7s | thequantuminsider_2023_12_20_qubitekk_powered_epb_quantum_network_adds_qunnect_as_first_c_17fb6dcc] Extracting actors: https://thequantuminsider.com/2023/12/20/qubitekk-powered-epb-quantum-network-adds-qunnect-as-first-customer-for-quantum-collaboration (1/1), chunk 1/36
[23:03:22 +19s | thequantuminsider_2023_12_20_qubitekk_powered_epb_quantum_network_adds_qunnect_as_first_c_17fb6dcc] Repaired malformed JSON.
[23:03:22 +19s | thequantuminsider_2023_12_20_qubitekk_powered_epb_quantum_network_adds_qunnect_as_first_c_17fb6dcc] Extracting actors: https://thequantuminsider.com/2023/12/20/qubitekk-powered-epb-quantum-network-adds-qunnect-as-first-customer-for-quantum-collaboration (1/1), chunk 2/36
[23:03:37 +34s | thequantuminsider_2023_12_20_qubitekk_powered_epb_quantum_network_adds_qunnect_as_first_c_17fb6dcc] Repaired malformed JSON.
[23:03:37 +34s | thequantuminsider_2023_12_20_qubitekk_powered_epb_quantum_network_adds_qunnect_as_first_c_17fb6dcc] Extracting actors: https://thequantuminsider.com/2023/12/20/qubitekk-powered-epb-quantum-network-adds-qunnect-as-first-customer-for-quantum-collaboration (1/1), chunk 3/36
[23:03:43 +40s | thequantuminsider_2023_12_20_qubitekk_powered_epb_quantum_network_adds_qunnect_as_first_c_17fb6dcc] Extracting actors: https://thequantuminsider.com/2023/12/20/qubitekk-powered-epb-quantum-network-adds-qunnect-as-first-customer-for-quantum-collaboration (1/1), chunk 4/36
[23:03:52 +49s | thequantuminsider_2023_12_20_qubitekk_powered_epb_quantum_network_adds_qunnect_as_first_c_17fb6dcc] Repaired malformed JSON.
[23:03:52 +49s | thequantuminsider_2023_12_20_qubitekk_powered_epb_quantum_network_adds_qunnect_as_first_c_17fb6dcc] Extracting actors: https://thequantuminsider.com/2023/12/20/qubitekk-powered-epb-quantum-network-adds-qunnect-as-first-customer-for-quantum-collaboration (1/1), chunk 5/36
[23:04:01 +58s | thequantuminsider_2023_12_20_qubitekk_powered_epb_quantum_network_adds_qunnect_as_first_c_17fb6dcc] Repaired malformed JSON.
[23:04:01 +58s | thequantuminsider_2023_12_20_qubitekk_powered_epb_quantum_network_adds_qunnect_as_first_c_17fb6dcc] Extracting actors: https://thequantuminsider.com/2023/12/20/qubitekk-powered-epb-quantum-network-adds-qunnect-as-first-customer-for-quantum-collaboration (1/1), chunk 6/36
[23:04:06 +1m 3s | thequantuminsider_2023_12_20_qubitekk_powered_epb_quantum_network_adds_qunnect_as_first_c_17fb6dcc] Extracting actors: https://thequantuminsider.com/2023/12/20/qubitekk-powered-epb-quantum-network-adds-qunnect-as-first-customer-for-quantum-collaboration (1/1), chunk 7/36
[23:04:13 +1m 10s | thequantuminsider_2023_12_20_qubitekk_powered_epb_quantum_network_adds_qunnect_as_first_c_17fb6dcc] Repaired malformed JSON.
[23:04:13 +1m 10s | thequantuminsider_2023_12_20_qubitekk_powered_epb_quantum_network_adds_qunnect_as_first_c_17fb6dcc] Extracting actors: https://thequantuminsider.com/2023/12/20/qubitekk-powered-epb-quantum-network-adds-qunnect-as-first-customer-for-quantum-collaboration (1/1), chunk 8/36
[23:04:23 +1m 20s | thequantuminsider_2023_12_20_qubitekk_powered_epb_quantum_network_adds_qunnect_as_first_c_17fb6dcc] Repaired malformed JSON.
[23:04:23 +1m 20s | thequantuminsider_2023_12_20_qubitekk_powered_epb_quantum_network_adds_qunnect_as_first_c_17fb6dcc] Extracting actors: https://thequantuminsider.com/2023/12/20/qubitekk-powered-epb-quantum-network-adds-qunnect-as-first-customer-for-quantum-collaboration (1/1), chunk 9/36
[23:04:30 +1m 28s | thequantuminsider_2023_12_20_qubitekk_powered_epb_quantum_network_adds_qunnect_as_first_c_17fb6dcc] Extracting actors: https://thequantuminsider.com/2023/12/20/qubitekk-powered-epb-quantum-network-adds-qunnect-as-first-customer-for-quantum-collaboration (1/1), chunk 10/36
[23:04:36 +1m 33s | thequantuminsider_2023_12_20_qubitekk_powered_epb_quantum_network_adds_qunnect_as_first_c_17fb6dcc] Extracting actors: https://thequantuminsider.com/2023/12/20/qubitekk-powered-epb-quantum-network-adds-qunnect-as-first-customer-for-quantum-collaboration (1/1), chunk 11/36
[23:04:42 +1m 40s | thequantuminsider_2023_12_20_qubitekk_powered_epb_quantum_network_adds_qunnect_as_first_c_17fb6dcc] Repaired malformed JSON.
[23:04:42 +1m 40s | thequantuminsider_2023_12_20_qubitekk_powered_epb_quantum_network_adds_qunnect_as_first_c_17fb6dcc] Extracting actors: https://thequantuminsider.com/2023/12/20/qubitekk-powered-epb-quantum-network-adds-qunnect-as-first-customer-for-quantum-collaboration (1/1), chunk 12/36
[23:04:51 +1m 48s | thequantuminsider_2023_12_20_qubitekk_powered_epb_quantum_network_adds_qunnect_as_first_c_17fb6dcc] Repaired malformed JSON.
[23:04:51 +1m 48s | thequantuminsider_2023_12_20_qubitekk_powered_epb_quantum_network_adds_qunnect_as_first_c_17fb6dcc] Extracting actors: https://thequantuminsider.com/2023/12/20/qubitekk-powered-epb-quantum-network-adds-qunnect-as-first-customer-for-quantum-collaboration (1/1), chunk 13/36
[23:05:00 +1m 58s | thequantuminsider_2023_12_20_qubitekk_powered_epb_quantum_network_adds_qunnect_as_first_c_17fb6dcc] Repaired malformed JSON.
[23:05:00 +1m 58s | thequantuminsider_2023_12_20_qubitekk_powered_epb_quantum_network_adds_qunnect_as_first_c_17fb6dcc] Extracting actors: https://thequantuminsider.com/2023/12/20/qubitekk-powered-epb-quantum-network-adds-qunnect-as-first-customer-for-quantum-collaboration (1/1), chunk 14/36
[23:05:08 +2m 5s | thequantuminsider_2023_12_20_qubitekk_powered_epb_quantum_network_adds_qunnect_as_first_c_17fb6dcc] Repaired malformed JSON.
[23:05:08 +2m 5s | thequantuminsider_2023_12_20_qubitekk_powered_epb_quantum_network_adds_qunnect_as_first_c_17fb6dcc] Extracting actors: https://thequantuminsider.com/2023/12/20/qubitekk-powered-epb-quantum-network-adds-qunnect-as-first-customer-for-quantum-collaboration (1/1), chunk 15/36
[23:05:15 +2m 13s | thequantuminsider_2023_12_20_qubitekk_powered_epb_quantum_network_adds_qunnect_as_first_c_17fb6dcc] Repaired malformed JSON.
[23:05:15 +2m 13s | thequantuminsider_2023_12_20_qubitekk_powered_epb_quantum_network_adds_qunnect_as_first_c_17fb6dcc] Extracting actors: https://thequantuminsider.com/2023/12/20/qubitekk-powered-epb-quantum-network-adds-qunnect-as-first-customer-for-quantum-collaboration (1/1), chunk 16/36
[23:05:25 +2m 22s | thequantuminsider_2023_12_20_qubitekk_powered_epb_quantum_network_adds_qunnect_as_first_c_17fb6dcc] Repaired malformed JSON.
[23:05:25 +2m 22s | thequantuminsider_2023_12_20_qubitekk_powered_epb_quantum_network_adds_qunnect_as_first_c_17fb6dcc] Extracting actors: https://thequantuminsider.com/2023/12/20/qubitekk-powered-epb-quantum-network-adds-qunnect-as-first-customer-for-quantum-collaboration (1/1), chunk 17/36
[23:05:34 +2m 31s | thequantuminsider_2023_12_20_qubitekk_powered_epb_quantum_network_adds_qunnect_as_first_c_17fb6dcc] Repaired malformed JSON.
[23:05:34 +2m 31s | thequantuminsider_2023_12_20_qubitekk_powered_epb_quantum_network_adds_qunnect_as_first_c_17fb6dcc] Extracting actors: https://thequantuminsider.com/2023/12/20/qubitekk-powered-epb-quantum-network-adds-qunnect-as-first-customer-for-quantum-collaboration (1/1), chunk 18/36
[23:05:43 +2m 40s | thequantuminsider_2023_12_20_qubitekk_powered_epb_quantum_network_adds_qunnect_as_first_c_17fb6dcc] Repaired malformed JSON.
[23:05:43 +2m 40s | thequantuminsider_2023_12_20_qubitekk_powered_epb_quantum_network_adds_qunnect_as_first_c_17fb6dcc] Extracting actors: https://thequantuminsider.com/2023/12/20/qubitekk-powered-epb-quantum-network-adds-qunnect-as-first-customer-for-quantum-collaboration (1/1), chunk 19/36
[23:05:50 +2m 47s | thequantuminsider_2023_12_20_qubitekk_powered_epb_quantum_network_adds_qunnect_as_first_c_17fb6dcc] Repaired malformed JSON.
[23:05:50 +2m 47s | thequantuminsider_2023_12_20_qubitekk_powered_epb_quantum_network_adds_qunnect_as_first_c_17fb6dcc] Extracting actors: https://thequantuminsider.com/2023/12/20/qubitekk-powered-epb-quantum-network-adds-qunnect-as-first-customer-for-quantum-collaboration (1/1), chunk 20/36
[23:05:59 +2m 56s | thequantuminsider_2023_12_20_qubitekk_powered_epb_quantum_network_adds_qunnect_as_first_c_17fb6dcc] Repaired malformed JSON.
[23:05:59 +2m 56s | thequantuminsider_2023_12_20_qubitekk_powered_epb_quantum_network_adds_qunnect_as_first_c_17fb6dcc] Extracting actors: https://thequantuminsider.com/2023/12/20/qubitekk-powered-epb-quantum-network-adds-qunnect-as-first-customer-for-quantum-collaboration (1/1), chunk 21/36
[23:06:09 +3m 7s | thequantuminsider_2023_12_20_qubitekk_powered_epb_quantum_network_adds_qunnect_as_first_c_17fb6dcc] Repaired malformed JSON.
[23:06:09 +3m 7s | thequantuminsider_2023_12_20_qubitekk_powered_epb_quantum_network_adds_qunnect_as_first_c_17fb6dcc] Extracting actors: https://thequantuminsider.com/2023/12/20/qubitekk-powered-epb-quantum-network-adds-qunnect-as-first-customer-for-quantum-collaboration (1/1), chunk 22/36
[23:06:17 +3m 14s | thequantuminsider_2023_12_20_qubitekk_powered_epb_quantum_network_adds_qunnect_as_first_c_17fb6dcc] Repaired malformed JSON.
[23:06:17 +3m 14s | thequantuminsider_2023_12_20_qubitekk_powered_epb_quantum_network_adds_qunnect_as_first_c_17fb6dcc] Extracting actors: https://thequantuminsider.com/2023/12/20/qubitekk-powered-epb-quantum-network-adds-qunnect-as-first-customer-for-quantum-collaboration (1/1), chunk 23/36
[23:06:37 +3m 34s | thequantuminsider_2023_12_20_qubitekk_powered_epb_quantum_network_adds_qunnect_as_first_c_17fb6dcc] Repaired malformed JSON.
[23:06:37 +3m 34s | thequantuminsider_2023_12_20_qubitekk_powered_epb_quantum_network_adds_qunnect_as_first_c_17fb6dcc] Extracting actors: https://thequantuminsider.com/2023/12/20/qubitekk-powered-epb-quantum-network-adds-qunnect-as-first-customer-for-quantum-collaboration (1/1), chunk 24/36
[23:06:44 +3m 42s | thequantuminsider_2023_12_20_qubitekk_powered_epb_quantum_network_adds_qunnect_as_first_c_17fb6dcc] Extracting actors: https://thequantuminsider.com/2023/12/20/qubitekk-powered-epb-quantum-network-adds-qunnect-as-first-customer-for-quantum-collaboration (1/1), chunk 25/36
[23:06:51 +3m 49s | thequantuminsider_2023_12_20_qubitekk_powered_epb_quantum_network_adds_qunnect_as_first_c_17fb6dcc] Extracting actors: https://thequantuminsider.com/2023/12/20/qubitekk-powered-epb-quantum-network-adds-qunnect-as-first-customer-for-quantum-collaboration (1/1), chunk 26/36
[23:06:56 +3m 54s | thequantuminsider_2023_12_20_qubitekk_powered_epb_quantum_network_adds_qunnect_as_first_c_17fb6dcc] Extracting actors: https://thequantuminsider.com/2023/12/20/qubitekk-powered-epb-quantum-network-adds-qunnect-as-first-customer-for-quantum-collaboration (1/1), chunk 27/36
[23:07:03 +4m 0s | thequantuminsider_2023_12_20_qubitekk_powered_epb_quantum_network_adds_qunnect_as_first_c_17fb6dcc] Extracting actors: https://thequantuminsider.com/2023/12/20/qubitekk-powered-epb-quantum-network-adds-qunnect-as-first-customer-for-quantum-collaboration (1/1), chunk 28/36
[23:07:20 +4m 17s | thequantuminsider_2023_12_20_qubitekk_powered_epb_quantum_network_adds_qunnect_as_first_c_17fb6dcc] Extracting actors: https://thequantuminsider.com/2023/12/20/qubitekk-powered-epb-quantum-network-adds-qunnect-as-first-customer-for-quantum-collaboration (1/1), chunk 29/36
[23:07:31 +4m 28s | thequantuminsider_2023_12_20_qubitekk_powered_epb_quantum_network_adds_qunnect_as_first_c_17fb6dcc] Repaired malformed JSON.
[23:07:31 +4m 28s | thequantuminsider_2023_12_20_qubitekk_powered_epb_quantum_network_adds_qunnect_as_first_c_17fb6dcc] Extracting actors: https://thequantuminsider.com/2023/12/20/qubitekk-powered-epb-quantum-network-adds-qunnect-as-first-customer-for-quantum-collaboration (1/1), chunk 30/36
[23:07:43 +4m 40s | thequantuminsider_2023_12_20_qubitekk_powered_epb_quantum_network_adds_qunnect_as_first_c_17fb6dcc] Repaired malformed JSON.
[23:07:43 +4m 40s | thequantuminsider_2023_12_20_qubitekk_powered_epb_quantum_network_adds_qunnect_as_first_c_17fb6dcc] Extracting actors: https://thequantuminsider.com/2023/12/20/qubitekk-powered-epb-quantum-network-adds-qunnect-as-first-customer-for-quantum-collaboration (1/1), chunk 31/36
[23:07:51 +4m 49s | thequantuminsider_2023_12_20_qubitekk_powered_epb_quantum_network_adds_qunnect_as_first_c_17fb6dcc] Repaired malformed JSON.
[23:07:51 +4m 49s | thequantuminsider_2023_12_20_qubitekk_powered_epb_quantum_network_adds_qunnect_as_first_c_17fb6dcc] Extracting actors: https://thequantuminsider.com/2023/12/20/qubitekk-powered-epb-quantum-network-adds-qunnect-as-first-customer-for-quantum-collaboration (1/1), chunk 32/36
[23:08:00 +4m 57s | thequantuminsider_2023_12_20_qubitekk_powered_epb_quantum_network_adds_qunnect_as_first_c_17fb6dcc] Repaired malformed JSON.
[23:08:00 +4m 57s | thequantuminsider_2023_12_20_qubitekk_powered_epb_quantum_network_adds_qunnect_as_first_c_17fb6dcc] Extracting actors: https://thequantuminsider.com/2023/12/20/qubitekk-powered-epb-quantum-network-adds-qunnect-as-first-customer-for-quantum-collaboration (1/1), chunk 33/36
[23:08:08 +5m 5s | thequantuminsider_2023_12_20_qubitekk_powered_epb_quantum_network_adds_qunnect_as_first_c_17fb6dcc] Repaired malformed JSON.
[23:08:08 +5m 5s | thequantuminsider_2023_12_20_qubitekk_powered_epb_quantum_network_adds_qunnect_as_first_c_17fb6dcc] Extracting actors: https://thequantuminsider.com/2023/12/20/qubitekk-powered-epb-quantum-network-adds-qunnect-as-first-customer-for-quantum-collaboration (1/1), chunk 34/36
[23:08:15 +5m 12s | thequantuminsider_2023_12_20_qubitekk_powered_epb_quantum_network_adds_qunnect_as_first_c_17fb6dcc] Repaired malformed JSON.
[23:08:15 +5m 12s | thequantuminsider_2023_12_20_qubitekk_powered_epb_quantum_network_adds_qunnect_as_first_c_17fb6dcc] Extracting actors: https://thequantuminsider.com/2023/12/20/qubitekk-powered-epb-quantum-network-adds-qunnect-as-first-customer-for-quantum-collaboration (1/1), chunk 35/36
[23:08:24 +5m 21s | thequantuminsider_2023_12_20_qubitekk_powered_epb_quantum_network_adds_qunnect_as_first_c_17fb6dcc] Repaired malformed JSON.
[23:08:24 +5m 21s | thequantuminsider_2023_12_20_qubitekk_powered_epb_quantum_network_adds_qunnect_as_first_c_17fb6dcc] Extracting actors: https://thequantuminsider.com/2023/12/20/qubitekk-powered-epb-quantum-network-adds-qunnect-as-first-customer-for-quantum-collaboration (1/1), chunk 36/36
[23:08:31 +5m 28s | thequantuminsider_2023_12_20_qubitekk_powered_epb_quantum_network_adds_qunnect_as_first_c_17fb6dcc] Repaired malformed JSON.
[23:08:31 +5m 28s | thequantuminsider_2023_12_20_qubitekk_powered_epb_quantum_network_adds_qunnect_as_first_c_17fb6dcc] Saved 1_actor_results.json with 59 extracted records

[23:08:31 +5m 29s | thequantuminsider_2023_12_20_qubitekk_powered_epb_quantum_network_adds_qunnect_as_first_c_17fb6dcc] === 2 clean actors ===
[23:08:32 +5m 29s | thequantuminsider_2023_12_20_qubitekk_powered_epb_quantum_network_adds_qunnect_as_first_c_17fb6dcc] Traceback (most recent call last):
[23:08:32 +5m 29s | thequantuminsider_2023_12_20_qubitekk_powered_epb_quantum_network_adds_qunnect_as_first_c_17fb6dcc]   File "/home/lv/IDP/idpdeeptech/pipeline/clean_actors.py", line 429, in <module>
[23:08:32 +5m 29s | thequantuminsider_2023_12_20_qubitekk_powered_epb_quantum_network_adds_qunnect_as_first_c_17fb6dcc]     main()
[23:08:32 +5m 29s | thequantuminsider_2023_12_20_qubitekk_powered_epb_quantum_network_adds_qunnect_as_first_c_17fb6dcc]   File "/home/lv/IDP/idpdeeptech/pipeline/clean_actors.py", line 416, in main
[23:08:32 +5m 29s | thequantuminsider_2023_12_20_qubitekk_powered_epb_quantum_network_adds_qunnect_as_first_c_17fb6dcc]     records = json.loads(INPUT_JSON.read_text(encoding="utf-8"))
[23:08:32 +5m 29s | thequantuminsider_2023_12_20_qubitekk_powered_epb_quantum_network_adds_qunnect_as_first_c_17fb6dcc]   File "/usr/lib/python3.10/pathlib.py", line 1134, in read_text
[23:08:32 +5m 29s | thequantuminsider_2023_12_20_qubitekk_powered_epb_quantum_network_adds_qunnect_as_first_c_17fb6dcc]     with self.open(mode='r', encoding=encoding, errors=errors) as f:
[23:08:32 +5m 29s | thequantuminsider_2023_12_20_qubitekk_powered_epb_quantum_network_adds_qunnect_as_first_c_17fb6dcc]   File "/usr/lib/python3.10/pathlib.py", line 1119, in open
[23:08:32 +5m 29s | thequantuminsider_2023_12_20_qubitekk_powered_epb_quantum_network_adds_qunnect_as_first_c_17fb6dcc]     return self._accessor.open(self, mode, buffering, encoding, errors,
[23:08:32 +5m 29s | thequantuminsider_2023_12_20_qubitekk_powered_epb_quantum_network_adds_qunnect_as_first_c_17fb6dcc] FileNotFoundError: [Errno 2] No such file or directory: 'site_outputs/psiquantum_com/1_actor_results_pdf.json'

========================================================================
RUN FINISHED 2026-07-04 23:08:32  (FAILED)
Started:     2026-07-04 23:03:03
Elapsed:     5m 29s
========================================================================

========================================================================
RUN STARTED  2026-07-05 00:02:00
site_pipeline.py https://thequantuminsider.com/2023/12/20/qubitekk-powered-epb-quantum-network-adds-qunnect-as-first-customer-for-quantum-collaboration/
========================================================================

[00:02:00 +0s | thequantuminsider_2023_12_20_qubitekk_powered_epb_quantum_network_adds_qunnect_as_first_c_17fb6dcc] === 0 crawl site (skipped via auto (actor data already exists; pass --force to re-crawl), reusing /home/lv/IDP/idpdeeptech/pipeline/news_outputs/thequantuminsider_2023_12_20_qubitekk_powered_epb_quantum_network_adds_qunnect_as_first_c_17fb6dcc/crawl_output) ===

[00:02:00 +0s | thequantuminsider_2023_12_20_qubitekk_powered_epb_quantum_network_adds_qunnect_as_first_c_17fb6dcc] === 1 actor extraction ===
[00:02:00 +0s | thequantuminsider_2023_12_20_qubitekk_powered_epb_quantum_network_adds_qunnect_as_first_c_17fb6dcc] Auto-resume: 1 (url, ordinal) pairs already done, skipping them.
[00:02:00 +0s | thequantuminsider_2023_12_20_qubitekk_powered_epb_quantum_network_adds_qunnect_as_first_c_17fb6dcc] All 1 pages/URLs already processed (per 1_actor_results.progress.json). Nothing to do.
[00:02:00 +0s | thequantuminsider_2023_12_20_qubitekk_powered_epb_quantum_network_adds_qunnect_as_first_c_17fb6dcc] Delete the progress sidecar to force a full re-run, or pass --start-page N.

[00:02:00 +0s | thequantuminsider_2023_12_20_qubitekk_powered_epb_quantum_network_adds_qunnect_as_first_c_17fb6dcc] === 2 clean actors ===
[00:02:00 +0s | thequantuminsider_2023_12_20_qubitekk_powered_epb_quantum_network_adds_qunnect_as_first_c_17fb6dcc] Loaded 59 extracted records
[00:02:00 +0s | thequantuminsider_2023_12_20_qubitekk_powered_epb_quantum_network_adds_qunnect_as_first_c_17fb6dcc] Saved 2_actor_nodes.json with 13 canonical actor nodes

[00:02:00 +0s | thequantuminsider_2023_12_20_qubitekk_powered_epb_quantum_network_adds_qunnect_as_first_c_17fb6dcc] === 3 interaction extraction ===
[00:02:01 +1s | thequantuminsider_2023_12_20_qubitekk_powered_epb_quantum_network_adds_qunnect_as_first_c_17fb6dcc] Extracting interactions: https://thequantuminsider.com/2023/12/20/qubitekk-powered-epb-quantum-network-adds-qunnect-as-first-customer-for-quantum-collaboration (1/1), chunk 11/36
[00:02:19 +19s | thequantuminsider_2023_12_20_qubitekk_powered_epb_quantum_network_adds_qunnect_as_first_c_17fb6dcc] Extracting interactions: https://thequantuminsider.com/2023/12/20/qubitekk-powered-epb-quantum-network-adds-qunnect-as-first-customer-for-quantum-collaboration (1/1), chunk 12/36
[00:02:44 +45s | thequantuminsider_2023_12_20_qubitekk_powered_epb_quantum_network_adds_qunnect_as_first_c_17fb6dcc] Extracting interactions: https://thequantuminsider.com/2023/12/20/qubitekk-powered-epb-quantum-network-adds-qunnect-as-first-customer-for-quantum-collaboration (1/1), chunk 13/36
[00:03:17 +1m 19s | thequantuminsider_2023_12_20_qubitekk_powered_epb_quantum_network_adds_qunnect_as_first_c_17fb6dcc] Extracting interactions: https://thequantuminsider.com/2023/12/20/qubitekk-powered-epb-quantum-network-adds-qunnect-as-first-customer-for-quantum-collaboration (1/1), chunk 14/36
[00:03:56 +1m 58s | thequantuminsider_2023_12_20_qubitekk_powered_epb_quantum_network_adds_qunnect_as_first_c_17fb6dcc] Extracting interactions: https://thequantuminsider.com/2023/12/20/qubitekk-powered-epb-quantum-network-adds-qunnect-as-first-customer-for-quantum-collaboration (1/1), chunk 15/36
[00:04:05 +2m 7s | thequantuminsider_2023_12_20_qubitekk_powered_epb_quantum_network_adds_qunnect_as_first_c_17fb6dcc] Extracting interactions: https://thequantuminsider.com/2023/12/20/qubitekk-powered-epb-quantum-network-adds-qunnect-as-first-customer-for-quantum-collaboration (1/1), chunk 16/36
[00:04:06 +2m 9s | thequantuminsider_2023_12_20_qubitekk_powered_epb_quantum_network_adds_qunnect_as_first_c_17fb6dcc] Extracting interactions: https://thequantuminsider.com/2023/12/20/qubitekk-powered-epb-quantum-network-adds-qunnect-as-first-customer-for-quantum-collaboration (1/1), chunk 19/36
[00:04:08 +2m 11s | thequantuminsider_2023_12_20_qubitekk_powered_epb_quantum_network_adds_qunnect_as_first_c_17fb6dcc] Extracting interactions: https://thequantuminsider.com/2023/12/20/qubitekk-powered-epb-quantum-network-adds-qunnect-as-first-customer-for-quantum-collaboration (1/1), chunk 20/36
[00:04:12 +2m 15s | thequantuminsider_2023_12_20_qubitekk_powered_epb_quantum_network_adds_qunnect_as_first_c_17fb6dcc] Extracting interactions: https://thequantuminsider.com/2023/12/20/qubitekk-powered-epb-quantum-network-adds-qunnect-as-first-customer-for-quantum-collaboration (1/1), chunk 25/36
[00:04:17 +2m 19s | thequantuminsider_2023_12_20_qubitekk_powered_epb_quantum_network_adds_qunnect_as_first_c_17fb6dcc] Extracting interactions: https://thequantuminsider.com/2023/12/20/qubitekk-powered-epb-quantum-network-adds-qunnect-as-first-customer-for-quantum-collaboration (1/1), chunk 26/36
[00:04:19 +2m 21s | thequantuminsider_2023_12_20_qubitekk_powered_epb_quantum_network_adds_qunnect_as_first_c_17fb6dcc] Extracting interactions: https://thequantuminsider.com/2023/12/20/qubitekk-powered-epb-quantum-network-adds-qunnect-as-first-customer-for-quantum-collaboration (1/1), chunk 29/36
[00:04:20 +2m 23s | thequantuminsider_2023_12_20_qubitekk_powered_epb_quantum_network_adds_qunnect_as_first_c_17fb6dcc] Extracting interactions: https://thequantuminsider.com/2023/12/20/qubitekk-powered-epb-quantum-network-adds-qunnect-as-first-customer-for-quantum-collaboration (1/1), chunk 30/36
[00:04:23 +2m 25s | thequantuminsider_2023_12_20_qubitekk_powered_epb_quantum_network_adds_qunnect_as_first_c_17fb6dcc] Extracting interactions: https://thequantuminsider.com/2023/12/20/qubitekk-powered-epb-quantum-network-adds-qunnect-as-first-customer-for-quantum-collaboration (1/1), chunk 31/36
[00:04:24 +2m 27s | thequantuminsider_2023_12_20_qubitekk_powered_epb_quantum_network_adds_qunnect_as_first_c_17fb6dcc] Extracting interactions: https://thequantuminsider.com/2023/12/20/qubitekk-powered-epb-quantum-network-adds-qunnect-as-first-customer-for-quantum-collaboration (1/1), chunk 32/36
[00:04:26 +2m 28s | thequantuminsider_2023_12_20_qubitekk_powered_epb_quantum_network_adds_qunnect_as_first_c_17fb6dcc] Extracting interactions: https://thequantuminsider.com/2023/12/20/qubitekk-powered-epb-quantum-network-adds-qunnect-as-first-customer-for-quantum-collaboration (1/1), chunk 34/36
[00:04:28 +2m 31s | thequantuminsider_2023_12_20_qubitekk_powered_epb_quantum_network_adds_qunnect_as_first_c_17fb6dcc] Extracting interactions: https://thequantuminsider.com/2023/12/20/qubitekk-powered-epb-quantum-network-adds-qunnect-as-first-customer-for-quantum-collaboration (1/1), chunk 35/36
[00:04:32 +2m 35s | thequantuminsider_2023_12_20_qubitekk_powered_epb_quantum_network_adds_qunnect_as_first_c_17fb6dcc] Saved 3_interaction_results.json with 30 extracted interactions.

[00:04:32 +2m 35s | thequantuminsider_2023_12_20_qubitekk_powered_epb_quantum_network_adds_qunnect_as_first_c_17fb6dcc] === 4 clean interactions ===
[00:04:32 +2m 35s | thequantuminsider_2023_12_20_qubitekk_powered_epb_quantum_network_adds_qunnect_as_first_c_17fb6dcc] Saved 4_edges.json with 15 cleaned interactions.

[00:04:32 +2m 35s | thequantuminsider_2023_12_20_qubitekk_powered_epb_quantum_network_adds_qunnect_as_first_c_17fb6dcc] === 5 helix enrichment ===
[00:04:32 +2m 35s | thequantuminsider_2023_12_20_qubitekk_powered_epb_quantum_network_adds_qunnect_as_first_c_17fb6dcc] Wrote 5_nodes.json (13 actors)
[00:04:32 +2m 35s | thequantuminsider_2023_12_20_qubitekk_powered_epb_quantum_network_adds_qunnect_as_first_c_17fb6dcc] Wrote 5_edges.json (15 interactions)
[00:04:32 +2m 35s | thequantuminsider_2023_12_20_qubitekk_powered_epb_quantum_network_adds_qunnect_as_first_c_17fb6dcc] Actor helix counts: {'Academia': 1, 'Civil Society': 2, 'Government': 1, 'Industry': 4, 'Unknown': 5}
[00:04:32 +2m 35s | thequantuminsider_2023_12_20_qubitekk_powered_epb_quantum_network_adds_qunnect_as_first_c_17fb6dcc] Functional-space counts: {'Consensus': 1, 'Intra-helix / Not classified': 14}

[00:04:32 +2m 35s | thequantuminsider_2023_12_20_qubitekk_powered_epb_quantum_network_adds_qunnect_as_first_c_17fb6dcc] === 6 network visualisation ===
[00:04:32 +2m 36s | thequantuminsider_2023_12_20_qubitekk_powered_epb_quantum_network_adds_qunnect_as_first_c_17fb6dcc] Wrote quantum_network.html
[00:04:32 +2m 36s | thequantuminsider_2023_12_20_qubitekk_powered_epb_quantum_network_adds_qunnect_as_first_c_17fb6dcc] Nodes: 13
[00:04:32 +2m 36s | thequantuminsider_2023_12_20_qubitekk_powered_epb_quantum_network_adds_qunnect_as_first_c_17fb6dcc] Edges: 5

[00:04:32 +2m 36s | thequantuminsider_2023_12_20_qubitekk_powered_epb_quantum_network_adds_qunnect_as_first_c_17fb6dcc] Done. Outputs written to: /home/lv/IDP/idpdeeptech/pipeline/news_outputs/thequantuminsider_2023_12_20_qubitekk_powered_epb_quantum_network_adds_qunnect_as_first_c_17fb6dcc
[00:04:32 +2m 36s | thequantuminsider_2023_12_20_qubitekk_powered_epb_quantum_network_adds_qunnect_as_first_c_17fb6dcc] Log: /home/lv/IDP/idpdeeptech/pipeline/news_outputs/thequantuminsider_2023_12_20_qubitekk_powered_epb_quantum_network_adds_qunnect_as_first_c_17fb6dcc/run.log

========================================================================
RUN FINISHED 2026-07-05 00:04:32  (OK)
Started:     2026-07-05 00:02:00
Elapsed:     2m 36s
========================================================================
