
========================================================================
RUN STARTED  2026-07-05 08:26:54
site_pipeline.py https://thequantuminsider.com/2023/09/19/attainment-of-scalable-multipartite-entanglement-using-ultracold-atoms-trapped-in-an-optical-lattice/
========================================================================

[08:26:54 +0s | thequantuminsider_2023_09_19_attainment_of_scalable_multipartite_entanglement_using_ultra_d202a3f0] === 0 crawl site ===
[08:26:56 +1s | thequantuminsider_2023_09_19_attainment_of_scalable_multipartite_entanglement_using_ultra_d202a3f0] [INIT].... → Crawl4AI 0.8.6 
[08:27:01 +7s | thequantuminsider_2023_09_19_attainment_of_scalable_multipartite_entanglement_using_ultra_d202a3f0] [FETCH]... ↓ https://thequantuminsider.com/2023/09/19/attainm...g-ultracold-atoms-trapped-in-an-optical-lattice/  | ✓ | ⏱: 5.47s 
[08:27:01 +7s | thequantuminsider_2023_09_19_attainment_of_scalable_multipartite_entanglement_using_ultra_d202a3f0] [SCRAPE].. ◆ https://thequantuminsider.com/2023/09/19/attainm...g-ultracold-atoms-trapped-in-an-optical-lattice/  | ✓ | ⏱: 0.12s 
[08:27:01 +7s | thequantuminsider_2023_09_19_attainment_of_scalable_multipartite_entanglement_using_ultra_d202a3f0] [COMPLETE] ● https://thequantuminsider.com/2023/09/19/attainm...g-ultracold-atoms-trapped-in-an-optical-lattice/  | ✓ | ⏱: 5.62s 
[08:27:01 +7s | thequantuminsider_2023_09_19_attainment_of_scalable_multipartite_entanglement_using_ultra_d202a3f0] Saved: crawl_output/c11e15ea51_thequantuminsider.com_2023_09_19_attainment-of-scalable-multipartite-entanglement-using-ultracold-atoms-trapped-in-an-optical-lattice.json

[08:27:02 +7s | thequantuminsider_2023_09_19_attainment_of_scalable_multipartite_entanglement_using_ultra_d202a3f0] === 1 actor extraction ===
[08:27:02 +8s | thequantuminsider_2023_09_19_attainment_of_scalable_multipartite_entanglement_using_ultra_d202a3f0] Reading page (1/1): https://thequantuminsider.com/2023/09/19/attainment-of-scalable-multipartite-entanglement-using-ultracold-atoms-trapped-in-an-optical-lattice
[08:27:02 +8s | thequantuminsider_2023_09_19_attainment_of_scalable_multipartite_entanglement_using_ultra_d202a3f0] Extracting actors: https://thequantuminsider.com/2023/09/19/attainment-of-scalable-multipartite-entanglement-using-ultracold-atoms-trapped-in-an-optical-lattice (1/1), chunk 1/36
[08:27:07 +13s | thequantuminsider_2023_09_19_attainment_of_scalable_multipartite_entanglement_using_ultra_d202a3f0] Extracting actors: https://thequantuminsider.com/2023/09/19/attainment-of-scalable-multipartite-entanglement-using-ultracold-atoms-trapped-in-an-optical-lattice (1/1), chunk 2/36
[08:27:14 +20s | thequantuminsider_2023_09_19_attainment_of_scalable_multipartite_entanglement_using_ultra_d202a3f0] Extracting actors: https://thequantuminsider.com/2023/09/19/attainment-of-scalable-multipartite-entanglement-using-ultracold-atoms-trapped-in-an-optical-lattice (1/1), chunk 3/36
[08:27:21 +27s | thequantuminsider_2023_09_19_attainment_of_scalable_multipartite_entanglement_using_ultra_d202a3f0] Extracting actors: https://thequantuminsider.com/2023/09/19/attainment-of-scalable-multipartite-entanglement-using-ultracold-atoms-trapped-in-an-optical-lattice (1/1), chunk 4/36
[08:27:25 +33s | thequantuminsider_2023_09_19_attainment_of_scalable_multipartite_entanglement_using_ultra_d202a3f0] Extracting actors: https://thequantuminsider.com/2023/09/19/attainment-of-scalable-multipartite-entanglement-using-ultracold-atoms-trapped-in-an-optical-lattice (1/1), chunk 5/36
[08:27:31 +39s | thequantuminsider_2023_09_19_attainment_of_scalable_multipartite_entanglement_using_ultra_d202a3f0] Extracting actors: https://thequantuminsider.com/2023/09/19/attainment-of-scalable-multipartite-entanglement-using-ultracold-atoms-trapped-in-an-optical-lattice (1/1), chunk 6/36
[08:27:55 +1m 5s | thequantuminsider_2023_09_19_attainment_of_scalable_multipartite_entanglement_using_ultra_d202a3f0] Extracting actors: https://thequantuminsider.com/2023/09/19/attainment-of-scalable-multipartite-entanglement-using-ultracold-atoms-trapped-in-an-optical-lattice (1/1), chunk 7/36
[08:28:00 +1m 10s | thequantuminsider_2023_09_19_attainment_of_scalable_multipartite_entanglement_using_ultra_d202a3f0] Extracting actors: https://thequantuminsider.com/2023/09/19/attainment-of-scalable-multipartite-entanglement-using-ultracold-atoms-trapped-in-an-optical-lattice (1/1), chunk 8/36
[08:28:06 +1m 16s | thequantuminsider_2023_09_19_attainment_of_scalable_multipartite_entanglement_using_ultra_d202a3f0] Extracting actors: https://thequantuminsider.com/2023/09/19/attainment-of-scalable-multipartite-entanglement-using-ultracold-atoms-trapped-in-an-optical-lattice (1/1), chunk 9/36
[08:28:10 +1m 20s | thequantuminsider_2023_09_19_attainment_of_scalable_multipartite_entanglement_using_ultra_d202a3f0] Extracting actors: https://thequantuminsider.com/2023/09/19/attainment-of-scalable-multipartite-entanglement-using-ultracold-atoms-trapped-in-an-optical-lattice (1/1), chunk 10/36
[08:28:16 +1m 27s | thequantuminsider_2023_09_19_attainment_of_scalable_multipartite_entanglement_using_ultra_d202a3f0] Extracting actors: https://thequantuminsider.com/2023/09/19/attainment-of-scalable-multipartite-entanglement-using-ultracold-atoms-trapped-in-an-optical-lattice (1/1), chunk 11/36
[08:28:22 +1m 33s | thequantuminsider_2023_09_19_attainment_of_scalable_multipartite_entanglement_using_ultra_d202a3f0] Repaired malformed JSON.
[08:28:22 +1m 33s | thequantuminsider_2023_09_19_attainment_of_scalable_multipartite_entanglement_using_ultra_d202a3f0] Extracting actors: https://thequantuminsider.com/2023/09/19/attainment-of-scalable-multipartite-entanglement-using-ultracold-atoms-trapped-in-an-optical-lattice (1/1), chunk 12/36
[08:28:30 +1m 43s | thequantuminsider_2023_09_19_attainment_of_scalable_multipartite_entanglement_using_ultra_d202a3f0] Repaired malformed JSON.
[08:28:30 +1m 43s | thequantuminsider_2023_09_19_attainment_of_scalable_multipartite_entanglement_using_ultra_d202a3f0] Extracting actors: https://thequantuminsider.com/2023/09/19/attainment-of-scalable-multipartite-entanglement-using-ultracold-atoms-trapped-in-an-optical-lattice (1/1), chunk 13/36
[08:28:37 +1m 50s | thequantuminsider_2023_09_19_attainment_of_scalable_multipartite_entanglement_using_ultra_d202a3f0] Repaired malformed JSON.
[08:28:37 +1m 50s | thequantuminsider_2023_09_19_attainment_of_scalable_multipartite_entanglement_using_ultra_d202a3f0] Extracting actors: https://thequantuminsider.com/2023/09/19/attainment-of-scalable-multipartite-entanglement-using-ultracold-atoms-trapped-in-an-optical-lattice (1/1), chunk 14/36
[08:28:44 +1m 57s | thequantuminsider_2023_09_19_attainment_of_scalable_multipartite_entanglement_using_ultra_d202a3f0] Repaired malformed JSON.
[08:28:44 +1m 57s | thequantuminsider_2023_09_19_attainment_of_scalable_multipartite_entanglement_using_ultra_d202a3f0] Extracting actors: https://thequantuminsider.com/2023/09/19/attainment-of-scalable-multipartite-entanglement-using-ultracold-atoms-trapped-in-an-optical-lattice (1/1), chunk 15/36
[08:28:51 +2m 4s | thequantuminsider_2023_09_19_attainment_of_scalable_multipartite_entanglement_using_ultra_d202a3f0] Repaired malformed JSON.
[08:28:51 +2m 4s | thequantuminsider_2023_09_19_attainment_of_scalable_multipartite_entanglement_using_ultra_d202a3f0] Extracting actors: https://thequantuminsider.com/2023/09/19/attainment-of-scalable-multipartite-entanglement-using-ultracold-atoms-trapped-in-an-optical-lattice (1/1), chunk 16/36
[08:28:57 +2m 13s | thequantuminsider_2023_09_19_attainment_of_scalable_multipartite_entanglement_using_ultra_d202a3f0] Repaired malformed JSON.
[08:28:57 +2m 13s | thequantuminsider_2023_09_19_attainment_of_scalable_multipartite_entanglement_using_ultra_d202a3f0] Extracting actors: https://thequantuminsider.com/2023/09/19/attainment-of-scalable-multipartite-entanglement-using-ultracold-atoms-trapped-in-an-optical-lattice (1/1), chunk 17/36
[08:29:05 +2m 21s | thequantuminsider_2023_09_19_attainment_of_scalable_multipartite_entanglement_using_ultra_d202a3f0] Repaired malformed JSON.
[08:29:05 +2m 21s | thequantuminsider_2023_09_19_attainment_of_scalable_multipartite_entanglement_using_ultra_d202a3f0] Extracting actors: https://thequantuminsider.com/2023/09/19/attainment-of-scalable-multipartite-entanglement-using-ultracold-atoms-trapped-in-an-optical-lattice (1/1), chunk 18/36
[08:29:13 +2m 28s | thequantuminsider_2023_09_19_attainment_of_scalable_multipartite_entanglement_using_ultra_d202a3f0] Repaired malformed JSON.
[08:29:13 +2m 28s | thequantuminsider_2023_09_19_attainment_of_scalable_multipartite_entanglement_using_ultra_d202a3f0] Extracting actors: https://thequantuminsider.com/2023/09/19/attainment-of-scalable-multipartite-entanglement-using-ultracold-atoms-trapped-in-an-optical-lattice (1/1), chunk 19/36
[08:29:22 +2m 38s | thequantuminsider_2023_09_19_attainment_of_scalable_multipartite_entanglement_using_ultra_d202a3f0] Repaired malformed JSON.
[08:29:22 +2m 38s | thequantuminsider_2023_09_19_attainment_of_scalable_multipartite_entanglement_using_ultra_d202a3f0] Extracting actors: https://thequantuminsider.com/2023/09/19/attainment-of-scalable-multipartite-entanglement-using-ultracold-atoms-trapped-in-an-optical-lattice (1/1), chunk 20/36
[08:29:30 +2m 48s | thequantuminsider_2023_09_19_attainment_of_scalable_multipartite_entanglement_using_ultra_d202a3f0] Repaired malformed JSON.
[08:29:30 +2m 48s | thequantuminsider_2023_09_19_attainment_of_scalable_multipartite_entanglement_using_ultra_d202a3f0] Extracting actors: https://thequantuminsider.com/2023/09/19/attainment-of-scalable-multipartite-entanglement-using-ultracold-atoms-trapped-in-an-optical-lattice (1/1), chunk 21/36
[08:29:39 +2m 57s | thequantuminsider_2023_09_19_attainment_of_scalable_multipartite_entanglement_using_ultra_d202a3f0] Repaired malformed JSON.
[08:29:39 +2m 57s | thequantuminsider_2023_09_19_attainment_of_scalable_multipartite_entanglement_using_ultra_d202a3f0] Extracting actors: https://thequantuminsider.com/2023/09/19/attainment-of-scalable-multipartite-entanglement-using-ultracold-atoms-trapped-in-an-optical-lattice (1/1), chunk 22/36
[08:30:00 +3m 20s | thequantuminsider_2023_09_19_attainment_of_scalable_multipartite_entanglement_using_ultra_d202a3f0] Repaired malformed JSON.
[08:30:00 +3m 20s | thequantuminsider_2023_09_19_attainment_of_scalable_multipartite_entanglement_using_ultra_d202a3f0] Extracting actors: https://thequantuminsider.com/2023/09/19/attainment-of-scalable-multipartite-entanglement-using-ultracold-atoms-trapped-in-an-optical-lattice (1/1), chunk 23/36
[08:30:09 +3m 30s | thequantuminsider_2023_09_19_attainment_of_scalable_multipartite_entanglement_using_ultra_d202a3f0] Repaired malformed JSON.
[08:30:09 +3m 30s | thequantuminsider_2023_09_19_attainment_of_scalable_multipartite_entanglement_using_ultra_d202a3f0] Extracting actors: https://thequantuminsider.com/2023/09/19/attainment-of-scalable-multipartite-entanglement-using-ultracold-atoms-trapped-in-an-optical-lattice (1/1), chunk 24/36
[08:30:14 +3m 35s | thequantuminsider_2023_09_19_attainment_of_scalable_multipartite_entanglement_using_ultra_d202a3f0] Extracting actors: https://thequantuminsider.com/2023/09/19/attainment-of-scalable-multipartite-entanglement-using-ultracold-atoms-trapped-in-an-optical-lattice (1/1), chunk 25/36
[08:30:23 +3m 43s | thequantuminsider_2023_09_19_attainment_of_scalable_multipartite_entanglement_using_ultra_d202a3f0] Repaired malformed JSON.
[08:30:23 +3m 43s | thequantuminsider_2023_09_19_attainment_of_scalable_multipartite_entanglement_using_ultra_d202a3f0] Extracting actors: https://thequantuminsider.com/2023/09/19/attainment-of-scalable-multipartite-entanglement-using-ultracold-atoms-trapped-in-an-optical-lattice (1/1), chunk 26/36
[08:30:25 +3m 45s | thequantuminsider_2023_09_19_attainment_of_scalable_multipartite_entanglement_using_ultra_d202a3f0] Extracting actors: https://thequantuminsider.com/2023/09/19/attainment-of-scalable-multipartite-entanglement-using-ultracold-atoms-trapped-in-an-optical-lattice (1/1), chunk 27/36
[08:30:27 +3m 51s | thequantuminsider_2023_09_19_attainment_of_scalable_multipartite_entanglement_using_ultra_d202a3f0] Extracting actors: https://thequantuminsider.com/2023/09/19/attainment-of-scalable-multipartite-entanglement-using-ultracold-atoms-trapped-in-an-optical-lattice (1/1), chunk 28/36
[08:30:37 +4m 0s | thequantuminsider_2023_09_19_attainment_of_scalable_multipartite_entanglement_using_ultra_d202a3f0] Repaired malformed JSON.
[08:30:37 +4m 0s | thequantuminsider_2023_09_19_attainment_of_scalable_multipartite_entanglement_using_ultra_d202a3f0] Extracting actors: https://thequantuminsider.com/2023/09/19/attainment-of-scalable-multipartite-entanglement-using-ultracold-atoms-trapped-in-an-optical-lattice (1/1), chunk 29/36
[08:31:03 +4m 29s | thequantuminsider_2023_09_19_attainment_of_scalable_multipartite_entanglement_using_ultra_d202a3f0] Repaired malformed JSON.
[08:31:03 +4m 29s | thequantuminsider_2023_09_19_attainment_of_scalable_multipartite_entanglement_using_ultra_d202a3f0] Extracting actors: https://thequantuminsider.com/2023/09/19/attainment-of-scalable-multipartite-entanglement-using-ultracold-atoms-trapped-in-an-optical-lattice (1/1), chunk 30/36
[08:31:26 +4m 54s | thequantuminsider_2023_09_19_attainment_of_scalable_multipartite_entanglement_using_ultra_d202a3f0] Repaired malformed JSON.
[08:31:26 +4m 54s | thequantuminsider_2023_09_19_attainment_of_scalable_multipartite_entanglement_using_ultra_d202a3f0] Extracting actors: https://thequantuminsider.com/2023/09/19/attainment-of-scalable-multipartite-entanglement-using-ultracold-atoms-trapped-in-an-optical-lattice (1/1), chunk 31/36
[08:31:37 +5m 5s | thequantuminsider_2023_09_19_attainment_of_scalable_multipartite_entanglement_using_ultra_d202a3f0] Repaired malformed JSON.
[08:31:37 +5m 5s | thequantuminsider_2023_09_19_attainment_of_scalable_multipartite_entanglement_using_ultra_d202a3f0] Extracting actors: https://thequantuminsider.com/2023/09/19/attainment-of-scalable-multipartite-entanglement-using-ultracold-atoms-trapped-in-an-optical-lattice (1/1), chunk 32/36
[08:31:44 +5m 12s | thequantuminsider_2023_09_19_attainment_of_scalable_multipartite_entanglement_using_ultra_d202a3f0] Repaired malformed JSON.
[08:31:44 +5m 12s | thequantuminsider_2023_09_19_attainment_of_scalable_multipartite_entanglement_using_ultra_d202a3f0] Extracting actors: https://thequantuminsider.com/2023/09/19/attainment-of-scalable-multipartite-entanglement-using-ultracold-atoms-trapped-in-an-optical-lattice (1/1), chunk 33/36
[08:31:52 +5m 20s | thequantuminsider_2023_09_19_attainment_of_scalable_multipartite_entanglement_using_ultra_d202a3f0] Repaired malformed JSON.
[08:31:52 +5m 20s | thequantuminsider_2023_09_19_attainment_of_scalable_multipartite_entanglement_using_ultra_d202a3f0] Extracting actors: https://thequantuminsider.com/2023/09/19/attainment-of-scalable-multipartite-entanglement-using-ultracold-atoms-trapped-in-an-optical-lattice (1/1), chunk 34/36
[08:32:17 +5m 48s | thequantuminsider_2023_09_19_attainment_of_scalable_multipartite_entanglement_using_ultra_d202a3f0] Repaired malformed JSON.
[08:32:17 +5m 48s | thequantuminsider_2023_09_19_attainment_of_scalable_multipartite_entanglement_using_ultra_d202a3f0] Extracting actors: https://thequantuminsider.com/2023/09/19/attainment-of-scalable-multipartite-entanglement-using-ultracold-atoms-trapped-in-an-optical-lattice (1/1), chunk 35/36
[08:32:23 +5m 56s | thequantuminsider_2023_09_19_attainment_of_scalable_multipartite_entanglement_using_ultra_d202a3f0] Repaired malformed JSON.
[08:32:23 +5m 56s | thequantuminsider_2023_09_19_attainment_of_scalable_multipartite_entanglement_using_ultra_d202a3f0] Extracting actors: https://thequantuminsider.com/2023/09/19/attainment-of-scalable-multipartite-entanglement-using-ultracold-atoms-trapped-in-an-optical-lattice (1/1), chunk 36/36
[08:32:31 +6m 5s | thequantuminsider_2023_09_19_attainment_of_scalable_multipartite_entanglement_using_ultra_d202a3f0] Repaired malformed JSON.
[08:32:31 +6m 5s | thequantuminsider_2023_09_19_attainment_of_scalable_multipartite_entanglement_using_ultra_d202a3f0] Saved 1_actor_results.json with 51 extracted records

[08:32:31 +6m 5s | thequantuminsider_2023_09_19_attainment_of_scalable_multipartite_entanglement_using_ultra_d202a3f0] === 2 clean actors ===
[08:32:31 +6m 5s | thequantuminsider_2023_09_19_attainment_of_scalable_multipartite_entanglement_using_ultra_d202a3f0] Loaded 51 extracted records
[08:32:31 +6m 5s | thequantuminsider_2023_09_19_attainment_of_scalable_multipartite_entanglement_using_ultra_d202a3f0] Saved 2_actor_nodes.json with 20 canonical actor nodes

[08:32:31 +6m 5s | thequantuminsider_2023_09_19_attainment_of_scalable_multipartite_entanglement_using_ultra_d202a3f0] === 3 interaction extraction ===
[08:32:31 +6m 5s | thequantuminsider_2023_09_19_attainment_of_scalable_multipartite_entanglement_using_ultra_d202a3f0] Extracting interactions: https://thequantuminsider.com/2023/09/19/attainment-of-scalable-multipartite-entanglement-using-ultracold-atoms-trapped-in-an-optical-lattice (1/1), chunk 11/36
[08:32:41 +6m 15s | thequantuminsider_2023_09_19_attainment_of_scalable_multipartite_entanglement_using_ultra_d202a3f0] Extracting interactions: https://thequantuminsider.com/2023/09/19/attainment-of-scalable-multipartite-entanglement-using-ultracold-atoms-trapped-in-an-optical-lattice (1/1), chunk 12/36
[08:32:49 +6m 23s | thequantuminsider_2023_09_19_attainment_of_scalable_multipartite_entanglement_using_ultra_d202a3f0] Extracting interactions: https://thequantuminsider.com/2023/09/19/attainment-of-scalable-multipartite-entanglement-using-ultracold-atoms-trapped-in-an-optical-lattice (1/1), chunk 13/36
[08:32:58 +6m 34s | thequantuminsider_2023_09_19_attainment_of_scalable_multipartite_entanglement_using_ultra_d202a3f0] Extracting interactions: https://thequantuminsider.com/2023/09/19/attainment-of-scalable-multipartite-entanglement-using-ultracold-atoms-trapped-in-an-optical-lattice (1/1), chunk 14/36
[08:33:03 +6m 39s | thequantuminsider_2023_09_19_attainment_of_scalable_multipartite_entanglement_using_ultra_d202a3f0] Extracting interactions: https://thequantuminsider.com/2023/09/19/attainment-of-scalable-multipartite-entanglement-using-ultracold-atoms-trapped-in-an-optical-lattice (1/1), chunk 15/36
[08:33:17 +6m 54s | thequantuminsider_2023_09_19_attainment_of_scalable_multipartite_entanglement_using_ultra_d202a3f0] Extracting interactions: https://thequantuminsider.com/2023/09/19/attainment-of-scalable-multipartite-entanglement-using-ultracold-atoms-trapped-in-an-optical-lattice (1/1), chunk 16/36
[08:33:22 +6m 58s | thequantuminsider_2023_09_19_attainment_of_scalable_multipartite_entanglement_using_ultra_d202a3f0] Extracting interactions: https://thequantuminsider.com/2023/09/19/attainment-of-scalable-multipartite-entanglement-using-ultracold-atoms-trapped-in-an-optical-lattice (1/1), chunk 17/36
[08:33:25 +7m 3s | thequantuminsider_2023_09_19_attainment_of_scalable_multipartite_entanglement_using_ultra_d202a3f0] Extracting interactions: https://thequantuminsider.com/2023/09/19/attainment-of-scalable-multipartite-entanglement-using-ultracold-atoms-trapped-in-an-optical-lattice (1/1), chunk 18/36
[08:33:26 +7m 5s | thequantuminsider_2023_09_19_attainment_of_scalable_multipartite_entanglement_using_ultra_d202a3f0] Extracting interactions: https://thequantuminsider.com/2023/09/19/attainment-of-scalable-multipartite-entanglement-using-ultracold-atoms-trapped-in-an-optical-lattice (1/1), chunk 19/36
[08:33:28 +7m 6s | thequantuminsider_2023_09_19_attainment_of_scalable_multipartite_entanglement_using_ultra_d202a3f0] Extracting interactions: https://thequantuminsider.com/2023/09/19/attainment-of-scalable-multipartite-entanglement-using-ultracold-atoms-trapped-in-an-optical-lattice (1/1), chunk 20/36
[08:33:41 +7m 20s | thequantuminsider_2023_09_19_attainment_of_scalable_multipartite_entanglement_using_ultra_d202a3f0] Extracting interactions: https://thequantuminsider.com/2023/09/19/attainment-of-scalable-multipartite-entanglement-using-ultracold-atoms-trapped-in-an-optical-lattice (1/1), chunk 21/36
[08:33:46 +7m 25s | thequantuminsider_2023_09_19_attainment_of_scalable_multipartite_entanglement_using_ultra_d202a3f0] Extracting interactions: https://thequantuminsider.com/2023/09/19/attainment-of-scalable-multipartite-entanglement-using-ultracold-atoms-trapped-in-an-optical-lattice (1/1), chunk 25/36
[08:33:51 +7m 30s | thequantuminsider_2023_09_19_attainment_of_scalable_multipartite_entanglement_using_ultra_d202a3f0] Extracting interactions: https://thequantuminsider.com/2023/09/19/attainment-of-scalable-multipartite-entanglement-using-ultracold-atoms-trapped-in-an-optical-lattice (1/1), chunk 26/36
[08:33:51 +7m 32s | thequantuminsider_2023_09_19_attainment_of_scalable_multipartite_entanglement_using_ultra_d202a3f0] Extracting interactions: https://thequantuminsider.com/2023/09/19/attainment-of-scalable-multipartite-entanglement-using-ultracold-atoms-trapped-in-an-optical-lattice (1/1), chunk 27/36
[08:33:52 +7m 33s | thequantuminsider_2023_09_19_attainment_of_scalable_multipartite_entanglement_using_ultra_d202a3f0] Extracting interactions: https://thequantuminsider.com/2023/09/19/attainment-of-scalable-multipartite-entanglement-using-ultracold-atoms-trapped-in-an-optical-lattice (1/1), chunk 29/36
[08:33:53 +7m 35s | thequantuminsider_2023_09_19_attainment_of_scalable_multipartite_entanglement_using_ultra_d202a3f0] Extracting interactions: https://thequantuminsider.com/2023/09/19/attainment-of-scalable-multipartite-entanglement-using-ultracold-atoms-trapped-in-an-optical-lattice (1/1), chunk 30/36
[08:33:55 +7m 36s | thequantuminsider_2023_09_19_attainment_of_scalable_multipartite_entanglement_using_ultra_d202a3f0] Extracting interactions: https://thequantuminsider.com/2023/09/19/attainment-of-scalable-multipartite-entanglement-using-ultracold-atoms-trapped-in-an-optical-lattice (1/1), chunk 31/36
[08:33:57 +7m 38s | thequantuminsider_2023_09_19_attainment_of_scalable_multipartite_entanglement_using_ultra_d202a3f0] Extracting interactions: https://thequantuminsider.com/2023/09/19/attainment-of-scalable-multipartite-entanglement-using-ultracold-atoms-trapped-in-an-optical-lattice (1/1), chunk 32/36
[08:33:58 +7m 40s | thequantuminsider_2023_09_19_attainment_of_scalable_multipartite_entanglement_using_ultra_d202a3f0] Extracting interactions: https://thequantuminsider.com/2023/09/19/attainment-of-scalable-multipartite-entanglement-using-ultracold-atoms-trapped-in-an-optical-lattice (1/1), chunk 33/36
[08:34:00 +7m 41s | thequantuminsider_2023_09_19_attainment_of_scalable_multipartite_entanglement_using_ultra_d202a3f0] Extracting interactions: https://thequantuminsider.com/2023/09/19/attainment-of-scalable-multipartite-entanglement-using-ultracold-atoms-trapped-in-an-optical-lattice (1/1), chunk 34/36
[08:34:02 +7m 43s | thequantuminsider_2023_09_19_attainment_of_scalable_multipartite_entanglement_using_ultra_d202a3f0] Extracting interactions: https://thequantuminsider.com/2023/09/19/attainment-of-scalable-multipartite-entanglement-using-ultracold-atoms-trapped-in-an-optical-lattice (1/1), chunk 35/36
[08:34:04 +7m 45s | thequantuminsider_2023_09_19_attainment_of_scalable_multipartite_entanglement_using_ultra_d202a3f0] Extracting interactions: https://thequantuminsider.com/2023/09/19/attainment-of-scalable-multipartite-entanglement-using-ultracold-atoms-trapped-in-an-optical-lattice (1/1), chunk 36/36
[08:34:06 +7m 48s | thequantuminsider_2023_09_19_attainment_of_scalable_multipartite_entanglement_using_ultra_d202a3f0] Saved 3_interaction_results.json with 9 extracted interactions.

[08:34:07 +7m 48s | thequantuminsider_2023_09_19_attainment_of_scalable_multipartite_entanglement_using_ultra_d202a3f0] === 4 clean interactions ===
[08:34:07 +7m 48s | thequantuminsider_2023_09_19_attainment_of_scalable_multipartite_entanglement_using_ultra_d202a3f0] Saved 4_edges.json with 1 cleaned interactions.

[08:34:07 +7m 48s | thequantuminsider_2023_09_19_attainment_of_scalable_multipartite_entanglement_using_ultra_d202a3f0] === 5 helix enrichment ===
[08:34:07 +7m 48s | thequantuminsider_2023_09_19_attainment_of_scalable_multipartite_entanglement_using_ultra_d202a3f0] Wrote 5_nodes.json (20 actors)
[08:34:07 +7m 48s | thequantuminsider_2023_09_19_attainment_of_scalable_multipartite_entanglement_using_ultra_d202a3f0] Wrote 5_edges.json (1 interactions)
[08:34:07 +7m 48s | thequantuminsider_2023_09_19_attainment_of_scalable_multipartite_entanglement_using_ultra_d202a3f0] Actor helix counts: {'Academia': 2, 'Civil Society': 4, 'Industry': 1, 'Intermediary': 1, 'Unknown': 12}
[08:34:07 +7m 48s | thequantuminsider_2023_09_19_attainment_of_scalable_multipartite_entanglement_using_ultra_d202a3f0] Functional-space counts: {'Intra-helix / Not classified': 1}

[08:34:07 +7m 48s | thequantuminsider_2023_09_19_attainment_of_scalable_multipartite_entanglement_using_ultra_d202a3f0] === 6 network visualisation ===
[08:34:07 +7m 48s | thequantuminsider_2023_09_19_attainment_of_scalable_multipartite_entanglement_using_ultra_d202a3f0] Wrote quantum_network.html
[08:34:07 +7m 48s | thequantuminsider_2023_09_19_attainment_of_scalable_multipartite_entanglement_using_ultra_d202a3f0] Nodes: 20
[08:34:07 +7m 48s | thequantuminsider_2023_09_19_attainment_of_scalable_multipartite_entanglement_using_ultra_d202a3f0] Edges: 1

[08:34:07 +7m 48s | thequantuminsider_2023_09_19_attainment_of_scalable_multipartite_entanglement_using_ultra_d202a3f0] Done. Outputs written to: /home/lv/IDP/idpdeeptech/pipeline/news_outputs/thequantuminsider_2023_09_19_attainment_of_scalable_multipartite_entanglement_using_ultra_d202a3f0
[08:34:07 +7m 48s | thequantuminsider_2023_09_19_attainment_of_scalable_multipartite_entanglement_using_ultra_d202a3f0] Log: /home/lv/IDP/idpdeeptech/pipeline/news_outputs/thequantuminsider_2023_09_19_attainment_of_scalable_multipartite_entanglement_using_ultra_d202a3f0/run.log

========================================================================
RUN FINISHED 2026-07-05 08:34:07  (OK)
Started:     2026-07-05 08:26:54
Elapsed:     7m 48s
========================================================================
