
========================================================================
RUN STARTED  2026-07-05 04:46:17
site_pipeline.py https://thequantuminsider.com/2023/10/31/foreign-policy-expert-u-s-must-lead-quantum-collaborations-not-win-quantum-competitions/
========================================================================

[04:46:17 +0s | thequantuminsider_2023_10_31_foreign_policy_expert_u_s_must_lead_quantum_collaborations_n_db7c6aca] === 0 crawl site ===
[04:46:18 +1s | thequantuminsider_2023_10_31_foreign_policy_expert_u_s_must_lead_quantum_collaborations_n_db7c6aca] [INIT].... → Crawl4AI 0.8.6 
[04:46:20 +3s | thequantuminsider_2023_10_31_foreign_policy_expert_u_s_must_lead_quantum_collaborations_n_db7c6aca] [FETCH]... ↓ https://thequantuminsider.com/2023/10/31/foreign...tum-collaborations-not-win-quantum-competitions/  | ✓ | ⏱: 1.86s 
[04:46:21 +3s | thequantuminsider_2023_10_31_foreign_policy_expert_u_s_must_lead_quantum_collaborations_n_db7c6aca] [SCRAPE].. ◆ https://thequantuminsider.com/2023/10/31/foreign...tum-collaborations-not-win-quantum-competitions/  | ✓ | ⏱: 0.15s 
[04:46:21 +3s | thequantuminsider_2023_10_31_foreign_policy_expert_u_s_must_lead_quantum_collaborations_n_db7c6aca] [COMPLETE] ● https://thequantuminsider.com/2023/10/31/foreign...tum-collaborations-not-win-quantum-competitions/  | ✓ | ⏱: 2.03s 
[04:46:21 +3s | thequantuminsider_2023_10_31_foreign_policy_expert_u_s_must_lead_quantum_collaborations_n_db7c6aca] Saved: crawl_output/9e4e1094d7_thequantuminsider.com_2023_10_31_foreign-policy-expert-u-s-must-lead-quantum-collaborations-not-win-quantum-competitions.json

[04:46:21 +4s | thequantuminsider_2023_10_31_foreign_policy_expert_u_s_must_lead_quantum_collaborations_n_db7c6aca] === 1 actor extraction ===
[04:46:21 +4s | thequantuminsider_2023_10_31_foreign_policy_expert_u_s_must_lead_quantum_collaborations_n_db7c6aca] Reading page (1/1): https://thequantuminsider.com/2023/10/31/foreign-policy-expert-u-s-must-lead-quantum-collaborations-not-win-quantum-competitions
[04:46:21 +4s | thequantuminsider_2023_10_31_foreign_policy_expert_u_s_must_lead_quantum_collaborations_n_db7c6aca] Extracting actors: https://thequantuminsider.com/2023/10/31/foreign-policy-expert-u-s-must-lead-quantum-collaborations-not-win-quantum-competitions (1/1), chunk 1/38
[04:46:26 +9s | thequantuminsider_2023_10_31_foreign_policy_expert_u_s_must_lead_quantum_collaborations_n_db7c6aca] Extracting actors: https://thequantuminsider.com/2023/10/31/foreign-policy-expert-u-s-must-lead-quantum-collaborations-not-win-quantum-competitions (1/1), chunk 2/38
[04:46:30 +13s | thequantuminsider_2023_10_31_foreign_policy_expert_u_s_must_lead_quantum_collaborations_n_db7c6aca] Extracting actors: https://thequantuminsider.com/2023/10/31/foreign-policy-expert-u-s-must-lead-quantum-collaborations-not-win-quantum-competitions (1/1), chunk 3/38
[04:46:34 +19s | thequantuminsider_2023_10_31_foreign_policy_expert_u_s_must_lead_quantum_collaborations_n_db7c6aca] Extracting actors: https://thequantuminsider.com/2023/10/31/foreign-policy-expert-u-s-must-lead-quantum-collaborations-not-win-quantum-competitions (1/1), chunk 4/38
[04:46:39 +23s | thequantuminsider_2023_10_31_foreign_policy_expert_u_s_must_lead_quantum_collaborations_n_db7c6aca] Extracting actors: https://thequantuminsider.com/2023/10/31/foreign-policy-expert-u-s-must-lead-quantum-collaborations-not-win-quantum-competitions (1/1), chunk 5/38
[04:46:44 +29s | thequantuminsider_2023_10_31_foreign_policy_expert_u_s_must_lead_quantum_collaborations_n_db7c6aca] Extracting actors: https://thequantuminsider.com/2023/10/31/foreign-policy-expert-u-s-must-lead-quantum-collaborations-not-win-quantum-competitions (1/1), chunk 6/38
[04:46:49 +34s | thequantuminsider_2023_10_31_foreign_policy_expert_u_s_must_lead_quantum_collaborations_n_db7c6aca] Extracting actors: https://thequantuminsider.com/2023/10/31/foreign-policy-expert-u-s-must-lead-quantum-collaborations-not-win-quantum-competitions (1/1), chunk 7/38
[04:46:54 +39s | thequantuminsider_2023_10_31_foreign_policy_expert_u_s_must_lead_quantum_collaborations_n_db7c6aca] Extracting actors: https://thequantuminsider.com/2023/10/31/foreign-policy-expert-u-s-must-lead-quantum-collaborations-not-win-quantum-competitions (1/1), chunk 8/38
[04:46:59 +44s | thequantuminsider_2023_10_31_foreign_policy_expert_u_s_must_lead_quantum_collaborations_n_db7c6aca] Extracting actors: https://thequantuminsider.com/2023/10/31/foreign-policy-expert-u-s-must-lead-quantum-collaborations-not-win-quantum-competitions (1/1), chunk 9/38
[04:47:02 +49s | thequantuminsider_2023_10_31_foreign_policy_expert_u_s_must_lead_quantum_collaborations_n_db7c6aca] Extracting actors: https://thequantuminsider.com/2023/10/31/foreign-policy-expert-u-s-must-lead-quantum-collaborations-not-win-quantum-competitions (1/1), chunk 10/38
[04:47:08 +54s | thequantuminsider_2023_10_31_foreign_policy_expert_u_s_must_lead_quantum_collaborations_n_db7c6aca] Extracting actors: https://thequantuminsider.com/2023/10/31/foreign-policy-expert-u-s-must-lead-quantum-collaborations-not-win-quantum-competitions (1/1), chunk 11/38
[04:47:18 +1m 5s | thequantuminsider_2023_10_31_foreign_policy_expert_u_s_must_lead_quantum_collaborations_n_db7c6aca] Repaired malformed JSON.
[04:47:18 +1m 5s | thequantuminsider_2023_10_31_foreign_policy_expert_u_s_must_lead_quantum_collaborations_n_db7c6aca] Extracting actors: https://thequantuminsider.com/2023/10/31/foreign-policy-expert-u-s-must-lead-quantum-collaborations-not-win-quantum-competitions (1/1), chunk 12/38
[04:47:28 +1m 14s | thequantuminsider_2023_10_31_foreign_policy_expert_u_s_must_lead_quantum_collaborations_n_db7c6aca] Repaired malformed JSON.
[04:47:28 +1m 14s | thequantuminsider_2023_10_31_foreign_policy_expert_u_s_must_lead_quantum_collaborations_n_db7c6aca] Extracting actors: https://thequantuminsider.com/2023/10/31/foreign-policy-expert-u-s-must-lead-quantum-collaborations-not-win-quantum-competitions (1/1), chunk 13/38
[04:47:35 +1m 24s | thequantuminsider_2023_10_31_foreign_policy_expert_u_s_must_lead_quantum_collaborations_n_db7c6aca] Repaired malformed JSON.
[04:47:35 +1m 24s | thequantuminsider_2023_10_31_foreign_policy_expert_u_s_must_lead_quantum_collaborations_n_db7c6aca] Extracting actors: https://thequantuminsider.com/2023/10/31/foreign-policy-expert-u-s-must-lead-quantum-collaborations-not-win-quantum-competitions (1/1), chunk 14/38
[04:48:01 +1m 51s | thequantuminsider_2023_10_31_foreign_policy_expert_u_s_must_lead_quantum_collaborations_n_db7c6aca] Repaired malformed JSON.
[04:48:01 +1m 51s | thequantuminsider_2023_10_31_foreign_policy_expert_u_s_must_lead_quantum_collaborations_n_db7c6aca] Extracting actors: https://thequantuminsider.com/2023/10/31/foreign-policy-expert-u-s-must-lead-quantum-collaborations-not-win-quantum-competitions (1/1), chunk 15/38
[04:48:08 +1m 58s | thequantuminsider_2023_10_31_foreign_policy_expert_u_s_must_lead_quantum_collaborations_n_db7c6aca] Repaired malformed JSON.
[04:48:08 +1m 58s | thequantuminsider_2023_10_31_foreign_policy_expert_u_s_must_lead_quantum_collaborations_n_db7c6aca] Extracting actors: https://thequantuminsider.com/2023/10/31/foreign-policy-expert-u-s-must-lead-quantum-collaborations-not-win-quantum-competitions (1/1), chunk 16/38
[04:48:14 +2m 4s | thequantuminsider_2023_10_31_foreign_policy_expert_u_s_must_lead_quantum_collaborations_n_db7c6aca] Repaired malformed JSON.
[04:48:14 +2m 4s | thequantuminsider_2023_10_31_foreign_policy_expert_u_s_must_lead_quantum_collaborations_n_db7c6aca] Extracting actors: https://thequantuminsider.com/2023/10/31/foreign-policy-expert-u-s-must-lead-quantum-collaborations-not-win-quantum-competitions (1/1), chunk 17/38
[04:48:23 +2m 14s | thequantuminsider_2023_10_31_foreign_policy_expert_u_s_must_lead_quantum_collaborations_n_db7c6aca] Repaired malformed JSON.
[04:48:23 +2m 14s | thequantuminsider_2023_10_31_foreign_policy_expert_u_s_must_lead_quantum_collaborations_n_db7c6aca] Extracting actors: https://thequantuminsider.com/2023/10/31/foreign-policy-expert-u-s-must-lead-quantum-collaborations-not-win-quantum-competitions (1/1), chunk 18/38
[04:48:32 +2m 22s | thequantuminsider_2023_10_31_foreign_policy_expert_u_s_must_lead_quantum_collaborations_n_db7c6aca] Repaired malformed JSON.
[04:48:32 +2m 22s | thequantuminsider_2023_10_31_foreign_policy_expert_u_s_must_lead_quantum_collaborations_n_db7c6aca] Extracting actors: https://thequantuminsider.com/2023/10/31/foreign-policy-expert-u-s-must-lead-quantum-collaborations-not-win-quantum-competitions (1/1), chunk 19/38
[04:48:58 +2m 50s | thequantuminsider_2023_10_31_foreign_policy_expert_u_s_must_lead_quantum_collaborations_n_db7c6aca] Repaired malformed JSON.
[04:48:58 +2m 50s | thequantuminsider_2023_10_31_foreign_policy_expert_u_s_must_lead_quantum_collaborations_n_db7c6aca] Extracting actors: https://thequantuminsider.com/2023/10/31/foreign-policy-expert-u-s-must-lead-quantum-collaborations-not-win-quantum-competitions (1/1), chunk 20/38
[04:49:03 +2m 57s | thequantuminsider_2023_10_31_foreign_policy_expert_u_s_must_lead_quantum_collaborations_n_db7c6aca] Repaired malformed JSON.
[04:49:03 +2m 57s | thequantuminsider_2023_10_31_foreign_policy_expert_u_s_must_lead_quantum_collaborations_n_db7c6aca] Extracting actors: https://thequantuminsider.com/2023/10/31/foreign-policy-expert-u-s-must-lead-quantum-collaborations-not-win-quantum-competitions (1/1), chunk 21/38
[04:49:09 +3m 3s | thequantuminsider_2023_10_31_foreign_policy_expert_u_s_must_lead_quantum_collaborations_n_db7c6aca] Repaired malformed JSON.
[04:49:09 +3m 3s | thequantuminsider_2023_10_31_foreign_policy_expert_u_s_must_lead_quantum_collaborations_n_db7c6aca] Extracting actors: https://thequantuminsider.com/2023/10/31/foreign-policy-expert-u-s-must-lead-quantum-collaborations-not-win-quantum-competitions (1/1), chunk 22/38
[04:49:16 +3m 11s | thequantuminsider_2023_10_31_foreign_policy_expert_u_s_must_lead_quantum_collaborations_n_db7c6aca] Repaired malformed JSON.
[04:49:16 +3m 11s | thequantuminsider_2023_10_31_foreign_policy_expert_u_s_must_lead_quantum_collaborations_n_db7c6aca] Extracting actors: https://thequantuminsider.com/2023/10/31/foreign-policy-expert-u-s-must-lead-quantum-collaborations-not-win-quantum-competitions (1/1), chunk 23/38
[04:49:24 +3m 18s | thequantuminsider_2023_10_31_foreign_policy_expert_u_s_must_lead_quantum_collaborations_n_db7c6aca] Repaired malformed JSON.
[04:49:24 +3m 18s | thequantuminsider_2023_10_31_foreign_policy_expert_u_s_must_lead_quantum_collaborations_n_db7c6aca] Extracting actors: https://thequantuminsider.com/2023/10/31/foreign-policy-expert-u-s-must-lead-quantum-collaborations-not-win-quantum-competitions (1/1), chunk 24/38
[04:49:33 +3m 27s | thequantuminsider_2023_10_31_foreign_policy_expert_u_s_must_lead_quantum_collaborations_n_db7c6aca] Repaired malformed JSON.
[04:49:33 +3m 27s | thequantuminsider_2023_10_31_foreign_policy_expert_u_s_must_lead_quantum_collaborations_n_db7c6aca] Extracting actors: https://thequantuminsider.com/2023/10/31/foreign-policy-expert-u-s-must-lead-quantum-collaborations-not-win-quantum-competitions (1/1), chunk 25/38
[04:49:39 +3m 35s | thequantuminsider_2023_10_31_foreign_policy_expert_u_s_must_lead_quantum_collaborations_n_db7c6aca] Repaired malformed JSON.
[04:49:39 +3m 35s | thequantuminsider_2023_10_31_foreign_policy_expert_u_s_must_lead_quantum_collaborations_n_db7c6aca] Extracting actors: https://thequantuminsider.com/2023/10/31/foreign-policy-expert-u-s-must-lead-quantum-collaborations-not-win-quantum-competitions (1/1), chunk 26/38
[04:49:46 +3m 42s | thequantuminsider_2023_10_31_foreign_policy_expert_u_s_must_lead_quantum_collaborations_n_db7c6aca] Extracting actors: https://thequantuminsider.com/2023/10/31/foreign-policy-expert-u-s-must-lead-quantum-collaborations-not-win-quantum-competitions (1/1), chunk 27/38
[04:49:56 +3m 52s | thequantuminsider_2023_10_31_foreign_policy_expert_u_s_must_lead_quantum_collaborations_n_db7c6aca] Repaired malformed JSON.
[04:49:56 +3m 52s | thequantuminsider_2023_10_31_foreign_policy_expert_u_s_must_lead_quantum_collaborations_n_db7c6aca] Extracting actors: https://thequantuminsider.com/2023/10/31/foreign-policy-expert-u-s-must-lead-quantum-collaborations-not-win-quantum-competitions (1/1), chunk 28/38
[04:50:03 +3m 59s | thequantuminsider_2023_10_31_foreign_policy_expert_u_s_must_lead_quantum_collaborations_n_db7c6aca] Extracting actors: https://thequantuminsider.com/2023/10/31/foreign-policy-expert-u-s-must-lead-quantum-collaborations-not-win-quantum-competitions (1/1), chunk 29/38
[04:50:09 +4m 7s | thequantuminsider_2023_10_31_foreign_policy_expert_u_s_must_lead_quantum_collaborations_n_db7c6aca] Extracting actors: https://thequantuminsider.com/2023/10/31/foreign-policy-expert-u-s-must-lead-quantum-collaborations-not-win-quantum-competitions (1/1), chunk 30/38
[04:50:16 +4m 13s | thequantuminsider_2023_10_31_foreign_policy_expert_u_s_must_lead_quantum_collaborations_n_db7c6aca] Repaired malformed JSON.
[04:50:16 +4m 13s | thequantuminsider_2023_10_31_foreign_policy_expert_u_s_must_lead_quantum_collaborations_n_db7c6aca] Extracting actors: https://thequantuminsider.com/2023/10/31/foreign-policy-expert-u-s-must-lead-quantum-collaborations-not-win-quantum-competitions (1/1), chunk 31/38
[04:50:22 +4m 19s | thequantuminsider_2023_10_31_foreign_policy_expert_u_s_must_lead_quantum_collaborations_n_db7c6aca] Repaired malformed JSON.
[04:50:22 +4m 19s | thequantuminsider_2023_10_31_foreign_policy_expert_u_s_must_lead_quantum_collaborations_n_db7c6aca] Extracting actors: https://thequantuminsider.com/2023/10/31/foreign-policy-expert-u-s-must-lead-quantum-collaborations-not-win-quantum-competitions (1/1), chunk 32/38
[04:50:28 +4m 25s | thequantuminsider_2023_10_31_foreign_policy_expert_u_s_must_lead_quantum_collaborations_n_db7c6aca] Repaired malformed JSON.
[04:50:28 +4m 25s | thequantuminsider_2023_10_31_foreign_policy_expert_u_s_must_lead_quantum_collaborations_n_db7c6aca] Extracting actors: https://thequantuminsider.com/2023/10/31/foreign-policy-expert-u-s-must-lead-quantum-collaborations-not-win-quantum-competitions (1/1), chunk 33/38
[04:50:34 +4m 32s | thequantuminsider_2023_10_31_foreign_policy_expert_u_s_must_lead_quantum_collaborations_n_db7c6aca] Extracting actors: https://thequantuminsider.com/2023/10/31/foreign-policy-expert-u-s-must-lead-quantum-collaborations-not-win-quantum-competitions (1/1), chunk 34/38
[04:50:39 +4m 39s | thequantuminsider_2023_10_31_foreign_policy_expert_u_s_must_lead_quantum_collaborations_n_db7c6aca] Repaired malformed JSON.
[04:50:39 +4m 39s | thequantuminsider_2023_10_31_foreign_policy_expert_u_s_must_lead_quantum_collaborations_n_db7c6aca] Extracting actors: https://thequantuminsider.com/2023/10/31/foreign-policy-expert-u-s-must-lead-quantum-collaborations-not-win-quantum-competitions (1/1), chunk 35/38
[04:50:45 +4m 45s | thequantuminsider_2023_10_31_foreign_policy_expert_u_s_must_lead_quantum_collaborations_n_db7c6aca] Extracting actors: https://thequantuminsider.com/2023/10/31/foreign-policy-expert-u-s-must-lead-quantum-collaborations-not-win-quantum-competitions (1/1), chunk 36/38
[04:51:08 +5m 10s | thequantuminsider_2023_10_31_foreign_policy_expert_u_s_must_lead_quantum_collaborations_n_db7c6aca] Repaired malformed JSON.
[04:51:08 +5m 10s | thequantuminsider_2023_10_31_foreign_policy_expert_u_s_must_lead_quantum_collaborations_n_db7c6aca] Extracting actors: https://thequantuminsider.com/2023/10/31/foreign-policy-expert-u-s-must-lead-quantum-collaborations-not-win-quantum-competitions (1/1), chunk 37/38
[04:51:16 +5m 17s | thequantuminsider_2023_10_31_foreign_policy_expert_u_s_must_lead_quantum_collaborations_n_db7c6aca] Repaired malformed JSON.
[04:51:16 +5m 17s | thequantuminsider_2023_10_31_foreign_policy_expert_u_s_must_lead_quantum_collaborations_n_db7c6aca] Extracting actors: https://thequantuminsider.com/2023/10/31/foreign-policy-expert-u-s-must-lead-quantum-collaborations-not-win-quantum-competitions (1/1), chunk 38/38
[04:51:20 +5m 22s | thequantuminsider_2023_10_31_foreign_policy_expert_u_s_must_lead_quantum_collaborations_n_db7c6aca] Saved 1_actor_results.json with 58 extracted records

[04:51:20 +5m 22s | thequantuminsider_2023_10_31_foreign_policy_expert_u_s_must_lead_quantum_collaborations_n_db7c6aca] === 2 clean actors ===
[04:51:21 +5m 22s | thequantuminsider_2023_10_31_foreign_policy_expert_u_s_must_lead_quantum_collaborations_n_db7c6aca] Loaded 58 extracted records
[04:51:21 +5m 22s | thequantuminsider_2023_10_31_foreign_policy_expert_u_s_must_lead_quantum_collaborations_n_db7c6aca] Saved 2_actor_nodes.json with 23 canonical actor nodes

[04:51:21 +5m 22s | thequantuminsider_2023_10_31_foreign_policy_expert_u_s_must_lead_quantum_collaborations_n_db7c6aca] === 3 interaction extraction ===
[04:51:21 +5m 22s | thequantuminsider_2023_10_31_foreign_policy_expert_u_s_must_lead_quantum_collaborations_n_db7c6aca] Extracting interactions: https://thequantuminsider.com/2023/10/31/foreign-policy-expert-u-s-must-lead-quantum-collaborations-not-win-quantum-competitions (1/1), chunk 11/38
[04:51:32 +5m 34s | thequantuminsider_2023_10_31_foreign_policy_expert_u_s_must_lead_quantum_collaborations_n_db7c6aca] Extracting interactions: https://thequantuminsider.com/2023/10/31/foreign-policy-expert-u-s-must-lead-quantum-collaborations-not-win-quantum-competitions (1/1), chunk 12/38
[04:51:55 +5m 59s | thequantuminsider_2023_10_31_foreign_policy_expert_u_s_must_lead_quantum_collaborations_n_db7c6aca] Extracting interactions: https://thequantuminsider.com/2023/10/31/foreign-policy-expert-u-s-must-lead-quantum-collaborations-not-win-quantum-competitions (1/1), chunk 13/38
[04:52:20 +6m 25s | thequantuminsider_2023_10_31_foreign_policy_expert_u_s_must_lead_quantum_collaborations_n_db7c6aca] Extracting interactions: https://thequantuminsider.com/2023/10/31/foreign-policy-expert-u-s-must-lead-quantum-collaborations-not-win-quantum-competitions (1/1), chunk 14/38
[04:52:55 +7m 2s | thequantuminsider_2023_10_31_foreign_policy_expert_u_s_must_lead_quantum_collaborations_n_db7c6aca] Extracting interactions: https://thequantuminsider.com/2023/10/31/foreign-policy-expert-u-s-must-lead-quantum-collaborations-not-win-quantum-competitions (1/1), chunk 15/38
[04:53:06 +7m 15s | thequantuminsider_2023_10_31_foreign_policy_expert_u_s_must_lead_quantum_collaborations_n_db7c6aca] Extracting interactions: https://thequantuminsider.com/2023/10/31/foreign-policy-expert-u-s-must-lead-quantum-collaborations-not-win-quantum-competitions (1/1), chunk 16/38
[04:53:14 +7m 23s | thequantuminsider_2023_10_31_foreign_policy_expert_u_s_must_lead_quantum_collaborations_n_db7c6aca] Extracting interactions: https://thequantuminsider.com/2023/10/31/foreign-policy-expert-u-s-must-lead-quantum-collaborations-not-win-quantum-competitions (1/1), chunk 17/38
[04:53:31 +7m 40s | thequantuminsider_2023_10_31_foreign_policy_expert_u_s_must_lead_quantum_collaborations_n_db7c6aca] Extracting interactions: https://thequantuminsider.com/2023/10/31/foreign-policy-expert-u-s-must-lead-quantum-collaborations-not-win-quantum-competitions (1/1), chunk 18/38
[04:53:40 +7m 51s | thequantuminsider_2023_10_31_foreign_policy_expert_u_s_must_lead_quantum_collaborations_n_db7c6aca] Extracting interactions: https://thequantuminsider.com/2023/10/31/foreign-policy-expert-u-s-must-lead-quantum-collaborations-not-win-quantum-competitions (1/1), chunk 20/38
[04:53:50 +8m 1s | thequantuminsider_2023_10_31_foreign_policy_expert_u_s_must_lead_quantum_collaborations_n_db7c6aca] Extracting interactions: https://thequantuminsider.com/2023/10/31/foreign-policy-expert-u-s-must-lead-quantum-collaborations-not-win-quantum-competitions (1/1), chunk 21/38
[04:53:52 +8m 3s | thequantuminsider_2023_10_31_foreign_policy_expert_u_s_must_lead_quantum_collaborations_n_db7c6aca] Extracting interactions: https://thequantuminsider.com/2023/10/31/foreign-policy-expert-u-s-must-lead-quantum-collaborations-not-win-quantum-competitions (1/1), chunk 22/38
[04:53:58 +8m 9s | thequantuminsider_2023_10_31_foreign_policy_expert_u_s_must_lead_quantum_collaborations_n_db7c6aca] Extracting interactions: https://thequantuminsider.com/2023/10/31/foreign-policy-expert-u-s-must-lead-quantum-collaborations-not-win-quantum-competitions (1/1), chunk 23/38
[04:54:04 +8m 15s | thequantuminsider_2023_10_31_foreign_policy_expert_u_s_must_lead_quantum_collaborations_n_db7c6aca] Extracting interactions: https://thequantuminsider.com/2023/10/31/foreign-policy-expert-u-s-must-lead-quantum-collaborations-not-win-quantum-competitions (1/1), chunk 24/38
[04:54:08 +8m 21s | thequantuminsider_2023_10_31_foreign_policy_expert_u_s_must_lead_quantum_collaborations_n_db7c6aca] Extracting interactions: https://thequantuminsider.com/2023/10/31/foreign-policy-expert-u-s-must-lead-quantum-collaborations-not-win-quantum-competitions (1/1), chunk 26/38
[04:54:14 +8m 27s | thequantuminsider_2023_10_31_foreign_policy_expert_u_s_must_lead_quantum_collaborations_n_db7c6aca] Extracting interactions: https://thequantuminsider.com/2023/10/31/foreign-policy-expert-u-s-must-lead-quantum-collaborations-not-win-quantum-competitions (1/1), chunk 27/38
[04:54:18 +8m 31s | thequantuminsider_2023_10_31_foreign_policy_expert_u_s_must_lead_quantum_collaborations_n_db7c6aca] Extracting interactions: https://thequantuminsider.com/2023/10/31/foreign-policy-expert-u-s-must-lead-quantum-collaborations-not-win-quantum-competitions (1/1), chunk 28/38
[04:54:25 +8m 38s | thequantuminsider_2023_10_31_foreign_policy_expert_u_s_must_lead_quantum_collaborations_n_db7c6aca] Extracting interactions: https://thequantuminsider.com/2023/10/31/foreign-policy-expert-u-s-must-lead-quantum-collaborations-not-win-quantum-competitions (1/1), chunk 29/38
[04:54:28 +8m 40s | thequantuminsider_2023_10_31_foreign_policy_expert_u_s_must_lead_quantum_collaborations_n_db7c6aca] Extracting interactions: https://thequantuminsider.com/2023/10/31/foreign-policy-expert-u-s-must-lead-quantum-collaborations-not-win-quantum-competitions (1/1), chunk 31/38
[04:54:29 +8m 42s | thequantuminsider_2023_10_31_foreign_policy_expert_u_s_must_lead_quantum_collaborations_n_db7c6aca] Extracting interactions: https://thequantuminsider.com/2023/10/31/foreign-policy-expert-u-s-must-lead-quantum-collaborations-not-win-quantum-competitions (1/1), chunk 32/38
[04:54:31 +8m 44s | thequantuminsider_2023_10_31_foreign_policy_expert_u_s_must_lead_quantum_collaborations_n_db7c6aca] Extracting interactions: https://thequantuminsider.com/2023/10/31/foreign-policy-expert-u-s-must-lead-quantum-collaborations-not-win-quantum-competitions (1/1), chunk 33/38
[04:54:32 +8m 45s | thequantuminsider_2023_10_31_foreign_policy_expert_u_s_must_lead_quantum_collaborations_n_db7c6aca] Extracting interactions: https://thequantuminsider.com/2023/10/31/foreign-policy-expert-u-s-must-lead-quantum-collaborations-not-win-quantum-competitions (1/1), chunk 34/38
[04:54:34 +8m 47s | thequantuminsider_2023_10_31_foreign_policy_expert_u_s_must_lead_quantum_collaborations_n_db7c6aca] Extracting interactions: https://thequantuminsider.com/2023/10/31/foreign-policy-expert-u-s-must-lead-quantum-collaborations-not-win-quantum-competitions (1/1), chunk 35/38
[04:54:35 +8m 50s | thequantuminsider_2023_10_31_foreign_policy_expert_u_s_must_lead_quantum_collaborations_n_db7c6aca] Extracting interactions: https://thequantuminsider.com/2023/10/31/foreign-policy-expert-u-s-must-lead-quantum-collaborations-not-win-quantum-competitions (1/1), chunk 36/38
[04:54:38 +8m 53s | thequantuminsider_2023_10_31_foreign_policy_expert_u_s_must_lead_quantum_collaborations_n_db7c6aca] Extracting interactions: https://thequantuminsider.com/2023/10/31/foreign-policy-expert-u-s-must-lead-quantum-collaborations-not-win-quantum-competitions (1/1), chunk 37/38
[04:54:40 +8m 55s | thequantuminsider_2023_10_31_foreign_policy_expert_u_s_must_lead_quantum_collaborations_n_db7c6aca] Extracting interactions: https://thequantuminsider.com/2023/10/31/foreign-policy-expert-u-s-must-lead-quantum-collaborations-not-win-quantum-competitions (1/1), chunk 38/38
[04:54:42 +8m 56s | thequantuminsider_2023_10_31_foreign_policy_expert_u_s_must_lead_quantum_collaborations_n_db7c6aca] Saved 3_interaction_results.json with 36 extracted interactions.

[04:54:42 +8m 56s | thequantuminsider_2023_10_31_foreign_policy_expert_u_s_must_lead_quantum_collaborations_n_db7c6aca] === 4 clean interactions ===
[04:54:42 +8m 57s | thequantuminsider_2023_10_31_foreign_policy_expert_u_s_must_lead_quantum_collaborations_n_db7c6aca] Saved 4_edges.json with 4 cleaned interactions.

[04:54:42 +8m 57s | thequantuminsider_2023_10_31_foreign_policy_expert_u_s_must_lead_quantum_collaborations_n_db7c6aca] === 5 helix enrichment ===
[04:54:42 +8m 57s | thequantuminsider_2023_10_31_foreign_policy_expert_u_s_must_lead_quantum_collaborations_n_db7c6aca] Wrote 5_nodes.json (23 actors)
[04:54:42 +8m 57s | thequantuminsider_2023_10_31_foreign_policy_expert_u_s_must_lead_quantum_collaborations_n_db7c6aca] Wrote 5_edges.json (4 interactions)
[04:54:42 +8m 57s | thequantuminsider_2023_10_31_foreign_policy_expert_u_s_must_lead_quantum_collaborations_n_db7c6aca] Actor helix counts: {'Academia': 4, 'Civil Society': 6, 'Industry': 4, 'Intermediary': 1, 'Unknown': 8}
[04:54:42 +8m 57s | thequantuminsider_2023_10_31_foreign_policy_expert_u_s_must_lead_quantum_collaborations_n_db7c6aca] Functional-space counts: {'Public': 2, 'Unknown': 2}

[04:54:42 +8m 57s | thequantuminsider_2023_10_31_foreign_policy_expert_u_s_must_lead_quantum_collaborations_n_db7c6aca] === 6 network visualisation ===
[04:54:42 +8m 57s | thequantuminsider_2023_10_31_foreign_policy_expert_u_s_must_lead_quantum_collaborations_n_db7c6aca] Wrote quantum_network.html
[04:54:42 +8m 57s | thequantuminsider_2023_10_31_foreign_policy_expert_u_s_must_lead_quantum_collaborations_n_db7c6aca] Nodes: 23
[04:54:42 +8m 57s | thequantuminsider_2023_10_31_foreign_policy_expert_u_s_must_lead_quantum_collaborations_n_db7c6aca] Edges: 3

[04:54:42 +8m 57s | thequantuminsider_2023_10_31_foreign_policy_expert_u_s_must_lead_quantum_collaborations_n_db7c6aca] Done. Outputs written to: /home/lv/IDP/idpdeeptech/pipeline/news_outputs/thequantuminsider_2023_10_31_foreign_policy_expert_u_s_must_lead_quantum_collaborations_n_db7c6aca
[04:54:42 +8m 57s | thequantuminsider_2023_10_31_foreign_policy_expert_u_s_must_lead_quantum_collaborations_n_db7c6aca] Log: /home/lv/IDP/idpdeeptech/pipeline/news_outputs/thequantuminsider_2023_10_31_foreign_policy_expert_u_s_must_lead_quantum_collaborations_n_db7c6aca/run.log

========================================================================
RUN FINISHED 2026-07-05 04:54:42  (OK)
Started:     2026-07-05 04:46:17
Elapsed:     8m 57s
========================================================================
