
========================================================================
RUN STARTED  2026-07-05 05:19:24
site_pipeline.py https://thequantuminsider.com/2023/10/26/psirch-unveils-new-partnership-with-the-university-of-marylands-mid-atlantic-quantum-alliance/
========================================================================

[05:19:24 +0s | thequantuminsider_2023_10_26_psirch_unveils_new_partnership_with_the_university_of_maryla_05ec20d7] === 0 crawl site ===
[05:19:26 +1s | thequantuminsider_2023_10_26_psirch_unveils_new_partnership_with_the_university_of_maryla_05ec20d7] [INIT].... → Crawl4AI 0.8.6 
[05:19:28 +4s | thequantuminsider_2023_10_26_psirch_unveils_new_partnership_with_the_university_of_maryla_05ec20d7] [FETCH]... ↓ https://thequantuminsider.com/2023/10/26/psirch-...sity-of-marylands-mid-atlantic-quantum-alliance/  | ✓ | ⏱: 2.55s 
[05:19:29 +4s | thequantuminsider_2023_10_26_psirch_unveils_new_partnership_with_the_university_of_maryla_05ec20d7] [SCRAPE].. ◆ https://thequantuminsider.com/2023/10/26/psirch-...sity-of-marylands-mid-atlantic-quantum-alliance/  | ✓ | ⏱: 0.21s 
[05:19:29 +4s | thequantuminsider_2023_10_26_psirch_unveils_new_partnership_with_the_university_of_maryla_05ec20d7] [COMPLETE] ● https://thequantuminsider.com/2023/10/26/psirch-...sity-of-marylands-mid-atlantic-quantum-alliance/  | ✓ | ⏱: 2.79s 
[05:19:29 +4s | thequantuminsider_2023_10_26_psirch_unveils_new_partnership_with_the_university_of_maryla_05ec20d7] Saved: crawl_output/54a88f66bd_thequantuminsider.com_2023_10_26_psirch-unveils-new-partnership-with-the-university-of-marylands-mid-atlantic-quantum-alliance.json

[05:19:29 +5s | thequantuminsider_2023_10_26_psirch_unveils_new_partnership_with_the_university_of_maryla_05ec20d7] === 1 actor extraction ===
[05:19:29 +5s | thequantuminsider_2023_10_26_psirch_unveils_new_partnership_with_the_university_of_maryla_05ec20d7] Reading page (1/1): https://thequantuminsider.com/2023/10/26/psirch-unveils-new-partnership-with-the-university-of-marylands-mid-atlantic-quantum-alliance
[05:19:29 +5s | thequantuminsider_2023_10_26_psirch_unveils_new_partnership_with_the_university_of_maryla_05ec20d7] Extracting actors: https://thequantuminsider.com/2023/10/26/psirch-unveils-new-partnership-with-the-university-of-marylands-mid-atlantic-quantum-alliance (1/1), chunk 1/36
[05:19:36 +12s | thequantuminsider_2023_10_26_psirch_unveils_new_partnership_with_the_university_of_maryla_05ec20d7] Repaired malformed JSON.
[05:19:36 +12s | thequantuminsider_2023_10_26_psirch_unveils_new_partnership_with_the_university_of_maryla_05ec20d7] Extracting actors: https://thequantuminsider.com/2023/10/26/psirch-unveils-new-partnership-with-the-university-of-marylands-mid-atlantic-quantum-alliance (1/1), chunk 2/36
[05:19:42 +18s | thequantuminsider_2023_10_26_psirch_unveils_new_partnership_with_the_university_of_maryla_05ec20d7] Repaired malformed JSON.
[05:19:42 +18s | thequantuminsider_2023_10_26_psirch_unveils_new_partnership_with_the_university_of_maryla_05ec20d7] Extracting actors: https://thequantuminsider.com/2023/10/26/psirch-unveils-new-partnership-with-the-university-of-marylands-mid-atlantic-quantum-alliance (1/1), chunk 3/36
[05:20:00 +37s | thequantuminsider_2023_10_26_psirch_unveils_new_partnership_with_the_university_of_maryla_05ec20d7] Repaired malformed JSON.
[05:20:00 +37s | thequantuminsider_2023_10_26_psirch_unveils_new_partnership_with_the_university_of_maryla_05ec20d7] Extracting actors: https://thequantuminsider.com/2023/10/26/psirch-unveils-new-partnership-with-the-university-of-marylands-mid-atlantic-quantum-alliance (1/1), chunk 4/36
[05:20:20 +58s | thequantuminsider_2023_10_26_psirch_unveils_new_partnership_with_the_university_of_maryla_05ec20d7] Repaired malformed JSON.
[05:20:20 +58s | thequantuminsider_2023_10_26_psirch_unveils_new_partnership_with_the_university_of_maryla_05ec20d7] Extracting actors: https://thequantuminsider.com/2023/10/26/psirch-unveils-new-partnership-with-the-university-of-marylands-mid-atlantic-quantum-alliance (1/1), chunk 5/36
[05:20:28 +1m 7s | thequantuminsider_2023_10_26_psirch_unveils_new_partnership_with_the_university_of_maryla_05ec20d7] Repaired malformed JSON.
[05:20:28 +1m 7s | thequantuminsider_2023_10_26_psirch_unveils_new_partnership_with_the_university_of_maryla_05ec20d7] Extracting actors: https://thequantuminsider.com/2023/10/26/psirch-unveils-new-partnership-with-the-university-of-marylands-mid-atlantic-quantum-alliance (1/1), chunk 6/36
[05:20:36 +1m 15s | thequantuminsider_2023_10_26_psirch_unveils_new_partnership_with_the_university_of_maryla_05ec20d7] Repaired malformed JSON.
[05:20:36 +1m 15s | thequantuminsider_2023_10_26_psirch_unveils_new_partnership_with_the_university_of_maryla_05ec20d7] Extracting actors: https://thequantuminsider.com/2023/10/26/psirch-unveils-new-partnership-with-the-university-of-marylands-mid-atlantic-quantum-alliance (1/1), chunk 7/36
[05:20:53 +1m 34s | thequantuminsider_2023_10_26_psirch_unveils_new_partnership_with_the_university_of_maryla_05ec20d7] Repaired malformed JSON.
[05:20:53 +1m 34s | thequantuminsider_2023_10_26_psirch_unveils_new_partnership_with_the_university_of_maryla_05ec20d7] Extracting actors: https://thequantuminsider.com/2023/10/26/psirch-unveils-new-partnership-with-the-university-of-marylands-mid-atlantic-quantum-alliance (1/1), chunk 8/36
[05:21:01 +1m 42s | thequantuminsider_2023_10_26_psirch_unveils_new_partnership_with_the_university_of_maryla_05ec20d7] Repaired malformed JSON.
[05:21:01 +1m 42s | thequantuminsider_2023_10_26_psirch_unveils_new_partnership_with_the_university_of_maryla_05ec20d7] Extracting actors: https://thequantuminsider.com/2023/10/26/psirch-unveils-new-partnership-with-the-university-of-marylands-mid-atlantic-quantum-alliance (1/1), chunk 9/36
[05:21:07 +1m 49s | thequantuminsider_2023_10_26_psirch_unveils_new_partnership_with_the_university_of_maryla_05ec20d7] Repaired malformed JSON.
[05:21:07 +1m 49s | thequantuminsider_2023_10_26_psirch_unveils_new_partnership_with_the_university_of_maryla_05ec20d7] Extracting actors: https://thequantuminsider.com/2023/10/26/psirch-unveils-new-partnership-with-the-university-of-marylands-mid-atlantic-quantum-alliance (1/1), chunk 10/36
[05:21:18 +2m 0s | thequantuminsider_2023_10_26_psirch_unveils_new_partnership_with_the_university_of_maryla_05ec20d7] Repaired malformed JSON.
[05:21:18 +2m 0s | thequantuminsider_2023_10_26_psirch_unveils_new_partnership_with_the_university_of_maryla_05ec20d7] Extracting actors: https://thequantuminsider.com/2023/10/26/psirch-unveils-new-partnership-with-the-university-of-marylands-mid-atlantic-quantum-alliance (1/1), chunk 11/36
[05:21:22 +2m 6s | thequantuminsider_2023_10_26_psirch_unveils_new_partnership_with_the_university_of_maryla_05ec20d7] Repaired malformed JSON.
[05:21:22 +2m 6s | thequantuminsider_2023_10_26_psirch_unveils_new_partnership_with_the_university_of_maryla_05ec20d7] Extracting actors: https://thequantuminsider.com/2023/10/26/psirch-unveils-new-partnership-with-the-university-of-marylands-mid-atlantic-quantum-alliance (1/1), chunk 12/36
[05:21:30 +2m 14s | thequantuminsider_2023_10_26_psirch_unveils_new_partnership_with_the_university_of_maryla_05ec20d7] Repaired malformed JSON.
[05:21:30 +2m 14s | thequantuminsider_2023_10_26_psirch_unveils_new_partnership_with_the_university_of_maryla_05ec20d7] Extracting actors: https://thequantuminsider.com/2023/10/26/psirch-unveils-new-partnership-with-the-university-of-marylands-mid-atlantic-quantum-alliance (1/1), chunk 13/36
[05:21:39 +2m 23s | thequantuminsider_2023_10_26_psirch_unveils_new_partnership_with_the_university_of_maryla_05ec20d7] Repaired malformed JSON.
[05:21:39 +2m 23s | thequantuminsider_2023_10_26_psirch_unveils_new_partnership_with_the_university_of_maryla_05ec20d7] Extracting actors: https://thequantuminsider.com/2023/10/26/psirch-unveils-new-partnership-with-the-university-of-marylands-mid-atlantic-quantum-alliance (1/1), chunk 14/36
[05:21:46 +2m 29s | thequantuminsider_2023_10_26_psirch_unveils_new_partnership_with_the_university_of_maryla_05ec20d7] Repaired malformed JSON.
[05:21:46 +2m 29s | thequantuminsider_2023_10_26_psirch_unveils_new_partnership_with_the_university_of_maryla_05ec20d7] Extracting actors: https://thequantuminsider.com/2023/10/26/psirch-unveils-new-partnership-with-the-university-of-marylands-mid-atlantic-quantum-alliance (1/1), chunk 15/36
[05:21:52 +2m 36s | thequantuminsider_2023_10_26_psirch_unveils_new_partnership_with_the_university_of_maryla_05ec20d7] Repaired malformed JSON.
[05:21:52 +2m 36s | thequantuminsider_2023_10_26_psirch_unveils_new_partnership_with_the_university_of_maryla_05ec20d7] Extracting actors: https://thequantuminsider.com/2023/10/26/psirch-unveils-new-partnership-with-the-university-of-marylands-mid-atlantic-quantum-alliance (1/1), chunk 16/36
[05:21:59 +2m 44s | thequantuminsider_2023_10_26_psirch_unveils_new_partnership_with_the_university_of_maryla_05ec20d7] Repaired malformed JSON.
[05:21:59 +2m 44s | thequantuminsider_2023_10_26_psirch_unveils_new_partnership_with_the_university_of_maryla_05ec20d7] Extracting actors: https://thequantuminsider.com/2023/10/26/psirch-unveils-new-partnership-with-the-university-of-marylands-mid-atlantic-quantum-alliance (1/1), chunk 17/36
[05:22:06 +2m 51s | thequantuminsider_2023_10_26_psirch_unveils_new_partnership_with_the_university_of_maryla_05ec20d7] Repaired malformed JSON.
[05:22:06 +2m 51s | thequantuminsider_2023_10_26_psirch_unveils_new_partnership_with_the_university_of_maryla_05ec20d7] Extracting actors: https://thequantuminsider.com/2023/10/26/psirch-unveils-new-partnership-with-the-university-of-marylands-mid-atlantic-quantum-alliance (1/1), chunk 18/36
[05:22:13 +2m 59s | thequantuminsider_2023_10_26_psirch_unveils_new_partnership_with_the_university_of_maryla_05ec20d7] Repaired malformed JSON.
[05:22:13 +2m 59s | thequantuminsider_2023_10_26_psirch_unveils_new_partnership_with_the_university_of_maryla_05ec20d7] Extracting actors: https://thequantuminsider.com/2023/10/26/psirch-unveils-new-partnership-with-the-university-of-marylands-mid-atlantic-quantum-alliance (1/1), chunk 19/36
[05:22:20 +3m 6s | thequantuminsider_2023_10_26_psirch_unveils_new_partnership_with_the_university_of_maryla_05ec20d7] Repaired malformed JSON.
[05:22:20 +3m 6s | thequantuminsider_2023_10_26_psirch_unveils_new_partnership_with_the_university_of_maryla_05ec20d7] Extracting actors: https://thequantuminsider.com/2023/10/26/psirch-unveils-new-partnership-with-the-university-of-marylands-mid-atlantic-quantum-alliance (1/1), chunk 20/36
[05:22:26 +3m 13s | thequantuminsider_2023_10_26_psirch_unveils_new_partnership_with_the_university_of_maryla_05ec20d7] Repaired malformed JSON.
[05:22:26 +3m 13s | thequantuminsider_2023_10_26_psirch_unveils_new_partnership_with_the_university_of_maryla_05ec20d7] Extracting actors: https://thequantuminsider.com/2023/10/26/psirch-unveils-new-partnership-with-the-university-of-marylands-mid-atlantic-quantum-alliance (1/1), chunk 21/36
[05:22:32 +3m 20s | thequantuminsider_2023_10_26_psirch_unveils_new_partnership_with_the_university_of_maryla_05ec20d7] Repaired malformed JSON.
[05:22:32 +3m 20s | thequantuminsider_2023_10_26_psirch_unveils_new_partnership_with_the_university_of_maryla_05ec20d7] Extracting actors: https://thequantuminsider.com/2023/10/26/psirch-unveils-new-partnership-with-the-university-of-marylands-mid-atlantic-quantum-alliance (1/1), chunk 22/36
[05:23:06 +3m 55s | thequantuminsider_2023_10_26_psirch_unveils_new_partnership_with_the_university_of_maryla_05ec20d7] Repaired malformed JSON.
[05:23:06 +3m 55s | thequantuminsider_2023_10_26_psirch_unveils_new_partnership_with_the_university_of_maryla_05ec20d7] Extracting actors: https://thequantuminsider.com/2023/10/26/psirch-unveils-new-partnership-with-the-university-of-marylands-mid-atlantic-quantum-alliance (1/1), chunk 23/36
[05:23:16 +4m 5s | thequantuminsider_2023_10_26_psirch_unveils_new_partnership_with_the_university_of_maryla_05ec20d7] Repaired malformed JSON.
[05:23:16 +4m 5s | thequantuminsider_2023_10_26_psirch_unveils_new_partnership_with_the_university_of_maryla_05ec20d7] Extracting actors: https://thequantuminsider.com/2023/10/26/psirch-unveils-new-partnership-with-the-university-of-marylands-mid-atlantic-quantum-alliance (1/1), chunk 24/36
[05:23:24 +4m 14s | thequantuminsider_2023_10_26_psirch_unveils_new_partnership_with_the_university_of_maryla_05ec20d7] Repaired malformed JSON.
[05:23:24 +4m 14s | thequantuminsider_2023_10_26_psirch_unveils_new_partnership_with_the_university_of_maryla_05ec20d7] Extracting actors: https://thequantuminsider.com/2023/10/26/psirch-unveils-new-partnership-with-the-university-of-marylands-mid-atlantic-quantum-alliance (1/1), chunk 25/36
[05:23:28 +4m 20s | thequantuminsider_2023_10_26_psirch_unveils_new_partnership_with_the_university_of_maryla_05ec20d7] Repaired malformed JSON.
[05:23:28 +4m 20s | thequantuminsider_2023_10_26_psirch_unveils_new_partnership_with_the_university_of_maryla_05ec20d7] Extracting actors: https://thequantuminsider.com/2023/10/26/psirch-unveils-new-partnership-with-the-university-of-marylands-mid-atlantic-quantum-alliance (1/1), chunk 26/36
[05:23:34 +4m 26s | thequantuminsider_2023_10_26_psirch_unveils_new_partnership_with_the_university_of_maryla_05ec20d7] Repaired malformed JSON.
[05:23:34 +4m 26s | thequantuminsider_2023_10_26_psirch_unveils_new_partnership_with_the_university_of_maryla_05ec20d7] Extracting actors: https://thequantuminsider.com/2023/10/26/psirch-unveils-new-partnership-with-the-university-of-marylands-mid-atlantic-quantum-alliance (1/1), chunk 27/36
[05:23:41 +4m 33s | thequantuminsider_2023_10_26_psirch_unveils_new_partnership_with_the_university_of_maryla_05ec20d7] Repaired malformed JSON.
[05:23:41 +4m 33s | thequantuminsider_2023_10_26_psirch_unveils_new_partnership_with_the_university_of_maryla_05ec20d7] Extracting actors: https://thequantuminsider.com/2023/10/26/psirch-unveils-new-partnership-with-the-university-of-marylands-mid-atlantic-quantum-alliance (1/1), chunk 28/36
[05:24:08 +5m 1s | thequantuminsider_2023_10_26_psirch_unveils_new_partnership_with_the_university_of_maryla_05ec20d7] Repaired malformed JSON.
[05:24:08 +5m 1s | thequantuminsider_2023_10_26_psirch_unveils_new_partnership_with_the_university_of_maryla_05ec20d7] Extracting actors: https://thequantuminsider.com/2023/10/26/psirch-unveils-new-partnership-with-the-university-of-marylands-mid-atlantic-quantum-alliance (1/1), chunk 29/36
[05:24:15 +5m 8s | thequantuminsider_2023_10_26_psirch_unveils_new_partnership_with_the_university_of_maryla_05ec20d7] Repaired malformed JSON.
[05:24:15 +5m 8s | thequantuminsider_2023_10_26_psirch_unveils_new_partnership_with_the_university_of_maryla_05ec20d7] Extracting actors: https://thequantuminsider.com/2023/10/26/psirch-unveils-new-partnership-with-the-university-of-marylands-mid-atlantic-quantum-alliance (1/1), chunk 30/36
[05:24:22 +5m 15s | thequantuminsider_2023_10_26_psirch_unveils_new_partnership_with_the_university_of_maryla_05ec20d7] Repaired malformed JSON.
[05:24:22 +5m 15s | thequantuminsider_2023_10_26_psirch_unveils_new_partnership_with_the_university_of_maryla_05ec20d7] Extracting actors: https://thequantuminsider.com/2023/10/26/psirch-unveils-new-partnership-with-the-university-of-marylands-mid-atlantic-quantum-alliance (1/1), chunk 31/36
[05:24:29 +5m 24s | thequantuminsider_2023_10_26_psirch_unveils_new_partnership_with_the_university_of_maryla_05ec20d7] Repaired malformed JSON.
[05:24:29 +5m 24s | thequantuminsider_2023_10_26_psirch_unveils_new_partnership_with_the_university_of_maryla_05ec20d7] Extracting actors: https://thequantuminsider.com/2023/10/26/psirch-unveils-new-partnership-with-the-university-of-marylands-mid-atlantic-quantum-alliance (1/1), chunk 32/36
[05:24:38 +5m 33s | thequantuminsider_2023_10_26_psirch_unveils_new_partnership_with_the_university_of_maryla_05ec20d7] Repaired malformed JSON.
[05:24:38 +5m 33s | thequantuminsider_2023_10_26_psirch_unveils_new_partnership_with_the_university_of_maryla_05ec20d7] Extracting actors: https://thequantuminsider.com/2023/10/26/psirch-unveils-new-partnership-with-the-university-of-marylands-mid-atlantic-quantum-alliance (1/1), chunk 33/36
[05:24:45 +5m 41s | thequantuminsider_2023_10_26_psirch_unveils_new_partnership_with_the_university_of_maryla_05ec20d7] Repaired malformed JSON.
[05:24:45 +5m 41s | thequantuminsider_2023_10_26_psirch_unveils_new_partnership_with_the_university_of_maryla_05ec20d7] Extracting actors: https://thequantuminsider.com/2023/10/26/psirch-unveils-new-partnership-with-the-university-of-marylands-mid-atlantic-quantum-alliance (1/1), chunk 34/36
[05:24:52 +5m 47s | thequantuminsider_2023_10_26_psirch_unveils_new_partnership_with_the_university_of_maryla_05ec20d7] Repaired malformed JSON.
[05:24:52 +5m 47s | thequantuminsider_2023_10_26_psirch_unveils_new_partnership_with_the_university_of_maryla_05ec20d7] Extracting actors: https://thequantuminsider.com/2023/10/26/psirch-unveils-new-partnership-with-the-university-of-marylands-mid-atlantic-quantum-alliance (1/1), chunk 35/36
[05:24:56 +5m 53s | thequantuminsider_2023_10_26_psirch_unveils_new_partnership_with_the_university_of_maryla_05ec20d7] Repaired malformed JSON.
[05:24:56 +5m 53s | thequantuminsider_2023_10_26_psirch_unveils_new_partnership_with_the_university_of_maryla_05ec20d7] Extracting actors: https://thequantuminsider.com/2023/10/26/psirch-unveils-new-partnership-with-the-university-of-marylands-mid-atlantic-quantum-alliance (1/1), chunk 36/36
[05:25:03 +6m 1s | thequantuminsider_2023_10_26_psirch_unveils_new_partnership_with_the_university_of_maryla_05ec20d7] Repaired malformed JSON.
[05:25:03 +6m 1s | thequantuminsider_2023_10_26_psirch_unveils_new_partnership_with_the_university_of_maryla_05ec20d7] Saved 1_actor_results.json with 71 extracted records

[05:25:03 +6m 1s | thequantuminsider_2023_10_26_psirch_unveils_new_partnership_with_the_university_of_maryla_05ec20d7] === 2 clean actors ===
[05:25:03 +6m 1s | thequantuminsider_2023_10_26_psirch_unveils_new_partnership_with_the_university_of_maryla_05ec20d7] Loaded 71 extracted records
[05:25:03 +6m 1s | thequantuminsider_2023_10_26_psirch_unveils_new_partnership_with_the_university_of_maryla_05ec20d7] Saved 2_actor_nodes.json with 10 canonical actor nodes

[05:25:03 +6m 1s | thequantuminsider_2023_10_26_psirch_unveils_new_partnership_with_the_university_of_maryla_05ec20d7] === 3 interaction extraction ===
[05:25:04 +6m 1s | thequantuminsider_2023_10_26_psirch_unveils_new_partnership_with_the_university_of_maryla_05ec20d7] Extracting interactions: https://thequantuminsider.com/2023/10/26/psirch-unveils-new-partnership-with-the-university-of-marylands-mid-atlantic-quantum-alliance (1/1), chunk 11/36
[05:25:14 +6m 11s | thequantuminsider_2023_10_26_psirch_unveils_new_partnership_with_the_university_of_maryla_05ec20d7] Extracting interactions: https://thequantuminsider.com/2023/10/26/psirch-unveils-new-partnership-with-the-university-of-marylands-mid-atlantic-quantum-alliance (1/1), chunk 12/36
[05:25:26 +6m 23s | thequantuminsider_2023_10_26_psirch_unveils_new_partnership_with_the_university_of_maryla_05ec20d7] Extracting interactions: https://thequantuminsider.com/2023/10/26/psirch-unveils-new-partnership-with-the-university-of-marylands-mid-atlantic-quantum-alliance (1/1), chunk 13/36
[05:25:36 +6m 35s | thequantuminsider_2023_10_26_psirch_unveils_new_partnership_with_the_university_of_maryla_05ec20d7] Extracting interactions: https://thequantuminsider.com/2023/10/26/psirch-unveils-new-partnership-with-the-university-of-marylands-mid-atlantic-quantum-alliance (1/1), chunk 14/36
[05:25:57 +6m 58s | thequantuminsider_2023_10_26_psirch_unveils_new_partnership_with_the_university_of_maryla_05ec20d7] Extracting interactions: https://thequantuminsider.com/2023/10/26/psirch-unveils-new-partnership-with-the-university-of-marylands-mid-atlantic-quantum-alliance (1/1), chunk 15/36
[05:26:25 +7m 26s | thequantuminsider_2023_10_26_psirch_unveils_new_partnership_with_the_university_of_maryla_05ec20d7] Extracting interactions: https://thequantuminsider.com/2023/10/26/psirch-unveils-new-partnership-with-the-university-of-marylands-mid-atlantic-quantum-alliance (1/1), chunk 16/36
[05:26:32 +7m 36s | thequantuminsider_2023_10_26_psirch_unveils_new_partnership_with_the_university_of_maryla_05ec20d7] Extracting interactions: https://thequantuminsider.com/2023/10/26/psirch-unveils-new-partnership-with-the-university-of-marylands-mid-atlantic-quantum-alliance (1/1), chunk 17/36
[05:26:34 +7m 37s | thequantuminsider_2023_10_26_psirch_unveils_new_partnership_with_the_university_of_maryla_05ec20d7] Extracting interactions: https://thequantuminsider.com/2023/10/26/psirch-unveils-new-partnership-with-the-university-of-marylands-mid-atlantic-quantum-alliance (1/1), chunk 19/36
[05:26:50 +7m 54s | thequantuminsider_2023_10_26_psirch_unveils_new_partnership_with_the_university_of_maryla_05ec20d7] Extracting interactions: https://thequantuminsider.com/2023/10/26/psirch-unveils-new-partnership-with-the-university-of-marylands-mid-atlantic-quantum-alliance (1/1), chunk 20/36
[05:26:55 +7m 58s | thequantuminsider_2023_10_26_psirch_unveils_new_partnership_with_the_university_of_maryla_05ec20d7] Extracting interactions: https://thequantuminsider.com/2023/10/26/psirch-unveils-new-partnership-with-the-university-of-marylands-mid-atlantic-quantum-alliance (1/1), chunk 25/36
[05:26:57 +8m 2s | thequantuminsider_2023_10_26_psirch_unveils_new_partnership_with_the_university_of_maryla_05ec20d7] Saved 3_interaction_results.json with 20 extracted interactions.

[05:26:57 +8m 2s | thequantuminsider_2023_10_26_psirch_unveils_new_partnership_with_the_university_of_maryla_05ec20d7] === 4 clean interactions ===
[05:26:57 +8m 2s | thequantuminsider_2023_10_26_psirch_unveils_new_partnership_with_the_university_of_maryla_05ec20d7] Saved 4_edges.json with 18 cleaned interactions.

[05:26:57 +8m 2s | thequantuminsider_2023_10_26_psirch_unveils_new_partnership_with_the_university_of_maryla_05ec20d7] === 5 helix enrichment ===
[05:26:57 +8m 2s | thequantuminsider_2023_10_26_psirch_unveils_new_partnership_with_the_university_of_maryla_05ec20d7] Wrote 5_nodes.json (10 actors)
[05:26:57 +8m 2s | thequantuminsider_2023_10_26_psirch_unveils_new_partnership_with_the_university_of_maryla_05ec20d7] Wrote 5_edges.json (18 interactions)
[05:26:57 +8m 2s | thequantuminsider_2023_10_26_psirch_unveils_new_partnership_with_the_university_of_maryla_05ec20d7] Actor helix counts: {'Academia': 3, 'Civil Society': 3, 'Industry': 1, 'Unknown': 3}
[05:26:57 +8m 2s | thequantuminsider_2023_10_26_psirch_unveils_new_partnership_with_the_university_of_maryla_05ec20d7] Functional-space counts: {'Innovation': 11, 'Intra-helix / Not classified': 7}

[05:26:57 +8m 2s | thequantuminsider_2023_10_26_psirch_unveils_new_partnership_with_the_university_of_maryla_05ec20d7] === 6 network visualisation ===
[05:26:57 +8m 3s | thequantuminsider_2023_10_26_psirch_unveils_new_partnership_with_the_university_of_maryla_05ec20d7] Wrote quantum_network.html
[05:26:57 +8m 3s | thequantuminsider_2023_10_26_psirch_unveils_new_partnership_with_the_university_of_maryla_05ec20d7] Nodes: 10
[05:26:57 +8m 3s | thequantuminsider_2023_10_26_psirch_unveils_new_partnership_with_the_university_of_maryla_05ec20d7] Edges: 7

[05:26:57 +8m 3s | thequantuminsider_2023_10_26_psirch_unveils_new_partnership_with_the_university_of_maryla_05ec20d7] Done. Outputs written to: /home/lv/IDP/idpdeeptech/pipeline/news_outputs/thequantuminsider_2023_10_26_psirch_unveils_new_partnership_with_the_university_of_maryla_05ec20d7
[05:26:57 +8m 3s | thequantuminsider_2023_10_26_psirch_unveils_new_partnership_with_the_university_of_maryla_05ec20d7] Log: /home/lv/IDP/idpdeeptech/pipeline/news_outputs/thequantuminsider_2023_10_26_psirch_unveils_new_partnership_with_the_university_of_maryla_05ec20d7/run.log

========================================================================
RUN FINISHED 2026-07-05 05:26:57  (OK)
Started:     2026-07-05 05:19:24
Elapsed:     8m 3s
========================================================================
