
========================================================================
RUN STARTED  2026-07-05 01:27:42
site_pipeline.py https://thequantuminsider.com/2023/12/06/harvard-quera-mit-and-the-nist-university-of-maryland-usher-in-new-era-of-quantum-computing-by-performing-complex-error-corrected-quantum-algorithms-on-48-logical-qubits/
========================================================================

[01:27:42 +0s | thequantuminsider_2023_12_06_harvard_quera_mit_and_the_nist_university_of_maryland_usher_421b250d] === 0 crawl site ===
[01:27:44 +1s | thequantuminsider_2023_12_06_harvard_quera_mit_and_the_nist_university_of_maryland_usher_421b250d] [INIT].... → Crawl4AI 0.8.6 
[01:27:46 +4s | thequantuminsider_2023_12_06_harvard_quera_mit_and_the_nist_university_of_maryland_usher_421b250d] [FETCH]... ↓ https://thequantuminsider.com/2023/12/06/harvard...rrected-quantum-algorithms-on-48-logical-qubits/  | ✓ | ⏱: 2.55s 
[01:27:46 +4s | thequantuminsider_2023_12_06_harvard_quera_mit_and_the_nist_university_of_maryland_usher_421b250d] [SCRAPE].. ◆ https://thequantuminsider.com/2023/12/06/harvard...rrected-quantum-algorithms-on-48-logical-qubits/  | ✓ | ⏱: 0.11s 
[01:27:46 +4s | thequantuminsider_2023_12_06_harvard_quera_mit_and_the_nist_university_of_maryland_usher_421b250d] [COMPLETE] ● https://thequantuminsider.com/2023/12/06/harvard...rrected-quantum-algorithms-on-48-logical-qubits/  | ✓ | ⏱: 2.68s 
[01:27:46 +4s | thequantuminsider_2023_12_06_harvard_quera_mit_and_the_nist_university_of_maryland_usher_421b250d] Saved: crawl_output/47fcdcf3f9_thequantuminsider.com_2023_12_06_harvard-quera-mit-and-the-nist-university-of-maryland-usher-in-new-era-of-quantum-computing-by-performing-complex-error-corrected-quantum-algorithms-on-48-logical-qubits.json

[01:27:47 +4s | thequantuminsider_2023_12_06_harvard_quera_mit_and_the_nist_university_of_maryland_usher_421b250d] === 1 actor extraction ===
[01:27:47 +5s | thequantuminsider_2023_12_06_harvard_quera_mit_and_the_nist_university_of_maryland_usher_421b250d] Reading page (1/1): https://thequantuminsider.com/2023/12/06/harvard-quera-mit-and-the-nist-university-of-maryland-usher-in-new-era-of-quantum-computing-by-performing-complex-error-corrected-quantum-algorithms-on-48-logical-qubits
[01:27:47 +5s | thequantuminsider_2023_12_06_harvard_quera_mit_and_the_nist_university_of_maryland_usher_421b250d] Extracting actors: https://thequantuminsider.com/2023/12/06/harvard-quera-mit-and-the-nist-university-of-maryland-usher-in-new-era-of-quantum-computing-by-performing-complex-error-corrected-quantum-algorithms-on-48-logical-qubits (1/1), chunk 1/39
[01:27:56 +13s | thequantuminsider_2023_12_06_harvard_quera_mit_and_the_nist_university_of_maryland_usher_421b250d] Repaired malformed JSON.
[01:27:56 +13s | thequantuminsider_2023_12_06_harvard_quera_mit_and_the_nist_university_of_maryland_usher_421b250d] Extracting actors: https://thequantuminsider.com/2023/12/06/harvard-quera-mit-and-the-nist-university-of-maryland-usher-in-new-era-of-quantum-computing-by-performing-complex-error-corrected-quantum-algorithms-on-48-logical-qubits (1/1), chunk 2/39
[01:28:08 +27s | thequantuminsider_2023_12_06_harvard_quera_mit_and_the_nist_university_of_maryland_usher_421b250d] Repaired malformed JSON.
[01:28:08 +27s | thequantuminsider_2023_12_06_harvard_quera_mit_and_the_nist_university_of_maryland_usher_421b250d] Extracting actors: https://thequantuminsider.com/2023/12/06/harvard-quera-mit-and-the-nist-university-of-maryland-usher-in-new-era-of-quantum-computing-by-performing-complex-error-corrected-quantum-algorithms-on-48-logical-qubits (1/1), chunk 3/39
[01:28:19 +37s | thequantuminsider_2023_12_06_harvard_quera_mit_and_the_nist_university_of_maryland_usher_421b250d] Repaired malformed JSON.
[01:28:19 +37s | thequantuminsider_2023_12_06_harvard_quera_mit_and_the_nist_university_of_maryland_usher_421b250d] Extracting actors: https://thequantuminsider.com/2023/12/06/harvard-quera-mit-and-the-nist-university-of-maryland-usher-in-new-era-of-quantum-computing-by-performing-complex-error-corrected-quantum-algorithms-on-48-logical-qubits (1/1), chunk 4/39
[01:28:27 +46s | thequantuminsider_2023_12_06_harvard_quera_mit_and_the_nist_university_of_maryland_usher_421b250d] Repaired malformed JSON.
[01:28:27 +46s | thequantuminsider_2023_12_06_harvard_quera_mit_and_the_nist_university_of_maryland_usher_421b250d] Extracting actors: https://thequantuminsider.com/2023/12/06/harvard-quera-mit-and-the-nist-university-of-maryland-usher-in-new-era-of-quantum-computing-by-performing-complex-error-corrected-quantum-algorithms-on-48-logical-qubits (1/1), chunk 5/39
[01:28:36 +56s | thequantuminsider_2023_12_06_harvard_quera_mit_and_the_nist_university_of_maryland_usher_421b250d] Repaired malformed JSON.
[01:28:36 +56s | thequantuminsider_2023_12_06_harvard_quera_mit_and_the_nist_university_of_maryland_usher_421b250d] Extracting actors: https://thequantuminsider.com/2023/12/06/harvard-quera-mit-and-the-nist-university-of-maryland-usher-in-new-era-of-quantum-computing-by-performing-complex-error-corrected-quantum-algorithms-on-48-logical-qubits (1/1), chunk 6/39
[01:28:44 +1m 3s | thequantuminsider_2023_12_06_harvard_quera_mit_and_the_nist_university_of_maryland_usher_421b250d] Repaired malformed JSON.
[01:28:44 +1m 3s | thequantuminsider_2023_12_06_harvard_quera_mit_and_the_nist_university_of_maryland_usher_421b250d] Extracting actors: https://thequantuminsider.com/2023/12/06/harvard-quera-mit-and-the-nist-university-of-maryland-usher-in-new-era-of-quantum-computing-by-performing-complex-error-corrected-quantum-algorithms-on-48-logical-qubits (1/1), chunk 7/39
[01:29:07 +1m 28s | thequantuminsider_2023_12_06_harvard_quera_mit_and_the_nist_university_of_maryland_usher_421b250d] Repaired malformed JSON.
[01:29:07 +1m 28s | thequantuminsider_2023_12_06_harvard_quera_mit_and_the_nist_university_of_maryland_usher_421b250d] Extracting actors: https://thequantuminsider.com/2023/12/06/harvard-quera-mit-and-the-nist-university-of-maryland-usher-in-new-era-of-quantum-computing-by-performing-complex-error-corrected-quantum-algorithms-on-48-logical-qubits (1/1), chunk 8/39
[01:29:18 +1m 38s | thequantuminsider_2023_12_06_harvard_quera_mit_and_the_nist_university_of_maryland_usher_421b250d] Repaired malformed JSON.
[01:29:18 +1m 38s | thequantuminsider_2023_12_06_harvard_quera_mit_and_the_nist_university_of_maryland_usher_421b250d] Extracting actors: https://thequantuminsider.com/2023/12/06/harvard-quera-mit-and-the-nist-university-of-maryland-usher-in-new-era-of-quantum-computing-by-performing-complex-error-corrected-quantum-algorithms-on-48-logical-qubits (1/1), chunk 9/39
[01:29:43 +2m 5s | thequantuminsider_2023_12_06_harvard_quera_mit_and_the_nist_university_of_maryland_usher_421b250d] Repaired malformed JSON.
[01:29:43 +2m 5s | thequantuminsider_2023_12_06_harvard_quera_mit_and_the_nist_university_of_maryland_usher_421b250d] Extracting actors: https://thequantuminsider.com/2023/12/06/harvard-quera-mit-and-the-nist-university-of-maryland-usher-in-new-era-of-quantum-computing-by-performing-complex-error-corrected-quantum-algorithms-on-48-logical-qubits (1/1), chunk 10/39
[01:29:54 +2m 16s | thequantuminsider_2023_12_06_harvard_quera_mit_and_the_nist_university_of_maryland_usher_421b250d] Repaired malformed JSON.
[01:29:54 +2m 16s | thequantuminsider_2023_12_06_harvard_quera_mit_and_the_nist_university_of_maryland_usher_421b250d] Extracting actors: https://thequantuminsider.com/2023/12/06/harvard-quera-mit-and-the-nist-university-of-maryland-usher-in-new-era-of-quantum-computing-by-performing-complex-error-corrected-quantum-algorithms-on-48-logical-qubits (1/1), chunk 11/39
[01:30:03 +2m 25s | thequantuminsider_2023_12_06_harvard_quera_mit_and_the_nist_university_of_maryland_usher_421b250d] Repaired malformed JSON.
[01:30:03 +2m 25s | thequantuminsider_2023_12_06_harvard_quera_mit_and_the_nist_university_of_maryland_usher_421b250d] Extracting actors: https://thequantuminsider.com/2023/12/06/harvard-quera-mit-and-the-nist-university-of-maryland-usher-in-new-era-of-quantum-computing-by-performing-complex-error-corrected-quantum-algorithms-on-48-logical-qubits (1/1), chunk 12/39
[01:30:10 +2m 33s | thequantuminsider_2023_12_06_harvard_quera_mit_and_the_nist_university_of_maryland_usher_421b250d] Repaired malformed JSON.
[01:30:10 +2m 33s | thequantuminsider_2023_12_06_harvard_quera_mit_and_the_nist_university_of_maryland_usher_421b250d] Extracting actors: https://thequantuminsider.com/2023/12/06/harvard-quera-mit-and-the-nist-university-of-maryland-usher-in-new-era-of-quantum-computing-by-performing-complex-error-corrected-quantum-algorithms-on-48-logical-qubits (1/1), chunk 13/39
[01:30:18 +2m 41s | thequantuminsider_2023_12_06_harvard_quera_mit_and_the_nist_university_of_maryland_usher_421b250d] Repaired malformed JSON.
[01:30:18 +2m 41s | thequantuminsider_2023_12_06_harvard_quera_mit_and_the_nist_university_of_maryland_usher_421b250d] Extracting actors: https://thequantuminsider.com/2023/12/06/harvard-quera-mit-and-the-nist-university-of-maryland-usher-in-new-era-of-quantum-computing-by-performing-complex-error-corrected-quantum-algorithms-on-48-logical-qubits (1/1), chunk 14/39
[01:30:25 +2m 48s | thequantuminsider_2023_12_06_harvard_quera_mit_and_the_nist_university_of_maryland_usher_421b250d] Repaired malformed JSON.
[01:30:25 +2m 48s | thequantuminsider_2023_12_06_harvard_quera_mit_and_the_nist_university_of_maryland_usher_421b250d] Extracting actors: https://thequantuminsider.com/2023/12/06/harvard-quera-mit-and-the-nist-university-of-maryland-usher-in-new-era-of-quantum-computing-by-performing-complex-error-corrected-quantum-algorithms-on-48-logical-qubits (1/1), chunk 15/39
[01:30:33 +2m 56s | thequantuminsider_2023_12_06_harvard_quera_mit_and_the_nist_university_of_maryland_usher_421b250d] Repaired malformed JSON.
[01:30:33 +2m 56s | thequantuminsider_2023_12_06_harvard_quera_mit_and_the_nist_university_of_maryland_usher_421b250d] Extracting actors: https://thequantuminsider.com/2023/12/06/harvard-quera-mit-and-the-nist-university-of-maryland-usher-in-new-era-of-quantum-computing-by-performing-complex-error-corrected-quantum-algorithms-on-48-logical-qubits (1/1), chunk 16/39
[01:30:39 +3m 3s | thequantuminsider_2023_12_06_harvard_quera_mit_and_the_nist_university_of_maryland_usher_421b250d] Repaired malformed JSON.
[01:30:39 +3m 3s | thequantuminsider_2023_12_06_harvard_quera_mit_and_the_nist_university_of_maryland_usher_421b250d] Extracting actors: https://thequantuminsider.com/2023/12/06/harvard-quera-mit-and-the-nist-university-of-maryland-usher-in-new-era-of-quantum-computing-by-performing-complex-error-corrected-quantum-algorithms-on-48-logical-qubits (1/1), chunk 17/39
[01:30:47 +3m 11s | thequantuminsider_2023_12_06_harvard_quera_mit_and_the_nist_university_of_maryland_usher_421b250d] Repaired malformed JSON.
[01:30:47 +3m 11s | thequantuminsider_2023_12_06_harvard_quera_mit_and_the_nist_university_of_maryland_usher_421b250d] Extracting actors: https://thequantuminsider.com/2023/12/06/harvard-quera-mit-and-the-nist-university-of-maryland-usher-in-new-era-of-quantum-computing-by-performing-complex-error-corrected-quantum-algorithms-on-48-logical-qubits (1/1), chunk 18/39
[01:30:57 +3m 21s | thequantuminsider_2023_12_06_harvard_quera_mit_and_the_nist_university_of_maryland_usher_421b250d] Repaired malformed JSON.
[01:30:57 +3m 21s | thequantuminsider_2023_12_06_harvard_quera_mit_and_the_nist_university_of_maryland_usher_421b250d] Extracting actors: https://thequantuminsider.com/2023/12/06/harvard-quera-mit-and-the-nist-university-of-maryland-usher-in-new-era-of-quantum-computing-by-performing-complex-error-corrected-quantum-algorithms-on-48-logical-qubits (1/1), chunk 19/39
[01:31:07 +3m 30s | thequantuminsider_2023_12_06_harvard_quera_mit_and_the_nist_university_of_maryland_usher_421b250d] Repaired malformed JSON.
[01:31:07 +3m 30s | thequantuminsider_2023_12_06_harvard_quera_mit_and_the_nist_university_of_maryland_usher_421b250d] Extracting actors: https://thequantuminsider.com/2023/12/06/harvard-quera-mit-and-the-nist-university-of-maryland-usher-in-new-era-of-quantum-computing-by-performing-complex-error-corrected-quantum-algorithms-on-48-logical-qubits (1/1), chunk 20/39
[01:31:15 +3m 40s | thequantuminsider_2023_12_06_harvard_quera_mit_and_the_nist_university_of_maryland_usher_421b250d] Repaired malformed JSON.
[01:31:15 +3m 40s | thequantuminsider_2023_12_06_harvard_quera_mit_and_the_nist_university_of_maryland_usher_421b250d] Extracting actors: https://thequantuminsider.com/2023/12/06/harvard-quera-mit-and-the-nist-university-of-maryland-usher-in-new-era-of-quantum-computing-by-performing-complex-error-corrected-quantum-algorithms-on-48-logical-qubits (1/1), chunk 21/39
[01:31:24 +3m 49s | thequantuminsider_2023_12_06_harvard_quera_mit_and_the_nist_university_of_maryland_usher_421b250d] Repaired malformed JSON.
[01:31:24 +3m 49s | thequantuminsider_2023_12_06_harvard_quera_mit_and_the_nist_university_of_maryland_usher_421b250d] Extracting actors: https://thequantuminsider.com/2023/12/06/harvard-quera-mit-and-the-nist-university-of-maryland-usher-in-new-era-of-quantum-computing-by-performing-complex-error-corrected-quantum-algorithms-on-48-logical-qubits (1/1), chunk 22/39
[01:31:34 +3m 58s | thequantuminsider_2023_12_06_harvard_quera_mit_and_the_nist_university_of_maryland_usher_421b250d] Repaired malformed JSON.
[01:31:34 +3m 58s | thequantuminsider_2023_12_06_harvard_quera_mit_and_the_nist_university_of_maryland_usher_421b250d] Extracting actors: https://thequantuminsider.com/2023/12/06/harvard-quera-mit-and-the-nist-university-of-maryland-usher-in-new-era-of-quantum-computing-by-performing-complex-error-corrected-quantum-algorithms-on-48-logical-qubits (1/1), chunk 23/39
[01:31:40 +4m 5s | thequantuminsider_2023_12_06_harvard_quera_mit_and_the_nist_university_of_maryland_usher_421b250d] Repaired malformed JSON.
[01:31:40 +4m 5s | thequantuminsider_2023_12_06_harvard_quera_mit_and_the_nist_university_of_maryland_usher_421b250d] Extracting actors: https://thequantuminsider.com/2023/12/06/harvard-quera-mit-and-the-nist-university-of-maryland-usher-in-new-era-of-quantum-computing-by-performing-complex-error-corrected-quantum-algorithms-on-48-logical-qubits (1/1), chunk 24/39
[01:31:57 +4m 23s | thequantuminsider_2023_12_06_harvard_quera_mit_and_the_nist_university_of_maryland_usher_421b250d] Repaired malformed JSON.
[01:31:57 +4m 23s | thequantuminsider_2023_12_06_harvard_quera_mit_and_the_nist_university_of_maryland_usher_421b250d] Extracting actors: https://thequantuminsider.com/2023/12/06/harvard-quera-mit-and-the-nist-university-of-maryland-usher-in-new-era-of-quantum-computing-by-performing-complex-error-corrected-quantum-algorithms-on-48-logical-qubits (1/1), chunk 25/39
[01:32:05 +4m 31s | thequantuminsider_2023_12_06_harvard_quera_mit_and_the_nist_university_of_maryland_usher_421b250d] Repaired malformed JSON.
[01:32:05 +4m 31s | thequantuminsider_2023_12_06_harvard_quera_mit_and_the_nist_university_of_maryland_usher_421b250d] Extracting actors: https://thequantuminsider.com/2023/12/06/harvard-quera-mit-and-the-nist-university-of-maryland-usher-in-new-era-of-quantum-computing-by-performing-complex-error-corrected-quantum-algorithms-on-48-logical-qubits (1/1), chunk 26/39
[01:32:12 +4m 38s | thequantuminsider_2023_12_06_harvard_quera_mit_and_the_nist_university_of_maryland_usher_421b250d] Repaired malformed JSON.
[01:32:12 +4m 38s | thequantuminsider_2023_12_06_harvard_quera_mit_and_the_nist_university_of_maryland_usher_421b250d] Extracting actors: https://thequantuminsider.com/2023/12/06/harvard-quera-mit-and-the-nist-university-of-maryland-usher-in-new-era-of-quantum-computing-by-performing-complex-error-corrected-quantum-algorithms-on-48-logical-qubits (1/1), chunk 27/39
[01:32:19 +4m 46s | thequantuminsider_2023_12_06_harvard_quera_mit_and_the_nist_university_of_maryland_usher_421b250d] Repaired malformed JSON.
[01:32:19 +4m 46s | thequantuminsider_2023_12_06_harvard_quera_mit_and_the_nist_university_of_maryland_usher_421b250d] Extracting actors: https://thequantuminsider.com/2023/12/06/harvard-quera-mit-and-the-nist-university-of-maryland-usher-in-new-era-of-quantum-computing-by-performing-complex-error-corrected-quantum-algorithms-on-48-logical-qubits (1/1), chunk 28/39
[01:32:28 +4m 55s | thequantuminsider_2023_12_06_harvard_quera_mit_and_the_nist_university_of_maryland_usher_421b250d] Repaired malformed JSON.
[01:32:28 +4m 55s | thequantuminsider_2023_12_06_harvard_quera_mit_and_the_nist_university_of_maryland_usher_421b250d] Extracting actors: https://thequantuminsider.com/2023/12/06/harvard-quera-mit-and-the-nist-university-of-maryland-usher-in-new-era-of-quantum-computing-by-performing-complex-error-corrected-quantum-algorithms-on-48-logical-qubits (1/1), chunk 29/39
[01:32:38 +5m 5s | thequantuminsider_2023_12_06_harvard_quera_mit_and_the_nist_university_of_maryland_usher_421b250d] Repaired malformed JSON.
[01:32:38 +5m 5s | thequantuminsider_2023_12_06_harvard_quera_mit_and_the_nist_university_of_maryland_usher_421b250d] Extracting actors: https://thequantuminsider.com/2023/12/06/harvard-quera-mit-and-the-nist-university-of-maryland-usher-in-new-era-of-quantum-computing-by-performing-complex-error-corrected-quantum-algorithms-on-48-logical-qubits (1/1), chunk 30/39
[01:32:45 +5m 13s | thequantuminsider_2023_12_06_harvard_quera_mit_and_the_nist_university_of_maryland_usher_421b250d] Repaired malformed JSON.
[01:32:45 +5m 13s | thequantuminsider_2023_12_06_harvard_quera_mit_and_the_nist_university_of_maryland_usher_421b250d] Extracting actors: https://thequantuminsider.com/2023/12/06/harvard-quera-mit-and-the-nist-university-of-maryland-usher-in-new-era-of-quantum-computing-by-performing-complex-error-corrected-quantum-algorithms-on-48-logical-qubits (1/1), chunk 31/39
[01:32:54 +5m 22s | thequantuminsider_2023_12_06_harvard_quera_mit_and_the_nist_university_of_maryland_usher_421b250d] Repaired malformed JSON.
[01:32:54 +5m 22s | thequantuminsider_2023_12_06_harvard_quera_mit_and_the_nist_university_of_maryland_usher_421b250d] Extracting actors: https://thequantuminsider.com/2023/12/06/harvard-quera-mit-and-the-nist-university-of-maryland-usher-in-new-era-of-quantum-computing-by-performing-complex-error-corrected-quantum-algorithms-on-48-logical-qubits (1/1), chunk 32/39
[01:33:01 +5m 29s | thequantuminsider_2023_12_06_harvard_quera_mit_and_the_nist_university_of_maryland_usher_421b250d] Repaired malformed JSON.
[01:33:01 +5m 29s | thequantuminsider_2023_12_06_harvard_quera_mit_and_the_nist_university_of_maryland_usher_421b250d] Extracting actors: https://thequantuminsider.com/2023/12/06/harvard-quera-mit-and-the-nist-university-of-maryland-usher-in-new-era-of-quantum-computing-by-performing-complex-error-corrected-quantum-algorithms-on-48-logical-qubits (1/1), chunk 33/39
[01:33:29 +5m 58s | thequantuminsider_2023_12_06_harvard_quera_mit_and_the_nist_university_of_maryland_usher_421b250d] Repaired malformed JSON.
[01:33:29 +5m 58s | thequantuminsider_2023_12_06_harvard_quera_mit_and_the_nist_university_of_maryland_usher_421b250d] Extracting actors: https://thequantuminsider.com/2023/12/06/harvard-quera-mit-and-the-nist-university-of-maryland-usher-in-new-era-of-quantum-computing-by-performing-complex-error-corrected-quantum-algorithms-on-48-logical-qubits (1/1), chunk 34/39
[01:33:35 +6m 3s | thequantuminsider_2023_12_06_harvard_quera_mit_and_the_nist_university_of_maryland_usher_421b250d] Repaired malformed JSON.
[01:33:35 +6m 3s | thequantuminsider_2023_12_06_harvard_quera_mit_and_the_nist_university_of_maryland_usher_421b250d] Extracting actors: https://thequantuminsider.com/2023/12/06/harvard-quera-mit-and-the-nist-university-of-maryland-usher-in-new-era-of-quantum-computing-by-performing-complex-error-corrected-quantum-algorithms-on-48-logical-qubits (1/1), chunk 35/39
[01:33:45 +6m 14s | thequantuminsider_2023_12_06_harvard_quera_mit_and_the_nist_university_of_maryland_usher_421b250d] Repaired malformed JSON.
[01:33:45 +6m 14s | thequantuminsider_2023_12_06_harvard_quera_mit_and_the_nist_university_of_maryland_usher_421b250d] Extracting actors: https://thequantuminsider.com/2023/12/06/harvard-quera-mit-and-the-nist-university-of-maryland-usher-in-new-era-of-quantum-computing-by-performing-complex-error-corrected-quantum-algorithms-on-48-logical-qubits (1/1), chunk 36/39
[01:33:56 +6m 26s | thequantuminsider_2023_12_06_harvard_quera_mit_and_the_nist_university_of_maryland_usher_421b250d] Repaired malformed JSON.
[01:33:56 +6m 26s | thequantuminsider_2023_12_06_harvard_quera_mit_and_the_nist_university_of_maryland_usher_421b250d] Extracting actors: https://thequantuminsider.com/2023/12/06/harvard-quera-mit-and-the-nist-university-of-maryland-usher-in-new-era-of-quantum-computing-by-performing-complex-error-corrected-quantum-algorithms-on-48-logical-qubits (1/1), chunk 37/39
[01:34:05 +6m 35s | thequantuminsider_2023_12_06_harvard_quera_mit_and_the_nist_university_of_maryland_usher_421b250d] Repaired malformed JSON.
[01:34:05 +6m 35s | thequantuminsider_2023_12_06_harvard_quera_mit_and_the_nist_university_of_maryland_usher_421b250d] Extracting actors: https://thequantuminsider.com/2023/12/06/harvard-quera-mit-and-the-nist-university-of-maryland-usher-in-new-era-of-quantum-computing-by-performing-complex-error-corrected-quantum-algorithms-on-48-logical-qubits (1/1), chunk 38/39
[01:34:13 +6m 43s | thequantuminsider_2023_12_06_harvard_quera_mit_and_the_nist_university_of_maryland_usher_421b250d] Repaired malformed JSON.
[01:34:13 +6m 43s | thequantuminsider_2023_12_06_harvard_quera_mit_and_the_nist_university_of_maryland_usher_421b250d] Extracting actors: https://thequantuminsider.com/2023/12/06/harvard-quera-mit-and-the-nist-university-of-maryland-usher-in-new-era-of-quantum-computing-by-performing-complex-error-corrected-quantum-algorithms-on-48-logical-qubits (1/1), chunk 39/39
[01:34:20 +6m 51s | thequantuminsider_2023_12_06_harvard_quera_mit_and_the_nist_university_of_maryland_usher_421b250d] Repaired malformed JSON.
[01:34:20 +6m 51s | thequantuminsider_2023_12_06_harvard_quera_mit_and_the_nist_university_of_maryland_usher_421b250d] Saved 1_actor_results.json with 78 extracted records

[01:34:20 +6m 51s | thequantuminsider_2023_12_06_harvard_quera_mit_and_the_nist_university_of_maryland_usher_421b250d] === 2 clean actors ===
[01:34:20 +6m 51s | thequantuminsider_2023_12_06_harvard_quera_mit_and_the_nist_university_of_maryland_usher_421b250d] Loaded 78 extracted records
[01:34:20 +6m 51s | thequantuminsider_2023_12_06_harvard_quera_mit_and_the_nist_university_of_maryland_usher_421b250d] Saved 2_actor_nodes.json with 9 canonical actor nodes

[01:34:20 +6m 51s | thequantuminsider_2023_12_06_harvard_quera_mit_and_the_nist_university_of_maryland_usher_421b250d] === 3 interaction extraction ===
[01:34:20 +6m 51s | thequantuminsider_2023_12_06_harvard_quera_mit_and_the_nist_university_of_maryland_usher_421b250d] Extracting interactions: https://thequantuminsider.com/2023/12/06/harvard-quera-mit-and-the-nist-university-of-maryland-usher-in-new-era-of-quantum-computing-by-performing-complex-error-corrected-quantum-algorithms-on-48-logical-qubits (1/1), chunk 7/39
[01:34:33 +7m 4s | thequantuminsider_2023_12_06_harvard_quera_mit_and_the_nist_university_of_maryland_usher_421b250d] Extracting interactions: https://thequantuminsider.com/2023/12/06/harvard-quera-mit-and-the-nist-university-of-maryland-usher-in-new-era-of-quantum-computing-by-performing-complex-error-corrected-quantum-algorithms-on-48-logical-qubits (1/1), chunk 11/39
[01:34:44 +7m 15s | thequantuminsider_2023_12_06_harvard_quera_mit_and_the_nist_university_of_maryland_usher_421b250d] Extracting interactions: https://thequantuminsider.com/2023/12/06/harvard-quera-mit-and-the-nist-university-of-maryland-usher-in-new-era-of-quantum-computing-by-performing-complex-error-corrected-quantum-algorithms-on-48-logical-qubits (1/1), chunk 12/39
[01:35:12 +7m 44s | thequantuminsider_2023_12_06_harvard_quera_mit_and_the_nist_university_of_maryland_usher_421b250d] Extracting interactions: https://thequantuminsider.com/2023/12/06/harvard-quera-mit-and-the-nist-university-of-maryland-usher-in-new-era-of-quantum-computing-by-performing-complex-error-corrected-quantum-algorithms-on-48-logical-qubits (1/1), chunk 13/39
[01:35:30 +8m 3s | thequantuminsider_2023_12_06_harvard_quera_mit_and_the_nist_university_of_maryland_usher_421b250d] Extracting interactions: https://thequantuminsider.com/2023/12/06/harvard-quera-mit-and-the-nist-university-of-maryland-usher-in-new-era-of-quantum-computing-by-performing-complex-error-corrected-quantum-algorithms-on-48-logical-qubits (1/1), chunk 14/39
[01:35:51 +8m 24s | thequantuminsider_2023_12_06_harvard_quera_mit_and_the_nist_university_of_maryland_usher_421b250d] Extracting interactions: https://thequantuminsider.com/2023/12/06/harvard-quera-mit-and-the-nist-university-of-maryland-usher-in-new-era-of-quantum-computing-by-performing-complex-error-corrected-quantum-algorithms-on-48-logical-qubits (1/1), chunk 15/39
[01:35:57 +8m 31s | thequantuminsider_2023_12_06_harvard_quera_mit_and_the_nist_university_of_maryland_usher_421b250d] Extracting interactions: https://thequantuminsider.com/2023/12/06/harvard-quera-mit-and-the-nist-university-of-maryland-usher-in-new-era-of-quantum-computing-by-performing-complex-error-corrected-quantum-algorithms-on-48-logical-qubits (1/1), chunk 16/39
[01:36:38 +9m 13s | thequantuminsider_2023_12_06_harvard_quera_mit_and_the_nist_university_of_maryland_usher_421b250d] Extracting interactions: https://thequantuminsider.com/2023/12/06/harvard-quera-mit-and-the-nist-university-of-maryland-usher-in-new-era-of-quantum-computing-by-performing-complex-error-corrected-quantum-algorithms-on-48-logical-qubits (1/1), chunk 17/39
[01:36:49 +9m 24s | thequantuminsider_2023_12_06_harvard_quera_mit_and_the_nist_university_of_maryland_usher_421b250d] Extracting interactions: https://thequantuminsider.com/2023/12/06/harvard-quera-mit-and-the-nist-university-of-maryland-usher-in-new-era-of-quantum-computing-by-performing-complex-error-corrected-quantum-algorithms-on-48-logical-qubits (1/1), chunk 18/39
[01:36:56 +9m 32s | thequantuminsider_2023_12_06_harvard_quera_mit_and_the_nist_university_of_maryland_usher_421b250d] Saved 3_interaction_results.json with 21 extracted interactions.

[01:36:56 +9m 32s | thequantuminsider_2023_12_06_harvard_quera_mit_and_the_nist_university_of_maryland_usher_421b250d] === 4 clean interactions ===
[01:36:56 +9m 32s | thequantuminsider_2023_12_06_harvard_quera_mit_and_the_nist_university_of_maryland_usher_421b250d] Saved 4_edges.json with 7 cleaned interactions.

[01:36:56 +9m 32s | thequantuminsider_2023_12_06_harvard_quera_mit_and_the_nist_university_of_maryland_usher_421b250d] === 5 helix enrichment ===
[01:36:56 +9m 32s | thequantuminsider_2023_12_06_harvard_quera_mit_and_the_nist_university_of_maryland_usher_421b250d] Wrote 5_nodes.json (9 actors)
[01:36:56 +9m 32s | thequantuminsider_2023_12_06_harvard_quera_mit_and_the_nist_university_of_maryland_usher_421b250d] Wrote 5_edges.json (7 interactions)
[01:36:56 +9m 32s | thequantuminsider_2023_12_06_harvard_quera_mit_and_the_nist_university_of_maryland_usher_421b250d] Actor helix counts: {'Academia': 5, 'Civil Society': 2, 'Industry': 1, 'Unknown': 1}
[01:36:56 +9m 32s | thequantuminsider_2023_12_06_harvard_quera_mit_and_the_nist_university_of_maryland_usher_421b250d] Functional-space counts: {'Innovation': 4, 'Intra-helix / Not classified': 3}

[01:36:56 +9m 32s | thequantuminsider_2023_12_06_harvard_quera_mit_and_the_nist_university_of_maryland_usher_421b250d] === 6 network visualisation ===
[01:36:57 +9m 33s | thequantuminsider_2023_12_06_harvard_quera_mit_and_the_nist_university_of_maryland_usher_421b250d] Wrote quantum_network.html
[01:36:57 +9m 33s | thequantuminsider_2023_12_06_harvard_quera_mit_and_the_nist_university_of_maryland_usher_421b250d] Nodes: 9
[01:36:57 +9m 33s | thequantuminsider_2023_12_06_harvard_quera_mit_and_the_nist_university_of_maryland_usher_421b250d] Edges: 3

[01:36:57 +9m 33s | thequantuminsider_2023_12_06_harvard_quera_mit_and_the_nist_university_of_maryland_usher_421b250d] Done. Outputs written to: /home/lv/IDP/idpdeeptech/pipeline/news_outputs/thequantuminsider_2023_12_06_harvard_quera_mit_and_the_nist_university_of_maryland_usher_421b250d
[01:36:57 +9m 33s | thequantuminsider_2023_12_06_harvard_quera_mit_and_the_nist_university_of_maryland_usher_421b250d] Log: /home/lv/IDP/idpdeeptech/pipeline/news_outputs/thequantuminsider_2023_12_06_harvard_quera_mit_and_the_nist_university_of_maryland_usher_421b250d/run.log

========================================================================
RUN FINISHED 2026-07-05 01:36:57  (OK)
Started:     2026-07-05 01:27:42
Elapsed:     9m 33s
========================================================================
