
========================================================================
RUN STARTED  2026-07-05 04:54:42
site_pipeline.py https://thequantuminsider.com/2023/10/30/from-quantum-computing-new-algorithms-for-simulating-polymeric-materials/
========================================================================

[04:54:42 +0s | thequantuminsider_2023_10_30_from_quantum_computing_new_algorithms_for_simulating_polymer_7cae9242] === 0 crawl site ===
[04:54:44 +1s | thequantuminsider_2023_10_30_from_quantum_computing_new_algorithms_for_simulating_polymer_7cae9242] [INIT].... → Crawl4AI 0.8.6 
[04:54:45 +3s | thequantuminsider_2023_10_30_from_quantum_computing_new_algorithms_for_simulating_polymer_7cae9242] [FETCH]... ↓ https://thequantuminsider.com/2023/10/30/from-qu...w-algorithms-for-simulating-polymeric-materials/  | ✓ | ⏱: 1.59s 
[04:54:46 +3s | thequantuminsider_2023_10_30_from_quantum_computing_new_algorithms_for_simulating_polymer_7cae9242] [SCRAPE].. ◆ https://thequantuminsider.com/2023/10/30/from-qu...w-algorithms-for-simulating-polymeric-materials/  | ✓ | ⏱: 0.14s 
[04:54:46 +3s | thequantuminsider_2023_10_30_from_quantum_computing_new_algorithms_for_simulating_polymer_7cae9242] [COMPLETE] ● https://thequantuminsider.com/2023/10/30/from-qu...w-algorithms-for-simulating-polymeric-materials/  | ✓ | ⏱: 1.76s 
[04:54:46 +3s | thequantuminsider_2023_10_30_from_quantum_computing_new_algorithms_for_simulating_polymer_7cae9242] Saved: crawl_output/ca7813bc87_thequantuminsider.com_2023_10_30_from-quantum-computing-new-algorithms-for-simulating-polymeric-materials.json

[04:54:46 +4s | thequantuminsider_2023_10_30_from_quantum_computing_new_algorithms_for_simulating_polymer_7cae9242] === 1 actor extraction ===
[04:54:46 +4s | thequantuminsider_2023_10_30_from_quantum_computing_new_algorithms_for_simulating_polymer_7cae9242] Reading page (1/1): https://thequantuminsider.com/2023/10/30/from-quantum-computing-new-algorithms-for-simulating-polymeric-materials
[04:54:46 +4s | thequantuminsider_2023_10_30_from_quantum_computing_new_algorithms_for_simulating_polymer_7cae9242] Extracting actors: https://thequantuminsider.com/2023/10/30/from-quantum-computing-new-algorithms-for-simulating-polymeric-materials (1/1), chunk 1/33
[04:54:50 +8s | thequantuminsider_2023_10_30_from_quantum_computing_new_algorithms_for_simulating_polymer_7cae9242] Extracting actors: https://thequantuminsider.com/2023/10/30/from-quantum-computing-new-algorithms-for-simulating-polymeric-materials (1/1), chunk 2/33
[04:54:54 +12s | thequantuminsider_2023_10_30_from_quantum_computing_new_algorithms_for_simulating_polymer_7cae9242] Extracting actors: https://thequantuminsider.com/2023/10/30/from-quantum-computing-new-algorithms-for-simulating-polymeric-materials (1/1), chunk 3/33
[04:55:00 +17s | thequantuminsider_2023_10_30_from_quantum_computing_new_algorithms_for_simulating_polymer_7cae9242] Extracting actors: https://thequantuminsider.com/2023/10/30/from-quantum-computing-new-algorithms-for-simulating-polymeric-materials (1/1), chunk 4/33
[04:55:04 +22s | thequantuminsider_2023_10_30_from_quantum_computing_new_algorithms_for_simulating_polymer_7cae9242] Extracting actors: https://thequantuminsider.com/2023/10/30/from-quantum-computing-new-algorithms-for-simulating-polymeric-materials (1/1), chunk 5/33
[04:55:08 +28s | thequantuminsider_2023_10_30_from_quantum_computing_new_algorithms_for_simulating_polymer_7cae9242] Extracting actors: https://thequantuminsider.com/2023/10/30/from-quantum-computing-new-algorithms-for-simulating-polymeric-materials (1/1), chunk 6/33
[04:55:13 +33s | thequantuminsider_2023_10_30_from_quantum_computing_new_algorithms_for_simulating_polymer_7cae9242] Extracting actors: https://thequantuminsider.com/2023/10/30/from-quantum-computing-new-algorithms-for-simulating-polymeric-materials (1/1), chunk 7/33
[04:55:19 +38s | thequantuminsider_2023_10_30_from_quantum_computing_new_algorithms_for_simulating_polymer_7cae9242] Extracting actors: https://thequantuminsider.com/2023/10/30/from-quantum-computing-new-algorithms-for-simulating-polymeric-materials (1/1), chunk 8/33
[04:55:41 +1m 3s | thequantuminsider_2023_10_30_from_quantum_computing_new_algorithms_for_simulating_polymer_7cae9242] Extracting actors: https://thequantuminsider.com/2023/10/30/from-quantum-computing-new-algorithms-for-simulating-polymeric-materials (1/1), chunk 9/33
[04:55:48 +1m 9s | thequantuminsider_2023_10_30_from_quantum_computing_new_algorithms_for_simulating_polymer_7cae9242] Extracting actors: https://thequantuminsider.com/2023/10/30/from-quantum-computing-new-algorithms-for-simulating-polymeric-materials (1/1), chunk 10/33
[04:55:53 +1m 15s | thequantuminsider_2023_10_30_from_quantum_computing_new_algorithms_for_simulating_polymer_7cae9242] Extracting actors: https://thequantuminsider.com/2023/10/30/from-quantum-computing-new-algorithms-for-simulating-polymeric-materials (1/1), chunk 11/33
[04:55:58 +1m 20s | thequantuminsider_2023_10_30_from_quantum_computing_new_algorithms_for_simulating_polymer_7cae9242] Extracting actors: https://thequantuminsider.com/2023/10/30/from-quantum-computing-new-algorithms-for-simulating-polymeric-materials (1/1), chunk 12/33
[04:56:04 +1m 26s | thequantuminsider_2023_10_30_from_quantum_computing_new_algorithms_for_simulating_polymer_7cae9242] Repaired malformed JSON.
[04:56:04 +1m 26s | thequantuminsider_2023_10_30_from_quantum_computing_new_algorithms_for_simulating_polymer_7cae9242] Extracting actors: https://thequantuminsider.com/2023/10/30/from-quantum-computing-new-algorithms-for-simulating-polymeric-materials (1/1), chunk 13/33
[04:56:10 +1m 33s | thequantuminsider_2023_10_30_from_quantum_computing_new_algorithms_for_simulating_polymer_7cae9242] Repaired malformed JSON.
[04:56:10 +1m 33s | thequantuminsider_2023_10_30_from_quantum_computing_new_algorithms_for_simulating_polymer_7cae9242] Extracting actors: https://thequantuminsider.com/2023/10/30/from-quantum-computing-new-algorithms-for-simulating-polymeric-materials (1/1), chunk 14/33
[04:56:16 +1m 39s | thequantuminsider_2023_10_30_from_quantum_computing_new_algorithms_for_simulating_polymer_7cae9242] Repaired malformed JSON.
[04:56:16 +1m 39s | thequantuminsider_2023_10_30_from_quantum_computing_new_algorithms_for_simulating_polymer_7cae9242] Extracting actors: https://thequantuminsider.com/2023/10/30/from-quantum-computing-new-algorithms-for-simulating-polymeric-materials (1/1), chunk 15/33
[04:56:25 +1m 48s | thequantuminsider_2023_10_30_from_quantum_computing_new_algorithms_for_simulating_polymer_7cae9242] Repaired malformed JSON.
[04:56:25 +1m 48s | thequantuminsider_2023_10_30_from_quantum_computing_new_algorithms_for_simulating_polymer_7cae9242] Extracting actors: https://thequantuminsider.com/2023/10/30/from-quantum-computing-new-algorithms-for-simulating-polymeric-materials (1/1), chunk 16/33
[04:56:31 +1m 55s | thequantuminsider_2023_10_30_from_quantum_computing_new_algorithms_for_simulating_polymer_7cae9242] Repaired malformed JSON.
[04:56:31 +1m 55s | thequantuminsider_2023_10_30_from_quantum_computing_new_algorithms_for_simulating_polymer_7cae9242] Extracting actors: https://thequantuminsider.com/2023/10/30/from-quantum-computing-new-algorithms-for-simulating-polymeric-materials (1/1), chunk 17/33
[04:56:38 +2m 3s | thequantuminsider_2023_10_30_from_quantum_computing_new_algorithms_for_simulating_polymer_7cae9242] Repaired malformed JSON.
[04:56:38 +2m 3s | thequantuminsider_2023_10_30_from_quantum_computing_new_algorithms_for_simulating_polymer_7cae9242] Extracting actors: https://thequantuminsider.com/2023/10/30/from-quantum-computing-new-algorithms-for-simulating-polymeric-materials (1/1), chunk 18/33
[04:56:48 +2m 14s | thequantuminsider_2023_10_30_from_quantum_computing_new_algorithms_for_simulating_polymer_7cae9242] Repaired malformed JSON.
[04:56:48 +2m 14s | thequantuminsider_2023_10_30_from_quantum_computing_new_algorithms_for_simulating_polymer_7cae9242] Extracting actors: https://thequantuminsider.com/2023/10/30/from-quantum-computing-new-algorithms-for-simulating-polymeric-materials (1/1), chunk 19/33
[04:56:56 +2m 22s | thequantuminsider_2023_10_30_from_quantum_computing_new_algorithms_for_simulating_polymer_7cae9242] Repaired malformed JSON.
[04:56:56 +2m 22s | thequantuminsider_2023_10_30_from_quantum_computing_new_algorithms_for_simulating_polymer_7cae9242] Extracting actors: https://thequantuminsider.com/2023/10/30/from-quantum-computing-new-algorithms-for-simulating-polymeric-materials (1/1), chunk 20/33
[04:57:03 +2m 28s | thequantuminsider_2023_10_30_from_quantum_computing_new_algorithms_for_simulating_polymer_7cae9242] Repaired malformed JSON.
[04:57:03 +2m 28s | thequantuminsider_2023_10_30_from_quantum_computing_new_algorithms_for_simulating_polymer_7cae9242] Extracting actors: https://thequantuminsider.com/2023/10/30/from-quantum-computing-new-algorithms-for-simulating-polymeric-materials (1/1), chunk 21/33
[04:57:11 +2m 38s | thequantuminsider_2023_10_30_from_quantum_computing_new_algorithms_for_simulating_polymer_7cae9242] Repaired malformed JSON.
[04:57:11 +2m 38s | thequantuminsider_2023_10_30_from_quantum_computing_new_algorithms_for_simulating_polymer_7cae9242] Extracting actors: https://thequantuminsider.com/2023/10/30/from-quantum-computing-new-algorithms-for-simulating-polymeric-materials (1/1), chunk 22/33
[04:57:19 +2m 46s | thequantuminsider_2023_10_30_from_quantum_computing_new_algorithms_for_simulating_polymer_7cae9242] Repaired malformed JSON.
[04:57:19 +2m 46s | thequantuminsider_2023_10_30_from_quantum_computing_new_algorithms_for_simulating_polymer_7cae9242] Extracting actors: https://thequantuminsider.com/2023/10/30/from-quantum-computing-new-algorithms-for-simulating-polymeric-materials (1/1), chunk 23/33
[04:57:28 +2m 56s | thequantuminsider_2023_10_30_from_quantum_computing_new_algorithms_for_simulating_polymer_7cae9242] Repaired malformed JSON.
[04:57:28 +2m 56s | thequantuminsider_2023_10_30_from_quantum_computing_new_algorithms_for_simulating_polymer_7cae9242] Extracting actors: https://thequantuminsider.com/2023/10/30/from-quantum-computing-new-algorithms-for-simulating-polymeric-materials (1/1), chunk 24/33
[04:57:36 +3m 3s | thequantuminsider_2023_10_30_from_quantum_computing_new_algorithms_for_simulating_polymer_7cae9242] Repaired malformed JSON.
[04:57:36 +3m 3s | thequantuminsider_2023_10_30_from_quantum_computing_new_algorithms_for_simulating_polymer_7cae9242] Extracting actors: https://thequantuminsider.com/2023/10/30/from-quantum-computing-new-algorithms-for-simulating-polymeric-materials (1/1), chunk 25/33
[04:57:59 +3m 28s | thequantuminsider_2023_10_30_from_quantum_computing_new_algorithms_for_simulating_polymer_7cae9242] Repaired malformed JSON.
[04:57:59 +3m 28s | thequantuminsider_2023_10_30_from_quantum_computing_new_algorithms_for_simulating_polymer_7cae9242] Extracting actors: https://thequantuminsider.com/2023/10/30/from-quantum-computing-new-algorithms-for-simulating-polymeric-materials (1/1), chunk 26/33
[04:58:05 +3m 34s | thequantuminsider_2023_10_30_from_quantum_computing_new_algorithms_for_simulating_polymer_7cae9242] Extracting actors: https://thequantuminsider.com/2023/10/30/from-quantum-computing-new-algorithms-for-simulating-polymeric-materials (1/1), chunk 27/33
[04:58:11 +3m 42s | thequantuminsider_2023_10_30_from_quantum_computing_new_algorithms_for_simulating_polymer_7cae9242] Repaired malformed JSON.
[04:58:11 +3m 42s | thequantuminsider_2023_10_30_from_quantum_computing_new_algorithms_for_simulating_polymer_7cae9242] Extracting actors: https://thequantuminsider.com/2023/10/30/from-quantum-computing-new-algorithms-for-simulating-polymeric-materials (1/1), chunk 28/33
[04:58:18 +3m 49s | thequantuminsider_2023_10_30_from_quantum_computing_new_algorithms_for_simulating_polymer_7cae9242] Extracting actors: https://thequantuminsider.com/2023/10/30/from-quantum-computing-new-algorithms-for-simulating-polymeric-materials (1/1), chunk 29/33
[04:58:23 +3m 54s | thequantuminsider_2023_10_30_from_quantum_computing_new_algorithms_for_simulating_polymer_7cae9242] Extracting actors: https://thequantuminsider.com/2023/10/30/from-quantum-computing-new-algorithms-for-simulating-polymeric-materials (1/1), chunk 30/33
[04:58:31 +4m 2s | thequantuminsider_2023_10_30_from_quantum_computing_new_algorithms_for_simulating_polymer_7cae9242] Repaired malformed JSON.
[04:58:31 +4m 2s | thequantuminsider_2023_10_30_from_quantum_computing_new_algorithms_for_simulating_polymer_7cae9242] Extracting actors: https://thequantuminsider.com/2023/10/30/from-quantum-computing-new-algorithms-for-simulating-polymeric-materials (1/1), chunk 31/33
[04:58:37 +4m 8s | thequantuminsider_2023_10_30_from_quantum_computing_new_algorithms_for_simulating_polymer_7cae9242] Repaired malformed JSON.
[04:58:37 +4m 8s | thequantuminsider_2023_10_30_from_quantum_computing_new_algorithms_for_simulating_polymer_7cae9242] Extracting actors: https://thequantuminsider.com/2023/10/30/from-quantum-computing-new-algorithms-for-simulating-polymeric-materials (1/1), chunk 32/33
[04:58:44 +4m 17s | thequantuminsider_2023_10_30_from_quantum_computing_new_algorithms_for_simulating_polymer_7cae9242] Repaired malformed JSON.
[04:58:44 +4m 17s | thequantuminsider_2023_10_30_from_quantum_computing_new_algorithms_for_simulating_polymer_7cae9242] Extracting actors: https://thequantuminsider.com/2023/10/30/from-quantum-computing-new-algorithms-for-simulating-polymeric-materials (1/1), chunk 33/33
[04:58:51 +4m 24s | thequantuminsider_2023_10_30_from_quantum_computing_new_algorithms_for_simulating_polymer_7cae9242] Saved 1_actor_results.json with 48 extracted records

[04:58:51 +4m 24s | thequantuminsider_2023_10_30_from_quantum_computing_new_algorithms_for_simulating_polymer_7cae9242] === 2 clean actors ===
[04:58:51 +4m 24s | thequantuminsider_2023_10_30_from_quantum_computing_new_algorithms_for_simulating_polymer_7cae9242] Loaded 48 extracted records
[04:58:51 +4m 24s | thequantuminsider_2023_10_30_from_quantum_computing_new_algorithms_for_simulating_polymer_7cae9242] Saved 2_actor_nodes.json with 23 canonical actor nodes

[04:58:51 +4m 24s | thequantuminsider_2023_10_30_from_quantum_computing_new_algorithms_for_simulating_polymer_7cae9242] === 3 interaction extraction ===
[04:58:51 +4m 24s | thequantuminsider_2023_10_30_from_quantum_computing_new_algorithms_for_simulating_polymer_7cae9242] Extracting interactions: https://thequantuminsider.com/2023/10/30/from-quantum-computing-new-algorithms-for-simulating-polymeric-materials (1/1), chunk 12/33
[04:59:10 +4m 42s | thequantuminsider_2023_10_30_from_quantum_computing_new_algorithms_for_simulating_polymer_7cae9242] Extracting interactions: https://thequantuminsider.com/2023/10/30/from-quantum-computing-new-algorithms-for-simulating-polymeric-materials (1/1), chunk 13/33
[04:59:50 +5m 27s | thequantuminsider_2023_10_30_from_quantum_computing_new_algorithms_for_simulating_polymer_7cae9242] Extracting interactions: https://thequantuminsider.com/2023/10/30/from-quantum-computing-new-algorithms-for-simulating-polymeric-materials (1/1), chunk 14/33
[05:00:29 +6m 7s | thequantuminsider_2023_10_30_from_quantum_computing_new_algorithms_for_simulating_polymer_7cae9242] Extracting interactions: https://thequantuminsider.com/2023/10/30/from-quantum-computing-new-algorithms-for-simulating-polymeric-materials (1/1), chunk 15/33
[05:00:38 +6m 17s | thequantuminsider_2023_10_30_from_quantum_computing_new_algorithms_for_simulating_polymer_7cae9242] Extracting interactions: https://thequantuminsider.com/2023/10/30/from-quantum-computing-new-algorithms-for-simulating-polymeric-materials (1/1), chunk 16/33
[05:00:54 +6m 34s | thequantuminsider_2023_10_30_from_quantum_computing_new_algorithms_for_simulating_polymer_7cae9242] Extracting interactions: https://thequantuminsider.com/2023/10/30/from-quantum-computing-new-algorithms-for-simulating-polymeric-materials (1/1), chunk 17/33
[05:01:07 +6m 47s | thequantuminsider_2023_10_30_from_quantum_computing_new_algorithms_for_simulating_polymer_7cae9242] Extracting interactions: https://thequantuminsider.com/2023/10/30/from-quantum-computing-new-algorithms-for-simulating-polymeric-materials (1/1), chunk 18/33
[05:01:11 +6m 52s | thequantuminsider_2023_10_30_from_quantum_computing_new_algorithms_for_simulating_polymer_7cae9242] Extracting interactions: https://thequantuminsider.com/2023/10/30/from-quantum-computing-new-algorithms-for-simulating-polymeric-materials (1/1), chunk 19/33
[05:01:11 +6m 54s | thequantuminsider_2023_10_30_from_quantum_computing_new_algorithms_for_simulating_polymer_7cae9242] Extracting interactions: https://thequantuminsider.com/2023/10/30/from-quantum-computing-new-algorithms-for-simulating-polymeric-materials (1/1), chunk 20/33
[05:01:13 +6m 55s | thequantuminsider_2023_10_30_from_quantum_computing_new_algorithms_for_simulating_polymer_7cae9242] Extracting interactions: https://thequantuminsider.com/2023/10/30/from-quantum-computing-new-algorithms-for-simulating-polymeric-materials (1/1), chunk 21/33
[05:01:14 +6m 57s | thequantuminsider_2023_10_30_from_quantum_computing_new_algorithms_for_simulating_polymer_7cae9242] Extracting interactions: https://thequantuminsider.com/2023/10/30/from-quantum-computing-new-algorithms-for-simulating-polymeric-materials (1/1), chunk 22/33
[05:01:20 +7m 3s | thequantuminsider_2023_10_30_from_quantum_computing_new_algorithms_for_simulating_polymer_7cae9242] Extracting interactions: https://thequantuminsider.com/2023/10/30/from-quantum-computing-new-algorithms-for-simulating-polymeric-materials (1/1), chunk 23/33
[05:01:25 +7m 8s | thequantuminsider_2023_10_30_from_quantum_computing_new_algorithms_for_simulating_polymer_7cae9242] Extracting interactions: https://thequantuminsider.com/2023/10/30/from-quantum-computing-new-algorithms-for-simulating-polymeric-materials (1/1), chunk 25/33
[05:01:48 +7m 32s | thequantuminsider_2023_10_30_from_quantum_computing_new_algorithms_for_simulating_polymer_7cae9242] Extracting interactions: https://thequantuminsider.com/2023/10/30/from-quantum-computing-new-algorithms-for-simulating-polymeric-materials (1/1), chunk 27/33
[05:02:13 +7m 59s | thequantuminsider_2023_10_30_from_quantum_computing_new_algorithms_for_simulating_polymer_7cae9242] Extracting interactions: https://thequantuminsider.com/2023/10/30/from-quantum-computing-new-algorithms-for-simulating-polymeric-materials (1/1), chunk 28/33
[05:02:19 +8m 5s | thequantuminsider_2023_10_30_from_quantum_computing_new_algorithms_for_simulating_polymer_7cae9242] Extracting interactions: https://thequantuminsider.com/2023/10/30/from-quantum-computing-new-algorithms-for-simulating-polymeric-materials (1/1), chunk 29/33
[05:02:24 +8m 10s | thequantuminsider_2023_10_30_from_quantum_computing_new_algorithms_for_simulating_polymer_7cae9242] Extracting interactions: https://thequantuminsider.com/2023/10/30/from-quantum-computing-new-algorithms-for-simulating-polymeric-materials (1/1), chunk 31/33
[05:02:26 +8m 12s | thequantuminsider_2023_10_30_from_quantum_computing_new_algorithms_for_simulating_polymer_7cae9242] Extracting interactions: https://thequantuminsider.com/2023/10/30/from-quantum-computing-new-algorithms-for-simulating-polymeric-materials (1/1), chunk 32/33
[05:02:27 +8m 13s | thequantuminsider_2023_10_30_from_quantum_computing_new_algorithms_for_simulating_polymer_7cae9242] Saved 3_interaction_results.json with 30 extracted interactions.

[05:02:27 +8m 13s | thequantuminsider_2023_10_30_from_quantum_computing_new_algorithms_for_simulating_polymer_7cae9242] === 4 clean interactions ===
[05:02:27 +8m 13s | thequantuminsider_2023_10_30_from_quantum_computing_new_algorithms_for_simulating_polymer_7cae9242] Saved 4_edges.json with 1 cleaned interactions.

[05:02:27 +8m 13s | thequantuminsider_2023_10_30_from_quantum_computing_new_algorithms_for_simulating_polymer_7cae9242] === 5 helix enrichment ===
[05:02:27 +8m 13s | thequantuminsider_2023_10_30_from_quantum_computing_new_algorithms_for_simulating_polymer_7cae9242] Wrote 5_nodes.json (23 actors)
[05:02:27 +8m 13s | thequantuminsider_2023_10_30_from_quantum_computing_new_algorithms_for_simulating_polymer_7cae9242] Wrote 5_edges.json (1 interactions)
[05:02:27 +8m 13s | thequantuminsider_2023_10_30_from_quantum_computing_new_algorithms_for_simulating_polymer_7cae9242] Actor helix counts: {'Academia': 2, 'Civil Society': 4, 'Government': 2, 'Industry': 3, 'Intermediary': 1, 'Unknown': 11}
[05:02:27 +8m 13s | thequantuminsider_2023_10_30_from_quantum_computing_new_algorithms_for_simulating_polymer_7cae9242] Functional-space counts: {'Intra-helix / Not classified': 1}

[05:02:27 +8m 13s | thequantuminsider_2023_10_30_from_quantum_computing_new_algorithms_for_simulating_polymer_7cae9242] === 6 network visualisation ===
[05:02:28 +8m 14s | thequantuminsider_2023_10_30_from_quantum_computing_new_algorithms_for_simulating_polymer_7cae9242] Wrote quantum_network.html
[05:02:28 +8m 14s | thequantuminsider_2023_10_30_from_quantum_computing_new_algorithms_for_simulating_polymer_7cae9242] Nodes: 23
[05:02:28 +8m 14s | thequantuminsider_2023_10_30_from_quantum_computing_new_algorithms_for_simulating_polymer_7cae9242] Edges: 1

[05:02:28 +8m 14s | thequantuminsider_2023_10_30_from_quantum_computing_new_algorithms_for_simulating_polymer_7cae9242] Done. Outputs written to: /home/lv/IDP/idpdeeptech/pipeline/news_outputs/thequantuminsider_2023_10_30_from_quantum_computing_new_algorithms_for_simulating_polymer_7cae9242
[05:02:28 +8m 14s | thequantuminsider_2023_10_30_from_quantum_computing_new_algorithms_for_simulating_polymer_7cae9242] Log: /home/lv/IDP/idpdeeptech/pipeline/news_outputs/thequantuminsider_2023_10_30_from_quantum_computing_new_algorithms_for_simulating_polymer_7cae9242/run.log

========================================================================
RUN FINISHED 2026-07-05 05:02:28  (OK)
Started:     2026-07-05 04:54:42
Elapsed:     8m 14s
========================================================================
