
========================================================================
RUN STARTED  2026-07-05 01:35:10
site_pipeline.py https://thequantuminsider.com/2023/12/06/multiverse-computing-and-moodys-analytics-announce-qfstudiotm-saas-quantum-platform/
========================================================================

[01:35:10 +0s | thequantuminsider_2023_12_06_multiverse_computing_and_moodys_analytics_announce_qfstudiot_47c9414c] === 0 crawl site ===
[01:35:11 +1s | thequantuminsider_2023_12_06_multiverse_computing_and_moodys_analytics_announce_qfstudiot_47c9414c] [INIT].... → Crawl4AI 0.8.6 
[01:35:14 +4s | thequantuminsider_2023_12_06_multiverse_computing_and_moodys_analytics_announce_qfstudiot_47c9414c] [FETCH]... ↓ https://thequantuminsider.com/2023/12/06/multive...ytics-announce-qfstudiotm-saas-quantum-platform/  | ✓ | ⏱: 2.83s 
[01:35:14 +4s | thequantuminsider_2023_12_06_multiverse_computing_and_moodys_analytics_announce_qfstudiot_47c9414c] [SCRAPE].. ◆ https://thequantuminsider.com/2023/12/06/multive...ytics-announce-qfstudiotm-saas-quantum-platform/  | ✓ | ⏱: 0.12s 
[01:35:14 +4s | thequantuminsider_2023_12_06_multiverse_computing_and_moodys_analytics_announce_qfstudiot_47c9414c] [COMPLETE] ● https://thequantuminsider.com/2023/12/06/multive...ytics-announce-qfstudiotm-saas-quantum-platform/  | ✓ | ⏱: 2.98s 
[01:35:14 +4s | thequantuminsider_2023_12_06_multiverse_computing_and_moodys_analytics_announce_qfstudiot_47c9414c] Saved: crawl_output/fd499172fa_thequantuminsider.com_2023_12_06_multiverse-computing-and-moodys-analytics-announce-qfstudiotm-saas-quantum-platform.json

[01:35:14 +5s | thequantuminsider_2023_12_06_multiverse_computing_and_moodys_analytics_announce_qfstudiot_47c9414c] === 1 actor extraction ===
[01:35:15 +5s | thequantuminsider_2023_12_06_multiverse_computing_and_moodys_analytics_announce_qfstudiot_47c9414c] Reading page (1/1): https://thequantuminsider.com/2023/12/06/multiverse-computing-and-moodys-analytics-announce-qfstudiotm-saas-quantum-platform
[01:35:15 +5s | thequantuminsider_2023_12_06_multiverse_computing_and_moodys_analytics_announce_qfstudiot_47c9414c] Extracting actors: https://thequantuminsider.com/2023/12/06/multiverse-computing-and-moodys-analytics-announce-qfstudiotm-saas-quantum-platform (1/1), chunk 1/36
[01:35:22 +13s | thequantuminsider_2023_12_06_multiverse_computing_and_moodys_analytics_announce_qfstudiot_47c9414c] Repaired malformed JSON.
[01:35:22 +13s | thequantuminsider_2023_12_06_multiverse_computing_and_moodys_analytics_announce_qfstudiot_47c9414c] Extracting actors: https://thequantuminsider.com/2023/12/06/multiverse-computing-and-moodys-analytics-announce-qfstudiotm-saas-quantum-platform (1/1), chunk 2/36
[01:35:30 +21s | thequantuminsider_2023_12_06_multiverse_computing_and_moodys_analytics_announce_qfstudiot_47c9414c] Repaired malformed JSON.
[01:35:30 +21s | thequantuminsider_2023_12_06_multiverse_computing_and_moodys_analytics_announce_qfstudiot_47c9414c] Extracting actors: https://thequantuminsider.com/2023/12/06/multiverse-computing-and-moodys-analytics-announce-qfstudiotm-saas-quantum-platform (1/1), chunk 3/36
[01:35:36 +28s | thequantuminsider_2023_12_06_multiverse_computing_and_moodys_analytics_announce_qfstudiot_47c9414c] Extracting actors: https://thequantuminsider.com/2023/12/06/multiverse-computing-and-moodys-analytics-announce-qfstudiotm-saas-quantum-platform (1/1), chunk 4/36
[01:35:44 +36s | thequantuminsider_2023_12_06_multiverse_computing_and_moodys_analytics_announce_qfstudiot_47c9414c] Repaired malformed JSON.
[01:35:44 +36s | thequantuminsider_2023_12_06_multiverse_computing_and_moodys_analytics_announce_qfstudiot_47c9414c] Extracting actors: https://thequantuminsider.com/2023/12/06/multiverse-computing-and-moodys-analytics-announce-qfstudiotm-saas-quantum-platform (1/1), chunk 5/36
[01:35:51 +43s | thequantuminsider_2023_12_06_multiverse_computing_and_moodys_analytics_announce_qfstudiot_47c9414c] Repaired malformed JSON.
[01:35:51 +43s | thequantuminsider_2023_12_06_multiverse_computing_and_moodys_analytics_announce_qfstudiot_47c9414c] Extracting actors: https://thequantuminsider.com/2023/12/06/multiverse-computing-and-moodys-analytics-announce-qfstudiotm-saas-quantum-platform (1/1), chunk 6/36
[01:35:58 +51s | thequantuminsider_2023_12_06_multiverse_computing_and_moodys_analytics_announce_qfstudiot_47c9414c] Extracting actors: https://thequantuminsider.com/2023/12/06/multiverse-computing-and-moodys-analytics-announce-qfstudiotm-saas-quantum-platform (1/1), chunk 7/36
[01:36:04 +56s | thequantuminsider_2023_12_06_multiverse_computing_and_moodys_analytics_announce_qfstudiot_47c9414c] Repaired malformed JSON.
[01:36:04 +56s | thequantuminsider_2023_12_06_multiverse_computing_and_moodys_analytics_announce_qfstudiot_47c9414c] Extracting actors: https://thequantuminsider.com/2023/12/06/multiverse-computing-and-moodys-analytics-announce-qfstudiotm-saas-quantum-platform (1/1), chunk 8/36
[01:36:13 +1m 5s | thequantuminsider_2023_12_06_multiverse_computing_and_moodys_analytics_announce_qfstudiot_47c9414c] Repaired malformed JSON.
[01:36:13 +1m 5s | thequantuminsider_2023_12_06_multiverse_computing_and_moodys_analytics_announce_qfstudiot_47c9414c] Extracting actors: https://thequantuminsider.com/2023/12/06/multiverse-computing-and-moodys-analytics-announce-qfstudiotm-saas-quantum-platform (1/1), chunk 9/36
[01:36:21 +1m 13s | thequantuminsider_2023_12_06_multiverse_computing_and_moodys_analytics_announce_qfstudiot_47c9414c] Extracting actors: https://thequantuminsider.com/2023/12/06/multiverse-computing-and-moodys-analytics-announce-qfstudiotm-saas-quantum-platform (1/1), chunk 10/36
[01:36:27 +1m 20s | thequantuminsider_2023_12_06_multiverse_computing_and_moodys_analytics_announce_qfstudiot_47c9414c] Extracting actors: https://thequantuminsider.com/2023/12/06/multiverse-computing-and-moodys-analytics-announce-qfstudiotm-saas-quantum-platform (1/1), chunk 11/36
[01:36:33 +1m 27s | thequantuminsider_2023_12_06_multiverse_computing_and_moodys_analytics_announce_qfstudiot_47c9414c] Repaired malformed JSON.
[01:36:33 +1m 27s | thequantuminsider_2023_12_06_multiverse_computing_and_moodys_analytics_announce_qfstudiot_47c9414c] Extracting actors: https://thequantuminsider.com/2023/12/06/multiverse-computing-and-moodys-analytics-announce-qfstudiotm-saas-quantum-platform (1/1), chunk 12/36
[01:36:42 +1m 36s | thequantuminsider_2023_12_06_multiverse_computing_and_moodys_analytics_announce_qfstudiot_47c9414c] Repaired malformed JSON.
[01:36:42 +1m 36s | thequantuminsider_2023_12_06_multiverse_computing_and_moodys_analytics_announce_qfstudiot_47c9414c] Extracting actors: https://thequantuminsider.com/2023/12/06/multiverse-computing-and-moodys-analytics-announce-qfstudiotm-saas-quantum-platform (1/1), chunk 13/36
[01:36:49 +1m 43s | thequantuminsider_2023_12_06_multiverse_computing_and_moodys_analytics_announce_qfstudiot_47c9414c] Repaired malformed JSON.
[01:36:49 +1m 43s | thequantuminsider_2023_12_06_multiverse_computing_and_moodys_analytics_announce_qfstudiot_47c9414c] Extracting actors: https://thequantuminsider.com/2023/12/06/multiverse-computing-and-moodys-analytics-announce-qfstudiotm-saas-quantum-platform (1/1), chunk 14/36
[01:36:58 +1m 52s | thequantuminsider_2023_12_06_multiverse_computing_and_moodys_analytics_announce_qfstudiot_47c9414c] Repaired malformed JSON.
[01:36:58 +1m 52s | thequantuminsider_2023_12_06_multiverse_computing_and_moodys_analytics_announce_qfstudiot_47c9414c] Extracting actors: https://thequantuminsider.com/2023/12/06/multiverse-computing-and-moodys-analytics-announce-qfstudiotm-saas-quantum-platform (1/1), chunk 15/36
[01:37:08 +2m 2s | thequantuminsider_2023_12_06_multiverse_computing_and_moodys_analytics_announce_qfstudiot_47c9414c] Repaired malformed JSON.
[01:37:08 +2m 2s | thequantuminsider_2023_12_06_multiverse_computing_and_moodys_analytics_announce_qfstudiot_47c9414c] Extracting actors: https://thequantuminsider.com/2023/12/06/multiverse-computing-and-moodys-analytics-announce-qfstudiotm-saas-quantum-platform (1/1), chunk 16/36
[01:37:14 +2m 9s | thequantuminsider_2023_12_06_multiverse_computing_and_moodys_analytics_announce_qfstudiot_47c9414c] Repaired malformed JSON.
[01:37:14 +2m 9s | thequantuminsider_2023_12_06_multiverse_computing_and_moodys_analytics_announce_qfstudiot_47c9414c] Extracting actors: https://thequantuminsider.com/2023/12/06/multiverse-computing-and-moodys-analytics-announce-qfstudiotm-saas-quantum-platform (1/1), chunk 17/36
[01:37:34 +2m 29s | thequantuminsider_2023_12_06_multiverse_computing_and_moodys_analytics_announce_qfstudiot_47c9414c] Repaired malformed JSON.
[01:37:34 +2m 29s | thequantuminsider_2023_12_06_multiverse_computing_and_moodys_analytics_announce_qfstudiot_47c9414c] Extracting actors: https://thequantuminsider.com/2023/12/06/multiverse-computing-and-moodys-analytics-announce-qfstudiotm-saas-quantum-platform (1/1), chunk 18/36
[01:37:42 +2m 37s | thequantuminsider_2023_12_06_multiverse_computing_and_moodys_analytics_announce_qfstudiot_47c9414c] Repaired malformed JSON.
[01:37:42 +2m 37s | thequantuminsider_2023_12_06_multiverse_computing_and_moodys_analytics_announce_qfstudiot_47c9414c] Extracting actors: https://thequantuminsider.com/2023/12/06/multiverse-computing-and-moodys-analytics-announce-qfstudiotm-saas-quantum-platform (1/1), chunk 19/36
[01:38:07 +3m 4s | thequantuminsider_2023_12_06_multiverse_computing_and_moodys_analytics_announce_qfstudiot_47c9414c] Repaired malformed JSON.
[01:38:07 +3m 4s | thequantuminsider_2023_12_06_multiverse_computing_and_moodys_analytics_announce_qfstudiot_47c9414c] Extracting actors: https://thequantuminsider.com/2023/12/06/multiverse-computing-and-moodys-analytics-announce-qfstudiotm-saas-quantum-platform (1/1), chunk 20/36
[01:38:30 +3m 28s | thequantuminsider_2023_12_06_multiverse_computing_and_moodys_analytics_announce_qfstudiot_47c9414c] Repaired malformed JSON.
[01:38:30 +3m 28s | thequantuminsider_2023_12_06_multiverse_computing_and_moodys_analytics_announce_qfstudiot_47c9414c] Extracting actors: https://thequantuminsider.com/2023/12/06/multiverse-computing-and-moodys-analytics-announce-qfstudiotm-saas-quantum-platform (1/1), chunk 21/36
[01:38:37 +3m 35s | thequantuminsider_2023_12_06_multiverse_computing_and_moodys_analytics_announce_qfstudiot_47c9414c] Repaired malformed JSON.
[01:38:37 +3m 35s | thequantuminsider_2023_12_06_multiverse_computing_and_moodys_analytics_announce_qfstudiot_47c9414c] Extracting actors: https://thequantuminsider.com/2023/12/06/multiverse-computing-and-moodys-analytics-announce-qfstudiotm-saas-quantum-platform (1/1), chunk 22/36
[01:39:03 +4m 2s | thequantuminsider_2023_12_06_multiverse_computing_and_moodys_analytics_announce_qfstudiot_47c9414c] Repaired malformed JSON.
[01:39:03 +4m 2s | thequantuminsider_2023_12_06_multiverse_computing_and_moodys_analytics_announce_qfstudiot_47c9414c] Extracting actors: https://thequantuminsider.com/2023/12/06/multiverse-computing-and-moodys-analytics-announce-qfstudiotm-saas-quantum-platform (1/1), chunk 23/36
[01:39:16 +4m 14s | thequantuminsider_2023_12_06_multiverse_computing_and_moodys_analytics_announce_qfstudiot_47c9414c] Repaired malformed JSON.
[01:39:16 +4m 14s | thequantuminsider_2023_12_06_multiverse_computing_and_moodys_analytics_announce_qfstudiot_47c9414c] Extracting actors: https://thequantuminsider.com/2023/12/06/multiverse-computing-and-moodys-analytics-announce-qfstudiotm-saas-quantum-platform (1/1), chunk 24/36
[01:39:22 +4m 20s | thequantuminsider_2023_12_06_multiverse_computing_and_moodys_analytics_announce_qfstudiot_47c9414c] Extracting actors: https://thequantuminsider.com/2023/12/06/multiverse-computing-and-moodys-analytics-announce-qfstudiotm-saas-quantum-platform (1/1), chunk 25/36
[01:39:26 +4m 25s | thequantuminsider_2023_12_06_multiverse_computing_and_moodys_analytics_announce_qfstudiot_47c9414c] Extracting actors: https://thequantuminsider.com/2023/12/06/multiverse-computing-and-moodys-analytics-announce-qfstudiotm-saas-quantum-platform (1/1), chunk 26/36
[01:39:29 +4m 29s | thequantuminsider_2023_12_06_multiverse_computing_and_moodys_analytics_announce_qfstudiot_47c9414c] Extracting actors: https://thequantuminsider.com/2023/12/06/multiverse-computing-and-moodys-analytics-announce-qfstudiotm-saas-quantum-platform (1/1), chunk 27/36
[01:39:33 +4m 33s | thequantuminsider_2023_12_06_multiverse_computing_and_moodys_analytics_announce_qfstudiot_47c9414c] Extracting actors: https://thequantuminsider.com/2023/12/06/multiverse-computing-and-moodys-analytics-announce-qfstudiotm-saas-quantum-platform (1/1), chunk 28/36
[01:39:36 +4m 36s | thequantuminsider_2023_12_06_multiverse_computing_and_moodys_analytics_announce_qfstudiot_47c9414c] Extracting actors: https://thequantuminsider.com/2023/12/06/multiverse-computing-and-moodys-analytics-announce-qfstudiotm-saas-quantum-platform (1/1), chunk 29/36
[01:39:41 +4m 41s | thequantuminsider_2023_12_06_multiverse_computing_and_moodys_analytics_announce_qfstudiot_47c9414c] Repaired malformed JSON.
[01:39:41 +4m 41s | thequantuminsider_2023_12_06_multiverse_computing_and_moodys_analytics_announce_qfstudiot_47c9414c] Extracting actors: https://thequantuminsider.com/2023/12/06/multiverse-computing-and-moodys-analytics-announce-qfstudiotm-saas-quantum-platform (1/1), chunk 30/36
[01:39:48 +4m 47s | thequantuminsider_2023_12_06_multiverse_computing_and_moodys_analytics_announce_qfstudiot_47c9414c] Repaired malformed JSON.
[01:39:48 +4m 47s | thequantuminsider_2023_12_06_multiverse_computing_and_moodys_analytics_announce_qfstudiot_47c9414c] Extracting actors: https://thequantuminsider.com/2023/12/06/multiverse-computing-and-moodys-analytics-announce-qfstudiotm-saas-quantum-platform (1/1), chunk 31/36
[01:39:54 +4m 54s | thequantuminsider_2023_12_06_multiverse_computing_and_moodys_analytics_announce_qfstudiot_47c9414c] Repaired malformed JSON.
[01:39:54 +4m 54s | thequantuminsider_2023_12_06_multiverse_computing_and_moodys_analytics_announce_qfstudiot_47c9414c] Extracting actors: https://thequantuminsider.com/2023/12/06/multiverse-computing-and-moodys-analytics-announce-qfstudiotm-saas-quantum-platform (1/1), chunk 32/36
[01:40:00 +4m 59s | thequantuminsider_2023_12_06_multiverse_computing_and_moodys_analytics_announce_qfstudiot_47c9414c] Repaired malformed JSON.
[01:40:00 +4m 59s | thequantuminsider_2023_12_06_multiverse_computing_and_moodys_analytics_announce_qfstudiot_47c9414c] Extracting actors: https://thequantuminsider.com/2023/12/06/multiverse-computing-and-moodys-analytics-announce-qfstudiotm-saas-quantum-platform (1/1), chunk 33/36
[01:40:06 +5m 7s | thequantuminsider_2023_12_06_multiverse_computing_and_moodys_analytics_announce_qfstudiot_47c9414c] Repaired malformed JSON.
[01:40:06 +5m 7s | thequantuminsider_2023_12_06_multiverse_computing_and_moodys_analytics_announce_qfstudiot_47c9414c] Extracting actors: https://thequantuminsider.com/2023/12/06/multiverse-computing-and-moodys-analytics-announce-qfstudiotm-saas-quantum-platform (1/1), chunk 34/36
[01:40:15 +5m 16s | thequantuminsider_2023_12_06_multiverse_computing_and_moodys_analytics_announce_qfstudiot_47c9414c] Repaired malformed JSON.
[01:40:15 +5m 16s | thequantuminsider_2023_12_06_multiverse_computing_and_moodys_analytics_announce_qfstudiot_47c9414c] Extracting actors: https://thequantuminsider.com/2023/12/06/multiverse-computing-and-moodys-analytics-announce-qfstudiotm-saas-quantum-platform (1/1), chunk 35/36
[01:40:23 +5m 24s | thequantuminsider_2023_12_06_multiverse_computing_and_moodys_analytics_announce_qfstudiot_47c9414c] Repaired malformed JSON.
[01:40:23 +5m 24s | thequantuminsider_2023_12_06_multiverse_computing_and_moodys_analytics_announce_qfstudiot_47c9414c] Extracting actors: https://thequantuminsider.com/2023/12/06/multiverse-computing-and-moodys-analytics-announce-qfstudiotm-saas-quantum-platform (1/1), chunk 36/36
[01:40:30 +5m 31s | thequantuminsider_2023_12_06_multiverse_computing_and_moodys_analytics_announce_qfstudiot_47c9414c] Repaired malformed JSON.
[01:40:30 +5m 31s | thequantuminsider_2023_12_06_multiverse_computing_and_moodys_analytics_announce_qfstudiot_47c9414c] Saved 1_actor_results.json with 59 extracted records

[01:40:30 +5m 31s | thequantuminsider_2023_12_06_multiverse_computing_and_moodys_analytics_announce_qfstudiot_47c9414c] === 2 clean actors ===
[01:40:30 +5m 31s | thequantuminsider_2023_12_06_multiverse_computing_and_moodys_analytics_announce_qfstudiot_47c9414c] Loaded 59 extracted records
[01:40:30 +5m 31s | thequantuminsider_2023_12_06_multiverse_computing_and_moodys_analytics_announce_qfstudiot_47c9414c] Saved 2_actor_nodes.json with 11 canonical actor nodes

[01:40:30 +5m 31s | thequantuminsider_2023_12_06_multiverse_computing_and_moodys_analytics_announce_qfstudiot_47c9414c] === 3 interaction extraction ===
[01:40:30 +5m 31s | thequantuminsider_2023_12_06_multiverse_computing_and_moodys_analytics_announce_qfstudiot_47c9414c] Extracting interactions: https://thequantuminsider.com/2023/12/06/multiverse-computing-and-moodys-analytics-announce-qfstudiotm-saas-quantum-platform (1/1), chunk 11/36
[01:40:47 +5m 49s | thequantuminsider_2023_12_06_multiverse_computing_and_moodys_analytics_announce_qfstudiot_47c9414c] Extracting interactions: https://thequantuminsider.com/2023/12/06/multiverse-computing-and-moodys-analytics-announce-qfstudiotm-saas-quantum-platform (1/1), chunk 12/36
[01:41:02 +6m 3s | thequantuminsider_2023_12_06_multiverse_computing_and_moodys_analytics_announce_qfstudiot_47c9414c] Extracting interactions: https://thequantuminsider.com/2023/12/06/multiverse-computing-and-moodys-analytics-announce-qfstudiotm-saas-quantum-platform (1/1), chunk 13/36
[01:41:28 +6m 31s | thequantuminsider_2023_12_06_multiverse_computing_and_moodys_analytics_announce_qfstudiot_47c9414c] Extracting interactions: https://thequantuminsider.com/2023/12/06/multiverse-computing-and-moodys-analytics-announce-qfstudiotm-saas-quantum-platform (1/1), chunk 14/36
[01:41:40 +6m 44s | thequantuminsider_2023_12_06_multiverse_computing_and_moodys_analytics_announce_qfstudiot_47c9414c] Extracting interactions: https://thequantuminsider.com/2023/12/06/multiverse-computing-and-moodys-analytics-announce-qfstudiotm-saas-quantum-platform (1/1), chunk 15/36
[01:41:45 +6m 49s | thequantuminsider_2023_12_06_multiverse_computing_and_moodys_analytics_announce_qfstudiot_47c9414c] Extracting interactions: https://thequantuminsider.com/2023/12/06/multiverse-computing-and-moodys-analytics-announce-qfstudiotm-saas-quantum-platform (1/1), chunk 16/36
[01:41:46 +6m 50s | thequantuminsider_2023_12_06_multiverse_computing_and_moodys_analytics_announce_qfstudiot_47c9414c] Extracting interactions: https://thequantuminsider.com/2023/12/06/multiverse-computing-and-moodys-analytics-announce-qfstudiotm-saas-quantum-platform (1/1), chunk 19/36
[01:41:48 +6m 52s | thequantuminsider_2023_12_06_multiverse_computing_and_moodys_analytics_announce_qfstudiot_47c9414c] Extracting interactions: https://thequantuminsider.com/2023/12/06/multiverse-computing-and-moodys-analytics-announce-qfstudiotm-saas-quantum-platform (1/1), chunk 20/36
[01:41:54 +6m 58s | thequantuminsider_2023_12_06_multiverse_computing_and_moodys_analytics_announce_qfstudiot_47c9414c] Extracting interactions: https://thequantuminsider.com/2023/12/06/multiverse-computing-and-moodys-analytics-announce-qfstudiotm-saas-quantum-platform (1/1), chunk 25/36
[01:41:55 +6m 59s | thequantuminsider_2023_12_06_multiverse_computing_and_moodys_analytics_announce_qfstudiot_47c9414c] Extracting interactions: https://thequantuminsider.com/2023/12/06/multiverse-computing-and-moodys-analytics-announce-qfstudiotm-saas-quantum-platform (1/1), chunk 26/36
[01:42:00 +7m 4s | thequantuminsider_2023_12_06_multiverse_computing_and_moodys_analytics_announce_qfstudiot_47c9414c] Extracting interactions: https://thequantuminsider.com/2023/12/06/multiverse-computing-and-moodys-analytics-announce-qfstudiotm-saas-quantum-platform (1/1), chunk 27/36
[01:42:02 +7m 6s | thequantuminsider_2023_12_06_multiverse_computing_and_moodys_analytics_announce_qfstudiot_47c9414c] Extracting interactions: https://thequantuminsider.com/2023/12/06/multiverse-computing-and-moodys-analytics-announce-qfstudiotm-saas-quantum-platform (1/1), chunk 29/36
[01:42:04 +7m 8s | thequantuminsider_2023_12_06_multiverse_computing_and_moodys_analytics_announce_qfstudiot_47c9414c] Extracting interactions: https://thequantuminsider.com/2023/12/06/multiverse-computing-and-moodys-analytics-announce-qfstudiotm-saas-quantum-platform (1/1), chunk 30/36
[01:42:12 +7m 17s | thequantuminsider_2023_12_06_multiverse_computing_and_moodys_analytics_announce_qfstudiot_47c9414c] Extracting interactions: https://thequantuminsider.com/2023/12/06/multiverse-computing-and-moodys-analytics-announce-qfstudiotm-saas-quantum-platform (1/1), chunk 31/36
[01:42:13 +7m 19s | thequantuminsider_2023_12_06_multiverse_computing_and_moodys_analytics_announce_qfstudiot_47c9414c] Extracting interactions: https://thequantuminsider.com/2023/12/06/multiverse-computing-and-moodys-analytics-announce-qfstudiotm-saas-quantum-platform (1/1), chunk 32/36
[01:42:15 +7m 20s | thequantuminsider_2023_12_06_multiverse_computing_and_moodys_analytics_announce_qfstudiot_47c9414c] Extracting interactions: https://thequantuminsider.com/2023/12/06/multiverse-computing-and-moodys-analytics-announce-qfstudiotm-saas-quantum-platform (1/1), chunk 34/36
[01:42:17 +7m 22s | thequantuminsider_2023_12_06_multiverse_computing_and_moodys_analytics_announce_qfstudiot_47c9414c] Extracting interactions: https://thequantuminsider.com/2023/12/06/multiverse-computing-and-moodys-analytics-announce-qfstudiotm-saas-quantum-platform (1/1), chunk 35/36
[01:42:28 +7m 33s | thequantuminsider_2023_12_06_multiverse_computing_and_moodys_analytics_announce_qfstudiot_47c9414c] Saved 3_interaction_results.json with 18 extracted interactions.

[01:42:28 +7m 33s | thequantuminsider_2023_12_06_multiverse_computing_and_moodys_analytics_announce_qfstudiot_47c9414c] === 4 clean interactions ===
[01:42:28 +7m 33s | thequantuminsider_2023_12_06_multiverse_computing_and_moodys_analytics_announce_qfstudiot_47c9414c] Saved 4_edges.json with 0 cleaned interactions.

[01:42:28 +7m 33s | thequantuminsider_2023_12_06_multiverse_computing_and_moodys_analytics_announce_qfstudiot_47c9414c] === 5 helix enrichment ===
[01:42:28 +7m 34s | thequantuminsider_2023_12_06_multiverse_computing_and_moodys_analytics_announce_qfstudiot_47c9414c] Wrote 5_nodes.json (11 actors)
[01:42:28 +7m 34s | thequantuminsider_2023_12_06_multiverse_computing_and_moodys_analytics_announce_qfstudiot_47c9414c] Wrote 5_edges.json (0 interactions)
[01:42:28 +7m 34s | thequantuminsider_2023_12_06_multiverse_computing_and_moodys_analytics_announce_qfstudiot_47c9414c] Actor helix counts: {'Academia': 1, 'Civil Society': 1, 'Industry': 4, 'Unknown': 5}
[01:42:28 +7m 34s | thequantuminsider_2023_12_06_multiverse_computing_and_moodys_analytics_announce_qfstudiot_47c9414c] Functional-space counts: {}

[01:42:28 +7m 34s | thequantuminsider_2023_12_06_multiverse_computing_and_moodys_analytics_announce_qfstudiot_47c9414c] === 6 network visualisation ===
[01:42:29 +7m 34s | thequantuminsider_2023_12_06_multiverse_computing_and_moodys_analytics_announce_qfstudiot_47c9414c] Wrote quantum_network.html
[01:42:29 +7m 34s | thequantuminsider_2023_12_06_multiverse_computing_and_moodys_analytics_announce_qfstudiot_47c9414c] Nodes: 11
[01:42:29 +7m 34s | thequantuminsider_2023_12_06_multiverse_computing_and_moodys_analytics_announce_qfstudiot_47c9414c] Edges: 0

[01:42:29 +7m 34s | thequantuminsider_2023_12_06_multiverse_computing_and_moodys_analytics_announce_qfstudiot_47c9414c] Done. Outputs written to: /home/lv/IDP/idpdeeptech/pipeline/news_outputs/thequantuminsider_2023_12_06_multiverse_computing_and_moodys_analytics_announce_qfstudiot_47c9414c
[01:42:29 +7m 34s | thequantuminsider_2023_12_06_multiverse_computing_and_moodys_analytics_announce_qfstudiot_47c9414c] Log: /home/lv/IDP/idpdeeptech/pipeline/news_outputs/thequantuminsider_2023_12_06_multiverse_computing_and_moodys_analytics_announce_qfstudiot_47c9414c/run.log

========================================================================
RUN FINISHED 2026-07-05 01:42:29  (OK)
Started:     2026-07-05 01:35:10
Elapsed:     7m 34s
========================================================================
