
========================================================================
RUN STARTED  2026-07-05 06:36:24
site_pipeline.py https://thequantuminsider.com/2023/10/05/examining-the-superconducting-diode-effect/
========================================================================

[06:36:24 +0s | thequantuminsider_2023_10_05_examining_the_superconducting_diode_effect] === 0 crawl site ===
[06:36:25 +1s | thequantuminsider_2023_10_05_examining_the_superconducting_diode_effect] [INIT].... → Crawl4AI 0.8.6 
[06:36:27 +4s | thequantuminsider_2023_10_05_examining_the_superconducting_diode_effect] [FETCH]... ↓ https://thequantuminsider.com/2023/10/05/examining-the-superconducting-diode-effect/                 | ✓ | ⏱: 2.01s 
[06:36:27 +4s | thequantuminsider_2023_10_05_examining_the_superconducting_diode_effect] [SCRAPE].. ◆ https://thequantuminsider.com/2023/10/05/examining-the-superconducting-diode-effect/                 | ✓ | ⏱: 0.12s 
[06:36:27 +4s | thequantuminsider_2023_10_05_examining_the_superconducting_diode_effect] [COMPLETE] ● https://thequantuminsider.com/2023/10/05/examining-the-superconducting-diode-effect/                 | ✓ | ⏱: 2.15s 
[06:36:27 +4s | thequantuminsider_2023_10_05_examining_the_superconducting_diode_effect] Saved: crawl_output/58982aacb5_thequantuminsider.com_2023_10_05_examining-the-superconducting-diode-effect.json

[06:36:28 +4s | thequantuminsider_2023_10_05_examining_the_superconducting_diode_effect] === 1 actor extraction ===
[06:36:28 +4s | thequantuminsider_2023_10_05_examining_the_superconducting_diode_effect] Reading page (1/1): https://thequantuminsider.com/2023/10/05/examining-the-superconducting-diode-effect
[06:36:28 +4s | thequantuminsider_2023_10_05_examining_the_superconducting_diode_effect] Extracting actors: https://thequantuminsider.com/2023/10/05/examining-the-superconducting-diode-effect (1/1), chunk 1/36
[06:36:32 +8s | thequantuminsider_2023_10_05_examining_the_superconducting_diode_effect] Extracting actors: https://thequantuminsider.com/2023/10/05/examining-the-superconducting-diode-effect (1/1), chunk 2/36
[06:36:38 +14s | thequantuminsider_2023_10_05_examining_the_superconducting_diode_effect] Extracting actors: https://thequantuminsider.com/2023/10/05/examining-the-superconducting-diode-effect (1/1), chunk 3/36
[06:36:42 +19s | thequantuminsider_2023_10_05_examining_the_superconducting_diode_effect] Extracting actors: https://thequantuminsider.com/2023/10/05/examining-the-superconducting-diode-effect (1/1), chunk 4/36
[06:36:53 +32s | thequantuminsider_2023_10_05_examining_the_superconducting_diode_effect] Extracting actors: https://thequantuminsider.com/2023/10/05/examining-the-superconducting-diode-effect (1/1), chunk 5/36
[06:36:57 +36s | thequantuminsider_2023_10_05_examining_the_superconducting_diode_effect] Extracting actors: https://thequantuminsider.com/2023/10/05/examining-the-superconducting-diode-effect (1/1), chunk 6/36
[06:37:04 +42s | thequantuminsider_2023_10_05_examining_the_superconducting_diode_effect] Extracting actors: https://thequantuminsider.com/2023/10/05/examining-the-superconducting-diode-effect (1/1), chunk 7/36
[06:37:09 +47s | thequantuminsider_2023_10_05_examining_the_superconducting_diode_effect] Extracting actors: https://thequantuminsider.com/2023/10/05/examining-the-superconducting-diode-effect (1/1), chunk 8/36
[06:37:15 +54s | thequantuminsider_2023_10_05_examining_the_superconducting_diode_effect] Extracting actors: https://thequantuminsider.com/2023/10/05/examining-the-superconducting-diode-effect (1/1), chunk 9/36
[06:37:20 +1m 1s | thequantuminsider_2023_10_05_examining_the_superconducting_diode_effect] Extracting actors: https://thequantuminsider.com/2023/10/05/examining-the-superconducting-diode-effect (1/1), chunk 10/36
[06:37:25 +1m 6s | thequantuminsider_2023_10_05_examining_the_superconducting_diode_effect] Extracting actors: https://thequantuminsider.com/2023/10/05/examining-the-superconducting-diode-effect (1/1), chunk 11/36
[06:37:34 +1m 15s | thequantuminsider_2023_10_05_examining_the_superconducting_diode_effect] Repaired malformed JSON.
[06:37:34 +1m 15s | thequantuminsider_2023_10_05_examining_the_superconducting_diode_effect] Extracting actors: https://thequantuminsider.com/2023/10/05/examining-the-superconducting-diode-effect (1/1), chunk 12/36
[06:37:40 +1m 21s | thequantuminsider_2023_10_05_examining_the_superconducting_diode_effect] Repaired malformed JSON.
[06:37:40 +1m 21s | thequantuminsider_2023_10_05_examining_the_superconducting_diode_effect] Extracting actors: https://thequantuminsider.com/2023/10/05/examining-the-superconducting-diode-effect (1/1), chunk 13/36
[06:37:50 +1m 31s | thequantuminsider_2023_10_05_examining_the_superconducting_diode_effect] Repaired malformed JSON.
[06:37:50 +1m 31s | thequantuminsider_2023_10_05_examining_the_superconducting_diode_effect] Extracting actors: https://thequantuminsider.com/2023/10/05/examining-the-superconducting-diode-effect (1/1), chunk 14/36
[06:37:58 +1m 41s | thequantuminsider_2023_10_05_examining_the_superconducting_diode_effect] Repaired malformed JSON.
[06:37:58 +1m 41s | thequantuminsider_2023_10_05_examining_the_superconducting_diode_effect] Extracting actors: https://thequantuminsider.com/2023/10/05/examining-the-superconducting-diode-effect (1/1), chunk 15/36
[06:38:06 +1m 49s | thequantuminsider_2023_10_05_examining_the_superconducting_diode_effect] Repaired malformed JSON.
[06:38:06 +1m 49s | thequantuminsider_2023_10_05_examining_the_superconducting_diode_effect] Extracting actors: https://thequantuminsider.com/2023/10/05/examining-the-superconducting-diode-effect (1/1), chunk 16/36
[06:38:13 +1m 56s | thequantuminsider_2023_10_05_examining_the_superconducting_diode_effect] Repaired malformed JSON.
[06:38:13 +1m 56s | thequantuminsider_2023_10_05_examining_the_superconducting_diode_effect] Extracting actors: https://thequantuminsider.com/2023/10/05/examining-the-superconducting-diode-effect (1/1), chunk 17/36
[06:38:20 +2m 5s | thequantuminsider_2023_10_05_examining_the_superconducting_diode_effect] Repaired malformed JSON.
[06:38:20 +2m 5s | thequantuminsider_2023_10_05_examining_the_superconducting_diode_effect] Extracting actors: https://thequantuminsider.com/2023/10/05/examining-the-superconducting-diode-effect (1/1), chunk 18/36
[06:38:27 +2m 12s | thequantuminsider_2023_10_05_examining_the_superconducting_diode_effect] Repaired malformed JSON.
[06:38:27 +2m 12s | thequantuminsider_2023_10_05_examining_the_superconducting_diode_effect] Extracting actors: https://thequantuminsider.com/2023/10/05/examining-the-superconducting-diode-effect (1/1), chunk 19/36
[06:38:37 +2m 22s | thequantuminsider_2023_10_05_examining_the_superconducting_diode_effect] Repaired malformed JSON.
[06:38:37 +2m 22s | thequantuminsider_2023_10_05_examining_the_superconducting_diode_effect] Extracting actors: https://thequantuminsider.com/2023/10/05/examining-the-superconducting-diode-effect (1/1), chunk 20/36
[06:38:47 +2m 32s | thequantuminsider_2023_10_05_examining_the_superconducting_diode_effect] Repaired malformed JSON.
[06:38:47 +2m 32s | thequantuminsider_2023_10_05_examining_the_superconducting_diode_effect] Extracting actors: https://thequantuminsider.com/2023/10/05/examining-the-superconducting-diode-effect (1/1), chunk 21/36
[06:38:54 +2m 41s | thequantuminsider_2023_10_05_examining_the_superconducting_diode_effect] Repaired malformed JSON.
[06:38:54 +2m 41s | thequantuminsider_2023_10_05_examining_the_superconducting_diode_effect] Extracting actors: https://thequantuminsider.com/2023/10/05/examining-the-superconducting-diode-effect (1/1), chunk 22/36
[06:39:02 +2m 49s | thequantuminsider_2023_10_05_examining_the_superconducting_diode_effect] Repaired malformed JSON.
[06:39:02 +2m 49s | thequantuminsider_2023_10_05_examining_the_superconducting_diode_effect] Extracting actors: https://thequantuminsider.com/2023/10/05/examining-the-superconducting-diode-effect (1/1), chunk 23/36
[06:39:10 +2m 57s | thequantuminsider_2023_10_05_examining_the_superconducting_diode_effect] Repaired malformed JSON.
[06:39:10 +2m 57s | thequantuminsider_2023_10_05_examining_the_superconducting_diode_effect] Extracting actors: https://thequantuminsider.com/2023/10/05/examining-the-superconducting-diode-effect (1/1), chunk 24/36
[06:39:17 +3m 4s | thequantuminsider_2023_10_05_examining_the_superconducting_diode_effect] Repaired malformed JSON.
[06:39:17 +3m 4s | thequantuminsider_2023_10_05_examining_the_superconducting_diode_effect] Extracting actors: https://thequantuminsider.com/2023/10/05/examining-the-superconducting-diode-effect (1/1), chunk 25/36
[06:39:24 +3m 13s | thequantuminsider_2023_10_05_examining_the_superconducting_diode_effect] Repaired malformed JSON.
[06:39:24 +3m 13s | thequantuminsider_2023_10_05_examining_the_superconducting_diode_effect] Extracting actors: https://thequantuminsider.com/2023/10/05/examining-the-superconducting-diode-effect (1/1), chunk 26/36
[06:39:28 +3m 17s | thequantuminsider_2023_10_05_examining_the_superconducting_diode_effect] Extracting actors: https://thequantuminsider.com/2023/10/05/examining-the-superconducting-diode-effect (1/1), chunk 27/36
[06:39:38 +3m 27s | thequantuminsider_2023_10_05_examining_the_superconducting_diode_effect] Repaired malformed JSON.
[06:39:38 +3m 27s | thequantuminsider_2023_10_05_examining_the_superconducting_diode_effect] Extracting actors: https://thequantuminsider.com/2023/10/05/examining-the-superconducting-diode-effect (1/1), chunk 28/36
[06:39:44 +3m 34s | thequantuminsider_2023_10_05_examining_the_superconducting_diode_effect] Repaired malformed JSON.
[06:39:44 +3m 34s | thequantuminsider_2023_10_05_examining_the_superconducting_diode_effect] Extracting actors: https://thequantuminsider.com/2023/10/05/examining-the-superconducting-diode-effect (1/1), chunk 29/36
[06:39:53 +3m 45s | thequantuminsider_2023_10_05_examining_the_superconducting_diode_effect] Repaired malformed JSON.
[06:39:53 +3m 45s | thequantuminsider_2023_10_05_examining_the_superconducting_diode_effect] Extracting actors: https://thequantuminsider.com/2023/10/05/examining-the-superconducting-diode-effect (1/1), chunk 30/36
[06:40:04 +3m 55s | thequantuminsider_2023_10_05_examining_the_superconducting_diode_effect] Repaired malformed JSON.
[06:40:04 +3m 55s | thequantuminsider_2023_10_05_examining_the_superconducting_diode_effect] Extracting actors: https://thequantuminsider.com/2023/10/05/examining-the-superconducting-diode-effect (1/1), chunk 31/36
[06:40:13 +4m 4s | thequantuminsider_2023_10_05_examining_the_superconducting_diode_effect] Repaired malformed JSON.
[06:40:13 +4m 4s | thequantuminsider_2023_10_05_examining_the_superconducting_diode_effect] Extracting actors: https://thequantuminsider.com/2023/10/05/examining-the-superconducting-diode-effect (1/1), chunk 32/36
[06:40:20 +4m 13s | thequantuminsider_2023_10_05_examining_the_superconducting_diode_effect] Repaired malformed JSON.
[06:40:20 +4m 13s | thequantuminsider_2023_10_05_examining_the_superconducting_diode_effect] Extracting actors: https://thequantuminsider.com/2023/10/05/examining-the-superconducting-diode-effect (1/1), chunk 33/36
[06:40:29 +4m 23s | thequantuminsider_2023_10_05_examining_the_superconducting_diode_effect] Repaired malformed JSON.
[06:40:29 +4m 23s | thequantuminsider_2023_10_05_examining_the_superconducting_diode_effect] Extracting actors: https://thequantuminsider.com/2023/10/05/examining-the-superconducting-diode-effect (1/1), chunk 34/36
[06:40:37 +4m 31s | thequantuminsider_2023_10_05_examining_the_superconducting_diode_effect] Repaired malformed JSON.
[06:40:37 +4m 31s | thequantuminsider_2023_10_05_examining_the_superconducting_diode_effect] Extracting actors: https://thequantuminsider.com/2023/10/05/examining-the-superconducting-diode-effect (1/1), chunk 35/36
[06:40:44 +4m 38s | thequantuminsider_2023_10_05_examining_the_superconducting_diode_effect] Repaired malformed JSON.
[06:40:44 +4m 38s | thequantuminsider_2023_10_05_examining_the_superconducting_diode_effect] Extracting actors: https://thequantuminsider.com/2023/10/05/examining-the-superconducting-diode-effect (1/1), chunk 36/36
[06:40:50 +4m 46s | thequantuminsider_2023_10_05_examining_the_superconducting_diode_effect] Repaired malformed JSON.
[06:40:50 +4m 46s | thequantuminsider_2023_10_05_examining_the_superconducting_diode_effect] Saved 1_actor_results.json with 57 extracted records

[06:40:51 +4m 47s | thequantuminsider_2023_10_05_examining_the_superconducting_diode_effect] === 2 clean actors ===
[06:40:51 +4m 47s | thequantuminsider_2023_10_05_examining_the_superconducting_diode_effect] Loaded 57 extracted records
[06:40:51 +4m 47s | thequantuminsider_2023_10_05_examining_the_superconducting_diode_effect] Saved 2_actor_nodes.json with 22 canonical actor nodes

[06:40:51 +4m 47s | thequantuminsider_2023_10_05_examining_the_superconducting_diode_effect] === 3 interaction extraction ===
[06:40:51 +4m 47s | thequantuminsider_2023_10_05_examining_the_superconducting_diode_effect] Extracting interactions: https://thequantuminsider.com/2023/10/05/examining-the-superconducting-diode-effect (1/1), chunk 11/36
[06:40:58 +4m 54s | thequantuminsider_2023_10_05_examining_the_superconducting_diode_effect] Extracting interactions: https://thequantuminsider.com/2023/10/05/examining-the-superconducting-diode-effect (1/1), chunk 12/36
[06:41:15 +5m 11s | thequantuminsider_2023_10_05_examining_the_superconducting_diode_effect] Extracting interactions: https://thequantuminsider.com/2023/10/05/examining-the-superconducting-diode-effect (1/1), chunk 13/36
[06:41:41 +5m 39s | thequantuminsider_2023_10_05_examining_the_superconducting_diode_effect] Extracting interactions: https://thequantuminsider.com/2023/10/05/examining-the-superconducting-diode-effect (1/1), chunk 15/36
[06:41:49 +5m 50s | thequantuminsider_2023_10_05_examining_the_superconducting_diode_effect] Extracting interactions: https://thequantuminsider.com/2023/10/05/examining-the-superconducting-diode-effect (1/1), chunk 16/36
[06:41:54 +5m 54s | thequantuminsider_2023_10_05_examining_the_superconducting_diode_effect] Extracting interactions: https://thequantuminsider.com/2023/10/05/examining-the-superconducting-diode-effect (1/1), chunk 17/36
[06:41:55 +5m 56s | thequantuminsider_2023_10_05_examining_the_superconducting_diode_effect] Extracting interactions: https://thequantuminsider.com/2023/10/05/examining-the-superconducting-diode-effect (1/1), chunk 18/36
[06:41:57 +5m 57s | thequantuminsider_2023_10_05_examining_the_superconducting_diode_effect] Extracting interactions: https://thequantuminsider.com/2023/10/05/examining-the-superconducting-diode-effect (1/1), chunk 19/36
[06:41:59 +5m 59s | thequantuminsider_2023_10_05_examining_the_superconducting_diode_effect] Extracting interactions: https://thequantuminsider.com/2023/10/05/examining-the-superconducting-diode-effect (1/1), chunk 20/36
[06:42:09 +6m 10s | thequantuminsider_2023_10_05_examining_the_superconducting_diode_effect] Extracting interactions: https://thequantuminsider.com/2023/10/05/examining-the-superconducting-diode-effect (1/1), chunk 21/36
[06:42:15 +6m 16s | thequantuminsider_2023_10_05_examining_the_superconducting_diode_effect] Extracting interactions: https://thequantuminsider.com/2023/10/05/examining-the-superconducting-diode-effect (1/1), chunk 23/36
[06:42:17 +6m 18s | thequantuminsider_2023_10_05_examining_the_superconducting_diode_effect] Extracting interactions: https://thequantuminsider.com/2023/10/05/examining-the-superconducting-diode-effect (1/1), chunk 25/36
[06:42:21 +6m 23s | thequantuminsider_2023_10_05_examining_the_superconducting_diode_effect] Extracting interactions: https://thequantuminsider.com/2023/10/05/examining-the-superconducting-diode-effect (1/1), chunk 26/36
[06:43:20 +7m 25s | thequantuminsider_2023_10_05_examining_the_superconducting_diode_effect] Extracting interactions: https://thequantuminsider.com/2023/10/05/examining-the-superconducting-diode-effect (1/1), chunk 27/36
[06:43:20 +7m 27s | thequantuminsider_2023_10_05_examining_the_superconducting_diode_effect] Extracting interactions: https://thequantuminsider.com/2023/10/05/examining-the-superconducting-diode-effect (1/1), chunk 28/36
[06:43:21 +7m 28s | thequantuminsider_2023_10_05_examining_the_superconducting_diode_effect] Extracting interactions: https://thequantuminsider.com/2023/10/05/examining-the-superconducting-diode-effect (1/1), chunk 29/36
[06:43:23 +7m 30s | thequantuminsider_2023_10_05_examining_the_superconducting_diode_effect] Extracting interactions: https://thequantuminsider.com/2023/10/05/examining-the-superconducting-diode-effect (1/1), chunk 30/36
[06:43:46 +7m 53s | thequantuminsider_2023_10_05_examining_the_superconducting_diode_effect] Extracting interactions: https://thequantuminsider.com/2023/10/05/examining-the-superconducting-diode-effect (1/1), chunk 31/36
[06:43:48 +7m 55s | thequantuminsider_2023_10_05_examining_the_superconducting_diode_effect] Extracting interactions: https://thequantuminsider.com/2023/10/05/examining-the-superconducting-diode-effect (1/1), chunk 32/36
[06:43:49 +7m 56s | thequantuminsider_2023_10_05_examining_the_superconducting_diode_effect] Extracting interactions: https://thequantuminsider.com/2023/10/05/examining-the-superconducting-diode-effect (1/1), chunk 33/36
[06:44:04 +8m 13s | thequantuminsider_2023_10_05_examining_the_superconducting_diode_effect] Extracting interactions: https://thequantuminsider.com/2023/10/05/examining-the-superconducting-diode-effect (1/1), chunk 34/36
[06:44:05 +8m 15s | thequantuminsider_2023_10_05_examining_the_superconducting_diode_effect] Extracting interactions: https://thequantuminsider.com/2023/10/05/examining-the-superconducting-diode-effect (1/1), chunk 35/36
[06:44:23 +8m 34s | thequantuminsider_2023_10_05_examining_the_superconducting_diode_effect] Extracting interactions: https://thequantuminsider.com/2023/10/05/examining-the-superconducting-diode-effect (1/1), chunk 36/36
[06:44:24 +8m 35s | thequantuminsider_2023_10_05_examining_the_superconducting_diode_effect] Saved 3_interaction_results.json with 18 extracted interactions.

[06:44:24 +8m 36s | thequantuminsider_2023_10_05_examining_the_superconducting_diode_effect] === 4 clean interactions ===
[06:44:24 +8m 36s | thequantuminsider_2023_10_05_examining_the_superconducting_diode_effect] Saved 4_edges.json with 5 cleaned interactions.

[06:44:24 +8m 36s | thequantuminsider_2023_10_05_examining_the_superconducting_diode_effect] === 5 helix enrichment ===
[06:44:24 +8m 36s | thequantuminsider_2023_10_05_examining_the_superconducting_diode_effect] Wrote 5_nodes.json (22 actors)
[06:44:24 +8m 36s | thequantuminsider_2023_10_05_examining_the_superconducting_diode_effect] Wrote 5_edges.json (5 interactions)
[06:44:24 +8m 36s | thequantuminsider_2023_10_05_examining_the_superconducting_diode_effect] Actor helix counts: {'Academia': 3, 'Civil Society': 4, 'Industry': 3, 'Intermediary': 1, 'Unknown': 11}
[06:44:24 +8m 36s | thequantuminsider_2023_10_05_examining_the_superconducting_diode_effect] Functional-space counts: {'Intra-helix / Not classified': 5}

[06:44:24 +8m 36s | thequantuminsider_2023_10_05_examining_the_superconducting_diode_effect] === 6 network visualisation ===
[06:44:25 +8m 36s | thequantuminsider_2023_10_05_examining_the_superconducting_diode_effect] Wrote quantum_network.html
[06:44:25 +8m 36s | thequantuminsider_2023_10_05_examining_the_superconducting_diode_effect] Nodes: 22
[06:44:25 +8m 36s | thequantuminsider_2023_10_05_examining_the_superconducting_diode_effect] Edges: 3

[06:44:25 +8m 36s | thequantuminsider_2023_10_05_examining_the_superconducting_diode_effect] Done. Outputs written to: /home/lv/IDP/idpdeeptech/pipeline/news_outputs/thequantuminsider_2023_10_05_examining_the_superconducting_diode_effect
[06:44:25 +8m 36s | thequantuminsider_2023_10_05_examining_the_superconducting_diode_effect] Log: /home/lv/IDP/idpdeeptech/pipeline/news_outputs/thequantuminsider_2023_10_05_examining_the_superconducting_diode_effect/run.log

========================================================================
RUN FINISHED 2026-07-05 06:44:25  (OK)
Started:     2026-07-05 06:36:24
Elapsed:     8m 36s
========================================================================
