
========================================================================
RUN STARTED  2026-07-05 03:37:56
site_pipeline.py https://thequantuminsider.com/2023/11/13/thales-senior-executives-join-londons-quantum-technology-event-to-shape-the-future-of-uks-quantum-sector/
========================================================================

[03:37:56 +0s | thequantuminsider_2023_11_13_thales_senior_executives_join_londons_quantum_technology_eve_b23f3de9] === 0 crawl site ===
[03:37:58 +1s | thequantuminsider_2023_11_13_thales_senior_executives_join_londons_quantum_technology_eve_b23f3de9] [INIT].... → Crawl4AI 0.8.6 
[03:38:00 +4s | thequantuminsider_2023_11_13_thales_senior_executives_join_londons_quantum_technology_eve_b23f3de9] [FETCH]... ↓ https://thequantuminsider.com/2023/11/13/thales-...event-to-shape-the-future-of-uks-quantum-sector/  | ✓ | ⏱: 2.61s 
[03:38:00 +4s | thequantuminsider_2023_11_13_thales_senior_executives_join_londons_quantum_technology_eve_b23f3de9] [SCRAPE].. ◆ https://thequantuminsider.com/2023/11/13/thales-...event-to-shape-the-future-of-uks-quantum-sector/  | ✓ | ⏱: 0.13s 
[03:38:00 +4s | thequantuminsider_2023_11_13_thales_senior_executives_join_londons_quantum_technology_eve_b23f3de9] [COMPLETE] ● https://thequantuminsider.com/2023/11/13/thales-...event-to-shape-the-future-of-uks-quantum-sector/  | ✓ | ⏱: 2.77s 
[03:38:00 +4s | thequantuminsider_2023_11_13_thales_senior_executives_join_londons_quantum_technology_eve_b23f3de9] Saved: crawl_output/08681f7d42_thequantuminsider.com_2023_11_13_thales-senior-executives-join-londons-quantum-technology-event-to-shape-the-future-of-uks-quantum-sector.json

[03:38:01 +5s | thequantuminsider_2023_11_13_thales_senior_executives_join_londons_quantum_technology_eve_b23f3de9] === 1 actor extraction ===
[03:38:01 +5s | thequantuminsider_2023_11_13_thales_senior_executives_join_londons_quantum_technology_eve_b23f3de9] Reading page (1/1): https://thequantuminsider.com/2023/11/13/thales-senior-executives-join-londons-quantum-technology-event-to-shape-the-future-of-uks-quantum-sector
[03:38:01 +5s | thequantuminsider_2023_11_13_thales_senior_executives_join_londons_quantum_technology_eve_b23f3de9] Extracting actors: https://thequantuminsider.com/2023/11/13/thales-senior-executives-join-londons-quantum-technology-event-to-shape-the-future-of-uks-quantum-sector (1/1), chunk 1/36
[03:38:09 +13s | thequantuminsider_2023_11_13_thales_senior_executives_join_londons_quantum_technology_eve_b23f3de9] Repaired malformed JSON.
[03:38:09 +13s | thequantuminsider_2023_11_13_thales_senior_executives_join_londons_quantum_technology_eve_b23f3de9] Extracting actors: https://thequantuminsider.com/2023/11/13/thales-senior-executives-join-londons-quantum-technology-event-to-shape-the-future-of-uks-quantum-sector (1/1), chunk 2/36
[03:38:15 +19s | thequantuminsider_2023_11_13_thales_senior_executives_join_londons_quantum_technology_eve_b23f3de9] Repaired malformed JSON.
[03:38:15 +19s | thequantuminsider_2023_11_13_thales_senior_executives_join_londons_quantum_technology_eve_b23f3de9] Extracting actors: https://thequantuminsider.com/2023/11/13/thales-senior-executives-join-londons-quantum-technology-event-to-shape-the-future-of-uks-quantum-sector (1/1), chunk 3/36
[03:38:19 +24s | thequantuminsider_2023_11_13_thales_senior_executives_join_londons_quantum_technology_eve_b23f3de9] Extracting actors: https://thequantuminsider.com/2023/11/13/thales-senior-executives-join-londons-quantum-technology-event-to-shape-the-future-of-uks-quantum-sector (1/1), chunk 4/36
[03:38:40 +45s | thequantuminsider_2023_11_13_thales_senior_executives_join_londons_quantum_technology_eve_b23f3de9] Repaired malformed JSON.
[03:38:40 +45s | thequantuminsider_2023_11_13_thales_senior_executives_join_londons_quantum_technology_eve_b23f3de9] Extracting actors: https://thequantuminsider.com/2023/11/13/thales-senior-executives-join-londons-quantum-technology-event-to-shape-the-future-of-uks-quantum-sector (1/1), chunk 5/36
[03:38:46 +52s | thequantuminsider_2023_11_13_thales_senior_executives_join_londons_quantum_technology_eve_b23f3de9] Repaired malformed JSON.
[03:38:46 +52s | thequantuminsider_2023_11_13_thales_senior_executives_join_londons_quantum_technology_eve_b23f3de9] Extracting actors: https://thequantuminsider.com/2023/11/13/thales-senior-executives-join-londons-quantum-technology-event-to-shape-the-future-of-uks-quantum-sector (1/1), chunk 6/36
[03:38:51 +58s | thequantuminsider_2023_11_13_thales_senior_executives_join_londons_quantum_technology_eve_b23f3de9] Extracting actors: https://thequantuminsider.com/2023/11/13/thales-senior-executives-join-londons-quantum-technology-event-to-shape-the-future-of-uks-quantum-sector (1/1), chunk 7/36
[03:38:58 +1m 5s | thequantuminsider_2023_11_13_thales_senior_executives_join_londons_quantum_technology_eve_b23f3de9] Repaired malformed JSON.
[03:38:58 +1m 5s | thequantuminsider_2023_11_13_thales_senior_executives_join_londons_quantum_technology_eve_b23f3de9] Extracting actors: https://thequantuminsider.com/2023/11/13/thales-senior-executives-join-londons-quantum-technology-event-to-shape-the-future-of-uks-quantum-sector (1/1), chunk 8/36
[03:39:06 +1m 13s | thequantuminsider_2023_11_13_thales_senior_executives_join_londons_quantum_technology_eve_b23f3de9] Repaired malformed JSON.
[03:39:06 +1m 13s | thequantuminsider_2023_11_13_thales_senior_executives_join_londons_quantum_technology_eve_b23f3de9] Extracting actors: https://thequantuminsider.com/2023/11/13/thales-senior-executives-join-londons-quantum-technology-event-to-shape-the-future-of-uks-quantum-sector (1/1), chunk 9/36
[03:39:10 +1m 17s | thequantuminsider_2023_11_13_thales_senior_executives_join_londons_quantum_technology_eve_b23f3de9] Extracting actors: https://thequantuminsider.com/2023/11/13/thales-senior-executives-join-londons-quantum-technology-event-to-shape-the-future-of-uks-quantum-sector (1/1), chunk 10/36
[03:39:19 +1m 26s | thequantuminsider_2023_11_13_thales_senior_executives_join_londons_quantum_technology_eve_b23f3de9] Repaired malformed JSON.
[03:39:19 +1m 26s | thequantuminsider_2023_11_13_thales_senior_executives_join_londons_quantum_technology_eve_b23f3de9] Extracting actors: https://thequantuminsider.com/2023/11/13/thales-senior-executives-join-londons-quantum-technology-event-to-shape-the-future-of-uks-quantum-sector (1/1), chunk 11/36
[03:39:56 +2m 6s | thequantuminsider_2023_11_13_thales_senior_executives_join_londons_quantum_technology_eve_b23f3de9] Repaired malformed JSON.
[03:39:56 +2m 6s | thequantuminsider_2023_11_13_thales_senior_executives_join_londons_quantum_technology_eve_b23f3de9] Extracting actors: https://thequantuminsider.com/2023/11/13/thales-senior-executives-join-londons-quantum-technology-event-to-shape-the-future-of-uks-quantum-sector (1/1), chunk 12/36
[03:40:04 +2m 14s | thequantuminsider_2023_11_13_thales_senior_executives_join_londons_quantum_technology_eve_b23f3de9] Repaired malformed JSON.
[03:40:04 +2m 14s | thequantuminsider_2023_11_13_thales_senior_executives_join_londons_quantum_technology_eve_b23f3de9] Extracting actors: https://thequantuminsider.com/2023/11/13/thales-senior-executives-join-londons-quantum-technology-event-to-shape-the-future-of-uks-quantum-sector (1/1), chunk 13/36
[03:40:11 +2m 21s | thequantuminsider_2023_11_13_thales_senior_executives_join_londons_quantum_technology_eve_b23f3de9] Repaired malformed JSON.
[03:40:11 +2m 21s | thequantuminsider_2023_11_13_thales_senior_executives_join_londons_quantum_technology_eve_b23f3de9] Extracting actors: https://thequantuminsider.com/2023/11/13/thales-senior-executives-join-londons-quantum-technology-event-to-shape-the-future-of-uks-quantum-sector (1/1), chunk 14/36
[03:40:18 +2m 28s | thequantuminsider_2023_11_13_thales_senior_executives_join_londons_quantum_technology_eve_b23f3de9] Repaired malformed JSON.
[03:40:18 +2m 28s | thequantuminsider_2023_11_13_thales_senior_executives_join_londons_quantum_technology_eve_b23f3de9] Extracting actors: https://thequantuminsider.com/2023/11/13/thales-senior-executives-join-londons-quantum-technology-event-to-shape-the-future-of-uks-quantum-sector (1/1), chunk 15/36
[03:40:25 +2m 36s | thequantuminsider_2023_11_13_thales_senior_executives_join_londons_quantum_technology_eve_b23f3de9] Repaired malformed JSON.
[03:40:25 +2m 36s | thequantuminsider_2023_11_13_thales_senior_executives_join_londons_quantum_technology_eve_b23f3de9] Extracting actors: https://thequantuminsider.com/2023/11/13/thales-senior-executives-join-londons-quantum-technology-event-to-shape-the-future-of-uks-quantum-sector (1/1), chunk 16/36
[03:40:34 +2m 46s | thequantuminsider_2023_11_13_thales_senior_executives_join_londons_quantum_technology_eve_b23f3de9] Repaired malformed JSON.
[03:40:34 +2m 46s | thequantuminsider_2023_11_13_thales_senior_executives_join_londons_quantum_technology_eve_b23f3de9] Extracting actors: https://thequantuminsider.com/2023/11/13/thales-senior-executives-join-londons-quantum-technology-event-to-shape-the-future-of-uks-quantum-sector (1/1), chunk 17/36
[03:40:44 +2m 56s | thequantuminsider_2023_11_13_thales_senior_executives_join_londons_quantum_technology_eve_b23f3de9] Repaired malformed JSON.
[03:40:44 +2m 56s | thequantuminsider_2023_11_13_thales_senior_executives_join_londons_quantum_technology_eve_b23f3de9] Extracting actors: https://thequantuminsider.com/2023/11/13/thales-senior-executives-join-londons-quantum-technology-event-to-shape-the-future-of-uks-quantum-sector (1/1), chunk 18/36
[03:40:52 +3m 4s | thequantuminsider_2023_11_13_thales_senior_executives_join_londons_quantum_technology_eve_b23f3de9] Repaired malformed JSON.
[03:40:52 +3m 4s | thequantuminsider_2023_11_13_thales_senior_executives_join_londons_quantum_technology_eve_b23f3de9] Extracting actors: https://thequantuminsider.com/2023/11/13/thales-senior-executives-join-londons-quantum-technology-event-to-shape-the-future-of-uks-quantum-sector (1/1), chunk 19/36
[03:40:59 +3m 13s | thequantuminsider_2023_11_13_thales_senior_executives_join_londons_quantum_technology_eve_b23f3de9] Repaired malformed JSON.
[03:40:59 +3m 13s | thequantuminsider_2023_11_13_thales_senior_executives_join_londons_quantum_technology_eve_b23f3de9] Extracting actors: https://thequantuminsider.com/2023/11/13/thales-senior-executives-join-londons-quantum-technology-event-to-shape-the-future-of-uks-quantum-sector (1/1), chunk 20/36
[03:41:06 +3m 19s | thequantuminsider_2023_11_13_thales_senior_executives_join_londons_quantum_technology_eve_b23f3de9] Repaired malformed JSON.
[03:41:06 +3m 19s | thequantuminsider_2023_11_13_thales_senior_executives_join_londons_quantum_technology_eve_b23f3de9] Extracting actors: https://thequantuminsider.com/2023/11/13/thales-senior-executives-join-londons-quantum-technology-event-to-shape-the-future-of-uks-quantum-sector (1/1), chunk 21/36
[03:41:15 +3m 28s | thequantuminsider_2023_11_13_thales_senior_executives_join_londons_quantum_technology_eve_b23f3de9] Repaired malformed JSON.
[03:41:15 +3m 28s | thequantuminsider_2023_11_13_thales_senior_executives_join_londons_quantum_technology_eve_b23f3de9] Extracting actors: https://thequantuminsider.com/2023/11/13/thales-senior-executives-join-londons-quantum-technology-event-to-shape-the-future-of-uks-quantum-sector (1/1), chunk 22/36
[03:41:23 +3m 36s | thequantuminsider_2023_11_13_thales_senior_executives_join_londons_quantum_technology_eve_b23f3de9] Repaired malformed JSON.
[03:41:23 +3m 36s | thequantuminsider_2023_11_13_thales_senior_executives_join_londons_quantum_technology_eve_b23f3de9] Extracting actors: https://thequantuminsider.com/2023/11/13/thales-senior-executives-join-londons-quantum-technology-event-to-shape-the-future-of-uks-quantum-sector (1/1), chunk 23/36
[03:41:31 +3m 46s | thequantuminsider_2023_11_13_thales_senior_executives_join_londons_quantum_technology_eve_b23f3de9] Repaired malformed JSON.
[03:41:31 +3m 46s | thequantuminsider_2023_11_13_thales_senior_executives_join_londons_quantum_technology_eve_b23f3de9] Extracting actors: https://thequantuminsider.com/2023/11/13/thales-senior-executives-join-londons-quantum-technology-event-to-shape-the-future-of-uks-quantum-sector (1/1), chunk 24/36
[03:41:40 +3m 54s | thequantuminsider_2023_11_13_thales_senior_executives_join_londons_quantum_technology_eve_b23f3de9] Repaired malformed JSON.
[03:41:40 +3m 54s | thequantuminsider_2023_11_13_thales_senior_executives_join_londons_quantum_technology_eve_b23f3de9] Extracting actors: https://thequantuminsider.com/2023/11/13/thales-senior-executives-join-londons-quantum-technology-event-to-shape-the-future-of-uks-quantum-sector (1/1), chunk 25/36
[03:41:48 +4m 3s | thequantuminsider_2023_11_13_thales_senior_executives_join_londons_quantum_technology_eve_b23f3de9] Repaired malformed JSON.
[03:41:48 +4m 3s | thequantuminsider_2023_11_13_thales_senior_executives_join_londons_quantum_technology_eve_b23f3de9] Extracting actors: https://thequantuminsider.com/2023/11/13/thales-senior-executives-join-londons-quantum-technology-event-to-shape-the-future-of-uks-quantum-sector (1/1), chunk 26/36
[03:41:53 +4m 8s | thequantuminsider_2023_11_13_thales_senior_executives_join_londons_quantum_technology_eve_b23f3de9] Extracting actors: https://thequantuminsider.com/2023/11/13/thales-senior-executives-join-londons-quantum-technology-event-to-shape-the-future-of-uks-quantum-sector (1/1), chunk 27/36
[03:41:59 +4m 15s | thequantuminsider_2023_11_13_thales_senior_executives_join_londons_quantum_technology_eve_b23f3de9] Repaired malformed JSON.
[03:41:59 +4m 15s | thequantuminsider_2023_11_13_thales_senior_executives_join_londons_quantum_technology_eve_b23f3de9] Extracting actors: https://thequantuminsider.com/2023/11/13/thales-senior-executives-join-londons-quantum-technology-event-to-shape-the-future-of-uks-quantum-sector (1/1), chunk 28/36
[03:42:06 +4m 22s | thequantuminsider_2023_11_13_thales_senior_executives_join_londons_quantum_technology_eve_b23f3de9] Repaired malformed JSON.
[03:42:06 +4m 22s | thequantuminsider_2023_11_13_thales_senior_executives_join_londons_quantum_technology_eve_b23f3de9] Extracting actors: https://thequantuminsider.com/2023/11/13/thales-senior-executives-join-londons-quantum-technology-event-to-shape-the-future-of-uks-quantum-sector (1/1), chunk 29/36
[03:42:16 +4m 33s | thequantuminsider_2023_11_13_thales_senior_executives_join_londons_quantum_technology_eve_b23f3de9] Repaired malformed JSON.
[03:42:16 +4m 33s | thequantuminsider_2023_11_13_thales_senior_executives_join_londons_quantum_technology_eve_b23f3de9] Extracting actors: https://thequantuminsider.com/2023/11/13/thales-senior-executives-join-londons-quantum-technology-event-to-shape-the-future-of-uks-quantum-sector (1/1), chunk 30/36
[03:42:24 +4m 40s | thequantuminsider_2023_11_13_thales_senior_executives_join_londons_quantum_technology_eve_b23f3de9] Repaired malformed JSON.
[03:42:24 +4m 40s | thequantuminsider_2023_11_13_thales_senior_executives_join_londons_quantum_technology_eve_b23f3de9] Extracting actors: https://thequantuminsider.com/2023/11/13/thales-senior-executives-join-londons-quantum-technology-event-to-shape-the-future-of-uks-quantum-sector (1/1), chunk 31/36
[03:42:29 +4m 47s | thequantuminsider_2023_11_13_thales_senior_executives_join_londons_quantum_technology_eve_b23f3de9] Repaired malformed JSON.
[03:42:29 +4m 47s | thequantuminsider_2023_11_13_thales_senior_executives_join_londons_quantum_technology_eve_b23f3de9] Extracting actors: https://thequantuminsider.com/2023/11/13/thales-senior-executives-join-londons-quantum-technology-event-to-shape-the-future-of-uks-quantum-sector (1/1), chunk 32/36
[03:42:51 +5m 9s | thequantuminsider_2023_11_13_thales_senior_executives_join_londons_quantum_technology_eve_b23f3de9] Repaired malformed JSON.
[03:42:51 +5m 9s | thequantuminsider_2023_11_13_thales_senior_executives_join_londons_quantum_technology_eve_b23f3de9] Extracting actors: https://thequantuminsider.com/2023/11/13/thales-senior-executives-join-londons-quantum-technology-event-to-shape-the-future-of-uks-quantum-sector (1/1), chunk 33/36
[03:42:59 +5m 19s | thequantuminsider_2023_11_13_thales_senior_executives_join_londons_quantum_technology_eve_b23f3de9] Repaired malformed JSON.
[03:42:59 +5m 19s | thequantuminsider_2023_11_13_thales_senior_executives_join_londons_quantum_technology_eve_b23f3de9] Extracting actors: https://thequantuminsider.com/2023/11/13/thales-senior-executives-join-londons-quantum-technology-event-to-shape-the-future-of-uks-quantum-sector (1/1), chunk 34/36
[03:43:07 +5m 26s | thequantuminsider_2023_11_13_thales_senior_executives_join_londons_quantum_technology_eve_b23f3de9] Repaired malformed JSON.
[03:43:07 +5m 26s | thequantuminsider_2023_11_13_thales_senior_executives_join_londons_quantum_technology_eve_b23f3de9] Extracting actors: https://thequantuminsider.com/2023/11/13/thales-senior-executives-join-londons-quantum-technology-event-to-shape-the-future-of-uks-quantum-sector (1/1), chunk 35/36
[03:43:14 +5m 33s | thequantuminsider_2023_11_13_thales_senior_executives_join_londons_quantum_technology_eve_b23f3de9] Repaired malformed JSON.
[03:43:14 +5m 33s | thequantuminsider_2023_11_13_thales_senior_executives_join_londons_quantum_technology_eve_b23f3de9] Extracting actors: https://thequantuminsider.com/2023/11/13/thales-senior-executives-join-londons-quantum-technology-event-to-shape-the-future-of-uks-quantum-sector (1/1), chunk 36/36
[03:43:21 +5m 41s | thequantuminsider_2023_11_13_thales_senior_executives_join_londons_quantum_technology_eve_b23f3de9] Repaired malformed JSON.
[03:43:21 +5m 41s | thequantuminsider_2023_11_13_thales_senior_executives_join_londons_quantum_technology_eve_b23f3de9] Saved 1_actor_results.json with 66 extracted records

[03:43:21 +5m 41s | thequantuminsider_2023_11_13_thales_senior_executives_join_londons_quantum_technology_eve_b23f3de9] === 2 clean actors ===
[03:43:21 +5m 41s | thequantuminsider_2023_11_13_thales_senior_executives_join_londons_quantum_technology_eve_b23f3de9] Loaded 66 extracted records
[03:43:21 +5m 41s | thequantuminsider_2023_11_13_thales_senior_executives_join_londons_quantum_technology_eve_b23f3de9] Saved 2_actor_nodes.json with 20 canonical actor nodes

[03:43:21 +5m 41s | thequantuminsider_2023_11_13_thales_senior_executives_join_londons_quantum_technology_eve_b23f3de9] === 3 interaction extraction ===
[03:43:21 +5m 41s | thequantuminsider_2023_11_13_thales_senior_executives_join_londons_quantum_technology_eve_b23f3de9] Extracting interactions: https://thequantuminsider.com/2023/11/13/thales-senior-executives-join-londons-quantum-technology-event-to-shape-the-future-of-uks-quantum-sector (1/1), chunk 11/36
[03:43:29 +5m 51s | thequantuminsider_2023_11_13_thales_senior_executives_join_londons_quantum_technology_eve_b23f3de9] Extracting interactions: https://thequantuminsider.com/2023/11/13/thales-senior-executives-join-londons-quantum-technology-event-to-shape-the-future-of-uks-quantum-sector (1/1), chunk 12/36
[03:43:44 +6m 5s | thequantuminsider_2023_11_13_thales_senior_executives_join_londons_quantum_technology_eve_b23f3de9] Extracting interactions: https://thequantuminsider.com/2023/11/13/thales-senior-executives-join-londons-quantum-technology-event-to-shape-the-future-of-uks-quantum-sector (1/1), chunk 13/36
[03:44:00 +6m 23s | thequantuminsider_2023_11_13_thales_senior_executives_join_londons_quantum_technology_eve_b23f3de9] Extracting interactions: https://thequantuminsider.com/2023/11/13/thales-senior-executives-join-londons-quantum-technology-event-to-shape-the-future-of-uks-quantum-sector (1/1), chunk 14/36
[03:44:11 +6m 34s | thequantuminsider_2023_11_13_thales_senior_executives_join_londons_quantum_technology_eve_b23f3de9] Extracting interactions: https://thequantuminsider.com/2023/11/13/thales-senior-executives-join-londons-quantum-technology-event-to-shape-the-future-of-uks-quantum-sector (1/1), chunk 15/36
[03:44:25 +6m 48s | thequantuminsider_2023_11_13_thales_senior_executives_join_londons_quantum_technology_eve_b23f3de9] Extracting interactions: https://thequantuminsider.com/2023/11/13/thales-senior-executives-join-londons-quantum-technology-event-to-shape-the-future-of-uks-quantum-sector (1/1), chunk 16/36
[03:44:29 +6m 54s | thequantuminsider_2023_11_13_thales_senior_executives_join_londons_quantum_technology_eve_b23f3de9] Extracting interactions: https://thequantuminsider.com/2023/11/13/thales-senior-executives-join-londons-quantum-technology-event-to-shape-the-future-of-uks-quantum-sector (1/1), chunk 17/36
[03:44:32 +6m 56s | thequantuminsider_2023_11_13_thales_senior_executives_join_londons_quantum_technology_eve_b23f3de9] Extracting interactions: https://thequantuminsider.com/2023/11/13/thales-senior-executives-join-londons-quantum-technology-event-to-shape-the-future-of-uks-quantum-sector (1/1), chunk 18/36
[03:44:34 +6m 58s | thequantuminsider_2023_11_13_thales_senior_executives_join_londons_quantum_technology_eve_b23f3de9] Extracting interactions: https://thequantuminsider.com/2023/11/13/thales-senior-executives-join-londons-quantum-technology-event-to-shape-the-future-of-uks-quantum-sector (1/1), chunk 19/36
[03:44:36 +7m 0s | thequantuminsider_2023_11_13_thales_senior_executives_join_londons_quantum_technology_eve_b23f3de9] Extracting interactions: https://thequantuminsider.com/2023/11/13/thales-senior-executives-join-londons-quantum-technology-event-to-shape-the-future-of-uks-quantum-sector (1/1), chunk 20/36
[03:45:03 +7m 29s | thequantuminsider_2023_11_13_thales_senior_executives_join_londons_quantum_technology_eve_b23f3de9] Extracting interactions: https://thequantuminsider.com/2023/11/13/thales-senior-executives-join-londons-quantum-technology-event-to-shape-the-future-of-uks-quantum-sector (1/1), chunk 21/36
[03:45:08 +7m 34s | thequantuminsider_2023_11_13_thales_senior_executives_join_londons_quantum_technology_eve_b23f3de9] Extracting interactions: https://thequantuminsider.com/2023/11/13/thales-senior-executives-join-londons-quantum-technology-event-to-shape-the-future-of-uks-quantum-sector (1/1), chunk 22/36
[03:45:20 +7m 46s | thequantuminsider_2023_11_13_thales_senior_executives_join_londons_quantum_technology_eve_b23f3de9] Extracting interactions: https://thequantuminsider.com/2023/11/13/thales-senior-executives-join-londons-quantum-technology-event-to-shape-the-future-of-uks-quantum-sector (1/1), chunk 24/36
[03:45:28 +7m 56s | thequantuminsider_2023_11_13_thales_senior_executives_join_londons_quantum_technology_eve_b23f3de9] Extracting interactions: https://thequantuminsider.com/2023/11/13/thales-senior-executives-join-londons-quantum-technology-event-to-shape-the-future-of-uks-quantum-sector (1/1), chunk 25/36
[03:45:30 +7m 57s | thequantuminsider_2023_11_13_thales_senior_executives_join_londons_quantum_technology_eve_b23f3de9] Extracting interactions: https://thequantuminsider.com/2023/11/13/thales-senior-executives-join-londons-quantum-technology-event-to-shape-the-future-of-uks-quantum-sector (1/1), chunk 26/36
[03:45:32 +7m 59s | thequantuminsider_2023_11_13_thales_senior_executives_join_londons_quantum_technology_eve_b23f3de9] Extracting interactions: https://thequantuminsider.com/2023/11/13/thales-senior-executives-join-londons-quantum-technology-event-to-shape-the-future-of-uks-quantum-sector (1/1), chunk 27/36
[03:45:33 +8m 1s | thequantuminsider_2023_11_13_thales_senior_executives_join_londons_quantum_technology_eve_b23f3de9] Extracting interactions: https://thequantuminsider.com/2023/11/13/thales-senior-executives-join-londons-quantum-technology-event-to-shape-the-future-of-uks-quantum-sector (1/1), chunk 29/36
[03:45:35 +8m 2s | thequantuminsider_2023_11_13_thales_senior_executives_join_londons_quantum_technology_eve_b23f3de9] Extracting interactions: https://thequantuminsider.com/2023/11/13/thales-senior-executives-join-londons-quantum-technology-event-to-shape-the-future-of-uks-quantum-sector (1/1), chunk 30/36
[03:45:59 +8m 27s | thequantuminsider_2023_11_13_thales_senior_executives_join_londons_quantum_technology_eve_b23f3de9] Extracting interactions: https://thequantuminsider.com/2023/11/13/thales-senior-executives-join-londons-quantum-technology-event-to-shape-the-future-of-uks-quantum-sector (1/1), chunk 32/36
[03:46:00 +8m 29s | thequantuminsider_2023_11_13_thales_senior_executives_join_londons_quantum_technology_eve_b23f3de9] Extracting interactions: https://thequantuminsider.com/2023/11/13/thales-senior-executives-join-londons-quantum-technology-event-to-shape-the-future-of-uks-quantum-sector (1/1), chunk 33/36
[03:46:02 +8m 31s | thequantuminsider_2023_11_13_thales_senior_executives_join_londons_quantum_technology_eve_b23f3de9] Extracting interactions: https://thequantuminsider.com/2023/11/13/thales-senior-executives-join-londons-quantum-technology-event-to-shape-the-future-of-uks-quantum-sector (1/1), chunk 34/36
[03:46:06 +8m 35s | thequantuminsider_2023_11_13_thales_senior_executives_join_londons_quantum_technology_eve_b23f3de9] Extracting interactions: https://thequantuminsider.com/2023/11/13/thales-senior-executives-join-londons-quantum-technology-event-to-shape-the-future-of-uks-quantum-sector (1/1), chunk 35/36
[03:46:08 +8m 38s | thequantuminsider_2023_11_13_thales_senior_executives_join_londons_quantum_technology_eve_b23f3de9] Saved 3_interaction_results.json with 24 extracted interactions.

[03:46:08 +8m 38s | thequantuminsider_2023_11_13_thales_senior_executives_join_londons_quantum_technology_eve_b23f3de9] === 4 clean interactions ===
[03:46:08 +8m 38s | thequantuminsider_2023_11_13_thales_senior_executives_join_londons_quantum_technology_eve_b23f3de9] Saved 4_edges.json with 0 cleaned interactions.

[03:46:08 +8m 38s | thequantuminsider_2023_11_13_thales_senior_executives_join_londons_quantum_technology_eve_b23f3de9] === 5 helix enrichment ===
[03:46:08 +8m 38s | thequantuminsider_2023_11_13_thales_senior_executives_join_londons_quantum_technology_eve_b23f3de9] Wrote 5_nodes.json (20 actors)
[03:46:08 +8m 38s | thequantuminsider_2023_11_13_thales_senior_executives_join_londons_quantum_technology_eve_b23f3de9] Wrote 5_edges.json (0 interactions)
[03:46:08 +8m 38s | thequantuminsider_2023_11_13_thales_senior_executives_join_londons_quantum_technology_eve_b23f3de9] Actor helix counts: {'Civil Society': 3, 'Government': 1, 'Industry': 7, 'Intermediary': 1, 'Unknown': 8}
[03:46:08 +8m 38s | thequantuminsider_2023_11_13_thales_senior_executives_join_londons_quantum_technology_eve_b23f3de9] Functional-space counts: {}

[03:46:08 +8m 38s | thequantuminsider_2023_11_13_thales_senior_executives_join_londons_quantum_technology_eve_b23f3de9] === 6 network visualisation ===
[03:46:09 +8m 38s | thequantuminsider_2023_11_13_thales_senior_executives_join_londons_quantum_technology_eve_b23f3de9] Wrote quantum_network.html
[03:46:09 +8m 38s | thequantuminsider_2023_11_13_thales_senior_executives_join_londons_quantum_technology_eve_b23f3de9] Nodes: 20
[03:46:09 +8m 38s | thequantuminsider_2023_11_13_thales_senior_executives_join_londons_quantum_technology_eve_b23f3de9] Edges: 0

[03:46:09 +8m 38s | thequantuminsider_2023_11_13_thales_senior_executives_join_londons_quantum_technology_eve_b23f3de9] Done. Outputs written to: /home/lv/IDP/idpdeeptech/pipeline/news_outputs/thequantuminsider_2023_11_13_thales_senior_executives_join_londons_quantum_technology_eve_b23f3de9
[03:46:09 +8m 38s | thequantuminsider_2023_11_13_thales_senior_executives_join_londons_quantum_technology_eve_b23f3de9] Log: /home/lv/IDP/idpdeeptech/pipeline/news_outputs/thequantuminsider_2023_11_13_thales_senior_executives_join_londons_quantum_technology_eve_b23f3de9/run.log

========================================================================
RUN FINISHED 2026-07-05 03:46:09  (OK)
Started:     2026-07-05 03:37:56
Elapsed:     8m 38s
========================================================================
