
========================================================================
RUN STARTED  2026-07-05 09:00:38
site_pipeline.py https://thequantuminsider.com/2023/09/14/strangeworks-quantagonia-deliver-scalable-optimization-solutions-to-enterprise-customers/
========================================================================

[09:00:38 +0s | thequantuminsider_2023_09_14_strangeworks_quantagonia_deliver_scalable_optimization_solut_e9799e61] === 0 crawl site ===
[09:00:40 +2s | thequantuminsider_2023_09_14_strangeworks_quantagonia_deliver_scalable_optimization_solut_e9799e61] [INIT].... → Crawl4AI 0.8.6 
[09:00:42 +3s | thequantuminsider_2023_09_14_strangeworks_quantagonia_deliver_scalable_optimization_solut_e9799e61] [FETCH]... ↓ https://thequantuminsider.com/2023/09/14/strange...-optimization-solutions-to-enterprise-customers/  | ✓ | ⏱: 1.90s 
[09:00:42 +4s | thequantuminsider_2023_09_14_strangeworks_quantagonia_deliver_scalable_optimization_solut_e9799e61] [SCRAPE].. ◆ https://thequantuminsider.com/2023/09/14/strange...-optimization-solutions-to-enterprise-customers/  | ✓ | ⏱: 0.15s 
[09:00:42 +4s | thequantuminsider_2023_09_14_strangeworks_quantagonia_deliver_scalable_optimization_solut_e9799e61] [COMPLETE] ● https://thequantuminsider.com/2023/09/14/strange...-optimization-solutions-to-enterprise-customers/  | ✓ | ⏱: 2.07s 
[09:00:42 +4s | thequantuminsider_2023_09_14_strangeworks_quantagonia_deliver_scalable_optimization_solut_e9799e61] Saved: crawl_output/7bffb6f714_thequantuminsider.com_2023_09_14_strangeworks-quantagonia-deliver-scalable-optimization-solutions-to-enterprise-customers.json

[09:00:42 +4s | thequantuminsider_2023_09_14_strangeworks_quantagonia_deliver_scalable_optimization_solut_e9799e61] === 1 actor extraction ===
[09:00:42 +4s | thequantuminsider_2023_09_14_strangeworks_quantagonia_deliver_scalable_optimization_solut_e9799e61] Reading page (1/1): https://thequantuminsider.com/2023/09/14/strangeworks-quantagonia-deliver-scalable-optimization-solutions-to-enterprise-customers
[09:00:42 +4s | thequantuminsider_2023_09_14_strangeworks_quantagonia_deliver_scalable_optimization_solut_e9799e61] Extracting actors: https://thequantuminsider.com/2023/09/14/strangeworks-quantagonia-deliver-scalable-optimization-solutions-to-enterprise-customers (1/1), chunk 1/36
[09:00:54 +15s | thequantuminsider_2023_09_14_strangeworks_quantagonia_deliver_scalable_optimization_solut_e9799e61] Repaired malformed JSON.
[09:00:54 +15s | thequantuminsider_2023_09_14_strangeworks_quantagonia_deliver_scalable_optimization_solut_e9799e61] Extracting actors: https://thequantuminsider.com/2023/09/14/strangeworks-quantagonia-deliver-scalable-optimization-solutions-to-enterprise-customers (1/1), chunk 2/36
[09:00:58 +20s | thequantuminsider_2023_09_14_strangeworks_quantagonia_deliver_scalable_optimization_solut_e9799e61] Extracting actors: https://thequantuminsider.com/2023/09/14/strangeworks-quantagonia-deliver-scalable-optimization-solutions-to-enterprise-customers (1/1), chunk 3/36
[09:01:04 +26s | thequantuminsider_2023_09_14_strangeworks_quantagonia_deliver_scalable_optimization_solut_e9799e61] Extracting actors: https://thequantuminsider.com/2023/09/14/strangeworks-quantagonia-deliver-scalable-optimization-solutions-to-enterprise-customers (1/1), chunk 4/36
[09:01:11 +35s | thequantuminsider_2023_09_14_strangeworks_quantagonia_deliver_scalable_optimization_solut_e9799e61] Repaired malformed JSON.
[09:01:11 +35s | thequantuminsider_2023_09_14_strangeworks_quantagonia_deliver_scalable_optimization_solut_e9799e61] Extracting actors: https://thequantuminsider.com/2023/09/14/strangeworks-quantagonia-deliver-scalable-optimization-solutions-to-enterprise-customers (1/1), chunk 5/36
[09:01:17 +42s | thequantuminsider_2023_09_14_strangeworks_quantagonia_deliver_scalable_optimization_solut_e9799e61] Repaired malformed JSON.
[09:01:17 +42s | thequantuminsider_2023_09_14_strangeworks_quantagonia_deliver_scalable_optimization_solut_e9799e61] Extracting actors: https://thequantuminsider.com/2023/09/14/strangeworks-quantagonia-deliver-scalable-optimization-solutions-to-enterprise-customers (1/1), chunk 6/36
[09:01:23 +47s | thequantuminsider_2023_09_14_strangeworks_quantagonia_deliver_scalable_optimization_solut_e9799e61] Extracting actors: https://thequantuminsider.com/2023/09/14/strangeworks-quantagonia-deliver-scalable-optimization-solutions-to-enterprise-customers (1/1), chunk 7/36
[09:01:28 +53s | thequantuminsider_2023_09_14_strangeworks_quantagonia_deliver_scalable_optimization_solut_e9799e61] Extracting actors: https://thequantuminsider.com/2023/09/14/strangeworks-quantagonia-deliver-scalable-optimization-solutions-to-enterprise-customers (1/1), chunk 8/36
[09:01:32 +59s | thequantuminsider_2023_09_14_strangeworks_quantagonia_deliver_scalable_optimization_solut_e9799e61] Repaired malformed JSON.
[09:01:32 +59s | thequantuminsider_2023_09_14_strangeworks_quantagonia_deliver_scalable_optimization_solut_e9799e61] Extracting actors: https://thequantuminsider.com/2023/09/14/strangeworks-quantagonia-deliver-scalable-optimization-solutions-to-enterprise-customers (1/1), chunk 9/36
[09:01:36 +1m 3s | thequantuminsider_2023_09_14_strangeworks_quantagonia_deliver_scalable_optimization_solut_e9799e61] Extracting actors: https://thequantuminsider.com/2023/09/14/strangeworks-quantagonia-deliver-scalable-optimization-solutions-to-enterprise-customers (1/1), chunk 10/36
[09:01:42 +1m 9s | thequantuminsider_2023_09_14_strangeworks_quantagonia_deliver_scalable_optimization_solut_e9799e61] Extracting actors: https://thequantuminsider.com/2023/09/14/strangeworks-quantagonia-deliver-scalable-optimization-solutions-to-enterprise-customers (1/1), chunk 11/36
[09:01:48 +1m 16s | thequantuminsider_2023_09_14_strangeworks_quantagonia_deliver_scalable_optimization_solut_e9799e61] Repaired malformed JSON.
[09:01:48 +1m 16s | thequantuminsider_2023_09_14_strangeworks_quantagonia_deliver_scalable_optimization_solut_e9799e61] Extracting actors: https://thequantuminsider.com/2023/09/14/strangeworks-quantagonia-deliver-scalable-optimization-solutions-to-enterprise-customers (1/1), chunk 12/36
[09:01:58 +1m 25s | thequantuminsider_2023_09_14_strangeworks_quantagonia_deliver_scalable_optimization_solut_e9799e61] Repaired malformed JSON.
[09:01:58 +1m 25s | thequantuminsider_2023_09_14_strangeworks_quantagonia_deliver_scalable_optimization_solut_e9799e61] Extracting actors: https://thequantuminsider.com/2023/09/14/strangeworks-quantagonia-deliver-scalable-optimization-solutions-to-enterprise-customers (1/1), chunk 13/36
[09:02:02 +1m 32s | thequantuminsider_2023_09_14_strangeworks_quantagonia_deliver_scalable_optimization_solut_e9799e61] Repaired malformed JSON.
[09:02:02 +1m 32s | thequantuminsider_2023_09_14_strangeworks_quantagonia_deliver_scalable_optimization_solut_e9799e61] Extracting actors: https://thequantuminsider.com/2023/09/14/strangeworks-quantagonia-deliver-scalable-optimization-solutions-to-enterprise-customers (1/1), chunk 14/36
[09:02:27 +1m 57s | thequantuminsider_2023_09_14_strangeworks_quantagonia_deliver_scalable_optimization_solut_e9799e61] Repaired malformed JSON.
[09:02:27 +1m 57s | thequantuminsider_2023_09_14_strangeworks_quantagonia_deliver_scalable_optimization_solut_e9799e61] Extracting actors: https://thequantuminsider.com/2023/09/14/strangeworks-quantagonia-deliver-scalable-optimization-solutions-to-enterprise-customers (1/1), chunk 15/36
[09:02:34 +2m 6s | thequantuminsider_2023_09_14_strangeworks_quantagonia_deliver_scalable_optimization_solut_e9799e61] Repaired malformed JSON.
[09:02:34 +2m 6s | thequantuminsider_2023_09_14_strangeworks_quantagonia_deliver_scalable_optimization_solut_e9799e61] Extracting actors: https://thequantuminsider.com/2023/09/14/strangeworks-quantagonia-deliver-scalable-optimization-solutions-to-enterprise-customers (1/1), chunk 16/36
[09:02:55 +2m 28s | thequantuminsider_2023_09_14_strangeworks_quantagonia_deliver_scalable_optimization_solut_e9799e61] Repaired malformed JSON.
[09:02:55 +2m 28s | thequantuminsider_2023_09_14_strangeworks_quantagonia_deliver_scalable_optimization_solut_e9799e61] Extracting actors: https://thequantuminsider.com/2023/09/14/strangeworks-quantagonia-deliver-scalable-optimization-solutions-to-enterprise-customers (1/1), chunk 17/36
[09:03:20 +2m 55s | thequantuminsider_2023_09_14_strangeworks_quantagonia_deliver_scalable_optimization_solut_e9799e61] Repaired malformed JSON.
[09:03:20 +2m 55s | thequantuminsider_2023_09_14_strangeworks_quantagonia_deliver_scalable_optimization_solut_e9799e61] Extracting actors: https://thequantuminsider.com/2023/09/14/strangeworks-quantagonia-deliver-scalable-optimization-solutions-to-enterprise-customers (1/1), chunk 18/36
[09:03:27 +3m 2s | thequantuminsider_2023_09_14_strangeworks_quantagonia_deliver_scalable_optimization_solut_e9799e61] Repaired malformed JSON.
[09:03:27 +3m 2s | thequantuminsider_2023_09_14_strangeworks_quantagonia_deliver_scalable_optimization_solut_e9799e61] Extracting actors: https://thequantuminsider.com/2023/09/14/strangeworks-quantagonia-deliver-scalable-optimization-solutions-to-enterprise-customers (1/1), chunk 19/36
[09:03:35 +3m 12s | thequantuminsider_2023_09_14_strangeworks_quantagonia_deliver_scalable_optimization_solut_e9799e61] Repaired malformed JSON.
[09:03:35 +3m 12s | thequantuminsider_2023_09_14_strangeworks_quantagonia_deliver_scalable_optimization_solut_e9799e61] Extracting actors: https://thequantuminsider.com/2023/09/14/strangeworks-quantagonia-deliver-scalable-optimization-solutions-to-enterprise-customers (1/1), chunk 20/36
[09:03:45 +3m 23s | thequantuminsider_2023_09_14_strangeworks_quantagonia_deliver_scalable_optimization_solut_e9799e61] Repaired malformed JSON.
[09:03:45 +3m 23s | thequantuminsider_2023_09_14_strangeworks_quantagonia_deliver_scalable_optimization_solut_e9799e61] Extracting actors: https://thequantuminsider.com/2023/09/14/strangeworks-quantagonia-deliver-scalable-optimization-solutions-to-enterprise-customers (1/1), chunk 21/36
[09:03:52 +3m 30s | thequantuminsider_2023_09_14_strangeworks_quantagonia_deliver_scalable_optimization_solut_e9799e61] Extracting actors: https://thequantuminsider.com/2023/09/14/strangeworks-quantagonia-deliver-scalable-optimization-solutions-to-enterprise-customers (1/1), chunk 22/36
[09:04:01 +3m 38s | thequantuminsider_2023_09_14_strangeworks_quantagonia_deliver_scalable_optimization_solut_e9799e61] Repaired malformed JSON.
[09:04:01 +3m 38s | thequantuminsider_2023_09_14_strangeworks_quantagonia_deliver_scalable_optimization_solut_e9799e61] Extracting actors: https://thequantuminsider.com/2023/09/14/strangeworks-quantagonia-deliver-scalable-optimization-solutions-to-enterprise-customers (1/1), chunk 23/36
[09:04:05 +3m 46s | thequantuminsider_2023_09_14_strangeworks_quantagonia_deliver_scalable_optimization_solut_e9799e61] Repaired malformed JSON.
[09:04:05 +3m 46s | thequantuminsider_2023_09_14_strangeworks_quantagonia_deliver_scalable_optimization_solut_e9799e61] Extracting actors: https://thequantuminsider.com/2023/09/14/strangeworks-quantagonia-deliver-scalable-optimization-solutions-to-enterprise-customers (1/1), chunk 24/36
[09:04:15 +3m 55s | thequantuminsider_2023_09_14_strangeworks_quantagonia_deliver_scalable_optimization_solut_e9799e61] Extracting actors: https://thequantuminsider.com/2023/09/14/strangeworks-quantagonia-deliver-scalable-optimization-solutions-to-enterprise-customers (1/1), chunk 25/36
[09:04:22 +4m 3s | thequantuminsider_2023_09_14_strangeworks_quantagonia_deliver_scalable_optimization_solut_e9799e61] Repaired malformed JSON.
[09:04:22 +4m 3s | thequantuminsider_2023_09_14_strangeworks_quantagonia_deliver_scalable_optimization_solut_e9799e61] Extracting actors: https://thequantuminsider.com/2023/09/14/strangeworks-quantagonia-deliver-scalable-optimization-solutions-to-enterprise-customers (1/1), chunk 26/36
[09:04:55 +4m 38s | thequantuminsider_2023_09_14_strangeworks_quantagonia_deliver_scalable_optimization_solut_e9799e61] Extracting actors: https://thequantuminsider.com/2023/09/14/strangeworks-quantagonia-deliver-scalable-optimization-solutions-to-enterprise-customers (1/1), chunk 27/36
[09:04:59 +4m 42s | thequantuminsider_2023_09_14_strangeworks_quantagonia_deliver_scalable_optimization_solut_e9799e61] Extracting actors: https://thequantuminsider.com/2023/09/14/strangeworks-quantagonia-deliver-scalable-optimization-solutions-to-enterprise-customers (1/1), chunk 28/36
[09:05:04 +4m 50s | thequantuminsider_2023_09_14_strangeworks_quantagonia_deliver_scalable_optimization_solut_e9799e61] Repaired malformed JSON.
[09:05:04 +4m 50s | thequantuminsider_2023_09_14_strangeworks_quantagonia_deliver_scalable_optimization_solut_e9799e61] Extracting actors: https://thequantuminsider.com/2023/09/14/strangeworks-quantagonia-deliver-scalable-optimization-solutions-to-enterprise-customers (1/1), chunk 29/36
[09:05:30 +5m 16s | thequantuminsider_2023_09_14_strangeworks_quantagonia_deliver_scalable_optimization_solut_e9799e61] Repaired malformed JSON.
[09:05:30 +5m 16s | thequantuminsider_2023_09_14_strangeworks_quantagonia_deliver_scalable_optimization_solut_e9799e61] Extracting actors: https://thequantuminsider.com/2023/09/14/strangeworks-quantagonia-deliver-scalable-optimization-solutions-to-enterprise-customers (1/1), chunk 30/36
[09:05:35 +5m 24s | thequantuminsider_2023_09_14_strangeworks_quantagonia_deliver_scalable_optimization_solut_e9799e61] Repaired malformed JSON.
[09:05:35 +5m 24s | thequantuminsider_2023_09_14_strangeworks_quantagonia_deliver_scalable_optimization_solut_e9799e61] Extracting actors: https://thequantuminsider.com/2023/09/14/strangeworks-quantagonia-deliver-scalable-optimization-solutions-to-enterprise-customers (1/1), chunk 31/36
[09:05:43 +5m 31s | thequantuminsider_2023_09_14_strangeworks_quantagonia_deliver_scalable_optimization_solut_e9799e61] Repaired malformed JSON.
[09:05:43 +5m 31s | thequantuminsider_2023_09_14_strangeworks_quantagonia_deliver_scalable_optimization_solut_e9799e61] Extracting actors: https://thequantuminsider.com/2023/09/14/strangeworks-quantagonia-deliver-scalable-optimization-solutions-to-enterprise-customers (1/1), chunk 32/36
[09:05:52 +5m 41s | thequantuminsider_2023_09_14_strangeworks_quantagonia_deliver_scalable_optimization_solut_e9799e61] Repaired malformed JSON.
[09:05:52 +5m 41s | thequantuminsider_2023_09_14_strangeworks_quantagonia_deliver_scalable_optimization_solut_e9799e61] Extracting actors: https://thequantuminsider.com/2023/09/14/strangeworks-quantagonia-deliver-scalable-optimization-solutions-to-enterprise-customers (1/1), chunk 33/36
[09:05:58 +5m 49s | thequantuminsider_2023_09_14_strangeworks_quantagonia_deliver_scalable_optimization_solut_e9799e61] Repaired malformed JSON.
[09:05:58 +5m 49s | thequantuminsider_2023_09_14_strangeworks_quantagonia_deliver_scalable_optimization_solut_e9799e61] Extracting actors: https://thequantuminsider.com/2023/09/14/strangeworks-quantagonia-deliver-scalable-optimization-solutions-to-enterprise-customers (1/1), chunk 34/36
[09:06:04 +5m 55s | thequantuminsider_2023_09_14_strangeworks_quantagonia_deliver_scalable_optimization_solut_e9799e61] Repaired malformed JSON.
[09:06:04 +5m 55s | thequantuminsider_2023_09_14_strangeworks_quantagonia_deliver_scalable_optimization_solut_e9799e61] Extracting actors: https://thequantuminsider.com/2023/09/14/strangeworks-quantagonia-deliver-scalable-optimization-solutions-to-enterprise-customers (1/1), chunk 35/36
[09:06:15 +6m 7s | thequantuminsider_2023_09_14_strangeworks_quantagonia_deliver_scalable_optimization_solut_e9799e61] Repaired malformed JSON.
[09:06:15 +6m 7s | thequantuminsider_2023_09_14_strangeworks_quantagonia_deliver_scalable_optimization_solut_e9799e61] Extracting actors: https://thequantuminsider.com/2023/09/14/strangeworks-quantagonia-deliver-scalable-optimization-solutions-to-enterprise-customers (1/1), chunk 36/36
[09:06:22 +6m 13s | thequantuminsider_2023_09_14_strangeworks_quantagonia_deliver_scalable_optimization_solut_e9799e61] Repaired malformed JSON.
[09:06:22 +6m 13s | thequantuminsider_2023_09_14_strangeworks_quantagonia_deliver_scalable_optimization_solut_e9799e61] Saved 1_actor_results.json with 55 extracted records

[09:06:22 +6m 13s | thequantuminsider_2023_09_14_strangeworks_quantagonia_deliver_scalable_optimization_solut_e9799e61] === 2 clean actors ===
[09:06:22 +6m 13s | thequantuminsider_2023_09_14_strangeworks_quantagonia_deliver_scalable_optimization_solut_e9799e61] Loaded 55 extracted records
[09:06:22 +6m 13s | thequantuminsider_2023_09_14_strangeworks_quantagonia_deliver_scalable_optimization_solut_e9799e61] Saved 2_actor_nodes.json with 14 canonical actor nodes

[09:06:22 +6m 13s | thequantuminsider_2023_09_14_strangeworks_quantagonia_deliver_scalable_optimization_solut_e9799e61] === 3 interaction extraction ===
[09:06:22 +6m 14s | thequantuminsider_2023_09_14_strangeworks_quantagonia_deliver_scalable_optimization_solut_e9799e61] Extracting interactions: https://thequantuminsider.com/2023/09/14/strangeworks-quantagonia-deliver-scalable-optimization-solutions-to-enterprise-customers (1/1), chunk 11/36
[09:06:27 +6m 18s | thequantuminsider_2023_09_14_strangeworks_quantagonia_deliver_scalable_optimization_solut_e9799e61] Extracting interactions: https://thequantuminsider.com/2023/09/14/strangeworks-quantagonia-deliver-scalable-optimization-solutions-to-enterprise-customers (1/1), chunk 12/36
[09:06:38 +6m 32s | thequantuminsider_2023_09_14_strangeworks_quantagonia_deliver_scalable_optimization_solut_e9799e61] Extracting interactions: https://thequantuminsider.com/2023/09/14/strangeworks-quantagonia-deliver-scalable-optimization-solutions-to-enterprise-customers (1/1), chunk 13/36
[09:06:48 +6m 42s | thequantuminsider_2023_09_14_strangeworks_quantagonia_deliver_scalable_optimization_solut_e9799e61] Extracting interactions: https://thequantuminsider.com/2023/09/14/strangeworks-quantagonia-deliver-scalable-optimization-solutions-to-enterprise-customers (1/1), chunk 14/36
[09:06:56 +6m 50s | thequantuminsider_2023_09_14_strangeworks_quantagonia_deliver_scalable_optimization_solut_e9799e61] Extracting interactions: https://thequantuminsider.com/2023/09/14/strangeworks-quantagonia-deliver-scalable-optimization-solutions-to-enterprise-customers (1/1), chunk 15/36
[09:07:02 +6m 59s | thequantuminsider_2023_09_14_strangeworks_quantagonia_deliver_scalable_optimization_solut_e9799e61] Extracting interactions: https://thequantuminsider.com/2023/09/14/strangeworks-quantagonia-deliver-scalable-optimization-solutions-to-enterprise-customers (1/1), chunk 16/36
[09:07:13 +7m 10s | thequantuminsider_2023_09_14_strangeworks_quantagonia_deliver_scalable_optimization_solut_e9799e61] Extracting interactions: https://thequantuminsider.com/2023/09/14/strangeworks-quantagonia-deliver-scalable-optimization-solutions-to-enterprise-customers (1/1), chunk 19/36
[09:07:15 +7m 12s | thequantuminsider_2023_09_14_strangeworks_quantagonia_deliver_scalable_optimization_solut_e9799e61] Extracting interactions: https://thequantuminsider.com/2023/09/14/strangeworks-quantagonia-deliver-scalable-optimization-solutions-to-enterprise-customers (1/1), chunk 20/36
[09:07:23 +7m 20s | thequantuminsider_2023_09_14_strangeworks_quantagonia_deliver_scalable_optimization_solut_e9799e61] Extracting interactions: https://thequantuminsider.com/2023/09/14/strangeworks-quantagonia-deliver-scalable-optimization-solutions-to-enterprise-customers (1/1), chunk 25/36
[09:07:26 +7m 23s | thequantuminsider_2023_09_14_strangeworks_quantagonia_deliver_scalable_optimization_solut_e9799e61] Extracting interactions: https://thequantuminsider.com/2023/09/14/strangeworks-quantagonia-deliver-scalable-optimization-solutions-to-enterprise-customers (1/1), chunk 28/36
[09:07:28 +7m 25s | thequantuminsider_2023_09_14_strangeworks_quantagonia_deliver_scalable_optimization_solut_e9799e61] Extracting interactions: https://thequantuminsider.com/2023/09/14/strangeworks-quantagonia-deliver-scalable-optimization-solutions-to-enterprise-customers (1/1), chunk 29/36
[09:07:31 +7m 30s | thequantuminsider_2023_09_14_strangeworks_quantagonia_deliver_scalable_optimization_solut_e9799e61] Extracting interactions: https://thequantuminsider.com/2023/09/14/strangeworks-quantagonia-deliver-scalable-optimization-solutions-to-enterprise-customers (1/1), chunk 30/36
[09:07:52 +7m 51s | thequantuminsider_2023_09_14_strangeworks_quantagonia_deliver_scalable_optimization_solut_e9799e61] Extracting interactions: https://thequantuminsider.com/2023/09/14/strangeworks-quantagonia-deliver-scalable-optimization-solutions-to-enterprise-customers (1/1), chunk 31/36
[09:07:54 +7m 53s | thequantuminsider_2023_09_14_strangeworks_quantagonia_deliver_scalable_optimization_solut_e9799e61] Extracting interactions: https://thequantuminsider.com/2023/09/14/strangeworks-quantagonia-deliver-scalable-optimization-solutions-to-enterprise-customers (1/1), chunk 32/36
[09:07:55 +7m 55s | thequantuminsider_2023_09_14_strangeworks_quantagonia_deliver_scalable_optimization_solut_e9799e61] Extracting interactions: https://thequantuminsider.com/2023/09/14/strangeworks-quantagonia-deliver-scalable-optimization-solutions-to-enterprise-customers (1/1), chunk 34/36
[09:07:57 +7m 56s | thequantuminsider_2023_09_14_strangeworks_quantagonia_deliver_scalable_optimization_solut_e9799e61] Extracting interactions: https://thequantuminsider.com/2023/09/14/strangeworks-quantagonia-deliver-scalable-optimization-solutions-to-enterprise-customers (1/1), chunk 35/36
[09:07:56 +7m 58s | thequantuminsider_2023_09_14_strangeworks_quantagonia_deliver_scalable_optimization_solut_e9799e61] Extracting interactions: https://thequantuminsider.com/2023/09/14/strangeworks-quantagonia-deliver-scalable-optimization-solutions-to-enterprise-customers (1/1), chunk 36/36
[09:07:57 +7m 59s | thequantuminsider_2023_09_14_strangeworks_quantagonia_deliver_scalable_optimization_solut_e9799e61] Saved 3_interaction_results.json with 19 extracted interactions.

[09:07:57 +7m 59s | thequantuminsider_2023_09_14_strangeworks_quantagonia_deliver_scalable_optimization_solut_e9799e61] === 4 clean interactions ===
[09:07:57 +7m 59s | thequantuminsider_2023_09_14_strangeworks_quantagonia_deliver_scalable_optimization_solut_e9799e61] Saved 4_edges.json with 5 cleaned interactions.

[09:07:57 +7m 59s | thequantuminsider_2023_09_14_strangeworks_quantagonia_deliver_scalable_optimization_solut_e9799e61] === 5 helix enrichment ===
[09:07:57 +8m 0s | thequantuminsider_2023_09_14_strangeworks_quantagonia_deliver_scalable_optimization_solut_e9799e61] Wrote 5_nodes.json (14 actors)
[09:07:57 +8m 0s | thequantuminsider_2023_09_14_strangeworks_quantagonia_deliver_scalable_optimization_solut_e9799e61] Wrote 5_edges.json (5 interactions)
[09:07:57 +8m 0s | thequantuminsider_2023_09_14_strangeworks_quantagonia_deliver_scalable_optimization_solut_e9799e61] Actor helix counts: {'Academia': 2, 'Civil Society': 3, 'Industry': 3, 'Intermediary': 1, 'Unknown': 5}
[09:07:57 +8m 0s | thequantuminsider_2023_09_14_strangeworks_quantagonia_deliver_scalable_optimization_solut_e9799e61] Functional-space counts: {'Intra-helix / Not classified': 5}

[09:07:57 +8m 0s | thequantuminsider_2023_09_14_strangeworks_quantagonia_deliver_scalable_optimization_solut_e9799e61] === 6 network visualisation ===
[09:07:58 +8m 0s | thequantuminsider_2023_09_14_strangeworks_quantagonia_deliver_scalable_optimization_solut_e9799e61] Wrote quantum_network.html
[09:07:58 +8m 0s | thequantuminsider_2023_09_14_strangeworks_quantagonia_deliver_scalable_optimization_solut_e9799e61] Nodes: 14
[09:07:58 +8m 0s | thequantuminsider_2023_09_14_strangeworks_quantagonia_deliver_scalable_optimization_solut_e9799e61] Edges: 1

[09:07:58 +8m 0s | thequantuminsider_2023_09_14_strangeworks_quantagonia_deliver_scalable_optimization_solut_e9799e61] Done. Outputs written to: /home/lv/IDP/idpdeeptech/pipeline/news_outputs/thequantuminsider_2023_09_14_strangeworks_quantagonia_deliver_scalable_optimization_solut_e9799e61
[09:07:58 +8m 0s | thequantuminsider_2023_09_14_strangeworks_quantagonia_deliver_scalable_optimization_solut_e9799e61] Log: /home/lv/IDP/idpdeeptech/pipeline/news_outputs/thequantuminsider_2023_09_14_strangeworks_quantagonia_deliver_scalable_optimization_solut_e9799e61/run.log

========================================================================
RUN FINISHED 2026-07-05 09:07:58  (OK)
Started:     2026-07-05 09:00:38
Elapsed:     8m 0s
========================================================================
