
========================================================================
RUN STARTED  2026-07-05 06:24:16
site_pipeline.py https://thequantuminsider.com/2024/04/13/first-german-quantum-cloud-anaqor-becomes-new-associated-partner-of-ionos-led-project-sequenc/
========================================================================

[06:24:16 +0s | thequantuminsider_2024_04_13_first_german_quantum_cloud_anaqor_becomes_new_associated_par_ace0026b] === 0 crawl site ===
[06:24:18 +1s | thequantuminsider_2024_04_13_first_german_quantum_cloud_anaqor_becomes_new_associated_par_ace0026b] [INIT].... → Crawl4AI 0.8.6 
[06:24:20 +3s | thequantuminsider_2024_04_13_first_german_quantum_cloud_anaqor_becomes_new_associated_par_ace0026b] [FETCH]... ↓ https://thequantuminsider.com/2024/04/13/first-g...associated-partner-of-ionos-led-project-sequenc/  | ✓ | ⏱: 1.84s 
[06:24:20 +3s | thequantuminsider_2024_04_13_first_german_quantum_cloud_anaqor_becomes_new_associated_par_ace0026b] [SCRAPE].. ◆ https://thequantuminsider.com/2024/04/13/first-g...associated-partner-of-ionos-led-project-sequenc/  | ✓ | ⏱: 0.13s 
[06:24:20 +3s | thequantuminsider_2024_04_13_first_german_quantum_cloud_anaqor_becomes_new_associated_par_ace0026b] [COMPLETE] ● https://thequantuminsider.com/2024/04/13/first-g...associated-partner-of-ionos-led-project-sequenc/  | ✓ | ⏱: 1.99s 
[06:24:20 +3s | thequantuminsider_2024_04_13_first_german_quantum_cloud_anaqor_becomes_new_associated_par_ace0026b] Saved: crawl_output/c360730c85_thequantuminsider.com_2024_04_13_first-german-quantum-cloud-anaqor-becomes-new-associated-partner-of-ionos-led-project-sequenc.json

[06:24:20 +4s | thequantuminsider_2024_04_13_first_german_quantum_cloud_anaqor_becomes_new_associated_par_ace0026b] === 1 actor extraction ===
[06:24:20 +4s | thequantuminsider_2024_04_13_first_german_quantum_cloud_anaqor_becomes_new_associated_par_ace0026b] Reading page (1/1): https://thequantuminsider.com/2024/04/13/first-german-quantum-cloud-anaqor-becomes-new-associated-partner-of-ionos-led-project-sequenc
[06:24:20 +4s | thequantuminsider_2024_04_13_first_german_quantum_cloud_anaqor_becomes_new_associated_par_ace0026b] Extracting actors: https://thequantuminsider.com/2024/04/13/first-german-quantum-cloud-anaqor-becomes-new-associated-partner-of-ionos-led-project-sequenc (1/1), chunk 1/37
[06:24:28 +12s | thequantuminsider_2024_04_13_first_german_quantum_cloud_anaqor_becomes_new_associated_par_ace0026b] Repaired malformed JSON.
[06:24:28 +12s | thequantuminsider_2024_04_13_first_german_quantum_cloud_anaqor_becomes_new_associated_par_ace0026b] Extracting actors: https://thequantuminsider.com/2024/04/13/first-german-quantum-cloud-anaqor-becomes-new-associated-partner-of-ionos-led-project-sequenc (1/1), chunk 2/37
[06:24:37 +20s | thequantuminsider_2024_04_13_first_german_quantum_cloud_anaqor_becomes_new_associated_par_ace0026b] Repaired malformed JSON.
[06:24:37 +20s | thequantuminsider_2024_04_13_first_german_quantum_cloud_anaqor_becomes_new_associated_par_ace0026b] Extracting actors: https://thequantuminsider.com/2024/04/13/first-german-quantum-cloud-anaqor-becomes-new-associated-partner-of-ionos-led-project-sequenc (1/1), chunk 3/37
[06:24:43 +27s | thequantuminsider_2024_04_13_first_german_quantum_cloud_anaqor_becomes_new_associated_par_ace0026b] Repaired malformed JSON.
[06:24:43 +27s | thequantuminsider_2024_04_13_first_german_quantum_cloud_anaqor_becomes_new_associated_par_ace0026b] Extracting actors: https://thequantuminsider.com/2024/04/13/first-german-quantum-cloud-anaqor-becomes-new-associated-partner-of-ionos-led-project-sequenc (1/1), chunk 4/37
[06:24:49 +35s | thequantuminsider_2024_04_13_first_german_quantum_cloud_anaqor_becomes_new_associated_par_ace0026b] Repaired malformed JSON.
[06:24:49 +35s | thequantuminsider_2024_04_13_first_german_quantum_cloud_anaqor_becomes_new_associated_par_ace0026b] Extracting actors: https://thequantuminsider.com/2024/04/13/first-german-quantum-cloud-anaqor-becomes-new-associated-partner-of-ionos-led-project-sequenc (1/1), chunk 5/37
[06:24:58 +44s | thequantuminsider_2024_04_13_first_german_quantum_cloud_anaqor_becomes_new_associated_par_ace0026b] Repaired malformed JSON.
[06:24:58 +44s | thequantuminsider_2024_04_13_first_german_quantum_cloud_anaqor_becomes_new_associated_par_ace0026b] Extracting actors: https://thequantuminsider.com/2024/04/13/first-german-quantum-cloud-anaqor-becomes-new-associated-partner-of-ionos-led-project-sequenc (1/1), chunk 6/37
[06:25:08 +54s | thequantuminsider_2024_04_13_first_german_quantum_cloud_anaqor_becomes_new_associated_par_ace0026b] Repaired malformed JSON.
[06:25:08 +54s | thequantuminsider_2024_04_13_first_german_quantum_cloud_anaqor_becomes_new_associated_par_ace0026b] Extracting actors: https://thequantuminsider.com/2024/04/13/first-german-quantum-cloud-anaqor-becomes-new-associated-partner-of-ionos-led-project-sequenc (1/1), chunk 7/37
[06:25:16 +1m 2s | thequantuminsider_2024_04_13_first_german_quantum_cloud_anaqor_becomes_new_associated_par_ace0026b] Repaired malformed JSON.
[06:25:16 +1m 2s | thequantuminsider_2024_04_13_first_german_quantum_cloud_anaqor_becomes_new_associated_par_ace0026b] Extracting actors: https://thequantuminsider.com/2024/04/13/first-german-quantum-cloud-anaqor-becomes-new-associated-partner-of-ionos-led-project-sequenc (1/1), chunk 8/37
[06:25:20 +1m 8s | thequantuminsider_2024_04_13_first_german_quantum_cloud_anaqor_becomes_new_associated_par_ace0026b] Repaired malformed JSON.
[06:25:20 +1m 8s | thequantuminsider_2024_04_13_first_german_quantum_cloud_anaqor_becomes_new_associated_par_ace0026b] Extracting actors: https://thequantuminsider.com/2024/04/13/first-german-quantum-cloud-anaqor-becomes-new-associated-partner-of-ionos-led-project-sequenc (1/1), chunk 9/37
[06:25:47 +1m 35s | thequantuminsider_2024_04_13_first_german_quantum_cloud_anaqor_becomes_new_associated_par_ace0026b] Repaired malformed JSON.
[06:25:47 +1m 35s | thequantuminsider_2024_04_13_first_german_quantum_cloud_anaqor_becomes_new_associated_par_ace0026b] Extracting actors: https://thequantuminsider.com/2024/04/13/first-german-quantum-cloud-anaqor-becomes-new-associated-partner-of-ionos-led-project-sequenc (1/1), chunk 10/37
[06:25:56 +1m 47s | thequantuminsider_2024_04_13_first_german_quantum_cloud_anaqor_becomes_new_associated_par_ace0026b] Repaired malformed JSON.
[06:25:56 +1m 47s | thequantuminsider_2024_04_13_first_german_quantum_cloud_anaqor_becomes_new_associated_par_ace0026b] Extracting actors: https://thequantuminsider.com/2024/04/13/first-german-quantum-cloud-anaqor-becomes-new-associated-partner-of-ionos-led-project-sequenc (1/1), chunk 11/37
[06:26:27 +2m 20s | thequantuminsider_2024_04_13_first_german_quantum_cloud_anaqor_becomes_new_associated_par_ace0026b] Repaired malformed JSON.
[06:26:27 +2m 20s | thequantuminsider_2024_04_13_first_german_quantum_cloud_anaqor_becomes_new_associated_par_ace0026b] Extracting actors: https://thequantuminsider.com/2024/04/13/first-german-quantum-cloud-anaqor-becomes-new-associated-partner-of-ionos-led-project-sequenc (1/1), chunk 12/37
[06:26:37 +2m 30s | thequantuminsider_2024_04_13_first_german_quantum_cloud_anaqor_becomes_new_associated_par_ace0026b] Repaired malformed JSON.
[06:26:37 +2m 30s | thequantuminsider_2024_04_13_first_german_quantum_cloud_anaqor_becomes_new_associated_par_ace0026b] Extracting actors: https://thequantuminsider.com/2024/04/13/first-german-quantum-cloud-anaqor-becomes-new-associated-partner-of-ionos-led-project-sequenc (1/1), chunk 13/37
[06:26:45 +2m 38s | thequantuminsider_2024_04_13_first_german_quantum_cloud_anaqor_becomes_new_associated_par_ace0026b] Repaired malformed JSON.
[06:26:45 +2m 38s | thequantuminsider_2024_04_13_first_german_quantum_cloud_anaqor_becomes_new_associated_par_ace0026b] Extracting actors: https://thequantuminsider.com/2024/04/13/first-german-quantum-cloud-anaqor-becomes-new-associated-partner-of-ionos-led-project-sequenc (1/1), chunk 14/37
[06:26:49 +2m 44s | thequantuminsider_2024_04_13_first_german_quantum_cloud_anaqor_becomes_new_associated_par_ace0026b] Repaired malformed JSON.
[06:26:49 +2m 44s | thequantuminsider_2024_04_13_first_german_quantum_cloud_anaqor_becomes_new_associated_par_ace0026b] Extracting actors: https://thequantuminsider.com/2024/04/13/first-german-quantum-cloud-anaqor-becomes-new-associated-partner-of-ionos-led-project-sequenc (1/1), chunk 15/37
[06:26:56 +2m 50s | thequantuminsider_2024_04_13_first_german_quantum_cloud_anaqor_becomes_new_associated_par_ace0026b] Repaired malformed JSON.
[06:26:56 +2m 50s | thequantuminsider_2024_04_13_first_german_quantum_cloud_anaqor_becomes_new_associated_par_ace0026b] Extracting actors: https://thequantuminsider.com/2024/04/13/first-german-quantum-cloud-anaqor-becomes-new-associated-partner-of-ionos-led-project-sequenc (1/1), chunk 16/37
[06:27:05 +2m 59s | thequantuminsider_2024_04_13_first_german_quantum_cloud_anaqor_becomes_new_associated_par_ace0026b] Repaired malformed JSON.
[06:27:05 +2m 59s | thequantuminsider_2024_04_13_first_german_quantum_cloud_anaqor_becomes_new_associated_par_ace0026b] Extracting actors: https://thequantuminsider.com/2024/04/13/first-german-quantum-cloud-anaqor-becomes-new-associated-partner-of-ionos-led-project-sequenc (1/1), chunk 17/37
[06:27:24 +3m 20s | thequantuminsider_2024_04_13_first_german_quantum_cloud_anaqor_becomes_new_associated_par_ace0026b] Repaired malformed JSON.
[06:27:24 +3m 20s | thequantuminsider_2024_04_13_first_german_quantum_cloud_anaqor_becomes_new_associated_par_ace0026b] Extracting actors: https://thequantuminsider.com/2024/04/13/first-german-quantum-cloud-anaqor-becomes-new-associated-partner-of-ionos-led-project-sequenc (1/1), chunk 18/37
[06:27:32 +3m 29s | thequantuminsider_2024_04_13_first_german_quantum_cloud_anaqor_becomes_new_associated_par_ace0026b] Repaired malformed JSON.
[06:27:32 +3m 29s | thequantuminsider_2024_04_13_first_german_quantum_cloud_anaqor_becomes_new_associated_par_ace0026b] Extracting actors: https://thequantuminsider.com/2024/04/13/first-german-quantum-cloud-anaqor-becomes-new-associated-partner-of-ionos-led-project-sequenc (1/1), chunk 19/37
[06:27:41 +3m 37s | thequantuminsider_2024_04_13_first_german_quantum_cloud_anaqor_becomes_new_associated_par_ace0026b] Repaired malformed JSON.
[06:27:41 +3m 37s | thequantuminsider_2024_04_13_first_german_quantum_cloud_anaqor_becomes_new_associated_par_ace0026b] Extracting actors: https://thequantuminsider.com/2024/04/13/first-german-quantum-cloud-anaqor-becomes-new-associated-partner-of-ionos-led-project-sequenc (1/1), chunk 20/37
[06:27:48 +3m 44s | thequantuminsider_2024_04_13_first_german_quantum_cloud_anaqor_becomes_new_associated_par_ace0026b] Repaired malformed JSON.
[06:27:48 +3m 44s | thequantuminsider_2024_04_13_first_german_quantum_cloud_anaqor_becomes_new_associated_par_ace0026b] Extracting actors: https://thequantuminsider.com/2024/04/13/first-german-quantum-cloud-anaqor-becomes-new-associated-partner-of-ionos-led-project-sequenc (1/1), chunk 21/37
[06:27:53 +3m 52s | thequantuminsider_2024_04_13_first_german_quantum_cloud_anaqor_becomes_new_associated_par_ace0026b] Repaired malformed JSON.
[06:27:53 +3m 52s | thequantuminsider_2024_04_13_first_german_quantum_cloud_anaqor_becomes_new_associated_par_ace0026b] Extracting actors: https://thequantuminsider.com/2024/04/13/first-german-quantum-cloud-anaqor-becomes-new-associated-partner-of-ionos-led-project-sequenc (1/1), chunk 22/37
[06:28:01 +3m 59s | thequantuminsider_2024_04_13_first_german_quantum_cloud_anaqor_becomes_new_associated_par_ace0026b] Repaired malformed JSON.
[06:28:01 +3m 59s | thequantuminsider_2024_04_13_first_german_quantum_cloud_anaqor_becomes_new_associated_par_ace0026b] Extracting actors: https://thequantuminsider.com/2024/04/13/first-german-quantum-cloud-anaqor-becomes-new-associated-partner-of-ionos-led-project-sequenc (1/1), chunk 23/37
[06:28:27 +4m 28s | thequantuminsider_2024_04_13_first_german_quantum_cloud_anaqor_becomes_new_associated_par_ace0026b] Repaired malformed JSON.
[06:28:27 +4m 28s | thequantuminsider_2024_04_13_first_german_quantum_cloud_anaqor_becomes_new_associated_par_ace0026b] Extracting actors: https://thequantuminsider.com/2024/04/13/first-german-quantum-cloud-anaqor-becomes-new-associated-partner-of-ionos-led-project-sequenc (1/1), chunk 24/37
[06:28:37 +4m 38s | thequantuminsider_2024_04_13_first_german_quantum_cloud_anaqor_becomes_new_associated_par_ace0026b] Repaired malformed JSON.
[06:28:37 +4m 38s | thequantuminsider_2024_04_13_first_german_quantum_cloud_anaqor_becomes_new_associated_par_ace0026b] Extracting actors: https://thequantuminsider.com/2024/04/13/first-german-quantum-cloud-anaqor-becomes-new-associated-partner-of-ionos-led-project-sequenc (1/1), chunk 25/37
[06:28:44 +4m 45s | thequantuminsider_2024_04_13_first_german_quantum_cloud_anaqor_becomes_new_associated_par_ace0026b] Repaired malformed JSON.
[06:28:44 +4m 45s | thequantuminsider_2024_04_13_first_german_quantum_cloud_anaqor_becomes_new_associated_par_ace0026b] Extracting actors: https://thequantuminsider.com/2024/04/13/first-german-quantum-cloud-anaqor-becomes-new-associated-partner-of-ionos-led-project-sequenc (1/1), chunk 26/37
[06:28:48 +4m 49s | thequantuminsider_2024_04_13_first_german_quantum_cloud_anaqor_becomes_new_associated_par_ace0026b] Extracting actors: https://thequantuminsider.com/2024/04/13/first-german-quantum-cloud-anaqor-becomes-new-associated-partner-of-ionos-led-project-sequenc (1/1), chunk 27/37
[06:28:55 +4m 58s | thequantuminsider_2024_04_13_first_german_quantum_cloud_anaqor_becomes_new_associated_par_ace0026b] Repaired malformed JSON.
[06:28:55 +4m 58s | thequantuminsider_2024_04_13_first_german_quantum_cloud_anaqor_becomes_new_associated_par_ace0026b] Extracting actors: https://thequantuminsider.com/2024/04/13/first-german-quantum-cloud-anaqor-becomes-new-associated-partner-of-ionos-led-project-sequenc (1/1), chunk 28/37
[06:29:04 +5m 7s | thequantuminsider_2024_04_13_first_german_quantum_cloud_anaqor_becomes_new_associated_par_ace0026b] Repaired malformed JSON.
[06:29:04 +5m 7s | thequantuminsider_2024_04_13_first_german_quantum_cloud_anaqor_becomes_new_associated_par_ace0026b] Extracting actors: https://thequantuminsider.com/2024/04/13/first-german-quantum-cloud-anaqor-becomes-new-associated-partner-of-ionos-led-project-sequenc (1/1), chunk 29/37
[06:29:11 +5m 14s | thequantuminsider_2024_04_13_first_german_quantum_cloud_anaqor_becomes_new_associated_par_ace0026b] Repaired malformed JSON.
[06:29:11 +5m 14s | thequantuminsider_2024_04_13_first_german_quantum_cloud_anaqor_becomes_new_associated_par_ace0026b] Extracting actors: https://thequantuminsider.com/2024/04/13/first-german-quantum-cloud-anaqor-becomes-new-associated-partner-of-ionos-led-project-sequenc (1/1), chunk 30/37
[06:29:24 +5m 29s | thequantuminsider_2024_04_13_first_german_quantum_cloud_anaqor_becomes_new_associated_par_ace0026b] Repaired malformed JSON.
[06:29:24 +5m 29s | thequantuminsider_2024_04_13_first_german_quantum_cloud_anaqor_becomes_new_associated_par_ace0026b] Extracting actors: https://thequantuminsider.com/2024/04/13/first-german-quantum-cloud-anaqor-becomes-new-associated-partner-of-ionos-led-project-sequenc (1/1), chunk 31/37
[06:29:32 +5m 37s | thequantuminsider_2024_04_13_first_german_quantum_cloud_anaqor_becomes_new_associated_par_ace0026b] Repaired malformed JSON.
[06:29:32 +5m 37s | thequantuminsider_2024_04_13_first_german_quantum_cloud_anaqor_becomes_new_associated_par_ace0026b] Extracting actors: https://thequantuminsider.com/2024/04/13/first-german-quantum-cloud-anaqor-becomes-new-associated-partner-of-ionos-led-project-sequenc (1/1), chunk 32/37
[06:29:39 +5m 45s | thequantuminsider_2024_04_13_first_german_quantum_cloud_anaqor_becomes_new_associated_par_ace0026b] Repaired malformed JSON.
[06:29:39 +5m 45s | thequantuminsider_2024_04_13_first_german_quantum_cloud_anaqor_becomes_new_associated_par_ace0026b] Extracting actors: https://thequantuminsider.com/2024/04/13/first-german-quantum-cloud-anaqor-becomes-new-associated-partner-of-ionos-led-project-sequenc (1/1), chunk 33/37
[06:29:47 +5m 53s | thequantuminsider_2024_04_13_first_german_quantum_cloud_anaqor_becomes_new_associated_par_ace0026b] Repaired malformed JSON.
[06:29:47 +5m 53s | thequantuminsider_2024_04_13_first_german_quantum_cloud_anaqor_becomes_new_associated_par_ace0026b] Extracting actors: https://thequantuminsider.com/2024/04/13/first-german-quantum-cloud-anaqor-becomes-new-associated-partner-of-ionos-led-project-sequenc (1/1), chunk 34/37
[06:29:50 +5m 58s | thequantuminsider_2024_04_13_first_german_quantum_cloud_anaqor_becomes_new_associated_par_ace0026b] Extracting actors: https://thequantuminsider.com/2024/04/13/first-german-quantum-cloud-anaqor-becomes-new-associated-partner-of-ionos-led-project-sequenc (1/1), chunk 35/37
[06:29:57 +6m 4s | thequantuminsider_2024_04_13_first_german_quantum_cloud_anaqor_becomes_new_associated_par_ace0026b] Repaired malformed JSON.
[06:29:57 +6m 4s | thequantuminsider_2024_04_13_first_german_quantum_cloud_anaqor_becomes_new_associated_par_ace0026b] Extracting actors: https://thequantuminsider.com/2024/04/13/first-german-quantum-cloud-anaqor-becomes-new-associated-partner-of-ionos-led-project-sequenc (1/1), chunk 36/37
[06:30:05 +6m 12s | thequantuminsider_2024_04_13_first_german_quantum_cloud_anaqor_becomes_new_associated_par_ace0026b] Repaired malformed JSON.
[06:30:05 +6m 12s | thequantuminsider_2024_04_13_first_german_quantum_cloud_anaqor_becomes_new_associated_par_ace0026b] Extracting actors: https://thequantuminsider.com/2024/04/13/first-german-quantum-cloud-anaqor-becomes-new-associated-partner-of-ionos-led-project-sequenc (1/1), chunk 37/37
[06:30:30 +6m 40s | thequantuminsider_2024_04_13_first_german_quantum_cloud_anaqor_becomes_new_associated_par_ace0026b] Repaired malformed JSON.
[06:30:30 +6m 40s | thequantuminsider_2024_04_13_first_german_quantum_cloud_anaqor_becomes_new_associated_par_ace0026b] Saved 1_actor_results.json with 70 extracted records

[06:30:31 +6m 40s | thequantuminsider_2024_04_13_first_german_quantum_cloud_anaqor_becomes_new_associated_par_ace0026b] === 2 clean actors ===
[06:30:31 +6m 40s | thequantuminsider_2024_04_13_first_german_quantum_cloud_anaqor_becomes_new_associated_par_ace0026b] Loaded 70 extracted records
[06:30:31 +6m 40s | thequantuminsider_2024_04_13_first_german_quantum_cloud_anaqor_becomes_new_associated_par_ace0026b] Saved 2_actor_nodes.json with 15 canonical actor nodes

[06:30:31 +6m 40s | thequantuminsider_2024_04_13_first_german_quantum_cloud_anaqor_becomes_new_associated_par_ace0026b] === 3 interaction extraction ===
[06:30:31 +6m 40s | thequantuminsider_2024_04_13_first_german_quantum_cloud_anaqor_becomes_new_associated_par_ace0026b] Extracting interactions: https://thequantuminsider.com/2024/04/13/first-german-quantum-cloud-anaqor-becomes-new-associated-partner-of-ionos-led-project-sequenc (1/1), chunk 11/37
[06:30:35 +6m 45s | thequantuminsider_2024_04_13_first_german_quantum_cloud_anaqor_becomes_new_associated_par_ace0026b] Extracting interactions: https://thequantuminsider.com/2024/04/13/first-german-quantum-cloud-anaqor-becomes-new-associated-partner-of-ionos-led-project-sequenc (1/1), chunk 12/37
[06:30:39 +6m 49s | thequantuminsider_2024_04_13_first_german_quantum_cloud_anaqor_becomes_new_associated_par_ace0026b] Extracting interactions: https://thequantuminsider.com/2024/04/13/first-german-quantum-cloud-anaqor-becomes-new-associated-partner-of-ionos-led-project-sequenc (1/1), chunk 13/37
[06:30:49 +6m 59s | thequantuminsider_2024_04_13_first_german_quantum_cloud_anaqor_becomes_new_associated_par_ace0026b] Extracting interactions: https://thequantuminsider.com/2024/04/13/first-german-quantum-cloud-anaqor-becomes-new-associated-partner-of-ionos-led-project-sequenc (1/1), chunk 14/37
[06:31:40 +7m 54s | thequantuminsider_2024_04_13_first_german_quantum_cloud_anaqor_becomes_new_associated_par_ace0026b] Extracting interactions: https://thequantuminsider.com/2024/04/13/first-german-quantum-cloud-anaqor-becomes-new-associated-partner-of-ionos-led-project-sequenc (1/1), chunk 15/37
[06:31:51 +8m 7s | thequantuminsider_2024_04_13_first_german_quantum_cloud_anaqor_becomes_new_associated_par_ace0026b] Extracting interactions: https://thequantuminsider.com/2024/04/13/first-german-quantum-cloud-anaqor-becomes-new-associated-partner-of-ionos-led-project-sequenc (1/1), chunk 16/37
[06:32:16 +8m 33s | thequantuminsider_2024_04_13_first_german_quantum_cloud_anaqor_becomes_new_associated_par_ace0026b] Extracting interactions: https://thequantuminsider.com/2024/04/13/first-german-quantum-cloud-anaqor-becomes-new-associated-partner-of-ionos-led-project-sequenc (1/1), chunk 17/37
[06:32:18 +8m 34s | thequantuminsider_2024_04_13_first_german_quantum_cloud_anaqor_becomes_new_associated_par_ace0026b] Extracting interactions: https://thequantuminsider.com/2024/04/13/first-german-quantum-cloud-anaqor-becomes-new-associated-partner-of-ionos-led-project-sequenc (1/1), chunk 20/37
[06:32:19 +8m 37s | thequantuminsider_2024_04_13_first_german_quantum_cloud_anaqor_becomes_new_associated_par_ace0026b] Extracting interactions: https://thequantuminsider.com/2024/04/13/first-german-quantum-cloud-anaqor-becomes-new-associated-partner-of-ionos-led-project-sequenc (1/1), chunk 21/37
[06:32:26 +8m 44s | thequantuminsider_2024_04_13_first_german_quantum_cloud_anaqor_becomes_new_associated_par_ace0026b] Extracting interactions: https://thequantuminsider.com/2024/04/13/first-german-quantum-cloud-anaqor-becomes-new-associated-partner-of-ionos-led-project-sequenc (1/1), chunk 22/37
[06:32:28 +8m 46s | thequantuminsider_2024_04_13_first_german_quantum_cloud_anaqor_becomes_new_associated_par_ace0026b] Extracting interactions: https://thequantuminsider.com/2024/04/13/first-german-quantum-cloud-anaqor-becomes-new-associated-partner-of-ionos-led-project-sequenc (1/1), chunk 25/37
[06:32:36 +8m 55s | thequantuminsider_2024_04_13_first_german_quantum_cloud_anaqor_becomes_new_associated_par_ace0026b] Extracting interactions: https://thequantuminsider.com/2024/04/13/first-german-quantum-cloud-anaqor-becomes-new-associated-partner-of-ionos-led-project-sequenc (1/1), chunk 26/37
[06:32:38 +8m 56s | thequantuminsider_2024_04_13_first_german_quantum_cloud_anaqor_becomes_new_associated_par_ace0026b] Extracting interactions: https://thequantuminsider.com/2024/04/13/first-german-quantum-cloud-anaqor-becomes-new-associated-partner-of-ionos-led-project-sequenc (1/1), chunk 27/37
[06:32:40 +8m 58s | thequantuminsider_2024_04_13_first_german_quantum_cloud_anaqor_becomes_new_associated_par_ace0026b] Extracting interactions: https://thequantuminsider.com/2024/04/13/first-german-quantum-cloud-anaqor-becomes-new-associated-partner-of-ionos-led-project-sequenc (1/1), chunk 28/37
[06:32:41 +9m 0s | thequantuminsider_2024_04_13_first_german_quantum_cloud_anaqor_becomes_new_associated_par_ace0026b] Extracting interactions: https://thequantuminsider.com/2024/04/13/first-german-quantum-cloud-anaqor-becomes-new-associated-partner-of-ionos-led-project-sequenc (1/1), chunk 30/37
[06:32:43 +9m 1s | thequantuminsider_2024_04_13_first_german_quantum_cloud_anaqor_becomes_new_associated_par_ace0026b] Extracting interactions: https://thequantuminsider.com/2024/04/13/first-german-quantum-cloud-anaqor-becomes-new-associated-partner-of-ionos-led-project-sequenc (1/1), chunk 31/37
[06:32:44 +9m 3s | thequantuminsider_2024_04_13_first_german_quantum_cloud_anaqor_becomes_new_associated_par_ace0026b] Extracting interactions: https://thequantuminsider.com/2024/04/13/first-german-quantum-cloud-anaqor-becomes-new-associated-partner-of-ionos-led-project-sequenc (1/1), chunk 32/37
[06:32:46 +9m 4s | thequantuminsider_2024_04_13_first_german_quantum_cloud_anaqor_becomes_new_associated_par_ace0026b] Extracting interactions: https://thequantuminsider.com/2024/04/13/first-german-quantum-cloud-anaqor-becomes-new-associated-partner-of-ionos-led-project-sequenc (1/1), chunk 33/37
[06:32:48 +9m 6s | thequantuminsider_2024_04_13_first_german_quantum_cloud_anaqor_becomes_new_associated_par_ace0026b] Extracting interactions: https://thequantuminsider.com/2024/04/13/first-german-quantum-cloud-anaqor-becomes-new-associated-partner-of-ionos-led-project-sequenc (1/1), chunk 35/37
[06:32:48 +9m 8s | thequantuminsider_2024_04_13_first_german_quantum_cloud_anaqor_becomes_new_associated_par_ace0026b] Extracting interactions: https://thequantuminsider.com/2024/04/13/first-german-quantum-cloud-anaqor-becomes-new-associated-partner-of-ionos-led-project-sequenc (1/1), chunk 36/37
[06:32:49 +9m 9s | thequantuminsider_2024_04_13_first_german_quantum_cloud_anaqor_becomes_new_associated_par_ace0026b] Extracting interactions: https://thequantuminsider.com/2024/04/13/first-german-quantum-cloud-anaqor-becomes-new-associated-partner-of-ionos-led-project-sequenc (1/1), chunk 37/37
[06:32:51 +9m 11s | thequantuminsider_2024_04_13_first_german_quantum_cloud_anaqor_becomes_new_associated_par_ace0026b] Saved 3_interaction_results.json with 9 extracted interactions.

[06:32:51 +9m 11s | thequantuminsider_2024_04_13_first_german_quantum_cloud_anaqor_becomes_new_associated_par_ace0026b] === 4 clean interactions ===
[06:32:51 +9m 11s | thequantuminsider_2024_04_13_first_german_quantum_cloud_anaqor_becomes_new_associated_par_ace0026b] Saved 4_edges.json with 4 cleaned interactions.

[06:32:51 +9m 11s | thequantuminsider_2024_04_13_first_german_quantum_cloud_anaqor_becomes_new_associated_par_ace0026b] === 5 helix enrichment ===
[06:32:51 +9m 11s | thequantuminsider_2024_04_13_first_german_quantum_cloud_anaqor_becomes_new_associated_par_ace0026b] Wrote 5_nodes.json (15 actors)
[06:32:51 +9m 11s | thequantuminsider_2024_04_13_first_german_quantum_cloud_anaqor_becomes_new_associated_par_ace0026b] Wrote 5_edges.json (4 interactions)
[06:32:51 +9m 11s | thequantuminsider_2024_04_13_first_german_quantum_cloud_anaqor_becomes_new_associated_par_ace0026b] Actor helix counts: {'Academia': 1, 'Civil Society': 4, 'Government': 1, 'Industry': 3, 'Unknown': 6}
[06:32:51 +9m 11s | thequantuminsider_2024_04_13_first_german_quantum_cloud_anaqor_becomes_new_associated_par_ace0026b] Functional-space counts: {'Intra-helix / Not classified': 4}

[06:32:51 +9m 11s | thequantuminsider_2024_04_13_first_german_quantum_cloud_anaqor_becomes_new_associated_par_ace0026b] === 6 network visualisation ===
[06:32:51 +9m 11s | thequantuminsider_2024_04_13_first_german_quantum_cloud_anaqor_becomes_new_associated_par_ace0026b] Wrote quantum_network.html
[06:32:51 +9m 11s | thequantuminsider_2024_04_13_first_german_quantum_cloud_anaqor_becomes_new_associated_par_ace0026b] Nodes: 15
[06:32:51 +9m 11s | thequantuminsider_2024_04_13_first_german_quantum_cloud_anaqor_becomes_new_associated_par_ace0026b] Edges: 2

[06:32:51 +9m 12s | thequantuminsider_2024_04_13_first_german_quantum_cloud_anaqor_becomes_new_associated_par_ace0026b] Done. Outputs written to: /home/lv/IDP/idpdeeptech/pipeline/news_outputs/thequantuminsider_2024_04_13_first_german_quantum_cloud_anaqor_becomes_new_associated_par_ace0026b
[06:32:51 +9m 12s | thequantuminsider_2024_04_13_first_german_quantum_cloud_anaqor_becomes_new_associated_par_ace0026b] Log: /home/lv/IDP/idpdeeptech/pipeline/news_outputs/thequantuminsider_2024_04_13_first_german_quantum_cloud_anaqor_becomes_new_associated_par_ace0026b/run.log

========================================================================
RUN FINISHED 2026-07-05 06:32:51  (OK)
Started:     2026-07-05 06:24:16
Elapsed:     9m 12s
========================================================================
