
========================================================================
RUN STARTED  2026-07-05 01:20:27
site_pipeline.py https://thequantuminsider.com/2023/12/05/18-5-million-grant-opens-for-australian-centre-for-quantum-growth/
========================================================================

[01:20:27 +0s | thequantuminsider_2023_12_05_18_5_million_grant_opens_for_australian_centre_for_quantum_growth] === 0 crawl site ===
[01:20:28 +1s | thequantuminsider_2023_12_05_18_5_million_grant_opens_for_australian_centre_for_quantum_growth] [INIT].... → Crawl4AI 0.8.6 
[01:20:31 +4s | thequantuminsider_2023_12_05_18_5_million_grant_opens_for_australian_centre_for_quantum_growth] [FETCH]... ↓ https://thequantuminsider.com/2023/12/05/18-5-mi...-opens-for-australian-centre-for-quantum-growth/  | ✓ | ⏱: 2.17s 
[01:20:31 +4s | thequantuminsider_2023_12_05_18_5_million_grant_opens_for_australian_centre_for_quantum_growth] [SCRAPE].. ◆ https://thequantuminsider.com/2023/12/05/18-5-mi...-opens-for-australian-centre-for-quantum-growth/  | ✓ | ⏱: 0.12s 
[01:20:31 +4s | thequantuminsider_2023_12_05_18_5_million_grant_opens_for_australian_centre_for_quantum_growth] [COMPLETE] ● https://thequantuminsider.com/2023/12/05/18-5-mi...-opens-for-australian-centre-for-quantum-growth/  | ✓ | ⏱: 2.31s 
[01:20:31 +4s | thequantuminsider_2023_12_05_18_5_million_grant_opens_for_australian_centre_for_quantum_growth] Saved: crawl_output/d749a6a6b9_thequantuminsider.com_2023_12_05_18-5-million-grant-opens-for-australian-centre-for-quantum-growth.json

[01:20:31 +4s | thequantuminsider_2023_12_05_18_5_million_grant_opens_for_australian_centre_for_quantum_growth] === 1 actor extraction ===
[01:20:31 +4s | thequantuminsider_2023_12_05_18_5_million_grant_opens_for_australian_centre_for_quantum_growth] Reading page (1/1): https://thequantuminsider.com/2023/12/05/18-5-million-grant-opens-for-australian-centre-for-quantum-growth
[01:20:31 +4s | thequantuminsider_2023_12_05_18_5_million_grant_opens_for_australian_centre_for_quantum_growth] Extracting actors: https://thequantuminsider.com/2023/12/05/18-5-million-grant-opens-for-australian-centre-for-quantum-growth (1/1), chunk 1/37
[01:20:37 +10s | thequantuminsider_2023_12_05_18_5_million_grant_opens_for_australian_centre_for_quantum_growth] Extracting actors: https://thequantuminsider.com/2023/12/05/18-5-million-grant-opens-for-australian-centre-for-quantum-growth (1/1), chunk 2/37
[01:20:43 +16s | thequantuminsider_2023_12_05_18_5_million_grant_opens_for_australian_centre_for_quantum_growth] Extracting actors: https://thequantuminsider.com/2023/12/05/18-5-million-grant-opens-for-australian-centre-for-quantum-growth (1/1), chunk 3/37
[01:20:44 +17s | thequantuminsider_2023_12_05_18_5_million_grant_opens_for_australian_centre_for_quantum_growth] Extracting actors: https://thequantuminsider.com/2023/12/05/18-5-million-grant-opens-for-australian-centre-for-quantum-growth (1/1), chunk 4/37
[01:20:56 +30s | thequantuminsider_2023_12_05_18_5_million_grant_opens_for_australian_centre_for_quantum_growth] Extracting actors: https://thequantuminsider.com/2023/12/05/18-5-million-grant-opens-for-australian-centre-for-quantum-growth (1/1), chunk 5/37
[01:21:03 +37s | thequantuminsider_2023_12_05_18_5_million_grant_opens_for_australian_centre_for_quantum_growth] Extracting actors: https://thequantuminsider.com/2023/12/05/18-5-million-grant-opens-for-australian-centre-for-quantum-growth (1/1), chunk 6/37
[01:21:12 +46s | thequantuminsider_2023_12_05_18_5_million_grant_opens_for_australian_centre_for_quantum_growth] Repaired malformed JSON.
[01:21:12 +46s | thequantuminsider_2023_12_05_18_5_million_grant_opens_for_australian_centre_for_quantum_growth] Extracting actors: https://thequantuminsider.com/2023/12/05/18-5-million-grant-opens-for-australian-centre-for-quantum-growth (1/1), chunk 7/37
[01:21:16 +51s | thequantuminsider_2023_12_05_18_5_million_grant_opens_for_australian_centre_for_quantum_growth] Extracting actors: https://thequantuminsider.com/2023/12/05/18-5-million-grant-opens-for-australian-centre-for-quantum-growth (1/1), chunk 8/37
[01:21:22 +57s | thequantuminsider_2023_12_05_18_5_million_grant_opens_for_australian_centre_for_quantum_growth] Extracting actors: https://thequantuminsider.com/2023/12/05/18-5-million-grant-opens-for-australian-centre-for-quantum-growth (1/1), chunk 9/37
[01:21:30 +1m 5s | thequantuminsider_2023_12_05_18_5_million_grant_opens_for_australian_centre_for_quantum_growth] Extracting actors: https://thequantuminsider.com/2023/12/05/18-5-million-grant-opens-for-australian-centre-for-quantum-growth (1/1), chunk 10/37
[01:21:38 +1m 13s | thequantuminsider_2023_12_05_18_5_million_grant_opens_for_australian_centre_for_quantum_growth] Extracting actors: https://thequantuminsider.com/2023/12/05/18-5-million-grant-opens-for-australian-centre-for-quantum-growth (1/1), chunk 11/37
[01:21:47 +1m 22s | thequantuminsider_2023_12_05_18_5_million_grant_opens_for_australian_centre_for_quantum_growth] Repaired malformed JSON.
[01:21:47 +1m 22s | thequantuminsider_2023_12_05_18_5_million_grant_opens_for_australian_centre_for_quantum_growth] Extracting actors: https://thequantuminsider.com/2023/12/05/18-5-million-grant-opens-for-australian-centre-for-quantum-growth (1/1), chunk 12/37
[01:21:55 +1m 31s | thequantuminsider_2023_12_05_18_5_million_grant_opens_for_australian_centre_for_quantum_growth] Repaired malformed JSON.
[01:21:55 +1m 31s | thequantuminsider_2023_12_05_18_5_million_grant_opens_for_australian_centre_for_quantum_growth] Extracting actors: https://thequantuminsider.com/2023/12/05/18-5-million-grant-opens-for-australian-centre-for-quantum-growth (1/1), chunk 13/37
[01:22:05 +1m 41s | thequantuminsider_2023_12_05_18_5_million_grant_opens_for_australian_centre_for_quantum_growth] Repaired malformed JSON.
[01:22:05 +1m 41s | thequantuminsider_2023_12_05_18_5_million_grant_opens_for_australian_centre_for_quantum_growth] Extracting actors: https://thequantuminsider.com/2023/12/05/18-5-million-grant-opens-for-australian-centre-for-quantum-growth (1/1), chunk 14/37
[01:22:12 +1m 48s | thequantuminsider_2023_12_05_18_5_million_grant_opens_for_australian_centre_for_quantum_growth] Repaired malformed JSON.
[01:22:12 +1m 48s | thequantuminsider_2023_12_05_18_5_million_grant_opens_for_australian_centre_for_quantum_growth] Extracting actors: https://thequantuminsider.com/2023/12/05/18-5-million-grant-opens-for-australian-centre-for-quantum-growth (1/1), chunk 15/37
[01:22:21 +1m 58s | thequantuminsider_2023_12_05_18_5_million_grant_opens_for_australian_centre_for_quantum_growth] Repaired malformed JSON.
[01:22:21 +1m 58s | thequantuminsider_2023_12_05_18_5_million_grant_opens_for_australian_centre_for_quantum_growth] Extracting actors: https://thequantuminsider.com/2023/12/05/18-5-million-grant-opens-for-australian-centre-for-quantum-growth (1/1), chunk 16/37
[01:22:29 +2m 6s | thequantuminsider_2023_12_05_18_5_million_grant_opens_for_australian_centre_for_quantum_growth] Repaired malformed JSON.
[01:22:29 +2m 6s | thequantuminsider_2023_12_05_18_5_million_grant_opens_for_australian_centre_for_quantum_growth] Extracting actors: https://thequantuminsider.com/2023/12/05/18-5-million-grant-opens-for-australian-centre-for-quantum-growth (1/1), chunk 17/37
[01:22:35 +2m 12s | thequantuminsider_2023_12_05_18_5_million_grant_opens_for_australian_centre_for_quantum_growth] Repaired malformed JSON.
[01:22:35 +2m 12s | thequantuminsider_2023_12_05_18_5_million_grant_opens_for_australian_centre_for_quantum_growth] Extracting actors: https://thequantuminsider.com/2023/12/05/18-5-million-grant-opens-for-australian-centre-for-quantum-growth (1/1), chunk 18/37
[01:22:43 +2m 20s | thequantuminsider_2023_12_05_18_5_million_grant_opens_for_australian_centre_for_quantum_growth] Extracting actors: https://thequantuminsider.com/2023/12/05/18-5-million-grant-opens-for-australian-centre-for-quantum-growth (1/1), chunk 19/37
[01:22:52 +2m 30s | thequantuminsider_2023_12_05_18_5_million_grant_opens_for_australian_centre_for_quantum_growth] Repaired malformed JSON.
[01:22:52 +2m 30s | thequantuminsider_2023_12_05_18_5_million_grant_opens_for_australian_centre_for_quantum_growth] Extracting actors: https://thequantuminsider.com/2023/12/05/18-5-million-grant-opens-for-australian-centre-for-quantum-growth (1/1), chunk 20/37
[01:22:59 +2m 36s | thequantuminsider_2023_12_05_18_5_million_grant_opens_for_australian_centre_for_quantum_growth] Repaired malformed JSON.
[01:22:59 +2m 36s | thequantuminsider_2023_12_05_18_5_million_grant_opens_for_australian_centre_for_quantum_growth] Extracting actors: https://thequantuminsider.com/2023/12/05/18-5-million-grant-opens-for-australian-centre-for-quantum-growth (1/1), chunk 21/37
[01:23:24 +3m 3s | thequantuminsider_2023_12_05_18_5_million_grant_opens_for_australian_centre_for_quantum_growth] Repaired malformed JSON.
[01:23:24 +3m 3s | thequantuminsider_2023_12_05_18_5_million_grant_opens_for_australian_centre_for_quantum_growth] Extracting actors: https://thequantuminsider.com/2023/12/05/18-5-million-grant-opens-for-australian-centre-for-quantum-growth (1/1), chunk 22/37
[01:23:33 +3m 11s | thequantuminsider_2023_12_05_18_5_million_grant_opens_for_australian_centre_for_quantum_growth] Extracting actors: https://thequantuminsider.com/2023/12/05/18-5-million-grant-opens-for-australian-centre-for-quantum-growth (1/1), chunk 23/37
[01:23:39 +3m 18s | thequantuminsider_2023_12_05_18_5_million_grant_opens_for_australian_centre_for_quantum_growth] Repaired malformed JSON.
[01:23:39 +3m 18s | thequantuminsider_2023_12_05_18_5_million_grant_opens_for_australian_centre_for_quantum_growth] Extracting actors: https://thequantuminsider.com/2023/12/05/18-5-million-grant-opens-for-australian-centre-for-quantum-growth (1/1), chunk 24/37
[01:23:47 +3m 26s | thequantuminsider_2023_12_05_18_5_million_grant_opens_for_australian_centre_for_quantum_growth] Repaired malformed JSON.
[01:23:47 +3m 26s | thequantuminsider_2023_12_05_18_5_million_grant_opens_for_australian_centre_for_quantum_growth] Extracting actors: https://thequantuminsider.com/2023/12/05/18-5-million-grant-opens-for-australian-centre-for-quantum-growth (1/1), chunk 25/37
[01:23:52 +3m 32s | thequantuminsider_2023_12_05_18_5_million_grant_opens_for_australian_centre_for_quantum_growth] Extracting actors: https://thequantuminsider.com/2023/12/05/18-5-million-grant-opens-for-australian-centre-for-quantum-growth (1/1), chunk 26/37
[01:23:59 +3m 38s | thequantuminsider_2023_12_05_18_5_million_grant_opens_for_australian_centre_for_quantum_growth] Repaired malformed JSON.
[01:23:59 +3m 38s | thequantuminsider_2023_12_05_18_5_million_grant_opens_for_australian_centre_for_quantum_growth] Extracting actors: https://thequantuminsider.com/2023/12/05/18-5-million-grant-opens-for-australian-centre-for-quantum-growth (1/1), chunk 27/37
[01:24:01 +3m 41s | thequantuminsider_2023_12_05_18_5_million_grant_opens_for_australian_centre_for_quantum_growth] Extracting actors: https://thequantuminsider.com/2023/12/05/18-5-million-grant-opens-for-australian-centre-for-quantum-growth (1/1), chunk 28/37
[01:24:03 +3m 43s | thequantuminsider_2023_12_05_18_5_million_grant_opens_for_australian_centre_for_quantum_growth] Extracting actors: https://thequantuminsider.com/2023/12/05/18-5-million-grant-opens-for-australian-centre-for-quantum-growth (1/1), chunk 29/37
[01:24:07 +3m 47s | thequantuminsider_2023_12_05_18_5_million_grant_opens_for_australian_centre_for_quantum_growth] Extracting actors: https://thequantuminsider.com/2023/12/05/18-5-million-grant-opens-for-australian-centre-for-quantum-growth (1/1), chunk 30/37
[01:24:15 +3m 55s | thequantuminsider_2023_12_05_18_5_million_grant_opens_for_australian_centre_for_quantum_growth] Repaired malformed JSON.
[01:24:15 +3m 55s | thequantuminsider_2023_12_05_18_5_million_grant_opens_for_australian_centre_for_quantum_growth] Extracting actors: https://thequantuminsider.com/2023/12/05/18-5-million-grant-opens-for-australian-centre-for-quantum-growth (1/1), chunk 31/37
[01:24:21 +4m 1s | thequantuminsider_2023_12_05_18_5_million_grant_opens_for_australian_centre_for_quantum_growth] Repaired malformed JSON.
[01:24:21 +4m 1s | thequantuminsider_2023_12_05_18_5_million_grant_opens_for_australian_centre_for_quantum_growth] Extracting actors: https://thequantuminsider.com/2023/12/05/18-5-million-grant-opens-for-australian-centre-for-quantum-growth (1/1), chunk 32/37
[01:24:24 +4m 5s | thequantuminsider_2023_12_05_18_5_million_grant_opens_for_australian_centre_for_quantum_growth] Extracting actors: https://thequantuminsider.com/2023/12/05/18-5-million-grant-opens-for-australian-centre-for-quantum-growth (1/1), chunk 33/37
[01:24:43 +4m 24s | thequantuminsider_2023_12_05_18_5_million_grant_opens_for_australian_centre_for_quantum_growth] Repaired malformed JSON.
[01:24:43 +4m 24s | thequantuminsider_2023_12_05_18_5_million_grant_opens_for_australian_centre_for_quantum_growth] Extracting actors: https://thequantuminsider.com/2023/12/05/18-5-million-grant-opens-for-australian-centre-for-quantum-growth (1/1), chunk 34/37
[01:24:48 +4m 29s | thequantuminsider_2023_12_05_18_5_million_grant_opens_for_australian_centre_for_quantum_growth] Extracting actors: https://thequantuminsider.com/2023/12/05/18-5-million-grant-opens-for-australian-centre-for-quantum-growth (1/1), chunk 35/37
[01:24:57 +4m 39s | thequantuminsider_2023_12_05_18_5_million_grant_opens_for_australian_centre_for_quantum_growth] Repaired malformed JSON.
[01:24:57 +4m 39s | thequantuminsider_2023_12_05_18_5_million_grant_opens_for_australian_centre_for_quantum_growth] Extracting actors: https://thequantuminsider.com/2023/12/05/18-5-million-grant-opens-for-australian-centre-for-quantum-growth (1/1), chunk 36/37
[01:25:05 +4m 47s | thequantuminsider_2023_12_05_18_5_million_grant_opens_for_australian_centre_for_quantum_growth] Repaired malformed JSON.
[01:25:05 +4m 47s | thequantuminsider_2023_12_05_18_5_million_grant_opens_for_australian_centre_for_quantum_growth] Extracting actors: https://thequantuminsider.com/2023/12/05/18-5-million-grant-opens-for-australian-centre-for-quantum-growth (1/1), chunk 37/37
[01:25:10 +4m 52s | thequantuminsider_2023_12_05_18_5_million_grant_opens_for_australian_centre_for_quantum_growth] Saved 1_actor_results.json with 49 extracted records

[01:25:11 +4m 52s | thequantuminsider_2023_12_05_18_5_million_grant_opens_for_australian_centre_for_quantum_growth] === 2 clean actors ===
[01:25:11 +4m 52s | thequantuminsider_2023_12_05_18_5_million_grant_opens_for_australian_centre_for_quantum_growth] Loaded 49 extracted records
[01:25:11 +4m 52s | thequantuminsider_2023_12_05_18_5_million_grant_opens_for_australian_centre_for_quantum_growth] Saved 2_actor_nodes.json with 16 canonical actor nodes

[01:25:11 +4m 52s | thequantuminsider_2023_12_05_18_5_million_grant_opens_for_australian_centre_for_quantum_growth] === 3 interaction extraction ===
[01:25:11 +4m 53s | thequantuminsider_2023_12_05_18_5_million_grant_opens_for_australian_centre_for_quantum_growth] Extracting interactions: https://thequantuminsider.com/2023/12/05/18-5-million-grant-opens-for-australian-centre-for-quantum-growth (1/1), chunk 11/37
[01:25:18 +5m 0s | thequantuminsider_2023_12_05_18_5_million_grant_opens_for_australian_centre_for_quantum_growth] Extracting interactions: https://thequantuminsider.com/2023/12/05/18-5-million-grant-opens-for-australian-centre-for-quantum-growth (1/1), chunk 12/37
[01:25:49 +5m 31s | thequantuminsider_2023_12_05_18_5_million_grant_opens_for_australian_centre_for_quantum_growth] Extracting interactions: https://thequantuminsider.com/2023/12/05/18-5-million-grant-opens-for-australian-centre-for-quantum-growth (1/1), chunk 13/37
[01:26:13 +5m 56s | thequantuminsider_2023_12_05_18_5_million_grant_opens_for_australian_centre_for_quantum_growth] Extracting interactions: https://thequantuminsider.com/2023/12/05/18-5-million-grant-opens-for-australian-centre-for-quantum-growth (1/1), chunk 14/37
[01:26:28 +6m 13s | thequantuminsider_2023_12_05_18_5_million_grant_opens_for_australian_centre_for_quantum_growth] Extracting interactions: https://thequantuminsider.com/2023/12/05/18-5-million-grant-opens-for-australian-centre-for-quantum-growth (1/1), chunk 15/37
[01:26:40 +6m 25s | thequantuminsider_2023_12_05_18_5_million_grant_opens_for_australian_centre_for_quantum_growth] Extracting interactions: https://thequantuminsider.com/2023/12/05/18-5-million-grant-opens-for-australian-centre-for-quantum-growth (1/1), chunk 16/37
[01:26:50 +6m 35s | thequantuminsider_2023_12_05_18_5_million_grant_opens_for_australian_centre_for_quantum_growth] Extracting interactions: https://thequantuminsider.com/2023/12/05/18-5-million-grant-opens-for-australian-centre-for-quantum-growth (1/1), chunk 17/37
[01:26:59 +6m 44s | thequantuminsider_2023_12_05_18_5_million_grant_opens_for_australian_centre_for_quantum_growth] Extracting interactions: https://thequantuminsider.com/2023/12/05/18-5-million-grant-opens-for-australian-centre-for-quantum-growth (1/1), chunk 20/37
[01:27:00 +6m 46s | thequantuminsider_2023_12_05_18_5_million_grant_opens_for_australian_centre_for_quantum_growth] Extracting interactions: https://thequantuminsider.com/2023/12/05/18-5-million-grant-opens-for-australian-centre-for-quantum-growth (1/1), chunk 21/37
[01:27:04 +6m 50s | thequantuminsider_2023_12_05_18_5_million_grant_opens_for_australian_centre_for_quantum_growth] Extracting interactions: https://thequantuminsider.com/2023/12/05/18-5-million-grant-opens-for-australian-centre-for-quantum-growth (1/1), chunk 26/37
[01:27:09 +6m 55s | thequantuminsider_2023_12_05_18_5_million_grant_opens_for_australian_centre_for_quantum_growth] Extracting interactions: https://thequantuminsider.com/2023/12/05/18-5-million-grant-opens-for-australian-centre-for-quantum-growth (1/1), chunk 27/37
[01:27:15 +7m 1s | thequantuminsider_2023_12_05_18_5_million_grant_opens_for_australian_centre_for_quantum_growth] Extracting interactions: https://thequantuminsider.com/2023/12/05/18-5-million-grant-opens-for-australian-centre-for-quantum-growth (1/1), chunk 28/37
[01:27:17 +7m 2s | thequantuminsider_2023_12_05_18_5_million_grant_opens_for_australian_centre_for_quantum_growth] Extracting interactions: https://thequantuminsider.com/2023/12/05/18-5-million-grant-opens-for-australian-centre-for-quantum-growth (1/1), chunk 30/37
[01:27:31 +7m 18s | thequantuminsider_2023_12_05_18_5_million_grant_opens_for_australian_centre_for_quantum_growth] Extracting interactions: https://thequantuminsider.com/2023/12/05/18-5-million-grant-opens-for-australian-centre-for-quantum-growth (1/1), chunk 31/37
[01:27:33 +7m 19s | thequantuminsider_2023_12_05_18_5_million_grant_opens_for_australian_centre_for_quantum_growth] Extracting interactions: https://thequantuminsider.com/2023/12/05/18-5-million-grant-opens-for-australian-centre-for-quantum-growth (1/1), chunk 32/37
[01:27:34 +7m 21s | thequantuminsider_2023_12_05_18_5_million_grant_opens_for_australian_centre_for_quantum_growth] Extracting interactions: https://thequantuminsider.com/2023/12/05/18-5-million-grant-opens-for-australian-centre-for-quantum-growth (1/1), chunk 33/37
[01:27:36 +7m 23s | thequantuminsider_2023_12_05_18_5_million_grant_opens_for_australian_centre_for_quantum_growth] Extracting interactions: https://thequantuminsider.com/2023/12/05/18-5-million-grant-opens-for-australian-centre-for-quantum-growth (1/1), chunk 35/37
[01:27:39 +7m 26s | thequantuminsider_2023_12_05_18_5_million_grant_opens_for_australian_centre_for_quantum_growth] Extracting interactions: https://thequantuminsider.com/2023/12/05/18-5-million-grant-opens-for-australian-centre-for-quantum-growth (1/1), chunk 36/37
[01:27:42 +7m 28s | thequantuminsider_2023_12_05_18_5_million_grant_opens_for_australian_centre_for_quantum_growth] Saved 3_interaction_results.json with 30 extracted interactions.

[01:27:42 +7m 28s | thequantuminsider_2023_12_05_18_5_million_grant_opens_for_australian_centre_for_quantum_growth] === 4 clean interactions ===
[01:27:42 +7m 29s | thequantuminsider_2023_12_05_18_5_million_grant_opens_for_australian_centre_for_quantum_growth] Saved 4_edges.json with 4 cleaned interactions.

[01:27:42 +7m 29s | thequantuminsider_2023_12_05_18_5_million_grant_opens_for_australian_centre_for_quantum_growth] === 5 helix enrichment ===
[01:27:42 +7m 29s | thequantuminsider_2023_12_05_18_5_million_grant_opens_for_australian_centre_for_quantum_growth] Wrote 5_nodes.json (16 actors)
[01:27:42 +7m 29s | thequantuminsider_2023_12_05_18_5_million_grant_opens_for_australian_centre_for_quantum_growth] Wrote 5_edges.json (4 interactions)
[01:27:42 +7m 29s | thequantuminsider_2023_12_05_18_5_million_grant_opens_for_australian_centre_for_quantum_growth] Actor helix counts: {'Academia': 3, 'Civil Society': 4, 'Government': 2, 'Intermediary': 1, 'Unknown': 6}
[01:27:42 +7m 29s | thequantuminsider_2023_12_05_18_5_million_grant_opens_for_australian_centre_for_quantum_growth] Functional-space counts: {'Knowledge': 2, 'Unknown': 2}

[01:27:42 +7m 29s | thequantuminsider_2023_12_05_18_5_million_grant_opens_for_australian_centre_for_quantum_growth] === 6 network visualisation ===
[01:27:42 +7m 29s | thequantuminsider_2023_12_05_18_5_million_grant_opens_for_australian_centre_for_quantum_growth] Wrote quantum_network.html
[01:27:42 +7m 29s | thequantuminsider_2023_12_05_18_5_million_grant_opens_for_australian_centre_for_quantum_growth] Nodes: 16
[01:27:42 +7m 29s | thequantuminsider_2023_12_05_18_5_million_grant_opens_for_australian_centre_for_quantum_growth] Edges: 2

[01:27:42 +7m 29s | thequantuminsider_2023_12_05_18_5_million_grant_opens_for_australian_centre_for_quantum_growth] Done. Outputs written to: /home/lv/IDP/idpdeeptech/pipeline/news_outputs/thequantuminsider_2023_12_05_18_5_million_grant_opens_for_australian_centre_for_quantum_growth
[01:27:42 +7m 29s | thequantuminsider_2023_12_05_18_5_million_grant_opens_for_australian_centre_for_quantum_growth] Log: /home/lv/IDP/idpdeeptech/pipeline/news_outputs/thequantuminsider_2023_12_05_18_5_million_grant_opens_for_australian_centre_for_quantum_growth/run.log

========================================================================
RUN FINISHED 2026-07-05 01:27:42  (OK)
Started:     2026-07-05 01:20:27
Elapsed:     7m 29s
========================================================================
