
========================================================================
RUN STARTED  2026-07-05 06:43:01
site_pipeline.py https://thequantuminsider.com/2023/10/04/russias-sberbank-sees-possibilities-for-quantum-in-business/
========================================================================

[06:43:01 +0s | thequantuminsider_2023_10_04_russias_sberbank_sees_possibilities_for_quantum_in_business] === 0 crawl site ===
[06:43:02 +1s | thequantuminsider_2023_10_04_russias_sberbank_sees_possibilities_for_quantum_in_business] [INIT].... → Crawl4AI 0.8.6 
[06:43:05 +4s | thequantuminsider_2023_10_04_russias_sberbank_sees_possibilities_for_quantum_in_business] [FETCH]... ↓ https://thequantuminsider.com/2023/10/04/russias...bank-sees-possibilities-for-quantum-in-business/  | ✓ | ⏱: 2.05s 
[06:43:05 +4s | thequantuminsider_2023_10_04_russias_sberbank_sees_possibilities_for_quantum_in_business] [SCRAPE].. ◆ https://thequantuminsider.com/2023/10/04/russias...bank-sees-possibilities-for-quantum-in-business/  | ✓ | ⏱: 0.15s 
[06:43:05 +4s | thequantuminsider_2023_10_04_russias_sberbank_sees_possibilities_for_quantum_in_business] [COMPLETE] ● https://thequantuminsider.com/2023/10/04/russias...bank-sees-possibilities-for-quantum-in-business/  | ✓ | ⏱: 2.22s 
[06:43:05 +4s | thequantuminsider_2023_10_04_russias_sberbank_sees_possibilities_for_quantum_in_business] Saved: crawl_output/83798b843c_thequantuminsider.com_2023_10_04_russias-sberbank-sees-possibilities-for-quantum-in-business.json

[06:43:05 +4s | thequantuminsider_2023_10_04_russias_sberbank_sees_possibilities_for_quantum_in_business] === 1 actor extraction ===
[06:43:05 +4s | thequantuminsider_2023_10_04_russias_sberbank_sees_possibilities_for_quantum_in_business] Reading page (1/1): https://thequantuminsider.com/2023/10/04/russias-sberbank-sees-possibilities-for-quantum-in-business
[06:43:05 +4s | thequantuminsider_2023_10_04_russias_sberbank_sees_possibilities_for_quantum_in_business] Extracting actors: https://thequantuminsider.com/2023/10/04/russias-sberbank-sees-possibilities-for-quantum-in-business (1/1), chunk 1/36
[06:43:12 +11s | thequantuminsider_2023_10_04_russias_sberbank_sees_possibilities_for_quantum_in_business] Repaired malformed JSON.
[06:43:12 +11s | thequantuminsider_2023_10_04_russias_sberbank_sees_possibilities_for_quantum_in_business] Extracting actors: https://thequantuminsider.com/2023/10/04/russias-sberbank-sees-possibilities-for-quantum-in-business (1/1), chunk 2/36
[06:43:18 +17s | thequantuminsider_2023_10_04_russias_sberbank_sees_possibilities_for_quantum_in_business] Extracting actors: https://thequantuminsider.com/2023/10/04/russias-sberbank-sees-possibilities-for-quantum-in-business (1/1), chunk 3/36
[06:43:21 +23s | thequantuminsider_2023_10_04_russias_sberbank_sees_possibilities_for_quantum_in_business] Extracting actors: https://thequantuminsider.com/2023/10/04/russias-sberbank-sees-possibilities-for-quantum-in-business (1/1), chunk 4/36
[06:43:26 +27s | thequantuminsider_2023_10_04_russias_sberbank_sees_possibilities_for_quantum_in_business] Extracting actors: https://thequantuminsider.com/2023/10/04/russias-sberbank-sees-possibilities-for-quantum-in-business (1/1), chunk 5/36
[06:43:30 +31s | thequantuminsider_2023_10_04_russias_sberbank_sees_possibilities_for_quantum_in_business] Extracting actors: https://thequantuminsider.com/2023/10/04/russias-sberbank-sees-possibilities-for-quantum-in-business (1/1), chunk 6/36
[06:43:36 +38s | thequantuminsider_2023_10_04_russias_sberbank_sees_possibilities_for_quantum_in_business] Extracting actors: https://thequantuminsider.com/2023/10/04/russias-sberbank-sees-possibilities-for-quantum-in-business (1/1), chunk 7/36
[06:43:43 +44s | thequantuminsider_2023_10_04_russias_sberbank_sees_possibilities_for_quantum_in_business] Extracting actors: https://thequantuminsider.com/2023/10/04/russias-sberbank-sees-possibilities-for-quantum-in-business (1/1), chunk 8/36
[06:43:49 +50s | thequantuminsider_2023_10_04_russias_sberbank_sees_possibilities_for_quantum_in_business] Extracting actors: https://thequantuminsider.com/2023/10/04/russias-sberbank-sees-possibilities-for-quantum-in-business (1/1), chunk 9/36
[06:43:51 +55s | thequantuminsider_2023_10_04_russias_sberbank_sees_possibilities_for_quantum_in_business] Extracting actors: https://thequantuminsider.com/2023/10/04/russias-sberbank-sees-possibilities-for-quantum-in-business (1/1), chunk 10/36
[06:43:56 +59s | thequantuminsider_2023_10_04_russias_sberbank_sees_possibilities_for_quantum_in_business] Extracting actors: https://thequantuminsider.com/2023/10/04/russias-sberbank-sees-possibilities-for-quantum-in-business (1/1), chunk 11/36
[06:44:07 +1m 10s | thequantuminsider_2023_10_04_russias_sberbank_sees_possibilities_for_quantum_in_business] Repaired malformed JSON.
[06:44:07 +1m 10s | thequantuminsider_2023_10_04_russias_sberbank_sees_possibilities_for_quantum_in_business] Extracting actors: https://thequantuminsider.com/2023/10/04/russias-sberbank-sees-possibilities-for-quantum-in-business (1/1), chunk 12/36
[06:44:18 +1m 22s | thequantuminsider_2023_10_04_russias_sberbank_sees_possibilities_for_quantum_in_business] Repaired malformed JSON.
[06:44:18 +1m 22s | thequantuminsider_2023_10_04_russias_sberbank_sees_possibilities_for_quantum_in_business] Extracting actors: https://thequantuminsider.com/2023/10/04/russias-sberbank-sees-possibilities-for-quantum-in-business (1/1), chunk 13/36
[06:44:27 +1m 33s | thequantuminsider_2023_10_04_russias_sberbank_sees_possibilities_for_quantum_in_business] Repaired malformed JSON.
[06:44:27 +1m 33s | thequantuminsider_2023_10_04_russias_sberbank_sees_possibilities_for_quantum_in_business] Extracting actors: https://thequantuminsider.com/2023/10/04/russias-sberbank-sees-possibilities-for-quantum-in-business (1/1), chunk 14/36
[06:44:53 +2m 1s | thequantuminsider_2023_10_04_russias_sberbank_sees_possibilities_for_quantum_in_business] Repaired malformed JSON.
[06:44:53 +2m 1s | thequantuminsider_2023_10_04_russias_sberbank_sees_possibilities_for_quantum_in_business] Extracting actors: https://thequantuminsider.com/2023/10/04/russias-sberbank-sees-possibilities-for-quantum-in-business (1/1), chunk 15/36
[06:44:59 +2m 7s | thequantuminsider_2023_10_04_russias_sberbank_sees_possibilities_for_quantum_in_business] Repaired malformed JSON.
[06:44:59 +2m 7s | thequantuminsider_2023_10_04_russias_sberbank_sees_possibilities_for_quantum_in_business] Extracting actors: https://thequantuminsider.com/2023/10/04/russias-sberbank-sees-possibilities-for-quantum-in-business (1/1), chunk 16/36
[06:45:09 +2m 17s | thequantuminsider_2023_10_04_russias_sberbank_sees_possibilities_for_quantum_in_business] Repaired malformed JSON.
[06:45:09 +2m 17s | thequantuminsider_2023_10_04_russias_sberbank_sees_possibilities_for_quantum_in_business] Extracting actors: https://thequantuminsider.com/2023/10/04/russias-sberbank-sees-possibilities-for-quantum-in-business (1/1), chunk 17/36
[06:45:16 +2m 24s | thequantuminsider_2023_10_04_russias_sberbank_sees_possibilities_for_quantum_in_business] Extracting actors: https://thequantuminsider.com/2023/10/04/russias-sberbank-sees-possibilities-for-quantum-in-business (1/1), chunk 18/36
[06:45:22 +2m 32s | thequantuminsider_2023_10_04_russias_sberbank_sees_possibilities_for_quantum_in_business] Repaired malformed JSON.
[06:45:22 +2m 32s | thequantuminsider_2023_10_04_russias_sberbank_sees_possibilities_for_quantum_in_business] Extracting actors: https://thequantuminsider.com/2023/10/04/russias-sberbank-sees-possibilities-for-quantum-in-business (1/1), chunk 19/36
[06:45:51 +3m 1s | thequantuminsider_2023_10_04_russias_sberbank_sees_possibilities_for_quantum_in_business] Repaired malformed JSON.
[06:45:51 +3m 1s | thequantuminsider_2023_10_04_russias_sberbank_sees_possibilities_for_quantum_in_business] Extracting actors: https://thequantuminsider.com/2023/10/04/russias-sberbank-sees-possibilities-for-quantum-in-business (1/1), chunk 20/36
[06:45:58 +3m 10s | thequantuminsider_2023_10_04_russias_sberbank_sees_possibilities_for_quantum_in_business] Repaired malformed JSON.
[06:45:58 +3m 10s | thequantuminsider_2023_10_04_russias_sberbank_sees_possibilities_for_quantum_in_business] Extracting actors: https://thequantuminsider.com/2023/10/04/russias-sberbank-sees-possibilities-for-quantum-in-business (1/1), chunk 21/36
[06:46:43 +3m 58s | thequantuminsider_2023_10_04_russias_sberbank_sees_possibilities_for_quantum_in_business] Repaired malformed JSON.
[06:46:43 +3m 58s | thequantuminsider_2023_10_04_russias_sberbank_sees_possibilities_for_quantum_in_business] Extracting actors: https://thequantuminsider.com/2023/10/04/russias-sberbank-sees-possibilities-for-quantum-in-business (1/1), chunk 22/36
[06:46:49 +4m 6s | thequantuminsider_2023_10_04_russias_sberbank_sees_possibilities_for_quantum_in_business] Repaired malformed JSON.
[06:46:49 +4m 6s | thequantuminsider_2023_10_04_russias_sberbank_sees_possibilities_for_quantum_in_business] Extracting actors: https://thequantuminsider.com/2023/10/04/russias-sberbank-sees-possibilities-for-quantum-in-business (1/1), chunk 23/36
[06:46:57 +4m 14s | thequantuminsider_2023_10_04_russias_sberbank_sees_possibilities_for_quantum_in_business] Repaired malformed JSON.
[06:46:57 +4m 14s | thequantuminsider_2023_10_04_russias_sberbank_sees_possibilities_for_quantum_in_business] Extracting actors: https://thequantuminsider.com/2023/10/04/russias-sberbank-sees-possibilities-for-quantum-in-business (1/1), chunk 24/36
[06:47:04 +4m 21s | thequantuminsider_2023_10_04_russias_sberbank_sees_possibilities_for_quantum_in_business] Repaired malformed JSON.
[06:47:04 +4m 21s | thequantuminsider_2023_10_04_russias_sberbank_sees_possibilities_for_quantum_in_business] Extracting actors: https://thequantuminsider.com/2023/10/04/russias-sberbank-sees-possibilities-for-quantum-in-business (1/1), chunk 25/36
[06:47:11 +4m 28s | thequantuminsider_2023_10_04_russias_sberbank_sees_possibilities_for_quantum_in_business] Repaired malformed JSON.
[06:47:11 +4m 28s | thequantuminsider_2023_10_04_russias_sberbank_sees_possibilities_for_quantum_in_business] Extracting actors: https://thequantuminsider.com/2023/10/04/russias-sberbank-sees-possibilities-for-quantum-in-business (1/1), chunk 26/36
[06:47:13 +4m 30s | thequantuminsider_2023_10_04_russias_sberbank_sees_possibilities_for_quantum_in_business] Extracting actors: https://thequantuminsider.com/2023/10/04/russias-sberbank-sees-possibilities-for-quantum-in-business (1/1), chunk 27/36
[06:47:20 +4m 39s | thequantuminsider_2023_10_04_russias_sberbank_sees_possibilities_for_quantum_in_business] Repaired malformed JSON.
[06:47:20 +4m 39s | thequantuminsider_2023_10_04_russias_sberbank_sees_possibilities_for_quantum_in_business] Extracting actors: https://thequantuminsider.com/2023/10/04/russias-sberbank-sees-possibilities-for-quantum-in-business (1/1), chunk 28/36
[06:47:27 +4m 46s | thequantuminsider_2023_10_04_russias_sberbank_sees_possibilities_for_quantum_in_business] Extracting actors: https://thequantuminsider.com/2023/10/04/russias-sberbank-sees-possibilities-for-quantum-in-business (1/1), chunk 29/36
[06:47:35 +4m 54s | thequantuminsider_2023_10_04_russias_sberbank_sees_possibilities_for_quantum_in_business] Repaired malformed JSON.
[06:47:35 +4m 54s | thequantuminsider_2023_10_04_russias_sberbank_sees_possibilities_for_quantum_in_business] Extracting actors: https://thequantuminsider.com/2023/10/04/russias-sberbank-sees-possibilities-for-quantum-in-business (1/1), chunk 30/36
[06:47:43 +5m 2s | thequantuminsider_2023_10_04_russias_sberbank_sees_possibilities_for_quantum_in_business] Repaired malformed JSON.
[06:47:43 +5m 2s | thequantuminsider_2023_10_04_russias_sberbank_sees_possibilities_for_quantum_in_business] Extracting actors: https://thequantuminsider.com/2023/10/04/russias-sberbank-sees-possibilities-for-quantum-in-business (1/1), chunk 31/36
[06:47:51 +5m 10s | thequantuminsider_2023_10_04_russias_sberbank_sees_possibilities_for_quantum_in_business] Repaired malformed JSON.
[06:47:51 +5m 10s | thequantuminsider_2023_10_04_russias_sberbank_sees_possibilities_for_quantum_in_business] Extracting actors: https://thequantuminsider.com/2023/10/04/russias-sberbank-sees-possibilities-for-quantum-in-business (1/1), chunk 32/36
[06:47:56 +5m 17s | thequantuminsider_2023_10_04_russias_sberbank_sees_possibilities_for_quantum_in_business] Repaired malformed JSON.
[06:47:56 +5m 17s | thequantuminsider_2023_10_04_russias_sberbank_sees_possibilities_for_quantum_in_business] Extracting actors: https://thequantuminsider.com/2023/10/04/russias-sberbank-sees-possibilities-for-quantum-in-business (1/1), chunk 33/36
[06:48:04 +5m 26s | thequantuminsider_2023_10_04_russias_sberbank_sees_possibilities_for_quantum_in_business] Extracting actors: https://thequantuminsider.com/2023/10/04/russias-sberbank-sees-possibilities-for-quantum-in-business (1/1), chunk 34/36
[06:48:14 +5m 35s | thequantuminsider_2023_10_04_russias_sberbank_sees_possibilities_for_quantum_in_business] Repaired malformed JSON.
[06:48:14 +5m 35s | thequantuminsider_2023_10_04_russias_sberbank_sees_possibilities_for_quantum_in_business] Extracting actors: https://thequantuminsider.com/2023/10/04/russias-sberbank-sees-possibilities-for-quantum-in-business (1/1), chunk 35/36
[06:48:20 +5m 43s | thequantuminsider_2023_10_04_russias_sberbank_sees_possibilities_for_quantum_in_business] Repaired malformed JSON.
[06:48:20 +5m 43s | thequantuminsider_2023_10_04_russias_sberbank_sees_possibilities_for_quantum_in_business] Extracting actors: https://thequantuminsider.com/2023/10/04/russias-sberbank-sees-possibilities-for-quantum-in-business (1/1), chunk 36/36
[06:48:36 +6m 0s | thequantuminsider_2023_10_04_russias_sberbank_sees_possibilities_for_quantum_in_business] Repaired malformed JSON.
[06:48:36 +6m 0s | thequantuminsider_2023_10_04_russias_sberbank_sees_possibilities_for_quantum_in_business] Saved 1_actor_results.json with 56 extracted records

[06:48:36 +6m 0s | thequantuminsider_2023_10_04_russias_sberbank_sees_possibilities_for_quantum_in_business] === 2 clean actors ===
[06:48:36 +6m 0s | thequantuminsider_2023_10_04_russias_sberbank_sees_possibilities_for_quantum_in_business] Loaded 56 extracted records
[06:48:36 +6m 0s | thequantuminsider_2023_10_04_russias_sberbank_sees_possibilities_for_quantum_in_business] Saved 2_actor_nodes.json with 18 canonical actor nodes

[06:48:36 +6m 0s | thequantuminsider_2023_10_04_russias_sberbank_sees_possibilities_for_quantum_in_business] === 3 interaction extraction ===
[06:48:37 +6m 0s | thequantuminsider_2023_10_04_russias_sberbank_sees_possibilities_for_quantum_in_business] Extracting interactions: https://thequantuminsider.com/2023/10/04/russias-sberbank-sees-possibilities-for-quantum-in-business (1/1), chunk 11/36
[06:48:40 +6m 4s | thequantuminsider_2023_10_04_russias_sberbank_sees_possibilities_for_quantum_in_business] Extracting interactions: https://thequantuminsider.com/2023/10/04/russias-sberbank-sees-possibilities-for-quantum-in-business (1/1), chunk 12/36
[06:48:51 +6m 17s | thequantuminsider_2023_10_04_russias_sberbank_sees_possibilities_for_quantum_in_business] Extracting interactions: https://thequantuminsider.com/2023/10/04/russias-sberbank-sees-possibilities-for-quantum-in-business (1/1), chunk 13/36
[06:49:06 +6m 31s | thequantuminsider_2023_10_04_russias_sberbank_sees_possibilities_for_quantum_in_business] Extracting interactions: https://thequantuminsider.com/2023/10/04/russias-sberbank-sees-possibilities-for-quantum-in-business (1/1), chunk 14/36
[06:49:10 +6m 36s | thequantuminsider_2023_10_04_russias_sberbank_sees_possibilities_for_quantum_in_business] Extracting interactions: https://thequantuminsider.com/2023/10/04/russias-sberbank-sees-possibilities-for-quantum-in-business (1/1), chunk 15/36
[06:49:14 +6m 40s | thequantuminsider_2023_10_04_russias_sberbank_sees_possibilities_for_quantum_in_business] Extracting interactions: https://thequantuminsider.com/2023/10/04/russias-sberbank-sees-possibilities-for-quantum-in-business (1/1), chunk 16/36
[06:49:16 +6m 41s | thequantuminsider_2023_10_04_russias_sberbank_sees_possibilities_for_quantum_in_business] Extracting interactions: https://thequantuminsider.com/2023/10/04/russias-sberbank-sees-possibilities-for-quantum-in-business (1/1), chunk 17/36
[06:49:17 +6m 43s | thequantuminsider_2023_10_04_russias_sberbank_sees_possibilities_for_quantum_in_business] Extracting interactions: https://thequantuminsider.com/2023/10/04/russias-sberbank-sees-possibilities-for-quantum-in-business (1/1), chunk 18/36
[06:49:19 +6m 44s | thequantuminsider_2023_10_04_russias_sberbank_sees_possibilities_for_quantum_in_business] Extracting interactions: https://thequantuminsider.com/2023/10/04/russias-sberbank-sees-possibilities-for-quantum-in-business (1/1), chunk 19/36
[06:49:21 +6m 46s | thequantuminsider_2023_10_04_russias_sberbank_sees_possibilities_for_quantum_in_business] Extracting interactions: https://thequantuminsider.com/2023/10/04/russias-sberbank-sees-possibilities-for-quantum-in-business (1/1), chunk 20/36
[06:49:28 +6m 56s | thequantuminsider_2023_10_04_russias_sberbank_sees_possibilities_for_quantum_in_business] Extracting interactions: https://thequantuminsider.com/2023/10/04/russias-sberbank-sees-possibilities-for-quantum-in-business (1/1), chunk 21/36
[06:49:34 +7m 2s | thequantuminsider_2023_10_04_russias_sberbank_sees_possibilities_for_quantum_in_business] Extracting interactions: https://thequantuminsider.com/2023/10/04/russias-sberbank-sees-possibilities-for-quantum-in-business (1/1), chunk 23/36
[06:49:36 +7m 4s | thequantuminsider_2023_10_04_russias_sberbank_sees_possibilities_for_quantum_in_business] Extracting interactions: https://thequantuminsider.com/2023/10/04/russias-sberbank-sees-possibilities-for-quantum-in-business (1/1), chunk 25/36
[06:49:40 +7m 8s | thequantuminsider_2023_10_04_russias_sberbank_sees_possibilities_for_quantum_in_business] Extracting interactions: https://thequantuminsider.com/2023/10/04/russias-sberbank-sees-possibilities-for-quantum-in-business (1/1), chunk 26/36
[06:49:42 +7m 10s | thequantuminsider_2023_10_04_russias_sberbank_sees_possibilities_for_quantum_in_business] Extracting interactions: https://thequantuminsider.com/2023/10/04/russias-sberbank-sees-possibilities-for-quantum-in-business (1/1), chunk 27/36
[06:49:44 +7m 12s | thequantuminsider_2023_10_04_russias_sberbank_sees_possibilities_for_quantum_in_business] Extracting interactions: https://thequantuminsider.com/2023/10/04/russias-sberbank-sees-possibilities-for-quantum-in-business (1/1), chunk 29/36
[06:49:46 +7m 13s | thequantuminsider_2023_10_04_russias_sberbank_sees_possibilities_for_quantum_in_business] Extracting interactions: https://thequantuminsider.com/2023/10/04/russias-sberbank-sees-possibilities-for-quantum-in-business (1/1), chunk 30/36
[06:49:56 +7m 26s | thequantuminsider_2023_10_04_russias_sberbank_sees_possibilities_for_quantum_in_business] Extracting interactions: https://thequantuminsider.com/2023/10/04/russias-sberbank-sees-possibilities-for-quantum-in-business (1/1), chunk 31/36
[06:49:58 +7m 29s | thequantuminsider_2023_10_04_russias_sberbank_sees_possibilities_for_quantum_in_business] Extracting interactions: https://thequantuminsider.com/2023/10/04/russias-sberbank-sees-possibilities-for-quantum-in-business (1/1), chunk 32/36
[06:50:00 +7m 30s | thequantuminsider_2023_10_04_russias_sberbank_sees_possibilities_for_quantum_in_business] Extracting interactions: https://thequantuminsider.com/2023/10/04/russias-sberbank-sees-possibilities-for-quantum-in-business (1/1), chunk 34/36
[06:50:52 +8m 27s | thequantuminsider_2023_10_04_russias_sberbank_sees_possibilities_for_quantum_in_business] Extracting interactions: https://thequantuminsider.com/2023/10/04/russias-sberbank-sees-possibilities-for-quantum-in-business (1/1), chunk 35/36
[06:50:54 +8m 28s | thequantuminsider_2023_10_04_russias_sberbank_sees_possibilities_for_quantum_in_business] Extracting interactions: https://thequantuminsider.com/2023/10/04/russias-sberbank-sees-possibilities-for-quantum-in-business (1/1), chunk 36/36
[06:50:55 +8m 30s | thequantuminsider_2023_10_04_russias_sberbank_sees_possibilities_for_quantum_in_business] Saved 3_interaction_results.json with 12 extracted interactions.

[06:50:55 +8m 30s | thequantuminsider_2023_10_04_russias_sberbank_sees_possibilities_for_quantum_in_business] === 4 clean interactions ===
[06:50:55 +8m 30s | thequantuminsider_2023_10_04_russias_sberbank_sees_possibilities_for_quantum_in_business] Saved 4_edges.json with 1 cleaned interactions.

[06:50:55 +8m 30s | thequantuminsider_2023_10_04_russias_sberbank_sees_possibilities_for_quantum_in_business] === 5 helix enrichment ===
[06:50:55 +8m 30s | thequantuminsider_2023_10_04_russias_sberbank_sees_possibilities_for_quantum_in_business] Wrote 5_nodes.json (18 actors)
[06:50:55 +8m 30s | thequantuminsider_2023_10_04_russias_sberbank_sees_possibilities_for_quantum_in_business] Wrote 5_edges.json (1 interactions)
[06:50:55 +8m 30s | thequantuminsider_2023_10_04_russias_sberbank_sees_possibilities_for_quantum_in_business] Actor helix counts: {'Academia': 3, 'Civil Society': 5, 'Industry': 4, 'Intermediary': 1, 'Unknown': 5}
[06:50:55 +8m 30s | thequantuminsider_2023_10_04_russias_sberbank_sees_possibilities_for_quantum_in_business] Functional-space counts: {'Public': 1}

[06:50:55 +8m 30s | thequantuminsider_2023_10_04_russias_sberbank_sees_possibilities_for_quantum_in_business] === 6 network visualisation ===
[06:50:56 +8m 30s | thequantuminsider_2023_10_04_russias_sberbank_sees_possibilities_for_quantum_in_business] Wrote quantum_network.html
[06:50:56 +8m 30s | thequantuminsider_2023_10_04_russias_sberbank_sees_possibilities_for_quantum_in_business] Nodes: 18
[06:50:56 +8m 30s | thequantuminsider_2023_10_04_russias_sberbank_sees_possibilities_for_quantum_in_business] Edges: 1

[06:50:56 +8m 30s | thequantuminsider_2023_10_04_russias_sberbank_sees_possibilities_for_quantum_in_business] Done. Outputs written to: /home/lv/IDP/idpdeeptech/pipeline/news_outputs/thequantuminsider_2023_10_04_russias_sberbank_sees_possibilities_for_quantum_in_business
[06:50:56 +8m 30s | thequantuminsider_2023_10_04_russias_sberbank_sees_possibilities_for_quantum_in_business] Log: /home/lv/IDP/idpdeeptech/pipeline/news_outputs/thequantuminsider_2023_10_04_russias_sberbank_sees_possibilities_for_quantum_in_business/run.log

========================================================================
RUN FINISHED 2026-07-05 06:50:56  (OK)
Started:     2026-07-05 06:43:01
Elapsed:     8m 30s
========================================================================
