
========================================================================
RUN STARTED  2026-07-05 03:46:09
site_pipeline.py https://thequantuminsider.com/2023/11/09/quantum-corridor-launches-super-fast-super-secure-fiber-optic-network/
========================================================================

[03:46:09 +0s | thequantuminsider_2023_11_09_quantum_corridor_launches_super_fast_super_secure_fiber_optic_network] === 0 crawl site ===
[03:46:10 +1s | thequantuminsider_2023_11_09_quantum_corridor_launches_super_fast_super_secure_fiber_optic_network] [INIT].... → Crawl4AI 0.8.6 
[03:46:13 +4s | thequantuminsider_2023_11_09_quantum_corridor_launches_super_fast_super_secure_fiber_optic_network] [FETCH]... ↓ https://thequantuminsider.com/2023/11/09/quantum...hes-super-fast-super-secure-fiber-optic-network/  | ✓ | ⏱: 2.78s 
[03:46:13 +4s | thequantuminsider_2023_11_09_quantum_corridor_launches_super_fast_super_secure_fiber_optic_network] [SCRAPE].. ◆ https://thequantuminsider.com/2023/11/09/quantum...hes-super-fast-super-secure-fiber-optic-network/  | ✓ | ⏱: 0.13s 
[03:46:13 +4s | thequantuminsider_2023_11_09_quantum_corridor_launches_super_fast_super_secure_fiber_optic_network] [COMPLETE] ● https://thequantuminsider.com/2023/11/09/quantum...hes-super-fast-super-secure-fiber-optic-network/  | ✓ | ⏱: 2.93s 
[03:46:13 +4s | thequantuminsider_2023_11_09_quantum_corridor_launches_super_fast_super_secure_fiber_optic_network] Saved: crawl_output/1342fe1eb3_thequantuminsider.com_2023_11_09_quantum-corridor-launches-super-fast-super-secure-fiber-optic-network.json

[03:46:14 +5s | thequantuminsider_2023_11_09_quantum_corridor_launches_super_fast_super_secure_fiber_optic_network] === 1 actor extraction ===
[03:46:14 +5s | thequantuminsider_2023_11_09_quantum_corridor_launches_super_fast_super_secure_fiber_optic_network] Reading page (1/1): https://thequantuminsider.com/2023/11/09/quantum-corridor-launches-super-fast-super-secure-fiber-optic-network
[03:46:14 +5s | thequantuminsider_2023_11_09_quantum_corridor_launches_super_fast_super_secure_fiber_optic_network] Extracting actors: https://thequantuminsider.com/2023/11/09/quantum-corridor-launches-super-fast-super-secure-fiber-optic-network (1/1), chunk 1/40
[03:46:18 +9s | thequantuminsider_2023_11_09_quantum_corridor_launches_super_fast_super_secure_fiber_optic_network] Extracting actors: https://thequantuminsider.com/2023/11/09/quantum-corridor-launches-super-fast-super-secure-fiber-optic-network (1/1), chunk 2/40
[03:46:23 +14s | thequantuminsider_2023_11_09_quantum_corridor_launches_super_fast_super_secure_fiber_optic_network] Extracting actors: https://thequantuminsider.com/2023/11/09/quantum-corridor-launches-super-fast-super-secure-fiber-optic-network (1/1), chunk 3/40
[03:46:28 +19s | thequantuminsider_2023_11_09_quantum_corridor_launches_super_fast_super_secure_fiber_optic_network] Extracting actors: https://thequantuminsider.com/2023/11/09/quantum-corridor-launches-super-fast-super-secure-fiber-optic-network (1/1), chunk 4/40
[03:46:33 +25s | thequantuminsider_2023_11_09_quantum_corridor_launches_super_fast_super_secure_fiber_optic_network] Extracting actors: https://thequantuminsider.com/2023/11/09/quantum-corridor-launches-super-fast-super-secure-fiber-optic-network (1/1), chunk 5/40
[03:46:57 +50s | thequantuminsider_2023_11_09_quantum_corridor_launches_super_fast_super_secure_fiber_optic_network] Extracting actors: https://thequantuminsider.com/2023/11/09/quantum-corridor-launches-super-fast-super-secure-fiber-optic-network (1/1), chunk 6/40
[03:47:01 +55s | thequantuminsider_2023_11_09_quantum_corridor_launches_super_fast_super_secure_fiber_optic_network] Extracting actors: https://thequantuminsider.com/2023/11/09/quantum-corridor-launches-super-fast-super-secure-fiber-optic-network (1/1), chunk 7/40
[03:47:08 +1m 2s | thequantuminsider_2023_11_09_quantum_corridor_launches_super_fast_super_secure_fiber_optic_network] Extracting actors: https://thequantuminsider.com/2023/11/09/quantum-corridor-launches-super-fast-super-secure-fiber-optic-network (1/1), chunk 8/40
[03:47:12 +1m 6s | thequantuminsider_2023_11_09_quantum_corridor_launches_super_fast_super_secure_fiber_optic_network] Extracting actors: https://thequantuminsider.com/2023/11/09/quantum-corridor-launches-super-fast-super-secure-fiber-optic-network (1/1), chunk 9/40
[03:47:21 +1m 16s | thequantuminsider_2023_11_09_quantum_corridor_launches_super_fast_super_secure_fiber_optic_network] Extracting actors: https://thequantuminsider.com/2023/11/09/quantum-corridor-launches-super-fast-super-secure-fiber-optic-network (1/1), chunk 10/40
[03:47:27 +1m 21s | thequantuminsider_2023_11_09_quantum_corridor_launches_super_fast_super_secure_fiber_optic_network] Extracting actors: https://thequantuminsider.com/2023/11/09/quantum-corridor-launches-super-fast-super-secure-fiber-optic-network (1/1), chunk 11/40
[03:47:33 +1m 29s | thequantuminsider_2023_11_09_quantum_corridor_launches_super_fast_super_secure_fiber_optic_network] Repaired malformed JSON.
[03:47:33 +1m 29s | thequantuminsider_2023_11_09_quantum_corridor_launches_super_fast_super_secure_fiber_optic_network] Extracting actors: https://thequantuminsider.com/2023/11/09/quantum-corridor-launches-super-fast-super-secure-fiber-optic-network (1/1), chunk 12/40
[03:47:40 +1m 35s | thequantuminsider_2023_11_09_quantum_corridor_launches_super_fast_super_secure_fiber_optic_network] Repaired malformed JSON.
[03:47:40 +1m 35s | thequantuminsider_2023_11_09_quantum_corridor_launches_super_fast_super_secure_fiber_optic_network] Extracting actors: https://thequantuminsider.com/2023/11/09/quantum-corridor-launches-super-fast-super-secure-fiber-optic-network (1/1), chunk 13/40
[03:47:50 +1m 46s | thequantuminsider_2023_11_09_quantum_corridor_launches_super_fast_super_secure_fiber_optic_network] Repaired malformed JSON.
[03:47:50 +1m 46s | thequantuminsider_2023_11_09_quantum_corridor_launches_super_fast_super_secure_fiber_optic_network] Extracting actors: https://thequantuminsider.com/2023/11/09/quantum-corridor-launches-super-fast-super-secure-fiber-optic-network (1/1), chunk 14/40
[03:47:59 +1m 54s | thequantuminsider_2023_11_09_quantum_corridor_launches_super_fast_super_secure_fiber_optic_network] Repaired malformed JSON.
[03:47:59 +1m 54s | thequantuminsider_2023_11_09_quantum_corridor_launches_super_fast_super_secure_fiber_optic_network] Extracting actors: https://thequantuminsider.com/2023/11/09/quantum-corridor-launches-super-fast-super-secure-fiber-optic-network (1/1), chunk 15/40
[03:48:04 +2m 2s | thequantuminsider_2023_11_09_quantum_corridor_launches_super_fast_super_secure_fiber_optic_network] Repaired malformed JSON.
[03:48:04 +2m 2s | thequantuminsider_2023_11_09_quantum_corridor_launches_super_fast_super_secure_fiber_optic_network] Extracting actors: https://thequantuminsider.com/2023/11/09/quantum-corridor-launches-super-fast-super-secure-fiber-optic-network (1/1), chunk 16/40
[03:48:12 +2m 9s | thequantuminsider_2023_11_09_quantum_corridor_launches_super_fast_super_secure_fiber_optic_network] Repaired malformed JSON.
[03:48:12 +2m 9s | thequantuminsider_2023_11_09_quantum_corridor_launches_super_fast_super_secure_fiber_optic_network] Extracting actors: https://thequantuminsider.com/2023/11/09/quantum-corridor-launches-super-fast-super-secure-fiber-optic-network (1/1), chunk 17/40
[03:48:30 +2m 28s | thequantuminsider_2023_11_09_quantum_corridor_launches_super_fast_super_secure_fiber_optic_network] Repaired malformed JSON.
[03:48:30 +2m 28s | thequantuminsider_2023_11_09_quantum_corridor_launches_super_fast_super_secure_fiber_optic_network] Extracting actors: https://thequantuminsider.com/2023/11/09/quantum-corridor-launches-super-fast-super-secure-fiber-optic-network (1/1), chunk 18/40
[03:48:36 +2m 35s | thequantuminsider_2023_11_09_quantum_corridor_launches_super_fast_super_secure_fiber_optic_network] Repaired malformed JSON.
[03:48:36 +2m 35s | thequantuminsider_2023_11_09_quantum_corridor_launches_super_fast_super_secure_fiber_optic_network] Extracting actors: https://thequantuminsider.com/2023/11/09/quantum-corridor-launches-super-fast-super-secure-fiber-optic-network (1/1), chunk 19/40
[03:48:44 +2m 43s | thequantuminsider_2023_11_09_quantum_corridor_launches_super_fast_super_secure_fiber_optic_network] Repaired malformed JSON.
[03:48:44 +2m 43s | thequantuminsider_2023_11_09_quantum_corridor_launches_super_fast_super_secure_fiber_optic_network] Extracting actors: https://thequantuminsider.com/2023/11/09/quantum-corridor-launches-super-fast-super-secure-fiber-optic-network (1/1), chunk 20/40
[03:48:52 +2m 51s | thequantuminsider_2023_11_09_quantum_corridor_launches_super_fast_super_secure_fiber_optic_network] Repaired malformed JSON.
[03:48:52 +2m 51s | thequantuminsider_2023_11_09_quantum_corridor_launches_super_fast_super_secure_fiber_optic_network] Extracting actors: https://thequantuminsider.com/2023/11/09/quantum-corridor-launches-super-fast-super-secure-fiber-optic-network (1/1), chunk 21/40
[03:48:58 +2m 57s | thequantuminsider_2023_11_09_quantum_corridor_launches_super_fast_super_secure_fiber_optic_network] Extracting actors: https://thequantuminsider.com/2023/11/09/quantum-corridor-launches-super-fast-super-secure-fiber-optic-network (1/1), chunk 22/40
[03:49:04 +3m 5s | thequantuminsider_2023_11_09_quantum_corridor_launches_super_fast_super_secure_fiber_optic_network] Repaired malformed JSON.
[03:49:04 +3m 5s | thequantuminsider_2023_11_09_quantum_corridor_launches_super_fast_super_secure_fiber_optic_network] Extracting actors: https://thequantuminsider.com/2023/11/09/quantum-corridor-launches-super-fast-super-secure-fiber-optic-network (1/1), chunk 23/40
[03:49:18 +3m 19s | thequantuminsider_2023_11_09_quantum_corridor_launches_super_fast_super_secure_fiber_optic_network] Repaired malformed JSON.
[03:49:18 +3m 19s | thequantuminsider_2023_11_09_quantum_corridor_launches_super_fast_super_secure_fiber_optic_network] Extracting actors: https://thequantuminsider.com/2023/11/09/quantum-corridor-launches-super-fast-super-secure-fiber-optic-network (1/1), chunk 24/40
[03:49:27 +3m 28s | thequantuminsider_2023_11_09_quantum_corridor_launches_super_fast_super_secure_fiber_optic_network] Repaired malformed JSON.
[03:49:27 +3m 28s | thequantuminsider_2023_11_09_quantum_corridor_launches_super_fast_super_secure_fiber_optic_network] Extracting actors: https://thequantuminsider.com/2023/11/09/quantum-corridor-launches-super-fast-super-secure-fiber-optic-network (1/1), chunk 25/40
[03:49:36 +3m 38s | thequantuminsider_2023_11_09_quantum_corridor_launches_super_fast_super_secure_fiber_optic_network] Repaired malformed JSON.
[03:49:36 +3m 38s | thequantuminsider_2023_11_09_quantum_corridor_launches_super_fast_super_secure_fiber_optic_network] Extracting actors: https://thequantuminsider.com/2023/11/09/quantum-corridor-launches-super-fast-super-secure-fiber-optic-network (1/1), chunk 26/40
[03:49:42 +3m 45s | thequantuminsider_2023_11_09_quantum_corridor_launches_super_fast_super_secure_fiber_optic_network] Repaired malformed JSON.
[03:49:42 +3m 45s | thequantuminsider_2023_11_09_quantum_corridor_launches_super_fast_super_secure_fiber_optic_network] Extracting actors: https://thequantuminsider.com/2023/11/09/quantum-corridor-launches-super-fast-super-secure-fiber-optic-network (1/1), chunk 27/40
[03:49:52 +3m 55s | thequantuminsider_2023_11_09_quantum_corridor_launches_super_fast_super_secure_fiber_optic_network] Repaired malformed JSON.
[03:49:52 +3m 55s | thequantuminsider_2023_11_09_quantum_corridor_launches_super_fast_super_secure_fiber_optic_network] Extracting actors: https://thequantuminsider.com/2023/11/09/quantum-corridor-launches-super-fast-super-secure-fiber-optic-network (1/1), chunk 28/40
[03:49:59 +4m 1s | thequantuminsider_2023_11_09_quantum_corridor_launches_super_fast_super_secure_fiber_optic_network] Extracting actors: https://thequantuminsider.com/2023/11/09/quantum-corridor-launches-super-fast-super-secure-fiber-optic-network (1/1), chunk 29/40
[03:50:08 +4m 12s | thequantuminsider_2023_11_09_quantum_corridor_launches_super_fast_super_secure_fiber_optic_network] Repaired malformed JSON.
[03:50:08 +4m 12s | thequantuminsider_2023_11_09_quantum_corridor_launches_super_fast_super_secure_fiber_optic_network] Extracting actors: https://thequantuminsider.com/2023/11/09/quantum-corridor-launches-super-fast-super-secure-fiber-optic-network (1/1), chunk 30/40
[03:50:12 +4m 16s | thequantuminsider_2023_11_09_quantum_corridor_launches_super_fast_super_secure_fiber_optic_network] Extracting actors: https://thequantuminsider.com/2023/11/09/quantum-corridor-launches-super-fast-super-secure-fiber-optic-network (1/1), chunk 31/40
[03:50:18 +4m 22s | thequantuminsider_2023_11_09_quantum_corridor_launches_super_fast_super_secure_fiber_optic_network] Extracting actors: https://thequantuminsider.com/2023/11/09/quantum-corridor-launches-super-fast-super-secure-fiber-optic-network (1/1), chunk 32/40
[03:50:46 +4m 51s | thequantuminsider_2023_11_09_quantum_corridor_launches_super_fast_super_secure_fiber_optic_network] Repaired malformed JSON.
[03:50:46 +4m 51s | thequantuminsider_2023_11_09_quantum_corridor_launches_super_fast_super_secure_fiber_optic_network] Extracting actors: https://thequantuminsider.com/2023/11/09/quantum-corridor-launches-super-fast-super-secure-fiber-optic-network (1/1), chunk 33/40
[03:50:54 +5m 0s | thequantuminsider_2023_11_09_quantum_corridor_launches_super_fast_super_secure_fiber_optic_network] Repaired malformed JSON.
[03:50:54 +5m 0s | thequantuminsider_2023_11_09_quantum_corridor_launches_super_fast_super_secure_fiber_optic_network] Extracting actors: https://thequantuminsider.com/2023/11/09/quantum-corridor-launches-super-fast-super-secure-fiber-optic-network (1/1), chunk 34/40
[03:51:04 +5m 10s | thequantuminsider_2023_11_09_quantum_corridor_launches_super_fast_super_secure_fiber_optic_network] Repaired malformed JSON.
[03:51:04 +5m 10s | thequantuminsider_2023_11_09_quantum_corridor_launches_super_fast_super_secure_fiber_optic_network] Extracting actors: https://thequantuminsider.com/2023/11/09/quantum-corridor-launches-super-fast-super-secure-fiber-optic-network (1/1), chunk 35/40
[03:51:10 +5m 18s | thequantuminsider_2023_11_09_quantum_corridor_launches_super_fast_super_secure_fiber_optic_network] Repaired malformed JSON.
[03:51:10 +5m 18s | thequantuminsider_2023_11_09_quantum_corridor_launches_super_fast_super_secure_fiber_optic_network] Extracting actors: https://thequantuminsider.com/2023/11/09/quantum-corridor-launches-super-fast-super-secure-fiber-optic-network (1/1), chunk 36/40
[03:51:17 +5m 24s | thequantuminsider_2023_11_09_quantum_corridor_launches_super_fast_super_secure_fiber_optic_network] Repaired malformed JSON.
[03:51:17 +5m 24s | thequantuminsider_2023_11_09_quantum_corridor_launches_super_fast_super_secure_fiber_optic_network] Extracting actors: https://thequantuminsider.com/2023/11/09/quantum-corridor-launches-super-fast-super-secure-fiber-optic-network (1/1), chunk 37/40
[03:51:24 +5m 32s | thequantuminsider_2023_11_09_quantum_corridor_launches_super_fast_super_secure_fiber_optic_network] Repaired malformed JSON.
[03:51:24 +5m 32s | thequantuminsider_2023_11_09_quantum_corridor_launches_super_fast_super_secure_fiber_optic_network] Extracting actors: https://thequantuminsider.com/2023/11/09/quantum-corridor-launches-super-fast-super-secure-fiber-optic-network (1/1), chunk 38/40
[03:51:32 +5m 39s | thequantuminsider_2023_11_09_quantum_corridor_launches_super_fast_super_secure_fiber_optic_network] Repaired malformed JSON.
[03:51:32 +5m 39s | thequantuminsider_2023_11_09_quantum_corridor_launches_super_fast_super_secure_fiber_optic_network] Extracting actors: https://thequantuminsider.com/2023/11/09/quantum-corridor-launches-super-fast-super-secure-fiber-optic-network (1/1), chunk 39/40
[03:51:37 +5m 46s | thequantuminsider_2023_11_09_quantum_corridor_launches_super_fast_super_secure_fiber_optic_network] Repaired malformed JSON.
[03:51:37 +5m 46s | thequantuminsider_2023_11_09_quantum_corridor_launches_super_fast_super_secure_fiber_optic_network] Extracting actors: https://thequantuminsider.com/2023/11/09/quantum-corridor-launches-super-fast-super-secure-fiber-optic-network (1/1), chunk 40/40
[03:51:47 +5m 56s | thequantuminsider_2023_11_09_quantum_corridor_launches_super_fast_super_secure_fiber_optic_network] Repaired malformed JSON.
[03:51:47 +5m 56s | thequantuminsider_2023_11_09_quantum_corridor_launches_super_fast_super_secure_fiber_optic_network] Saved 1_actor_results.json with 60 extracted records

[03:51:47 +5m 56s | thequantuminsider_2023_11_09_quantum_corridor_launches_super_fast_super_secure_fiber_optic_network] === 2 clean actors ===
[03:51:47 +5m 56s | thequantuminsider_2023_11_09_quantum_corridor_launches_super_fast_super_secure_fiber_optic_network] Loaded 60 extracted records
[03:51:47 +5m 56s | thequantuminsider_2023_11_09_quantum_corridor_launches_super_fast_super_secure_fiber_optic_network] Saved 2_actor_nodes.json with 26 canonical actor nodes

[03:51:47 +5m 56s | thequantuminsider_2023_11_09_quantum_corridor_launches_super_fast_super_secure_fiber_optic_network] === 3 interaction extraction ===
[03:51:48 +5m 56s | thequantuminsider_2023_11_09_quantum_corridor_launches_super_fast_super_secure_fiber_optic_network] Extracting interactions: https://thequantuminsider.com/2023/11/09/quantum-corridor-launches-super-fast-super-secure-fiber-optic-network (1/1), chunk 11/40
[03:51:52 +6m 1s | thequantuminsider_2023_11_09_quantum_corridor_launches_super_fast_super_secure_fiber_optic_network] Extracting interactions: https://thequantuminsider.com/2023/11/09/quantum-corridor-launches-super-fast-super-secure-fiber-optic-network (1/1), chunk 12/40
[03:52:23 +6m 34s | thequantuminsider_2023_11_09_quantum_corridor_launches_super_fast_super_secure_fiber_optic_network] Extracting interactions: https://thequantuminsider.com/2023/11/09/quantum-corridor-launches-super-fast-super-secure-fiber-optic-network (1/1), chunk 13/40
[03:53:21 +7m 35s | thequantuminsider_2023_11_09_quantum_corridor_launches_super_fast_super_secure_fiber_optic_network] Extracting interactions: https://thequantuminsider.com/2023/11/09/quantum-corridor-launches-super-fast-super-secure-fiber-optic-network (1/1), chunk 14/40
[03:53:39 +7m 55s | thequantuminsider_2023_11_09_quantum_corridor_launches_super_fast_super_secure_fiber_optic_network] Extracting interactions: https://thequantuminsider.com/2023/11/09/quantum-corridor-launches-super-fast-super-secure-fiber-optic-network (1/1), chunk 15/40
[03:54:19 +8m 36s | thequantuminsider_2023_11_09_quantum_corridor_launches_super_fast_super_secure_fiber_optic_network] Extracting interactions: https://thequantuminsider.com/2023/11/09/quantum-corridor-launches-super-fast-super-secure-fiber-optic-network (1/1), chunk 16/40
[03:54:25 +8m 42s | thequantuminsider_2023_11_09_quantum_corridor_launches_super_fast_super_secure_fiber_optic_network] Extracting interactions: https://thequantuminsider.com/2023/11/09/quantum-corridor-launches-super-fast-super-secure-fiber-optic-network (1/1), chunk 17/40
[03:54:37 +8m 54s | thequantuminsider_2023_11_09_quantum_corridor_launches_super_fast_super_secure_fiber_optic_network] Extracting interactions: https://thequantuminsider.com/2023/11/09/quantum-corridor-launches-super-fast-super-secure-fiber-optic-network (1/1), chunk 18/40
[03:54:50 +9m 8s | thequantuminsider_2023_11_09_quantum_corridor_launches_super_fast_super_secure_fiber_optic_network] Extracting interactions: https://thequantuminsider.com/2023/11/09/quantum-corridor-launches-super-fast-super-secure-fiber-optic-network (1/1), chunk 19/40
[03:55:22 +9m 42s | thequantuminsider_2023_11_09_quantum_corridor_launches_super_fast_super_secure_fiber_optic_network] Extracting interactions: https://thequantuminsider.com/2023/11/09/quantum-corridor-launches-super-fast-super-secure-fiber-optic-network (1/1), chunk 20/40
[03:55:27 +9m 47s | thequantuminsider_2023_11_09_quantum_corridor_launches_super_fast_super_secure_fiber_optic_network] Extracting interactions: https://thequantuminsider.com/2023/11/09/quantum-corridor-launches-super-fast-super-secure-fiber-optic-network (1/1), chunk 21/40
[03:55:29 +9m 49s | thequantuminsider_2023_11_09_quantum_corridor_launches_super_fast_super_secure_fiber_optic_network] Extracting interactions: https://thequantuminsider.com/2023/11/09/quantum-corridor-launches-super-fast-super-secure-fiber-optic-network (1/1), chunk 22/40
[03:55:30 +9m 51s | thequantuminsider_2023_11_09_quantum_corridor_launches_super_fast_super_secure_fiber_optic_network] Extracting interactions: https://thequantuminsider.com/2023/11/09/quantum-corridor-launches-super-fast-super-secure-fiber-optic-network (1/1), chunk 23/40
[03:55:32 +9m 52s | thequantuminsider_2023_11_09_quantum_corridor_launches_super_fast_super_secure_fiber_optic_network] Extracting interactions: https://thequantuminsider.com/2023/11/09/quantum-corridor-launches-super-fast-super-secure-fiber-optic-network (1/1), chunk 24/40
[03:55:40 +10m 1s | thequantuminsider_2023_11_09_quantum_corridor_launches_super_fast_super_secure_fiber_optic_network] Extracting interactions: https://thequantuminsider.com/2023/11/09/quantum-corridor-launches-super-fast-super-secure-fiber-optic-network (1/1), chunk 25/40
[03:55:45 +10m 7s | thequantuminsider_2023_11_09_quantum_corridor_launches_super_fast_super_secure_fiber_optic_network] Extracting interactions: https://thequantuminsider.com/2023/11/09/quantum-corridor-launches-super-fast-super-secure-fiber-optic-network (1/1), chunk 27/40
[03:55:47 +10m 9s | thequantuminsider_2023_11_09_quantum_corridor_launches_super_fast_super_secure_fiber_optic_network] Extracting interactions: https://thequantuminsider.com/2023/11/09/quantum-corridor-launches-super-fast-super-secure-fiber-optic-network (1/1), chunk 29/40
[03:55:54 +10m 16s | thequantuminsider_2023_11_09_quantum_corridor_launches_super_fast_super_secure_fiber_optic_network] Extracting interactions: https://thequantuminsider.com/2023/11/09/quantum-corridor-launches-super-fast-super-secure-fiber-optic-network (1/1), chunk 30/40
[03:55:59 +10m 22s | thequantuminsider_2023_11_09_quantum_corridor_launches_super_fast_super_secure_fiber_optic_network] Extracting interactions: https://thequantuminsider.com/2023/11/09/quantum-corridor-launches-super-fast-super-secure-fiber-optic-network (1/1), chunk 31/40
[03:56:01 +10m 23s | thequantuminsider_2023_11_09_quantum_corridor_launches_super_fast_super_secure_fiber_optic_network] Extracting interactions: https://thequantuminsider.com/2023/11/09/quantum-corridor-launches-super-fast-super-secure-fiber-optic-network (1/1), chunk 32/40
[03:56:03 +10m 26s | thequantuminsider_2023_11_09_quantum_corridor_launches_super_fast_super_secure_fiber_optic_network] Extracting interactions: https://thequantuminsider.com/2023/11/09/quantum-corridor-launches-super-fast-super-secure-fiber-optic-network (1/1), chunk 33/40
[03:56:05 +10m 27s | thequantuminsider_2023_11_09_quantum_corridor_launches_super_fast_super_secure_fiber_optic_network] Extracting interactions: https://thequantuminsider.com/2023/11/09/quantum-corridor-launches-super-fast-super-secure-fiber-optic-network (1/1), chunk 34/40
[03:56:19 +10m 43s | thequantuminsider_2023_11_09_quantum_corridor_launches_super_fast_super_secure_fiber_optic_network] Extracting interactions: https://thequantuminsider.com/2023/11/09/quantum-corridor-launches-super-fast-super-secure-fiber-optic-network (1/1), chunk 35/40
[03:56:21 +10m 45s | thequantuminsider_2023_11_09_quantum_corridor_launches_super_fast_super_secure_fiber_optic_network] Extracting interactions: https://thequantuminsider.com/2023/11/09/quantum-corridor-launches-super-fast-super-secure-fiber-optic-network (1/1), chunk 36/40
[03:56:23 +10m 47s | thequantuminsider_2023_11_09_quantum_corridor_launches_super_fast_super_secure_fiber_optic_network] Extracting interactions: https://thequantuminsider.com/2023/11/09/quantum-corridor-launches-super-fast-super-secure-fiber-optic-network (1/1), chunk 38/40
[03:56:25 +10m 49s | thequantuminsider_2023_11_09_quantum_corridor_launches_super_fast_super_secure_fiber_optic_network] Extracting interactions: https://thequantuminsider.com/2023/11/09/quantum-corridor-launches-super-fast-super-secure-fiber-optic-network (1/1), chunk 39/40
[03:56:27 +10m 50s | thequantuminsider_2023_11_09_quantum_corridor_launches_super_fast_super_secure_fiber_optic_network] Extracting interactions: https://thequantuminsider.com/2023/11/09/quantum-corridor-launches-super-fast-super-secure-fiber-optic-network (1/1), chunk 40/40
[03:56:30 +10m 54s | thequantuminsider_2023_11_09_quantum_corridor_launches_super_fast_super_secure_fiber_optic_network] Saved 3_interaction_results.json with 39 extracted interactions.

[03:56:30 +10m 54s | thequantuminsider_2023_11_09_quantum_corridor_launches_super_fast_super_secure_fiber_optic_network] === 4 clean interactions ===
[03:56:30 +10m 54s | thequantuminsider_2023_11_09_quantum_corridor_launches_super_fast_super_secure_fiber_optic_network] Saved 4_edges.json with 10 cleaned interactions.

[03:56:30 +10m 54s | thequantuminsider_2023_11_09_quantum_corridor_launches_super_fast_super_secure_fiber_optic_network] === 5 helix enrichment ===
[03:56:30 +10m 54s | thequantuminsider_2023_11_09_quantum_corridor_launches_super_fast_super_secure_fiber_optic_network] Wrote 5_nodes.json (26 actors)
[03:56:30 +10m 54s | thequantuminsider_2023_11_09_quantum_corridor_launches_super_fast_super_secure_fiber_optic_network] Wrote 5_edges.json (10 interactions)
[03:56:30 +10m 54s | thequantuminsider_2023_11_09_quantum_corridor_launches_super_fast_super_secure_fiber_optic_network] Actor helix counts: {'Academia': 3, 'Civil Society': 4, 'Government': 1, 'Industry': 7, 'Intermediary': 2, 'Unknown': 9}
[03:56:30 +10m 54s | thequantuminsider_2023_11_09_quantum_corridor_launches_super_fast_super_secure_fiber_optic_network] Functional-space counts: {'Innovation': 3, 'Intra-helix / Not classified': 3, 'Unknown': 4}

[03:56:30 +10m 54s | thequantuminsider_2023_11_09_quantum_corridor_launches_super_fast_super_secure_fiber_optic_network] === 6 network visualisation ===
[03:56:30 +10m 54s | thequantuminsider_2023_11_09_quantum_corridor_launches_super_fast_super_secure_fiber_optic_network] Wrote quantum_network.html
[03:56:30 +10m 54s | thequantuminsider_2023_11_09_quantum_corridor_launches_super_fast_super_secure_fiber_optic_network] Nodes: 26
[03:56:30 +10m 54s | thequantuminsider_2023_11_09_quantum_corridor_launches_super_fast_super_secure_fiber_optic_network] Edges: 7

[03:56:31 +10m 54s | thequantuminsider_2023_11_09_quantum_corridor_launches_super_fast_super_secure_fiber_optic_network] Done. Outputs written to: /home/lv/IDP/idpdeeptech/pipeline/news_outputs/thequantuminsider_2023_11_09_quantum_corridor_launches_super_fast_super_secure_fiber_optic_network
[03:56:31 +10m 54s | thequantuminsider_2023_11_09_quantum_corridor_launches_super_fast_super_secure_fiber_optic_network] Log: /home/lv/IDP/idpdeeptech/pipeline/news_outputs/thequantuminsider_2023_11_09_quantum_corridor_launches_super_fast_super_secure_fiber_optic_network/run.log

========================================================================
RUN FINISHED 2026-07-05 03:56:31  (OK)
Started:     2026-07-05 03:46:09
Elapsed:     10m 54s
========================================================================
