
========================================================================
RUN STARTED  2026-07-05 02:51:32
site_pipeline.py https://thequantuminsider.com/2023/11/22/south-korea-japan-leaders-call-for-collaboration-on-quantum-other-deep-tech-initiatives/
========================================================================

[02:51:32 +0s | thequantuminsider_2023_11_22_south_korea_japan_leaders_call_for_collaboration_on_quantum_c86c48b8] === 0 crawl site ===
[02:51:33 +1s | thequantuminsider_2023_11_22_south_korea_japan_leaders_call_for_collaboration_on_quantum_c86c48b8] [INIT].... → Crawl4AI 0.8.6 
[02:51:35 +4s | thequantuminsider_2023_11_22_south_korea_japan_leaders_call_for_collaboration_on_quantum_c86c48b8] [FETCH]... ↓ https://thequantuminsider.com/2023/11/22/south-k...boration-on-quantum-other-deep-tech-initiatives/  | ✓ | ⏱: 2.04s 
[02:51:36 +4s | thequantuminsider_2023_11_22_south_korea_japan_leaders_call_for_collaboration_on_quantum_c86c48b8] [SCRAPE].. ◆ https://thequantuminsider.com/2023/11/22/south-k...boration-on-quantum-other-deep-tech-initiatives/  | ✓ | ⏱: 0.12s 
[02:51:36 +4s | thequantuminsider_2023_11_22_south_korea_japan_leaders_call_for_collaboration_on_quantum_c86c48b8] [COMPLETE] ● https://thequantuminsider.com/2023/11/22/south-k...boration-on-quantum-other-deep-tech-initiatives/  | ✓ | ⏱: 2.19s 
[02:51:36 +4s | thequantuminsider_2023_11_22_south_korea_japan_leaders_call_for_collaboration_on_quantum_c86c48b8] Saved: crawl_output/15c6141282_thequantuminsider.com_2023_11_22_south-korea-japan-leaders-call-for-collaboration-on-quantum-other-deep-tech-initiatives.json

[02:51:36 +4s | thequantuminsider_2023_11_22_south_korea_japan_leaders_call_for_collaboration_on_quantum_c86c48b8] === 1 actor extraction ===
[02:51:36 +4s | thequantuminsider_2023_11_22_south_korea_japan_leaders_call_for_collaboration_on_quantum_c86c48b8] Reading page (1/1): https://thequantuminsider.com/2023/11/22/south-korea-japan-leaders-call-for-collaboration-on-quantum-other-deep-tech-initiatives
[02:51:36 +4s | thequantuminsider_2023_11_22_south_korea_japan_leaders_call_for_collaboration_on_quantum_c86c48b8] Extracting actors: https://thequantuminsider.com/2023/11/22/south-korea-japan-leaders-call-for-collaboration-on-quantum-other-deep-tech-initiatives (1/1), chunk 1/36
[02:51:44 +13s | thequantuminsider_2023_11_22_south_korea_japan_leaders_call_for_collaboration_on_quantum_c86c48b8] Repaired malformed JSON.
[02:51:44 +13s | thequantuminsider_2023_11_22_south_korea_japan_leaders_call_for_collaboration_on_quantum_c86c48b8] Extracting actors: https://thequantuminsider.com/2023/11/22/south-korea-japan-leaders-call-for-collaboration-on-quantum-other-deep-tech-initiatives (1/1), chunk 2/36
[02:51:52 +22s | thequantuminsider_2023_11_22_south_korea_japan_leaders_call_for_collaboration_on_quantum_c86c48b8] Repaired malformed JSON.
[02:51:52 +22s | thequantuminsider_2023_11_22_south_korea_japan_leaders_call_for_collaboration_on_quantum_c86c48b8] Extracting actors: https://thequantuminsider.com/2023/11/22/south-korea-japan-leaders-call-for-collaboration-on-quantum-other-deep-tech-initiatives (1/1), chunk 3/36
[02:52:01 +30s | thequantuminsider_2023_11_22_south_korea_japan_leaders_call_for_collaboration_on_quantum_c86c48b8] Repaired malformed JSON.
[02:52:01 +30s | thequantuminsider_2023_11_22_south_korea_japan_leaders_call_for_collaboration_on_quantum_c86c48b8] Extracting actors: https://thequantuminsider.com/2023/11/22/south-korea-japan-leaders-call-for-collaboration-on-quantum-other-deep-tech-initiatives (1/1), chunk 4/36
[02:52:08 +37s | thequantuminsider_2023_11_22_south_korea_japan_leaders_call_for_collaboration_on_quantum_c86c48b8] Repaired malformed JSON.
[02:52:08 +37s | thequantuminsider_2023_11_22_south_korea_japan_leaders_call_for_collaboration_on_quantum_c86c48b8] Extracting actors: https://thequantuminsider.com/2023/11/22/south-korea-japan-leaders-call-for-collaboration-on-quantum-other-deep-tech-initiatives (1/1), chunk 5/36
[02:52:14 +45s | thequantuminsider_2023_11_22_south_korea_japan_leaders_call_for_collaboration_on_quantum_c86c48b8] Repaired malformed JSON.
[02:52:14 +45s | thequantuminsider_2023_11_22_south_korea_japan_leaders_call_for_collaboration_on_quantum_c86c48b8] Extracting actors: https://thequantuminsider.com/2023/11/22/south-korea-japan-leaders-call-for-collaboration-on-quantum-other-deep-tech-initiatives (1/1), chunk 6/36
[02:52:19 +49s | thequantuminsider_2023_11_22_south_korea_japan_leaders_call_for_collaboration_on_quantum_c86c48b8] Extracting actors: https://thequantuminsider.com/2023/11/22/south-korea-japan-leaders-call-for-collaboration-on-quantum-other-deep-tech-initiatives (1/1), chunk 7/36
[02:52:29 +1m 0s | thequantuminsider_2023_11_22_south_korea_japan_leaders_call_for_collaboration_on_quantum_c86c48b8] Repaired malformed JSON.
[02:52:29 +1m 0s | thequantuminsider_2023_11_22_south_korea_japan_leaders_call_for_collaboration_on_quantum_c86c48b8] Extracting actors: https://thequantuminsider.com/2023/11/22/south-korea-japan-leaders-call-for-collaboration-on-quantum-other-deep-tech-initiatives (1/1), chunk 8/36
[02:52:35 +1m 6s | thequantuminsider_2023_11_22_south_korea_japan_leaders_call_for_collaboration_on_quantum_c86c48b8] Repaired malformed JSON.
[02:52:35 +1m 6s | thequantuminsider_2023_11_22_south_korea_japan_leaders_call_for_collaboration_on_quantum_c86c48b8] Extracting actors: https://thequantuminsider.com/2023/11/22/south-korea-japan-leaders-call-for-collaboration-on-quantum-other-deep-tech-initiatives (1/1), chunk 9/36
[02:52:44 +1m 16s | thequantuminsider_2023_11_22_south_korea_japan_leaders_call_for_collaboration_on_quantum_c86c48b8] Repaired malformed JSON.
[02:52:44 +1m 16s | thequantuminsider_2023_11_22_south_korea_japan_leaders_call_for_collaboration_on_quantum_c86c48b8] Extracting actors: https://thequantuminsider.com/2023/11/22/south-korea-japan-leaders-call-for-collaboration-on-quantum-other-deep-tech-initiatives (1/1), chunk 10/36
[02:52:52 +1m 24s | thequantuminsider_2023_11_22_south_korea_japan_leaders_call_for_collaboration_on_quantum_c86c48b8] Repaired malformed JSON.
[02:52:52 +1m 24s | thequantuminsider_2023_11_22_south_korea_japan_leaders_call_for_collaboration_on_quantum_c86c48b8] Extracting actors: https://thequantuminsider.com/2023/11/22/south-korea-japan-leaders-call-for-collaboration-on-quantum-other-deep-tech-initiatives (1/1), chunk 11/36
[02:53:17 +1m 51s | thequantuminsider_2023_11_22_south_korea_japan_leaders_call_for_collaboration_on_quantum_c86c48b8] Repaired malformed JSON.
[02:53:17 +1m 51s | thequantuminsider_2023_11_22_south_korea_japan_leaders_call_for_collaboration_on_quantum_c86c48b8] Extracting actors: https://thequantuminsider.com/2023/11/22/south-korea-japan-leaders-call-for-collaboration-on-quantum-other-deep-tech-initiatives (1/1), chunk 12/36
[02:53:23 +1m 57s | thequantuminsider_2023_11_22_south_korea_japan_leaders_call_for_collaboration_on_quantum_c86c48b8] Repaired malformed JSON.
[02:53:23 +1m 57s | thequantuminsider_2023_11_22_south_korea_japan_leaders_call_for_collaboration_on_quantum_c86c48b8] Extracting actors: https://thequantuminsider.com/2023/11/22/south-korea-japan-leaders-call-for-collaboration-on-quantum-other-deep-tech-initiatives (1/1), chunk 13/36
[02:53:32 +2m 5s | thequantuminsider_2023_11_22_south_korea_japan_leaders_call_for_collaboration_on_quantum_c86c48b8] Repaired malformed JSON.
[02:53:32 +2m 5s | thequantuminsider_2023_11_22_south_korea_japan_leaders_call_for_collaboration_on_quantum_c86c48b8] Extracting actors: https://thequantuminsider.com/2023/11/22/south-korea-japan-leaders-call-for-collaboration-on-quantum-other-deep-tech-initiatives (1/1), chunk 14/36
[02:53:41 +2m 16s | thequantuminsider_2023_11_22_south_korea_japan_leaders_call_for_collaboration_on_quantum_c86c48b8] Repaired malformed JSON.
[02:53:41 +2m 16s | thequantuminsider_2023_11_22_south_korea_japan_leaders_call_for_collaboration_on_quantum_c86c48b8] Extracting actors: https://thequantuminsider.com/2023/11/22/south-korea-japan-leaders-call-for-collaboration-on-quantum-other-deep-tech-initiatives (1/1), chunk 15/36
[02:53:49 +2m 24s | thequantuminsider_2023_11_22_south_korea_japan_leaders_call_for_collaboration_on_quantum_c86c48b8] Repaired malformed JSON.
[02:53:49 +2m 24s | thequantuminsider_2023_11_22_south_korea_japan_leaders_call_for_collaboration_on_quantum_c86c48b8] Extracting actors: https://thequantuminsider.com/2023/11/22/south-korea-japan-leaders-call-for-collaboration-on-quantum-other-deep-tech-initiatives (1/1), chunk 16/36
[02:54:15 +2m 51s | thequantuminsider_2023_11_22_south_korea_japan_leaders_call_for_collaboration_on_quantum_c86c48b8] Repaired malformed JSON.
[02:54:15 +2m 51s | thequantuminsider_2023_11_22_south_korea_japan_leaders_call_for_collaboration_on_quantum_c86c48b8] Extracting actors: https://thequantuminsider.com/2023/11/22/south-korea-japan-leaders-call-for-collaboration-on-quantum-other-deep-tech-initiatives (1/1), chunk 17/36
[02:54:22 +2m 58s | thequantuminsider_2023_11_22_south_korea_japan_leaders_call_for_collaboration_on_quantum_c86c48b8] Repaired malformed JSON.
[02:54:22 +2m 58s | thequantuminsider_2023_11_22_south_korea_japan_leaders_call_for_collaboration_on_quantum_c86c48b8] Extracting actors: https://thequantuminsider.com/2023/11/22/south-korea-japan-leaders-call-for-collaboration-on-quantum-other-deep-tech-initiatives (1/1), chunk 18/36
[02:54:27 +3m 4s | thequantuminsider_2023_11_22_south_korea_japan_leaders_call_for_collaboration_on_quantum_c86c48b8] Repaired malformed JSON.
[02:54:27 +3m 4s | thequantuminsider_2023_11_22_south_korea_japan_leaders_call_for_collaboration_on_quantum_c86c48b8] Extracting actors: https://thequantuminsider.com/2023/11/22/south-korea-japan-leaders-call-for-collaboration-on-quantum-other-deep-tech-initiatives (1/1), chunk 19/36
[02:54:36 +3m 12s | thequantuminsider_2023_11_22_south_korea_japan_leaders_call_for_collaboration_on_quantum_c86c48b8] Repaired malformed JSON.
[02:54:36 +3m 12s | thequantuminsider_2023_11_22_south_korea_japan_leaders_call_for_collaboration_on_quantum_c86c48b8] Extracting actors: https://thequantuminsider.com/2023/11/22/south-korea-japan-leaders-call-for-collaboration-on-quantum-other-deep-tech-initiatives (1/1), chunk 20/36
[02:54:42 +3m 19s | thequantuminsider_2023_11_22_south_korea_japan_leaders_call_for_collaboration_on_quantum_c86c48b8] Repaired malformed JSON.
[02:54:42 +3m 19s | thequantuminsider_2023_11_22_south_korea_japan_leaders_call_for_collaboration_on_quantum_c86c48b8] Extracting actors: https://thequantuminsider.com/2023/11/22/south-korea-japan-leaders-call-for-collaboration-on-quantum-other-deep-tech-initiatives (1/1), chunk 21/36
[02:54:48 +3m 26s | thequantuminsider_2023_11_22_south_korea_japan_leaders_call_for_collaboration_on_quantum_c86c48b8] Repaired malformed JSON.
[02:54:48 +3m 26s | thequantuminsider_2023_11_22_south_korea_japan_leaders_call_for_collaboration_on_quantum_c86c48b8] Extracting actors: https://thequantuminsider.com/2023/11/22/south-korea-japan-leaders-call-for-collaboration-on-quantum-other-deep-tech-initiatives (1/1), chunk 22/36
[02:54:59 +3m 36s | thequantuminsider_2023_11_22_south_korea_japan_leaders_call_for_collaboration_on_quantum_c86c48b8] Repaired malformed JSON.
[02:54:59 +3m 36s | thequantuminsider_2023_11_22_south_korea_japan_leaders_call_for_collaboration_on_quantum_c86c48b8] Extracting actors: https://thequantuminsider.com/2023/11/22/south-korea-japan-leaders-call-for-collaboration-on-quantum-other-deep-tech-initiatives (1/1), chunk 23/36
[02:55:08 +3m 46s | thequantuminsider_2023_11_22_south_korea_japan_leaders_call_for_collaboration_on_quantum_c86c48b8] Repaired malformed JSON.
[02:55:08 +3m 46s | thequantuminsider_2023_11_22_south_korea_japan_leaders_call_for_collaboration_on_quantum_c86c48b8] Extracting actors: https://thequantuminsider.com/2023/11/22/south-korea-japan-leaders-call-for-collaboration-on-quantum-other-deep-tech-initiatives (1/1), chunk 24/36
[02:55:14 +3m 51s | thequantuminsider_2023_11_22_south_korea_japan_leaders_call_for_collaboration_on_quantum_c86c48b8] Extracting actors: https://thequantuminsider.com/2023/11/22/south-korea-japan-leaders-call-for-collaboration-on-quantum-other-deep-tech-initiatives (1/1), chunk 25/36
[02:55:20 +3m 59s | thequantuminsider_2023_11_22_south_korea_japan_leaders_call_for_collaboration_on_quantum_c86c48b8] Repaired malformed JSON.
[02:55:20 +3m 59s | thequantuminsider_2023_11_22_south_korea_japan_leaders_call_for_collaboration_on_quantum_c86c48b8] Extracting actors: https://thequantuminsider.com/2023/11/22/south-korea-japan-leaders-call-for-collaboration-on-quantum-other-deep-tech-initiatives (1/1), chunk 26/36
[02:55:23 +4m 2s | thequantuminsider_2023_11_22_south_korea_japan_leaders_call_for_collaboration_on_quantum_c86c48b8] Extracting actors: https://thequantuminsider.com/2023/11/22/south-korea-japan-leaders-call-for-collaboration-on-quantum-other-deep-tech-initiatives (1/1), chunk 27/36
[02:55:33 +4m 13s | thequantuminsider_2023_11_22_south_korea_japan_leaders_call_for_collaboration_on_quantum_c86c48b8] Repaired malformed JSON.
[02:55:33 +4m 13s | thequantuminsider_2023_11_22_south_korea_japan_leaders_call_for_collaboration_on_quantum_c86c48b8] Extracting actors: https://thequantuminsider.com/2023/11/22/south-korea-japan-leaders-call-for-collaboration-on-quantum-other-deep-tech-initiatives (1/1), chunk 28/36
[02:55:49 +4m 30s | thequantuminsider_2023_11_22_south_korea_japan_leaders_call_for_collaboration_on_quantum_c86c48b8] Repaired malformed JSON.
[02:55:49 +4m 30s | thequantuminsider_2023_11_22_south_korea_japan_leaders_call_for_collaboration_on_quantum_c86c48b8] Extracting actors: https://thequantuminsider.com/2023/11/22/south-korea-japan-leaders-call-for-collaboration-on-quantum-other-deep-tech-initiatives (1/1), chunk 29/36
[02:55:58 +4m 39s | thequantuminsider_2023_11_22_south_korea_japan_leaders_call_for_collaboration_on_quantum_c86c48b8] Repaired malformed JSON.
[02:55:58 +4m 39s | thequantuminsider_2023_11_22_south_korea_japan_leaders_call_for_collaboration_on_quantum_c86c48b8] Extracting actors: https://thequantuminsider.com/2023/11/22/south-korea-japan-leaders-call-for-collaboration-on-quantum-other-deep-tech-initiatives (1/1), chunk 30/36
[02:56:05 +4m 46s | thequantuminsider_2023_11_22_south_korea_japan_leaders_call_for_collaboration_on_quantum_c86c48b8] Repaired malformed JSON.
[02:56:05 +4m 46s | thequantuminsider_2023_11_22_south_korea_japan_leaders_call_for_collaboration_on_quantum_c86c48b8] Extracting actors: https://thequantuminsider.com/2023/11/22/south-korea-japan-leaders-call-for-collaboration-on-quantum-other-deep-tech-initiatives (1/1), chunk 31/36
[02:56:16 +4m 56s | thequantuminsider_2023_11_22_south_korea_japan_leaders_call_for_collaboration_on_quantum_c86c48b8] Repaired malformed JSON.
[02:56:16 +4m 56s | thequantuminsider_2023_11_22_south_korea_japan_leaders_call_for_collaboration_on_quantum_c86c48b8] Extracting actors: https://thequantuminsider.com/2023/11/22/south-korea-japan-leaders-call-for-collaboration-on-quantum-other-deep-tech-initiatives (1/1), chunk 32/36
[02:56:22 +5m 4s | thequantuminsider_2023_11_22_south_korea_japan_leaders_call_for_collaboration_on_quantum_c86c48b8] Repaired malformed JSON.
[02:56:22 +5m 4s | thequantuminsider_2023_11_22_south_korea_japan_leaders_call_for_collaboration_on_quantum_c86c48b8] Extracting actors: https://thequantuminsider.com/2023/11/22/south-korea-japan-leaders-call-for-collaboration-on-quantum-other-deep-tech-initiatives (1/1), chunk 33/36
[02:56:30 +5m 12s | thequantuminsider_2023_11_22_south_korea_japan_leaders_call_for_collaboration_on_quantum_c86c48b8] Repaired malformed JSON.
[02:56:30 +5m 12s | thequantuminsider_2023_11_22_south_korea_japan_leaders_call_for_collaboration_on_quantum_c86c48b8] Extracting actors: https://thequantuminsider.com/2023/11/22/south-korea-japan-leaders-call-for-collaboration-on-quantum-other-deep-tech-initiatives (1/1), chunk 34/36
[02:56:54 +5m 38s | thequantuminsider_2023_11_22_south_korea_japan_leaders_call_for_collaboration_on_quantum_c86c48b8] Repaired malformed JSON.
[02:56:54 +5m 38s | thequantuminsider_2023_11_22_south_korea_japan_leaders_call_for_collaboration_on_quantum_c86c48b8] Extracting actors: https://thequantuminsider.com/2023/11/22/south-korea-japan-leaders-call-for-collaboration-on-quantum-other-deep-tech-initiatives (1/1), chunk 35/36
[02:57:37 +6m 22s | thequantuminsider_2023_11_22_south_korea_japan_leaders_call_for_collaboration_on_quantum_c86c48b8] Repaired malformed JSON.
[02:57:37 +6m 22s | thequantuminsider_2023_11_22_south_korea_japan_leaders_call_for_collaboration_on_quantum_c86c48b8] Extracting actors: https://thequantuminsider.com/2023/11/22/south-korea-japan-leaders-call-for-collaboration-on-quantum-other-deep-tech-initiatives (1/1), chunk 36/36
[02:57:47 +6m 32s | thequantuminsider_2023_11_22_south_korea_japan_leaders_call_for_collaboration_on_quantum_c86c48b8] Repaired malformed JSON.
[02:57:47 +6m 32s | thequantuminsider_2023_11_22_south_korea_japan_leaders_call_for_collaboration_on_quantum_c86c48b8] Saved 1_actor_results.json with 65 extracted records

[02:57:47 +6m 32s | thequantuminsider_2023_11_22_south_korea_japan_leaders_call_for_collaboration_on_quantum_c86c48b8] === 2 clean actors ===
[02:57:47 +6m 32s | thequantuminsider_2023_11_22_south_korea_japan_leaders_call_for_collaboration_on_quantum_c86c48b8] Loaded 65 extracted records
[02:57:47 +6m 32s | thequantuminsider_2023_11_22_south_korea_japan_leaders_call_for_collaboration_on_quantum_c86c48b8] Saved 2_actor_nodes.json with 16 canonical actor nodes

[02:57:47 +6m 32s | thequantuminsider_2023_11_22_south_korea_japan_leaders_call_for_collaboration_on_quantum_c86c48b8] === 3 interaction extraction ===
[02:57:47 +6m 32s | thequantuminsider_2023_11_22_south_korea_japan_leaders_call_for_collaboration_on_quantum_c86c48b8] Extracting interactions: https://thequantuminsider.com/2023/11/22/south-korea-japan-leaders-call-for-collaboration-on-quantum-other-deep-tech-initiatives (1/1), chunk 11/36
[02:58:07 +6m 53s | thequantuminsider_2023_11_22_south_korea_japan_leaders_call_for_collaboration_on_quantum_c86c48b8] Extracting interactions: https://thequantuminsider.com/2023/11/22/south-korea-japan-leaders-call-for-collaboration-on-quantum-other-deep-tech-initiatives (1/1), chunk 12/36
[02:58:37 +7m 25s | thequantuminsider_2023_11_22_south_korea_japan_leaders_call_for_collaboration_on_quantum_c86c48b8] Extracting interactions: https://thequantuminsider.com/2023/11/22/south-korea-japan-leaders-call-for-collaboration-on-quantum-other-deep-tech-initiatives (1/1), chunk 13/36
[02:59:19 +8m 8s | thequantuminsider_2023_11_22_south_korea_japan_leaders_call_for_collaboration_on_quantum_c86c48b8] Extracting interactions: https://thequantuminsider.com/2023/11/22/south-korea-japan-leaders-call-for-collaboration-on-quantum-other-deep-tech-initiatives (1/1), chunk 14/36
[02:59:25 +8m 15s | thequantuminsider_2023_11_22_south_korea_japan_leaders_call_for_collaboration_on_quantum_c86c48b8] Extracting interactions: https://thequantuminsider.com/2023/11/22/south-korea-japan-leaders-call-for-collaboration-on-quantum-other-deep-tech-initiatives (1/1), chunk 15/36
[02:59:38 +8m 28s | thequantuminsider_2023_11_22_south_korea_japan_leaders_call_for_collaboration_on_quantum_c86c48b8] Extracting interactions: https://thequantuminsider.com/2023/11/22/south-korea-japan-leaders-call-for-collaboration-on-quantum-other-deep-tech-initiatives (1/1), chunk 16/36
[02:59:46 +8m 37s | thequantuminsider_2023_11_22_south_korea_japan_leaders_call_for_collaboration_on_quantum_c86c48b8] Extracting interactions: https://thequantuminsider.com/2023/11/22/south-korea-japan-leaders-call-for-collaboration-on-quantum-other-deep-tech-initiatives (1/1), chunk 18/36
[02:59:48 +8m 38s | thequantuminsider_2023_11_22_south_korea_japan_leaders_call_for_collaboration_on_quantum_c86c48b8] Extracting interactions: https://thequantuminsider.com/2023/11/22/south-korea-japan-leaders-call-for-collaboration-on-quantum-other-deep-tech-initiatives (1/1), chunk 19/36
[02:59:49 +8m 40s | thequantuminsider_2023_11_22_south_korea_japan_leaders_call_for_collaboration_on_quantum_c86c48b8] Extracting interactions: https://thequantuminsider.com/2023/11/22/south-korea-japan-leaders-call-for-collaboration-on-quantum-other-deep-tech-initiatives (1/1), chunk 20/36
[02:59:56 +8m 48s | thequantuminsider_2023_11_22_south_korea_japan_leaders_call_for_collaboration_on_quantum_c86c48b8] Extracting interactions: https://thequantuminsider.com/2023/11/22/south-korea-japan-leaders-call-for-collaboration-on-quantum-other-deep-tech-initiatives (1/1), chunk 21/36
[03:00:02 +8m 54s | thequantuminsider_2023_11_22_south_korea_japan_leaders_call_for_collaboration_on_quantum_c86c48b8] Extracting interactions: https://thequantuminsider.com/2023/11/22/south-korea-japan-leaders-call-for-collaboration-on-quantum-other-deep-tech-initiatives (1/1), chunk 25/36
[03:00:09 +9m 1s | thequantuminsider_2023_11_22_south_korea_japan_leaders_call_for_collaboration_on_quantum_c86c48b8] Extracting interactions: https://thequantuminsider.com/2023/11/22/south-korea-japan-leaders-call-for-collaboration-on-quantum-other-deep-tech-initiatives (1/1), chunk 26/36
[03:00:11 +9m 2s | thequantuminsider_2023_11_22_south_korea_japan_leaders_call_for_collaboration_on_quantum_c86c48b8] Extracting interactions: https://thequantuminsider.com/2023/11/22/south-korea-japan-leaders-call-for-collaboration-on-quantum-other-deep-tech-initiatives (1/1), chunk 27/36
[03:00:12 +9m 4s | thequantuminsider_2023_11_22_south_korea_japan_leaders_call_for_collaboration_on_quantum_c86c48b8] Extracting interactions: https://thequantuminsider.com/2023/11/22/south-korea-japan-leaders-call-for-collaboration-on-quantum-other-deep-tech-initiatives (1/1), chunk 28/36
[03:00:14 +9m 5s | thequantuminsider_2023_11_22_south_korea_japan_leaders_call_for_collaboration_on_quantum_c86c48b8] Extracting interactions: https://thequantuminsider.com/2023/11/22/south-korea-japan-leaders-call-for-collaboration-on-quantum-other-deep-tech-initiatives (1/1), chunk 29/36
[03:00:17 +9m 9s | thequantuminsider_2023_11_22_south_korea_japan_leaders_call_for_collaboration_on_quantum_c86c48b8] Extracting interactions: https://thequantuminsider.com/2023/11/22/south-korea-japan-leaders-call-for-collaboration-on-quantum-other-deep-tech-initiatives (1/1), chunk 30/36
[03:00:20 +9m 12s | thequantuminsider_2023_11_22_south_korea_japan_leaders_call_for_collaboration_on_quantum_c86c48b8] Extracting interactions: https://thequantuminsider.com/2023/11/22/south-korea-japan-leaders-call-for-collaboration-on-quantum-other-deep-tech-initiatives (1/1), chunk 31/36
[03:00:23 +9m 16s | thequantuminsider_2023_11_22_south_korea_japan_leaders_call_for_collaboration_on_quantum_c86c48b8] Extracting interactions: https://thequantuminsider.com/2023/11/22/south-korea-japan-leaders-call-for-collaboration-on-quantum-other-deep-tech-initiatives (1/1), chunk 32/36
[03:00:25 +9m 18s | thequantuminsider_2023_11_22_south_korea_japan_leaders_call_for_collaboration_on_quantum_c86c48b8] Extracting interactions: https://thequantuminsider.com/2023/11/22/south-korea-japan-leaders-call-for-collaboration-on-quantum-other-deep-tech-initiatives (1/1), chunk 33/36
[03:00:28 +9m 21s | thequantuminsider_2023_11_22_south_korea_japan_leaders_call_for_collaboration_on_quantum_c86c48b8] Extracting interactions: https://thequantuminsider.com/2023/11/22/south-korea-japan-leaders-call-for-collaboration-on-quantum-other-deep-tech-initiatives (1/1), chunk 34/36
[03:00:29 +9m 23s | thequantuminsider_2023_11_22_south_korea_japan_leaders_call_for_collaboration_on_quantum_c86c48b8] Extracting interactions: https://thequantuminsider.com/2023/11/22/south-korea-japan-leaders-call-for-collaboration-on-quantum-other-deep-tech-initiatives (1/1), chunk 35/36
[03:00:41 +9m 34s | thequantuminsider_2023_11_22_south_korea_japan_leaders_call_for_collaboration_on_quantum_c86c48b8] Extracting interactions: https://thequantuminsider.com/2023/11/22/south-korea-japan-leaders-call-for-collaboration-on-quantum-other-deep-tech-initiatives (1/1), chunk 36/36
[03:00:47 +9m 40s | thequantuminsider_2023_11_22_south_korea_japan_leaders_call_for_collaboration_on_quantum_c86c48b8] Saved 3_interaction_results.json with 24 extracted interactions.

[03:00:47 +9m 40s | thequantuminsider_2023_11_22_south_korea_japan_leaders_call_for_collaboration_on_quantum_c86c48b8] === 4 clean interactions ===
[03:00:47 +9m 40s | thequantuminsider_2023_11_22_south_korea_japan_leaders_call_for_collaboration_on_quantum_c86c48b8] Saved 4_edges.json with 7 cleaned interactions.

[03:00:47 +9m 40s | thequantuminsider_2023_11_22_south_korea_japan_leaders_call_for_collaboration_on_quantum_c86c48b8] === 5 helix enrichment ===
[03:00:47 +9m 40s | thequantuminsider_2023_11_22_south_korea_japan_leaders_call_for_collaboration_on_quantum_c86c48b8] Wrote 5_nodes.json (16 actors)
[03:00:47 +9m 40s | thequantuminsider_2023_11_22_south_korea_japan_leaders_call_for_collaboration_on_quantum_c86c48b8] Wrote 5_edges.json (7 interactions)
[03:00:47 +9m 40s | thequantuminsider_2023_11_22_south_korea_japan_leaders_call_for_collaboration_on_quantum_c86c48b8] Actor helix counts: {'Academia': 5, 'Civil Society': 4, 'Industry': 1, 'Intermediary': 1, 'Unknown': 5}
[03:00:47 +9m 40s | thequantuminsider_2023_11_22_south_korea_japan_leaders_call_for_collaboration_on_quantum_c86c48b8] Functional-space counts: {'Unknown': 7}

[03:00:47 +9m 40s | thequantuminsider_2023_11_22_south_korea_japan_leaders_call_for_collaboration_on_quantum_c86c48b8] === 6 network visualisation ===
[03:00:48 +9m 41s | thequantuminsider_2023_11_22_south_korea_japan_leaders_call_for_collaboration_on_quantum_c86c48b8] Wrote quantum_network.html
[03:00:48 +9m 41s | thequantuminsider_2023_11_22_south_korea_japan_leaders_call_for_collaboration_on_quantum_c86c48b8] Nodes: 16
[03:00:48 +9m 41s | thequantuminsider_2023_11_22_south_korea_japan_leaders_call_for_collaboration_on_quantum_c86c48b8] Edges: 3

[03:00:48 +9m 41s | thequantuminsider_2023_11_22_south_korea_japan_leaders_call_for_collaboration_on_quantum_c86c48b8] Done. Outputs written to: /home/lv/IDP/idpdeeptech/pipeline/news_outputs/thequantuminsider_2023_11_22_south_korea_japan_leaders_call_for_collaboration_on_quantum_c86c48b8
[03:00:48 +9m 41s | thequantuminsider_2023_11_22_south_korea_japan_leaders_call_for_collaboration_on_quantum_c86c48b8] Log: /home/lv/IDP/idpdeeptech/pipeline/news_outputs/thequantuminsider_2023_11_22_south_korea_japan_leaders_call_for_collaboration_on_quantum_c86c48b8/run.log

========================================================================
RUN FINISHED 2026-07-05 03:00:48  (OK)
Started:     2026-07-05 02:51:32
Elapsed:     9m 41s
========================================================================
