
========================================================================
RUN STARTED  2026-07-05 08:53:41
site_pipeline.py https://thequantuminsider.com/2023/09/18/colibritd-secures-e1-million-in-seed-funding-for-quantum-as-a-service-development/
========================================================================

[08:53:41 +0s | thequantuminsider_2023_09_18_colibritd_secures_e1_million_in_seed_funding_for_quantum_as_8aafab27] === 0 crawl site ===
[08:53:42 +1s | thequantuminsider_2023_09_18_colibritd_secures_e1_million_in_seed_funding_for_quantum_as_8aafab27] [INIT].... → Crawl4AI 0.8.6 
[08:53:44 +4s | thequantuminsider_2023_09_18_colibritd_secures_e1_million_in_seed_funding_for_quantum_as_8aafab27] [FETCH]... ↓ https://thequantuminsider.com/2023/09/18/colibri...ed-funding-for-quantum-as-a-service-development/  | ✓ | ⏱: 2.09s 
[08:53:44 +4s | thequantuminsider_2023_09_18_colibritd_secures_e1_million_in_seed_funding_for_quantum_as_8aafab27] [SCRAPE].. ◆ https://thequantuminsider.com/2023/09/18/colibri...ed-funding-for-quantum-as-a-service-development/  | ✓ | ⏱: 0.14s 
[08:53:44 +4s | thequantuminsider_2023_09_18_colibritd_secures_e1_million_in_seed_funding_for_quantum_as_8aafab27] [COMPLETE] ● https://thequantuminsider.com/2023/09/18/colibri...ed-funding-for-quantum-as-a-service-development/  | ✓ | ⏱: 2.26s 
[08:53:44 +4s | thequantuminsider_2023_09_18_colibritd_secures_e1_million_in_seed_funding_for_quantum_as_8aafab27] Saved: crawl_output/b6682bbab4_thequantuminsider.com_2023_09_18_colibritd-secures-e1-million-in-seed-funding-for-quantum-as-a-service-development.json

[08:53:45 +4s | thequantuminsider_2023_09_18_colibritd_secures_e1_million_in_seed_funding_for_quantum_as_8aafab27] === 1 actor extraction ===
[08:53:45 +4s | thequantuminsider_2023_09_18_colibritd_secures_e1_million_in_seed_funding_for_quantum_as_8aafab27] Reading page (1/1): https://thequantuminsider.com/2023/09/18/colibritd-secures-e1-million-in-seed-funding-for-quantum-as-a-service-development
[08:53:45 +4s | thequantuminsider_2023_09_18_colibritd_secures_e1_million_in_seed_funding_for_quantum_as_8aafab27] Extracting actors: https://thequantuminsider.com/2023/09/18/colibritd-secures-e1-million-in-seed-funding-for-quantum-as-a-service-development (1/1), chunk 1/36
[08:54:09 +28s | thequantuminsider_2023_09_18_colibritd_secures_e1_million_in_seed_funding_for_quantum_as_8aafab27] Extracting actors: https://thequantuminsider.com/2023/09/18/colibritd-secures-e1-million-in-seed-funding-for-quantum-as-a-service-development (1/1), chunk 2/36
[08:54:11 +33s | thequantuminsider_2023_09_18_colibritd_secures_e1_million_in_seed_funding_for_quantum_as_8aafab27] Extracting actors: https://thequantuminsider.com/2023/09/18/colibritd-secures-e1-million-in-seed-funding-for-quantum-as-a-service-development (1/1), chunk 3/36
[08:54:18 +40s | thequantuminsider_2023_09_18_colibritd_secures_e1_million_in_seed_funding_for_quantum_as_8aafab27] Extracting actors: https://thequantuminsider.com/2023/09/18/colibritd-secures-e1-million-in-seed-funding-for-quantum-as-a-service-development (1/1), chunk 4/36
[08:54:26 +48s | thequantuminsider_2023_09_18_colibritd_secures_e1_million_in_seed_funding_for_quantum_as_8aafab27] Extracting actors: https://thequantuminsider.com/2023/09/18/colibritd-secures-e1-million-in-seed-funding-for-quantum-as-a-service-development (1/1), chunk 5/36
[08:54:33 +55s | thequantuminsider_2023_09_18_colibritd_secures_e1_million_in_seed_funding_for_quantum_as_8aafab27] Extracting actors: https://thequantuminsider.com/2023/09/18/colibritd-secures-e1-million-in-seed-funding-for-quantum-as-a-service-development (1/1), chunk 6/36
[08:54:37 +1m 2s | thequantuminsider_2023_09_18_colibritd_secures_e1_million_in_seed_funding_for_quantum_as_8aafab27] Extracting actors: https://thequantuminsider.com/2023/09/18/colibritd-secures-e1-million-in-seed-funding-for-quantum-as-a-service-development (1/1), chunk 7/36
[08:54:44 +1m 9s | thequantuminsider_2023_09_18_colibritd_secures_e1_million_in_seed_funding_for_quantum_as_8aafab27] Extracting actors: https://thequantuminsider.com/2023/09/18/colibritd-secures-e1-million-in-seed-funding-for-quantum-as-a-service-development (1/1), chunk 8/36
[08:55:08 +1m 35s | thequantuminsider_2023_09_18_colibritd_secures_e1_million_in_seed_funding_for_quantum_as_8aafab27] Extracting actors: https://thequantuminsider.com/2023/09/18/colibritd-secures-e1-million-in-seed-funding-for-quantum-as-a-service-development (1/1), chunk 9/36
[08:55:18 +1m 45s | thequantuminsider_2023_09_18_colibritd_secures_e1_million_in_seed_funding_for_quantum_as_8aafab27] Repaired malformed JSON.
[08:55:18 +1m 45s | thequantuminsider_2023_09_18_colibritd_secures_e1_million_in_seed_funding_for_quantum_as_8aafab27] Extracting actors: https://thequantuminsider.com/2023/09/18/colibritd-secures-e1-million-in-seed-funding-for-quantum-as-a-service-development (1/1), chunk 10/36
[08:55:23 +1m 50s | thequantuminsider_2023_09_18_colibritd_secures_e1_million_in_seed_funding_for_quantum_as_8aafab27] Extracting actors: https://thequantuminsider.com/2023/09/18/colibritd-secures-e1-million-in-seed-funding-for-quantum-as-a-service-development (1/1), chunk 11/36
[08:55:31 +1m 58s | thequantuminsider_2023_09_18_colibritd_secures_e1_million_in_seed_funding_for_quantum_as_8aafab27] Repaired malformed JSON.
[08:55:31 +1m 58s | thequantuminsider_2023_09_18_colibritd_secures_e1_million_in_seed_funding_for_quantum_as_8aafab27] Extracting actors: https://thequantuminsider.com/2023/09/18/colibritd-secures-e1-million-in-seed-funding-for-quantum-as-a-service-development (1/1), chunk 12/36
[08:55:37 +2m 7s | thequantuminsider_2023_09_18_colibritd_secures_e1_million_in_seed_funding_for_quantum_as_8aafab27] Repaired malformed JSON.
[08:55:37 +2m 7s | thequantuminsider_2023_09_18_colibritd_secures_e1_million_in_seed_funding_for_quantum_as_8aafab27] Extracting actors: https://thequantuminsider.com/2023/09/18/colibritd-secures-e1-million-in-seed-funding-for-quantum-as-a-service-development (1/1), chunk 13/36
[08:55:46 +2m 16s | thequantuminsider_2023_09_18_colibritd_secures_e1_million_in_seed_funding_for_quantum_as_8aafab27] Repaired malformed JSON.
[08:55:46 +2m 16s | thequantuminsider_2023_09_18_colibritd_secures_e1_million_in_seed_funding_for_quantum_as_8aafab27] Extracting actors: https://thequantuminsider.com/2023/09/18/colibritd-secures-e1-million-in-seed-funding-for-quantum-as-a-service-development (1/1), chunk 14/36
[08:55:56 +2m 26s | thequantuminsider_2023_09_18_colibritd_secures_e1_million_in_seed_funding_for_quantum_as_8aafab27] Repaired malformed JSON.
[08:55:56 +2m 26s | thequantuminsider_2023_09_18_colibritd_secures_e1_million_in_seed_funding_for_quantum_as_8aafab27] Extracting actors: https://thequantuminsider.com/2023/09/18/colibritd-secures-e1-million-in-seed-funding-for-quantum-as-a-service-development (1/1), chunk 15/36
[08:56:06 +2m 35s | thequantuminsider_2023_09_18_colibritd_secures_e1_million_in_seed_funding_for_quantum_as_8aafab27] Repaired malformed JSON.
[08:56:06 +2m 35s | thequantuminsider_2023_09_18_colibritd_secures_e1_million_in_seed_funding_for_quantum_as_8aafab27] Extracting actors: https://thequantuminsider.com/2023/09/18/colibritd-secures-e1-million-in-seed-funding-for-quantum-as-a-service-development (1/1), chunk 16/36
[08:56:13 +2m 45s | thequantuminsider_2023_09_18_colibritd_secures_e1_million_in_seed_funding_for_quantum_as_8aafab27] Repaired malformed JSON.
[08:56:13 +2m 45s | thequantuminsider_2023_09_18_colibritd_secures_e1_million_in_seed_funding_for_quantum_as_8aafab27] Extracting actors: https://thequantuminsider.com/2023/09/18/colibritd-secures-e1-million-in-seed-funding-for-quantum-as-a-service-development (1/1), chunk 17/36
[08:56:19 +2m 52s | thequantuminsider_2023_09_18_colibritd_secures_e1_million_in_seed_funding_for_quantum_as_8aafab27] Extracting actors: https://thequantuminsider.com/2023/09/18/colibritd-secures-e1-million-in-seed-funding-for-quantum-as-a-service-development (1/1), chunk 18/36
[08:56:28 +3m 0s | thequantuminsider_2023_09_18_colibritd_secures_e1_million_in_seed_funding_for_quantum_as_8aafab27] Repaired malformed JSON.
[08:56:28 +3m 0s | thequantuminsider_2023_09_18_colibritd_secures_e1_million_in_seed_funding_for_quantum_as_8aafab27] Extracting actors: https://thequantuminsider.com/2023/09/18/colibritd-secures-e1-million-in-seed-funding-for-quantum-as-a-service-development (1/1), chunk 19/36
[08:56:35 +3m 8s | thequantuminsider_2023_09_18_colibritd_secures_e1_million_in_seed_funding_for_quantum_as_8aafab27] Repaired malformed JSON.
[08:56:35 +3m 8s | thequantuminsider_2023_09_18_colibritd_secures_e1_million_in_seed_funding_for_quantum_as_8aafab27] Extracting actors: https://thequantuminsider.com/2023/09/18/colibritd-secures-e1-million-in-seed-funding-for-quantum-as-a-service-development (1/1), chunk 20/36
[08:56:44 +3m 19s | thequantuminsider_2023_09_18_colibritd_secures_e1_million_in_seed_funding_for_quantum_as_8aafab27] Repaired malformed JSON.
[08:56:44 +3m 19s | thequantuminsider_2023_09_18_colibritd_secures_e1_million_in_seed_funding_for_quantum_as_8aafab27] Extracting actors: https://thequantuminsider.com/2023/09/18/colibritd-secures-e1-million-in-seed-funding-for-quantum-as-a-service-development (1/1), chunk 21/36
[08:56:53 +3m 27s | thequantuminsider_2023_09_18_colibritd_secures_e1_million_in_seed_funding_for_quantum_as_8aafab27] Repaired malformed JSON.
[08:56:53 +3m 27s | thequantuminsider_2023_09_18_colibritd_secures_e1_million_in_seed_funding_for_quantum_as_8aafab27] Extracting actors: https://thequantuminsider.com/2023/09/18/colibritd-secures-e1-million-in-seed-funding-for-quantum-as-a-service-development (1/1), chunk 22/36
[08:57:05 +3m 40s | thequantuminsider_2023_09_18_colibritd_secures_e1_million_in_seed_funding_for_quantum_as_8aafab27] Repaired malformed JSON.
[08:57:05 +3m 40s | thequantuminsider_2023_09_18_colibritd_secures_e1_million_in_seed_funding_for_quantum_as_8aafab27] Extracting actors: https://thequantuminsider.com/2023/09/18/colibritd-secures-e1-million-in-seed-funding-for-quantum-as-a-service-development (1/1), chunk 23/36
[08:57:10 +3m 48s | thequantuminsider_2023_09_18_colibritd_secures_e1_million_in_seed_funding_for_quantum_as_8aafab27] Repaired malformed JSON.
[08:57:10 +3m 48s | thequantuminsider_2023_09_18_colibritd_secures_e1_million_in_seed_funding_for_quantum_as_8aafab27] Extracting actors: https://thequantuminsider.com/2023/09/18/colibritd-secures-e1-million-in-seed-funding-for-quantum-as-a-service-development (1/1), chunk 24/36
[08:57:15 +3m 52s | thequantuminsider_2023_09_18_colibritd_secures_e1_million_in_seed_funding_for_quantum_as_8aafab27] Extracting actors: https://thequantuminsider.com/2023/09/18/colibritd-secures-e1-million-in-seed-funding-for-quantum-as-a-service-development (1/1), chunk 25/36
[08:57:19 +3m 57s | thequantuminsider_2023_09_18_colibritd_secures_e1_million_in_seed_funding_for_quantum_as_8aafab27] Extracting actors: https://thequantuminsider.com/2023/09/18/colibritd-secures-e1-million-in-seed-funding-for-quantum-as-a-service-development (1/1), chunk 26/36
[08:57:25 +4m 3s | thequantuminsider_2023_09_18_colibritd_secures_e1_million_in_seed_funding_for_quantum_as_8aafab27] Extracting actors: https://thequantuminsider.com/2023/09/18/colibritd-secures-e1-million-in-seed-funding-for-quantum-as-a-service-development (1/1), chunk 27/36
[08:57:31 +4m 9s | thequantuminsider_2023_09_18_colibritd_secures_e1_million_in_seed_funding_for_quantum_as_8aafab27] Extracting actors: https://thequantuminsider.com/2023/09/18/colibritd-secures-e1-million-in-seed-funding-for-quantum-as-a-service-development (1/1), chunk 28/36
[08:57:36 +4m 16s | thequantuminsider_2023_09_18_colibritd_secures_e1_million_in_seed_funding_for_quantum_as_8aafab27] Repaired malformed JSON.
[08:57:36 +4m 16s | thequantuminsider_2023_09_18_colibritd_secures_e1_million_in_seed_funding_for_quantum_as_8aafab27] Extracting actors: https://thequantuminsider.com/2023/09/18/colibritd-secures-e1-million-in-seed-funding-for-quantum-as-a-service-development (1/1), chunk 29/36
[08:57:45 +4m 25s | thequantuminsider_2023_09_18_colibritd_secures_e1_million_in_seed_funding_for_quantum_as_8aafab27] Repaired malformed JSON.
[08:57:45 +4m 25s | thequantuminsider_2023_09_18_colibritd_secures_e1_million_in_seed_funding_for_quantum_as_8aafab27] Extracting actors: https://thequantuminsider.com/2023/09/18/colibritd-secures-e1-million-in-seed-funding-for-quantum-as-a-service-development (1/1), chunk 30/36
[08:57:46 +4m 27s | thequantuminsider_2023_09_18_colibritd_secures_e1_million_in_seed_funding_for_quantum_as_8aafab27] Extracting actors: https://thequantuminsider.com/2023/09/18/colibritd-secures-e1-million-in-seed-funding-for-quantum-as-a-service-development (1/1), chunk 31/36
[08:57:52 +4m 32s | thequantuminsider_2023_09_18_colibritd_secures_e1_million_in_seed_funding_for_quantum_as_8aafab27] Extracting actors: https://thequantuminsider.com/2023/09/18/colibritd-secures-e1-million-in-seed-funding-for-quantum-as-a-service-development (1/1), chunk 32/36
[08:58:01 +4m 42s | thequantuminsider_2023_09_18_colibritd_secures_e1_million_in_seed_funding_for_quantum_as_8aafab27] Repaired malformed JSON.
[08:58:01 +4m 42s | thequantuminsider_2023_09_18_colibritd_secures_e1_million_in_seed_funding_for_quantum_as_8aafab27] Extracting actors: https://thequantuminsider.com/2023/09/18/colibritd-secures-e1-million-in-seed-funding-for-quantum-as-a-service-development (1/1), chunk 33/36
[08:58:09 +4m 52s | thequantuminsider_2023_09_18_colibritd_secures_e1_million_in_seed_funding_for_quantum_as_8aafab27] Repaired malformed JSON.
[08:58:09 +4m 52s | thequantuminsider_2023_09_18_colibritd_secures_e1_million_in_seed_funding_for_quantum_as_8aafab27] Extracting actors: https://thequantuminsider.com/2023/09/18/colibritd-secures-e1-million-in-seed-funding-for-quantum-as-a-service-development (1/1), chunk 34/36
[08:58:34 +5m 17s | thequantuminsider_2023_09_18_colibritd_secures_e1_million_in_seed_funding_for_quantum_as_8aafab27] Repaired malformed JSON.
[08:58:34 +5m 17s | thequantuminsider_2023_09_18_colibritd_secures_e1_million_in_seed_funding_for_quantum_as_8aafab27] Extracting actors: https://thequantuminsider.com/2023/09/18/colibritd-secures-e1-million-in-seed-funding-for-quantum-as-a-service-development (1/1), chunk 35/36
[08:58:41 +5m 27s | thequantuminsider_2023_09_18_colibritd_secures_e1_million_in_seed_funding_for_quantum_as_8aafab27] Repaired malformed JSON.
[08:58:41 +5m 27s | thequantuminsider_2023_09_18_colibritd_secures_e1_million_in_seed_funding_for_quantum_as_8aafab27] Extracting actors: https://thequantuminsider.com/2023/09/18/colibritd-secures-e1-million-in-seed-funding-for-quantum-as-a-service-development (1/1), chunk 36/36
[08:59:04 +5m 52s | thequantuminsider_2023_09_18_colibritd_secures_e1_million_in_seed_funding_for_quantum_as_8aafab27] Repaired malformed JSON.
[08:59:04 +5m 52s | thequantuminsider_2023_09_18_colibritd_secures_e1_million_in_seed_funding_for_quantum_as_8aafab27] Saved 1_actor_results.json with 48 extracted records

[08:59:04 +5m 52s | thequantuminsider_2023_09_18_colibritd_secures_e1_million_in_seed_funding_for_quantum_as_8aafab27] === 2 clean actors ===
[08:59:04 +5m 52s | thequantuminsider_2023_09_18_colibritd_secures_e1_million_in_seed_funding_for_quantum_as_8aafab27] Loaded 48 extracted records
[08:59:04 +5m 52s | thequantuminsider_2023_09_18_colibritd_secures_e1_million_in_seed_funding_for_quantum_as_8aafab27] Saved 2_actor_nodes.json with 16 canonical actor nodes

[08:59:04 +5m 52s | thequantuminsider_2023_09_18_colibritd_secures_e1_million_in_seed_funding_for_quantum_as_8aafab27] === 3 interaction extraction ===
[08:59:04 +5m 52s | thequantuminsider_2023_09_18_colibritd_secures_e1_million_in_seed_funding_for_quantum_as_8aafab27] Extracting interactions: https://thequantuminsider.com/2023/09/18/colibritd-secures-e1-million-in-seed-funding-for-quantum-as-a-service-development (1/1), chunk 11/36
[08:59:09 +5m 57s | thequantuminsider_2023_09_18_colibritd_secures_e1_million_in_seed_funding_for_quantum_as_8aafab27] Extracting interactions: https://thequantuminsider.com/2023/09/18/colibritd-secures-e1-million-in-seed-funding-for-quantum-as-a-service-development (1/1), chunk 12/36
[08:59:16 +6m 4s | thequantuminsider_2023_09_18_colibritd_secures_e1_million_in_seed_funding_for_quantum_as_8aafab27] Extracting interactions: https://thequantuminsider.com/2023/09/18/colibritd-secures-e1-million-in-seed-funding-for-quantum-as-a-service-development (1/1), chunk 13/36
[08:59:46 +6m 36s | thequantuminsider_2023_09_18_colibritd_secures_e1_million_in_seed_funding_for_quantum_as_8aafab27] Extracting interactions: https://thequantuminsider.com/2023/09/18/colibritd-secures-e1-million-in-seed-funding-for-quantum-as-a-service-development (1/1), chunk 14/36
[09:00:12 +7m 5s | thequantuminsider_2023_09_18_colibritd_secures_e1_million_in_seed_funding_for_quantum_as_8aafab27] Extracting interactions: https://thequantuminsider.com/2023/09/18/colibritd-secures-e1-million-in-seed-funding-for-quantum-as-a-service-development (1/1), chunk 15/36
[09:00:24 +7m 17s | thequantuminsider_2023_09_18_colibritd_secures_e1_million_in_seed_funding_for_quantum_as_8aafab27] Extracting interactions: https://thequantuminsider.com/2023/09/18/colibritd-secures-e1-million-in-seed-funding-for-quantum-as-a-service-development (1/1), chunk 16/36
[09:00:30 +7m 23s | thequantuminsider_2023_09_18_colibritd_secures_e1_million_in_seed_funding_for_quantum_as_8aafab27] Extracting interactions: https://thequantuminsider.com/2023/09/18/colibritd-secures-e1-million-in-seed-funding-for-quantum-as-a-service-development (1/1), chunk 18/36
[09:00:31 +7m 25s | thequantuminsider_2023_09_18_colibritd_secures_e1_million_in_seed_funding_for_quantum_as_8aafab27] Extracting interactions: https://thequantuminsider.com/2023/09/18/colibritd-secures-e1-million-in-seed-funding-for-quantum-as-a-service-development (1/1), chunk 19/36
[09:00:34 +7m 27s | thequantuminsider_2023_09_18_colibritd_secures_e1_million_in_seed_funding_for_quantum_as_8aafab27] Extracting interactions: https://thequantuminsider.com/2023/09/18/colibritd-secures-e1-million-in-seed-funding-for-quantum-as-a-service-development (1/1), chunk 20/36
[09:00:41 +7m 37s | thequantuminsider_2023_09_18_colibritd_secures_e1_million_in_seed_funding_for_quantum_as_8aafab27] Extracting interactions: https://thequantuminsider.com/2023/09/18/colibritd-secures-e1-million-in-seed-funding-for-quantum-as-a-service-development (1/1), chunk 21/36
[09:00:47 +7m 43s | thequantuminsider_2023_09_18_colibritd_secures_e1_million_in_seed_funding_for_quantum_as_8aafab27] Extracting interactions: https://thequantuminsider.com/2023/09/18/colibritd-secures-e1-million-in-seed-funding-for-quantum-as-a-service-development (1/1), chunk 22/36
[09:00:49 +7m 45s | thequantuminsider_2023_09_18_colibritd_secures_e1_million_in_seed_funding_for_quantum_as_8aafab27] Extracting interactions: https://thequantuminsider.com/2023/09/18/colibritd-secures-e1-million-in-seed-funding-for-quantum-as-a-service-development (1/1), chunk 24/36
[09:00:57 +7m 53s | thequantuminsider_2023_09_18_colibritd_secures_e1_million_in_seed_funding_for_quantum_as_8aafab27] Extracting interactions: https://thequantuminsider.com/2023/09/18/colibritd-secures-e1-million-in-seed-funding-for-quantum-as-a-service-development (1/1), chunk 25/36
[09:01:03 +7m 59s | thequantuminsider_2023_09_18_colibritd_secures_e1_million_in_seed_funding_for_quantum_as_8aafab27] Extracting interactions: https://thequantuminsider.com/2023/09/18/colibritd-secures-e1-million-in-seed-funding-for-quantum-as-a-service-development (1/1), chunk 26/36
[09:01:02 +8m 1s | thequantuminsider_2023_09_18_colibritd_secures_e1_million_in_seed_funding_for_quantum_as_8aafab27] Extracting interactions: https://thequantuminsider.com/2023/09/18/colibritd-secures-e1-million-in-seed-funding-for-quantum-as-a-service-development (1/1), chunk 27/36
[09:01:03 +8m 2s | thequantuminsider_2023_09_18_colibritd_secures_e1_million_in_seed_funding_for_quantum_as_8aafab27] Extracting interactions: https://thequantuminsider.com/2023/09/18/colibritd-secures-e1-million-in-seed-funding-for-quantum-as-a-service-development (1/1), chunk 28/36
[09:01:23 +8m 22s | thequantuminsider_2023_09_18_colibritd_secures_e1_million_in_seed_funding_for_quantum_as_8aafab27] Extracting interactions: https://thequantuminsider.com/2023/09/18/colibritd-secures-e1-million-in-seed-funding-for-quantum-as-a-service-development (1/1), chunk 29/36
[09:01:25 +8m 23s | thequantuminsider_2023_09_18_colibritd_secures_e1_million_in_seed_funding_for_quantum_as_8aafab27] Extracting interactions: https://thequantuminsider.com/2023/09/18/colibritd-secures-e1-million-in-seed-funding-for-quantum-as-a-service-development (1/1), chunk 30/36
[09:02:01 +9m 5s | thequantuminsider_2023_09_18_colibritd_secures_e1_million_in_seed_funding_for_quantum_as_8aafab27] Extracting interactions: https://thequantuminsider.com/2023/09/18/colibritd-secures-e1-million-in-seed-funding-for-quantum-as-a-service-development (1/1), chunk 31/36
[09:02:03 +9m 7s | thequantuminsider_2023_09_18_colibritd_secures_e1_million_in_seed_funding_for_quantum_as_8aafab27] Extracting interactions: https://thequantuminsider.com/2023/09/18/colibritd-secures-e1-million-in-seed-funding-for-quantum-as-a-service-development (1/1), chunk 32/36
[09:02:22 +9m 26s | thequantuminsider_2023_09_18_colibritd_secures_e1_million_in_seed_funding_for_quantum_as_8aafab27] Extracting interactions: https://thequantuminsider.com/2023/09/18/colibritd-secures-e1-million-in-seed-funding-for-quantum-as-a-service-development (1/1), chunk 34/36
[09:02:23 +9m 27s | thequantuminsider_2023_09_18_colibritd_secures_e1_million_in_seed_funding_for_quantum_as_8aafab27] Extracting interactions: https://thequantuminsider.com/2023/09/18/colibritd-secures-e1-million-in-seed-funding-for-quantum-as-a-service-development (1/1), chunk 35/36
[09:02:25 +9m 29s | thequantuminsider_2023_09_18_colibritd_secures_e1_million_in_seed_funding_for_quantum_as_8aafab27] Extracting interactions: https://thequantuminsider.com/2023/09/18/colibritd-secures-e1-million-in-seed-funding-for-quantum-as-a-service-development (1/1), chunk 36/36
[09:02:28 +9m 32s | thequantuminsider_2023_09_18_colibritd_secures_e1_million_in_seed_funding_for_quantum_as_8aafab27] Saved 3_interaction_results.json with 18 extracted interactions.

[09:02:28 +9m 32s | thequantuminsider_2023_09_18_colibritd_secures_e1_million_in_seed_funding_for_quantum_as_8aafab27] === 4 clean interactions ===
[09:02:28 +9m 32s | thequantuminsider_2023_09_18_colibritd_secures_e1_million_in_seed_funding_for_quantum_as_8aafab27] Saved 4_edges.json with 3 cleaned interactions.

[09:02:28 +9m 32s | thequantuminsider_2023_09_18_colibritd_secures_e1_million_in_seed_funding_for_quantum_as_8aafab27] === 5 helix enrichment ===
[09:02:28 +9m 32s | thequantuminsider_2023_09_18_colibritd_secures_e1_million_in_seed_funding_for_quantum_as_8aafab27] Wrote 5_nodes.json (16 actors)
[09:02:28 +9m 32s | thequantuminsider_2023_09_18_colibritd_secures_e1_million_in_seed_funding_for_quantum_as_8aafab27] Wrote 5_edges.json (3 interactions)
[09:02:28 +9m 32s | thequantuminsider_2023_09_18_colibritd_secures_e1_million_in_seed_funding_for_quantum_as_8aafab27] Actor helix counts: {'Academia': 1, 'Civil Society': 3, 'Industry': 4, 'Intermediary': 2, 'Unknown': 6}
[09:02:28 +9m 32s | thequantuminsider_2023_09_18_colibritd_secures_e1_million_in_seed_funding_for_quantum_as_8aafab27] Functional-space counts: {'Innovation': 3}

[09:02:28 +9m 32s | thequantuminsider_2023_09_18_colibritd_secures_e1_million_in_seed_funding_for_quantum_as_8aafab27] === 6 network visualisation ===
[09:02:28 +9m 32s | thequantuminsider_2023_09_18_colibritd_secures_e1_million_in_seed_funding_for_quantum_as_8aafab27] Wrote quantum_network.html
[09:02:28 +9m 32s | thequantuminsider_2023_09_18_colibritd_secures_e1_million_in_seed_funding_for_quantum_as_8aafab27] Nodes: 16
[09:02:28 +9m 32s | thequantuminsider_2023_09_18_colibritd_secures_e1_million_in_seed_funding_for_quantum_as_8aafab27] Edges: 1

[09:02:28 +9m 32s | thequantuminsider_2023_09_18_colibritd_secures_e1_million_in_seed_funding_for_quantum_as_8aafab27] Done. Outputs written to: /home/lv/IDP/idpdeeptech/pipeline/news_outputs/thequantuminsider_2023_09_18_colibritd_secures_e1_million_in_seed_funding_for_quantum_as_8aafab27
[09:02:28 +9m 32s | thequantuminsider_2023_09_18_colibritd_secures_e1_million_in_seed_funding_for_quantum_as_8aafab27] Log: /home/lv/IDP/idpdeeptech/pipeline/news_outputs/thequantuminsider_2023_09_18_colibritd_secures_e1_million_in_seed_funding_for_quantum_as_8aafab27/run.log

========================================================================
RUN FINISHED 2026-07-05 09:02:28  (OK)
Started:     2026-07-05 08:53:41
Elapsed:     9m 32s
========================================================================
