
========================================================================
RUN STARTED  2026-07-05 05:33:05
site_pipeline.py https://thequantuminsider.com/2023/10/23/quantum-computing-protocol-avoids-targeting-individual-atoms-in-an-array/
========================================================================

[05:33:05 +0s | thequantuminsider_2023_10_23_quantum_computing_protocol_avoids_targeting_individual_atoms_256e2ac1] === 0 crawl site ===
[05:33:07 +1s | thequantuminsider_2023_10_23_quantum_computing_protocol_avoids_targeting_individual_atoms_256e2ac1] [INIT].... → Crawl4AI 0.8.6 
[05:33:08 +3s | thequantuminsider_2023_10_23_quantum_computing_protocol_avoids_targeting_individual_atoms_256e2ac1] [FETCH]... ↓ https://thequantuminsider.com/2023/10/23/quantum...l-avoids-targeting-individual-atoms-in-an-array/  | ✓ | ⏱: 1.72s 
[05:33:08 +3s | thequantuminsider_2023_10_23_quantum_computing_protocol_avoids_targeting_individual_atoms_256e2ac1] [SCRAPE].. ◆ https://thequantuminsider.com/2023/10/23/quantum...l-avoids-targeting-individual-atoms-in-an-array/  | ✓ | ⏱: 0.09s 
[05:33:08 +3s | thequantuminsider_2023_10_23_quantum_computing_protocol_avoids_targeting_individual_atoms_256e2ac1] [COMPLETE] ● https://thequantuminsider.com/2023/10/23/quantum...l-avoids-targeting-individual-atoms-in-an-array/  | ✓ | ⏱: 1.84s 
[05:33:08 +3s | thequantuminsider_2023_10_23_quantum_computing_protocol_avoids_targeting_individual_atoms_256e2ac1] Saved: crawl_output/64ce751e48_thequantuminsider.com_2023_10_23_quantum-computing-protocol-avoids-targeting-individual-atoms-in-an-array.json

[05:33:09 +4s | thequantuminsider_2023_10_23_quantum_computing_protocol_avoids_targeting_individual_atoms_256e2ac1] === 1 actor extraction ===
[05:33:09 +4s | thequantuminsider_2023_10_23_quantum_computing_protocol_avoids_targeting_individual_atoms_256e2ac1] Reading page (1/1): https://thequantuminsider.com/2023/10/23/quantum-computing-protocol-avoids-targeting-individual-atoms-in-an-array
[05:33:09 +4s | thequantuminsider_2023_10_23_quantum_computing_protocol_avoids_targeting_individual_atoms_256e2ac1] Extracting actors: https://thequantuminsider.com/2023/10/23/quantum-computing-protocol-avoids-targeting-individual-atoms-in-an-array (1/1), chunk 1/29
[05:33:14 +9s | thequantuminsider_2023_10_23_quantum_computing_protocol_avoids_targeting_individual_atoms_256e2ac1] Extracting actors: https://thequantuminsider.com/2023/10/23/quantum-computing-protocol-avoids-targeting-individual-atoms-in-an-array (1/1), chunk 2/29
[05:33:37 +34s | thequantuminsider_2023_10_23_quantum_computing_protocol_avoids_targeting_individual_atoms_256e2ac1] Extracting actors: https://thequantuminsider.com/2023/10/23/quantum-computing-protocol-avoids-targeting-individual-atoms-in-an-array (1/1), chunk 3/29
[05:33:46 +43s | thequantuminsider_2023_10_23_quantum_computing_protocol_avoids_targeting_individual_atoms_256e2ac1] Extracting actors: https://thequantuminsider.com/2023/10/23/quantum-computing-protocol-avoids-targeting-individual-atoms-in-an-array (1/1), chunk 4/29
[05:33:53 +49s | thequantuminsider_2023_10_23_quantum_computing_protocol_avoids_targeting_individual_atoms_256e2ac1] Extracting actors: https://thequantuminsider.com/2023/10/23/quantum-computing-protocol-avoids-targeting-individual-atoms-in-an-array (1/1), chunk 5/29
[05:33:59 +55s | thequantuminsider_2023_10_23_quantum_computing_protocol_avoids_targeting_individual_atoms_256e2ac1] Extracting actors: https://thequantuminsider.com/2023/10/23/quantum-computing-protocol-avoids-targeting-individual-atoms-in-an-array (1/1), chunk 6/29
[05:34:01 +1m 0s | thequantuminsider_2023_10_23_quantum_computing_protocol_avoids_targeting_individual_atoms_256e2ac1] Extracting actors: https://thequantuminsider.com/2023/10/23/quantum-computing-protocol-avoids-targeting-individual-atoms-in-an-array (1/1), chunk 7/29
[05:34:07 +1m 5s | thequantuminsider_2023_10_23_quantum_computing_protocol_avoids_targeting_individual_atoms_256e2ac1] Extracting actors: https://thequantuminsider.com/2023/10/23/quantum-computing-protocol-avoids-targeting-individual-atoms-in-an-array (1/1), chunk 8/29
[05:34:13 +1m 12s | thequantuminsider_2023_10_23_quantum_computing_protocol_avoids_targeting_individual_atoms_256e2ac1] Extracting actors: https://thequantuminsider.com/2023/10/23/quantum-computing-protocol-avoids-targeting-individual-atoms-in-an-array (1/1), chunk 9/29
[05:34:21 +1m 20s | thequantuminsider_2023_10_23_quantum_computing_protocol_avoids_targeting_individual_atoms_256e2ac1] Extracting actors: https://thequantuminsider.com/2023/10/23/quantum-computing-protocol-avoids-targeting-individual-atoms-in-an-array (1/1), chunk 10/29
[05:34:26 +1m 25s | thequantuminsider_2023_10_23_quantum_computing_protocol_avoids_targeting_individual_atoms_256e2ac1] Extracting actors: https://thequantuminsider.com/2023/10/23/quantum-computing-protocol-avoids-targeting-individual-atoms-in-an-array (1/1), chunk 11/29
[05:34:29 +1m 30s | thequantuminsider_2023_10_23_quantum_computing_protocol_avoids_targeting_individual_atoms_256e2ac1] Extracting actors: https://thequantuminsider.com/2023/10/23/quantum-computing-protocol-avoids-targeting-individual-atoms-in-an-array (1/1), chunk 12/29
[05:34:35 +1m 36s | thequantuminsider_2023_10_23_quantum_computing_protocol_avoids_targeting_individual_atoms_256e2ac1] Repaired malformed JSON.
[05:34:35 +1m 36s | thequantuminsider_2023_10_23_quantum_computing_protocol_avoids_targeting_individual_atoms_256e2ac1] Extracting actors: https://thequantuminsider.com/2023/10/23/quantum-computing-protocol-avoids-targeting-individual-atoms-in-an-array (1/1), chunk 13/29
[05:34:42 +1m 43s | thequantuminsider_2023_10_23_quantum_computing_protocol_avoids_targeting_individual_atoms_256e2ac1] Repaired malformed JSON.
[05:34:42 +1m 43s | thequantuminsider_2023_10_23_quantum_computing_protocol_avoids_targeting_individual_atoms_256e2ac1] Extracting actors: https://thequantuminsider.com/2023/10/23/quantum-computing-protocol-avoids-targeting-individual-atoms-in-an-array (1/1), chunk 14/29
[05:34:49 +1m 49s | thequantuminsider_2023_10_23_quantum_computing_protocol_avoids_targeting_individual_atoms_256e2ac1] Repaired malformed JSON.
[05:34:49 +1m 49s | thequantuminsider_2023_10_23_quantum_computing_protocol_avoids_targeting_individual_atoms_256e2ac1] Extracting actors: https://thequantuminsider.com/2023/10/23/quantum-computing-protocol-avoids-targeting-individual-atoms-in-an-array (1/1), chunk 15/29
[05:34:58 +1m 59s | thequantuminsider_2023_10_23_quantum_computing_protocol_avoids_targeting_individual_atoms_256e2ac1] Repaired malformed JSON.
[05:34:58 +1m 59s | thequantuminsider_2023_10_23_quantum_computing_protocol_avoids_targeting_individual_atoms_256e2ac1] Extracting actors: https://thequantuminsider.com/2023/10/23/quantum-computing-protocol-avoids-targeting-individual-atoms-in-an-array (1/1), chunk 16/29
[05:35:04 +2m 7s | thequantuminsider_2023_10_23_quantum_computing_protocol_avoids_targeting_individual_atoms_256e2ac1] Repaired malformed JSON.
[05:35:04 +2m 7s | thequantuminsider_2023_10_23_quantum_computing_protocol_avoids_targeting_individual_atoms_256e2ac1] Extracting actors: https://thequantuminsider.com/2023/10/23/quantum-computing-protocol-avoids-targeting-individual-atoms-in-an-array (1/1), chunk 17/29
[05:35:11 +2m 14s | thequantuminsider_2023_10_23_quantum_computing_protocol_avoids_targeting_individual_atoms_256e2ac1] Repaired malformed JSON.
[05:35:11 +2m 14s | thequantuminsider_2023_10_23_quantum_computing_protocol_avoids_targeting_individual_atoms_256e2ac1] Extracting actors: https://thequantuminsider.com/2023/10/23/quantum-computing-protocol-avoids-targeting-individual-atoms-in-an-array (1/1), chunk 18/29
[05:35:19 +2m 21s | thequantuminsider_2023_10_23_quantum_computing_protocol_avoids_targeting_individual_atoms_256e2ac1] Repaired malformed JSON.
[05:35:19 +2m 21s | thequantuminsider_2023_10_23_quantum_computing_protocol_avoids_targeting_individual_atoms_256e2ac1] Extracting actors: https://thequantuminsider.com/2023/10/23/quantum-computing-protocol-avoids-targeting-individual-atoms-in-an-array (1/1), chunk 19/29
[05:35:28 +2m 30s | thequantuminsider_2023_10_23_quantum_computing_protocol_avoids_targeting_individual_atoms_256e2ac1] Repaired malformed JSON.
[05:35:28 +2m 30s | thequantuminsider_2023_10_23_quantum_computing_protocol_avoids_targeting_individual_atoms_256e2ac1] Extracting actors: https://thequantuminsider.com/2023/10/23/quantum-computing-protocol-avoids-targeting-individual-atoms-in-an-array (1/1), chunk 20/29
[05:35:32 +2m 37s | thequantuminsider_2023_10_23_quantum_computing_protocol_avoids_targeting_individual_atoms_256e2ac1] Repaired malformed JSON.
[05:35:32 +2m 37s | thequantuminsider_2023_10_23_quantum_computing_protocol_avoids_targeting_individual_atoms_256e2ac1] Extracting actors: https://thequantuminsider.com/2023/10/23/quantum-computing-protocol-avoids-targeting-individual-atoms-in-an-array (1/1), chunk 21/29
[05:35:59 +3m 4s | thequantuminsider_2023_10_23_quantum_computing_protocol_avoids_targeting_individual_atoms_256e2ac1] Repaired malformed JSON.
[05:35:59 +3m 4s | thequantuminsider_2023_10_23_quantum_computing_protocol_avoids_targeting_individual_atoms_256e2ac1] Extracting actors: https://thequantuminsider.com/2023/10/23/quantum-computing-protocol-avoids-targeting-individual-atoms-in-an-array (1/1), chunk 22/29
[05:36:04 +3m 11s | thequantuminsider_2023_10_23_quantum_computing_protocol_avoids_targeting_individual_atoms_256e2ac1] Repaired malformed JSON.
[05:36:04 +3m 11s | thequantuminsider_2023_10_23_quantum_computing_protocol_avoids_targeting_individual_atoms_256e2ac1] Extracting actors: https://thequantuminsider.com/2023/10/23/quantum-computing-protocol-avoids-targeting-individual-atoms-in-an-array (1/1), chunk 23/29
[05:36:10 +3m 17s | thequantuminsider_2023_10_23_quantum_computing_protocol_avoids_targeting_individual_atoms_256e2ac1] Repaired malformed JSON.
[05:36:10 +3m 17s | thequantuminsider_2023_10_23_quantum_computing_protocol_avoids_targeting_individual_atoms_256e2ac1] Extracting actors: https://thequantuminsider.com/2023/10/23/quantum-computing-protocol-avoids-targeting-individual-atoms-in-an-array (1/1), chunk 24/29
[05:36:21 +3m 28s | thequantuminsider_2023_10_23_quantum_computing_protocol_avoids_targeting_individual_atoms_256e2ac1] Repaired malformed JSON.
[05:36:21 +3m 28s | thequantuminsider_2023_10_23_quantum_computing_protocol_avoids_targeting_individual_atoms_256e2ac1] Extracting actors: https://thequantuminsider.com/2023/10/23/quantum-computing-protocol-avoids-targeting-individual-atoms-in-an-array (1/1), chunk 25/29
[05:36:27 +3m 34s | thequantuminsider_2023_10_23_quantum_computing_protocol_avoids_targeting_individual_atoms_256e2ac1] Repaired malformed JSON.
[05:36:27 +3m 34s | thequantuminsider_2023_10_23_quantum_computing_protocol_avoids_targeting_individual_atoms_256e2ac1] Extracting actors: https://thequantuminsider.com/2023/10/23/quantum-computing-protocol-avoids-targeting-individual-atoms-in-an-array (1/1), chunk 26/29
[05:36:36 +3m 44s | thequantuminsider_2023_10_23_quantum_computing_protocol_avoids_targeting_individual_atoms_256e2ac1] Repaired malformed JSON.
[05:36:36 +3m 44s | thequantuminsider_2023_10_23_quantum_computing_protocol_avoids_targeting_individual_atoms_256e2ac1] Extracting actors: https://thequantuminsider.com/2023/10/23/quantum-computing-protocol-avoids-targeting-individual-atoms-in-an-array (1/1), chunk 27/29
[05:36:41 +3m 50s | thequantuminsider_2023_10_23_quantum_computing_protocol_avoids_targeting_individual_atoms_256e2ac1] Extracting actors: https://thequantuminsider.com/2023/10/23/quantum-computing-protocol-avoids-targeting-individual-atoms-in-an-array (1/1), chunk 28/29
[05:36:47 +3m 56s | thequantuminsider_2023_10_23_quantum_computing_protocol_avoids_targeting_individual_atoms_256e2ac1] Repaired malformed JSON.
[05:36:47 +3m 56s | thequantuminsider_2023_10_23_quantum_computing_protocol_avoids_targeting_individual_atoms_256e2ac1] Extracting actors: https://thequantuminsider.com/2023/10/23/quantum-computing-protocol-avoids-targeting-individual-atoms-in-an-array (1/1), chunk 29/29
[05:36:55 +4m 4s | thequantuminsider_2023_10_23_quantum_computing_protocol_avoids_targeting_individual_atoms_256e2ac1] Repaired malformed JSON.
[05:36:55 +4m 4s | thequantuminsider_2023_10_23_quantum_computing_protocol_avoids_targeting_individual_atoms_256e2ac1] Saved 1_actor_results.json with 45 extracted records

[05:36:55 +4m 4s | thequantuminsider_2023_10_23_quantum_computing_protocol_avoids_targeting_individual_atoms_256e2ac1] === 2 clean actors ===
[05:36:56 +4m 4s | thequantuminsider_2023_10_23_quantum_computing_protocol_avoids_targeting_individual_atoms_256e2ac1] Loaded 45 extracted records
[05:36:56 +4m 4s | thequantuminsider_2023_10_23_quantum_computing_protocol_avoids_targeting_individual_atoms_256e2ac1] Saved 2_actor_nodes.json with 20 canonical actor nodes

[05:36:56 +4m 4s | thequantuminsider_2023_10_23_quantum_computing_protocol_avoids_targeting_individual_atoms_256e2ac1] === 3 interaction extraction ===
[05:36:56 +4m 5s | thequantuminsider_2023_10_23_quantum_computing_protocol_avoids_targeting_individual_atoms_256e2ac1] Extracting interactions: https://thequantuminsider.com/2023/10/23/quantum-computing-protocol-avoids-targeting-individual-atoms-in-an-array (1/1), chunk 12/29
[05:37:03 +4m 14s | thequantuminsider_2023_10_23_quantum_computing_protocol_avoids_targeting_individual_atoms_256e2ac1] Extracting interactions: https://thequantuminsider.com/2023/10/23/quantum-computing-protocol-avoids-targeting-individual-atoms-in-an-array (1/1), chunk 13/29
[05:37:22 +4m 33s | thequantuminsider_2023_10_23_quantum_computing_protocol_avoids_targeting_individual_atoms_256e2ac1] Extracting interactions: https://thequantuminsider.com/2023/10/23/quantum-computing-protocol-avoids-targeting-individual-atoms-in-an-array (1/1), chunk 14/29
[05:37:58 +5m 11s | thequantuminsider_2023_10_23_quantum_computing_protocol_avoids_targeting_individual_atoms_256e2ac1] Extracting interactions: https://thequantuminsider.com/2023/10/23/quantum-computing-protocol-avoids-targeting-individual-atoms-in-an-array (1/1), chunk 15/29
[05:38:07 +5m 22s | thequantuminsider_2023_10_23_quantum_computing_protocol_avoids_targeting_individual_atoms_256e2ac1] Extracting interactions: https://thequantuminsider.com/2023/10/23/quantum-computing-protocol-avoids-targeting-individual-atoms-in-an-array (1/1), chunk 16/29
[05:38:16 +5m 31s | thequantuminsider_2023_10_23_quantum_computing_protocol_avoids_targeting_individual_atoms_256e2ac1] Extracting interactions: https://thequantuminsider.com/2023/10/23/quantum-computing-protocol-avoids-targeting-individual-atoms-in-an-array (1/1), chunk 17/29
[05:38:38 +5m 56s | thequantuminsider_2023_10_23_quantum_computing_protocol_avoids_targeting_individual_atoms_256e2ac1] Extracting interactions: https://thequantuminsider.com/2023/10/23/quantum-computing-protocol-avoids-targeting-individual-atoms-in-an-array (1/1), chunk 18/29
[05:38:52 +6m 9s | thequantuminsider_2023_10_23_quantum_computing_protocol_avoids_targeting_individual_atoms_256e2ac1] Extracting interactions: https://thequantuminsider.com/2023/10/23/quantum-computing-protocol-avoids-targeting-individual-atoms-in-an-array (1/1), chunk 19/29
[05:39:00 +6m 17s | thequantuminsider_2023_10_23_quantum_computing_protocol_avoids_targeting_individual_atoms_256e2ac1] Extracting interactions: https://thequantuminsider.com/2023/10/23/quantum-computing-protocol-avoids-targeting-individual-atoms-in-an-array (1/1), chunk 20/29
[05:39:01 +6m 21s | thequantuminsider_2023_10_23_quantum_computing_protocol_avoids_targeting_individual_atoms_256e2ac1] Extracting interactions: https://thequantuminsider.com/2023/10/23/quantum-computing-protocol-avoids-targeting-individual-atoms-in-an-array (1/1), chunk 21/29
[05:39:03 +6m 22s | thequantuminsider_2023_10_23_quantum_computing_protocol_avoids_targeting_individual_atoms_256e2ac1] Extracting interactions: https://thequantuminsider.com/2023/10/23/quantum-computing-protocol-avoids-targeting-individual-atoms-in-an-array (1/1), chunk 22/29
[05:39:11 +6m 30s | thequantuminsider_2023_10_23_quantum_computing_protocol_avoids_targeting_individual_atoms_256e2ac1] Extracting interactions: https://thequantuminsider.com/2023/10/23/quantum-computing-protocol-avoids-targeting-individual-atoms-in-an-array (1/1), chunk 23/29
[05:39:17 +6m 36s | thequantuminsider_2023_10_23_quantum_computing_protocol_avoids_targeting_individual_atoms_256e2ac1] Extracting interactions: https://thequantuminsider.com/2023/10/23/quantum-computing-protocol-avoids-targeting-individual-atoms-in-an-array (1/1), chunk 24/29
[05:39:21 +6m 40s | thequantuminsider_2023_10_23_quantum_computing_protocol_avoids_targeting_individual_atoms_256e2ac1] Extracting interactions: https://thequantuminsider.com/2023/10/23/quantum-computing-protocol-avoids-targeting-individual-atoms-in-an-array (1/1), chunk 25/29
[05:39:41 +7m 2s | thequantuminsider_2023_10_23_quantum_computing_protocol_avoids_targeting_individual_atoms_256e2ac1] Extracting interactions: https://thequantuminsider.com/2023/10/23/quantum-computing-protocol-avoids-targeting-individual-atoms-in-an-array (1/1), chunk 26/29
[05:39:43 +7m 4s | thequantuminsider_2023_10_23_quantum_computing_protocol_avoids_targeting_individual_atoms_256e2ac1] Extracting interactions: https://thequantuminsider.com/2023/10/23/quantum-computing-protocol-avoids-targeting-individual-atoms-in-an-array (1/1), chunk 27/29
[05:39:44 +7m 5s | thequantuminsider_2023_10_23_quantum_computing_protocol_avoids_targeting_individual_atoms_256e2ac1] Extracting interactions: https://thequantuminsider.com/2023/10/23/quantum-computing-protocol-avoids-targeting-individual-atoms-in-an-array (1/1), chunk 28/29
[05:39:46 +7m 7s | thequantuminsider_2023_10_23_quantum_computing_protocol_avoids_targeting_individual_atoms_256e2ac1] Extracting interactions: https://thequantuminsider.com/2023/10/23/quantum-computing-protocol-avoids-targeting-individual-atoms-in-an-array (1/1), chunk 29/29
[05:40:02 +7m 26s | thequantuminsider_2023_10_23_quantum_computing_protocol_avoids_targeting_individual_atoms_256e2ac1] Saved 3_interaction_results.json with 30 extracted interactions.

[05:40:02 +7m 26s | thequantuminsider_2023_10_23_quantum_computing_protocol_avoids_targeting_individual_atoms_256e2ac1] === 4 clean interactions ===
[05:40:02 +7m 26s | thequantuminsider_2023_10_23_quantum_computing_protocol_avoids_targeting_individual_atoms_256e2ac1] Saved 4_edges.json with 4 cleaned interactions.

[05:40:02 +7m 26s | thequantuminsider_2023_10_23_quantum_computing_protocol_avoids_targeting_individual_atoms_256e2ac1] === 5 helix enrichment ===
[05:40:03 +7m 26s | thequantuminsider_2023_10_23_quantum_computing_protocol_avoids_targeting_individual_atoms_256e2ac1] Wrote 5_nodes.json (20 actors)
[05:40:03 +7m 26s | thequantuminsider_2023_10_23_quantum_computing_protocol_avoids_targeting_individual_atoms_256e2ac1] Wrote 5_edges.json (4 interactions)
[05:40:03 +7m 26s | thequantuminsider_2023_10_23_quantum_computing_protocol_avoids_targeting_individual_atoms_256e2ac1] Actor helix counts: {'Academia': 3, 'Civil Society': 5, 'Industry': 3, 'Intermediary': 1, 'Unknown': 8}
[05:40:03 +7m 26s | thequantuminsider_2023_10_23_quantum_computing_protocol_avoids_targeting_individual_atoms_256e2ac1] Functional-space counts: {'Unknown': 4}

[05:40:03 +7m 26s | thequantuminsider_2023_10_23_quantum_computing_protocol_avoids_targeting_individual_atoms_256e2ac1] === 6 network visualisation ===
[05:40:03 +7m 26s | thequantuminsider_2023_10_23_quantum_computing_protocol_avoids_targeting_individual_atoms_256e2ac1] Wrote quantum_network.html
[05:40:03 +7m 26s | thequantuminsider_2023_10_23_quantum_computing_protocol_avoids_targeting_individual_atoms_256e2ac1] Nodes: 20
[05:40:03 +7m 26s | thequantuminsider_2023_10_23_quantum_computing_protocol_avoids_targeting_individual_atoms_256e2ac1] Edges: 3

[05:40:03 +7m 26s | thequantuminsider_2023_10_23_quantum_computing_protocol_avoids_targeting_individual_atoms_256e2ac1] Done. Outputs written to: /home/lv/IDP/idpdeeptech/pipeline/news_outputs/thequantuminsider_2023_10_23_quantum_computing_protocol_avoids_targeting_individual_atoms_256e2ac1
[05:40:03 +7m 26s | thequantuminsider_2023_10_23_quantum_computing_protocol_avoids_targeting_individual_atoms_256e2ac1] Log: /home/lv/IDP/idpdeeptech/pipeline/news_outputs/thequantuminsider_2023_10_23_quantum_computing_protocol_avoids_targeting_individual_atoms_256e2ac1/run.log

========================================================================
RUN FINISHED 2026-07-05 05:40:03  (OK)
Started:     2026-07-05 05:33:05
Elapsed:     7m 26s
========================================================================
