
========================================================================
RUN STARTED  2026-07-05 08:04:11
site_pipeline.py https://thequantuminsider.com/2024/04/13/norma-iqm-quantum-computers-sign-mou-to-introduce-quantum-computers-in-south-korea/
========================================================================

[08:04:11 +0s | thequantuminsider_2024_04_13_norma_iqm_quantum_computers_sign_mou_to_introduce_quantum_co_3f6c9887] === 0 crawl site ===
[08:04:12 +1s | thequantuminsider_2024_04_13_norma_iqm_quantum_computers_sign_mou_to_introduce_quantum_co_3f6c9887] [INIT].... → Crawl4AI 0.8.6 
[08:04:14 +3s | thequantuminsider_2024_04_13_norma_iqm_quantum_computers_sign_mou_to_introduce_quantum_co_3f6c9887] [FETCH]... ↓ https://thequantuminsider.com/2024/04/13/norma-i...u-to-introduce-quantum-computers-in-south-korea/  | ✓ | ⏱: 1.94s 
[08:04:14 +3s | thequantuminsider_2024_04_13_norma_iqm_quantum_computers_sign_mou_to_introduce_quantum_co_3f6c9887] [SCRAPE].. ◆ https://thequantuminsider.com/2024/04/13/norma-i...u-to-introduce-quantum-computers-in-south-korea/  | ✓ | ⏱: 0.12s 
[08:04:14 +3s | thequantuminsider_2024_04_13_norma_iqm_quantum_computers_sign_mou_to_introduce_quantum_co_3f6c9887] [COMPLETE] ● https://thequantuminsider.com/2024/04/13/norma-i...u-to-introduce-quantum-computers-in-south-korea/  | ✓ | ⏱: 2.08s 
[08:04:14 +3s | thequantuminsider_2024_04_13_norma_iqm_quantum_computers_sign_mou_to_introduce_quantum_co_3f6c9887] Saved: crawl_output/976229a579_thequantuminsider.com_2024_04_13_norma-iqm-quantum-computers-sign-mou-to-introduce-quantum-computers-in-south-korea.json

[08:04:14 +4s | thequantuminsider_2024_04_13_norma_iqm_quantum_computers_sign_mou_to_introduce_quantum_co_3f6c9887] === 1 actor extraction ===
[08:04:14 +4s | thequantuminsider_2024_04_13_norma_iqm_quantum_computers_sign_mou_to_introduce_quantum_co_3f6c9887] Reading page (1/1): https://thequantuminsider.com/2024/04/13/norma-iqm-quantum-computers-sign-mou-to-introduce-quantum-computers-in-south-korea
[08:04:14 +4s | thequantuminsider_2024_04_13_norma_iqm_quantum_computers_sign_mou_to_introduce_quantum_co_3f6c9887] Extracting actors: https://thequantuminsider.com/2024/04/13/norma-iqm-quantum-computers-sign-mou-to-introduce-quantum-computers-in-south-korea (1/1), chunk 1/36
[08:04:21 +10s | thequantuminsider_2024_04_13_norma_iqm_quantum_computers_sign_mou_to_introduce_quantum_co_3f6c9887] Extracting actors: https://thequantuminsider.com/2024/04/13/norma-iqm-quantum-computers-sign-mou-to-introduce-quantum-computers-in-south-korea (1/1), chunk 2/36
[08:04:26 +16s | thequantuminsider_2024_04_13_norma_iqm_quantum_computers_sign_mou_to_introduce_quantum_co_3f6c9887] Extracting actors: https://thequantuminsider.com/2024/04/13/norma-iqm-quantum-computers-sign-mou-to-introduce-quantum-computers-in-south-korea (1/1), chunk 3/36
[08:04:31 +20s | thequantuminsider_2024_04_13_norma_iqm_quantum_computers_sign_mou_to_introduce_quantum_co_3f6c9887] Extracting actors: https://thequantuminsider.com/2024/04/13/norma-iqm-quantum-computers-sign-mou-to-introduce-quantum-computers-in-south-korea (1/1), chunk 4/36
[08:04:35 +25s | thequantuminsider_2024_04_13_norma_iqm_quantum_computers_sign_mou_to_introduce_quantum_co_3f6c9887] Extracting actors: https://thequantuminsider.com/2024/04/13/norma-iqm-quantum-computers-sign-mou-to-introduce-quantum-computers-in-south-korea (1/1), chunk 5/36
[08:04:41 +33s | thequantuminsider_2024_04_13_norma_iqm_quantum_computers_sign_mou_to_introduce_quantum_co_3f6c9887] Repaired malformed JSON.
[08:04:41 +33s | thequantuminsider_2024_04_13_norma_iqm_quantum_computers_sign_mou_to_introduce_quantum_co_3f6c9887] Extracting actors: https://thequantuminsider.com/2024/04/13/norma-iqm-quantum-computers-sign-mou-to-introduce-quantum-computers-in-south-korea (1/1), chunk 6/36
[08:04:48 +40s | thequantuminsider_2024_04_13_norma_iqm_quantum_computers_sign_mou_to_introduce_quantum_co_3f6c9887] Extracting actors: https://thequantuminsider.com/2024/04/13/norma-iqm-quantum-computers-sign-mou-to-introduce-quantum-computers-in-south-korea (1/1), chunk 7/36
[08:04:52 +44s | thequantuminsider_2024_04_13_norma_iqm_quantum_computers_sign_mou_to_introduce_quantum_co_3f6c9887] Extracting actors: https://thequantuminsider.com/2024/04/13/norma-iqm-quantum-computers-sign-mou-to-introduce-quantum-computers-in-south-korea (1/1), chunk 8/36
[08:05:01 +53s | thequantuminsider_2024_04_13_norma_iqm_quantum_computers_sign_mou_to_introduce_quantum_co_3f6c9887] Repaired malformed JSON.
[08:05:01 +53s | thequantuminsider_2024_04_13_norma_iqm_quantum_computers_sign_mou_to_introduce_quantum_co_3f6c9887] Extracting actors: https://thequantuminsider.com/2024/04/13/norma-iqm-quantum-computers-sign-mou-to-introduce-quantum-computers-in-south-korea (1/1), chunk 9/36
[08:05:21 +1m 15s | thequantuminsider_2024_04_13_norma_iqm_quantum_computers_sign_mou_to_introduce_quantum_co_3f6c9887] Extracting actors: https://thequantuminsider.com/2024/04/13/norma-iqm-quantum-computers-sign-mou-to-introduce-quantum-computers-in-south-korea (1/1), chunk 10/36
[08:05:28 +1m 23s | thequantuminsider_2024_04_13_norma_iqm_quantum_computers_sign_mou_to_introduce_quantum_co_3f6c9887] Extracting actors: https://thequantuminsider.com/2024/04/13/norma-iqm-quantum-computers-sign-mou-to-introduce-quantum-computers-in-south-korea (1/1), chunk 11/36
[08:05:34 +1m 28s | thequantuminsider_2024_04_13_norma_iqm_quantum_computers_sign_mou_to_introduce_quantum_co_3f6c9887] Repaired malformed JSON.
[08:05:34 +1m 28s | thequantuminsider_2024_04_13_norma_iqm_quantum_computers_sign_mou_to_introduce_quantum_co_3f6c9887] Extracting actors: https://thequantuminsider.com/2024/04/13/norma-iqm-quantum-computers-sign-mou-to-introduce-quantum-computers-in-south-korea (1/1), chunk 12/36
[08:05:40 +1m 36s | thequantuminsider_2024_04_13_norma_iqm_quantum_computers_sign_mou_to_introduce_quantum_co_3f6c9887] Repaired malformed JSON.
[08:05:40 +1m 36s | thequantuminsider_2024_04_13_norma_iqm_quantum_computers_sign_mou_to_introduce_quantum_co_3f6c9887] Extracting actors: https://thequantuminsider.com/2024/04/13/norma-iqm-quantum-computers-sign-mou-to-introduce-quantum-computers-in-south-korea (1/1), chunk 13/36
[08:05:50 +1m 47s | thequantuminsider_2024_04_13_norma_iqm_quantum_computers_sign_mou_to_introduce_quantum_co_3f6c9887] Repaired malformed JSON.
[08:05:50 +1m 47s | thequantuminsider_2024_04_13_norma_iqm_quantum_computers_sign_mou_to_introduce_quantum_co_3f6c9887] Extracting actors: https://thequantuminsider.com/2024/04/13/norma-iqm-quantum-computers-sign-mou-to-introduce-quantum-computers-in-south-korea (1/1), chunk 14/36
[08:05:59 +1m 56s | thequantuminsider_2024_04_13_norma_iqm_quantum_computers_sign_mou_to_introduce_quantum_co_3f6c9887] Repaired malformed JSON.
[08:05:59 +1m 56s | thequantuminsider_2024_04_13_norma_iqm_quantum_computers_sign_mou_to_introduce_quantum_co_3f6c9887] Extracting actors: https://thequantuminsider.com/2024/04/13/norma-iqm-quantum-computers-sign-mou-to-introduce-quantum-computers-in-south-korea (1/1), chunk 15/36
[08:06:05 +2m 2s | thequantuminsider_2024_04_13_norma_iqm_quantum_computers_sign_mou_to_introduce_quantum_co_3f6c9887] Repaired malformed JSON.
[08:06:05 +2m 2s | thequantuminsider_2024_04_13_norma_iqm_quantum_computers_sign_mou_to_introduce_quantum_co_3f6c9887] Extracting actors: https://thequantuminsider.com/2024/04/13/norma-iqm-quantum-computers-sign-mou-to-introduce-quantum-computers-in-south-korea (1/1), chunk 16/36
[08:06:13 +2m 13s | thequantuminsider_2024_04_13_norma_iqm_quantum_computers_sign_mou_to_introduce_quantum_co_3f6c9887] Repaired malformed JSON.
[08:06:13 +2m 13s | thequantuminsider_2024_04_13_norma_iqm_quantum_computers_sign_mou_to_introduce_quantum_co_3f6c9887] Extracting actors: https://thequantuminsider.com/2024/04/13/norma-iqm-quantum-computers-sign-mou-to-introduce-quantum-computers-in-south-korea (1/1), chunk 17/36
[08:06:46 +2m 47s | thequantuminsider_2024_04_13_norma_iqm_quantum_computers_sign_mou_to_introduce_quantum_co_3f6c9887] Extracting actors: https://thequantuminsider.com/2024/04/13/norma-iqm-quantum-computers-sign-mou-to-introduce-quantum-computers-in-south-korea (1/1), chunk 18/36
[08:06:53 +2m 54s | thequantuminsider_2024_04_13_norma_iqm_quantum_computers_sign_mou_to_introduce_quantum_co_3f6c9887] Repaired malformed JSON.
[08:06:53 +2m 54s | thequantuminsider_2024_04_13_norma_iqm_quantum_computers_sign_mou_to_introduce_quantum_co_3f6c9887] Extracting actors: https://thequantuminsider.com/2024/04/13/norma-iqm-quantum-computers-sign-mou-to-introduce-quantum-computers-in-south-korea (1/1), chunk 19/36
[08:06:59 +3m 1s | thequantuminsider_2024_04_13_norma_iqm_quantum_computers_sign_mou_to_introduce_quantum_co_3f6c9887] Repaired malformed JSON.
[08:06:59 +3m 1s | thequantuminsider_2024_04_13_norma_iqm_quantum_computers_sign_mou_to_introduce_quantum_co_3f6c9887] Extracting actors: https://thequantuminsider.com/2024/04/13/norma-iqm-quantum-computers-sign-mou-to-introduce-quantum-computers-in-south-korea (1/1), chunk 20/36
[08:07:05 +3m 7s | thequantuminsider_2024_04_13_norma_iqm_quantum_computers_sign_mou_to_introduce_quantum_co_3f6c9887] Repaired malformed JSON.
[08:07:05 +3m 7s | thequantuminsider_2024_04_13_norma_iqm_quantum_computers_sign_mou_to_introduce_quantum_co_3f6c9887] Extracting actors: https://thequantuminsider.com/2024/04/13/norma-iqm-quantum-computers-sign-mou-to-introduce-quantum-computers-in-south-korea (1/1), chunk 21/36
[08:07:10 +3m 15s | thequantuminsider_2024_04_13_norma_iqm_quantum_computers_sign_mou_to_introduce_quantum_co_3f6c9887] Repaired malformed JSON.
[08:07:10 +3m 15s | thequantuminsider_2024_04_13_norma_iqm_quantum_computers_sign_mou_to_introduce_quantum_co_3f6c9887] Extracting actors: https://thequantuminsider.com/2024/04/13/norma-iqm-quantum-computers-sign-mou-to-introduce-quantum-computers-in-south-korea (1/1), chunk 22/36
[08:07:22 +3m 26s | thequantuminsider_2024_04_13_norma_iqm_quantum_computers_sign_mou_to_introduce_quantum_co_3f6c9887] Repaired malformed JSON.
[08:07:22 +3m 26s | thequantuminsider_2024_04_13_norma_iqm_quantum_computers_sign_mou_to_introduce_quantum_co_3f6c9887] Extracting actors: https://thequantuminsider.com/2024/04/13/norma-iqm-quantum-computers-sign-mou-to-introduce-quantum-computers-in-south-korea (1/1), chunk 23/36
[08:07:30 +3m 35s | thequantuminsider_2024_04_13_norma_iqm_quantum_computers_sign_mou_to_introduce_quantum_co_3f6c9887] Repaired malformed JSON.
[08:07:30 +3m 35s | thequantuminsider_2024_04_13_norma_iqm_quantum_computers_sign_mou_to_introduce_quantum_co_3f6c9887] Extracting actors: https://thequantuminsider.com/2024/04/13/norma-iqm-quantum-computers-sign-mou-to-introduce-quantum-computers-in-south-korea (1/1), chunk 24/36
[08:07:38 +3m 44s | thequantuminsider_2024_04_13_norma_iqm_quantum_computers_sign_mou_to_introduce_quantum_co_3f6c9887] Extracting actors: https://thequantuminsider.com/2024/04/13/norma-iqm-quantum-computers-sign-mou-to-introduce-quantum-computers-in-south-korea (1/1), chunk 25/36
[08:07:50 +3m 57s | thequantuminsider_2024_04_13_norma_iqm_quantum_computers_sign_mou_to_introduce_quantum_co_3f6c9887] Repaired malformed JSON.
[08:07:50 +3m 57s | thequantuminsider_2024_04_13_norma_iqm_quantum_computers_sign_mou_to_introduce_quantum_co_3f6c9887] Extracting actors: https://thequantuminsider.com/2024/04/13/norma-iqm-quantum-computers-sign-mou-to-introduce-quantum-computers-in-south-korea (1/1), chunk 26/36
[08:07:54 +4m 1s | thequantuminsider_2024_04_13_norma_iqm_quantum_computers_sign_mou_to_introduce_quantum_co_3f6c9887] Extracting actors: https://thequantuminsider.com/2024/04/13/norma-iqm-quantum-computers-sign-mou-to-introduce-quantum-computers-in-south-korea (1/1), chunk 27/36
[08:08:00 +4m 7s | thequantuminsider_2024_04_13_norma_iqm_quantum_computers_sign_mou_to_introduce_quantum_co_3f6c9887] Extracting actors: https://thequantuminsider.com/2024/04/13/norma-iqm-quantum-computers-sign-mou-to-introduce-quantum-computers-in-south-korea (1/1), chunk 28/36
[08:08:05 +4m 11s | thequantuminsider_2024_04_13_norma_iqm_quantum_computers_sign_mou_to_introduce_quantum_co_3f6c9887] Extracting actors: https://thequantuminsider.com/2024/04/13/norma-iqm-quantum-computers-sign-mou-to-introduce-quantum-computers-in-south-korea (1/1), chunk 29/36
[08:08:06 +4m 15s | thequantuminsider_2024_04_13_norma_iqm_quantum_computers_sign_mou_to_introduce_quantum_co_3f6c9887] Extracting actors: https://thequantuminsider.com/2024/04/13/norma-iqm-quantum-computers-sign-mou-to-introduce-quantum-computers-in-south-korea (1/1), chunk 30/36
[08:08:13 +4m 22s | thequantuminsider_2024_04_13_norma_iqm_quantum_computers_sign_mou_to_introduce_quantum_co_3f6c9887] Repaired malformed JSON.
[08:08:13 +4m 22s | thequantuminsider_2024_04_13_norma_iqm_quantum_computers_sign_mou_to_introduce_quantum_co_3f6c9887] Extracting actors: https://thequantuminsider.com/2024/04/13/norma-iqm-quantum-computers-sign-mou-to-introduce-quantum-computers-in-south-korea (1/1), chunk 31/36
[08:08:18 +4m 27s | thequantuminsider_2024_04_13_norma_iqm_quantum_computers_sign_mou_to_introduce_quantum_co_3f6c9887] Extracting actors: https://thequantuminsider.com/2024/04/13/norma-iqm-quantum-computers-sign-mou-to-introduce-quantum-computers-in-south-korea (1/1), chunk 32/36
[08:08:25 +4m 34s | thequantuminsider_2024_04_13_norma_iqm_quantum_computers_sign_mou_to_introduce_quantum_co_3f6c9887] Repaired malformed JSON.
[08:08:25 +4m 34s | thequantuminsider_2024_04_13_norma_iqm_quantum_computers_sign_mou_to_introduce_quantum_co_3f6c9887] Extracting actors: https://thequantuminsider.com/2024/04/13/norma-iqm-quantum-computers-sign-mou-to-introduce-quantum-computers-in-south-korea (1/1), chunk 33/36
[08:08:30 +4m 40s | thequantuminsider_2024_04_13_norma_iqm_quantum_computers_sign_mou_to_introduce_quantum_co_3f6c9887] Extracting actors: https://thequantuminsider.com/2024/04/13/norma-iqm-quantum-computers-sign-mou-to-introduce-quantum-computers-in-south-korea (1/1), chunk 34/36
[08:08:36 +4m 45s | thequantuminsider_2024_04_13_norma_iqm_quantum_computers_sign_mou_to_introduce_quantum_co_3f6c9887] Extracting actors: https://thequantuminsider.com/2024/04/13/norma-iqm-quantum-computers-sign-mou-to-introduce-quantum-computers-in-south-korea (1/1), chunk 35/36
[08:08:39 +4m 51s | thequantuminsider_2024_04_13_norma_iqm_quantum_computers_sign_mou_to_introduce_quantum_co_3f6c9887] Repaired malformed JSON.
[08:08:39 +4m 51s | thequantuminsider_2024_04_13_norma_iqm_quantum_computers_sign_mou_to_introduce_quantum_co_3f6c9887] Extracting actors: https://thequantuminsider.com/2024/04/13/norma-iqm-quantum-computers-sign-mou-to-introduce-quantum-computers-in-south-korea (1/1), chunk 36/36
[08:08:48 +5m 0s | thequantuminsider_2024_04_13_norma_iqm_quantum_computers_sign_mou_to_introduce_quantum_co_3f6c9887] Repaired malformed JSON.
[08:08:48 +5m 0s | thequantuminsider_2024_04_13_norma_iqm_quantum_computers_sign_mou_to_introduce_quantum_co_3f6c9887] Saved 1_actor_results.json with 52 extracted records

[08:08:48 +5m 0s | thequantuminsider_2024_04_13_norma_iqm_quantum_computers_sign_mou_to_introduce_quantum_co_3f6c9887] === 2 clean actors ===
[08:08:48 +5m 0s | thequantuminsider_2024_04_13_norma_iqm_quantum_computers_sign_mou_to_introduce_quantum_co_3f6c9887] Loaded 52 extracted records
[08:08:48 +5m 0s | thequantuminsider_2024_04_13_norma_iqm_quantum_computers_sign_mou_to_introduce_quantum_co_3f6c9887] Saved 2_actor_nodes.json with 17 canonical actor nodes

[08:08:48 +5m 0s | thequantuminsider_2024_04_13_norma_iqm_quantum_computers_sign_mou_to_introduce_quantum_co_3f6c9887] === 3 interaction extraction ===
[08:08:48 +5m 0s | thequantuminsider_2024_04_13_norma_iqm_quantum_computers_sign_mou_to_introduce_quantum_co_3f6c9887] Extracting interactions: https://thequantuminsider.com/2024/04/13/norma-iqm-quantum-computers-sign-mou-to-introduce-quantum-computers-in-south-korea (1/1), chunk 11/36
[08:09:22 +5m 36s | thequantuminsider_2024_04_13_norma_iqm_quantum_computers_sign_mou_to_introduce_quantum_co_3f6c9887] Extracting interactions: https://thequantuminsider.com/2024/04/13/norma-iqm-quantum-computers-sign-mou-to-introduce-quantum-computers-in-south-korea (1/1), chunk 12/36
[08:10:03 +6m 19s | thequantuminsider_2024_04_13_norma_iqm_quantum_computers_sign_mou_to_introduce_quantum_co_3f6c9887] Extracting interactions: https://thequantuminsider.com/2024/04/13/norma-iqm-quantum-computers-sign-mou-to-introduce-quantum-computers-in-south-korea (1/1), chunk 13/36
[08:11:12 +7m 36s | thequantuminsider_2024_04_13_norma_iqm_quantum_computers_sign_mou_to_introduce_quantum_co_3f6c9887] Extracting interactions: https://thequantuminsider.com/2024/04/13/norma-iqm-quantum-computers-sign-mou-to-introduce-quantum-computers-in-south-korea (1/1), chunk 14/36
[08:11:51 +8m 18s | thequantuminsider_2024_04_13_norma_iqm_quantum_computers_sign_mou_to_introduce_quantum_co_3f6c9887] Extracting interactions: https://thequantuminsider.com/2024/04/13/norma-iqm-quantum-computers-sign-mou-to-introduce-quantum-computers-in-south-korea (1/1), chunk 15/36
[08:12:21 +8m 50s | thequantuminsider_2024_04_13_norma_iqm_quantum_computers_sign_mou_to_introduce_quantum_co_3f6c9887] Extracting interactions: https://thequantuminsider.com/2024/04/13/norma-iqm-quantum-computers-sign-mou-to-introduce-quantum-computers-in-south-korea (1/1), chunk 16/36
[08:12:29 +8m 58s | thequantuminsider_2024_04_13_norma_iqm_quantum_computers_sign_mou_to_introduce_quantum_co_3f6c9887] Extracting interactions: https://thequantuminsider.com/2024/04/13/norma-iqm-quantum-computers-sign-mou-to-introduce-quantum-computers-in-south-korea (1/1), chunk 17/36
[08:12:31 +9m 0s | thequantuminsider_2024_04_13_norma_iqm_quantum_computers_sign_mou_to_introduce_quantum_co_3f6c9887] Extracting interactions: https://thequantuminsider.com/2024/04/13/norma-iqm-quantum-computers-sign-mou-to-introduce-quantum-computers-in-south-korea (1/1), chunk 18/36
[08:12:40 +9m 11s | thequantuminsider_2024_04_13_norma_iqm_quantum_computers_sign_mou_to_introduce_quantum_co_3f6c9887] Extracting interactions: https://thequantuminsider.com/2024/04/13/norma-iqm-quantum-computers-sign-mou-to-introduce-quantum-computers-in-south-korea (1/1), chunk 19/36
[08:12:49 +9m 20s | thequantuminsider_2024_04_13_norma_iqm_quantum_computers_sign_mou_to_introduce_quantum_co_3f6c9887] Extracting interactions: https://thequantuminsider.com/2024/04/13/norma-iqm-quantum-computers-sign-mou-to-introduce-quantum-computers-in-south-korea (1/1), chunk 20/36
[08:12:57 +9m 28s | thequantuminsider_2024_04_13_norma_iqm_quantum_computers_sign_mou_to_introduce_quantum_co_3f6c9887] Extracting interactions: https://thequantuminsider.com/2024/04/13/norma-iqm-quantum-computers-sign-mou-to-introduce-quantum-computers-in-south-korea (1/1), chunk 21/36
[08:13:04 +9m 38s | thequantuminsider_2024_04_13_norma_iqm_quantum_computers_sign_mou_to_introduce_quantum_co_3f6c9887] Extracting interactions: https://thequantuminsider.com/2024/04/13/norma-iqm-quantum-computers-sign-mou-to-introduce-quantum-computers-in-south-korea (1/1), chunk 22/36
[08:13:05 +9m 39s | thequantuminsider_2024_04_13_norma_iqm_quantum_computers_sign_mou_to_introduce_quantum_co_3f6c9887] Extracting interactions: https://thequantuminsider.com/2024/04/13/norma-iqm-quantum-computers-sign-mou-to-introduce-quantum-computers-in-south-korea (1/1), chunk 24/36
[08:13:07 +9m 41s | thequantuminsider_2024_04_13_norma_iqm_quantum_computers_sign_mou_to_introduce_quantum_co_3f6c9887] Extracting interactions: https://thequantuminsider.com/2024/04/13/norma-iqm-quantum-computers-sign-mou-to-introduce-quantum-computers-in-south-korea (1/1), chunk 25/36
[08:13:27 +10m 1s | thequantuminsider_2024_04_13_norma_iqm_quantum_computers_sign_mou_to_introduce_quantum_co_3f6c9887] Extracting interactions: https://thequantuminsider.com/2024/04/13/norma-iqm-quantum-computers-sign-mou-to-introduce-quantum-computers-in-south-korea (1/1), chunk 26/36
[08:13:29 +10m 3s | thequantuminsider_2024_04_13_norma_iqm_quantum_computers_sign_mou_to_introduce_quantum_co_3f6c9887] Extracting interactions: https://thequantuminsider.com/2024/04/13/norma-iqm-quantum-computers-sign-mou-to-introduce-quantum-computers-in-south-korea (1/1), chunk 27/36
[08:13:31 +10m 5s | thequantuminsider_2024_04_13_norma_iqm_quantum_computers_sign_mou_to_introduce_quantum_co_3f6c9887] Extracting interactions: https://thequantuminsider.com/2024/04/13/norma-iqm-quantum-computers-sign-mou-to-introduce-quantum-computers-in-south-korea (1/1), chunk 28/36
[08:13:50 +10m 26s | thequantuminsider_2024_04_13_norma_iqm_quantum_computers_sign_mou_to_introduce_quantum_co_3f6c9887] Extracting interactions: https://thequantuminsider.com/2024/04/13/norma-iqm-quantum-computers-sign-mou-to-introduce-quantum-computers-in-south-korea (1/1), chunk 29/36
[08:13:51 +10m 28s | thequantuminsider_2024_04_13_norma_iqm_quantum_computers_sign_mou_to_introduce_quantum_co_3f6c9887] Extracting interactions: https://thequantuminsider.com/2024/04/13/norma-iqm-quantum-computers-sign-mou-to-introduce-quantum-computers-in-south-korea (1/1), chunk 30/36
[08:13:55 +10m 32s | thequantuminsider_2024_04_13_norma_iqm_quantum_computers_sign_mou_to_introduce_quantum_co_3f6c9887] Extracting interactions: https://thequantuminsider.com/2024/04/13/norma-iqm-quantum-computers-sign-mou-to-introduce-quantum-computers-in-south-korea (1/1), chunk 31/36
[08:13:59 +10m 36s | thequantuminsider_2024_04_13_norma_iqm_quantum_computers_sign_mou_to_introduce_quantum_co_3f6c9887] Extracting interactions: https://thequantuminsider.com/2024/04/13/norma-iqm-quantum-computers-sign-mou-to-introduce-quantum-computers-in-south-korea (1/1), chunk 32/36
[08:14:01 +10m 37s | thequantuminsider_2024_04_13_norma_iqm_quantum_computers_sign_mou_to_introduce_quantum_co_3f6c9887] Extracting interactions: https://thequantuminsider.com/2024/04/13/norma-iqm-quantum-computers-sign-mou-to-introduce-quantum-computers-in-south-korea (1/1), chunk 33/36
[08:14:09 +10m 48s | thequantuminsider_2024_04_13_norma_iqm_quantum_computers_sign_mou_to_introduce_quantum_co_3f6c9887] Extracting interactions: https://thequantuminsider.com/2024/04/13/norma-iqm-quantum-computers-sign-mou-to-introduce-quantum-computers-in-south-korea (1/1), chunk 34/36
[08:14:12 +10m 51s | thequantuminsider_2024_04_13_norma_iqm_quantum_computers_sign_mou_to_introduce_quantum_co_3f6c9887] Extracting interactions: https://thequantuminsider.com/2024/04/13/norma-iqm-quantum-computers-sign-mou-to-introduce-quantum-computers-in-south-korea (1/1), chunk 35/36
[08:14:13 +10m 52s | thequantuminsider_2024_04_13_norma_iqm_quantum_computers_sign_mou_to_introduce_quantum_co_3f6c9887] Extracting interactions: https://thequantuminsider.com/2024/04/13/norma-iqm-quantum-computers-sign-mou-to-introduce-quantum-computers-in-south-korea (1/1), chunk 36/36
[08:14:24 +11m 3s | thequantuminsider_2024_04_13_norma_iqm_quantum_computers_sign_mou_to_introduce_quantum_co_3f6c9887] Saved 3_interaction_results.json with 42 extracted interactions.

[08:14:24 +11m 3s | thequantuminsider_2024_04_13_norma_iqm_quantum_computers_sign_mou_to_introduce_quantum_co_3f6c9887] === 4 clean interactions ===
[08:14:24 +11m 3s | thequantuminsider_2024_04_13_norma_iqm_quantum_computers_sign_mou_to_introduce_quantum_co_3f6c9887] Saved 4_edges.json with 7 cleaned interactions.

[08:14:24 +11m 3s | thequantuminsider_2024_04_13_norma_iqm_quantum_computers_sign_mou_to_introduce_quantum_co_3f6c9887] === 5 helix enrichment ===
[08:14:24 +11m 3s | thequantuminsider_2024_04_13_norma_iqm_quantum_computers_sign_mou_to_introduce_quantum_co_3f6c9887] Wrote 5_nodes.json (17 actors)
[08:14:24 +11m 3s | thequantuminsider_2024_04_13_norma_iqm_quantum_computers_sign_mou_to_introduce_quantum_co_3f6c9887] Wrote 5_edges.json (7 interactions)
[08:14:24 +11m 3s | thequantuminsider_2024_04_13_norma_iqm_quantum_computers_sign_mou_to_introduce_quantum_co_3f6c9887] Actor helix counts: {'Academia': 1, 'Civil Society': 3, 'Industry': 4, 'Intermediary': 1, 'Unknown': 8}
[08:14:24 +11m 3s | thequantuminsider_2024_04_13_norma_iqm_quantum_computers_sign_mou_to_introduce_quantum_co_3f6c9887] Functional-space counts: {'Intra-helix / Not classified': 1, 'Unknown': 6}

[08:14:24 +11m 3s | thequantuminsider_2024_04_13_norma_iqm_quantum_computers_sign_mou_to_introduce_quantum_co_3f6c9887] === 6 network visualisation ===
[08:14:24 +11m 3s | thequantuminsider_2024_04_13_norma_iqm_quantum_computers_sign_mou_to_introduce_quantum_co_3f6c9887] Wrote quantum_network.html
[08:14:24 +11m 3s | thequantuminsider_2024_04_13_norma_iqm_quantum_computers_sign_mou_to_introduce_quantum_co_3f6c9887] Nodes: 17
[08:14:24 +11m 3s | thequantuminsider_2024_04_13_norma_iqm_quantum_computers_sign_mou_to_introduce_quantum_co_3f6c9887] Edges: 2

[08:14:24 +11m 3s | thequantuminsider_2024_04_13_norma_iqm_quantum_computers_sign_mou_to_introduce_quantum_co_3f6c9887] Done. Outputs written to: /home/lv/IDP/idpdeeptech/pipeline/news_outputs/thequantuminsider_2024_04_13_norma_iqm_quantum_computers_sign_mou_to_introduce_quantum_co_3f6c9887
[08:14:24 +11m 3s | thequantuminsider_2024_04_13_norma_iqm_quantum_computers_sign_mou_to_introduce_quantum_co_3f6c9887] Log: /home/lv/IDP/idpdeeptech/pipeline/news_outputs/thequantuminsider_2024_04_13_norma_iqm_quantum_computers_sign_mou_to_introduce_quantum_co_3f6c9887/run.log

========================================================================
RUN FINISHED 2026-07-05 08:14:24  (OK)
Started:     2026-07-05 08:04:11
Elapsed:     11m 3s
========================================================================
