
========================================================================
RUN STARTED  2026-07-04 23:37:15
site_pipeline.py https://thequantuminsider.com/2024/04/12/quantum-xchange-joins-migration-to-post-quantum-cryptography-project-consortium/
========================================================================

[23:37:15 +0s | thequantuminsider_2024_04_12_quantum_xchange_joins_migration_to_post_quantum_cryptography_9df0f0a3] === 0 crawl site ===
[23:37:20 +5s | thequantuminsider_2024_04_12_quantum_xchange_joins_migration_to_post_quantum_cryptography_9df0f0a3] [INIT].... → Crawl4AI 0.8.6 
[23:37:25 +10s | thequantuminsider_2024_04_12_quantum_xchange_joins_migration_to_post_quantum_cryptography_9df0f0a3] [FETCH]... ↓ https://thequantuminsider.com/2024/04/12/quantum...to-post-quantum-cryptography-project-consortium/  | ✓ | ⏱: 5.01s 
[23:37:25 +10s | thequantuminsider_2024_04_12_quantum_xchange_joins_migration_to_post_quantum_cryptography_9df0f0a3] [SCRAPE].. ◆ https://thequantuminsider.com/2024/04/12/quantum...to-post-quantum-cryptography-project-consortium/  | ✓ | ⏱: 0.30s 
[23:37:25 +10s | thequantuminsider_2024_04_12_quantum_xchange_joins_migration_to_post_quantum_cryptography_9df0f0a3] [COMPLETE] ● https://thequantuminsider.com/2024/04/12/quantum...to-post-quantum-cryptography-project-consortium/  | ✓ | ⏱: 5.37s 
[23:37:25 +10s | thequantuminsider_2024_04_12_quantum_xchange_joins_migration_to_post_quantum_cryptography_9df0f0a3] Saved: crawl_output/e4e0cbc380_thequantuminsider.com_2024_04_12_quantum-xchange-joins-migration-to-post-quantum-cryptography-project-consortium.json

[23:37:26 +11s | thequantuminsider_2024_04_12_quantum_xchange_joins_migration_to_post_quantum_cryptography_9df0f0a3] === 1 actor extraction ===
[23:37:26 +11s | thequantuminsider_2024_04_12_quantum_xchange_joins_migration_to_post_quantum_cryptography_9df0f0a3] Reading page (1/1): https://thequantuminsider.com/2024/04/12/quantum-xchange-joins-migration-to-post-quantum-cryptography-project-consortium
[23:37:26 +11s | thequantuminsider_2024_04_12_quantum_xchange_joins_migration_to_post_quantum_cryptography_9df0f0a3] Extracting actors: https://thequantuminsider.com/2024/04/12/quantum-xchange-joins-migration-to-post-quantum-cryptography-project-consortium (1/1), chunk 1/37

========================================================================
RUN FINISHED 2026-07-04 23:37:40  (INTERRUPTED)
Started:     2026-07-04 23:37:15
Elapsed:     25s
========================================================================

========================================================================
RUN STARTED  2026-07-05 00:15:02
site_pipeline.py https://thequantuminsider.com/2024/04/12/quantum-xchange-joins-migration-to-post-quantum-cryptography-project-consortium/
========================================================================

[00:15:02 +0s | thequantuminsider_2024_04_12_quantum_xchange_joins_migration_to_post_quantum_cryptography_9df0f0a3] === 0 crawl site ===
[00:15:03 +1s | thequantuminsider_2024_04_12_quantum_xchange_joins_migration_to_post_quantum_cryptography_9df0f0a3] Cleared existing crawl_output/
[00:15:03 +1s | thequantuminsider_2024_04_12_quantum_xchange_joins_migration_to_post_quantum_cryptography_9df0f0a3] [INIT].... → Crawl4AI 0.8.6 
[00:15:05 +3s | thequantuminsider_2024_04_12_quantum_xchange_joins_migration_to_post_quantum_cryptography_9df0f0a3] [FETCH]... ↓ https://thequantuminsider.com/2024/04/12/quantum...to-post-quantum-cryptography-project-consortium/  | ✓ | ⏱: 1.78s 
[00:15:05 +3s | thequantuminsider_2024_04_12_quantum_xchange_joins_migration_to_post_quantum_cryptography_9df0f0a3] [SCRAPE].. ◆ https://thequantuminsider.com/2024/04/12/quantum...to-post-quantum-cryptography-project-consortium/  | ✓ | ⏱: 0.11s 
[00:15:05 +3s | thequantuminsider_2024_04_12_quantum_xchange_joins_migration_to_post_quantum_cryptography_9df0f0a3] [COMPLETE] ● https://thequantuminsider.com/2024/04/12/quantum...to-post-quantum-cryptography-project-consortium/  | ✓ | ⏱: 1.91s 
[00:15:05 +3s | thequantuminsider_2024_04_12_quantum_xchange_joins_migration_to_post_quantum_cryptography_9df0f0a3] Saved: crawl_output/e4e0cbc380_thequantuminsider.com_2024_04_12_quantum-xchange-joins-migration-to-post-quantum-cryptography-project-consortium.json

[00:15:05 +4s | thequantuminsider_2024_04_12_quantum_xchange_joins_migration_to_post_quantum_cryptography_9df0f0a3] === 1 actor extraction ===
[00:15:06 +4s | thequantuminsider_2024_04_12_quantum_xchange_joins_migration_to_post_quantum_cryptography_9df0f0a3] Reading page (1/1): https://thequantuminsider.com/2024/04/12/quantum-xchange-joins-migration-to-post-quantum-cryptography-project-consortium
[00:15:06 +4s | thequantuminsider_2024_04_12_quantum_xchange_joins_migration_to_post_quantum_cryptography_9df0f0a3] Extracting actors: https://thequantuminsider.com/2024/04/12/quantum-xchange-joins-migration-to-post-quantum-cryptography-project-consortium (1/1), chunk 1/37
[00:15:27 +25s | thequantuminsider_2024_04_12_quantum_xchange_joins_migration_to_post_quantum_cryptography_9df0f0a3] Repaired malformed JSON.
[00:15:27 +25s | thequantuminsider_2024_04_12_quantum_xchange_joins_migration_to_post_quantum_cryptography_9df0f0a3] Extracting actors: https://thequantuminsider.com/2024/04/12/quantum-xchange-joins-migration-to-post-quantum-cryptography-project-consortium (1/1), chunk 2/37
[00:15:36 +35s | thequantuminsider_2024_04_12_quantum_xchange_joins_migration_to_post_quantum_cryptography_9df0f0a3] Repaired malformed JSON.
[00:15:36 +35s | thequantuminsider_2024_04_12_quantum_xchange_joins_migration_to_post_quantum_cryptography_9df0f0a3] Extracting actors: https://thequantuminsider.com/2024/04/12/quantum-xchange-joins-migration-to-post-quantum-cryptography-project-consortium (1/1), chunk 3/37
[00:15:45 +44s | thequantuminsider_2024_04_12_quantum_xchange_joins_migration_to_post_quantum_cryptography_9df0f0a3] Repaired malformed JSON.
[00:15:45 +44s | thequantuminsider_2024_04_12_quantum_xchange_joins_migration_to_post_quantum_cryptography_9df0f0a3] Extracting actors: https://thequantuminsider.com/2024/04/12/quantum-xchange-joins-migration-to-post-quantum-cryptography-project-consortium (1/1), chunk 4/37
[00:15:49 +48s | thequantuminsider_2024_04_12_quantum_xchange_joins_migration_to_post_quantum_cryptography_9df0f0a3] Extracting actors: https://thequantuminsider.com/2024/04/12/quantum-xchange-joins-migration-to-post-quantum-cryptography-project-consortium (1/1), chunk 5/37
[00:15:57 +56s | thequantuminsider_2024_04_12_quantum_xchange_joins_migration_to_post_quantum_cryptography_9df0f0a3] Repaired malformed JSON.
[00:15:57 +56s | thequantuminsider_2024_04_12_quantum_xchange_joins_migration_to_post_quantum_cryptography_9df0f0a3] Extracting actors: https://thequantuminsider.com/2024/04/12/quantum-xchange-joins-migration-to-post-quantum-cryptography-project-consortium (1/1), chunk 6/37
[00:16:04 +1m 3s | thequantuminsider_2024_04_12_quantum_xchange_joins_migration_to_post_quantum_cryptography_9df0f0a3] Repaired malformed JSON.
[00:16:04 +1m 3s | thequantuminsider_2024_04_12_quantum_xchange_joins_migration_to_post_quantum_cryptography_9df0f0a3] Extracting actors: https://thequantuminsider.com/2024/04/12/quantum-xchange-joins-migration-to-post-quantum-cryptography-project-consortium (1/1), chunk 7/37
[00:16:08 +1m 8s | thequantuminsider_2024_04_12_quantum_xchange_joins_migration_to_post_quantum_cryptography_9df0f0a3] Extracting actors: https://thequantuminsider.com/2024/04/12/quantum-xchange-joins-migration-to-post-quantum-cryptography-project-consortium (1/1), chunk 8/37
[00:16:14 +1m 14s | thequantuminsider_2024_04_12_quantum_xchange_joins_migration_to_post_quantum_cryptography_9df0f0a3] Repaired malformed JSON.
[00:16:14 +1m 14s | thequantuminsider_2024_04_12_quantum_xchange_joins_migration_to_post_quantum_cryptography_9df0f0a3] Extracting actors: https://thequantuminsider.com/2024/04/12/quantum-xchange-joins-migration-to-post-quantum-cryptography-project-consortium (1/1), chunk 9/37
[00:16:23 +1m 23s | thequantuminsider_2024_04_12_quantum_xchange_joins_migration_to_post_quantum_cryptography_9df0f0a3] Repaired malformed JSON.
[00:16:23 +1m 23s | thequantuminsider_2024_04_12_quantum_xchange_joins_migration_to_post_quantum_cryptography_9df0f0a3] Extracting actors: https://thequantuminsider.com/2024/04/12/quantum-xchange-joins-migration-to-post-quantum-cryptography-project-consortium (1/1), chunk 10/37
[00:16:28 +1m 28s | thequantuminsider_2024_04_12_quantum_xchange_joins_migration_to_post_quantum_cryptography_9df0f0a3] Extracting actors: https://thequantuminsider.com/2024/04/12/quantum-xchange-joins-migration-to-post-quantum-cryptography-project-consortium (1/1), chunk 11/37
[00:16:36 +1m 36s | thequantuminsider_2024_04_12_quantum_xchange_joins_migration_to_post_quantum_cryptography_9df0f0a3] Repaired malformed JSON.
[00:16:36 +1m 36s | thequantuminsider_2024_04_12_quantum_xchange_joins_migration_to_post_quantum_cryptography_9df0f0a3] Extracting actors: https://thequantuminsider.com/2024/04/12/quantum-xchange-joins-migration-to-post-quantum-cryptography-project-consortium (1/1), chunk 12/37
[00:16:46 +1m 46s | thequantuminsider_2024_04_12_quantum_xchange_joins_migration_to_post_quantum_cryptography_9df0f0a3] Repaired malformed JSON.
[00:16:46 +1m 46s | thequantuminsider_2024_04_12_quantum_xchange_joins_migration_to_post_quantum_cryptography_9df0f0a3] Extracting actors: https://thequantuminsider.com/2024/04/12/quantum-xchange-joins-migration-to-post-quantum-cryptography-project-consortium (1/1), chunk 13/37
[00:16:56 +1m 56s | thequantuminsider_2024_04_12_quantum_xchange_joins_migration_to_post_quantum_cryptography_9df0f0a3] Repaired malformed JSON.
[00:16:56 +1m 56s | thequantuminsider_2024_04_12_quantum_xchange_joins_migration_to_post_quantum_cryptography_9df0f0a3] Extracting actors: https://thequantuminsider.com/2024/04/12/quantum-xchange-joins-migration-to-post-quantum-cryptography-project-consortium (1/1), chunk 14/37
[00:17:06 +2m 6s | thequantuminsider_2024_04_12_quantum_xchange_joins_migration_to_post_quantum_cryptography_9df0f0a3] Repaired malformed JSON.
[00:17:06 +2m 6s | thequantuminsider_2024_04_12_quantum_xchange_joins_migration_to_post_quantum_cryptography_9df0f0a3] Extracting actors: https://thequantuminsider.com/2024/04/12/quantum-xchange-joins-migration-to-post-quantum-cryptography-project-consortium (1/1), chunk 15/37
[00:17:15 +2m 15s | thequantuminsider_2024_04_12_quantum_xchange_joins_migration_to_post_quantum_cryptography_9df0f0a3] Repaired malformed JSON.
[00:17:15 +2m 15s | thequantuminsider_2024_04_12_quantum_xchange_joins_migration_to_post_quantum_cryptography_9df0f0a3] Extracting actors: https://thequantuminsider.com/2024/04/12/quantum-xchange-joins-migration-to-post-quantum-cryptography-project-consortium (1/1), chunk 16/37
[00:17:23 +2m 24s | thequantuminsider_2024_04_12_quantum_xchange_joins_migration_to_post_quantum_cryptography_9df0f0a3] Repaired malformed JSON.
[00:17:23 +2m 24s | thequantuminsider_2024_04_12_quantum_xchange_joins_migration_to_post_quantum_cryptography_9df0f0a3] Extracting actors: https://thequantuminsider.com/2024/04/12/quantum-xchange-joins-migration-to-post-quantum-cryptography-project-consortium (1/1), chunk 17/37
[00:17:29 +2m 30s | thequantuminsider_2024_04_12_quantum_xchange_joins_migration_to_post_quantum_cryptography_9df0f0a3] Repaired malformed JSON.
[00:17:29 +2m 30s | thequantuminsider_2024_04_12_quantum_xchange_joins_migration_to_post_quantum_cryptography_9df0f0a3] Extracting actors: https://thequantuminsider.com/2024/04/12/quantum-xchange-joins-migration-to-post-quantum-cryptography-project-consortium (1/1), chunk 18/37
[00:17:36 +2m 37s | thequantuminsider_2024_04_12_quantum_xchange_joins_migration_to_post_quantum_cryptography_9df0f0a3] Repaired malformed JSON.
[00:17:36 +2m 37s | thequantuminsider_2024_04_12_quantum_xchange_joins_migration_to_post_quantum_cryptography_9df0f0a3] Extracting actors: https://thequantuminsider.com/2024/04/12/quantum-xchange-joins-migration-to-post-quantum-cryptography-project-consortium (1/1), chunk 19/37
[00:17:57 +2m 58s | thequantuminsider_2024_04_12_quantum_xchange_joins_migration_to_post_quantum_cryptography_9df0f0a3] Repaired malformed JSON.
[00:17:57 +2m 58s | thequantuminsider_2024_04_12_quantum_xchange_joins_migration_to_post_quantum_cryptography_9df0f0a3] Extracting actors: https://thequantuminsider.com/2024/04/12/quantum-xchange-joins-migration-to-post-quantum-cryptography-project-consortium (1/1), chunk 20/37
[00:18:06 +3m 7s | thequantuminsider_2024_04_12_quantum_xchange_joins_migration_to_post_quantum_cryptography_9df0f0a3] Repaired malformed JSON.
[00:18:06 +3m 7s | thequantuminsider_2024_04_12_quantum_xchange_joins_migration_to_post_quantum_cryptography_9df0f0a3] Extracting actors: https://thequantuminsider.com/2024/04/12/quantum-xchange-joins-migration-to-post-quantum-cryptography-project-consortium (1/1), chunk 21/37
[00:18:14 +3m 16s | thequantuminsider_2024_04_12_quantum_xchange_joins_migration_to_post_quantum_cryptography_9df0f0a3] Repaired malformed JSON.
[00:18:14 +3m 16s | thequantuminsider_2024_04_12_quantum_xchange_joins_migration_to_post_quantum_cryptography_9df0f0a3] Extracting actors: https://thequantuminsider.com/2024/04/12/quantum-xchange-joins-migration-to-post-quantum-cryptography-project-consortium (1/1), chunk 22/37
[00:18:39 +3m 41s | thequantuminsider_2024_04_12_quantum_xchange_joins_migration_to_post_quantum_cryptography_9df0f0a3] Repaired malformed JSON.
[00:18:39 +3m 41s | thequantuminsider_2024_04_12_quantum_xchange_joins_migration_to_post_quantum_cryptography_9df0f0a3] Extracting actors: https://thequantuminsider.com/2024/04/12/quantum-xchange-joins-migration-to-post-quantum-cryptography-project-consortium (1/1), chunk 23/37
[00:18:46 +3m 49s | thequantuminsider_2024_04_12_quantum_xchange_joins_migration_to_post_quantum_cryptography_9df0f0a3] Repaired malformed JSON.
[00:18:46 +3m 49s | thequantuminsider_2024_04_12_quantum_xchange_joins_migration_to_post_quantum_cryptography_9df0f0a3] Extracting actors: https://thequantuminsider.com/2024/04/12/quantum-xchange-joins-migration-to-post-quantum-cryptography-project-consortium (1/1), chunk 24/37
[00:18:53 +3m 56s | thequantuminsider_2024_04_12_quantum_xchange_joins_migration_to_post_quantum_cryptography_9df0f0a3] Repaired malformed JSON.
[00:18:53 +3m 56s | thequantuminsider_2024_04_12_quantum_xchange_joins_migration_to_post_quantum_cryptography_9df0f0a3] Extracting actors: https://thequantuminsider.com/2024/04/12/quantum-xchange-joins-migration-to-post-quantum-cryptography-project-consortium (1/1), chunk 25/37
[00:19:00 +4m 4s | thequantuminsider_2024_04_12_quantum_xchange_joins_migration_to_post_quantum_cryptography_9df0f0a3] Extracting actors: https://thequantuminsider.com/2024/04/12/quantum-xchange-joins-migration-to-post-quantum-cryptography-project-consortium (1/1), chunk 26/37
[00:19:09 +4m 12s | thequantuminsider_2024_04_12_quantum_xchange_joins_migration_to_post_quantum_cryptography_9df0f0a3] Repaired malformed JSON.
[00:19:09 +4m 12s | thequantuminsider_2024_04_12_quantum_xchange_joins_migration_to_post_quantum_cryptography_9df0f0a3] Extracting actors: https://thequantuminsider.com/2024/04/12/quantum-xchange-joins-migration-to-post-quantum-cryptography-project-consortium (1/1), chunk 27/37
[00:19:15 +4m 18s | thequantuminsider_2024_04_12_quantum_xchange_joins_migration_to_post_quantum_cryptography_9df0f0a3] Extracting actors: https://thequantuminsider.com/2024/04/12/quantum-xchange-joins-migration-to-post-quantum-cryptography-project-consortium (1/1), chunk 28/37
[00:19:18 +4m 21s | thequantuminsider_2024_04_12_quantum_xchange_joins_migration_to_post_quantum_cryptography_9df0f0a3] Extracting actors: https://thequantuminsider.com/2024/04/12/quantum-xchange-joins-migration-to-post-quantum-cryptography-project-consortium (1/1), chunk 29/37
[00:19:23 +4m 27s | thequantuminsider_2024_04_12_quantum_xchange_joins_migration_to_post_quantum_cryptography_9df0f0a3] Repaired malformed JSON.
[00:19:23 +4m 27s | thequantuminsider_2024_04_12_quantum_xchange_joins_migration_to_post_quantum_cryptography_9df0f0a3] Extracting actors: https://thequantuminsider.com/2024/04/12/quantum-xchange-joins-migration-to-post-quantum-cryptography-project-consortium (1/1), chunk 30/37
[00:19:31 +4m 35s | thequantuminsider_2024_04_12_quantum_xchange_joins_migration_to_post_quantum_cryptography_9df0f0a3] Repaired malformed JSON.
[00:19:31 +4m 35s | thequantuminsider_2024_04_12_quantum_xchange_joins_migration_to_post_quantum_cryptography_9df0f0a3] Extracting actors: https://thequantuminsider.com/2024/04/12/quantum-xchange-joins-migration-to-post-quantum-cryptography-project-consortium (1/1), chunk 31/37
[00:19:40 +4m 44s | thequantuminsider_2024_04_12_quantum_xchange_joins_migration_to_post_quantum_cryptography_9df0f0a3] Repaired malformed JSON.
[00:19:40 +4m 44s | thequantuminsider_2024_04_12_quantum_xchange_joins_migration_to_post_quantum_cryptography_9df0f0a3] Extracting actors: https://thequantuminsider.com/2024/04/12/quantum-xchange-joins-migration-to-post-quantum-cryptography-project-consortium (1/1), chunk 32/37
[00:19:46 +4m 51s | thequantuminsider_2024_04_12_quantum_xchange_joins_migration_to_post_quantum_cryptography_9df0f0a3] Repaired malformed JSON.
[00:19:46 +4m 51s | thequantuminsider_2024_04_12_quantum_xchange_joins_migration_to_post_quantum_cryptography_9df0f0a3] Extracting actors: https://thequantuminsider.com/2024/04/12/quantum-xchange-joins-migration-to-post-quantum-cryptography-project-consortium (1/1), chunk 33/37
[00:19:55 +4m 59s | thequantuminsider_2024_04_12_quantum_xchange_joins_migration_to_post_quantum_cryptography_9df0f0a3] Repaired malformed JSON.
[00:19:55 +4m 59s | thequantuminsider_2024_04_12_quantum_xchange_joins_migration_to_post_quantum_cryptography_9df0f0a3] Extracting actors: https://thequantuminsider.com/2024/04/12/quantum-xchange-joins-migration-to-post-quantum-cryptography-project-consortium (1/1), chunk 34/37
[00:20:05 +5m 10s | thequantuminsider_2024_04_12_quantum_xchange_joins_migration_to_post_quantum_cryptography_9df0f0a3] Repaired malformed JSON.
[00:20:05 +5m 10s | thequantuminsider_2024_04_12_quantum_xchange_joins_migration_to_post_quantum_cryptography_9df0f0a3] Extracting actors: https://thequantuminsider.com/2024/04/12/quantum-xchange-joins-migration-to-post-quantum-cryptography-project-consortium (1/1), chunk 35/37
[00:20:07 +5m 11s | thequantuminsider_2024_04_12_quantum_xchange_joins_migration_to_post_quantum_cryptography_9df0f0a3] Extracting actors: https://thequantuminsider.com/2024/04/12/quantum-xchange-joins-migration-to-post-quantum-cryptography-project-consortium (1/1), chunk 36/37
[00:20:16 +5m 21s | thequantuminsider_2024_04_12_quantum_xchange_joins_migration_to_post_quantum_cryptography_9df0f0a3] Repaired malformed JSON.
[00:20:16 +5m 21s | thequantuminsider_2024_04_12_quantum_xchange_joins_migration_to_post_quantum_cryptography_9df0f0a3] Extracting actors: https://thequantuminsider.com/2024/04/12/quantum-xchange-joins-migration-to-post-quantum-cryptography-project-consortium (1/1), chunk 37/37
[00:20:25 +5m 30s | thequantuminsider_2024_04_12_quantum_xchange_joins_migration_to_post_quantum_cryptography_9df0f0a3] Repaired malformed JSON.
[00:20:25 +5m 30s | thequantuminsider_2024_04_12_quantum_xchange_joins_migration_to_post_quantum_cryptography_9df0f0a3] Saved 1_actor_results.json with 57 extracted records

[00:20:25 +5m 30s | thequantuminsider_2024_04_12_quantum_xchange_joins_migration_to_post_quantum_cryptography_9df0f0a3] === 2 clean actors ===
[00:20:25 +5m 30s | thequantuminsider_2024_04_12_quantum_xchange_joins_migration_to_post_quantum_cryptography_9df0f0a3] Loaded 57 extracted records
[00:20:25 +5m 30s | thequantuminsider_2024_04_12_quantum_xchange_joins_migration_to_post_quantum_cryptography_9df0f0a3] Saved 2_actor_nodes.json with 16 canonical actor nodes

[00:20:25 +5m 30s | thequantuminsider_2024_04_12_quantum_xchange_joins_migration_to_post_quantum_cryptography_9df0f0a3] === 3 interaction extraction ===
[00:20:25 +5m 30s | thequantuminsider_2024_04_12_quantum_xchange_joins_migration_to_post_quantum_cryptography_9df0f0a3] Extracting interactions: https://thequantuminsider.com/2024/04/12/quantum-xchange-joins-migration-to-post-quantum-cryptography-project-consortium (1/1), chunk 11/37
[00:20:31 +5m 36s | thequantuminsider_2024_04_12_quantum_xchange_joins_migration_to_post_quantum_cryptography_9df0f0a3] Extracting interactions: https://thequantuminsider.com/2024/04/12/quantum-xchange-joins-migration-to-post-quantum-cryptography-project-consortium (1/1), chunk 12/37
[00:20:40 +5m 45s | thequantuminsider_2024_04_12_quantum_xchange_joins_migration_to_post_quantum_cryptography_9df0f0a3] Extracting interactions: https://thequantuminsider.com/2024/04/12/quantum-xchange-joins-migration-to-post-quantum-cryptography-project-consortium (1/1), chunk 13/37
[00:20:48 +5m 54s | thequantuminsider_2024_04_12_quantum_xchange_joins_migration_to_post_quantum_cryptography_9df0f0a3] Extracting interactions: https://thequantuminsider.com/2024/04/12/quantum-xchange-joins-migration-to-post-quantum-cryptography-project-consortium (1/1), chunk 14/37
[00:21:04 +6m 10s | thequantuminsider_2024_04_12_quantum_xchange_joins_migration_to_post_quantum_cryptography_9df0f0a3] Extracting interactions: https://thequantuminsider.com/2024/04/12/quantum-xchange-joins-migration-to-post-quantum-cryptography-project-consortium (1/1), chunk 15/37
[00:21:11 +6m 17s | thequantuminsider_2024_04_12_quantum_xchange_joins_migration_to_post_quantum_cryptography_9df0f0a3] Extracting interactions: https://thequantuminsider.com/2024/04/12/quantum-xchange-joins-migration-to-post-quantum-cryptography-project-consortium (1/1), chunk 16/37
[00:21:15 +6m 20s | thequantuminsider_2024_04_12_quantum_xchange_joins_migration_to_post_quantum_cryptography_9df0f0a3] Extracting interactions: https://thequantuminsider.com/2024/04/12/quantum-xchange-joins-migration-to-post-quantum-cryptography-project-consortium (1/1), chunk 17/37
[00:21:17 +6m 23s | thequantuminsider_2024_04_12_quantum_xchange_joins_migration_to_post_quantum_cryptography_9df0f0a3] Extracting interactions: https://thequantuminsider.com/2024/04/12/quantum-xchange-joins-migration-to-post-quantum-cryptography-project-consortium (1/1), chunk 20/37
[00:21:19 +6m 25s | thequantuminsider_2024_04_12_quantum_xchange_joins_migration_to_post_quantum_cryptography_9df0f0a3] Extracting interactions: https://thequantuminsider.com/2024/04/12/quantum-xchange-joins-migration-to-post-quantum-cryptography-project-consortium (1/1), chunk 21/37
[00:21:27 +6m 33s | thequantuminsider_2024_04_12_quantum_xchange_joins_migration_to_post_quantum_cryptography_9df0f0a3] Extracting interactions: https://thequantuminsider.com/2024/04/12/quantum-xchange-joins-migration-to-post-quantum-cryptography-project-consortium (1/1), chunk 26/37
[00:21:32 +6m 39s | thequantuminsider_2024_04_12_quantum_xchange_joins_migration_to_post_quantum_cryptography_9df0f0a3] Extracting interactions: https://thequantuminsider.com/2024/04/12/quantum-xchange-joins-migration-to-post-quantum-cryptography-project-consortium (1/1), chunk 27/37
[00:21:34 +6m 40s | thequantuminsider_2024_04_12_quantum_xchange_joins_migration_to_post_quantum_cryptography_9df0f0a3] Extracting interactions: https://thequantuminsider.com/2024/04/12/quantum-xchange-joins-migration-to-post-quantum-cryptography-project-consortium (1/1), chunk 28/37
[00:21:35 +6m 42s | thequantuminsider_2024_04_12_quantum_xchange_joins_migration_to_post_quantum_cryptography_9df0f0a3] Extracting interactions: https://thequantuminsider.com/2024/04/12/quantum-xchange-joins-migration-to-post-quantum-cryptography-project-consortium (1/1), chunk 30/37
[00:21:37 +6m 43s | thequantuminsider_2024_04_12_quantum_xchange_joins_migration_to_post_quantum_cryptography_9df0f0a3] Extracting interactions: https://thequantuminsider.com/2024/04/12/quantum-xchange-joins-migration-to-post-quantum-cryptography-project-consortium (1/1), chunk 31/37
[00:22:15 +7m 22s | thequantuminsider_2024_04_12_quantum_xchange_joins_migration_to_post_quantum_cryptography_9df0f0a3] Extracting interactions: https://thequantuminsider.com/2024/04/12/quantum-xchange-joins-migration-to-post-quantum-cryptography-project-consortium (1/1), chunk 32/37
[00:22:16 +7m 23s | thequantuminsider_2024_04_12_quantum_xchange_joins_migration_to_post_quantum_cryptography_9df0f0a3] Extracting interactions: https://thequantuminsider.com/2024/04/12/quantum-xchange-joins-migration-to-post-quantum-cryptography-project-consortium (1/1), chunk 33/37
[00:22:18 +7m 25s | thequantuminsider_2024_04_12_quantum_xchange_joins_migration_to_post_quantum_cryptography_9df0f0a3] Extracting interactions: https://thequantuminsider.com/2024/04/12/quantum-xchange-joins-migration-to-post-quantum-cryptography-project-consortium (1/1), chunk 34/37
[00:22:20 +7m 27s | thequantuminsider_2024_04_12_quantum_xchange_joins_migration_to_post_quantum_cryptography_9df0f0a3] Extracting interactions: https://thequantuminsider.com/2024/04/12/quantum-xchange-joins-migration-to-post-quantum-cryptography-project-consortium (1/1), chunk 35/37
[00:22:29 +7m 37s | thequantuminsider_2024_04_12_quantum_xchange_joins_migration_to_post_quantum_cryptography_9df0f0a3] Extracting interactions: https://thequantuminsider.com/2024/04/12/quantum-xchange-joins-migration-to-post-quantum-cryptography-project-consortium (1/1), chunk 36/37
[00:22:31 +7m 39s | thequantuminsider_2024_04_12_quantum_xchange_joins_migration_to_post_quantum_cryptography_9df0f0a3] Extracting interactions: https://thequantuminsider.com/2024/04/12/quantum-xchange-joins-migration-to-post-quantum-cryptography-project-consortium (1/1), chunk 37/37
[00:22:59 +8m 8s | thequantuminsider_2024_04_12_quantum_xchange_joins_migration_to_post_quantum_cryptography_9df0f0a3] Saved 3_interaction_results.json with 18 extracted interactions.

[00:22:59 +8m 8s | thequantuminsider_2024_04_12_quantum_xchange_joins_migration_to_post_quantum_cryptography_9df0f0a3] === 4 clean interactions ===
[00:22:59 +8m 8s | thequantuminsider_2024_04_12_quantum_xchange_joins_migration_to_post_quantum_cryptography_9df0f0a3] Saved 4_edges.json with 7 cleaned interactions.

[00:22:59 +8m 8s | thequantuminsider_2024_04_12_quantum_xchange_joins_migration_to_post_quantum_cryptography_9df0f0a3] === 5 helix enrichment ===
[00:22:59 +8m 8s | thequantuminsider_2024_04_12_quantum_xchange_joins_migration_to_post_quantum_cryptography_9df0f0a3] Wrote 5_nodes.json (16 actors)
[00:22:59 +8m 8s | thequantuminsider_2024_04_12_quantum_xchange_joins_migration_to_post_quantum_cryptography_9df0f0a3] Wrote 5_edges.json (7 interactions)
[00:22:59 +8m 8s | thequantuminsider_2024_04_12_quantum_xchange_joins_migration_to_post_quantum_cryptography_9df0f0a3] Actor helix counts: {'Academia': 1, 'Civil Society': 4, 'Government': 1, 'Industry': 1, 'Intermediary': 1, 'Unknown': 8}
[00:22:59 +8m 8s | thequantuminsider_2024_04_12_quantum_xchange_joins_migration_to_post_quantum_cryptography_9df0f0a3] Functional-space counts: {'Consensus': 4, 'Unknown': 3}

[00:22:59 +8m 8s | thequantuminsider_2024_04_12_quantum_xchange_joins_migration_to_post_quantum_cryptography_9df0f0a3] === 6 network visualisation ===
[00:23:00 +8m 8s | thequantuminsider_2024_04_12_quantum_xchange_joins_migration_to_post_quantum_cryptography_9df0f0a3] Wrote quantum_network.html
[00:23:00 +8m 8s | thequantuminsider_2024_04_12_quantum_xchange_joins_migration_to_post_quantum_cryptography_9df0f0a3] Nodes: 16
[00:23:00 +8m 8s | thequantuminsider_2024_04_12_quantum_xchange_joins_migration_to_post_quantum_cryptography_9df0f0a3] Edges: 3

[00:23:00 +8m 8s | thequantuminsider_2024_04_12_quantum_xchange_joins_migration_to_post_quantum_cryptography_9df0f0a3] Done. Outputs written to: /home/lv/IDP/idpdeeptech/pipeline/news_outputs/thequantuminsider_2024_04_12_quantum_xchange_joins_migration_to_post_quantum_cryptography_9df0f0a3
[00:23:00 +8m 8s | thequantuminsider_2024_04_12_quantum_xchange_joins_migration_to_post_quantum_cryptography_9df0f0a3] Log: /home/lv/IDP/idpdeeptech/pipeline/news_outputs/thequantuminsider_2024_04_12_quantum_xchange_joins_migration_to_post_quantum_cryptography_9df0f0a3/run.log

========================================================================
RUN FINISHED 2026-07-05 00:23:00  (OK)
Started:     2026-07-05 00:15:02
Elapsed:     8m 8s
========================================================================
