
========================================================================
RUN STARTED  2026-07-05 02:41:44
site_pipeline.py https://thequantuminsider.com/2023/11/20/what-is-quantum-advantage-a-quantum-computing-scientist-explains-an-approaching-milestone/
========================================================================

[02:41:44 +0s | thequantuminsider_2023_11_20_what_is_quantum_advantage_a_quantum_computing_scientist_expl_8414e064] === 0 crawl site ===
[02:41:46 +2s | thequantuminsider_2023_11_20_what_is_quantum_advantage_a_quantum_computing_scientist_expl_8414e064] [INIT].... → Crawl4AI 0.8.6 
[02:41:48 +4s | thequantuminsider_2023_11_20_what_is_quantum_advantage_a_quantum_computing_scientist_expl_8414e064] [FETCH]... ↓ https://thequantuminsider.com/2023/11/20/what-is...ing-scientist-explains-an-approaching-milestone/  | ✓ | ⏱: 2.08s 
[02:41:48 +4s | thequantuminsider_2023_11_20_what_is_quantum_advantage_a_quantum_computing_scientist_expl_8414e064] [SCRAPE].. ◆ https://thequantuminsider.com/2023/11/20/what-is...ing-scientist-explains-an-approaching-milestone/  | ✓ | ⏱: 0.13s 
[02:41:48 +4s | thequantuminsider_2023_11_20_what_is_quantum_advantage_a_quantum_computing_scientist_expl_8414e064] [COMPLETE] ● https://thequantuminsider.com/2023/11/20/what-is...ing-scientist-explains-an-approaching-milestone/  | ✓ | ⏱: 2.23s 
[02:41:48 +4s | thequantuminsider_2023_11_20_what_is_quantum_advantage_a_quantum_computing_scientist_expl_8414e064] Saved: crawl_output/a3612a8a76_thequantuminsider.com_2023_11_20_what-is-quantum-advantage-a-quantum-computing-scientist-explains-an-approaching-milestone.json

[02:41:48 +4s | thequantuminsider_2023_11_20_what_is_quantum_advantage_a_quantum_computing_scientist_expl_8414e064] === 1 actor extraction ===
[02:41:48 +4s | thequantuminsider_2023_11_20_what_is_quantum_advantage_a_quantum_computing_scientist_expl_8414e064] Reading page (1/1): https://thequantuminsider.com/2023/11/20/what-is-quantum-advantage-a-quantum-computing-scientist-explains-an-approaching-milestone
[02:41:48 +4s | thequantuminsider_2023_11_20_what_is_quantum_advantage_a_quantum_computing_scientist_expl_8414e064] Extracting actors: https://thequantuminsider.com/2023/11/20/what-is-quantum-advantage-a-quantum-computing-scientist-explains-an-approaching-milestone (1/1), chunk 1/40
[02:41:52 +10s | thequantuminsider_2023_11_20_what_is_quantum_advantage_a_quantum_computing_scientist_expl_8414e064] Extracting actors: https://thequantuminsider.com/2023/11/20/what-is-quantum-advantage-a-quantum-computing-scientist-explains-an-approaching-milestone (1/1), chunk 2/40
[02:41:58 +16s | thequantuminsider_2023_11_20_what_is_quantum_advantage_a_quantum_computing_scientist_expl_8414e064] Extracting actors: https://thequantuminsider.com/2023/11/20/what-is-quantum-advantage-a-quantum-computing-scientist-explains-an-approaching-milestone (1/1), chunk 3/40
[02:42:21 +40s | thequantuminsider_2023_11_20_what_is_quantum_advantage_a_quantum_computing_scientist_expl_8414e064] Extracting actors: https://thequantuminsider.com/2023/11/20/what-is-quantum-advantage-a-quantum-computing-scientist-explains-an-approaching-milestone (1/1), chunk 4/40
[02:42:28 +47s | thequantuminsider_2023_11_20_what_is_quantum_advantage_a_quantum_computing_scientist_expl_8414e064] Extracting actors: https://thequantuminsider.com/2023/11/20/what-is-quantum-advantage-a-quantum-computing-scientist-explains-an-approaching-milestone (1/1), chunk 5/40
[02:42:36 +55s | thequantuminsider_2023_11_20_what_is_quantum_advantage_a_quantum_computing_scientist_expl_8414e064] Extracting actors: https://thequantuminsider.com/2023/11/20/what-is-quantum-advantage-a-quantum-computing-scientist-explains-an-approaching-milestone (1/1), chunk 6/40
[02:42:42 +1m 0s | thequantuminsider_2023_11_20_what_is_quantum_advantage_a_quantum_computing_scientist_expl_8414e064] Extracting actors: https://thequantuminsider.com/2023/11/20/what-is-quantum-advantage-a-quantum-computing-scientist-explains-an-approaching-milestone (1/1), chunk 7/40
[02:42:46 +1m 4s | thequantuminsider_2023_11_20_what_is_quantum_advantage_a_quantum_computing_scientist_expl_8414e064] Extracting actors: https://thequantuminsider.com/2023/11/20/what-is-quantum-advantage-a-quantum-computing-scientist-explains-an-approaching-milestone (1/1), chunk 8/40
[02:42:51 +1m 10s | thequantuminsider_2023_11_20_what_is_quantum_advantage_a_quantum_computing_scientist_expl_8414e064] Extracting actors: https://thequantuminsider.com/2023/11/20/what-is-quantum-advantage-a-quantum-computing-scientist-explains-an-approaching-milestone (1/1), chunk 9/40
[02:42:58 +1m 18s | thequantuminsider_2023_11_20_what_is_quantum_advantage_a_quantum_computing_scientist_expl_8414e064] Extracting actors: https://thequantuminsider.com/2023/11/20/what-is-quantum-advantage-a-quantum-computing-scientist-explains-an-approaching-milestone (1/1), chunk 10/40
[02:43:04 +1m 24s | thequantuminsider_2023_11_20_what_is_quantum_advantage_a_quantum_computing_scientist_expl_8414e064] Extracting actors: https://thequantuminsider.com/2023/11/20/what-is-quantum-advantage-a-quantum-computing-scientist-explains-an-approaching-milestone (1/1), chunk 11/40
[02:43:09 +1m 28s | thequantuminsider_2023_11_20_what_is_quantum_advantage_a_quantum_computing_scientist_expl_8414e064] Extracting actors: https://thequantuminsider.com/2023/11/20/what-is-quantum-advantage-a-quantum-computing-scientist-explains-an-approaching-milestone (1/1), chunk 12/40
[02:43:15 +1m 35s | thequantuminsider_2023_11_20_what_is_quantum_advantage_a_quantum_computing_scientist_expl_8414e064] Repaired malformed JSON.
[02:43:15 +1m 35s | thequantuminsider_2023_11_20_what_is_quantum_advantage_a_quantum_computing_scientist_expl_8414e064] Extracting actors: https://thequantuminsider.com/2023/11/20/what-is-quantum-advantage-a-quantum-computing-scientist-explains-an-approaching-milestone (1/1), chunk 13/40
[02:43:24 +1m 44s | thequantuminsider_2023_11_20_what_is_quantum_advantage_a_quantum_computing_scientist_expl_8414e064] Repaired malformed JSON.
[02:43:24 +1m 44s | thequantuminsider_2023_11_20_what_is_quantum_advantage_a_quantum_computing_scientist_expl_8414e064] Extracting actors: https://thequantuminsider.com/2023/11/20/what-is-quantum-advantage-a-quantum-computing-scientist-explains-an-approaching-milestone (1/1), chunk 14/40
[02:43:29 +1m 50s | thequantuminsider_2023_11_20_what_is_quantum_advantage_a_quantum_computing_scientist_expl_8414e064] Repaired malformed JSON.
[02:43:29 +1m 50s | thequantuminsider_2023_11_20_what_is_quantum_advantage_a_quantum_computing_scientist_expl_8414e064] Extracting actors: https://thequantuminsider.com/2023/11/20/what-is-quantum-advantage-a-quantum-computing-scientist-explains-an-approaching-milestone (1/1), chunk 15/40
[02:43:36 +1m 58s | thequantuminsider_2023_11_20_what_is_quantum_advantage_a_quantum_computing_scientist_expl_8414e064] Repaired malformed JSON.
[02:43:36 +1m 58s | thequantuminsider_2023_11_20_what_is_quantum_advantage_a_quantum_computing_scientist_expl_8414e064] Extracting actors: https://thequantuminsider.com/2023/11/20/what-is-quantum-advantage-a-quantum-computing-scientist-explains-an-approaching-milestone (1/1), chunk 16/40
[02:44:02 +2m 25s | thequantuminsider_2023_11_20_what_is_quantum_advantage_a_quantum_computing_scientist_expl_8414e064] Repaired malformed JSON.
[02:44:02 +2m 25s | thequantuminsider_2023_11_20_what_is_quantum_advantage_a_quantum_computing_scientist_expl_8414e064] Extracting actors: https://thequantuminsider.com/2023/11/20/what-is-quantum-advantage-a-quantum-computing-scientist-explains-an-approaching-milestone (1/1), chunk 17/40
[02:44:11 +2m 34s | thequantuminsider_2023_11_20_what_is_quantum_advantage_a_quantum_computing_scientist_expl_8414e064] Repaired malformed JSON.
[02:44:11 +2m 34s | thequantuminsider_2023_11_20_what_is_quantum_advantage_a_quantum_computing_scientist_expl_8414e064] Extracting actors: https://thequantuminsider.com/2023/11/20/what-is-quantum-advantage-a-quantum-computing-scientist-explains-an-approaching-milestone (1/1), chunk 18/40
[02:44:20 +2m 43s | thequantuminsider_2023_11_20_what_is_quantum_advantage_a_quantum_computing_scientist_expl_8414e064] Repaired malformed JSON.
[02:44:20 +2m 43s | thequantuminsider_2023_11_20_what_is_quantum_advantage_a_quantum_computing_scientist_expl_8414e064] Extracting actors: https://thequantuminsider.com/2023/11/20/what-is-quantum-advantage-a-quantum-computing-scientist-explains-an-approaching-milestone (1/1), chunk 19/40
[02:44:31 +2m 55s | thequantuminsider_2023_11_20_what_is_quantum_advantage_a_quantum_computing_scientist_expl_8414e064] Repaired malformed JSON.
[02:44:31 +2m 55s | thequantuminsider_2023_11_20_what_is_quantum_advantage_a_quantum_computing_scientist_expl_8414e064] Extracting actors: https://thequantuminsider.com/2023/11/20/what-is-quantum-advantage-a-quantum-computing-scientist-explains-an-approaching-milestone (1/1), chunk 20/40
[02:44:41 +3m 5s | thequantuminsider_2023_11_20_what_is_quantum_advantage_a_quantum_computing_scientist_expl_8414e064] Repaired malformed JSON.
[02:44:41 +3m 5s | thequantuminsider_2023_11_20_what_is_quantum_advantage_a_quantum_computing_scientist_expl_8414e064] Extracting actors: https://thequantuminsider.com/2023/11/20/what-is-quantum-advantage-a-quantum-computing-scientist-explains-an-approaching-milestone (1/1), chunk 21/40
[02:44:49 +3m 13s | thequantuminsider_2023_11_20_what_is_quantum_advantage_a_quantum_computing_scientist_expl_8414e064] Extracting actors: https://thequantuminsider.com/2023/11/20/what-is-quantum-advantage-a-quantum-computing-scientist-explains-an-approaching-milestone (1/1), chunk 22/40
[02:44:56 +3m 20s | thequantuminsider_2023_11_20_what_is_quantum_advantage_a_quantum_computing_scientist_expl_8414e064] Repaired malformed JSON.
[02:44:56 +3m 20s | thequantuminsider_2023_11_20_what_is_quantum_advantage_a_quantum_computing_scientist_expl_8414e064] Extracting actors: https://thequantuminsider.com/2023/11/20/what-is-quantum-advantage-a-quantum-computing-scientist-explains-an-approaching-milestone (1/1), chunk 23/40
[02:45:02 +3m 27s | thequantuminsider_2023_11_20_what_is_quantum_advantage_a_quantum_computing_scientist_expl_8414e064] Repaired malformed JSON.
[02:45:02 +3m 27s | thequantuminsider_2023_11_20_what_is_quantum_advantage_a_quantum_computing_scientist_expl_8414e064] Extracting actors: https://thequantuminsider.com/2023/11/20/what-is-quantum-advantage-a-quantum-computing-scientist-explains-an-approaching-milestone (1/1), chunk 24/40
[02:45:08 +3m 33s | thequantuminsider_2023_11_20_what_is_quantum_advantage_a_quantum_computing_scientist_expl_8414e064] Repaired malformed JSON.
[02:45:08 +3m 33s | thequantuminsider_2023_11_20_what_is_quantum_advantage_a_quantum_computing_scientist_expl_8414e064] Extracting actors: https://thequantuminsider.com/2023/11/20/what-is-quantum-advantage-a-quantum-computing-scientist-explains-an-approaching-milestone (1/1), chunk 25/40
[02:45:14 +3m 39s | thequantuminsider_2023_11_20_what_is_quantum_advantage_a_quantum_computing_scientist_expl_8414e064] Extracting actors: https://thequantuminsider.com/2023/11/20/what-is-quantum-advantage-a-quantum-computing-scientist-explains-an-approaching-milestone (1/1), chunk 26/40
[02:45:23 +3m 48s | thequantuminsider_2023_11_20_what_is_quantum_advantage_a_quantum_computing_scientist_expl_8414e064] Repaired malformed JSON.
[02:45:23 +3m 48s | thequantuminsider_2023_11_20_what_is_quantum_advantage_a_quantum_computing_scientist_expl_8414e064] Extracting actors: https://thequantuminsider.com/2023/11/20/what-is-quantum-advantage-a-quantum-computing-scientist-explains-an-approaching-milestone (1/1), chunk 27/40
[02:45:27 +3m 54s | thequantuminsider_2023_11_20_what_is_quantum_advantage_a_quantum_computing_scientist_expl_8414e064] Repaired malformed JSON.
[02:45:27 +3m 54s | thequantuminsider_2023_11_20_what_is_quantum_advantage_a_quantum_computing_scientist_expl_8414e064] Extracting actors: https://thequantuminsider.com/2023/11/20/what-is-quantum-advantage-a-quantum-computing-scientist-explains-an-approaching-milestone (1/1), chunk 28/40
[02:45:35 +4m 2s | thequantuminsider_2023_11_20_what_is_quantum_advantage_a_quantum_computing_scientist_expl_8414e064] Extracting actors: https://thequantuminsider.com/2023/11/20/what-is-quantum-advantage-a-quantum-computing-scientist-explains-an-approaching-milestone (1/1), chunk 29/40
[02:45:43 +4m 9s | thequantuminsider_2023_11_20_what_is_quantum_advantage_a_quantum_computing_scientist_expl_8414e064] Repaired malformed JSON.
[02:45:43 +4m 9s | thequantuminsider_2023_11_20_what_is_quantum_advantage_a_quantum_computing_scientist_expl_8414e064] Extracting actors: https://thequantuminsider.com/2023/11/20/what-is-quantum-advantage-a-quantum-computing-scientist-explains-an-approaching-milestone (1/1), chunk 30/40
[02:45:47 +4m 13s | thequantuminsider_2023_11_20_what_is_quantum_advantage_a_quantum_computing_scientist_expl_8414e064] Extracting actors: https://thequantuminsider.com/2023/11/20/what-is-quantum-advantage-a-quantum-computing-scientist-explains-an-approaching-milestone (1/1), chunk 31/40
[02:45:53 +4m 19s | thequantuminsider_2023_11_20_what_is_quantum_advantage_a_quantum_computing_scientist_expl_8414e064] Extracting actors: https://thequantuminsider.com/2023/11/20/what-is-quantum-advantage-a-quantum-computing-scientist-explains-an-approaching-milestone (1/1), chunk 32/40
[02:46:18 +4m 46s | thequantuminsider_2023_11_20_what_is_quantum_advantage_a_quantum_computing_scientist_expl_8414e064] Repaired malformed JSON.
[02:46:18 +4m 46s | thequantuminsider_2023_11_20_what_is_quantum_advantage_a_quantum_computing_scientist_expl_8414e064] Extracting actors: https://thequantuminsider.com/2023/11/20/what-is-quantum-advantage-a-quantum-computing-scientist-explains-an-approaching-milestone (1/1), chunk 33/40
[02:46:26 +4m 53s | thequantuminsider_2023_11_20_what_is_quantum_advantage_a_quantum_computing_scientist_expl_8414e064] Repaired malformed JSON.
[02:46:26 +4m 53s | thequantuminsider_2023_11_20_what_is_quantum_advantage_a_quantum_computing_scientist_expl_8414e064] Extracting actors: https://thequantuminsider.com/2023/11/20/what-is-quantum-advantage-a-quantum-computing-scientist-explains-an-approaching-milestone (1/1), chunk 34/40
[02:46:31 +5m 0s | thequantuminsider_2023_11_20_what_is_quantum_advantage_a_quantum_computing_scientist_expl_8414e064] Repaired malformed JSON.
[02:46:31 +5m 0s | thequantuminsider_2023_11_20_what_is_quantum_advantage_a_quantum_computing_scientist_expl_8414e064] Extracting actors: https://thequantuminsider.com/2023/11/20/what-is-quantum-advantage-a-quantum-computing-scientist-explains-an-approaching-milestone (1/1), chunk 35/40
[02:46:39 +5m 8s | thequantuminsider_2023_11_20_what_is_quantum_advantage_a_quantum_computing_scientist_expl_8414e064] Repaired malformed JSON.
[02:46:39 +5m 8s | thequantuminsider_2023_11_20_what_is_quantum_advantage_a_quantum_computing_scientist_expl_8414e064] Extracting actors: https://thequantuminsider.com/2023/11/20/what-is-quantum-advantage-a-quantum-computing-scientist-explains-an-approaching-milestone (1/1), chunk 36/40
[02:46:46 +5m 15s | thequantuminsider_2023_11_20_what_is_quantum_advantage_a_quantum_computing_scientist_expl_8414e064] Repaired malformed JSON.
[02:46:46 +5m 15s | thequantuminsider_2023_11_20_what_is_quantum_advantage_a_quantum_computing_scientist_expl_8414e064] Extracting actors: https://thequantuminsider.com/2023/11/20/what-is-quantum-advantage-a-quantum-computing-scientist-explains-an-approaching-milestone (1/1), chunk 37/40
[02:46:52 +5m 21s | thequantuminsider_2023_11_20_what_is_quantum_advantage_a_quantum_computing_scientist_expl_8414e064] Repaired malformed JSON.
[02:46:52 +5m 21s | thequantuminsider_2023_11_20_what_is_quantum_advantage_a_quantum_computing_scientist_expl_8414e064] Extracting actors: https://thequantuminsider.com/2023/11/20/what-is-quantum-advantage-a-quantum-computing-scientist-explains-an-approaching-milestone (1/1), chunk 38/40
[02:47:17 +5m 48s | thequantuminsider_2023_11_20_what_is_quantum_advantage_a_quantum_computing_scientist_expl_8414e064] Repaired malformed JSON.
[02:47:17 +5m 48s | thequantuminsider_2023_11_20_what_is_quantum_advantage_a_quantum_computing_scientist_expl_8414e064] Extracting actors: https://thequantuminsider.com/2023/11/20/what-is-quantum-advantage-a-quantum-computing-scientist-explains-an-approaching-milestone (1/1), chunk 39/40
[02:47:24 +5m 55s | thequantuminsider_2023_11_20_what_is_quantum_advantage_a_quantum_computing_scientist_expl_8414e064] Repaired malformed JSON.
[02:47:24 +5m 55s | thequantuminsider_2023_11_20_what_is_quantum_advantage_a_quantum_computing_scientist_expl_8414e064] Extracting actors: https://thequantuminsider.com/2023/11/20/what-is-quantum-advantage-a-quantum-computing-scientist-explains-an-approaching-milestone (1/1), chunk 40/40
[02:47:31 +6m 3s | thequantuminsider_2023_11_20_what_is_quantum_advantage_a_quantum_computing_scientist_expl_8414e064] Repaired malformed JSON.
[02:47:31 +6m 3s | thequantuminsider_2023_11_20_what_is_quantum_advantage_a_quantum_computing_scientist_expl_8414e064] Saved 1_actor_results.json with 57 extracted records

[02:47:31 +6m 3s | thequantuminsider_2023_11_20_what_is_quantum_advantage_a_quantum_computing_scientist_expl_8414e064] === 2 clean actors ===
[02:47:31 +6m 3s | thequantuminsider_2023_11_20_what_is_quantum_advantage_a_quantum_computing_scientist_expl_8414e064] Loaded 57 extracted records
[02:47:31 +6m 3s | thequantuminsider_2023_11_20_what_is_quantum_advantage_a_quantum_computing_scientist_expl_8414e064] Saved 2_actor_nodes.json with 27 canonical actor nodes

[02:47:31 +6m 3s | thequantuminsider_2023_11_20_what_is_quantum_advantage_a_quantum_computing_scientist_expl_8414e064] === 3 interaction extraction ===
[02:47:31 +6m 3s | thequantuminsider_2023_11_20_what_is_quantum_advantage_a_quantum_computing_scientist_expl_8414e064] Extracting interactions: https://thequantuminsider.com/2023/11/20/what-is-quantum-advantage-a-quantum-computing-scientist-explains-an-approaching-milestone (1/1), chunk 12/40
[02:47:36 +6m 8s | thequantuminsider_2023_11_20_what_is_quantum_advantage_a_quantum_computing_scientist_expl_8414e064] Extracting interactions: https://thequantuminsider.com/2023/11/20/what-is-quantum-advantage-a-quantum-computing-scientist-explains-an-approaching-milestone (1/1), chunk 13/40
[02:47:44 +6m 16s | thequantuminsider_2023_11_20_what_is_quantum_advantage_a_quantum_computing_scientist_expl_8414e064] Extracting interactions: https://thequantuminsider.com/2023/11/20/what-is-quantum-advantage-a-quantum-computing-scientist-explains-an-approaching-milestone (1/1), chunk 16/40
[02:47:50 +6m 22s | thequantuminsider_2023_11_20_what_is_quantum_advantage_a_quantum_computing_scientist_expl_8414e064] Extracting interactions: https://thequantuminsider.com/2023/11/20/what-is-quantum-advantage-a-quantum-computing-scientist-explains-an-approaching-milestone (1/1), chunk 18/40
[02:47:58 +6m 30s | thequantuminsider_2023_11_20_what_is_quantum_advantage_a_quantum_computing_scientist_expl_8414e064] Extracting interactions: https://thequantuminsider.com/2023/11/20/what-is-quantum-advantage-a-quantum-computing-scientist-explains-an-approaching-milestone (1/1), chunk 19/40
[02:48:27 +7m 0s | thequantuminsider_2023_11_20_what_is_quantum_advantage_a_quantum_computing_scientist_expl_8414e064] Extracting interactions: https://thequantuminsider.com/2023/11/20/what-is-quantum-advantage-a-quantum-computing-scientist-explains-an-approaching-milestone (1/1), chunk 20/40
[02:48:39 +7m 13s | thequantuminsider_2023_11_20_what_is_quantum_advantage_a_quantum_computing_scientist_expl_8414e064] Extracting interactions: https://thequantuminsider.com/2023/11/20/what-is-quantum-advantage-a-quantum-computing-scientist-explains-an-approaching-milestone (1/1), chunk 21/40
[02:48:44 +7m 19s | thequantuminsider_2023_11_20_what_is_quantum_advantage_a_quantum_computing_scientist_expl_8414e064] Extracting interactions: https://thequantuminsider.com/2023/11/20/what-is-quantum-advantage-a-quantum-computing-scientist-explains-an-approaching-milestone (1/1), chunk 22/40
[02:48:46 +7m 20s | thequantuminsider_2023_11_20_what_is_quantum_advantage_a_quantum_computing_scientist_expl_8414e064] Extracting interactions: https://thequantuminsider.com/2023/11/20/what-is-quantum-advantage-a-quantum-computing-scientist-explains-an-approaching-milestone (1/1), chunk 23/40
[02:49:00 +7m 34s | thequantuminsider_2023_11_20_what_is_quantum_advantage_a_quantum_computing_scientist_expl_8414e064] Extracting interactions: https://thequantuminsider.com/2023/11/20/what-is-quantum-advantage-a-quantum-computing-scientist-explains-an-approaching-milestone (1/1), chunk 24/40
[02:49:09 +7m 45s | thequantuminsider_2023_11_20_what_is_quantum_advantage_a_quantum_computing_scientist_expl_8414e064] Extracting interactions: https://thequantuminsider.com/2023/11/20/what-is-quantum-advantage-a-quantum-computing-scientist-explains-an-approaching-milestone (1/1), chunk 25/40
[02:49:33 +8m 9s | thequantuminsider_2023_11_20_what_is_quantum_advantage_a_quantum_computing_scientist_expl_8414e064] Extracting interactions: https://thequantuminsider.com/2023/11/20/what-is-quantum-advantage-a-quantum-computing-scientist-explains-an-approaching-milestone (1/1), chunk 27/40
[02:49:35 +8m 11s | thequantuminsider_2023_11_20_what_is_quantum_advantage_a_quantum_computing_scientist_expl_8414e064] Extracting interactions: https://thequantuminsider.com/2023/11/20/what-is-quantum-advantage-a-quantum-computing-scientist-explains-an-approaching-milestone (1/1), chunk 29/40
[02:49:41 +8m 18s | thequantuminsider_2023_11_20_what_is_quantum_advantage_a_quantum_computing_scientist_expl_8414e064] Extracting interactions: https://thequantuminsider.com/2023/11/20/what-is-quantum-advantage-a-quantum-computing-scientist-explains-an-approaching-milestone (1/1), chunk 30/40
[02:49:45 +8m 22s | thequantuminsider_2023_11_20_what_is_quantum_advantage_a_quantum_computing_scientist_expl_8414e064] Extracting interactions: https://thequantuminsider.com/2023/11/20/what-is-quantum-advantage-a-quantum-computing-scientist-explains-an-approaching-milestone (1/1), chunk 31/40
[02:49:47 +8m 25s | thequantuminsider_2023_11_20_what_is_quantum_advantage_a_quantum_computing_scientist_expl_8414e064] Extracting interactions: https://thequantuminsider.com/2023/11/20/what-is-quantum-advantage-a-quantum-computing-scientist-explains-an-approaching-milestone (1/1), chunk 33/40
[02:49:49 +8m 26s | thequantuminsider_2023_11_20_what_is_quantum_advantage_a_quantum_computing_scientist_expl_8414e064] Extracting interactions: https://thequantuminsider.com/2023/11/20/what-is-quantum-advantage-a-quantum-computing-scientist-explains-an-approaching-milestone (1/1), chunk 34/40
[02:49:50 +8m 27s | thequantuminsider_2023_11_20_what_is_quantum_advantage_a_quantum_computing_scientist_expl_8414e064] Extracting interactions: https://thequantuminsider.com/2023/11/20/what-is-quantum-advantage-a-quantum-computing-scientist-explains-an-approaching-milestone (1/1), chunk 35/40
[02:49:52 +8m 29s | thequantuminsider_2023_11_20_what_is_quantum_advantage_a_quantum_computing_scientist_expl_8414e064] Extracting interactions: https://thequantuminsider.com/2023/11/20/what-is-quantum-advantage-a-quantum-computing-scientist-explains-an-approaching-milestone (1/1), chunk 36/40
[02:49:54 +8m 31s | thequantuminsider_2023_11_20_what_is_quantum_advantage_a_quantum_computing_scientist_expl_8414e064] Extracting interactions: https://thequantuminsider.com/2023/11/20/what-is-quantum-advantage-a-quantum-computing-scientist-explains-an-approaching-milestone (1/1), chunk 37/40
[02:50:13 +8m 52s | thequantuminsider_2023_11_20_what_is_quantum_advantage_a_quantum_computing_scientist_expl_8414e064] Extracting interactions: https://thequantuminsider.com/2023/11/20/what-is-quantum-advantage-a-quantum-computing-scientist-explains-an-approaching-milestone (1/1), chunk 38/40
[02:50:15 +8m 53s | thequantuminsider_2023_11_20_what_is_quantum_advantage_a_quantum_computing_scientist_expl_8414e064] Extracting interactions: https://thequantuminsider.com/2023/11/20/what-is-quantum-advantage-a-quantum-computing-scientist-explains-an-approaching-milestone (1/1), chunk 39/40
[02:50:35 +9m 13s | thequantuminsider_2023_11_20_what_is_quantum_advantage_a_quantum_computing_scientist_expl_8414e064] Extracting interactions: https://thequantuminsider.com/2023/11/20/what-is-quantum-advantage-a-quantum-computing-scientist-explains-an-approaching-milestone (1/1), chunk 40/40
[02:50:51 +9m 31s | thequantuminsider_2023_11_20_what_is_quantum_advantage_a_quantum_computing_scientist_expl_8414e064] Saved 3_interaction_results.json with 19 extracted interactions.

[02:50:52 +9m 32s | thequantuminsider_2023_11_20_what_is_quantum_advantage_a_quantum_computing_scientist_expl_8414e064] === 4 clean interactions ===
[02:50:52 +9m 32s | thequantuminsider_2023_11_20_what_is_quantum_advantage_a_quantum_computing_scientist_expl_8414e064] Saved 4_edges.json with 3 cleaned interactions.

[02:50:52 +9m 32s | thequantuminsider_2023_11_20_what_is_quantum_advantage_a_quantum_computing_scientist_expl_8414e064] === 5 helix enrichment ===
[02:50:52 +9m 32s | thequantuminsider_2023_11_20_what_is_quantum_advantage_a_quantum_computing_scientist_expl_8414e064] Wrote 5_nodes.json (27 actors)
[02:50:52 +9m 32s | thequantuminsider_2023_11_20_what_is_quantum_advantage_a_quantum_computing_scientist_expl_8414e064] Wrote 5_edges.json (3 interactions)
[02:50:52 +9m 32s | thequantuminsider_2023_11_20_what_is_quantum_advantage_a_quantum_computing_scientist_expl_8414e064] Actor helix counts: {'Academia': 3, 'Civil Society': 4, 'Industry': 4, 'Intermediary': 1, 'Unknown': 15}
[02:50:52 +9m 32s | thequantuminsider_2023_11_20_what_is_quantum_advantage_a_quantum_computing_scientist_expl_8414e064] Functional-space counts: {'Intra-helix / Not classified': 2, 'Unknown': 1}

[02:50:52 +9m 32s | thequantuminsider_2023_11_20_what_is_quantum_advantage_a_quantum_computing_scientist_expl_8414e064] === 6 network visualisation ===
[02:50:52 +9m 32s | thequantuminsider_2023_11_20_what_is_quantum_advantage_a_quantum_computing_scientist_expl_8414e064] Wrote quantum_network.html
[02:50:52 +9m 32s | thequantuminsider_2023_11_20_what_is_quantum_advantage_a_quantum_computing_scientist_expl_8414e064] Nodes: 27
[02:50:52 +9m 32s | thequantuminsider_2023_11_20_what_is_quantum_advantage_a_quantum_computing_scientist_expl_8414e064] Edges: 2

[02:50:52 +9m 32s | thequantuminsider_2023_11_20_what_is_quantum_advantage_a_quantum_computing_scientist_expl_8414e064] Done. Outputs written to: /home/lv/IDP/idpdeeptech/pipeline/news_outputs/thequantuminsider_2023_11_20_what_is_quantum_advantage_a_quantum_computing_scientist_expl_8414e064
[02:50:52 +9m 32s | thequantuminsider_2023_11_20_what_is_quantum_advantage_a_quantum_computing_scientist_expl_8414e064] Log: /home/lv/IDP/idpdeeptech/pipeline/news_outputs/thequantuminsider_2023_11_20_what_is_quantum_advantage_a_quantum_computing_scientist_expl_8414e064/run.log

========================================================================
RUN FINISHED 2026-07-05 02:50:52  (OK)
Started:     2026-07-05 02:41:44
Elapsed:     9m 32s
========================================================================
