
========================================================================
RUN STARTED  2026-07-04 23:37:41
site_pipeline.py https://thequantuminsider.com/2023/12/18/afrl-provides-us-with-robust-future-quantum-computing-networking-capabilities/
========================================================================

[23:37:41 +0s | thequantuminsider_2023_12_18_afrl_provides_us_with_robust_future_quantum_computing_networ_ff56db8d] === 0 crawl site ===

========================================================================
RUN FINISHED 2026-07-04 23:37:42  (INTERRUPTED)
Started:     2026-07-04 23:37:41
Elapsed:     1s
========================================================================

========================================================================
RUN STARTED  2026-07-05 00:22:39
site_pipeline.py https://thequantuminsider.com/2023/12/18/afrl-provides-us-with-robust-future-quantum-computing-networking-capabilities/
========================================================================

[00:22:39 +0s | thequantuminsider_2023_12_18_afrl_provides_us_with_robust_future_quantum_computing_networ_ff56db8d] === 0 crawl site ===
[00:22:40 +1s | thequantuminsider_2023_12_18_afrl_provides_us_with_robust_future_quantum_computing_networ_ff56db8d] Cleared existing crawl_output/
[00:22:41 +3s | thequantuminsider_2023_12_18_afrl_provides_us_with_robust_future_quantum_computing_networ_ff56db8d] [INIT].... → Crawl4AI 0.8.6 
[00:22:43 +5s | thequantuminsider_2023_12_18_afrl_provides_us_with_robust_future_quantum_computing_networ_ff56db8d] [FETCH]... ↓ https://thequantuminsider.com/2023/12/18/afrl-pr...uture-quantum-computing-networking-capabilities/  | ✓ | ⏱: 1.92s 
[00:22:43 +5s | thequantuminsider_2023_12_18_afrl_provides_us_with_robust_future_quantum_computing_networ_ff56db8d] [SCRAPE].. ◆ https://thequantuminsider.com/2023/12/18/afrl-pr...uture-quantum-computing-networking-capabilities/  | ✓ | ⏱: 0.15s 
[00:22:43 +5s | thequantuminsider_2023_12_18_afrl_provides_us_with_robust_future_quantum_computing_networ_ff56db8d] [COMPLETE] ● https://thequantuminsider.com/2023/12/18/afrl-pr...uture-quantum-computing-networking-capabilities/  | ✓ | ⏱: 2.10s 
[00:22:43 +5s | thequantuminsider_2023_12_18_afrl_provides_us_with_robust_future_quantum_computing_networ_ff56db8d] Saved: crawl_output/3b3c33eead_thequantuminsider.com_2023_12_18_afrl-provides-us-with-robust-future-quantum-computing-networking-capabilities.json

[00:22:44 +5s | thequantuminsider_2023_12_18_afrl_provides_us_with_robust_future_quantum_computing_networ_ff56db8d] === 1 actor extraction ===
[00:22:44 +5s | thequantuminsider_2023_12_18_afrl_provides_us_with_robust_future_quantum_computing_networ_ff56db8d] Reading page (1/1): https://thequantuminsider.com/2023/12/18/afrl-provides-us-with-robust-future-quantum-computing-networking-capabilities
[00:22:44 +5s | thequantuminsider_2023_12_18_afrl_provides_us_with_robust_future_quantum_computing_networ_ff56db8d] Extracting actors: https://thequantuminsider.com/2023/12/18/afrl-provides-us-with-robust-future-quantum-computing-networking-capabilities (1/1), chunk 1/37
[00:22:54 +17s | thequantuminsider_2023_12_18_afrl_provides_us_with_robust_future_quantum_computing_networ_ff56db8d] Repaired malformed JSON.
[00:22:54 +17s | thequantuminsider_2023_12_18_afrl_provides_us_with_robust_future_quantum_computing_networ_ff56db8d] Extracting actors: https://thequantuminsider.com/2023/12/18/afrl-provides-us-with-robust-future-quantum-computing-networking-capabilities (1/1), chunk 2/37
[00:23:04 +26s | thequantuminsider_2023_12_18_afrl_provides_us_with_robust_future_quantum_computing_networ_ff56db8d] Repaired malformed JSON.
[00:23:04 +26s | thequantuminsider_2023_12_18_afrl_provides_us_with_robust_future_quantum_computing_networ_ff56db8d] Extracting actors: https://thequantuminsider.com/2023/12/18/afrl-provides-us-with-robust-future-quantum-computing-networking-capabilities (1/1), chunk 3/37
[00:23:13 +35s | thequantuminsider_2023_12_18_afrl_provides_us_with_robust_future_quantum_computing_networ_ff56db8d] Repaired malformed JSON.
[00:23:13 +35s | thequantuminsider_2023_12_18_afrl_provides_us_with_robust_future_quantum_computing_networ_ff56db8d] Extracting actors: https://thequantuminsider.com/2023/12/18/afrl-provides-us-with-robust-future-quantum-computing-networking-capabilities (1/1), chunk 4/37
[00:23:37 +1m 0s | thequantuminsider_2023_12_18_afrl_provides_us_with_robust_future_quantum_computing_networ_ff56db8d] Repaired malformed JSON.
[00:23:37 +1m 0s | thequantuminsider_2023_12_18_afrl_provides_us_with_robust_future_quantum_computing_networ_ff56db8d] Extracting actors: https://thequantuminsider.com/2023/12/18/afrl-provides-us-with-robust-future-quantum-computing-networking-capabilities (1/1), chunk 5/37
[00:23:44 +1m 7s | thequantuminsider_2023_12_18_afrl_provides_us_with_robust_future_quantum_computing_networ_ff56db8d] Extracting actors: https://thequantuminsider.com/2023/12/18/afrl-provides-us-with-robust-future-quantum-computing-networking-capabilities (1/1), chunk 6/37
[00:23:54 +1m 16s | thequantuminsider_2023_12_18_afrl_provides_us_with_robust_future_quantum_computing_networ_ff56db8d] Repaired malformed JSON.
[00:23:54 +1m 16s | thequantuminsider_2023_12_18_afrl_provides_us_with_robust_future_quantum_computing_networ_ff56db8d] Extracting actors: https://thequantuminsider.com/2023/12/18/afrl-provides-us-with-robust-future-quantum-computing-networking-capabilities (1/1), chunk 7/37
[00:24:01 +1m 25s | thequantuminsider_2023_12_18_afrl_provides_us_with_robust_future_quantum_computing_networ_ff56db8d] Extracting actors: https://thequantuminsider.com/2023/12/18/afrl-provides-us-with-robust-future-quantum-computing-networking-capabilities (1/1), chunk 8/37
[00:24:07 +1m 31s | thequantuminsider_2023_12_18_afrl_provides_us_with_robust_future_quantum_computing_networ_ff56db8d] Extracting actors: https://thequantuminsider.com/2023/12/18/afrl-provides-us-with-robust-future-quantum-computing-networking-capabilities (1/1), chunk 9/37
[00:24:15 +1m 39s | thequantuminsider_2023_12_18_afrl_provides_us_with_robust_future_quantum_computing_networ_ff56db8d] Extracting actors: https://thequantuminsider.com/2023/12/18/afrl-provides-us-with-robust-future-quantum-computing-networking-capabilities (1/1), chunk 10/37
[00:24:20 +1m 44s | thequantuminsider_2023_12_18_afrl_provides_us_with_robust_future_quantum_computing_networ_ff56db8d] Extracting actors: https://thequantuminsider.com/2023/12/18/afrl-provides-us-with-robust-future-quantum-computing-networking-capabilities (1/1), chunk 11/37
[00:24:29 +1m 53s | thequantuminsider_2023_12_18_afrl_provides_us_with_robust_future_quantum_computing_networ_ff56db8d] Repaired malformed JSON.
[00:24:29 +1m 53s | thequantuminsider_2023_12_18_afrl_provides_us_with_robust_future_quantum_computing_networ_ff56db8d] Extracting actors: https://thequantuminsider.com/2023/12/18/afrl-provides-us-with-robust-future-quantum-computing-networking-capabilities (1/1), chunk 12/37
[00:24:37 +2m 1s | thequantuminsider_2023_12_18_afrl_provides_us_with_robust_future_quantum_computing_networ_ff56db8d] Repaired malformed JSON.
[00:24:37 +2m 1s | thequantuminsider_2023_12_18_afrl_provides_us_with_robust_future_quantum_computing_networ_ff56db8d] Extracting actors: https://thequantuminsider.com/2023/12/18/afrl-provides-us-with-robust-future-quantum-computing-networking-capabilities (1/1), chunk 13/37
[00:24:46 +2m 10s | thequantuminsider_2023_12_18_afrl_provides_us_with_robust_future_quantum_computing_networ_ff56db8d] Repaired malformed JSON.
[00:24:46 +2m 10s | thequantuminsider_2023_12_18_afrl_provides_us_with_robust_future_quantum_computing_networ_ff56db8d] Extracting actors: https://thequantuminsider.com/2023/12/18/afrl-provides-us-with-robust-future-quantum-computing-networking-capabilities (1/1), chunk 14/37
[00:24:56 +2m 20s | thequantuminsider_2023_12_18_afrl_provides_us_with_robust_future_quantum_computing_networ_ff56db8d] Repaired malformed JSON.
[00:24:56 +2m 20s | thequantuminsider_2023_12_18_afrl_provides_us_with_robust_future_quantum_computing_networ_ff56db8d] Extracting actors: https://thequantuminsider.com/2023/12/18/afrl-provides-us-with-robust-future-quantum-computing-networking-capabilities (1/1), chunk 15/37
[00:25:03 +2m 28s | thequantuminsider_2023_12_18_afrl_provides_us_with_robust_future_quantum_computing_networ_ff56db8d] Repaired malformed JSON.
[00:25:03 +2m 28s | thequantuminsider_2023_12_18_afrl_provides_us_with_robust_future_quantum_computing_networ_ff56db8d] Extracting actors: https://thequantuminsider.com/2023/12/18/afrl-provides-us-with-robust-future-quantum-computing-networking-capabilities (1/1), chunk 16/37
[00:25:12 +2m 37s | thequantuminsider_2023_12_18_afrl_provides_us_with_robust_future_quantum_computing_networ_ff56db8d] Repaired malformed JSON.
[00:25:12 +2m 37s | thequantuminsider_2023_12_18_afrl_provides_us_with_robust_future_quantum_computing_networ_ff56db8d] Extracting actors: https://thequantuminsider.com/2023/12/18/afrl-provides-us-with-robust-future-quantum-computing-networking-capabilities (1/1), chunk 17/37
[00:25:20 +2m 45s | thequantuminsider_2023_12_18_afrl_provides_us_with_robust_future_quantum_computing_networ_ff56db8d] Repaired malformed JSON.
[00:25:20 +2m 45s | thequantuminsider_2023_12_18_afrl_provides_us_with_robust_future_quantum_computing_networ_ff56db8d] Extracting actors: https://thequantuminsider.com/2023/12/18/afrl-provides-us-with-robust-future-quantum-computing-networking-capabilities (1/1), chunk 18/37
[00:25:26 +2m 51s | thequantuminsider_2023_12_18_afrl_provides_us_with_robust_future_quantum_computing_networ_ff56db8d] Extracting actors: https://thequantuminsider.com/2023/12/18/afrl-provides-us-with-robust-future-quantum-computing-networking-capabilities (1/1), chunk 19/37
[00:25:35 +3m 1s | thequantuminsider_2023_12_18_afrl_provides_us_with_robust_future_quantum_computing_networ_ff56db8d] Repaired malformed JSON.
[00:25:35 +3m 1s | thequantuminsider_2023_12_18_afrl_provides_us_with_robust_future_quantum_computing_networ_ff56db8d] Extracting actors: https://thequantuminsider.com/2023/12/18/afrl-provides-us-with-robust-future-quantum-computing-networking-capabilities (1/1), chunk 20/37
[00:25:44 +3m 10s | thequantuminsider_2023_12_18_afrl_provides_us_with_robust_future_quantum_computing_networ_ff56db8d] Repaired malformed JSON.
[00:25:44 +3m 10s | thequantuminsider_2023_12_18_afrl_provides_us_with_robust_future_quantum_computing_networ_ff56db8d] Extracting actors: https://thequantuminsider.com/2023/12/18/afrl-provides-us-with-robust-future-quantum-computing-networking-capabilities (1/1), chunk 21/37
[00:25:53 +3m 19s | thequantuminsider_2023_12_18_afrl_provides_us_with_robust_future_quantum_computing_networ_ff56db8d] Repaired malformed JSON.
[00:25:53 +3m 19s | thequantuminsider_2023_12_18_afrl_provides_us_with_robust_future_quantum_computing_networ_ff56db8d] Extracting actors: https://thequantuminsider.com/2023/12/18/afrl-provides-us-with-robust-future-quantum-computing-networking-capabilities (1/1), chunk 22/37
[00:26:18 +3m 45s | thequantuminsider_2023_12_18_afrl_provides_us_with_robust_future_quantum_computing_networ_ff56db8d] Extracting actors: https://thequantuminsider.com/2023/12/18/afrl-provides-us-with-robust-future-quantum-computing-networking-capabilities (1/1), chunk 23/37
[00:26:28 +3m 55s | thequantuminsider_2023_12_18_afrl_provides_us_with_robust_future_quantum_computing_networ_ff56db8d] Repaired malformed JSON.
[00:26:28 +3m 55s | thequantuminsider_2023_12_18_afrl_provides_us_with_robust_future_quantum_computing_networ_ff56db8d] Extracting actors: https://thequantuminsider.com/2023/12/18/afrl-provides-us-with-robust-future-quantum-computing-networking-capabilities (1/1), chunk 24/37
[00:26:37 +4m 4s | thequantuminsider_2023_12_18_afrl_provides_us_with_robust_future_quantum_computing_networ_ff56db8d] Repaired malformed JSON.
[00:26:37 +4m 4s | thequantuminsider_2023_12_18_afrl_provides_us_with_robust_future_quantum_computing_networ_ff56db8d] Extracting actors: https://thequantuminsider.com/2023/12/18/afrl-provides-us-with-robust-future-quantum-computing-networking-capabilities (1/1), chunk 25/37
[00:27:01 +4m 28s | thequantuminsider_2023_12_18_afrl_provides_us_with_robust_future_quantum_computing_networ_ff56db8d] Extracting actors: https://thequantuminsider.com/2023/12/18/afrl-provides-us-with-robust-future-quantum-computing-networking-capabilities (1/1), chunk 26/37
[00:27:07 +4m 35s | thequantuminsider_2023_12_18_afrl_provides_us_with_robust_future_quantum_computing_networ_ff56db8d] Repaired malformed JSON.
[00:27:07 +4m 35s | thequantuminsider_2023_12_18_afrl_provides_us_with_robust_future_quantum_computing_networ_ff56db8d] Extracting actors: https://thequantuminsider.com/2023/12/18/afrl-provides-us-with-robust-future-quantum-computing-networking-capabilities (1/1), chunk 27/37
[00:27:15 +4m 43s | thequantuminsider_2023_12_18_afrl_provides_us_with_robust_future_quantum_computing_networ_ff56db8d] Extracting actors: https://thequantuminsider.com/2023/12/18/afrl-provides-us-with-robust-future-quantum-computing-networking-capabilities (1/1), chunk 28/37
[00:27:17 +4m 45s | thequantuminsider_2023_12_18_afrl_provides_us_with_robust_future_quantum_computing_networ_ff56db8d] Extracting actors: https://thequantuminsider.com/2023/12/18/afrl-provides-us-with-robust-future-quantum-computing-networking-capabilities (1/1), chunk 29/37
[00:27:25 +4m 53s | thequantuminsider_2023_12_18_afrl_provides_us_with_robust_future_quantum_computing_networ_ff56db8d] Repaired malformed JSON.
[00:27:25 +4m 53s | thequantuminsider_2023_12_18_afrl_provides_us_with_robust_future_quantum_computing_networ_ff56db8d] Extracting actors: https://thequantuminsider.com/2023/12/18/afrl-provides-us-with-robust-future-quantum-computing-networking-capabilities (1/1), chunk 30/37
[00:27:33 +5m 1s | thequantuminsider_2023_12_18_afrl_provides_us_with_robust_future_quantum_computing_networ_ff56db8d] Repaired malformed JSON.
[00:27:33 +5m 1s | thequantuminsider_2023_12_18_afrl_provides_us_with_robust_future_quantum_computing_networ_ff56db8d] Extracting actors: https://thequantuminsider.com/2023/12/18/afrl-provides-us-with-robust-future-quantum-computing-networking-capabilities (1/1), chunk 31/37
[00:27:41 +5m 10s | thequantuminsider_2023_12_18_afrl_provides_us_with_robust_future_quantum_computing_networ_ff56db8d] Repaired malformed JSON.
[00:27:41 +5m 10s | thequantuminsider_2023_12_18_afrl_provides_us_with_robust_future_quantum_computing_networ_ff56db8d] Extracting actors: https://thequantuminsider.com/2023/12/18/afrl-provides-us-with-robust-future-quantum-computing-networking-capabilities (1/1), chunk 32/37
[00:27:46 +5m 15s | thequantuminsider_2023_12_18_afrl_provides_us_with_robust_future_quantum_computing_networ_ff56db8d] Extracting actors: https://thequantuminsider.com/2023/12/18/afrl-provides-us-with-robust-future-quantum-computing-networking-capabilities (1/1), chunk 33/37
[00:27:54 +5m 23s | thequantuminsider_2023_12_18_afrl_provides_us_with_robust_future_quantum_computing_networ_ff56db8d] Repaired malformed JSON.
[00:27:54 +5m 23s | thequantuminsider_2023_12_18_afrl_provides_us_with_robust_future_quantum_computing_networ_ff56db8d] Extracting actors: https://thequantuminsider.com/2023/12/18/afrl-provides-us-with-robust-future-quantum-computing-networking-capabilities (1/1), chunk 34/37
[00:28:00 +5m 29s | thequantuminsider_2023_12_18_afrl_provides_us_with_robust_future_quantum_computing_networ_ff56db8d] Extracting actors: https://thequantuminsider.com/2023/12/18/afrl-provides-us-with-robust-future-quantum-computing-networking-capabilities (1/1), chunk 35/37
[00:28:09 +5m 37s | thequantuminsider_2023_12_18_afrl_provides_us_with_robust_future_quantum_computing_networ_ff56db8d] Repaired malformed JSON.
[00:28:09 +5m 37s | thequantuminsider_2023_12_18_afrl_provides_us_with_robust_future_quantum_computing_networ_ff56db8d] Extracting actors: https://thequantuminsider.com/2023/12/18/afrl-provides-us-with-robust-future-quantum-computing-networking-capabilities (1/1), chunk 36/37
[00:28:18 +5m 47s | thequantuminsider_2023_12_18_afrl_provides_us_with_robust_future_quantum_computing_networ_ff56db8d] Repaired malformed JSON.
[00:28:18 +5m 47s | thequantuminsider_2023_12_18_afrl_provides_us_with_robust_future_quantum_computing_networ_ff56db8d] Extracting actors: https://thequantuminsider.com/2023/12/18/afrl-provides-us-with-robust-future-quantum-computing-networking-capabilities (1/1), chunk 37/37
[00:28:26 +5m 55s | thequantuminsider_2023_12_18_afrl_provides_us_with_robust_future_quantum_computing_networ_ff56db8d] Saved 1_actor_results.json with 57 extracted records

[00:28:26 +5m 55s | thequantuminsider_2023_12_18_afrl_provides_us_with_robust_future_quantum_computing_networ_ff56db8d] === 2 clean actors ===
[00:28:26 +5m 55s | thequantuminsider_2023_12_18_afrl_provides_us_with_robust_future_quantum_computing_networ_ff56db8d] Loaded 57 extracted records
[00:28:26 +5m 55s | thequantuminsider_2023_12_18_afrl_provides_us_with_robust_future_quantum_computing_networ_ff56db8d] Saved 2_actor_nodes.json with 17 canonical actor nodes

[00:28:26 +5m 55s | thequantuminsider_2023_12_18_afrl_provides_us_with_robust_future_quantum_computing_networ_ff56db8d] === 3 interaction extraction ===
[00:28:26 +5m 56s | thequantuminsider_2023_12_18_afrl_provides_us_with_robust_future_quantum_computing_networ_ff56db8d] Extracting interactions: https://thequantuminsider.com/2023/12/18/afrl-provides-us-with-robust-future-quantum-computing-networking-capabilities (1/1), chunk 11/37
[00:28:37 +6m 7s | thequantuminsider_2023_12_18_afrl_provides_us_with_robust_future_quantum_computing_networ_ff56db8d] Extracting interactions: https://thequantuminsider.com/2023/12/18/afrl-provides-us-with-robust-future-quantum-computing-networking-capabilities (1/1), chunk 12/37
[00:28:50 +6m 20s | thequantuminsider_2023_12_18_afrl_provides_us_with_robust_future_quantum_computing_networ_ff56db8d] Extracting interactions: https://thequantuminsider.com/2023/12/18/afrl-provides-us-with-robust-future-quantum-computing-networking-capabilities (1/1), chunk 13/37
[00:29:08 +6m 38s | thequantuminsider_2023_12_18_afrl_provides_us_with_robust_future_quantum_computing_networ_ff56db8d] Extracting interactions: https://thequantuminsider.com/2023/12/18/afrl-provides-us-with-robust-future-quantum-computing-networking-capabilities (1/1), chunk 14/37
[00:29:25 +6m 56s | thequantuminsider_2023_12_18_afrl_provides_us_with_robust_future_quantum_computing_networ_ff56db8d] Extracting interactions: https://thequantuminsider.com/2023/12/18/afrl-provides-us-with-robust-future-quantum-computing-networking-capabilities (1/1), chunk 15/37
[00:29:39 +7m 10s | thequantuminsider_2023_12_18_afrl_provides_us_with_robust_future_quantum_computing_networ_ff56db8d] Extracting interactions: https://thequantuminsider.com/2023/12/18/afrl-provides-us-with-robust-future-quantum-computing-networking-capabilities (1/1), chunk 16/37
[00:29:46 +7m 18s | thequantuminsider_2023_12_18_afrl_provides_us_with_robust_future_quantum_computing_networ_ff56db8d] Extracting interactions: https://thequantuminsider.com/2023/12/18/afrl-provides-us-with-robust-future-quantum-computing-networking-capabilities (1/1), chunk 17/37
[00:29:51 +7m 23s | thequantuminsider_2023_12_18_afrl_provides_us_with_robust_future_quantum_computing_networ_ff56db8d] Extracting interactions: https://thequantuminsider.com/2023/12/18/afrl-provides-us-with-robust-future-quantum-computing-networking-capabilities (1/1), chunk 18/37
[00:30:10 +7m 42s | thequantuminsider_2023_12_18_afrl_provides_us_with_robust_future_quantum_computing_networ_ff56db8d] Extracting interactions: https://thequantuminsider.com/2023/12/18/afrl-provides-us-with-robust-future-quantum-computing-networking-capabilities (1/1), chunk 19/37
[00:30:12 +7m 44s | thequantuminsider_2023_12_18_afrl_provides_us_with_robust_future_quantum_computing_networ_ff56db8d] Extracting interactions: https://thequantuminsider.com/2023/12/18/afrl-provides-us-with-robust-future-quantum-computing-networking-capabilities (1/1), chunk 20/37
[00:30:14 +7m 46s | thequantuminsider_2023_12_18_afrl_provides_us_with_robust_future_quantum_computing_networ_ff56db8d] Extracting interactions: https://thequantuminsider.com/2023/12/18/afrl-provides-us-with-robust-future-quantum-computing-networking-capabilities (1/1), chunk 21/37
[00:31:00 +8m 33s | thequantuminsider_2023_12_18_afrl_provides_us_with_robust_future_quantum_computing_networ_ff56db8d] Extracting interactions: https://thequantuminsider.com/2023/12/18/afrl-provides-us-with-robust-future-quantum-computing-networking-capabilities (1/1), chunk 22/37
[00:31:07 +8m 40s | thequantuminsider_2023_12_18_afrl_provides_us_with_robust_future_quantum_computing_networ_ff56db8d] Extracting interactions: https://thequantuminsider.com/2023/12/18/afrl-provides-us-with-robust-future-quantum-computing-networking-capabilities (1/1), chunk 26/37
[00:31:13 +8m 46s | thequantuminsider_2023_12_18_afrl_provides_us_with_robust_future_quantum_computing_networ_ff56db8d] Extracting interactions: https://thequantuminsider.com/2023/12/18/afrl-provides-us-with-robust-future-quantum-computing-networking-capabilities (1/1), chunk 27/37
[00:31:15 +8m 48s | thequantuminsider_2023_12_18_afrl_provides_us_with_robust_future_quantum_computing_networ_ff56db8d] Extracting interactions: https://thequantuminsider.com/2023/12/18/afrl-provides-us-with-robust-future-quantum-computing-networking-capabilities (1/1), chunk 28/37
[00:31:17 +8m 50s | thequantuminsider_2023_12_18_afrl_provides_us_with_robust_future_quantum_computing_networ_ff56db8d] Extracting interactions: https://thequantuminsider.com/2023/12/18/afrl-provides-us-with-robust-future-quantum-computing-networking-capabilities (1/1), chunk 30/37
[00:31:18 +8m 52s | thequantuminsider_2023_12_18_afrl_provides_us_with_robust_future_quantum_computing_networ_ff56db8d] Extracting interactions: https://thequantuminsider.com/2023/12/18/afrl-provides-us-with-robust-future-quantum-computing-networking-capabilities (1/1), chunk 31/37
[00:31:20 +8m 53s | thequantuminsider_2023_12_18_afrl_provides_us_with_robust_future_quantum_computing_networ_ff56db8d] Extracting interactions: https://thequantuminsider.com/2023/12/18/afrl-provides-us-with-robust-future-quantum-computing-networking-capabilities (1/1), chunk 32/37
[00:31:22 +8m 56s | thequantuminsider_2023_12_18_afrl_provides_us_with_robust_future_quantum_computing_networ_ff56db8d] Extracting interactions: https://thequantuminsider.com/2023/12/18/afrl-provides-us-with-robust-future-quantum-computing-networking-capabilities (1/1), chunk 33/37
[00:31:24 +8m 58s | thequantuminsider_2023_12_18_afrl_provides_us_with_robust_future_quantum_computing_networ_ff56db8d] Extracting interactions: https://thequantuminsider.com/2023/12/18/afrl-provides-us-with-robust-future-quantum-computing-networking-capabilities (1/1), chunk 35/37
[00:31:27 +9m 1s | thequantuminsider_2023_12_18_afrl_provides_us_with_robust_future_quantum_computing_networ_ff56db8d] Extracting interactions: https://thequantuminsider.com/2023/12/18/afrl-provides-us-with-robust-future-quantum-computing-networking-capabilities (1/1), chunk 36/37
[00:31:29 +9m 2s | thequantuminsider_2023_12_18_afrl_provides_us_with_robust_future_quantum_computing_networ_ff56db8d] Saved 3_interaction_results.json with 21 extracted interactions.

[00:31:29 +9m 3s | thequantuminsider_2023_12_18_afrl_provides_us_with_robust_future_quantum_computing_networ_ff56db8d] === 4 clean interactions ===
[00:31:29 +9m 3s | thequantuminsider_2023_12_18_afrl_provides_us_with_robust_future_quantum_computing_networ_ff56db8d] Saved 4_edges.json with 2 cleaned interactions.

[00:31:29 +9m 3s | thequantuminsider_2023_12_18_afrl_provides_us_with_robust_future_quantum_computing_networ_ff56db8d] === 5 helix enrichment ===
[00:31:29 +9m 3s | thequantuminsider_2023_12_18_afrl_provides_us_with_robust_future_quantum_computing_networ_ff56db8d] Wrote 5_nodes.json (17 actors)
[00:31:29 +9m 3s | thequantuminsider_2023_12_18_afrl_provides_us_with_robust_future_quantum_computing_networ_ff56db8d] Wrote 5_edges.json (2 interactions)
[00:31:29 +9m 3s | thequantuminsider_2023_12_18_afrl_provides_us_with_robust_future_quantum_computing_networ_ff56db8d] Actor helix counts: {'Academia': 1, 'Civil Society': 3, 'Government': 2, 'Industry': 4, 'Unknown': 7}
[00:31:29 +9m 3s | thequantuminsider_2023_12_18_afrl_provides_us_with_robust_future_quantum_computing_networ_ff56db8d] Functional-space counts: {'Consensus': 2}

[00:31:29 +9m 3s | thequantuminsider_2023_12_18_afrl_provides_us_with_robust_future_quantum_computing_networ_ff56db8d] === 6 network visualisation ===
[00:31:30 +9m 3s | thequantuminsider_2023_12_18_afrl_provides_us_with_robust_future_quantum_computing_networ_ff56db8d] Wrote quantum_network.html
[00:31:30 +9m 3s | thequantuminsider_2023_12_18_afrl_provides_us_with_robust_future_quantum_computing_networ_ff56db8d] Nodes: 17
[00:31:30 +9m 3s | thequantuminsider_2023_12_18_afrl_provides_us_with_robust_future_quantum_computing_networ_ff56db8d] Edges: 2

[00:31:30 +9m 4s | thequantuminsider_2023_12_18_afrl_provides_us_with_robust_future_quantum_computing_networ_ff56db8d] Done. Outputs written to: /home/lv/IDP/idpdeeptech/pipeline/news_outputs/thequantuminsider_2023_12_18_afrl_provides_us_with_robust_future_quantum_computing_networ_ff56db8d
[00:31:30 +9m 4s | thequantuminsider_2023_12_18_afrl_provides_us_with_robust_future_quantum_computing_networ_ff56db8d] Log: /home/lv/IDP/idpdeeptech/pipeline/news_outputs/thequantuminsider_2023_12_18_afrl_provides_us_with_robust_future_quantum_computing_networ_ff56db8d/run.log

========================================================================
RUN FINISHED 2026-07-05 00:31:30  (OK)
Started:     2026-07-05 00:22:39
Elapsed:     9m 4s
========================================================================
