
========================================================================
RUN STARTED  2026-07-04 23:30:54
site_pipeline.py https://thequantuminsider.com/2023/12/15/wave-photonics-leads-500k-innovate-uk-feasibility-study-project-to-create-photonics-chips-for-trapped-ion-quantum-computers/
========================================================================

[23:30:54 +0s | thequantuminsider_2023_12_15_wave_photonics_leads_500k_innovate_uk_feasibility_study_proj_e1152189] === 0 crawl site ===
[23:30:56 +2s | thequantuminsider_2023_12_15_wave_photonics_leads_500k_innovate_uk_feasibility_study_proj_e1152189] [INIT].... → Crawl4AI 0.8.6 
[23:31:01 +7s | thequantuminsider_2023_12_15_wave_photonics_leads_500k_innovate_uk_feasibility_study_proj_e1152189] [FETCH]... ↓ https://thequantuminsider.com/2023/12/15/wave-ph...otonics-chips-for-trapped-ion-quantum-computers/  | ✓ | ⏱: 5.20s 
[23:31:01 +7s | thequantuminsider_2023_12_15_wave_photonics_leads_500k_innovate_uk_feasibility_study_proj_e1152189] [SCRAPE].. ◆ https://thequantuminsider.com/2023/12/15/wave-ph...otonics-chips-for-trapped-ion-quantum-computers/  | ✓ | ⏱: 0.17s 
[23:31:01 +7s | thequantuminsider_2023_12_15_wave_photonics_leads_500k_innovate_uk_feasibility_study_proj_e1152189] [COMPLETE] ● https://thequantuminsider.com/2023/12/15/wave-ph...otonics-chips-for-trapped-ion-quantum-computers/  | ✓ | ⏱: 5.39s 
[23:31:01 +7s | thequantuminsider_2023_12_15_wave_photonics_leads_500k_innovate_uk_feasibility_study_proj_e1152189] Saved: crawl_output/b195c31175_thequantuminsider.com_2023_12_15_wave-photonics-leads-500k-innovate-uk-feasibility-study-project-to-create-photonics-chips-for-trapped-ion-quantum-computers.json

[23:31:01 +8s | thequantuminsider_2023_12_15_wave_photonics_leads_500k_innovate_uk_feasibility_study_proj_e1152189] === 1 actor extraction ===
[23:31:02 +8s | thequantuminsider_2023_12_15_wave_photonics_leads_500k_innovate_uk_feasibility_study_proj_e1152189] Reading page (1/1): https://thequantuminsider.com/2023/12/15/wave-photonics-leads-500k-innovate-uk-feasibility-study-project-to-create-photonics-chips-for-trapped-ion-quantum-computers
[23:31:02 +8s | thequantuminsider_2023_12_15_wave_photonics_leads_500k_innovate_uk_feasibility_study_proj_e1152189] Extracting actors: https://thequantuminsider.com/2023/12/15/wave-photonics-leads-500k-innovate-uk-feasibility-study-project-to-create-photonics-chips-for-trapped-ion-quantum-computers (1/1), chunk 1/37
[23:31:12 +18s | thequantuminsider_2023_12_15_wave_photonics_leads_500k_innovate_uk_feasibility_study_proj_e1152189] Repaired malformed JSON.
[23:31:12 +18s | thequantuminsider_2023_12_15_wave_photonics_leads_500k_innovate_uk_feasibility_study_proj_e1152189] Extracting actors: https://thequantuminsider.com/2023/12/15/wave-photonics-leads-500k-innovate-uk-feasibility-study-project-to-create-photonics-chips-for-trapped-ion-quantum-computers (1/1), chunk 2/37
[23:31:21 +27s | thequantuminsider_2023_12_15_wave_photonics_leads_500k_innovate_uk_feasibility_study_proj_e1152189] Repaired malformed JSON.
[23:31:21 +27s | thequantuminsider_2023_12_15_wave_photonics_leads_500k_innovate_uk_feasibility_study_proj_e1152189] Extracting actors: https://thequantuminsider.com/2023/12/15/wave-photonics-leads-500k-innovate-uk-feasibility-study-project-to-create-photonics-chips-for-trapped-ion-quantum-computers (1/1), chunk 3/37
[23:31:30 +36s | thequantuminsider_2023_12_15_wave_photonics_leads_500k_innovate_uk_feasibility_study_proj_e1152189] Repaired malformed JSON.
[23:31:30 +36s | thequantuminsider_2023_12_15_wave_photonics_leads_500k_innovate_uk_feasibility_study_proj_e1152189] Extracting actors: https://thequantuminsider.com/2023/12/15/wave-photonics-leads-500k-innovate-uk-feasibility-study-project-to-create-photonics-chips-for-trapped-ion-quantum-computers (1/1), chunk 4/37
[23:31:38 +45s | thequantuminsider_2023_12_15_wave_photonics_leads_500k_innovate_uk_feasibility_study_proj_e1152189] Repaired malformed JSON.
[23:31:38 +45s | thequantuminsider_2023_12_15_wave_photonics_leads_500k_innovate_uk_feasibility_study_proj_e1152189] Extracting actors: https://thequantuminsider.com/2023/12/15/wave-photonics-leads-500k-innovate-uk-feasibility-study-project-to-create-photonics-chips-for-trapped-ion-quantum-computers (1/1), chunk 5/37
[23:31:48 +54s | thequantuminsider_2023_12_15_wave_photonics_leads_500k_innovate_uk_feasibility_study_proj_e1152189] Repaired malformed JSON.
[23:31:48 +54s | thequantuminsider_2023_12_15_wave_photonics_leads_500k_innovate_uk_feasibility_study_proj_e1152189] Extracting actors: https://thequantuminsider.com/2023/12/15/wave-photonics-leads-500k-innovate-uk-feasibility-study-project-to-create-photonics-chips-for-trapped-ion-quantum-computers (1/1), chunk 6/37
[23:31:57 +1m 3s | thequantuminsider_2023_12_15_wave_photonics_leads_500k_innovate_uk_feasibility_study_proj_e1152189] Repaired malformed JSON.
[23:31:57 +1m 3s | thequantuminsider_2023_12_15_wave_photonics_leads_500k_innovate_uk_feasibility_study_proj_e1152189] Extracting actors: https://thequantuminsider.com/2023/12/15/wave-photonics-leads-500k-innovate-uk-feasibility-study-project-to-create-photonics-chips-for-trapped-ion-quantum-computers (1/1), chunk 7/37
[23:32:07 +1m 14s | thequantuminsider_2023_12_15_wave_photonics_leads_500k_innovate_uk_feasibility_study_proj_e1152189] Repaired malformed JSON.
[23:32:07 +1m 14s | thequantuminsider_2023_12_15_wave_photonics_leads_500k_innovate_uk_feasibility_study_proj_e1152189] Extracting actors: https://thequantuminsider.com/2023/12/15/wave-photonics-leads-500k-innovate-uk-feasibility-study-project-to-create-photonics-chips-for-trapped-ion-quantum-computers (1/1), chunk 8/37
[23:32:20 +1m 27s | thequantuminsider_2023_12_15_wave_photonics_leads_500k_innovate_uk_feasibility_study_proj_e1152189] Repaired malformed JSON.
[23:32:20 +1m 27s | thequantuminsider_2023_12_15_wave_photonics_leads_500k_innovate_uk_feasibility_study_proj_e1152189] Extracting actors: https://thequantuminsider.com/2023/12/15/wave-photonics-leads-500k-innovate-uk-feasibility-study-project-to-create-photonics-chips-for-trapped-ion-quantum-computers (1/1), chunk 9/37
[23:32:29 +1m 36s | thequantuminsider_2023_12_15_wave_photonics_leads_500k_innovate_uk_feasibility_study_proj_e1152189] Repaired malformed JSON.
[23:32:29 +1m 36s | thequantuminsider_2023_12_15_wave_photonics_leads_500k_innovate_uk_feasibility_study_proj_e1152189] Extracting actors: https://thequantuminsider.com/2023/12/15/wave-photonics-leads-500k-innovate-uk-feasibility-study-project-to-create-photonics-chips-for-trapped-ion-quantum-computers (1/1), chunk 10/37
[23:32:37 +1m 43s | thequantuminsider_2023_12_15_wave_photonics_leads_500k_innovate_uk_feasibility_study_proj_e1152189] Repaired malformed JSON.
[23:32:37 +1m 43s | thequantuminsider_2023_12_15_wave_photonics_leads_500k_innovate_uk_feasibility_study_proj_e1152189] Extracting actors: https://thequantuminsider.com/2023/12/15/wave-photonics-leads-500k-innovate-uk-feasibility-study-project-to-create-photonics-chips-for-trapped-ion-quantum-computers (1/1), chunk 11/37
[23:32:44 +1m 51s | thequantuminsider_2023_12_15_wave_photonics_leads_500k_innovate_uk_feasibility_study_proj_e1152189] Repaired malformed JSON.
[23:32:44 +1m 51s | thequantuminsider_2023_12_15_wave_photonics_leads_500k_innovate_uk_feasibility_study_proj_e1152189] Extracting actors: https://thequantuminsider.com/2023/12/15/wave-photonics-leads-500k-innovate-uk-feasibility-study-project-to-create-photonics-chips-for-trapped-ion-quantum-computers (1/1), chunk 12/37
[23:32:53 +2m 0s | thequantuminsider_2023_12_15_wave_photonics_leads_500k_innovate_uk_feasibility_study_proj_e1152189] Repaired malformed JSON.
[23:32:53 +2m 0s | thequantuminsider_2023_12_15_wave_photonics_leads_500k_innovate_uk_feasibility_study_proj_e1152189] Extracting actors: https://thequantuminsider.com/2023/12/15/wave-photonics-leads-500k-innovate-uk-feasibility-study-project-to-create-photonics-chips-for-trapped-ion-quantum-computers (1/1), chunk 13/37
[23:33:19 +2m 26s | thequantuminsider_2023_12_15_wave_photonics_leads_500k_innovate_uk_feasibility_study_proj_e1152189] Repaired malformed JSON.
[23:33:19 +2m 26s | thequantuminsider_2023_12_15_wave_photonics_leads_500k_innovate_uk_feasibility_study_proj_e1152189] Extracting actors: https://thequantuminsider.com/2023/12/15/wave-photonics-leads-500k-innovate-uk-feasibility-study-project-to-create-photonics-chips-for-trapped-ion-quantum-computers (1/1), chunk 14/37
[23:33:28 +2m 35s | thequantuminsider_2023_12_15_wave_photonics_leads_500k_innovate_uk_feasibility_study_proj_e1152189] Repaired malformed JSON.
[23:33:28 +2m 35s | thequantuminsider_2023_12_15_wave_photonics_leads_500k_innovate_uk_feasibility_study_proj_e1152189] Extracting actors: https://thequantuminsider.com/2023/12/15/wave-photonics-leads-500k-innovate-uk-feasibility-study-project-to-create-photonics-chips-for-trapped-ion-quantum-computers (1/1), chunk 15/37
[23:33:36 +2m 43s | thequantuminsider_2023_12_15_wave_photonics_leads_500k_innovate_uk_feasibility_study_proj_e1152189] Repaired malformed JSON.
[23:33:36 +2m 43s | thequantuminsider_2023_12_15_wave_photonics_leads_500k_innovate_uk_feasibility_study_proj_e1152189] Extracting actors: https://thequantuminsider.com/2023/12/15/wave-photonics-leads-500k-innovate-uk-feasibility-study-project-to-create-photonics-chips-for-trapped-ion-quantum-computers (1/1), chunk 16/37
[23:33:46 +2m 53s | thequantuminsider_2023_12_15_wave_photonics_leads_500k_innovate_uk_feasibility_study_proj_e1152189] Repaired malformed JSON.
[23:33:46 +2m 53s | thequantuminsider_2023_12_15_wave_photonics_leads_500k_innovate_uk_feasibility_study_proj_e1152189] Extracting actors: https://thequantuminsider.com/2023/12/15/wave-photonics-leads-500k-innovate-uk-feasibility-study-project-to-create-photonics-chips-for-trapped-ion-quantum-computers (1/1), chunk 17/37
[23:33:57 +3m 4s | thequantuminsider_2023_12_15_wave_photonics_leads_500k_innovate_uk_feasibility_study_proj_e1152189] Repaired malformed JSON.
[23:33:57 +3m 4s | thequantuminsider_2023_12_15_wave_photonics_leads_500k_innovate_uk_feasibility_study_proj_e1152189] Extracting actors: https://thequantuminsider.com/2023/12/15/wave-photonics-leads-500k-innovate-uk-feasibility-study-project-to-create-photonics-chips-for-trapped-ion-quantum-computers (1/1), chunk 18/37
[23:34:05 +3m 12s | thequantuminsider_2023_12_15_wave_photonics_leads_500k_innovate_uk_feasibility_study_proj_e1152189] Repaired malformed JSON.
[23:34:05 +3m 12s | thequantuminsider_2023_12_15_wave_photonics_leads_500k_innovate_uk_feasibility_study_proj_e1152189] Extracting actors: https://thequantuminsider.com/2023/12/15/wave-photonics-leads-500k-innovate-uk-feasibility-study-project-to-create-photonics-chips-for-trapped-ion-quantum-computers (1/1), chunk 19/37
[23:34:14 +3m 20s | thequantuminsider_2023_12_15_wave_photonics_leads_500k_innovate_uk_feasibility_study_proj_e1152189] Repaired malformed JSON.
[23:34:14 +3m 20s | thequantuminsider_2023_12_15_wave_photonics_leads_500k_innovate_uk_feasibility_study_proj_e1152189] Extracting actors: https://thequantuminsider.com/2023/12/15/wave-photonics-leads-500k-innovate-uk-feasibility-study-project-to-create-photonics-chips-for-trapped-ion-quantum-computers (1/1), chunk 20/37
[23:34:22 +3m 29s | thequantuminsider_2023_12_15_wave_photonics_leads_500k_innovate_uk_feasibility_study_proj_e1152189] Repaired malformed JSON.
[23:34:22 +3m 29s | thequantuminsider_2023_12_15_wave_photonics_leads_500k_innovate_uk_feasibility_study_proj_e1152189] Extracting actors: https://thequantuminsider.com/2023/12/15/wave-photonics-leads-500k-innovate-uk-feasibility-study-project-to-create-photonics-chips-for-trapped-ion-quantum-computers (1/1), chunk 21/37
[23:34:31 +3m 38s | thequantuminsider_2023_12_15_wave_photonics_leads_500k_innovate_uk_feasibility_study_proj_e1152189] Repaired malformed JSON.
[23:34:31 +3m 38s | thequantuminsider_2023_12_15_wave_photonics_leads_500k_innovate_uk_feasibility_study_proj_e1152189] Extracting actors: https://thequantuminsider.com/2023/12/15/wave-photonics-leads-500k-innovate-uk-feasibility-study-project-to-create-photonics-chips-for-trapped-ion-quantum-computers (1/1), chunk 22/37
[23:34:37 +3m 43s | thequantuminsider_2023_12_15_wave_photonics_leads_500k_innovate_uk_feasibility_study_proj_e1152189] Repaired malformed JSON.
[23:34:37 +3m 43s | thequantuminsider_2023_12_15_wave_photonics_leads_500k_innovate_uk_feasibility_study_proj_e1152189] Extracting actors: https://thequantuminsider.com/2023/12/15/wave-photonics-leads-500k-innovate-uk-feasibility-study-project-to-create-photonics-chips-for-trapped-ion-quantum-computers (1/1), chunk 23/37
[23:34:47 +3m 54s | thequantuminsider_2023_12_15_wave_photonics_leads_500k_innovate_uk_feasibility_study_proj_e1152189] Repaired malformed JSON.
[23:34:47 +3m 54s | thequantuminsider_2023_12_15_wave_photonics_leads_500k_innovate_uk_feasibility_study_proj_e1152189] Extracting actors: https://thequantuminsider.com/2023/12/15/wave-photonics-leads-500k-innovate-uk-feasibility-study-project-to-create-photonics-chips-for-trapped-ion-quantum-computers (1/1), chunk 24/37
[23:34:56 +4m 3s | thequantuminsider_2023_12_15_wave_photonics_leads_500k_innovate_uk_feasibility_study_proj_e1152189] Repaired malformed JSON.
[23:34:56 +4m 3s | thequantuminsider_2023_12_15_wave_photonics_leads_500k_innovate_uk_feasibility_study_proj_e1152189] Extracting actors: https://thequantuminsider.com/2023/12/15/wave-photonics-leads-500k-innovate-uk-feasibility-study-project-to-create-photonics-chips-for-trapped-ion-quantum-computers (1/1), chunk 25/37
[23:35:05 +4m 11s | thequantuminsider_2023_12_15_wave_photonics_leads_500k_innovate_uk_feasibility_study_proj_e1152189] Repaired malformed JSON.
[23:35:05 +4m 11s | thequantuminsider_2023_12_15_wave_photonics_leads_500k_innovate_uk_feasibility_study_proj_e1152189] Extracting actors: https://thequantuminsider.com/2023/12/15/wave-photonics-leads-500k-innovate-uk-feasibility-study-project-to-create-photonics-chips-for-trapped-ion-quantum-computers (1/1), chunk 26/37
[23:35:12 +4m 18s | thequantuminsider_2023_12_15_wave_photonics_leads_500k_innovate_uk_feasibility_study_proj_e1152189] Repaired malformed JSON.
[23:35:12 +4m 18s | thequantuminsider_2023_12_15_wave_photonics_leads_500k_innovate_uk_feasibility_study_proj_e1152189] Extracting actors: https://thequantuminsider.com/2023/12/15/wave-photonics-leads-500k-innovate-uk-feasibility-study-project-to-create-photonics-chips-for-trapped-ion-quantum-computers (1/1), chunk 27/37
[23:35:40 +4m 46s | thequantuminsider_2023_12_15_wave_photonics_leads_500k_innovate_uk_feasibility_study_proj_e1152189] Repaired malformed JSON.
[23:35:40 +4m 46s | thequantuminsider_2023_12_15_wave_photonics_leads_500k_innovate_uk_feasibility_study_proj_e1152189] Extracting actors: https://thequantuminsider.com/2023/12/15/wave-photonics-leads-500k-innovate-uk-feasibility-study-project-to-create-photonics-chips-for-trapped-ion-quantum-computers (1/1), chunk 28/37
[23:35:48 +4m 55s | thequantuminsider_2023_12_15_wave_photonics_leads_500k_innovate_uk_feasibility_study_proj_e1152189] Repaired malformed JSON.
[23:35:48 +4m 55s | thequantuminsider_2023_12_15_wave_photonics_leads_500k_innovate_uk_feasibility_study_proj_e1152189] Extracting actors: https://thequantuminsider.com/2023/12/15/wave-photonics-leads-500k-innovate-uk-feasibility-study-project-to-create-photonics-chips-for-trapped-ion-quantum-computers (1/1), chunk 29/37
[23:35:58 +5m 5s | thequantuminsider_2023_12_15_wave_photonics_leads_500k_innovate_uk_feasibility_study_proj_e1152189] Repaired malformed JSON.
[23:35:58 +5m 5s | thequantuminsider_2023_12_15_wave_photonics_leads_500k_innovate_uk_feasibility_study_proj_e1152189] Extracting actors: https://thequantuminsider.com/2023/12/15/wave-photonics-leads-500k-innovate-uk-feasibility-study-project-to-create-photonics-chips-for-trapped-ion-quantum-computers (1/1), chunk 30/37
[23:36:08 +5m 15s | thequantuminsider_2023_12_15_wave_photonics_leads_500k_innovate_uk_feasibility_study_proj_e1152189] Repaired malformed JSON.
[23:36:08 +5m 15s | thequantuminsider_2023_12_15_wave_photonics_leads_500k_innovate_uk_feasibility_study_proj_e1152189] Extracting actors: https://thequantuminsider.com/2023/12/15/wave-photonics-leads-500k-innovate-uk-feasibility-study-project-to-create-photonics-chips-for-trapped-ion-quantum-computers (1/1), chunk 31/37
[23:36:17 +5m 24s | thequantuminsider_2023_12_15_wave_photonics_leads_500k_innovate_uk_feasibility_study_proj_e1152189] Repaired malformed JSON.
[23:36:17 +5m 24s | thequantuminsider_2023_12_15_wave_photonics_leads_500k_innovate_uk_feasibility_study_proj_e1152189] Extracting actors: https://thequantuminsider.com/2023/12/15/wave-photonics-leads-500k-innovate-uk-feasibility-study-project-to-create-photonics-chips-for-trapped-ion-quantum-computers (1/1), chunk 32/37
[23:36:29 +5m 36s | thequantuminsider_2023_12_15_wave_photonics_leads_500k_innovate_uk_feasibility_study_proj_e1152189] Repaired malformed JSON.
[23:36:29 +5m 36s | thequantuminsider_2023_12_15_wave_photonics_leads_500k_innovate_uk_feasibility_study_proj_e1152189] Extracting actors: https://thequantuminsider.com/2023/12/15/wave-photonics-leads-500k-innovate-uk-feasibility-study-project-to-create-photonics-chips-for-trapped-ion-quantum-computers (1/1), chunk 33/37
[23:36:38 +5m 44s | thequantuminsider_2023_12_15_wave_photonics_leads_500k_innovate_uk_feasibility_study_proj_e1152189] Repaired malformed JSON.
[23:36:38 +5m 44s | thequantuminsider_2023_12_15_wave_photonics_leads_500k_innovate_uk_feasibility_study_proj_e1152189] Extracting actors: https://thequantuminsider.com/2023/12/15/wave-photonics-leads-500k-innovate-uk-feasibility-study-project-to-create-photonics-chips-for-trapped-ion-quantum-computers (1/1), chunk 34/37
[23:36:46 +5m 52s | thequantuminsider_2023_12_15_wave_photonics_leads_500k_innovate_uk_feasibility_study_proj_e1152189] Repaired malformed JSON.
[23:36:46 +5m 52s | thequantuminsider_2023_12_15_wave_photonics_leads_500k_innovate_uk_feasibility_study_proj_e1152189] Extracting actors: https://thequantuminsider.com/2023/12/15/wave-photonics-leads-500k-innovate-uk-feasibility-study-project-to-create-photonics-chips-for-trapped-ion-quantum-computers (1/1), chunk 35/37
[23:36:54 +6m 1s | thequantuminsider_2023_12_15_wave_photonics_leads_500k_innovate_uk_feasibility_study_proj_e1152189] Repaired malformed JSON.
[23:36:54 +6m 1s | thequantuminsider_2023_12_15_wave_photonics_leads_500k_innovate_uk_feasibility_study_proj_e1152189] Extracting actors: https://thequantuminsider.com/2023/12/15/wave-photonics-leads-500k-innovate-uk-feasibility-study-project-to-create-photonics-chips-for-trapped-ion-quantum-computers (1/1), chunk 36/37
[23:37:05 +6m 11s | thequantuminsider_2023_12_15_wave_photonics_leads_500k_innovate_uk_feasibility_study_proj_e1152189] Repaired malformed JSON.
[23:37:05 +6m 11s | thequantuminsider_2023_12_15_wave_photonics_leads_500k_innovate_uk_feasibility_study_proj_e1152189] Extracting actors: https://thequantuminsider.com/2023/12/15/wave-photonics-leads-500k-innovate-uk-feasibility-study-project-to-create-photonics-chips-for-trapped-ion-quantum-computers (1/1), chunk 37/37
[23:37:12 +6m 19s | thequantuminsider_2023_12_15_wave_photonics_leads_500k_innovate_uk_feasibility_study_proj_e1152189] Repaired malformed JSON.
[23:37:13 +6m 19s | thequantuminsider_2023_12_15_wave_photonics_leads_500k_innovate_uk_feasibility_study_proj_e1152189] Saved 1_actor_results.json with 72 extracted records

[23:37:14 +6m 21s | thequantuminsider_2023_12_15_wave_photonics_leads_500k_innovate_uk_feasibility_study_proj_e1152189] === 2 clean actors ===
[23:37:15 +6m 21s | thequantuminsider_2023_12_15_wave_photonics_leads_500k_innovate_uk_feasibility_study_proj_e1152189] Traceback (most recent call last):
[23:37:15 +6m 21s | thequantuminsider_2023_12_15_wave_photonics_leads_500k_innovate_uk_feasibility_study_proj_e1152189]   File "/home/lv/IDP/idpdeeptech/pipeline/clean_actors.py", line 429, in <module>
[23:37:15 +6m 21s | thequantuminsider_2023_12_15_wave_photonics_leads_500k_innovate_uk_feasibility_study_proj_e1152189]     main()
[23:37:15 +6m 21s | thequantuminsider_2023_12_15_wave_photonics_leads_500k_innovate_uk_feasibility_study_proj_e1152189]   File "/home/lv/IDP/idpdeeptech/pipeline/clean_actors.py", line 416, in main
[23:37:15 +6m 21s | thequantuminsider_2023_12_15_wave_photonics_leads_500k_innovate_uk_feasibility_study_proj_e1152189]     records = json.loads(INPUT_JSON.read_text(encoding="utf-8"))
[23:37:15 +6m 21s | thequantuminsider_2023_12_15_wave_photonics_leads_500k_innovate_uk_feasibility_study_proj_e1152189]   File "/usr/lib/python3.10/pathlib.py", line 1134, in read_text
[23:37:15 +6m 21s | thequantuminsider_2023_12_15_wave_photonics_leads_500k_innovate_uk_feasibility_study_proj_e1152189]     with self.open(mode='r', encoding=encoding, errors=errors) as f:
[23:37:15 +6m 21s | thequantuminsider_2023_12_15_wave_photonics_leads_500k_innovate_uk_feasibility_study_proj_e1152189]   File "/usr/lib/python3.10/pathlib.py", line 1119, in open
[23:37:15 +6m 21s | thequantuminsider_2023_12_15_wave_photonics_leads_500k_innovate_uk_feasibility_study_proj_e1152189]     return self._accessor.open(self, mode, buffering, encoding, errors,
[23:37:15 +6m 21s | thequantuminsider_2023_12_15_wave_photonics_leads_500k_innovate_uk_feasibility_study_proj_e1152189] FileNotFoundError: [Errno 2] No such file or directory: 'site_outputs/psiquantum_com/1_actor_results_pdf.json'

========================================================================
RUN FINISHED 2026-07-04 23:37:15  (FAILED)
Started:     2026-07-04 23:30:54
Elapsed:     6m 21s
========================================================================

========================================================================
RUN STARTED  2026-07-05 00:12:32
site_pipeline.py https://thequantuminsider.com/2023/12/15/wave-photonics-leads-500k-innovate-uk-feasibility-study-project-to-create-photonics-chips-for-trapped-ion-quantum-computers/
========================================================================

[00:12:32 +0s | thequantuminsider_2023_12_15_wave_photonics_leads_500k_innovate_uk_feasibility_study_proj_e1152189] === 0 crawl site (skipped via auto (actor data already exists; pass --force to re-crawl), reusing /home/lv/IDP/idpdeeptech/pipeline/news_outputs/thequantuminsider_2023_12_15_wave_photonics_leads_500k_innovate_uk_feasibility_study_proj_e1152189/crawl_output) ===

[00:12:32 +0s | thequantuminsider_2023_12_15_wave_photonics_leads_500k_innovate_uk_feasibility_study_proj_e1152189] === 1 actor extraction ===
[00:12:33 +0s | thequantuminsider_2023_12_15_wave_photonics_leads_500k_innovate_uk_feasibility_study_proj_e1152189] Auto-resume: 1 (url, ordinal) pairs already done, skipping them.
[00:12:33 +0s | thequantuminsider_2023_12_15_wave_photonics_leads_500k_innovate_uk_feasibility_study_proj_e1152189] All 1 pages/URLs already processed (per 1_actor_results.progress.json). Nothing to do.
[00:12:33 +0s | thequantuminsider_2023_12_15_wave_photonics_leads_500k_innovate_uk_feasibility_study_proj_e1152189] Delete the progress sidecar to force a full re-run, or pass --start-page N.

[00:12:33 +0s | thequantuminsider_2023_12_15_wave_photonics_leads_500k_innovate_uk_feasibility_study_proj_e1152189] === 2 clean actors ===
[00:12:33 +0s | thequantuminsider_2023_12_15_wave_photonics_leads_500k_innovate_uk_feasibility_study_proj_e1152189] Loaded 72 extracted records
[00:12:33 +0s | thequantuminsider_2023_12_15_wave_photonics_leads_500k_innovate_uk_feasibility_study_proj_e1152189] Saved 2_actor_nodes.json with 14 canonical actor nodes

[00:12:33 +0s | thequantuminsider_2023_12_15_wave_photonics_leads_500k_innovate_uk_feasibility_study_proj_e1152189] === 3 interaction extraction ===
[00:12:33 +1s | thequantuminsider_2023_12_15_wave_photonics_leads_500k_innovate_uk_feasibility_study_proj_e1152189] Extracting interactions: https://thequantuminsider.com/2023/12/15/wave-photonics-leads-500k-innovate-uk-feasibility-study-project-to-create-photonics-chips-for-trapped-ion-quantum-computers (1/1), chunk 7/37
[00:12:40 +8s | thequantuminsider_2023_12_15_wave_photonics_leads_500k_innovate_uk_feasibility_study_proj_e1152189] Extracting interactions: https://thequantuminsider.com/2023/12/15/wave-photonics-leads-500k-innovate-uk-feasibility-study-project-to-create-photonics-chips-for-trapped-ion-quantum-computers (1/1), chunk 11/37
[00:12:55 +24s | thequantuminsider_2023_12_15_wave_photonics_leads_500k_innovate_uk_feasibility_study_proj_e1152189] Extracting interactions: https://thequantuminsider.com/2023/12/15/wave-photonics-leads-500k-innovate-uk-feasibility-study-project-to-create-photonics-chips-for-trapped-ion-quantum-computers (1/1), chunk 12/37
[00:13:20 +48s | thequantuminsider_2023_12_15_wave_photonics_leads_500k_innovate_uk_feasibility_study_proj_e1152189] Extracting interactions: https://thequantuminsider.com/2023/12/15/wave-photonics-leads-500k-innovate-uk-feasibility-study-project-to-create-photonics-chips-for-trapped-ion-quantum-computers (1/1), chunk 13/37
[00:13:47 +1m 16s | thequantuminsider_2023_12_15_wave_photonics_leads_500k_innovate_uk_feasibility_study_proj_e1152189] Extracting interactions: https://thequantuminsider.com/2023/12/15/wave-photonics-leads-500k-innovate-uk-feasibility-study-project-to-create-photonics-chips-for-trapped-ion-quantum-computers (1/1), chunk 14/37
[00:14:03 +1m 32s | thequantuminsider_2023_12_15_wave_photonics_leads_500k_innovate_uk_feasibility_study_proj_e1152189] Extracting interactions: https://thequantuminsider.com/2023/12/15/wave-photonics-leads-500k-innovate-uk-feasibility-study-project-to-create-photonics-chips-for-trapped-ion-quantum-computers (1/1), chunk 15/37
[00:14:14 +1m 44s | thequantuminsider_2023_12_15_wave_photonics_leads_500k_innovate_uk_feasibility_study_proj_e1152189] Extracting interactions: https://thequantuminsider.com/2023/12/15/wave-photonics-leads-500k-innovate-uk-feasibility-study-project-to-create-photonics-chips-for-trapped-ion-quantum-computers (1/1), chunk 16/37
[00:14:22 +1m 52s | thequantuminsider_2023_12_15_wave_photonics_leads_500k_innovate_uk_feasibility_study_proj_e1152189] Extracting interactions: https://thequantuminsider.com/2023/12/15/wave-photonics-leads-500k-innovate-uk-feasibility-study-project-to-create-photonics-chips-for-trapped-ion-quantum-computers (1/1), chunk 17/37
[00:14:24 +1m 54s | thequantuminsider_2023_12_15_wave_photonics_leads_500k_innovate_uk_feasibility_study_proj_e1152189] Extracting interactions: https://thequantuminsider.com/2023/12/15/wave-photonics-leads-500k-innovate-uk-feasibility-study-project-to-create-photonics-chips-for-trapped-ion-quantum-computers (1/1), chunk 20/37
[00:14:34 +2m 4s | thequantuminsider_2023_12_15_wave_photonics_leads_500k_innovate_uk_feasibility_study_proj_e1152189] Extracting interactions: https://thequantuminsider.com/2023/12/15/wave-photonics-leads-500k-innovate-uk-feasibility-study-project-to-create-photonics-chips-for-trapped-ion-quantum-computers (1/1), chunk 21/37
[00:14:39 +2m 9s | thequantuminsider_2023_12_15_wave_photonics_leads_500k_innovate_uk_feasibility_study_proj_e1152189] Extracting interactions: https://thequantuminsider.com/2023/12/15/wave-photonics-leads-500k-innovate-uk-feasibility-study-project-to-create-photonics-chips-for-trapped-ion-quantum-computers (1/1), chunk 26/37
[00:14:41 +2m 11s | thequantuminsider_2023_12_15_wave_photonics_leads_500k_innovate_uk_feasibility_study_proj_e1152189] Extracting interactions: https://thequantuminsider.com/2023/12/15/wave-photonics-leads-500k-innovate-uk-feasibility-study-project-to-create-photonics-chips-for-trapped-ion-quantum-computers (1/1), chunk 27/37
[00:14:44 +2m 14s | thequantuminsider_2023_12_15_wave_photonics_leads_500k_innovate_uk_feasibility_study_proj_e1152189] Extracting interactions: https://thequantuminsider.com/2023/12/15/wave-photonics-leads-500k-innovate-uk-feasibility-study-project-to-create-photonics-chips-for-trapped-ion-quantum-computers (1/1), chunk 30/37
[00:14:46 +2m 16s | thequantuminsider_2023_12_15_wave_photonics_leads_500k_innovate_uk_feasibility_study_proj_e1152189] Extracting interactions: https://thequantuminsider.com/2023/12/15/wave-photonics-leads-500k-innovate-uk-feasibility-study-project-to-create-photonics-chips-for-trapped-ion-quantum-computers (1/1), chunk 31/37
[00:14:48 +2m 18s | thequantuminsider_2023_12_15_wave_photonics_leads_500k_innovate_uk_feasibility_study_proj_e1152189] Extracting interactions: https://thequantuminsider.com/2023/12/15/wave-photonics-leads-500k-innovate-uk-feasibility-study-project-to-create-photonics-chips-for-trapped-ion-quantum-computers (1/1), chunk 33/37
[00:14:49 +2m 19s | thequantuminsider_2023_12_15_wave_photonics_leads_500k_innovate_uk_feasibility_study_proj_e1152189] Extracting interactions: https://thequantuminsider.com/2023/12/15/wave-photonics-leads-500k-innovate-uk-feasibility-study-project-to-create-photonics-chips-for-trapped-ion-quantum-computers (1/1), chunk 35/37
[00:14:55 +2m 26s | thequantuminsider_2023_12_15_wave_photonics_leads_500k_innovate_uk_feasibility_study_proj_e1152189] Extracting interactions: https://thequantuminsider.com/2023/12/15/wave-photonics-leads-500k-innovate-uk-feasibility-study-project-to-create-photonics-chips-for-trapped-ion-quantum-computers (1/1), chunk 36/37
[00:15:01 +2m 32s | thequantuminsider_2023_12_15_wave_photonics_leads_500k_innovate_uk_feasibility_study_proj_e1152189] Saved 3_interaction_results.json with 26 extracted interactions.

[00:15:01 +2m 32s | thequantuminsider_2023_12_15_wave_photonics_leads_500k_innovate_uk_feasibility_study_proj_e1152189] === 4 clean interactions ===
[00:15:01 +2m 32s | thequantuminsider_2023_12_15_wave_photonics_leads_500k_innovate_uk_feasibility_study_proj_e1152189] Saved 4_edges.json with 0 cleaned interactions.

[00:15:01 +2m 32s | thequantuminsider_2023_12_15_wave_photonics_leads_500k_innovate_uk_feasibility_study_proj_e1152189] === 5 helix enrichment ===
[00:15:01 +2m 32s | thequantuminsider_2023_12_15_wave_photonics_leads_500k_innovate_uk_feasibility_study_proj_e1152189] Wrote 5_nodes.json (14 actors)
[00:15:01 +2m 32s | thequantuminsider_2023_12_15_wave_photonics_leads_500k_innovate_uk_feasibility_study_proj_e1152189] Wrote 5_edges.json (0 interactions)
[00:15:01 +2m 32s | thequantuminsider_2023_12_15_wave_photonics_leads_500k_innovate_uk_feasibility_study_proj_e1152189] Actor helix counts: {'Academia': 2, 'Civil Society': 3, 'Government': 1, 'Industry': 2, 'Intermediary': 1, 'Unknown': 5}
[00:15:01 +2m 32s | thequantuminsider_2023_12_15_wave_photonics_leads_500k_innovate_uk_feasibility_study_proj_e1152189] Functional-space counts: {}

[00:15:01 +2m 32s | thequantuminsider_2023_12_15_wave_photonics_leads_500k_innovate_uk_feasibility_study_proj_e1152189] === 6 network visualisation ===
[00:15:02 +2m 33s | thequantuminsider_2023_12_15_wave_photonics_leads_500k_innovate_uk_feasibility_study_proj_e1152189] Wrote quantum_network.html
[00:15:02 +2m 33s | thequantuminsider_2023_12_15_wave_photonics_leads_500k_innovate_uk_feasibility_study_proj_e1152189] Nodes: 14
[00:15:02 +2m 33s | thequantuminsider_2023_12_15_wave_photonics_leads_500k_innovate_uk_feasibility_study_proj_e1152189] Edges: 0

[00:15:02 +2m 33s | thequantuminsider_2023_12_15_wave_photonics_leads_500k_innovate_uk_feasibility_study_proj_e1152189] Done. Outputs written to: /home/lv/IDP/idpdeeptech/pipeline/news_outputs/thequantuminsider_2023_12_15_wave_photonics_leads_500k_innovate_uk_feasibility_study_proj_e1152189
[00:15:02 +2m 33s | thequantuminsider_2023_12_15_wave_photonics_leads_500k_innovate_uk_feasibility_study_proj_e1152189] Log: /home/lv/IDP/idpdeeptech/pipeline/news_outputs/thequantuminsider_2023_12_15_wave_photonics_leads_500k_innovate_uk_feasibility_study_proj_e1152189/run.log

========================================================================
RUN FINISHED 2026-07-05 00:15:02  (OK)
Started:     2026-07-05 00:12:32
Elapsed:     2m 33s
========================================================================
