
========================================================================
RUN STARTED  2026-07-05 00:47:38
site_pipeline.py https://thequantuminsider.com/2023/12/11/baby-diamond-goethe-university-receives-first-quantum-computer/
========================================================================

[00:47:38 +0s | thequantuminsider_2023_12_11_baby_diamond_goethe_university_receives_first_quantum_computer] === 0 crawl site ===
[00:47:39 +1s | thequantuminsider_2023_12_11_baby_diamond_goethe_university_receives_first_quantum_computer] [INIT].... → Crawl4AI 0.8.6 
[00:47:42 +5s | thequantuminsider_2023_12_11_baby_diamond_goethe_university_receives_first_quantum_computer] [FETCH]... ↓ https://thequantuminsider.com/2023/12/11/baby-di...ethe-university-receives-first-quantum-computer/  | ✓ | ⏱: 3.11s 
[00:47:42 +5s | thequantuminsider_2023_12_11_baby_diamond_goethe_university_receives_first_quantum_computer] [SCRAPE].. ◆ https://thequantuminsider.com/2023/12/11/baby-di...ethe-university-receives-first-quantum-computer/  | ✓ | ⏱: 0.13s 
[00:47:42 +5s | thequantuminsider_2023_12_11_baby_diamond_goethe_university_receives_first_quantum_computer] [COMPLETE] ● https://thequantuminsider.com/2023/12/11/baby-di...ethe-university-receives-first-quantum-computer/  | ✓ | ⏱: 3.26s 
[00:47:42 +5s | thequantuminsider_2023_12_11_baby_diamond_goethe_university_receives_first_quantum_computer] Saved: crawl_output/dfd39d90a4_thequantuminsider.com_2023_12_11_baby-diamond-goethe-university-receives-first-quantum-computer.json

[00:47:43 +5s | thequantuminsider_2023_12_11_baby_diamond_goethe_university_receives_first_quantum_computer] === 1 actor extraction ===
[00:47:43 +5s | thequantuminsider_2023_12_11_baby_diamond_goethe_university_receives_first_quantum_computer] Reading page (1/1): https://thequantuminsider.com/2023/12/11/baby-diamond-goethe-university-receives-first-quantum-computer
[00:47:43 +5s | thequantuminsider_2023_12_11_baby_diamond_goethe_university_receives_first_quantum_computer] Extracting actors: https://thequantuminsider.com/2023/12/11/baby-diamond-goethe-university-receives-first-quantum-computer (1/1), chunk 1/38
[00:47:49 +12s | thequantuminsider_2023_12_11_baby_diamond_goethe_university_receives_first_quantum_computer] Extracting actors: https://thequantuminsider.com/2023/12/11/baby-diamond-goethe-university-receives-first-quantum-computer (1/1), chunk 2/38
[00:47:54 +17s | thequantuminsider_2023_12_11_baby_diamond_goethe_university_receives_first_quantum_computer] Extracting actors: https://thequantuminsider.com/2023/12/11/baby-diamond-goethe-university-receives-first-quantum-computer (1/1), chunk 3/38
[00:48:02 +25s | thequantuminsider_2023_12_11_baby_diamond_goethe_university_receives_first_quantum_computer] Extracting actors: https://thequantuminsider.com/2023/12/11/baby-diamond-goethe-university-receives-first-quantum-computer (1/1), chunk 4/38
[00:48:10 +33s | thequantuminsider_2023_12_11_baby_diamond_goethe_university_receives_first_quantum_computer] Extracting actors: https://thequantuminsider.com/2023/12/11/baby-diamond-goethe-university-receives-first-quantum-computer (1/1), chunk 5/38
[00:48:14 +37s | thequantuminsider_2023_12_11_baby_diamond_goethe_university_receives_first_quantum_computer] Extracting actors: https://thequantuminsider.com/2023/12/11/baby-diamond-goethe-university-receives-first-quantum-computer (1/1), chunk 6/38
[00:48:21 +45s | thequantuminsider_2023_12_11_baby_diamond_goethe_university_receives_first_quantum_computer] Extracting actors: https://thequantuminsider.com/2023/12/11/baby-diamond-goethe-university-receives-first-quantum-computer (1/1), chunk 7/38
[00:48:27 +51s | thequantuminsider_2023_12_11_baby_diamond_goethe_university_receives_first_quantum_computer] Extracting actors: https://thequantuminsider.com/2023/12/11/baby-diamond-goethe-university-receives-first-quantum-computer (1/1), chunk 8/38
[00:48:31 +55s | thequantuminsider_2023_12_11_baby_diamond_goethe_university_receives_first_quantum_computer] Extracting actors: https://thequantuminsider.com/2023/12/11/baby-diamond-goethe-university-receives-first-quantum-computer (1/1), chunk 9/38
[00:48:36 +59s | thequantuminsider_2023_12_11_baby_diamond_goethe_university_receives_first_quantum_computer] Extracting actors: https://thequantuminsider.com/2023/12/11/baby-diamond-goethe-university-receives-first-quantum-computer (1/1), chunk 10/38
[00:48:40 +1m 4s | thequantuminsider_2023_12_11_baby_diamond_goethe_university_receives_first_quantum_computer] Extracting actors: https://thequantuminsider.com/2023/12/11/baby-diamond-goethe-university-receives-first-quantum-computer (1/1), chunk 11/38
[00:48:51 +1m 15s | thequantuminsider_2023_12_11_baby_diamond_goethe_university_receives_first_quantum_computer] Repaired malformed JSON.
[00:48:51 +1m 15s | thequantuminsider_2023_12_11_baby_diamond_goethe_university_receives_first_quantum_computer] Extracting actors: https://thequantuminsider.com/2023/12/11/baby-diamond-goethe-university-receives-first-quantum-computer (1/1), chunk 12/38
[00:49:01 +1m 26s | thequantuminsider_2023_12_11_baby_diamond_goethe_university_receives_first_quantum_computer] Repaired malformed JSON.
[00:49:01 +1m 26s | thequantuminsider_2023_12_11_baby_diamond_goethe_university_receives_first_quantum_computer] Extracting actors: https://thequantuminsider.com/2023/12/11/baby-diamond-goethe-university-receives-first-quantum-computer (1/1), chunk 13/38
[00:49:12 +1m 36s | thequantuminsider_2023_12_11_baby_diamond_goethe_university_receives_first_quantum_computer] Repaired malformed JSON.
[00:49:12 +1m 36s | thequantuminsider_2023_12_11_baby_diamond_goethe_university_receives_first_quantum_computer] Extracting actors: https://thequantuminsider.com/2023/12/11/baby-diamond-goethe-university-receives-first-quantum-computer (1/1), chunk 14/38
[00:49:21 +1m 46s | thequantuminsider_2023_12_11_baby_diamond_goethe_university_receives_first_quantum_computer] Repaired malformed JSON.
[00:49:21 +1m 46s | thequantuminsider_2023_12_11_baby_diamond_goethe_university_receives_first_quantum_computer] Extracting actors: https://thequantuminsider.com/2023/12/11/baby-diamond-goethe-university-receives-first-quantum-computer (1/1), chunk 15/38
[00:49:28 +1m 53s | thequantuminsider_2023_12_11_baby_diamond_goethe_university_receives_first_quantum_computer] Repaired malformed JSON.
[00:49:28 +1m 53s | thequantuminsider_2023_12_11_baby_diamond_goethe_university_receives_first_quantum_computer] Extracting actors: https://thequantuminsider.com/2023/12/11/baby-diamond-goethe-university-receives-first-quantum-computer (1/1), chunk 16/38
[00:49:37 +2m 3s | thequantuminsider_2023_12_11_baby_diamond_goethe_university_receives_first_quantum_computer] Repaired malformed JSON.
[00:49:37 +2m 3s | thequantuminsider_2023_12_11_baby_diamond_goethe_university_receives_first_quantum_computer] Extracting actors: https://thequantuminsider.com/2023/12/11/baby-diamond-goethe-university-receives-first-quantum-computer (1/1), chunk 17/38
[00:49:44 +2m 9s | thequantuminsider_2023_12_11_baby_diamond_goethe_university_receives_first_quantum_computer] Extracting actors: https://thequantuminsider.com/2023/12/11/baby-diamond-goethe-university-receives-first-quantum-computer (1/1), chunk 18/38
[00:50:09 +2m 36s | thequantuminsider_2023_12_11_baby_diamond_goethe_university_receives_first_quantum_computer] Extracting actors: https://thequantuminsider.com/2023/12/11/baby-diamond-goethe-university-receives-first-quantum-computer (1/1), chunk 19/38
[00:50:19 +2m 45s | thequantuminsider_2023_12_11_baby_diamond_goethe_university_receives_first_quantum_computer] Repaired malformed JSON.
[00:50:19 +2m 45s | thequantuminsider_2023_12_11_baby_diamond_goethe_university_receives_first_quantum_computer] Extracting actors: https://thequantuminsider.com/2023/12/11/baby-diamond-goethe-university-receives-first-quantum-computer (1/1), chunk 20/38
[00:50:25 +2m 52s | thequantuminsider_2023_12_11_baby_diamond_goethe_university_receives_first_quantum_computer] Repaired malformed JSON.
[00:50:25 +2m 52s | thequantuminsider_2023_12_11_baby_diamond_goethe_university_receives_first_quantum_computer] Extracting actors: https://thequantuminsider.com/2023/12/11/baby-diamond-goethe-university-receives-first-quantum-computer (1/1), chunk 21/38
[00:50:33 +3m 1s | thequantuminsider_2023_12_11_baby_diamond_goethe_university_receives_first_quantum_computer] Repaired malformed JSON.
[00:50:33 +3m 1s | thequantuminsider_2023_12_11_baby_diamond_goethe_university_receives_first_quantum_computer] Extracting actors: https://thequantuminsider.com/2023/12/11/baby-diamond-goethe-university-receives-first-quantum-computer (1/1), chunk 22/38
[00:50:41 +3m 8s | thequantuminsider_2023_12_11_baby_diamond_goethe_university_receives_first_quantum_computer] Repaired malformed JSON.
[00:50:41 +3m 8s | thequantuminsider_2023_12_11_baby_diamond_goethe_university_receives_first_quantum_computer] Extracting actors: https://thequantuminsider.com/2023/12/11/baby-diamond-goethe-university-receives-first-quantum-computer (1/1), chunk 23/38
[00:50:47 +3m 14s | thequantuminsider_2023_12_11_baby_diamond_goethe_university_receives_first_quantum_computer] Repaired malformed JSON.
[00:50:47 +3m 14s | thequantuminsider_2023_12_11_baby_diamond_goethe_university_receives_first_quantum_computer] Extracting actors: https://thequantuminsider.com/2023/12/11/baby-diamond-goethe-university-receives-first-quantum-computer (1/1), chunk 24/38
[00:50:56 +3m 23s | thequantuminsider_2023_12_11_baby_diamond_goethe_university_receives_first_quantum_computer] Repaired malformed JSON.
[00:50:56 +3m 23s | thequantuminsider_2023_12_11_baby_diamond_goethe_university_receives_first_quantum_computer] Extracting actors: https://thequantuminsider.com/2023/12/11/baby-diamond-goethe-university-receives-first-quantum-computer (1/1), chunk 25/38
[00:51:03 +3m 31s | thequantuminsider_2023_12_11_baby_diamond_goethe_university_receives_first_quantum_computer] Repaired malformed JSON.
[00:51:03 +3m 31s | thequantuminsider_2023_12_11_baby_diamond_goethe_university_receives_first_quantum_computer] Extracting actors: https://thequantuminsider.com/2023/12/11/baby-diamond-goethe-university-receives-first-quantum-computer (1/1), chunk 26/38
[00:51:11 +3m 39s | thequantuminsider_2023_12_11_baby_diamond_goethe_university_receives_first_quantum_computer] Repaired malformed JSON.
[00:51:11 +3m 39s | thequantuminsider_2023_12_11_baby_diamond_goethe_university_receives_first_quantum_computer] Extracting actors: https://thequantuminsider.com/2023/12/11/baby-diamond-goethe-university-receives-first-quantum-computer (1/1), chunk 27/38
[00:51:18 +3m 46s | thequantuminsider_2023_12_11_baby_diamond_goethe_university_receives_first_quantum_computer] Extracting actors: https://thequantuminsider.com/2023/12/11/baby-diamond-goethe-university-receives-first-quantum-computer (1/1), chunk 28/38
[00:51:28 +3m 56s | thequantuminsider_2023_12_11_baby_diamond_goethe_university_receives_first_quantum_computer] Repaired malformed JSON.
[00:51:28 +3m 56s | thequantuminsider_2023_12_11_baby_diamond_goethe_university_receives_first_quantum_computer] Extracting actors: https://thequantuminsider.com/2023/12/11/baby-diamond-goethe-university-receives-first-quantum-computer (1/1), chunk 29/38
[00:51:33 +4m 2s | thequantuminsider_2023_12_11_baby_diamond_goethe_university_receives_first_quantum_computer] Extracting actors: https://thequantuminsider.com/2023/12/11/baby-diamond-goethe-university-receives-first-quantum-computer (1/1), chunk 30/38
[00:51:38 +4m 7s | thequantuminsider_2023_12_11_baby_diamond_goethe_university_receives_first_quantum_computer] Extracting actors: https://thequantuminsider.com/2023/12/11/baby-diamond-goethe-university-receives-first-quantum-computer (1/1), chunk 31/38
[00:51:44 +4m 13s | thequantuminsider_2023_12_11_baby_diamond_goethe_university_receives_first_quantum_computer] Extracting actors: https://thequantuminsider.com/2023/12/11/baby-diamond-goethe-university-receives-first-quantum-computer (1/1), chunk 32/38
[00:52:07 +4m 36s | thequantuminsider_2023_12_11_baby_diamond_goethe_university_receives_first_quantum_computer] Extracting actors: https://thequantuminsider.com/2023/12/11/baby-diamond-goethe-university-receives-first-quantum-computer (1/1), chunk 33/38
[00:52:17 +4m 46s | thequantuminsider_2023_12_11_baby_diamond_goethe_university_receives_first_quantum_computer] Repaired malformed JSON.
[00:52:17 +4m 46s | thequantuminsider_2023_12_11_baby_diamond_goethe_university_receives_first_quantum_computer] Extracting actors: https://thequantuminsider.com/2023/12/11/baby-diamond-goethe-university-receives-first-quantum-computer (1/1), chunk 34/38
[00:52:21 +4m 51s | thequantuminsider_2023_12_11_baby_diamond_goethe_university_receives_first_quantum_computer] Extracting actors: https://thequantuminsider.com/2023/12/11/baby-diamond-goethe-university-receives-first-quantum-computer (1/1), chunk 35/38
[00:52:26 +4m 56s | thequantuminsider_2023_12_11_baby_diamond_goethe_university_receives_first_quantum_computer] Extracting actors: https://thequantuminsider.com/2023/12/11/baby-diamond-goethe-university-receives-first-quantum-computer (1/1), chunk 36/38
[00:52:31 +5m 0s | thequantuminsider_2023_12_11_baby_diamond_goethe_university_receives_first_quantum_computer] Extracting actors: https://thequantuminsider.com/2023/12/11/baby-diamond-goethe-university-receives-first-quantum-computer (1/1), chunk 37/38
[00:52:40 +5m 10s | thequantuminsider_2023_12_11_baby_diamond_goethe_university_receives_first_quantum_computer] Repaired malformed JSON.
[00:52:40 +5m 10s | thequantuminsider_2023_12_11_baby_diamond_goethe_university_receives_first_quantum_computer] Extracting actors: https://thequantuminsider.com/2023/12/11/baby-diamond-goethe-university-receives-first-quantum-computer (1/1), chunk 38/38
[00:52:47 +5m 17s | thequantuminsider_2023_12_11_baby_diamond_goethe_university_receives_first_quantum_computer] Saved 1_actor_results.json with 54 extracted records

[00:52:47 +5m 17s | thequantuminsider_2023_12_11_baby_diamond_goethe_university_receives_first_quantum_computer] === 2 clean actors ===
[00:52:47 +5m 17s | thequantuminsider_2023_12_11_baby_diamond_goethe_university_receives_first_quantum_computer] Loaded 54 extracted records
[00:52:47 +5m 17s | thequantuminsider_2023_12_11_baby_diamond_goethe_university_receives_first_quantum_computer] Saved 2_actor_nodes.json with 11 canonical actor nodes

[00:52:47 +5m 17s | thequantuminsider_2023_12_11_baby_diamond_goethe_university_receives_first_quantum_computer] === 3 interaction extraction ===
[00:52:47 +5m 17s | thequantuminsider_2023_12_11_baby_diamond_goethe_university_receives_first_quantum_computer] Extracting interactions: https://thequantuminsider.com/2023/12/11/baby-diamond-goethe-university-receives-first-quantum-computer (1/1), chunk 11/38
[00:52:53 +5m 23s | thequantuminsider_2023_12_11_baby_diamond_goethe_university_receives_first_quantum_computer] Extracting interactions: https://thequantuminsider.com/2023/12/11/baby-diamond-goethe-university-receives-first-quantum-computer (1/1), chunk 12/38
[00:52:58 +5m 29s | thequantuminsider_2023_12_11_baby_diamond_goethe_university_receives_first_quantum_computer] Extracting interactions: https://thequantuminsider.com/2023/12/11/baby-diamond-goethe-university-receives-first-quantum-computer (1/1), chunk 13/38
[00:53:03 +5m 33s | thequantuminsider_2023_12_11_baby_diamond_goethe_university_receives_first_quantum_computer] Extracting interactions: https://thequantuminsider.com/2023/12/11/baby-diamond-goethe-university-receives-first-quantum-computer (1/1), chunk 14/38
[00:53:08 +5m 39s | thequantuminsider_2023_12_11_baby_diamond_goethe_university_receives_first_quantum_computer] Extracting interactions: https://thequantuminsider.com/2023/12/11/baby-diamond-goethe-university-receives-first-quantum-computer (1/1), chunk 15/38
[00:53:16 +5m 47s | thequantuminsider_2023_12_11_baby_diamond_goethe_university_receives_first_quantum_computer] Extracting interactions: https://thequantuminsider.com/2023/12/11/baby-diamond-goethe-university-receives-first-quantum-computer (1/1), chunk 16/38
[00:53:27 +5m 58s | thequantuminsider_2023_12_11_baby_diamond_goethe_university_receives_first_quantum_computer] Extracting interactions: https://thequantuminsider.com/2023/12/11/baby-diamond-goethe-university-receives-first-quantum-computer (1/1), chunk 19/38
[00:53:29 +6m 1s | thequantuminsider_2023_12_11_baby_diamond_goethe_university_receives_first_quantum_computer] Extracting interactions: https://thequantuminsider.com/2023/12/11/baby-diamond-goethe-university-receives-first-quantum-computer (1/1), chunk 20/38
[00:53:34 +6m 5s | thequantuminsider_2023_12_11_baby_diamond_goethe_university_receives_first_quantum_computer] Extracting interactions: https://thequantuminsider.com/2023/12/11/baby-diamond-goethe-university-receives-first-quantum-computer (1/1), chunk 25/38
[00:53:39 +6m 11s | thequantuminsider_2023_12_11_baby_diamond_goethe_university_receives_first_quantum_computer] Extracting interactions: https://thequantuminsider.com/2023/12/11/baby-diamond-goethe-university-receives-first-quantum-computer (1/1), chunk 26/38
[00:53:44 +6m 16s | thequantuminsider_2023_12_11_baby_diamond_goethe_university_receives_first_quantum_computer] Extracting interactions: https://thequantuminsider.com/2023/12/11/baby-diamond-goethe-university-receives-first-quantum-computer (1/1), chunk 27/38
[00:53:45 +6m 17s | thequantuminsider_2023_12_11_baby_diamond_goethe_university_receives_first_quantum_computer] Extracting interactions: https://thequantuminsider.com/2023/12/11/baby-diamond-goethe-university-receives-first-quantum-computer (1/1), chunk 29/38
[00:53:47 +6m 20s | thequantuminsider_2023_12_11_baby_diamond_goethe_university_receives_first_quantum_computer] Extracting interactions: https://thequantuminsider.com/2023/12/11/baby-diamond-goethe-university-receives-first-quantum-computer (1/1), chunk 30/38
[00:53:49 +6m 21s | thequantuminsider_2023_12_11_baby_diamond_goethe_university_receives_first_quantum_computer] Extracting interactions: https://thequantuminsider.com/2023/12/11/baby-diamond-goethe-university-receives-first-quantum-computer (1/1), chunk 32/38
[00:53:52 +6m 24s | thequantuminsider_2023_12_11_baby_diamond_goethe_university_receives_first_quantum_computer] Extracting interactions: https://thequantuminsider.com/2023/12/11/baby-diamond-goethe-university-receives-first-quantum-computer (1/1), chunk 34/38
[00:53:56 +6m 28s | thequantuminsider_2023_12_11_baby_diamond_goethe_university_receives_first_quantum_computer] Extracting interactions: https://thequantuminsider.com/2023/12/11/baby-diamond-goethe-university-receives-first-quantum-computer (1/1), chunk 35/38
[00:53:57 +6m 29s | thequantuminsider_2023_12_11_baby_diamond_goethe_university_receives_first_quantum_computer] Saved 3_interaction_results.json with 11 extracted interactions.

[00:53:57 +6m 30s | thequantuminsider_2023_12_11_baby_diamond_goethe_university_receives_first_quantum_computer] === 4 clean interactions ===
[00:53:57 +6m 30s | thequantuminsider_2023_12_11_baby_diamond_goethe_university_receives_first_quantum_computer] Saved 4_edges.json with 1 cleaned interactions.

[00:53:57 +6m 30s | thequantuminsider_2023_12_11_baby_diamond_goethe_university_receives_first_quantum_computer] === 5 helix enrichment ===
[00:53:58 +6m 30s | thequantuminsider_2023_12_11_baby_diamond_goethe_university_receives_first_quantum_computer] Wrote 5_nodes.json (11 actors)
[00:53:58 +6m 30s | thequantuminsider_2023_12_11_baby_diamond_goethe_university_receives_first_quantum_computer] Wrote 5_edges.json (1 interactions)
[00:53:58 +6m 30s | thequantuminsider_2023_12_11_baby_diamond_goethe_university_receives_first_quantum_computer] Actor helix counts: {'Academia': 1, 'Civil Society': 2, 'Industry': 2, 'Intermediary': 1, 'Unknown': 5}
[00:53:58 +6m 30s | thequantuminsider_2023_12_11_baby_diamond_goethe_university_receives_first_quantum_computer] Functional-space counts: {'Innovation': 1}

[00:53:58 +6m 30s | thequantuminsider_2023_12_11_baby_diamond_goethe_university_receives_first_quantum_computer] === 6 network visualisation ===
[00:53:58 +6m 30s | thequantuminsider_2023_12_11_baby_diamond_goethe_university_receives_first_quantum_computer] Wrote quantum_network.html
[00:53:58 +6m 30s | thequantuminsider_2023_12_11_baby_diamond_goethe_university_receives_first_quantum_computer] Nodes: 11
[00:53:58 +6m 30s | thequantuminsider_2023_12_11_baby_diamond_goethe_university_receives_first_quantum_computer] Edges: 1

[00:53:58 +6m 30s | thequantuminsider_2023_12_11_baby_diamond_goethe_university_receives_first_quantum_computer] Done. Outputs written to: /home/lv/IDP/idpdeeptech/pipeline/news_outputs/thequantuminsider_2023_12_11_baby_diamond_goethe_university_receives_first_quantum_computer
[00:53:58 +6m 30s | thequantuminsider_2023_12_11_baby_diamond_goethe_university_receives_first_quantum_computer] Log: /home/lv/IDP/idpdeeptech/pipeline/news_outputs/thequantuminsider_2023_12_11_baby_diamond_goethe_university_receives_first_quantum_computer/run.log

========================================================================
RUN FINISHED 2026-07-05 00:53:58  (OK)
Started:     2026-07-05 00:47:38
Elapsed:     6m 30s
========================================================================
