
========================================================================
RUN STARTED  2026-07-05 01:00:58
site_pipeline.py https://thequantuminsider.com/2023/12/13/lego-like-photonics-integrating-photons-into-electronic-chips-expands-bandwidth-and-filter-control/
========================================================================

[01:00:58 +0s | thequantuminsider_2023_12_13_lego_like_photonics_integrating_photons_into_electronic_chip_499e19ad] === 0 crawl site ===
[01:01:00 +1s | thequantuminsider_2023_12_13_lego_like_photonics_integrating_photons_into_electronic_chip_499e19ad] [INIT].... → Crawl4AI 0.8.6 
[01:01:02 +4s | thequantuminsider_2023_12_13_lego_like_photonics_integrating_photons_into_electronic_chip_499e19ad] [FETCH]... ↓ https://thequantuminsider.com/2023/12/13/lego-li...onic-chips-expands-bandwidth-and-filter-control/  | ✓ | ⏱: 2.58s 
[01:01:02 +4s | thequantuminsider_2023_12_13_lego_like_photonics_integrating_photons_into_electronic_chip_499e19ad] [SCRAPE].. ◆ https://thequantuminsider.com/2023/12/13/lego-li...onic-chips-expands-bandwidth-and-filter-control/  | ✓ | ⏱: 0.13s 
[01:01:02 +4s | thequantuminsider_2023_12_13_lego_like_photonics_integrating_photons_into_electronic_chip_499e19ad] [COMPLETE] ● https://thequantuminsider.com/2023/12/13/lego-li...onic-chips-expands-bandwidth-and-filter-control/  | ✓ | ⏱: 2.73s 
[01:01:02 +4s | thequantuminsider_2023_12_13_lego_like_photonics_integrating_photons_into_electronic_chip_499e19ad] Saved: crawl_output/bcccb6558c_thequantuminsider.com_2023_12_13_lego-like-photonics-integrating-photons-into-electronic-chips-expands-bandwidth-and-filter-control.json

[01:01:03 +4s | thequantuminsider_2023_12_13_lego_like_photonics_integrating_photons_into_electronic_chip_499e19ad] === 1 actor extraction ===
[01:01:03 +5s | thequantuminsider_2023_12_13_lego_like_photonics_integrating_photons_into_electronic_chip_499e19ad] Reading page (1/1): https://thequantuminsider.com/2023/12/13/lego-like-photonics-integrating-photons-into-electronic-chips-expands-bandwidth-and-filter-control
[01:01:03 +5s | thequantuminsider_2023_12_13_lego_like_photonics_integrating_photons_into_electronic_chip_499e19ad] Extracting actors: https://thequantuminsider.com/2023/12/13/lego-like-photonics-integrating-photons-into-electronic-chips-expands-bandwidth-and-filter-control (1/1), chunk 1/39
[01:01:08 +10s | thequantuminsider_2023_12_13_lego_like_photonics_integrating_photons_into_electronic_chip_499e19ad] Extracting actors: https://thequantuminsider.com/2023/12/13/lego-like-photonics-integrating-photons-into-electronic-chips-expands-bandwidth-and-filter-control (1/1), chunk 2/39
[01:01:30 +33s | thequantuminsider_2023_12_13_lego_like_photonics_integrating_photons_into_electronic_chip_499e19ad] Extracting actors: https://thequantuminsider.com/2023/12/13/lego-like-photonics-integrating-photons-into-electronic-chips-expands-bandwidth-and-filter-control (1/1), chunk 3/39
[01:01:35 +38s | thequantuminsider_2023_12_13_lego_like_photonics_integrating_photons_into_electronic_chip_499e19ad] Extracting actors: https://thequantuminsider.com/2023/12/13/lego-like-photonics-integrating-photons-into-electronic-chips-expands-bandwidth-and-filter-control (1/1), chunk 4/39
[01:01:41 +44s | thequantuminsider_2023_12_13_lego_like_photonics_integrating_photons_into_electronic_chip_499e19ad] Extracting actors: https://thequantuminsider.com/2023/12/13/lego-like-photonics-integrating-photons-into-electronic-chips-expands-bandwidth-and-filter-control (1/1), chunk 5/39
[01:02:04 +1m 8s | thequantuminsider_2023_12_13_lego_like_photonics_integrating_photons_into_electronic_chip_499e19ad] Extracting actors: https://thequantuminsider.com/2023/12/13/lego-like-photonics-integrating-photons-into-electronic-chips-expands-bandwidth-and-filter-control (1/1), chunk 6/39
[01:02:09 +1m 13s | thequantuminsider_2023_12_13_lego_like_photonics_integrating_photons_into_electronic_chip_499e19ad] Extracting actors: https://thequantuminsider.com/2023/12/13/lego-like-photonics-integrating-photons-into-electronic-chips-expands-bandwidth-and-filter-control (1/1), chunk 7/39
[01:02:18 +1m 22s | thequantuminsider_2023_12_13_lego_like_photonics_integrating_photons_into_electronic_chip_499e19ad] Extracting actors: https://thequantuminsider.com/2023/12/13/lego-like-photonics-integrating-photons-into-electronic-chips-expands-bandwidth-and-filter-control (1/1), chunk 8/39
[01:02:25 +1m 28s | thequantuminsider_2023_12_13_lego_like_photonics_integrating_photons_into_electronic_chip_499e19ad] Extracting actors: https://thequantuminsider.com/2023/12/13/lego-like-photonics-integrating-photons-into-electronic-chips-expands-bandwidth-and-filter-control (1/1), chunk 9/39
[01:02:29 +1m 33s | thequantuminsider_2023_12_13_lego_like_photonics_integrating_photons_into_electronic_chip_499e19ad] Extracting actors: https://thequantuminsider.com/2023/12/13/lego-like-photonics-integrating-photons-into-electronic-chips-expands-bandwidth-and-filter-control (1/1), chunk 10/39
[01:02:35 +1m 40s | thequantuminsider_2023_12_13_lego_like_photonics_integrating_photons_into_electronic_chip_499e19ad] Extracting actors: https://thequantuminsider.com/2023/12/13/lego-like-photonics-integrating-photons-into-electronic-chips-expands-bandwidth-and-filter-control (1/1), chunk 11/39
[01:02:42 +1m 47s | thequantuminsider_2023_12_13_lego_like_photonics_integrating_photons_into_electronic_chip_499e19ad] Extracting actors: https://thequantuminsider.com/2023/12/13/lego-like-photonics-integrating-photons-into-electronic-chips-expands-bandwidth-and-filter-control (1/1), chunk 12/39
[01:02:50 +1m 54s | thequantuminsider_2023_12_13_lego_like_photonics_integrating_photons_into_electronic_chip_499e19ad] Repaired malformed JSON.
[01:02:50 +1m 54s | thequantuminsider_2023_12_13_lego_like_photonics_integrating_photons_into_electronic_chip_499e19ad] Extracting actors: https://thequantuminsider.com/2023/12/13/lego-like-photonics-integrating-photons-into-electronic-chips-expands-bandwidth-and-filter-control (1/1), chunk 13/39
[01:02:58 +2m 3s | thequantuminsider_2023_12_13_lego_like_photonics_integrating_photons_into_electronic_chip_499e19ad] Repaired malformed JSON.
[01:02:58 +2m 3s | thequantuminsider_2023_12_13_lego_like_photonics_integrating_photons_into_electronic_chip_499e19ad] Extracting actors: https://thequantuminsider.com/2023/12/13/lego-like-photonics-integrating-photons-into-electronic-chips-expands-bandwidth-and-filter-control (1/1), chunk 14/39
[01:03:05 +2m 10s | thequantuminsider_2023_12_13_lego_like_photonics_integrating_photons_into_electronic_chip_499e19ad] Repaired malformed JSON.
[01:03:05 +2m 10s | thequantuminsider_2023_12_13_lego_like_photonics_integrating_photons_into_electronic_chip_499e19ad] Extracting actors: https://thequantuminsider.com/2023/12/13/lego-like-photonics-integrating-photons-into-electronic-chips-expands-bandwidth-and-filter-control (1/1), chunk 15/39
[01:03:11 +2m 16s | thequantuminsider_2023_12_13_lego_like_photonics_integrating_photons_into_electronic_chip_499e19ad] Repaired malformed JSON.
[01:03:11 +2m 16s | thequantuminsider_2023_12_13_lego_like_photonics_integrating_photons_into_electronic_chip_499e19ad] Extracting actors: https://thequantuminsider.com/2023/12/13/lego-like-photonics-integrating-photons-into-electronic-chips-expands-bandwidth-and-filter-control (1/1), chunk 16/39
[01:03:22 +2m 27s | thequantuminsider_2023_12_13_lego_like_photonics_integrating_photons_into_electronic_chip_499e19ad] Repaired malformed JSON.
[01:03:22 +2m 27s | thequantuminsider_2023_12_13_lego_like_photonics_integrating_photons_into_electronic_chip_499e19ad] Extracting actors: https://thequantuminsider.com/2023/12/13/lego-like-photonics-integrating-photons-into-electronic-chips-expands-bandwidth-and-filter-control (1/1), chunk 17/39
[01:03:30 +2m 36s | thequantuminsider_2023_12_13_lego_like_photonics_integrating_photons_into_electronic_chip_499e19ad] Repaired malformed JSON.
[01:03:30 +2m 36s | thequantuminsider_2023_12_13_lego_like_photonics_integrating_photons_into_electronic_chip_499e19ad] Extracting actors: https://thequantuminsider.com/2023/12/13/lego-like-photonics-integrating-photons-into-electronic-chips-expands-bandwidth-and-filter-control (1/1), chunk 18/39
[01:03:38 +2m 44s | thequantuminsider_2023_12_13_lego_like_photonics_integrating_photons_into_electronic_chip_499e19ad] Repaired malformed JSON.
[01:03:38 +2m 44s | thequantuminsider_2023_12_13_lego_like_photonics_integrating_photons_into_electronic_chip_499e19ad] Extracting actors: https://thequantuminsider.com/2023/12/13/lego-like-photonics-integrating-photons-into-electronic-chips-expands-bandwidth-and-filter-control (1/1), chunk 19/39
[01:03:46 +2m 52s | thequantuminsider_2023_12_13_lego_like_photonics_integrating_photons_into_electronic_chip_499e19ad] Repaired malformed JSON.
[01:03:46 +2m 52s | thequantuminsider_2023_12_13_lego_like_photonics_integrating_photons_into_electronic_chip_499e19ad] Extracting actors: https://thequantuminsider.com/2023/12/13/lego-like-photonics-integrating-photons-into-electronic-chips-expands-bandwidth-and-filter-control (1/1), chunk 20/39
[01:03:52 +2m 58s | thequantuminsider_2023_12_13_lego_like_photonics_integrating_photons_into_electronic_chip_499e19ad] Extracting actors: https://thequantuminsider.com/2023/12/13/lego-like-photonics-integrating-photons-into-electronic-chips-expands-bandwidth-and-filter-control (1/1), chunk 21/39
[01:04:01 +3m 7s | thequantuminsider_2023_12_13_lego_like_photonics_integrating_photons_into_electronic_chip_499e19ad] Repaired malformed JSON.
[01:04:01 +3m 7s | thequantuminsider_2023_12_13_lego_like_photonics_integrating_photons_into_electronic_chip_499e19ad] Extracting actors: https://thequantuminsider.com/2023/12/13/lego-like-photonics-integrating-photons-into-electronic-chips-expands-bandwidth-and-filter-control (1/1), chunk 22/39
[01:04:11 +3m 18s | thequantuminsider_2023_12_13_lego_like_photonics_integrating_photons_into_electronic_chip_499e19ad] Repaired malformed JSON.
[01:04:11 +3m 18s | thequantuminsider_2023_12_13_lego_like_photonics_integrating_photons_into_electronic_chip_499e19ad] Extracting actors: https://thequantuminsider.com/2023/12/13/lego-like-photonics-integrating-photons-into-electronic-chips-expands-bandwidth-and-filter-control (1/1), chunk 23/39
[01:04:17 +3m 24s | thequantuminsider_2023_12_13_lego_like_photonics_integrating_photons_into_electronic_chip_499e19ad] Repaired malformed JSON.
[01:04:17 +3m 24s | thequantuminsider_2023_12_13_lego_like_photonics_integrating_photons_into_electronic_chip_499e19ad] Extracting actors: https://thequantuminsider.com/2023/12/13/lego-like-photonics-integrating-photons-into-electronic-chips-expands-bandwidth-and-filter-control (1/1), chunk 24/39
[01:04:42 +3m 50s | thequantuminsider_2023_12_13_lego_like_photonics_integrating_photons_into_electronic_chip_499e19ad] Repaired malformed JSON.
[01:04:42 +3m 50s | thequantuminsider_2023_12_13_lego_like_photonics_integrating_photons_into_electronic_chip_499e19ad] Extracting actors: https://thequantuminsider.com/2023/12/13/lego-like-photonics-integrating-photons-into-electronic-chips-expands-bandwidth-and-filter-control (1/1), chunk 25/39
[01:04:49 +3m 57s | thequantuminsider_2023_12_13_lego_like_photonics_integrating_photons_into_electronic_chip_499e19ad] Repaired malformed JSON.
[01:04:49 +3m 57s | thequantuminsider_2023_12_13_lego_like_photonics_integrating_photons_into_electronic_chip_499e19ad] Extracting actors: https://thequantuminsider.com/2023/12/13/lego-like-photonics-integrating-photons-into-electronic-chips-expands-bandwidth-and-filter-control (1/1), chunk 26/39
[01:05:01 +4m 8s | thequantuminsider_2023_12_13_lego_like_photonics_integrating_photons_into_electronic_chip_499e19ad] Repaired malformed JSON.
[01:05:01 +4m 8s | thequantuminsider_2023_12_13_lego_like_photonics_integrating_photons_into_electronic_chip_499e19ad] Extracting actors: https://thequantuminsider.com/2023/12/13/lego-like-photonics-integrating-photons-into-electronic-chips-expands-bandwidth-and-filter-control (1/1), chunk 27/39
[01:05:24 +4m 33s | thequantuminsider_2023_12_13_lego_like_photonics_integrating_photons_into_electronic_chip_499e19ad] Extracting actors: https://thequantuminsider.com/2023/12/13/lego-like-photonics-integrating-photons-into-electronic-chips-expands-bandwidth-and-filter-control (1/1), chunk 28/39
[01:05:34 +4m 42s | thequantuminsider_2023_12_13_lego_like_photonics_integrating_photons_into_electronic_chip_499e19ad] Repaired malformed JSON.
[01:05:34 +4m 42s | thequantuminsider_2023_12_13_lego_like_photonics_integrating_photons_into_electronic_chip_499e19ad] Extracting actors: https://thequantuminsider.com/2023/12/13/lego-like-photonics-integrating-photons-into-electronic-chips-expands-bandwidth-and-filter-control (1/1), chunk 29/39
[01:05:37 +4m 47s | thequantuminsider_2023_12_13_lego_like_photonics_integrating_photons_into_electronic_chip_499e19ad] Extracting actors: https://thequantuminsider.com/2023/12/13/lego-like-photonics-integrating-photons-into-electronic-chips-expands-bandwidth-and-filter-control (1/1), chunk 30/39
[01:05:41 +4m 51s | thequantuminsider_2023_12_13_lego_like_photonics_integrating_photons_into_electronic_chip_499e19ad] Extracting actors: https://thequantuminsider.com/2023/12/13/lego-like-photonics-integrating-photons-into-electronic-chips-expands-bandwidth-and-filter-control (1/1), chunk 31/39
[01:05:48 +4m 58s | thequantuminsider_2023_12_13_lego_like_photonics_integrating_photons_into_electronic_chip_499e19ad] Repaired malformed JSON.
[01:05:48 +4m 58s | thequantuminsider_2023_12_13_lego_like_photonics_integrating_photons_into_electronic_chip_499e19ad] Extracting actors: https://thequantuminsider.com/2023/12/13/lego-like-photonics-integrating-photons-into-electronic-chips-expands-bandwidth-and-filter-control (1/1), chunk 32/39
[01:06:04 +5m 13s | thequantuminsider_2023_12_13_lego_like_photonics_integrating_photons_into_electronic_chip_499e19ad] Repaired malformed JSON.
[01:06:04 +5m 13s | thequantuminsider_2023_12_13_lego_like_photonics_integrating_photons_into_electronic_chip_499e19ad] Extracting actors: https://thequantuminsider.com/2023/12/13/lego-like-photonics-integrating-photons-into-electronic-chips-expands-bandwidth-and-filter-control (1/1), chunk 33/39
[01:06:24 +5m 35s | thequantuminsider_2023_12_13_lego_like_photonics_integrating_photons_into_electronic_chip_499e19ad] Repaired malformed JSON.
[01:06:24 +5m 35s | thequantuminsider_2023_12_13_lego_like_photonics_integrating_photons_into_electronic_chip_499e19ad] Extracting actors: https://thequantuminsider.com/2023/12/13/lego-like-photonics-integrating-photons-into-electronic-chips-expands-bandwidth-and-filter-control (1/1), chunk 34/39
[01:06:34 +5m 44s | thequantuminsider_2023_12_13_lego_like_photonics_integrating_photons_into_electronic_chip_499e19ad] Repaired malformed JSON.
[01:06:34 +5m 44s | thequantuminsider_2023_12_13_lego_like_photonics_integrating_photons_into_electronic_chip_499e19ad] Extracting actors: https://thequantuminsider.com/2023/12/13/lego-like-photonics-integrating-photons-into-electronic-chips-expands-bandwidth-and-filter-control (1/1), chunk 35/39
[01:06:43 +5m 54s | thequantuminsider_2023_12_13_lego_like_photonics_integrating_photons_into_electronic_chip_499e19ad] Repaired malformed JSON.
[01:06:43 +5m 54s | thequantuminsider_2023_12_13_lego_like_photonics_integrating_photons_into_electronic_chip_499e19ad] Extracting actors: https://thequantuminsider.com/2023/12/13/lego-like-photonics-integrating-photons-into-electronic-chips-expands-bandwidth-and-filter-control (1/1), chunk 36/39
[01:06:49 +6m 1s | thequantuminsider_2023_12_13_lego_like_photonics_integrating_photons_into_electronic_chip_499e19ad] Repaired malformed JSON.
[01:06:49 +6m 1s | thequantuminsider_2023_12_13_lego_like_photonics_integrating_photons_into_electronic_chip_499e19ad] Extracting actors: https://thequantuminsider.com/2023/12/13/lego-like-photonics-integrating-photons-into-electronic-chips-expands-bandwidth-and-filter-control (1/1), chunk 37/39
[01:06:57 +6m 9s | thequantuminsider_2023_12_13_lego_like_photonics_integrating_photons_into_electronic_chip_499e19ad] Repaired malformed JSON.
[01:06:57 +6m 9s | thequantuminsider_2023_12_13_lego_like_photonics_integrating_photons_into_electronic_chip_499e19ad] Extracting actors: https://thequantuminsider.com/2023/12/13/lego-like-photonics-integrating-photons-into-electronic-chips-expands-bandwidth-and-filter-control (1/1), chunk 38/39
[01:07:05 +6m 16s | thequantuminsider_2023_12_13_lego_like_photonics_integrating_photons_into_electronic_chip_499e19ad] Repaired malformed JSON.
[01:07:05 +6m 16s | thequantuminsider_2023_12_13_lego_like_photonics_integrating_photons_into_electronic_chip_499e19ad] Extracting actors: https://thequantuminsider.com/2023/12/13/lego-like-photonics-integrating-photons-into-electronic-chips-expands-bandwidth-and-filter-control (1/1), chunk 39/39
[01:07:10 +6m 22s | thequantuminsider_2023_12_13_lego_like_photonics_integrating_photons_into_electronic_chip_499e19ad] Repaired malformed JSON.
[01:07:10 +6m 22s | thequantuminsider_2023_12_13_lego_like_photonics_integrating_photons_into_electronic_chip_499e19ad] Saved 1_actor_results.json with 54 extracted records

[01:07:10 +6m 22s | thequantuminsider_2023_12_13_lego_like_photonics_integrating_photons_into_electronic_chip_499e19ad] === 2 clean actors ===
[01:07:10 +6m 22s | thequantuminsider_2023_12_13_lego_like_photonics_integrating_photons_into_electronic_chip_499e19ad] Loaded 54 extracted records
[01:07:10 +6m 22s | thequantuminsider_2023_12_13_lego_like_photonics_integrating_photons_into_electronic_chip_499e19ad] Saved 2_actor_nodes.json with 24 canonical actor nodes

[01:07:10 +6m 22s | thequantuminsider_2023_12_13_lego_like_photonics_integrating_photons_into_electronic_chip_499e19ad] === 3 interaction extraction ===
[01:07:10 +6m 22s | thequantuminsider_2023_12_13_lego_like_photonics_integrating_photons_into_electronic_chip_499e19ad] Extracting interactions: https://thequantuminsider.com/2023/12/13/lego-like-photonics-integrating-photons-into-electronic-chips-expands-bandwidth-and-filter-control (1/1), chunk 12/39
[01:07:17 +6m 30s | thequantuminsider_2023_12_13_lego_like_photonics_integrating_photons_into_electronic_chip_499e19ad] Extracting interactions: https://thequantuminsider.com/2023/12/13/lego-like-photonics-integrating-photons-into-electronic-chips-expands-bandwidth-and-filter-control (1/1), chunk 13/39
[01:07:34 +6m 46s | thequantuminsider_2023_12_13_lego_like_photonics_integrating_photons_into_electronic_chip_499e19ad] Extracting interactions: https://thequantuminsider.com/2023/12/13/lego-like-photonics-integrating-photons-into-electronic-chips-expands-bandwidth-and-filter-control (1/1), chunk 14/39
[01:07:42 +6m 55s | thequantuminsider_2023_12_13_lego_like_photonics_integrating_photons_into_electronic_chip_499e19ad] Extracting interactions: https://thequantuminsider.com/2023/12/13/lego-like-photonics-integrating-photons-into-electronic-chips-expands-bandwidth-and-filter-control (1/1), chunk 15/39
[01:07:53 +7m 6s | thequantuminsider_2023_12_13_lego_like_photonics_integrating_photons_into_electronic_chip_499e19ad] Extracting interactions: https://thequantuminsider.com/2023/12/13/lego-like-photonics-integrating-photons-into-electronic-chips-expands-bandwidth-and-filter-control (1/1), chunk 16/39
[01:08:11 +7m 24s | thequantuminsider_2023_12_13_lego_like_photonics_integrating_photons_into_electronic_chip_499e19ad] Extracting interactions: https://thequantuminsider.com/2023/12/13/lego-like-photonics-integrating-photons-into-electronic-chips-expands-bandwidth-and-filter-control (1/1), chunk 17/39
[01:08:25 +7m 39s | thequantuminsider_2023_12_13_lego_like_photonics_integrating_photons_into_electronic_chip_499e19ad] Extracting interactions: https://thequantuminsider.com/2023/12/13/lego-like-photonics-integrating-photons-into-electronic-chips-expands-bandwidth-and-filter-control (1/1), chunk 18/39
[01:08:38 +7m 52s | thequantuminsider_2023_12_13_lego_like_photonics_integrating_photons_into_electronic_chip_499e19ad] Extracting interactions: https://thequantuminsider.com/2023/12/13/lego-like-photonics-integrating-photons-into-electronic-chips-expands-bandwidth-and-filter-control (1/1), chunk 19/39
[01:08:47 +8m 3s | thequantuminsider_2023_12_13_lego_like_photonics_integrating_photons_into_electronic_chip_499e19ad] Extracting interactions: https://thequantuminsider.com/2023/12/13/lego-like-photonics-integrating-photons-into-electronic-chips-expands-bandwidth-and-filter-control (1/1), chunk 21/39
[01:08:49 +8m 4s | thequantuminsider_2023_12_13_lego_like_photonics_integrating_photons_into_electronic_chip_499e19ad] Extracting interactions: https://thequantuminsider.com/2023/12/13/lego-like-photonics-integrating-photons-into-electronic-chips-expands-bandwidth-and-filter-control (1/1), chunk 22/39
[01:08:50 +8m 6s | thequantuminsider_2023_12_13_lego_like_photonics_integrating_photons_into_electronic_chip_499e19ad] Extracting interactions: https://thequantuminsider.com/2023/12/13/lego-like-photonics-integrating-photons-into-electronic-chips-expands-bandwidth-and-filter-control (1/1), chunk 23/39
[01:09:01 +8m 16s | thequantuminsider_2023_12_13_lego_like_photonics_integrating_photons_into_electronic_chip_499e19ad] Extracting interactions: https://thequantuminsider.com/2023/12/13/lego-like-photonics-integrating-photons-into-electronic-chips-expands-bandwidth-and-filter-control (1/1), chunk 24/39
[01:09:07 +8m 22s | thequantuminsider_2023_12_13_lego_like_photonics_integrating_photons_into_electronic_chip_499e19ad] Extracting interactions: https://thequantuminsider.com/2023/12/13/lego-like-photonics-integrating-photons-into-electronic-chips-expands-bandwidth-and-filter-control (1/1), chunk 26/39
[01:09:08 +8m 23s | thequantuminsider_2023_12_13_lego_like_photonics_integrating_photons_into_electronic_chip_499e19ad] Extracting interactions: https://thequantuminsider.com/2023/12/13/lego-like-photonics-integrating-photons-into-electronic-chips-expands-bandwidth-and-filter-control (1/1), chunk 28/39
[01:09:12 +8m 27s | thequantuminsider_2023_12_13_lego_like_photonics_integrating_photons_into_electronic_chip_499e19ad] Extracting interactions: https://thequantuminsider.com/2023/12/13/lego-like-photonics-integrating-photons-into-electronic-chips-expands-bandwidth-and-filter-control (1/1), chunk 29/39
[01:09:16 +8m 32s | thequantuminsider_2023_12_13_lego_like_photonics_integrating_photons_into_electronic_chip_499e19ad] Extracting interactions: https://thequantuminsider.com/2023/12/13/lego-like-photonics-integrating-photons-into-electronic-chips-expands-bandwidth-and-filter-control (1/1), chunk 30/39
[01:09:18 +8m 34s | thequantuminsider_2023_12_13_lego_like_photonics_integrating_photons_into_electronic_chip_499e19ad] Extracting interactions: https://thequantuminsider.com/2023/12/13/lego-like-photonics-integrating-photons-into-electronic-chips-expands-bandwidth-and-filter-control (1/1), chunk 31/39
[01:09:21 +8m 37s | thequantuminsider_2023_12_13_lego_like_photonics_integrating_photons_into_electronic_chip_499e19ad] Extracting interactions: https://thequantuminsider.com/2023/12/13/lego-like-photonics-integrating-photons-into-electronic-chips-expands-bandwidth-and-filter-control (1/1), chunk 32/39
[01:09:37 +8m 53s | thequantuminsider_2023_12_13_lego_like_photonics_integrating_photons_into_electronic_chip_499e19ad] Extracting interactions: https://thequantuminsider.com/2023/12/13/lego-like-photonics-integrating-photons-into-electronic-chips-expands-bandwidth-and-filter-control (1/1), chunk 33/39
[01:09:38 +8m 54s | thequantuminsider_2023_12_13_lego_like_photonics_integrating_photons_into_electronic_chip_499e19ad] Extracting interactions: https://thequantuminsider.com/2023/12/13/lego-like-photonics-integrating-photons-into-electronic-chips-expands-bandwidth-and-filter-control (1/1), chunk 34/39
[01:09:41 +8m 57s | thequantuminsider_2023_12_13_lego_like_photonics_integrating_photons_into_electronic_chip_499e19ad] Extracting interactions: https://thequantuminsider.com/2023/12/13/lego-like-photonics-integrating-photons-into-electronic-chips-expands-bandwidth-and-filter-control (1/1), chunk 35/39
[01:09:42 +8m 59s | thequantuminsider_2023_12_13_lego_like_photonics_integrating_photons_into_electronic_chip_499e19ad] Extracting interactions: https://thequantuminsider.com/2023/12/13/lego-like-photonics-integrating-photons-into-electronic-chips-expands-bandwidth-and-filter-control (1/1), chunk 37/39
[01:09:44 +9m 0s | thequantuminsider_2023_12_13_lego_like_photonics_integrating_photons_into_electronic_chip_499e19ad] Extracting interactions: https://thequantuminsider.com/2023/12/13/lego-like-photonics-integrating-photons-into-electronic-chips-expands-bandwidth-and-filter-control (1/1), chunk 38/39
[01:09:56 +9m 12s | thequantuminsider_2023_12_13_lego_like_photonics_integrating_photons_into_electronic_chip_499e19ad] Extracting interactions: https://thequantuminsider.com/2023/12/13/lego-like-photonics-integrating-photons-into-electronic-chips-expands-bandwidth-and-filter-control (1/1), chunk 39/39
[01:09:58 +9m 15s | thequantuminsider_2023_12_13_lego_like_photonics_integrating_photons_into_electronic_chip_499e19ad] Saved 3_interaction_results.json with 25 extracted interactions.

[01:09:58 +9m 15s | thequantuminsider_2023_12_13_lego_like_photonics_integrating_photons_into_electronic_chip_499e19ad] === 4 clean interactions ===
[01:09:58 +9m 15s | thequantuminsider_2023_12_13_lego_like_photonics_integrating_photons_into_electronic_chip_499e19ad] Saved 4_edges.json with 6 cleaned interactions.

[01:09:58 +9m 15s | thequantuminsider_2023_12_13_lego_like_photonics_integrating_photons_into_electronic_chip_499e19ad] === 5 helix enrichment ===
[01:09:58 +9m 15s | thequantuminsider_2023_12_13_lego_like_photonics_integrating_photons_into_electronic_chip_499e19ad] Wrote 5_nodes.json (24 actors)
[01:09:58 +9m 15s | thequantuminsider_2023_12_13_lego_like_photonics_integrating_photons_into_electronic_chip_499e19ad] Wrote 5_edges.json (6 interactions)
[01:09:58 +9m 15s | thequantuminsider_2023_12_13_lego_like_photonics_integrating_photons_into_electronic_chip_499e19ad] Actor helix counts: {'Academia': 5, 'Civil Society': 4, 'Industry': 4, 'Intermediary': 1, 'Unknown': 10}
[01:09:58 +9m 15s | thequantuminsider_2023_12_13_lego_like_photonics_integrating_photons_into_electronic_chip_499e19ad] Functional-space counts: {'Intra-helix / Not classified': 3, 'Unknown': 3}

[01:09:58 +9m 15s | thequantuminsider_2023_12_13_lego_like_photonics_integrating_photons_into_electronic_chip_499e19ad] === 6 network visualisation ===
[01:09:58 +9m 15s | thequantuminsider_2023_12_13_lego_like_photonics_integrating_photons_into_electronic_chip_499e19ad] Wrote quantum_network.html
[01:09:58 +9m 15s | thequantuminsider_2023_12_13_lego_like_photonics_integrating_photons_into_electronic_chip_499e19ad] Nodes: 24
[01:09:58 +9m 15s | thequantuminsider_2023_12_13_lego_like_photonics_integrating_photons_into_electronic_chip_499e19ad] Edges: 4

[01:09:59 +9m 15s | thequantuminsider_2023_12_13_lego_like_photonics_integrating_photons_into_electronic_chip_499e19ad] Done. Outputs written to: /home/lv/IDP/idpdeeptech/pipeline/news_outputs/thequantuminsider_2023_12_13_lego_like_photonics_integrating_photons_into_electronic_chip_499e19ad
[01:09:59 +9m 15s | thequantuminsider_2023_12_13_lego_like_photonics_integrating_photons_into_electronic_chip_499e19ad] Log: /home/lv/IDP/idpdeeptech/pipeline/news_outputs/thequantuminsider_2023_12_13_lego_like_photonics_integrating_photons_into_electronic_chip_499e19ad/run.log

========================================================================
RUN FINISHED 2026-07-05 01:09:59  (OK)
Started:     2026-07-05 01:00:58
Elapsed:     9m 15s
========================================================================
