
========================================================================
RUN STARTED  2026-07-05 01:59:14
site_pipeline.py https://thequantuminsider.com/2023/11/28/alibaba-donates-quantum-equipment-to-chinese-university/
========================================================================

[01:59:14 +0s | thequantuminsider_2023_11_28_alibaba_donates_quantum_equipment_to_chinese_university] === 0 crawl site ===
[01:59:16 +1s | thequantuminsider_2023_11_28_alibaba_donates_quantum_equipment_to_chinese_university] [INIT].... → Crawl4AI 0.8.6 
[01:59:18 +3s | thequantuminsider_2023_11_28_alibaba_donates_quantum_equipment_to_chinese_university] [FETCH]... ↓ https://thequantuminsider.com/2023/11/28/alibaba-donates-quantum-equipment-to-chinese-university/    | ✓ | ⏱: 1.98s 
[01:59:18 +4s | thequantuminsider_2023_11_28_alibaba_donates_quantum_equipment_to_chinese_university] [SCRAPE].. ◆ https://thequantuminsider.com/2023/11/28/alibaba-donates-quantum-equipment-to-chinese-university/    | ✓ | ⏱: 0.13s 
[01:59:18 +4s | thequantuminsider_2023_11_28_alibaba_donates_quantum_equipment_to_chinese_university] [COMPLETE] ● https://thequantuminsider.com/2023/11/28/alibaba-donates-quantum-equipment-to-chinese-university/    | ✓ | ⏱: 2.13s 
[01:59:18 +4s | thequantuminsider_2023_11_28_alibaba_donates_quantum_equipment_to_chinese_university] Saved: crawl_output/991e2ea1f1_thequantuminsider.com_2023_11_28_alibaba-donates-quantum-equipment-to-chinese-university.json

[01:59:18 +4s | thequantuminsider_2023_11_28_alibaba_donates_quantum_equipment_to_chinese_university] === 1 actor extraction ===
[01:59:18 +4s | thequantuminsider_2023_11_28_alibaba_donates_quantum_equipment_to_chinese_university] Reading page (1/1): https://thequantuminsider.com/2023/11/28/alibaba-donates-quantum-equipment-to-chinese-university
[01:59:18 +4s | thequantuminsider_2023_11_28_alibaba_donates_quantum_equipment_to_chinese_university] Extracting actors: https://thequantuminsider.com/2023/11/28/alibaba-donates-quantum-equipment-to-chinese-university (1/1), chunk 1/36
[01:59:27 +13s | thequantuminsider_2023_11_28_alibaba_donates_quantum_equipment_to_chinese_university] Repaired malformed JSON.
[01:59:27 +13s | thequantuminsider_2023_11_28_alibaba_donates_quantum_equipment_to_chinese_university] Extracting actors: https://thequantuminsider.com/2023/11/28/alibaba-donates-quantum-equipment-to-chinese-university (1/1), chunk 2/36
[01:59:37 +23s | thequantuminsider_2023_11_28_alibaba_donates_quantum_equipment_to_chinese_university] Repaired malformed JSON.
[01:59:37 +23s | thequantuminsider_2023_11_28_alibaba_donates_quantum_equipment_to_chinese_university] Extracting actors: https://thequantuminsider.com/2023/11/28/alibaba-donates-quantum-equipment-to-chinese-university (1/1), chunk 3/36
[01:59:45 +31s | thequantuminsider_2023_11_28_alibaba_donates_quantum_equipment_to_chinese_university] Repaired malformed JSON.
[01:59:45 +31s | thequantuminsider_2023_11_28_alibaba_donates_quantum_equipment_to_chinese_university] Extracting actors: https://thequantuminsider.com/2023/11/28/alibaba-donates-quantum-equipment-to-chinese-university (1/1), chunk 4/36
[01:59:55 +42s | thequantuminsider_2023_11_28_alibaba_donates_quantum_equipment_to_chinese_university] Repaired malformed JSON.
[01:59:55 +42s | thequantuminsider_2023_11_28_alibaba_donates_quantum_equipment_to_chinese_university] Extracting actors: https://thequantuminsider.com/2023/11/28/alibaba-donates-quantum-equipment-to-chinese-university (1/1), chunk 5/36
[02:00:03 +49s | thequantuminsider_2023_11_28_alibaba_donates_quantum_equipment_to_chinese_university] Repaired malformed JSON.
[02:00:03 +49s | thequantuminsider_2023_11_28_alibaba_donates_quantum_equipment_to_chinese_university] Extracting actors: https://thequantuminsider.com/2023/11/28/alibaba-donates-quantum-equipment-to-chinese-university (1/1), chunk 6/36
[02:00:09 +56s | thequantuminsider_2023_11_28_alibaba_donates_quantum_equipment_to_chinese_university] Repaired malformed JSON.
[02:00:09 +56s | thequantuminsider_2023_11_28_alibaba_donates_quantum_equipment_to_chinese_university] Extracting actors: https://thequantuminsider.com/2023/11/28/alibaba-donates-quantum-equipment-to-chinese-university (1/1), chunk 7/36
[02:00:16 +1m 4s | thequantuminsider_2023_11_28_alibaba_donates_quantum_equipment_to_chinese_university] Repaired malformed JSON.
[02:00:16 +1m 4s | thequantuminsider_2023_11_28_alibaba_donates_quantum_equipment_to_chinese_university] Extracting actors: https://thequantuminsider.com/2023/11/28/alibaba-donates-quantum-equipment-to-chinese-university (1/1), chunk 8/36
[02:00:23 +1m 11s | thequantuminsider_2023_11_28_alibaba_donates_quantum_equipment_to_chinese_university] Repaired malformed JSON.
[02:00:23 +1m 11s | thequantuminsider_2023_11_28_alibaba_donates_quantum_equipment_to_chinese_university] Extracting actors: https://thequantuminsider.com/2023/11/28/alibaba-donates-quantum-equipment-to-chinese-university (1/1), chunk 9/36
[02:00:32 +1m 20s | thequantuminsider_2023_11_28_alibaba_donates_quantum_equipment_to_chinese_university] Repaired malformed JSON.
[02:00:32 +1m 20s | thequantuminsider_2023_11_28_alibaba_donates_quantum_equipment_to_chinese_university] Extracting actors: https://thequantuminsider.com/2023/11/28/alibaba-donates-quantum-equipment-to-chinese-university (1/1), chunk 10/36
[02:00:39 +1m 27s | thequantuminsider_2023_11_28_alibaba_donates_quantum_equipment_to_chinese_university] Repaired malformed JSON.
[02:00:39 +1m 27s | thequantuminsider_2023_11_28_alibaba_donates_quantum_equipment_to_chinese_university] Extracting actors: https://thequantuminsider.com/2023/11/28/alibaba-donates-quantum-equipment-to-chinese-university (1/1), chunk 11/36
[02:00:47 +1m 37s | thequantuminsider_2023_11_28_alibaba_donates_quantum_equipment_to_chinese_university] Repaired malformed JSON.
[02:00:47 +1m 37s | thequantuminsider_2023_11_28_alibaba_donates_quantum_equipment_to_chinese_university] Extracting actors: https://thequantuminsider.com/2023/11/28/alibaba-donates-quantum-equipment-to-chinese-university (1/1), chunk 12/36
[02:00:55 +1m 44s | thequantuminsider_2023_11_28_alibaba_donates_quantum_equipment_to_chinese_university] Repaired malformed JSON.
[02:00:55 +1m 44s | thequantuminsider_2023_11_28_alibaba_donates_quantum_equipment_to_chinese_university] Extracting actors: https://thequantuminsider.com/2023/11/28/alibaba-donates-quantum-equipment-to-chinese-university (1/1), chunk 13/36
[02:01:04 +1m 53s | thequantuminsider_2023_11_28_alibaba_donates_quantum_equipment_to_chinese_university] Repaired malformed JSON.
[02:01:04 +1m 53s | thequantuminsider_2023_11_28_alibaba_donates_quantum_equipment_to_chinese_university] Extracting actors: https://thequantuminsider.com/2023/11/28/alibaba-donates-quantum-equipment-to-chinese-university (1/1), chunk 14/36
[02:01:13 +2m 2s | thequantuminsider_2023_11_28_alibaba_donates_quantum_equipment_to_chinese_university] Repaired malformed JSON.
[02:01:13 +2m 2s | thequantuminsider_2023_11_28_alibaba_donates_quantum_equipment_to_chinese_university] Extracting actors: https://thequantuminsider.com/2023/11/28/alibaba-donates-quantum-equipment-to-chinese-university (1/1), chunk 15/36
[02:01:20 +2m 11s | thequantuminsider_2023_11_28_alibaba_donates_quantum_equipment_to_chinese_university] Repaired malformed JSON.
[02:01:20 +2m 11s | thequantuminsider_2023_11_28_alibaba_donates_quantum_equipment_to_chinese_university] Extracting actors: https://thequantuminsider.com/2023/11/28/alibaba-donates-quantum-equipment-to-chinese-university (1/1), chunk 16/36
[02:01:29 +2m 20s | thequantuminsider_2023_11_28_alibaba_donates_quantum_equipment_to_chinese_university] Repaired malformed JSON.
[02:01:29 +2m 20s | thequantuminsider_2023_11_28_alibaba_donates_quantum_equipment_to_chinese_university] Extracting actors: https://thequantuminsider.com/2023/11/28/alibaba-donates-quantum-equipment-to-chinese-university (1/1), chunk 17/36
[02:01:39 +2m 29s | thequantuminsider_2023_11_28_alibaba_donates_quantum_equipment_to_chinese_university] Repaired malformed JSON.
[02:01:39 +2m 29s | thequantuminsider_2023_11_28_alibaba_donates_quantum_equipment_to_chinese_university] Extracting actors: https://thequantuminsider.com/2023/11/28/alibaba-donates-quantum-equipment-to-chinese-university (1/1), chunk 18/36
[02:01:47 +2m 39s | thequantuminsider_2023_11_28_alibaba_donates_quantum_equipment_to_chinese_university] Repaired malformed JSON.
[02:01:47 +2m 39s | thequantuminsider_2023_11_28_alibaba_donates_quantum_equipment_to_chinese_university] Extracting actors: https://thequantuminsider.com/2023/11/28/alibaba-donates-quantum-equipment-to-chinese-university (1/1), chunk 19/36
[02:01:56 +2m 48s | thequantuminsider_2023_11_28_alibaba_donates_quantum_equipment_to_chinese_university] Repaired malformed JSON.
[02:01:56 +2m 48s | thequantuminsider_2023_11_28_alibaba_donates_quantum_equipment_to_chinese_university] Extracting actors: https://thequantuminsider.com/2023/11/28/alibaba-donates-quantum-equipment-to-chinese-university (1/1), chunk 20/36
[02:02:02 +2m 54s | thequantuminsider_2023_11_28_alibaba_donates_quantum_equipment_to_chinese_university] Repaired malformed JSON.
[02:02:02 +2m 54s | thequantuminsider_2023_11_28_alibaba_donates_quantum_equipment_to_chinese_university] Extracting actors: https://thequantuminsider.com/2023/11/28/alibaba-donates-quantum-equipment-to-chinese-university (1/1), chunk 21/36
[02:02:12 +3m 4s | thequantuminsider_2023_11_28_alibaba_donates_quantum_equipment_to_chinese_university] Repaired malformed JSON.
[02:02:12 +3m 4s | thequantuminsider_2023_11_28_alibaba_donates_quantum_equipment_to_chinese_university] Extracting actors: https://thequantuminsider.com/2023/11/28/alibaba-donates-quantum-equipment-to-chinese-university (1/1), chunk 22/36
[02:02:33 +3m 26s | thequantuminsider_2023_11_28_alibaba_donates_quantum_equipment_to_chinese_university] Repaired malformed JSON.
[02:02:33 +3m 26s | thequantuminsider_2023_11_28_alibaba_donates_quantum_equipment_to_chinese_university] Extracting actors: https://thequantuminsider.com/2023/11/28/alibaba-donates-quantum-equipment-to-chinese-university (1/1), chunk 23/36
[02:02:42 +3m 35s | thequantuminsider_2023_11_28_alibaba_donates_quantum_equipment_to_chinese_university] Repaired malformed JSON.
[02:02:42 +3m 35s | thequantuminsider_2023_11_28_alibaba_donates_quantum_equipment_to_chinese_university] Extracting actors: https://thequantuminsider.com/2023/11/28/alibaba-donates-quantum-equipment-to-chinese-university (1/1), chunk 24/36
[02:02:49 +3m 42s | thequantuminsider_2023_11_28_alibaba_donates_quantum_equipment_to_chinese_university] Repaired malformed JSON.
[02:02:49 +3m 42s | thequantuminsider_2023_11_28_alibaba_donates_quantum_equipment_to_chinese_university] Extracting actors: https://thequantuminsider.com/2023/11/28/alibaba-donates-quantum-equipment-to-chinese-university (1/1), chunk 25/36
[02:02:56 +3m 49s | thequantuminsider_2023_11_28_alibaba_donates_quantum_equipment_to_chinese_university] Repaired malformed JSON.
[02:02:56 +3m 49s | thequantuminsider_2023_11_28_alibaba_donates_quantum_equipment_to_chinese_university] Extracting actors: https://thequantuminsider.com/2023/11/28/alibaba-donates-quantum-equipment-to-chinese-university (1/1), chunk 26/36
[02:03:05 +3m 58s | thequantuminsider_2023_11_28_alibaba_donates_quantum_equipment_to_chinese_university] Repaired malformed JSON.
[02:03:05 +3m 58s | thequantuminsider_2023_11_28_alibaba_donates_quantum_equipment_to_chinese_university] Extracting actors: https://thequantuminsider.com/2023/11/28/alibaba-donates-quantum-equipment-to-chinese-university (1/1), chunk 27/36
[02:03:11 +4m 5s | thequantuminsider_2023_11_28_alibaba_donates_quantum_equipment_to_chinese_university] Repaired malformed JSON.
[02:03:11 +4m 5s | thequantuminsider_2023_11_28_alibaba_donates_quantum_equipment_to_chinese_university] Extracting actors: https://thequantuminsider.com/2023/11/28/alibaba-donates-quantum-equipment-to-chinese-university (1/1), chunk 28/36
[02:03:18 +4m 12s | thequantuminsider_2023_11_28_alibaba_donates_quantum_equipment_to_chinese_university] Repaired malformed JSON.
[02:03:18 +4m 12s | thequantuminsider_2023_11_28_alibaba_donates_quantum_equipment_to_chinese_university] Extracting actors: https://thequantuminsider.com/2023/11/28/alibaba-donates-quantum-equipment-to-chinese-university (1/1), chunk 29/36
[02:03:26 +4m 20s | thequantuminsider_2023_11_28_alibaba_donates_quantum_equipment_to_chinese_university] Repaired malformed JSON.
[02:03:26 +4m 20s | thequantuminsider_2023_11_28_alibaba_donates_quantum_equipment_to_chinese_university] Extracting actors: https://thequantuminsider.com/2023/11/28/alibaba-donates-quantum-equipment-to-chinese-university (1/1), chunk 30/36
[02:03:31 +4m 26s | thequantuminsider_2023_11_28_alibaba_donates_quantum_equipment_to_chinese_university] Repaired malformed JSON.
[02:03:31 +4m 26s | thequantuminsider_2023_11_28_alibaba_donates_quantum_equipment_to_chinese_university] Extracting actors: https://thequantuminsider.com/2023/11/28/alibaba-donates-quantum-equipment-to-chinese-university (1/1), chunk 31/36
[02:03:37 +4m 33s | thequantuminsider_2023_11_28_alibaba_donates_quantum_equipment_to_chinese_university] Repaired malformed JSON.
[02:03:37 +4m 33s | thequantuminsider_2023_11_28_alibaba_donates_quantum_equipment_to_chinese_university] Extracting actors: https://thequantuminsider.com/2023/11/28/alibaba-donates-quantum-equipment-to-chinese-university (1/1), chunk 32/36
[02:03:47 +4m 42s | thequantuminsider_2023_11_28_alibaba_donates_quantum_equipment_to_chinese_university] Repaired malformed JSON.
[02:03:47 +4m 42s | thequantuminsider_2023_11_28_alibaba_donates_quantum_equipment_to_chinese_university] Extracting actors: https://thequantuminsider.com/2023/11/28/alibaba-donates-quantum-equipment-to-chinese-university (1/1), chunk 33/36
[02:03:53 +4m 49s | thequantuminsider_2023_11_28_alibaba_donates_quantum_equipment_to_chinese_university] Repaired malformed JSON.
[02:03:53 +4m 49s | thequantuminsider_2023_11_28_alibaba_donates_quantum_equipment_to_chinese_university] Extracting actors: https://thequantuminsider.com/2023/11/28/alibaba-donates-quantum-equipment-to-chinese-university (1/1), chunk 34/36
[02:04:20 +5m 17s | thequantuminsider_2023_11_28_alibaba_donates_quantum_equipment_to_chinese_university] Repaired malformed JSON.
[02:04:20 +5m 17s | thequantuminsider_2023_11_28_alibaba_donates_quantum_equipment_to_chinese_university] Extracting actors: https://thequantuminsider.com/2023/11/28/alibaba-donates-quantum-equipment-to-chinese-university (1/1), chunk 35/36
[02:04:30 +5m 27s | thequantuminsider_2023_11_28_alibaba_donates_quantum_equipment_to_chinese_university] Repaired malformed JSON.
[02:04:30 +5m 27s | thequantuminsider_2023_11_28_alibaba_donates_quantum_equipment_to_chinese_university] Extracting actors: https://thequantuminsider.com/2023/11/28/alibaba-donates-quantum-equipment-to-chinese-university (1/1), chunk 36/36
[02:04:38 +5m 35s | thequantuminsider_2023_11_28_alibaba_donates_quantum_equipment_to_chinese_university] Repaired malformed JSON.
[02:04:38 +5m 35s | thequantuminsider_2023_11_28_alibaba_donates_quantum_equipment_to_chinese_university] Saved 1_actor_results.json with 71 extracted records

[02:04:38 +5m 35s | thequantuminsider_2023_11_28_alibaba_donates_quantum_equipment_to_chinese_university] === 2 clean actors ===
[02:04:38 +5m 35s | thequantuminsider_2023_11_28_alibaba_donates_quantum_equipment_to_chinese_university] Loaded 71 extracted records
[02:04:38 +5m 35s | thequantuminsider_2023_11_28_alibaba_donates_quantum_equipment_to_chinese_university] Saved 2_actor_nodes.json with 13 canonical actor nodes

[02:04:38 +5m 35s | thequantuminsider_2023_11_28_alibaba_donates_quantum_equipment_to_chinese_university] === 3 interaction extraction ===
[02:04:39 +5m 35s | thequantuminsider_2023_11_28_alibaba_donates_quantum_equipment_to_chinese_university] Extracting interactions: https://thequantuminsider.com/2023/11/28/alibaba-donates-quantum-equipment-to-chinese-university (1/1), chunk 11/36
[02:05:04 +6m 2s | thequantuminsider_2023_11_28_alibaba_donates_quantum_equipment_to_chinese_university] Extracting interactions: https://thequantuminsider.com/2023/11/28/alibaba-donates-quantum-equipment-to-chinese-university (1/1), chunk 12/36
[02:05:12 +6m 11s | thequantuminsider_2023_11_28_alibaba_donates_quantum_equipment_to_chinese_university] Extracting interactions: https://thequantuminsider.com/2023/11/28/alibaba-donates-quantum-equipment-to-chinese-university (1/1), chunk 13/36
[02:05:22 +6m 21s | thequantuminsider_2023_11_28_alibaba_donates_quantum_equipment_to_chinese_university] Extracting interactions: https://thequantuminsider.com/2023/11/28/alibaba-donates-quantum-equipment-to-chinese-university (1/1), chunk 14/36
[02:06:12 +7m 12s | thequantuminsider_2023_11_28_alibaba_donates_quantum_equipment_to_chinese_university] Extracting interactions: https://thequantuminsider.com/2023/11/28/alibaba-donates-quantum-equipment-to-chinese-university (1/1), chunk 15/36
[02:06:17 +7m 18s | thequantuminsider_2023_11_28_alibaba_donates_quantum_equipment_to_chinese_university] Extracting interactions: https://thequantuminsider.com/2023/11/28/alibaba-donates-quantum-equipment-to-chinese-university (1/1), chunk 16/36
[02:06:22 +7m 23s | thequantuminsider_2023_11_28_alibaba_donates_quantum_equipment_to_chinese_university] Extracting interactions: https://thequantuminsider.com/2023/11/28/alibaba-donates-quantum-equipment-to-chinese-university (1/1), chunk 19/36
[02:06:24 +7m 25s | thequantuminsider_2023_11_28_alibaba_donates_quantum_equipment_to_chinese_university] Extracting interactions: https://thequantuminsider.com/2023/11/28/alibaba-donates-quantum-equipment-to-chinese-university (1/1), chunk 20/36
[02:06:27 +7m 29s | thequantuminsider_2023_11_28_alibaba_donates_quantum_equipment_to_chinese_university] Extracting interactions: https://thequantuminsider.com/2023/11/28/alibaba-donates-quantum-equipment-to-chinese-university (1/1), chunk 25/36
[02:06:34 +7m 35s | thequantuminsider_2023_11_28_alibaba_donates_quantum_equipment_to_chinese_university] Extracting interactions: https://thequantuminsider.com/2023/11/28/alibaba-donates-quantum-equipment-to-chinese-university (1/1), chunk 26/36
[02:06:48 +7m 51s | thequantuminsider_2023_11_28_alibaba_donates_quantum_equipment_to_chinese_university] Extracting interactions: https://thequantuminsider.com/2023/11/28/alibaba-donates-quantum-equipment-to-chinese-university (1/1), chunk 29/36
[02:06:50 +7m 53s | thequantuminsider_2023_11_28_alibaba_donates_quantum_equipment_to_chinese_university] Extracting interactions: https://thequantuminsider.com/2023/11/28/alibaba-donates-quantum-equipment-to-chinese-university (1/1), chunk 30/36
[02:06:52 +7m 54s | thequantuminsider_2023_11_28_alibaba_donates_quantum_equipment_to_chinese_university] Extracting interactions: https://thequantuminsider.com/2023/11/28/alibaba-donates-quantum-equipment-to-chinese-university (1/1), chunk 31/36
[02:06:56 +7m 58s | thequantuminsider_2023_11_28_alibaba_donates_quantum_equipment_to_chinese_university] Extracting interactions: https://thequantuminsider.com/2023/11/28/alibaba-donates-quantum-equipment-to-chinese-university (1/1), chunk 32/36
[02:06:58 +8m 0s | thequantuminsider_2023_11_28_alibaba_donates_quantum_equipment_to_chinese_university] Extracting interactions: https://thequantuminsider.com/2023/11/28/alibaba-donates-quantum-equipment-to-chinese-university (1/1), chunk 34/36
[02:07:02 +8m 4s | thequantuminsider_2023_11_28_alibaba_donates_quantum_equipment_to_chinese_university] Extracting interactions: https://thequantuminsider.com/2023/11/28/alibaba-donates-quantum-equipment-to-chinese-university (1/1), chunk 35/36
[02:07:04 +8m 6s | thequantuminsider_2023_11_28_alibaba_donates_quantum_equipment_to_chinese_university] Saved 3_interaction_results.json with 17 extracted interactions.

[02:07:04 +8m 6s | thequantuminsider_2023_11_28_alibaba_donates_quantum_equipment_to_chinese_university] === 4 clean interactions ===
[02:07:04 +8m 6s | thequantuminsider_2023_11_28_alibaba_donates_quantum_equipment_to_chinese_university] Saved 4_edges.json with 6 cleaned interactions.

[02:07:04 +8m 6s | thequantuminsider_2023_11_28_alibaba_donates_quantum_equipment_to_chinese_university] === 5 helix enrichment ===
[02:07:04 +8m 6s | thequantuminsider_2023_11_28_alibaba_donates_quantum_equipment_to_chinese_university] Wrote 5_nodes.json (13 actors)
[02:07:04 +8m 6s | thequantuminsider_2023_11_28_alibaba_donates_quantum_equipment_to_chinese_university] Wrote 5_edges.json (6 interactions)
[02:07:04 +8m 6s | thequantuminsider_2023_11_28_alibaba_donates_quantum_equipment_to_chinese_university] Actor helix counts: {'Academia': 4, 'Civil Society': 3, 'Industry': 3, 'Unknown': 3}
[02:07:04 +8m 6s | thequantuminsider_2023_11_28_alibaba_donates_quantum_equipment_to_chinese_university] Functional-space counts: {'Innovation': 6}

[02:07:04 +8m 6s | thequantuminsider_2023_11_28_alibaba_donates_quantum_equipment_to_chinese_university] === 6 network visualisation ===
[02:07:04 +8m 7s | thequantuminsider_2023_11_28_alibaba_donates_quantum_equipment_to_chinese_university] Wrote quantum_network.html
[02:07:04 +8m 7s | thequantuminsider_2023_11_28_alibaba_donates_quantum_equipment_to_chinese_university] Nodes: 13
[02:07:04 +8m 7s | thequantuminsider_2023_11_28_alibaba_donates_quantum_equipment_to_chinese_university] Edges: 3

[02:07:05 +8m 7s | thequantuminsider_2023_11_28_alibaba_donates_quantum_equipment_to_chinese_university] Done. Outputs written to: /home/lv/IDP/idpdeeptech/pipeline/news_outputs/thequantuminsider_2023_11_28_alibaba_donates_quantum_equipment_to_chinese_university
[02:07:05 +8m 7s | thequantuminsider_2023_11_28_alibaba_donates_quantum_equipment_to_chinese_university] Log: /home/lv/IDP/idpdeeptech/pipeline/news_outputs/thequantuminsider_2023_11_28_alibaba_donates_quantum_equipment_to_chinese_university/run.log

========================================================================
RUN FINISHED 2026-07-05 02:07:05  (OK)
Started:     2026-07-05 01:59:14
Elapsed:     8m 7s
========================================================================
