
========================================================================
RUN STARTED  2026-07-05 05:30:44
site_pipeline.py https://thequantuminsider.com/2023/10/24/ionq-announces-co-founder-chris-monroe-to-leave-the-company/
========================================================================

[05:30:44 +0s | thequantuminsider_2023_10_24_ionq_announces_co_founder_chris_monroe_to_leave_the_company] === 0 crawl site ===
[05:30:45 +1s | thequantuminsider_2023_10_24_ionq_announces_co_founder_chris_monroe_to_leave_the_company] [INIT].... → Crawl4AI 0.8.6 
[05:30:48 +4s | thequantuminsider_2023_10_24_ionq_announces_co_founder_chris_monroe_to_leave_the_company] [FETCH]... ↓ https://thequantuminsider.com/2023/10/24/ionq-an...es-co-founder-chris-monroe-to-leave-the-company/  | ✓ | ⏱: 2.67s 
[05:30:48 +4s | thequantuminsider_2023_10_24_ionq_announces_co_founder_chris_monroe_to_leave_the_company] [SCRAPE].. ◆ https://thequantuminsider.com/2023/10/24/ionq-an...es-co-founder-chris-monroe-to-leave-the-company/  | ✓ | ⏱: 0.12s 
[05:30:48 +4s | thequantuminsider_2023_10_24_ionq_announces_co_founder_chris_monroe_to_leave_the_company] [COMPLETE] ● https://thequantuminsider.com/2023/10/24/ionq-an...es-co-founder-chris-monroe-to-leave-the-company/  | ✓ | ⏱: 2.81s 
[05:30:48 +4s | thequantuminsider_2023_10_24_ionq_announces_co_founder_chris_monroe_to_leave_the_company] Saved: crawl_output/a80a50a2c6_thequantuminsider.com_2023_10_24_ionq-announces-co-founder-chris-monroe-to-leave-the-company.json

[05:30:48 +5s | thequantuminsider_2023_10_24_ionq_announces_co_founder_chris_monroe_to_leave_the_company] === 1 actor extraction ===
[05:30:49 +5s | thequantuminsider_2023_10_24_ionq_announces_co_founder_chris_monroe_to_leave_the_company] Reading page (1/1): https://thequantuminsider.com/2023/10/24/ionq-announces-co-founder-chris-monroe-to-leave-the-company
[05:30:49 +5s | thequantuminsider_2023_10_24_ionq_announces_co_founder_chris_monroe_to_leave_the_company] Extracting actors: https://thequantuminsider.com/2023/10/24/ionq-announces-co-founder-chris-monroe-to-leave-the-company (1/1), chunk 1/35
[05:30:56 +12s | thequantuminsider_2023_10_24_ionq_announces_co_founder_chris_monroe_to_leave_the_company] Repaired malformed JSON.
[05:30:56 +12s | thequantuminsider_2023_10_24_ionq_announces_co_founder_chris_monroe_to_leave_the_company] Extracting actors: https://thequantuminsider.com/2023/10/24/ionq-announces-co-founder-chris-monroe-to-leave-the-company (1/1), chunk 2/35
[05:31:09 +28s | thequantuminsider_2023_10_24_ionq_announces_co_founder_chris_monroe_to_leave_the_company] Repaired malformed JSON.
[05:31:09 +28s | thequantuminsider_2023_10_24_ionq_announces_co_founder_chris_monroe_to_leave_the_company] Extracting actors: https://thequantuminsider.com/2023/10/24/ionq-announces-co-founder-chris-monroe-to-leave-the-company (1/1), chunk 3/35
[05:31:18 +36s | thequantuminsider_2023_10_24_ionq_announces_co_founder_chris_monroe_to_leave_the_company] Repaired malformed JSON.
[05:31:18 +36s | thequantuminsider_2023_10_24_ionq_announces_co_founder_chris_monroe_to_leave_the_company] Extracting actors: https://thequantuminsider.com/2023/10/24/ionq-announces-co-founder-chris-monroe-to-leave-the-company (1/1), chunk 4/35
[05:31:26 +44s | thequantuminsider_2023_10_24_ionq_announces_co_founder_chris_monroe_to_leave_the_company] Repaired malformed JSON.
[05:31:26 +44s | thequantuminsider_2023_10_24_ionq_announces_co_founder_chris_monroe_to_leave_the_company] Extracting actors: https://thequantuminsider.com/2023/10/24/ionq-announces-co-founder-chris-monroe-to-leave-the-company (1/1), chunk 5/35
[05:31:33 +53s | thequantuminsider_2023_10_24_ionq_announces_co_founder_chris_monroe_to_leave_the_company] Repaired malformed JSON.
[05:31:33 +53s | thequantuminsider_2023_10_24_ionq_announces_co_founder_chris_monroe_to_leave_the_company] Extracting actors: https://thequantuminsider.com/2023/10/24/ionq-announces-co-founder-chris-monroe-to-leave-the-company (1/1), chunk 6/35
[05:31:42 +1m 2s | thequantuminsider_2023_10_24_ionq_announces_co_founder_chris_monroe_to_leave_the_company] Repaired malformed JSON.
[05:31:42 +1m 2s | thequantuminsider_2023_10_24_ionq_announces_co_founder_chris_monroe_to_leave_the_company] Extracting actors: https://thequantuminsider.com/2023/10/24/ionq-announces-co-founder-chris-monroe-to-leave-the-company (1/1), chunk 7/35
[05:31:48 +1m 8s | thequantuminsider_2023_10_24_ionq_announces_co_founder_chris_monroe_to_leave_the_company] Repaired malformed JSON.
[05:31:48 +1m 8s | thequantuminsider_2023_10_24_ionq_announces_co_founder_chris_monroe_to_leave_the_company] Extracting actors: https://thequantuminsider.com/2023/10/24/ionq-announces-co-founder-chris-monroe-to-leave-the-company (1/1), chunk 8/35
[05:31:55 +1m 15s | thequantuminsider_2023_10_24_ionq_announces_co_founder_chris_monroe_to_leave_the_company] Repaired malformed JSON.
[05:31:55 +1m 15s | thequantuminsider_2023_10_24_ionq_announces_co_founder_chris_monroe_to_leave_the_company] Extracting actors: https://thequantuminsider.com/2023/10/24/ionq-announces-co-founder-chris-monroe-to-leave-the-company (1/1), chunk 9/35
[05:31:59 +1m 21s | thequantuminsider_2023_10_24_ionq_announces_co_founder_chris_monroe_to_leave_the_company] Repaired malformed JSON.
[05:31:59 +1m 21s | thequantuminsider_2023_10_24_ionq_announces_co_founder_chris_monroe_to_leave_the_company] Extracting actors: https://thequantuminsider.com/2023/10/24/ionq-announces-co-founder-chris-monroe-to-leave-the-company (1/1), chunk 10/35
[05:32:07 +1m 29s | thequantuminsider_2023_10_24_ionq_announces_co_founder_chris_monroe_to_leave_the_company] Repaired malformed JSON.
[05:32:07 +1m 29s | thequantuminsider_2023_10_24_ionq_announces_co_founder_chris_monroe_to_leave_the_company] Extracting actors: https://thequantuminsider.com/2023/10/24/ionq-announces-co-founder-chris-monroe-to-leave-the-company (1/1), chunk 11/35
[05:32:16 +1m 38s | thequantuminsider_2023_10_24_ionq_announces_co_founder_chris_monroe_to_leave_the_company] Repaired malformed JSON.
[05:32:16 +1m 38s | thequantuminsider_2023_10_24_ionq_announces_co_founder_chris_monroe_to_leave_the_company] Extracting actors: https://thequantuminsider.com/2023/10/24/ionq-announces-co-founder-chris-monroe-to-leave-the-company (1/1), chunk 12/35
[05:32:24 +1m 46s | thequantuminsider_2023_10_24_ionq_announces_co_founder_chris_monroe_to_leave_the_company] Repaired malformed JSON.
[05:32:24 +1m 46s | thequantuminsider_2023_10_24_ionq_announces_co_founder_chris_monroe_to_leave_the_company] Extracting actors: https://thequantuminsider.com/2023/10/24/ionq-announces-co-founder-chris-monroe-to-leave-the-company (1/1), chunk 13/35
[05:32:31 +1m 55s | thequantuminsider_2023_10_24_ionq_announces_co_founder_chris_monroe_to_leave_the_company] Repaired malformed JSON.
[05:32:31 +1m 55s | thequantuminsider_2023_10_24_ionq_announces_co_founder_chris_monroe_to_leave_the_company] Extracting actors: https://thequantuminsider.com/2023/10/24/ionq-announces-co-founder-chris-monroe-to-leave-the-company (1/1), chunk 14/35
[05:32:37 +2m 1s | thequantuminsider_2023_10_24_ionq_announces_co_founder_chris_monroe_to_leave_the_company] Repaired malformed JSON.
[05:32:37 +2m 1s | thequantuminsider_2023_10_24_ionq_announces_co_founder_chris_monroe_to_leave_the_company] Extracting actors: https://thequantuminsider.com/2023/10/24/ionq-announces-co-founder-chris-monroe-to-leave-the-company (1/1), chunk 15/35
[05:32:43 +2m 7s | thequantuminsider_2023_10_24_ionq_announces_co_founder_chris_monroe_to_leave_the_company] Repaired malformed JSON.
[05:32:43 +2m 7s | thequantuminsider_2023_10_24_ionq_announces_co_founder_chris_monroe_to_leave_the_company] Extracting actors: https://thequantuminsider.com/2023/10/24/ionq-announces-co-founder-chris-monroe-to-leave-the-company (1/1), chunk 16/35
[05:32:50 +2m 14s | thequantuminsider_2023_10_24_ionq_announces_co_founder_chris_monroe_to_leave_the_company] Repaired malformed JSON.
[05:32:50 +2m 14s | thequantuminsider_2023_10_24_ionq_announces_co_founder_chris_monroe_to_leave_the_company] Extracting actors: https://thequantuminsider.com/2023/10/24/ionq-announces-co-founder-chris-monroe-to-leave-the-company (1/1), chunk 17/35
[05:32:58 +2m 22s | thequantuminsider_2023_10_24_ionq_announces_co_founder_chris_monroe_to_leave_the_company] Repaired malformed JSON.
[05:32:58 +2m 22s | thequantuminsider_2023_10_24_ionq_announces_co_founder_chris_monroe_to_leave_the_company] Extracting actors: https://thequantuminsider.com/2023/10/24/ionq-announces-co-founder-chris-monroe-to-leave-the-company (1/1), chunk 18/35
[05:33:05 +2m 31s | thequantuminsider_2023_10_24_ionq_announces_co_founder_chris_monroe_to_leave_the_company] Repaired malformed JSON.
[05:33:05 +2m 31s | thequantuminsider_2023_10_24_ionq_announces_co_founder_chris_monroe_to_leave_the_company] Extracting actors: https://thequantuminsider.com/2023/10/24/ionq-announces-co-founder-chris-monroe-to-leave-the-company (1/1), chunk 19/35
[05:33:31 +2m 59s | thequantuminsider_2023_10_24_ionq_announces_co_founder_chris_monroe_to_leave_the_company] Repaired malformed JSON.
[05:33:31 +2m 59s | thequantuminsider_2023_10_24_ionq_announces_co_founder_chris_monroe_to_leave_the_company] Extracting actors: https://thequantuminsider.com/2023/10/24/ionq-announces-co-founder-chris-monroe-to-leave-the-company (1/1), chunk 20/35
[05:33:40 +3m 8s | thequantuminsider_2023_10_24_ionq_announces_co_founder_chris_monroe_to_leave_the_company] Repaired malformed JSON.
[05:33:40 +3m 8s | thequantuminsider_2023_10_24_ionq_announces_co_founder_chris_monroe_to_leave_the_company] Extracting actors: https://thequantuminsider.com/2023/10/24/ionq-announces-co-founder-chris-monroe-to-leave-the-company (1/1), chunk 21/35
[05:33:51 +3m 19s | thequantuminsider_2023_10_24_ionq_announces_co_founder_chris_monroe_to_leave_the_company] Repaired malformed JSON.
[05:33:51 +3m 19s | thequantuminsider_2023_10_24_ionq_announces_co_founder_chris_monroe_to_leave_the_company] Extracting actors: https://thequantuminsider.com/2023/10/24/ionq-announces-co-founder-chris-monroe-to-leave-the-company (1/1), chunk 22/35
[05:34:11 +3m 41s | thequantuminsider_2023_10_24_ionq_announces_co_founder_chris_monroe_to_leave_the_company] Repaired malformed JSON.
[05:34:11 +3m 41s | thequantuminsider_2023_10_24_ionq_announces_co_founder_chris_monroe_to_leave_the_company] Extracting actors: https://thequantuminsider.com/2023/10/24/ionq-announces-co-founder-chris-monroe-to-leave-the-company (1/1), chunk 23/35
[05:34:21 +3m 51s | thequantuminsider_2023_10_24_ionq_announces_co_founder_chris_monroe_to_leave_the_company] Repaired malformed JSON.
[05:34:21 +3m 51s | thequantuminsider_2023_10_24_ionq_announces_co_founder_chris_monroe_to_leave_the_company] Extracting actors: https://thequantuminsider.com/2023/10/24/ionq-announces-co-founder-chris-monroe-to-leave-the-company (1/1), chunk 24/35
[05:34:28 +3m 58s | thequantuminsider_2023_10_24_ionq_announces_co_founder_chris_monroe_to_leave_the_company] Repaired malformed JSON.
[05:34:28 +3m 58s | thequantuminsider_2023_10_24_ionq_announces_co_founder_chris_monroe_to_leave_the_company] Extracting actors: https://thequantuminsider.com/2023/10/24/ionq-announces-co-founder-chris-monroe-to-leave-the-company (1/1), chunk 25/35
[05:34:31 +4m 3s | thequantuminsider_2023_10_24_ionq_announces_co_founder_chris_monroe_to_leave_the_company] Extracting actors: https://thequantuminsider.com/2023/10/24/ionq-announces-co-founder-chris-monroe-to-leave-the-company (1/1), chunk 26/35
[05:34:37 +4m 9s | thequantuminsider_2023_10_24_ionq_announces_co_founder_chris_monroe_to_leave_the_company] Repaired malformed JSON.
[05:34:37 +4m 9s | thequantuminsider_2023_10_24_ionq_announces_co_founder_chris_monroe_to_leave_the_company] Extracting actors: https://thequantuminsider.com/2023/10/24/ionq-announces-co-founder-chris-monroe-to-leave-the-company (1/1), chunk 27/35
[05:34:44 +4m 16s | thequantuminsider_2023_10_24_ionq_announces_co_founder_chris_monroe_to_leave_the_company] Repaired malformed JSON.
[05:34:44 +4m 16s | thequantuminsider_2023_10_24_ionq_announces_co_founder_chris_monroe_to_leave_the_company] Extracting actors: https://thequantuminsider.com/2023/10/24/ionq-announces-co-founder-chris-monroe-to-leave-the-company (1/1), chunk 28/35
[05:34:50 +4m 22s | thequantuminsider_2023_10_24_ionq_announces_co_founder_chris_monroe_to_leave_the_company] Repaired malformed JSON.
[05:34:50 +4m 22s | thequantuminsider_2023_10_24_ionq_announces_co_founder_chris_monroe_to_leave_the_company] Extracting actors: https://thequantuminsider.com/2023/10/24/ionq-announces-co-founder-chris-monroe-to-leave-the-company (1/1), chunk 29/35
[05:35:00 +4m 32s | thequantuminsider_2023_10_24_ionq_announces_co_founder_chris_monroe_to_leave_the_company] Repaired malformed JSON.
[05:35:00 +4m 32s | thequantuminsider_2023_10_24_ionq_announces_co_founder_chris_monroe_to_leave_the_company] Extracting actors: https://thequantuminsider.com/2023/10/24/ionq-announces-co-founder-chris-monroe-to-leave-the-company (1/1), chunk 30/35
[05:35:04 +4m 38s | thequantuminsider_2023_10_24_ionq_announces_co_founder_chris_monroe_to_leave_the_company] Repaired malformed JSON.
[05:35:04 +4m 38s | thequantuminsider_2023_10_24_ionq_announces_co_founder_chris_monroe_to_leave_the_company] Extracting actors: https://thequantuminsider.com/2023/10/24/ionq-announces-co-founder-chris-monroe-to-leave-the-company (1/1), chunk 31/35
[05:35:11 +4m 45s | thequantuminsider_2023_10_24_ionq_announces_co_founder_chris_monroe_to_leave_the_company] Repaired malformed JSON.
[05:35:11 +4m 45s | thequantuminsider_2023_10_24_ionq_announces_co_founder_chris_monroe_to_leave_the_company] Extracting actors: https://thequantuminsider.com/2023/10/24/ionq-announces-co-founder-chris-monroe-to-leave-the-company (1/1), chunk 32/35
[05:35:21 +4m 55s | thequantuminsider_2023_10_24_ionq_announces_co_founder_chris_monroe_to_leave_the_company] Repaired malformed JSON.
[05:35:21 +4m 55s | thequantuminsider_2023_10_24_ionq_announces_co_founder_chris_monroe_to_leave_the_company] Extracting actors: https://thequantuminsider.com/2023/10/24/ionq-announces-co-founder-chris-monroe-to-leave-the-company (1/1), chunk 33/35
[05:35:30 +5m 6s | thequantuminsider_2023_10_24_ionq_announces_co_founder_chris_monroe_to_leave_the_company] Repaired malformed JSON.
[05:35:30 +5m 6s | thequantuminsider_2023_10_24_ionq_announces_co_founder_chris_monroe_to_leave_the_company] Extracting actors: https://thequantuminsider.com/2023/10/24/ionq-announces-co-founder-chris-monroe-to-leave-the-company (1/1), chunk 34/35
[05:35:39 +5m 15s | thequantuminsider_2023_10_24_ionq_announces_co_founder_chris_monroe_to_leave_the_company] Repaired malformed JSON.
[05:35:39 +5m 15s | thequantuminsider_2023_10_24_ionq_announces_co_founder_chris_monroe_to_leave_the_company] Extracting actors: https://thequantuminsider.com/2023/10/24/ionq-announces-co-founder-chris-monroe-to-leave-the-company (1/1), chunk 35/35
[05:35:48 +5m 24s | thequantuminsider_2023_10_24_ionq_announces_co_founder_chris_monroe_to_leave_the_company] Repaired malformed JSON.
[05:35:48 +5m 24s | thequantuminsider_2023_10_24_ionq_announces_co_founder_chris_monroe_to_leave_the_company] Saved 1_actor_results.json with 68 extracted records

[05:35:48 +5m 24s | thequantuminsider_2023_10_24_ionq_announces_co_founder_chris_monroe_to_leave_the_company] === 2 clean actors ===
[05:35:48 +5m 25s | thequantuminsider_2023_10_24_ionq_announces_co_founder_chris_monroe_to_leave_the_company] Loaded 68 extracted records
[05:35:48 +5m 25s | thequantuminsider_2023_10_24_ionq_announces_co_founder_chris_monroe_to_leave_the_company] Saved 2_actor_nodes.json with 13 canonical actor nodes

[05:35:48 +5m 25s | thequantuminsider_2023_10_24_ionq_announces_co_founder_chris_monroe_to_leave_the_company] === 3 interaction extraction ===
[05:35:48 +5m 25s | thequantuminsider_2023_10_24_ionq_announces_co_founder_chris_monroe_to_leave_the_company] Extracting interactions: https://thequantuminsider.com/2023/10/24/ionq-announces-co-founder-chris-monroe-to-leave-the-company (1/1), chunk 11/35
[05:35:54 +5m 30s | thequantuminsider_2023_10_24_ionq_announces_co_founder_chris_monroe_to_leave_the_company] Extracting interactions: https://thequantuminsider.com/2023/10/24/ionq-announces-co-founder-chris-monroe-to-leave-the-company (1/1), chunk 12/35
[05:36:02 +5m 41s | thequantuminsider_2023_10_24_ionq_announces_co_founder_chris_monroe_to_leave_the_company] Extracting interactions: https://thequantuminsider.com/2023/10/24/ionq-announces-co-founder-chris-monroe-to-leave-the-company (1/1), chunk 13/35
[05:36:40 +6m 20s | thequantuminsider_2023_10_24_ionq_announces_co_founder_chris_monroe_to_leave_the_company] Extracting interactions: https://thequantuminsider.com/2023/10/24/ionq-announces-co-founder-chris-monroe-to-leave-the-company (1/1), chunk 14/35
[05:36:46 +6m 27s | thequantuminsider_2023_10_24_ionq_announces_co_founder_chris_monroe_to_leave_the_company] Extracting interactions: https://thequantuminsider.com/2023/10/24/ionq-announces-co-founder-chris-monroe-to-leave-the-company (1/1), chunk 15/35
[05:36:48 +6m 28s | thequantuminsider_2023_10_24_ionq_announces_co_founder_chris_monroe_to_leave_the_company] Extracting interactions: https://thequantuminsider.com/2023/10/24/ionq-announces-co-founder-chris-monroe-to-leave-the-company (1/1), chunk 18/35
[05:36:50 +6m 30s | thequantuminsider_2023_10_24_ionq_announces_co_founder_chris_monroe_to_leave_the_company] Extracting interactions: https://thequantuminsider.com/2023/10/24/ionq-announces-co-founder-chris-monroe-to-leave-the-company (1/1), chunk 19/35
[05:36:55 +6m 35s | thequantuminsider_2023_10_24_ionq_announces_co_founder_chris_monroe_to_leave_the_company] Extracting interactions: https://thequantuminsider.com/2023/10/24/ionq-announces-co-founder-chris-monroe-to-leave-the-company (1/1), chunk 20/35
[05:36:56 +6m 36s | thequantuminsider_2023_10_24_ionq_announces_co_founder_chris_monroe_to_leave_the_company] Extracting interactions: https://thequantuminsider.com/2023/10/24/ionq-announces-co-founder-chris-monroe-to-leave-the-company (1/1), chunk 23/35
[05:36:58 +6m 38s | thequantuminsider_2023_10_24_ionq_announces_co_founder_chris_monroe_to_leave_the_company] Extracting interactions: https://thequantuminsider.com/2023/10/24/ionq-announces-co-founder-chris-monroe-to-leave-the-company (1/1), chunk 24/35
[05:37:01 +6m 44s | thequantuminsider_2023_10_24_ionq_announces_co_founder_chris_monroe_to_leave_the_company] Extracting interactions: https://thequantuminsider.com/2023/10/24/ionq-announces-co-founder-chris-monroe-to-leave-the-company (1/1), chunk 25/35
[05:37:05 +6m 47s | thequantuminsider_2023_10_24_ionq_announces_co_founder_chris_monroe_to_leave_the_company] Extracting interactions: https://thequantuminsider.com/2023/10/24/ionq-announces-co-founder-chris-monroe-to-leave-the-company (1/1), chunk 28/35
[05:37:06 +6m 49s | thequantuminsider_2023_10_24_ionq_announces_co_founder_chris_monroe_to_leave_the_company] Extracting interactions: https://thequantuminsider.com/2023/10/24/ionq-announces-co-founder-chris-monroe-to-leave-the-company (1/1), chunk 29/35
[05:37:08 +6m 51s | thequantuminsider_2023_10_24_ionq_announces_co_founder_chris_monroe_to_leave_the_company] Extracting interactions: https://thequantuminsider.com/2023/10/24/ionq-announces-co-founder-chris-monroe-to-leave-the-company (1/1), chunk 31/35
[05:37:10 +6m 52s | thequantuminsider_2023_10_24_ionq_announces_co_founder_chris_monroe_to_leave_the_company] Extracting interactions: https://thequantuminsider.com/2023/10/24/ionq-announces-co-founder-chris-monroe-to-leave-the-company (1/1), chunk 33/35
[05:37:25 +7m 8s | thequantuminsider_2023_10_24_ionq_announces_co_founder_chris_monroe_to_leave_the_company] Extracting interactions: https://thequantuminsider.com/2023/10/24/ionq-announces-co-founder-chris-monroe-to-leave-the-company (1/1), chunk 34/35
[05:38:08 +7m 55s | thequantuminsider_2023_10_24_ionq_announces_co_founder_chris_monroe_to_leave_the_company] Saved 3_interaction_results.json with 18 extracted interactions.

[05:38:08 +7m 55s | thequantuminsider_2023_10_24_ionq_announces_co_founder_chris_monroe_to_leave_the_company] === 4 clean interactions ===
[05:38:09 +7m 55s | thequantuminsider_2023_10_24_ionq_announces_co_founder_chris_monroe_to_leave_the_company] Saved 4_edges.json with 3 cleaned interactions.

[05:38:09 +7m 55s | thequantuminsider_2023_10_24_ionq_announces_co_founder_chris_monroe_to_leave_the_company] === 5 helix enrichment ===
[05:38:09 +7m 55s | thequantuminsider_2023_10_24_ionq_announces_co_founder_chris_monroe_to_leave_the_company] Wrote 5_nodes.json (13 actors)
[05:38:09 +7m 55s | thequantuminsider_2023_10_24_ionq_announces_co_founder_chris_monroe_to_leave_the_company] Wrote 5_edges.json (3 interactions)
[05:38:09 +7m 55s | thequantuminsider_2023_10_24_ionq_announces_co_founder_chris_monroe_to_leave_the_company] Actor helix counts: {'Academia': 2, 'Civil Society': 3, 'Industry': 2, 'Intermediary': 2, 'Unknown': 4}
[05:38:09 +7m 55s | thequantuminsider_2023_10_24_ionq_announces_co_founder_chris_monroe_to_leave_the_company] Functional-space counts: {'Innovation': 2, 'Intra-helix / Not classified': 1}

[05:38:09 +7m 55s | thequantuminsider_2023_10_24_ionq_announces_co_founder_chris_monroe_to_leave_the_company] === 6 network visualisation ===
[05:38:09 +7m 55s | thequantuminsider_2023_10_24_ionq_announces_co_founder_chris_monroe_to_leave_the_company] Wrote quantum_network.html
[05:38:09 +7m 55s | thequantuminsider_2023_10_24_ionq_announces_co_founder_chris_monroe_to_leave_the_company] Nodes: 13
[05:38:09 +7m 55s | thequantuminsider_2023_10_24_ionq_announces_co_founder_chris_monroe_to_leave_the_company] Edges: 2

[05:38:09 +7m 56s | thequantuminsider_2023_10_24_ionq_announces_co_founder_chris_monroe_to_leave_the_company] Done. Outputs written to: /home/lv/IDP/idpdeeptech/pipeline/news_outputs/thequantuminsider_2023_10_24_ionq_announces_co_founder_chris_monroe_to_leave_the_company
[05:38:09 +7m 56s | thequantuminsider_2023_10_24_ionq_announces_co_founder_chris_monroe_to_leave_the_company] Log: /home/lv/IDP/idpdeeptech/pipeline/news_outputs/thequantuminsider_2023_10_24_ionq_announces_co_founder_chris_monroe_to_leave_the_company/run.log

========================================================================
RUN FINISHED 2026-07-05 05:38:09  (OK)
Started:     2026-07-05 05:30:44
Elapsed:     7m 56s
========================================================================
