
========================================================================
RUN STARTED  2026-07-05 08:34:07
site_pipeline.py https://thequantuminsider.com/2023/09/18/tqi-named-strategic-partner-as-tfd-launches-the-quantum-collective-to-elevate-communications-for-quantum-companies/
========================================================================

[08:34:07 +0s | thequantuminsider_2023_09_18_tqi_named_strategic_partner_as_tfd_launches_the_quantum_coll_8b5785c9] === 0 crawl site ===
[08:34:09 +2s | thequantuminsider_2023_09_18_tqi_named_strategic_partner_as_tfd_launches_the_quantum_coll_8b5785c9] [INIT].... → Crawl4AI 0.8.6 
[08:34:11 +3s | thequantuminsider_2023_09_18_tqi_named_strategic_partner_as_tfd_launches_the_quantum_coll_8b5785c9] [FETCH]... ↓ https://thequantuminsider.com/2023/09/18/tqi-nam...to-elevate-communications-for-quantum-companies/  | ✓ | ⏱: 1.85s 
[08:34:11 +4s | thequantuminsider_2023_09_18_tqi_named_strategic_partner_as_tfd_launches_the_quantum_coll_8b5785c9] [SCRAPE].. ◆ https://thequantuminsider.com/2023/09/18/tqi-nam...to-elevate-communications-for-quantum-companies/  | ✓ | ⏱: 0.15s 
[08:34:11 +4s | thequantuminsider_2023_09_18_tqi_named_strategic_partner_as_tfd_launches_the_quantum_coll_8b5785c9] [COMPLETE] ● https://thequantuminsider.com/2023/09/18/tqi-nam...to-elevate-communications-for-quantum-companies/  | ✓ | ⏱: 2.03s 
[08:34:11 +4s | thequantuminsider_2023_09_18_tqi_named_strategic_partner_as_tfd_launches_the_quantum_coll_8b5785c9] Saved: crawl_output/703b50a7f9_thequantuminsider.com_2023_09_18_tqi-named-strategic-partner-as-tfd-launches-the-quantum-collective-to-elevate-communications-for-quantum-companies.json

[08:34:11 +4s | thequantuminsider_2023_09_18_tqi_named_strategic_partner_as_tfd_launches_the_quantum_coll_8b5785c9] === 1 actor extraction ===
[08:34:11 +4s | thequantuminsider_2023_09_18_tqi_named_strategic_partner_as_tfd_launches_the_quantum_coll_8b5785c9] Reading page (1/1): https://thequantuminsider.com/2023/09/18/tqi-named-strategic-partner-as-tfd-launches-the-quantum-collective-to-elevate-communications-for-quantum-companies
[08:34:11 +4s | thequantuminsider_2023_09_18_tqi_named_strategic_partner_as_tfd_launches_the_quantum_coll_8b5785c9] Extracting actors: https://thequantuminsider.com/2023/09/18/tqi-named-strategic-partner-as-tfd-launches-the-quantum-collective-to-elevate-communications-for-quantum-companies (1/1), chunk 1/37
[08:34:35 +30s | thequantuminsider_2023_09_18_tqi_named_strategic_partner_as_tfd_launches_the_quantum_coll_8b5785c9] Extracting actors: https://thequantuminsider.com/2023/09/18/tqi-named-strategic-partner-as-tfd-launches-the-quantum-collective-to-elevate-communications-for-quantum-companies (1/1), chunk 2/37
[08:34:56 +54s | thequantuminsider_2023_09_18_tqi_named_strategic_partner_as_tfd_launches_the_quantum_coll_8b5785c9] Repaired malformed JSON.
[08:34:56 +54s | thequantuminsider_2023_09_18_tqi_named_strategic_partner_as_tfd_launches_the_quantum_coll_8b5785c9] Extracting actors: https://thequantuminsider.com/2023/09/18/tqi-named-strategic-partner-as-tfd-launches-the-quantum-collective-to-elevate-communications-for-quantum-companies (1/1), chunk 3/37
[08:35:22 +1m 22s | thequantuminsider_2023_09_18_tqi_named_strategic_partner_as_tfd_launches_the_quantum_coll_8b5785c9] Extracting actors: https://thequantuminsider.com/2023/09/18/tqi-named-strategic-partner-as-tfd-launches-the-quantum-collective-to-elevate-communications-for-quantum-companies (1/1), chunk 4/37
[08:35:29 +1m 29s | thequantuminsider_2023_09_18_tqi_named_strategic_partner_as_tfd_launches_the_quantum_coll_8b5785c9] Extracting actors: https://thequantuminsider.com/2023/09/18/tqi-named-strategic-partner-as-tfd-launches-the-quantum-collective-to-elevate-communications-for-quantum-companies (1/1), chunk 5/37
[08:35:56 +1m 59s | thequantuminsider_2023_09_18_tqi_named_strategic_partner_as_tfd_launches_the_quantum_coll_8b5785c9] Repaired malformed JSON.
[08:35:56 +1m 59s | thequantuminsider_2023_09_18_tqi_named_strategic_partner_as_tfd_launches_the_quantum_coll_8b5785c9] Extracting actors: https://thequantuminsider.com/2023/09/18/tqi-named-strategic-partner-as-tfd-launches-the-quantum-collective-to-elevate-communications-for-quantum-companies (1/1), chunk 6/37
[08:36:01 +2m 5s | thequantuminsider_2023_09_18_tqi_named_strategic_partner_as_tfd_launches_the_quantum_coll_8b5785c9] Repaired malformed JSON.
[08:36:01 +2m 5s | thequantuminsider_2023_09_18_tqi_named_strategic_partner_as_tfd_launches_the_quantum_coll_8b5785c9] Extracting actors: https://thequantuminsider.com/2023/09/18/tqi-named-strategic-partner-as-tfd-launches-the-quantum-collective-to-elevate-communications-for-quantum-companies (1/1), chunk 7/37
[08:36:25 +2m 31s | thequantuminsider_2023_09_18_tqi_named_strategic_partner_as_tfd_launches_the_quantum_coll_8b5785c9] Repaired malformed JSON.
[08:36:25 +2m 31s | thequantuminsider_2023_09_18_tqi_named_strategic_partner_as_tfd_launches_the_quantum_coll_8b5785c9] Extracting actors: https://thequantuminsider.com/2023/09/18/tqi-named-strategic-partner-as-tfd-launches-the-quantum-collective-to-elevate-communications-for-quantum-companies (1/1), chunk 8/37
[08:36:33 +2m 39s | thequantuminsider_2023_09_18_tqi_named_strategic_partner_as_tfd_launches_the_quantum_coll_8b5785c9] Repaired malformed JSON.
[08:36:33 +2m 39s | thequantuminsider_2023_09_18_tqi_named_strategic_partner_as_tfd_launches_the_quantum_coll_8b5785c9] Extracting actors: https://thequantuminsider.com/2023/09/18/tqi-named-strategic-partner-as-tfd-launches-the-quantum-collective-to-elevate-communications-for-quantum-companies (1/1), chunk 9/37
[08:36:39 +2m 45s | thequantuminsider_2023_09_18_tqi_named_strategic_partner_as_tfd_launches_the_quantum_coll_8b5785c9] Extracting actors: https://thequantuminsider.com/2023/09/18/tqi-named-strategic-partner-as-tfd-launches-the-quantum-collective-to-elevate-communications-for-quantum-companies (1/1), chunk 10/37
[08:36:46 +2m 51s | thequantuminsider_2023_09_18_tqi_named_strategic_partner_as_tfd_launches_the_quantum_coll_8b5785c9] Extracting actors: https://thequantuminsider.com/2023/09/18/tqi-named-strategic-partner-as-tfd-launches-the-quantum-collective-to-elevate-communications-for-quantum-companies (1/1), chunk 11/37
[08:37:12 +3m 20s | thequantuminsider_2023_09_18_tqi_named_strategic_partner_as_tfd_launches_the_quantum_coll_8b5785c9] Repaired malformed JSON.
[08:37:12 +3m 20s | thequantuminsider_2023_09_18_tqi_named_strategic_partner_as_tfd_launches_the_quantum_coll_8b5785c9] Extracting actors: https://thequantuminsider.com/2023/09/18/tqi-named-strategic-partner-as-tfd-launches-the-quantum-collective-to-elevate-communications-for-quantum-companies (1/1), chunk 12/37
[08:37:19 +3m 28s | thequantuminsider_2023_09_18_tqi_named_strategic_partner_as_tfd_launches_the_quantum_coll_8b5785c9] Repaired malformed JSON.
[08:37:19 +3m 28s | thequantuminsider_2023_09_18_tqi_named_strategic_partner_as_tfd_launches_the_quantum_coll_8b5785c9] Extracting actors: https://thequantuminsider.com/2023/09/18/tqi-named-strategic-partner-as-tfd-launches-the-quantum-collective-to-elevate-communications-for-quantum-companies (1/1), chunk 13/37
[08:37:24 +3m 35s | thequantuminsider_2023_09_18_tqi_named_strategic_partner_as_tfd_launches_the_quantum_coll_8b5785c9] Repaired malformed JSON.
[08:37:24 +3m 35s | thequantuminsider_2023_09_18_tqi_named_strategic_partner_as_tfd_launches_the_quantum_coll_8b5785c9] Extracting actors: https://thequantuminsider.com/2023/09/18/tqi-named-strategic-partner-as-tfd-launches-the-quantum-collective-to-elevate-communications-for-quantum-companies (1/1), chunk 14/37
[08:37:34 +3m 45s | thequantuminsider_2023_09_18_tqi_named_strategic_partner_as_tfd_launches_the_quantum_coll_8b5785c9] Repaired malformed JSON.
[08:37:34 +3m 45s | thequantuminsider_2023_09_18_tqi_named_strategic_partner_as_tfd_launches_the_quantum_coll_8b5785c9] Extracting actors: https://thequantuminsider.com/2023/09/18/tqi-named-strategic-partner-as-tfd-launches-the-quantum-collective-to-elevate-communications-for-quantum-companies (1/1), chunk 15/37
[08:37:58 +4m 11s | thequantuminsider_2023_09_18_tqi_named_strategic_partner_as_tfd_launches_the_quantum_coll_8b5785c9] Repaired malformed JSON.
[08:37:58 +4m 11s | thequantuminsider_2023_09_18_tqi_named_strategic_partner_as_tfd_launches_the_quantum_coll_8b5785c9] Extracting actors: https://thequantuminsider.com/2023/09/18/tqi-named-strategic-partner-as-tfd-launches-the-quantum-collective-to-elevate-communications-for-quantum-companies (1/1), chunk 16/37
[08:38:06 +4m 19s | thequantuminsider_2023_09_18_tqi_named_strategic_partner_as_tfd_launches_the_quantum_coll_8b5785c9] Repaired malformed JSON.
[08:38:06 +4m 19s | thequantuminsider_2023_09_18_tqi_named_strategic_partner_as_tfd_launches_the_quantum_coll_8b5785c9] Extracting actors: https://thequantuminsider.com/2023/09/18/tqi-named-strategic-partner-as-tfd-launches-the-quantum-collective-to-elevate-communications-for-quantum-companies (1/1), chunk 17/37
[08:38:16 +4m 29s | thequantuminsider_2023_09_18_tqi_named_strategic_partner_as_tfd_launches_the_quantum_coll_8b5785c9] Repaired malformed JSON.
[08:38:16 +4m 29s | thequantuminsider_2023_09_18_tqi_named_strategic_partner_as_tfd_launches_the_quantum_coll_8b5785c9] Extracting actors: https://thequantuminsider.com/2023/09/18/tqi-named-strategic-partner-as-tfd-launches-the-quantum-collective-to-elevate-communications-for-quantum-companies (1/1), chunk 18/37
[08:38:19 +4m 35s | thequantuminsider_2023_09_18_tqi_named_strategic_partner_as_tfd_launches_the_quantum_coll_8b5785c9] Repaired malformed JSON.
[08:38:19 +4m 35s | thequantuminsider_2023_09_18_tqi_named_strategic_partner_as_tfd_launches_the_quantum_coll_8b5785c9] Extracting actors: https://thequantuminsider.com/2023/09/18/tqi-named-strategic-partner-as-tfd-launches-the-quantum-collective-to-elevate-communications-for-quantum-companies (1/1), chunk 19/37
[08:38:27 +4m 43s | thequantuminsider_2023_09_18_tqi_named_strategic_partner_as_tfd_launches_the_quantum_coll_8b5785c9] Repaired malformed JSON.
[08:38:27 +4m 43s | thequantuminsider_2023_09_18_tqi_named_strategic_partner_as_tfd_launches_the_quantum_coll_8b5785c9] Extracting actors: https://thequantuminsider.com/2023/09/18/tqi-named-strategic-partner-as-tfd-launches-the-quantum-collective-to-elevate-communications-for-quantum-companies (1/1), chunk 20/37
[08:38:48 +5m 6s | thequantuminsider_2023_09_18_tqi_named_strategic_partner_as_tfd_launches_the_quantum_coll_8b5785c9] Repaired malformed JSON.
[08:38:48 +5m 6s | thequantuminsider_2023_09_18_tqi_named_strategic_partner_as_tfd_launches_the_quantum_coll_8b5785c9] Extracting actors: https://thequantuminsider.com/2023/09/18/tqi-named-strategic-partner-as-tfd-launches-the-quantum-collective-to-elevate-communications-for-quantum-companies (1/1), chunk 21/37
[08:38:55 +5m 13s | thequantuminsider_2023_09_18_tqi_named_strategic_partner_as_tfd_launches_the_quantum_coll_8b5785c9] Repaired malformed JSON.
[08:38:55 +5m 13s | thequantuminsider_2023_09_18_tqi_named_strategic_partner_as_tfd_launches_the_quantum_coll_8b5785c9] Extracting actors: https://thequantuminsider.com/2023/09/18/tqi-named-strategic-partner-as-tfd-launches-the-quantum-collective-to-elevate-communications-for-quantum-companies (1/1), chunk 22/37
[08:39:02 +5m 20s | thequantuminsider_2023_09_18_tqi_named_strategic_partner_as_tfd_launches_the_quantum_coll_8b5785c9] Extracting actors: https://thequantuminsider.com/2023/09/18/tqi-named-strategic-partner-as-tfd-launches-the-quantum-collective-to-elevate-communications-for-quantum-companies (1/1), chunk 23/37
[08:39:12 +5m 30s | thequantuminsider_2023_09_18_tqi_named_strategic_partner_as_tfd_launches_the_quantum_coll_8b5785c9] Repaired malformed JSON.
[08:39:12 +5m 30s | thequantuminsider_2023_09_18_tqi_named_strategic_partner_as_tfd_launches_the_quantum_coll_8b5785c9] Extracting actors: https://thequantuminsider.com/2023/09/18/tqi-named-strategic-partner-as-tfd-launches-the-quantum-collective-to-elevate-communications-for-quantum-companies (1/1), chunk 24/37
[08:39:19 +5m 40s | thequantuminsider_2023_09_18_tqi_named_strategic_partner_as_tfd_launches_the_quantum_coll_8b5785c9] Repaired malformed JSON.
[08:39:19 +5m 40s | thequantuminsider_2023_09_18_tqi_named_strategic_partner_as_tfd_launches_the_quantum_coll_8b5785c9] Extracting actors: https://thequantuminsider.com/2023/09/18/tqi-named-strategic-partner-as-tfd-launches-the-quantum-collective-to-elevate-communications-for-quantum-companies (1/1), chunk 25/37
[08:39:24 +5m 45s | thequantuminsider_2023_09_18_tqi_named_strategic_partner_as_tfd_launches_the_quantum_coll_8b5785c9] Extracting actors: https://thequantuminsider.com/2023/09/18/tqi-named-strategic-partner-as-tfd-launches-the-quantum-collective-to-elevate-communications-for-quantum-companies (1/1), chunk 26/37
[08:39:31 +5m 52s | thequantuminsider_2023_09_18_tqi_named_strategic_partner_as_tfd_launches_the_quantum_coll_8b5785c9] Repaired malformed JSON.
[08:39:31 +5m 52s | thequantuminsider_2023_09_18_tqi_named_strategic_partner_as_tfd_launches_the_quantum_coll_8b5785c9] Extracting actors: https://thequantuminsider.com/2023/09/18/tqi-named-strategic-partner-as-tfd-launches-the-quantum-collective-to-elevate-communications-for-quantum-companies (1/1), chunk 27/37
[08:39:38 +5m 59s | thequantuminsider_2023_09_18_tqi_named_strategic_partner_as_tfd_launches_the_quantum_coll_8b5785c9] Extracting actors: https://thequantuminsider.com/2023/09/18/tqi-named-strategic-partner-as-tfd-launches-the-quantum-collective-to-elevate-communications-for-quantum-companies (1/1), chunk 28/37
[08:39:44 +6m 5s | thequantuminsider_2023_09_18_tqi_named_strategic_partner_as_tfd_launches_the_quantum_coll_8b5785c9] Extracting actors: https://thequantuminsider.com/2023/09/18/tqi-named-strategic-partner-as-tfd-launches-the-quantum-collective-to-elevate-communications-for-quantum-companies (1/1), chunk 29/37
[08:40:10 +6m 33s | thequantuminsider_2023_09_18_tqi_named_strategic_partner_as_tfd_launches_the_quantum_coll_8b5785c9] Repaired malformed JSON.
[08:40:10 +6m 33s | thequantuminsider_2023_09_18_tqi_named_strategic_partner_as_tfd_launches_the_quantum_coll_8b5785c9] Extracting actors: https://thequantuminsider.com/2023/09/18/tqi-named-strategic-partner-as-tfd-launches-the-quantum-collective-to-elevate-communications-for-quantum-companies (1/1), chunk 30/37
[08:40:18 +6m 42s | thequantuminsider_2023_09_18_tqi_named_strategic_partner_as_tfd_launches_the_quantum_coll_8b5785c9] Repaired malformed JSON.
[08:40:18 +6m 42s | thequantuminsider_2023_09_18_tqi_named_strategic_partner_as_tfd_launches_the_quantum_coll_8b5785c9] Extracting actors: https://thequantuminsider.com/2023/09/18/tqi-named-strategic-partner-as-tfd-launches-the-quantum-collective-to-elevate-communications-for-quantum-companies (1/1), chunk 31/37
[08:40:22 +6m 48s | thequantuminsider_2023_09_18_tqi_named_strategic_partner_as_tfd_launches_the_quantum_coll_8b5785c9] Repaired malformed JSON.
[08:40:22 +6m 48s | thequantuminsider_2023_09_18_tqi_named_strategic_partner_as_tfd_launches_the_quantum_coll_8b5785c9] Extracting actors: https://thequantuminsider.com/2023/09/18/tqi-named-strategic-partner-as-tfd-launches-the-quantum-collective-to-elevate-communications-for-quantum-companies (1/1), chunk 32/37
[08:40:31 +6m 57s | thequantuminsider_2023_09_18_tqi_named_strategic_partner_as_tfd_launches_the_quantum_coll_8b5785c9] Repaired malformed JSON.
[08:40:31 +6m 57s | thequantuminsider_2023_09_18_tqi_named_strategic_partner_as_tfd_launches_the_quantum_coll_8b5785c9] Extracting actors: https://thequantuminsider.com/2023/09/18/tqi-named-strategic-partner-as-tfd-launches-the-quantum-collective-to-elevate-communications-for-quantum-companies (1/1), chunk 33/37
[08:40:49 +7m 17s | thequantuminsider_2023_09_18_tqi_named_strategic_partner_as_tfd_launches_the_quantum_coll_8b5785c9] Repaired malformed JSON.
[08:40:49 +7m 17s | thequantuminsider_2023_09_18_tqi_named_strategic_partner_as_tfd_launches_the_quantum_coll_8b5785c9] Extracting actors: https://thequantuminsider.com/2023/09/18/tqi-named-strategic-partner-as-tfd-launches-the-quantum-collective-to-elevate-communications-for-quantum-companies (1/1), chunk 34/37
[08:40:57 +7m 25s | thequantuminsider_2023_09_18_tqi_named_strategic_partner_as_tfd_launches_the_quantum_coll_8b5785c9] Repaired malformed JSON.
[08:40:57 +7m 25s | thequantuminsider_2023_09_18_tqi_named_strategic_partner_as_tfd_launches_the_quantum_coll_8b5785c9] Extracting actors: https://thequantuminsider.com/2023/09/18/tqi-named-strategic-partner-as-tfd-launches-the-quantum-collective-to-elevate-communications-for-quantum-companies (1/1), chunk 35/37
[08:41:15 +7m 44s | thequantuminsider_2023_09_18_tqi_named_strategic_partner_as_tfd_launches_the_quantum_coll_8b5785c9] Repaired malformed JSON.
[08:41:15 +7m 44s | thequantuminsider_2023_09_18_tqi_named_strategic_partner_as_tfd_launches_the_quantum_coll_8b5785c9] Extracting actors: https://thequantuminsider.com/2023/09/18/tqi-named-strategic-partner-as-tfd-launches-the-quantum-collective-to-elevate-communications-for-quantum-companies (1/1), chunk 36/37
[08:41:24 +7m 55s | thequantuminsider_2023_09_18_tqi_named_strategic_partner_as_tfd_launches_the_quantum_coll_8b5785c9] Repaired malformed JSON.
[08:41:24 +7m 55s | thequantuminsider_2023_09_18_tqi_named_strategic_partner_as_tfd_launches_the_quantum_coll_8b5785c9] Extracting actors: https://thequantuminsider.com/2023/09/18/tqi-named-strategic-partner-as-tfd-launches-the-quantum-collective-to-elevate-communications-for-quantum-companies (1/1), chunk 37/37
[08:41:33 +8m 4s | thequantuminsider_2023_09_18_tqi_named_strategic_partner_as_tfd_launches_the_quantum_coll_8b5785c9] Repaired malformed JSON.
[08:41:33 +8m 4s | thequantuminsider_2023_09_18_tqi_named_strategic_partner_as_tfd_launches_the_quantum_coll_8b5785c9] Saved 1_actor_results.json with 62 extracted records

[08:41:33 +8m 4s | thequantuminsider_2023_09_18_tqi_named_strategic_partner_as_tfd_launches_the_quantum_coll_8b5785c9] === 2 clean actors ===
[08:41:33 +8m 4s | thequantuminsider_2023_09_18_tqi_named_strategic_partner_as_tfd_launches_the_quantum_coll_8b5785c9] Loaded 62 extracted records
[08:41:33 +8m 4s | thequantuminsider_2023_09_18_tqi_named_strategic_partner_as_tfd_launches_the_quantum_coll_8b5785c9] Saved 2_actor_nodes.json with 15 canonical actor nodes

[08:41:33 +8m 4s | thequantuminsider_2023_09_18_tqi_named_strategic_partner_as_tfd_launches_the_quantum_coll_8b5785c9] === 3 interaction extraction ===
[08:41:33 +8m 5s | thequantuminsider_2023_09_18_tqi_named_strategic_partner_as_tfd_launches_the_quantum_coll_8b5785c9] Extracting interactions: https://thequantuminsider.com/2023/09/18/tqi-named-strategic-partner-as-tfd-launches-the-quantum-collective-to-elevate-communications-for-quantum-companies (1/1), chunk 7/37
[08:41:43 +8m 14s | thequantuminsider_2023_09_18_tqi_named_strategic_partner_as_tfd_launches_the_quantum_coll_8b5785c9] Extracting interactions: https://thequantuminsider.com/2023/09/18/tqi-named-strategic-partner-as-tfd-launches-the-quantum-collective-to-elevate-communications-for-quantum-companies (1/1), chunk 11/37
[08:41:51 +8m 25s | thequantuminsider_2023_09_18_tqi_named_strategic_partner_as_tfd_launches_the_quantum_coll_8b5785c9] Extracting interactions: https://thequantuminsider.com/2023/09/18/tqi-named-strategic-partner-as-tfd-launches-the-quantum-collective-to-elevate-communications-for-quantum-companies (1/1), chunk 12/37
[08:42:00 +8m 34s | thequantuminsider_2023_09_18_tqi_named_strategic_partner_as_tfd_launches_the_quantum_coll_8b5785c9] Extracting interactions: https://thequantuminsider.com/2023/09/18/tqi-named-strategic-partner-as-tfd-launches-the-quantum-collective-to-elevate-communications-for-quantum-companies (1/1), chunk 13/37
[08:42:16 +8m 52s | thequantuminsider_2023_09_18_tqi_named_strategic_partner_as_tfd_launches_the_quantum_coll_8b5785c9] Extracting interactions: https://thequantuminsider.com/2023/09/18/tqi-named-strategic-partner-as-tfd-launches-the-quantum-collective-to-elevate-communications-for-quantum-companies (1/1), chunk 14/37
[08:42:38 +9m 15s | thequantuminsider_2023_09_18_tqi_named_strategic_partner_as_tfd_launches_the_quantum_coll_8b5785c9] Extracting interactions: https://thequantuminsider.com/2023/09/18/tqi-named-strategic-partner-as-tfd-launches-the-quantum-collective-to-elevate-communications-for-quantum-companies (1/1), chunk 15/37
[08:42:47 +9m 23s | thequantuminsider_2023_09_18_tqi_named_strategic_partner_as_tfd_launches_the_quantum_coll_8b5785c9] Extracting interactions: https://thequantuminsider.com/2023/09/18/tqi-named-strategic-partner-as-tfd-launches-the-quantum-collective-to-elevate-communications-for-quantum-companies (1/1), chunk 16/37
[08:42:55 +9m 34s | thequantuminsider_2023_09_18_tqi_named_strategic_partner_as_tfd_launches_the_quantum_coll_8b5785c9] Extracting interactions: https://thequantuminsider.com/2023/09/18/tqi-named-strategic-partner-as-tfd-launches-the-quantum-collective-to-elevate-communications-for-quantum-companies (1/1), chunk 17/37
[08:42:57 +9m 36s | thequantuminsider_2023_09_18_tqi_named_strategic_partner_as_tfd_launches_the_quantum_coll_8b5785c9] Extracting interactions: https://thequantuminsider.com/2023/09/18/tqi-named-strategic-partner-as-tfd-launches-the-quantum-collective-to-elevate-communications-for-quantum-companies (1/1), chunk 20/37
[08:42:59 +9m 38s | thequantuminsider_2023_09_18_tqi_named_strategic_partner_as_tfd_launches_the_quantum_coll_8b5785c9] Extracting interactions: https://thequantuminsider.com/2023/09/18/tqi-named-strategic-partner-as-tfd-launches-the-quantum-collective-to-elevate-communications-for-quantum-companies (1/1), chunk 21/37
[08:43:03 +9m 42s | thequantuminsider_2023_09_18_tqi_named_strategic_partner_as_tfd_launches_the_quantum_coll_8b5785c9] Extracting interactions: https://thequantuminsider.com/2023/09/18/tqi-named-strategic-partner-as-tfd-launches-the-quantum-collective-to-elevate-communications-for-quantum-companies (1/1), chunk 26/37
[08:43:08 +9m 47s | thequantuminsider_2023_09_18_tqi_named_strategic_partner_as_tfd_launches_the_quantum_coll_8b5785c9] Extracting interactions: https://thequantuminsider.com/2023/09/18/tqi-named-strategic-partner-as-tfd-launches-the-quantum-collective-to-elevate-communications-for-quantum-companies (1/1), chunk 27/37
[08:43:09 +9m 48s | thequantuminsider_2023_09_18_tqi_named_strategic_partner_as_tfd_launches_the_quantum_coll_8b5785c9] Extracting interactions: https://thequantuminsider.com/2023/09/18/tqi-named-strategic-partner-as-tfd-launches-the-quantum-collective-to-elevate-communications-for-quantum-companies (1/1), chunk 28/37
[08:43:13 +9m 52s | thequantuminsider_2023_09_18_tqi_named_strategic_partner_as_tfd_launches_the_quantum_coll_8b5785c9] Extracting interactions: https://thequantuminsider.com/2023/09/18/tqi-named-strategic-partner-as-tfd-launches-the-quantum-collective-to-elevate-communications-for-quantum-companies (1/1), chunk 30/37
[08:43:19 +10m 0s | thequantuminsider_2023_09_18_tqi_named_strategic_partner_as_tfd_launches_the_quantum_coll_8b5785c9] Extracting interactions: https://thequantuminsider.com/2023/09/18/tqi-named-strategic-partner-as-tfd-launches-the-quantum-collective-to-elevate-communications-for-quantum-companies (1/1), chunk 31/37
[08:43:21 +10m 2s | thequantuminsider_2023_09_18_tqi_named_strategic_partner_as_tfd_launches_the_quantum_coll_8b5785c9] Extracting interactions: https://thequantuminsider.com/2023/09/18/tqi-named-strategic-partner-as-tfd-launches-the-quantum-collective-to-elevate-communications-for-quantum-companies (1/1), chunk 32/37
[08:43:23 +10m 5s | thequantuminsider_2023_09_18_tqi_named_strategic_partner_as_tfd_launches_the_quantum_coll_8b5785c9] Extracting interactions: https://thequantuminsider.com/2023/09/18/tqi-named-strategic-partner-as-tfd-launches-the-quantum-collective-to-elevate-communications-for-quantum-companies (1/1), chunk 33/37
[08:43:25 +10m 6s | thequantuminsider_2023_09_18_tqi_named_strategic_partner_as_tfd_launches_the_quantum_coll_8b5785c9] Extracting interactions: https://thequantuminsider.com/2023/09/18/tqi-named-strategic-partner-as-tfd-launches-the-quantum-collective-to-elevate-communications-for-quantum-companies (1/1), chunk 35/37
[08:43:44 +10m 25s | thequantuminsider_2023_09_18_tqi_named_strategic_partner_as_tfd_launches_the_quantum_coll_8b5785c9] Extracting interactions: https://thequantuminsider.com/2023/09/18/tqi-named-strategic-partner-as-tfd-launches-the-quantum-collective-to-elevate-communications-for-quantum-companies (1/1), chunk 36/37
[08:43:46 +10m 28s | thequantuminsider_2023_09_18_tqi_named_strategic_partner_as_tfd_launches_the_quantum_coll_8b5785c9] Saved 3_interaction_results.json with 20 extracted interactions.

[08:43:46 +10m 28s | thequantuminsider_2023_09_18_tqi_named_strategic_partner_as_tfd_launches_the_quantum_coll_8b5785c9] === 4 clean interactions ===
[08:43:46 +10m 28s | thequantuminsider_2023_09_18_tqi_named_strategic_partner_as_tfd_launches_the_quantum_coll_8b5785c9] Saved 4_edges.json with 10 cleaned interactions.

[08:43:46 +10m 28s | thequantuminsider_2023_09_18_tqi_named_strategic_partner_as_tfd_launches_the_quantum_coll_8b5785c9] === 5 helix enrichment ===
[08:43:46 +10m 28s | thequantuminsider_2023_09_18_tqi_named_strategic_partner_as_tfd_launches_the_quantum_coll_8b5785c9] Wrote 5_nodes.json (15 actors)
[08:43:46 +10m 28s | thequantuminsider_2023_09_18_tqi_named_strategic_partner_as_tfd_launches_the_quantum_coll_8b5785c9] Wrote 5_edges.json (10 interactions)
[08:43:46 +10m 28s | thequantuminsider_2023_09_18_tqi_named_strategic_partner_as_tfd_launches_the_quantum_coll_8b5785c9] Actor helix counts: {'Academia': 1, 'Civil Society': 1, 'Industry': 3, 'Intermediary': 2, 'Unknown': 8}
[08:43:46 +10m 28s | thequantuminsider_2023_09_18_tqi_named_strategic_partner_as_tfd_launches_the_quantum_coll_8b5785c9] Functional-space counts: {'Innovation': 5, 'Unknown': 5}

[08:43:46 +10m 28s | thequantuminsider_2023_09_18_tqi_named_strategic_partner_as_tfd_launches_the_quantum_coll_8b5785c9] === 6 network visualisation ===
[08:43:44 +10m 28s | thequantuminsider_2023_09_18_tqi_named_strategic_partner_as_tfd_launches_the_quantum_coll_8b5785c9] Wrote quantum_network.html
[08:43:44 +10m 28s | thequantuminsider_2023_09_18_tqi_named_strategic_partner_as_tfd_launches_the_quantum_coll_8b5785c9] Nodes: 15
[08:43:44 +10m 28s | thequantuminsider_2023_09_18_tqi_named_strategic_partner_as_tfd_launches_the_quantum_coll_8b5785c9] Edges: 3

[08:43:44 +10m 28s | thequantuminsider_2023_09_18_tqi_named_strategic_partner_as_tfd_launches_the_quantum_coll_8b5785c9] Done. Outputs written to: /home/lv/IDP/idpdeeptech/pipeline/news_outputs/thequantuminsider_2023_09_18_tqi_named_strategic_partner_as_tfd_launches_the_quantum_coll_8b5785c9
[08:43:44 +10m 28s | thequantuminsider_2023_09_18_tqi_named_strategic_partner_as_tfd_launches_the_quantum_coll_8b5785c9] Log: /home/lv/IDP/idpdeeptech/pipeline/news_outputs/thequantuminsider_2023_09_18_tqi_named_strategic_partner_as_tfd_launches_the_quantum_coll_8b5785c9/run.log

========================================================================
RUN FINISHED 2026-07-05 08:43:44  (OK)
Started:     2026-07-05 08:34:07
Elapsed:     10m 28s
========================================================================
