
========================================================================
RUN STARTED  2026-07-05 01:51:09
site_pipeline.py https://thequantuminsider.com/2023/11/29/aws-reveals-quantum-chip-that-suppresses-bit-flip-errors-by-100x/
========================================================================

[01:51:09 +0s | thequantuminsider_2023_11_29_aws_reveals_quantum_chip_that_suppresses_bit_flip_errors_by_100x] === 0 crawl site ===
[01:51:10 +1s | thequantuminsider_2023_11_29_aws_reveals_quantum_chip_that_suppresses_bit_flip_errors_by_100x] [INIT].... → Crawl4AI 0.8.6 
[01:51:13 +3s | thequantuminsider_2023_11_29_aws_reveals_quantum_chip_that_suppresses_bit_flip_errors_by_100x] [FETCH]... ↓ https://thequantuminsider.com/2023/11/29/aws-rev...um-chip-that-suppresses-bit-flip-errors-by-100x/  | ✓ | ⏱: 2.09s 
[01:51:13 +4s | thequantuminsider_2023_11_29_aws_reveals_quantum_chip_that_suppresses_bit_flip_errors_by_100x] [SCRAPE].. ◆ https://thequantuminsider.com/2023/11/29/aws-rev...um-chip-that-suppresses-bit-flip-errors-by-100x/  | ✓ | ⏱: 0.12s 
[01:51:13 +4s | thequantuminsider_2023_11_29_aws_reveals_quantum_chip_that_suppresses_bit_flip_errors_by_100x] [COMPLETE] ● https://thequantuminsider.com/2023/11/29/aws-rev...um-chip-that-suppresses-bit-flip-errors-by-100x/  | ✓ | ⏱: 2.23s 
[01:51:13 +4s | thequantuminsider_2023_11_29_aws_reveals_quantum_chip_that_suppresses_bit_flip_errors_by_100x] Saved: crawl_output/499d2b863d_thequantuminsider.com_2023_11_29_aws-reveals-quantum-chip-that-suppresses-bit-flip-errors-by-100x.json

[01:51:13 +4s | thequantuminsider_2023_11_29_aws_reveals_quantum_chip_that_suppresses_bit_flip_errors_by_100x] === 1 actor extraction ===
[01:51:13 +4s | thequantuminsider_2023_11_29_aws_reveals_quantum_chip_that_suppresses_bit_flip_errors_by_100x] Reading page (1/1): https://thequantuminsider.com/2023/11/29/aws-reveals-quantum-chip-that-suppresses-bit-flip-errors-by-100x
[01:51:13 +4s | thequantuminsider_2023_11_29_aws_reveals_quantum_chip_that_suppresses_bit_flip_errors_by_100x] Extracting actors: https://thequantuminsider.com/2023/11/29/aws-reveals-quantum-chip-that-suppresses-bit-flip-errors-by-100x (1/1), chunk 1/37
[01:51:20 +11s | thequantuminsider_2023_11_29_aws_reveals_quantum_chip_that_suppresses_bit_flip_errors_by_100x] Extracting actors: https://thequantuminsider.com/2023/11/29/aws-reveals-quantum-chip-that-suppresses-bit-flip-errors-by-100x (1/1), chunk 2/37
[01:51:25 +17s | thequantuminsider_2023_11_29_aws_reveals_quantum_chip_that_suppresses_bit_flip_errors_by_100x] Extracting actors: https://thequantuminsider.com/2023/11/29/aws-reveals-quantum-chip-that-suppresses-bit-flip-errors-by-100x (1/1), chunk 3/37
[01:51:32 +24s | thequantuminsider_2023_11_29_aws_reveals_quantum_chip_that_suppresses_bit_flip_errors_by_100x] Extracting actors: https://thequantuminsider.com/2023/11/29/aws-reveals-quantum-chip-that-suppresses-bit-flip-errors-by-100x (1/1), chunk 4/37
[01:51:55 +47s | thequantuminsider_2023_11_29_aws_reveals_quantum_chip_that_suppresses_bit_flip_errors_by_100x] Extracting actors: https://thequantuminsider.com/2023/11/29/aws-reveals-quantum-chip-that-suppresses-bit-flip-errors-by-100x (1/1), chunk 5/37
[01:51:59 +52s | thequantuminsider_2023_11_29_aws_reveals_quantum_chip_that_suppresses_bit_flip_errors_by_100x] Extracting actors: https://thequantuminsider.com/2023/11/29/aws-reveals-quantum-chip-that-suppresses-bit-flip-errors-by-100x (1/1), chunk 6/37
[01:52:06 +1m 0s | thequantuminsider_2023_11_29_aws_reveals_quantum_chip_that_suppresses_bit_flip_errors_by_100x] Extracting actors: https://thequantuminsider.com/2023/11/29/aws-reveals-quantum-chip-that-suppresses-bit-flip-errors-by-100x (1/1), chunk 7/37
[01:52:13 +1m 6s | thequantuminsider_2023_11_29_aws_reveals_quantum_chip_that_suppresses_bit_flip_errors_by_100x] Extracting actors: https://thequantuminsider.com/2023/11/29/aws-reveals-quantum-chip-that-suppresses-bit-flip-errors-by-100x (1/1), chunk 8/37
[01:52:19 +1m 12s | thequantuminsider_2023_11_29_aws_reveals_quantum_chip_that_suppresses_bit_flip_errors_by_100x] Extracting actors: https://thequantuminsider.com/2023/11/29/aws-reveals-quantum-chip-that-suppresses-bit-flip-errors-by-100x (1/1), chunk 9/37
[01:52:28 +1m 22s | thequantuminsider_2023_11_29_aws_reveals_quantum_chip_that_suppresses_bit_flip_errors_by_100x] Repaired malformed JSON.
[01:52:28 +1m 22s | thequantuminsider_2023_11_29_aws_reveals_quantum_chip_that_suppresses_bit_flip_errors_by_100x] Extracting actors: https://thequantuminsider.com/2023/11/29/aws-reveals-quantum-chip-that-suppresses-bit-flip-errors-by-100x (1/1), chunk 10/37
[01:52:32 +1m 26s | thequantuminsider_2023_11_29_aws_reveals_quantum_chip_that_suppresses_bit_flip_errors_by_100x] Extracting actors: https://thequantuminsider.com/2023/11/29/aws-reveals-quantum-chip-that-suppresses-bit-flip-errors-by-100x (1/1), chunk 11/37
[01:52:39 +1m 33s | thequantuminsider_2023_11_29_aws_reveals_quantum_chip_that_suppresses_bit_flip_errors_by_100x] Repaired malformed JSON.
[01:52:39 +1m 33s | thequantuminsider_2023_11_29_aws_reveals_quantum_chip_that_suppresses_bit_flip_errors_by_100x] Extracting actors: https://thequantuminsider.com/2023/11/29/aws-reveals-quantum-chip-that-suppresses-bit-flip-errors-by-100x (1/1), chunk 12/37
[01:52:45 +1m 39s | thequantuminsider_2023_11_29_aws_reveals_quantum_chip_that_suppresses_bit_flip_errors_by_100x] Repaired malformed JSON.
[01:52:45 +1m 39s | thequantuminsider_2023_11_29_aws_reveals_quantum_chip_that_suppresses_bit_flip_errors_by_100x] Extracting actors: https://thequantuminsider.com/2023/11/29/aws-reveals-quantum-chip-that-suppresses-bit-flip-errors-by-100x (1/1), chunk 13/37
[01:52:54 +1m 48s | thequantuminsider_2023_11_29_aws_reveals_quantum_chip_that_suppresses_bit_flip_errors_by_100x] Repaired malformed JSON.
[01:52:54 +1m 48s | thequantuminsider_2023_11_29_aws_reveals_quantum_chip_that_suppresses_bit_flip_errors_by_100x] Extracting actors: https://thequantuminsider.com/2023/11/29/aws-reveals-quantum-chip-that-suppresses-bit-flip-errors-by-100x (1/1), chunk 14/37
[01:53:02 +1m 57s | thequantuminsider_2023_11_29_aws_reveals_quantum_chip_that_suppresses_bit_flip_errors_by_100x] Repaired malformed JSON.
[01:53:02 +1m 57s | thequantuminsider_2023_11_29_aws_reveals_quantum_chip_that_suppresses_bit_flip_errors_by_100x] Extracting actors: https://thequantuminsider.com/2023/11/29/aws-reveals-quantum-chip-that-suppresses-bit-flip-errors-by-100x (1/1), chunk 15/37
[01:53:27 +2m 22s | thequantuminsider_2023_11_29_aws_reveals_quantum_chip_that_suppresses_bit_flip_errors_by_100x] Repaired malformed JSON.
[01:53:27 +2m 22s | thequantuminsider_2023_11_29_aws_reveals_quantum_chip_that_suppresses_bit_flip_errors_by_100x] Extracting actors: https://thequantuminsider.com/2023/11/29/aws-reveals-quantum-chip-that-suppresses-bit-flip-errors-by-100x (1/1), chunk 16/37
[01:53:34 +2m 31s | thequantuminsider_2023_11_29_aws_reveals_quantum_chip_that_suppresses_bit_flip_errors_by_100x] Repaired malformed JSON.
[01:53:34 +2m 31s | thequantuminsider_2023_11_29_aws_reveals_quantum_chip_that_suppresses_bit_flip_errors_by_100x] Extracting actors: https://thequantuminsider.com/2023/11/29/aws-reveals-quantum-chip-that-suppresses-bit-flip-errors-by-100x (1/1), chunk 17/37
[01:53:42 +2m 38s | thequantuminsider_2023_11_29_aws_reveals_quantum_chip_that_suppresses_bit_flip_errors_by_100x] Repaired malformed JSON.
[01:53:42 +2m 38s | thequantuminsider_2023_11_29_aws_reveals_quantum_chip_that_suppresses_bit_flip_errors_by_100x] Extracting actors: https://thequantuminsider.com/2023/11/29/aws-reveals-quantum-chip-that-suppresses-bit-flip-errors-by-100x (1/1), chunk 18/37
[01:53:46 +2m 43s | thequantuminsider_2023_11_29_aws_reveals_quantum_chip_that_suppresses_bit_flip_errors_by_100x] Extracting actors: https://thequantuminsider.com/2023/11/29/aws-reveals-quantum-chip-that-suppresses-bit-flip-errors-by-100x (1/1), chunk 19/37
[01:54:02 +3m 0s | thequantuminsider_2023_11_29_aws_reveals_quantum_chip_that_suppresses_bit_flip_errors_by_100x] Repaired malformed JSON.
[01:54:02 +3m 0s | thequantuminsider_2023_11_29_aws_reveals_quantum_chip_that_suppresses_bit_flip_errors_by_100x] Extracting actors: https://thequantuminsider.com/2023/11/29/aws-reveals-quantum-chip-that-suppresses-bit-flip-errors-by-100x (1/1), chunk 20/37
[01:54:10 +3m 8s | thequantuminsider_2023_11_29_aws_reveals_quantum_chip_that_suppresses_bit_flip_errors_by_100x] Repaired malformed JSON.
[01:54:10 +3m 8s | thequantuminsider_2023_11_29_aws_reveals_quantum_chip_that_suppresses_bit_flip_errors_by_100x] Extracting actors: https://thequantuminsider.com/2023/11/29/aws-reveals-quantum-chip-that-suppresses-bit-flip-errors-by-100x (1/1), chunk 21/37
[01:54:19 +3m 17s | thequantuminsider_2023_11_29_aws_reveals_quantum_chip_that_suppresses_bit_flip_errors_by_100x] Repaired malformed JSON.
[01:54:19 +3m 17s | thequantuminsider_2023_11_29_aws_reveals_quantum_chip_that_suppresses_bit_flip_errors_by_100x] Extracting actors: https://thequantuminsider.com/2023/11/29/aws-reveals-quantum-chip-that-suppresses-bit-flip-errors-by-100x (1/1), chunk 22/37
[01:54:29 +3m 27s | thequantuminsider_2023_11_29_aws_reveals_quantum_chip_that_suppresses_bit_flip_errors_by_100x] Repaired malformed JSON.
[01:54:29 +3m 27s | thequantuminsider_2023_11_29_aws_reveals_quantum_chip_that_suppresses_bit_flip_errors_by_100x] Extracting actors: https://thequantuminsider.com/2023/11/29/aws-reveals-quantum-chip-that-suppresses-bit-flip-errors-by-100x (1/1), chunk 23/37
[01:54:35 +3m 34s | thequantuminsider_2023_11_29_aws_reveals_quantum_chip_that_suppresses_bit_flip_errors_by_100x] Repaired malformed JSON.
[01:54:35 +3m 34s | thequantuminsider_2023_11_29_aws_reveals_quantum_chip_that_suppresses_bit_flip_errors_by_100x] Extracting actors: https://thequantuminsider.com/2023/11/29/aws-reveals-quantum-chip-that-suppresses-bit-flip-errors-by-100x (1/1), chunk 24/37
[01:55:02 +4m 0s | thequantuminsider_2023_11_29_aws_reveals_quantum_chip_that_suppresses_bit_flip_errors_by_100x] Repaired malformed JSON.
[01:55:02 +4m 0s | thequantuminsider_2023_11_29_aws_reveals_quantum_chip_that_suppresses_bit_flip_errors_by_100x] Extracting actors: https://thequantuminsider.com/2023/11/29/aws-reveals-quantum-chip-that-suppresses-bit-flip-errors-by-100x (1/1), chunk 25/37
[01:55:11 +4m 11s | thequantuminsider_2023_11_29_aws_reveals_quantum_chip_that_suppresses_bit_flip_errors_by_100x] Repaired malformed JSON.
[01:55:11 +4m 11s | thequantuminsider_2023_11_29_aws_reveals_quantum_chip_that_suppresses_bit_flip_errors_by_100x] Extracting actors: https://thequantuminsider.com/2023/11/29/aws-reveals-quantum-chip-that-suppresses-bit-flip-errors-by-100x (1/1), chunk 26/37
[01:55:18 +4m 18s | thequantuminsider_2023_11_29_aws_reveals_quantum_chip_that_suppresses_bit_flip_errors_by_100x] Repaired malformed JSON.
[01:55:18 +4m 18s | thequantuminsider_2023_11_29_aws_reveals_quantum_chip_that_suppresses_bit_flip_errors_by_100x] Extracting actors: https://thequantuminsider.com/2023/11/29/aws-reveals-quantum-chip-that-suppresses-bit-flip-errors-by-100x (1/1), chunk 27/37
[01:55:25 +4m 25s | thequantuminsider_2023_11_29_aws_reveals_quantum_chip_that_suppresses_bit_flip_errors_by_100x] Extracting actors: https://thequantuminsider.com/2023/11/29/aws-reveals-quantum-chip-that-suppresses-bit-flip-errors-by-100x (1/1), chunk 28/37
[01:55:30 +4m 30s | thequantuminsider_2023_11_29_aws_reveals_quantum_chip_that_suppresses_bit_flip_errors_by_100x] Extracting actors: https://thequantuminsider.com/2023/11/29/aws-reveals-quantum-chip-that-suppresses-bit-flip-errors-by-100x (1/1), chunk 29/37
[01:55:36 +4m 37s | thequantuminsider_2023_11_29_aws_reveals_quantum_chip_that_suppresses_bit_flip_errors_by_100x] Repaired malformed JSON.
[01:55:36 +4m 37s | thequantuminsider_2023_11_29_aws_reveals_quantum_chip_that_suppresses_bit_flip_errors_by_100x] Extracting actors: https://thequantuminsider.com/2023/11/29/aws-reveals-quantum-chip-that-suppresses-bit-flip-errors-by-100x (1/1), chunk 30/37
[01:55:52 +4m 53s | thequantuminsider_2023_11_29_aws_reveals_quantum_chip_that_suppresses_bit_flip_errors_by_100x] Repaired malformed JSON.
[01:55:52 +4m 53s | thequantuminsider_2023_11_29_aws_reveals_quantum_chip_that_suppresses_bit_flip_errors_by_100x] Extracting actors: https://thequantuminsider.com/2023/11/29/aws-reveals-quantum-chip-that-suppresses-bit-flip-errors-by-100x (1/1), chunk 31/37
[01:56:02 +5m 3s | thequantuminsider_2023_11_29_aws_reveals_quantum_chip_that_suppresses_bit_flip_errors_by_100x] Repaired malformed JSON.
[01:56:02 +5m 3s | thequantuminsider_2023_11_29_aws_reveals_quantum_chip_that_suppresses_bit_flip_errors_by_100x] Extracting actors: https://thequantuminsider.com/2023/11/29/aws-reveals-quantum-chip-that-suppresses-bit-flip-errors-by-100x (1/1), chunk 32/37
[01:56:09 +5m 11s | thequantuminsider_2023_11_29_aws_reveals_quantum_chip_that_suppresses_bit_flip_errors_by_100x] Extracting actors: https://thequantuminsider.com/2023/11/29/aws-reveals-quantum-chip-that-suppresses-bit-flip-errors-by-100x (1/1), chunk 33/37
[01:56:16 +5m 18s | thequantuminsider_2023_11_29_aws_reveals_quantum_chip_that_suppresses_bit_flip_errors_by_100x] Repaired malformed JSON.
[01:56:16 +5m 18s | thequantuminsider_2023_11_29_aws_reveals_quantum_chip_that_suppresses_bit_flip_errors_by_100x] Extracting actors: https://thequantuminsider.com/2023/11/29/aws-reveals-quantum-chip-that-suppresses-bit-flip-errors-by-100x (1/1), chunk 34/37
[01:56:23 +5m 25s | thequantuminsider_2023_11_29_aws_reveals_quantum_chip_that_suppresses_bit_flip_errors_by_100x] Repaired malformed JSON.
[01:56:23 +5m 25s | thequantuminsider_2023_11_29_aws_reveals_quantum_chip_that_suppresses_bit_flip_errors_by_100x] Extracting actors: https://thequantuminsider.com/2023/11/29/aws-reveals-quantum-chip-that-suppresses-bit-flip-errors-by-100x (1/1), chunk 35/37
[01:56:31 +5m 33s | thequantuminsider_2023_11_29_aws_reveals_quantum_chip_that_suppresses_bit_flip_errors_by_100x] Repaired malformed JSON.
[01:56:31 +5m 33s | thequantuminsider_2023_11_29_aws_reveals_quantum_chip_that_suppresses_bit_flip_errors_by_100x] Extracting actors: https://thequantuminsider.com/2023/11/29/aws-reveals-quantum-chip-that-suppresses-bit-flip-errors-by-100x (1/1), chunk 36/37
[01:57:10 +6m 14s | thequantuminsider_2023_11_29_aws_reveals_quantum_chip_that_suppresses_bit_flip_errors_by_100x] Repaired malformed JSON.
[01:57:10 +6m 14s | thequantuminsider_2023_11_29_aws_reveals_quantum_chip_that_suppresses_bit_flip_errors_by_100x] Extracting actors: https://thequantuminsider.com/2023/11/29/aws-reveals-quantum-chip-that-suppresses-bit-flip-errors-by-100x (1/1), chunk 37/37
[01:57:14 +6m 18s | thequantuminsider_2023_11_29_aws_reveals_quantum_chip_that_suppresses_bit_flip_errors_by_100x] Saved 1_actor_results.json with 53 extracted records

[01:57:14 +6m 18s | thequantuminsider_2023_11_29_aws_reveals_quantum_chip_that_suppresses_bit_flip_errors_by_100x] === 2 clean actors ===
[01:57:14 +6m 18s | thequantuminsider_2023_11_29_aws_reveals_quantum_chip_that_suppresses_bit_flip_errors_by_100x] Loaded 53 extracted records
[01:57:14 +6m 18s | thequantuminsider_2023_11_29_aws_reveals_quantum_chip_that_suppresses_bit_flip_errors_by_100x] Saved 2_actor_nodes.json with 14 canonical actor nodes

[01:57:14 +6m 18s | thequantuminsider_2023_11_29_aws_reveals_quantum_chip_that_suppresses_bit_flip_errors_by_100x] === 3 interaction extraction ===
[01:57:14 +6m 19s | thequantuminsider_2023_11_29_aws_reveals_quantum_chip_that_suppresses_bit_flip_errors_by_100x] Extracting interactions: https://thequantuminsider.com/2023/11/29/aws-reveals-quantum-chip-that-suppresses-bit-flip-errors-by-100x (1/1), chunk 11/37
[01:57:18 +6m 22s | thequantuminsider_2023_11_29_aws_reveals_quantum_chip_that_suppresses_bit_flip_errors_by_100x] Extracting interactions: https://thequantuminsider.com/2023/11/29/aws-reveals-quantum-chip-that-suppresses-bit-flip-errors-by-100x (1/1), chunk 12/37
[01:57:30 +6m 34s | thequantuminsider_2023_11_29_aws_reveals_quantum_chip_that_suppresses_bit_flip_errors_by_100x] Extracting interactions: https://thequantuminsider.com/2023/11/29/aws-reveals-quantum-chip-that-suppresses-bit-flip-errors-by-100x (1/1), chunk 13/37
[01:57:38 +6m 42s | thequantuminsider_2023_11_29_aws_reveals_quantum_chip_that_suppresses_bit_flip_errors_by_100x] Extracting interactions: https://thequantuminsider.com/2023/11/29/aws-reveals-quantum-chip-that-suppresses-bit-flip-errors-by-100x (1/1), chunk 14/37
[01:57:45 +6m 51s | thequantuminsider_2023_11_29_aws_reveals_quantum_chip_that_suppresses_bit_flip_errors_by_100x] Extracting interactions: https://thequantuminsider.com/2023/11/29/aws-reveals-quantum-chip-that-suppresses-bit-flip-errors-by-100x (1/1), chunk 15/37
[01:58:12 +7m 19s | thequantuminsider_2023_11_29_aws_reveals_quantum_chip_that_suppresses_bit_flip_errors_by_100x] Extracting interactions: https://thequantuminsider.com/2023/11/29/aws-reveals-quantum-chip-that-suppresses-bit-flip-errors-by-100x (1/1), chunk 16/37
[01:58:18 +7m 24s | thequantuminsider_2023_11_29_aws_reveals_quantum_chip_that_suppresses_bit_flip_errors_by_100x] Extracting interactions: https://thequantuminsider.com/2023/11/29/aws-reveals-quantum-chip-that-suppresses-bit-flip-errors-by-100x (1/1), chunk 17/37
[01:58:25 +7m 32s | thequantuminsider_2023_11_29_aws_reveals_quantum_chip_that_suppresses_bit_flip_errors_by_100x] Extracting interactions: https://thequantuminsider.com/2023/11/29/aws-reveals-quantum-chip-that-suppresses-bit-flip-errors-by-100x (1/1), chunk 19/37
[01:58:26 +7m 33s | thequantuminsider_2023_11_29_aws_reveals_quantum_chip_that_suppresses_bit_flip_errors_by_100x] Extracting interactions: https://thequantuminsider.com/2023/11/29/aws-reveals-quantum-chip-that-suppresses-bit-flip-errors-by-100x (1/1), chunk 20/37
[01:58:29 +7m 36s | thequantuminsider_2023_11_29_aws_reveals_quantum_chip_that_suppresses_bit_flip_errors_by_100x] Extracting interactions: https://thequantuminsider.com/2023/11/29/aws-reveals-quantum-chip-that-suppresses-bit-flip-errors-by-100x (1/1), chunk 21/37
[01:58:37 +7m 44s | thequantuminsider_2023_11_29_aws_reveals_quantum_chip_that_suppresses_bit_flip_errors_by_100x] Extracting interactions: https://thequantuminsider.com/2023/11/29/aws-reveals-quantum-chip-that-suppresses-bit-flip-errors-by-100x (1/1), chunk 22/37
[01:58:43 +7m 51s | thequantuminsider_2023_11_29_aws_reveals_quantum_chip_that_suppresses_bit_flip_errors_by_100x] Extracting interactions: https://thequantuminsider.com/2023/11/29/aws-reveals-quantum-chip-that-suppresses-bit-flip-errors-by-100x (1/1), chunk 26/37
[01:59:06 +8m 14s | thequantuminsider_2023_11_29_aws_reveals_quantum_chip_that_suppresses_bit_flip_errors_by_100x] Extracting interactions: https://thequantuminsider.com/2023/11/29/aws-reveals-quantum-chip-that-suppresses-bit-flip-errors-by-100x (1/1), chunk 27/37
[01:59:39 +8m 48s | thequantuminsider_2023_11_29_aws_reveals_quantum_chip_that_suppresses_bit_flip_errors_by_100x] Extracting interactions: https://thequantuminsider.com/2023/11/29/aws-reveals-quantum-chip-that-suppresses-bit-flip-errors-by-100x (1/1), chunk 28/37
[01:59:40 +8m 49s | thequantuminsider_2023_11_29_aws_reveals_quantum_chip_that_suppresses_bit_flip_errors_by_100x] Extracting interactions: https://thequantuminsider.com/2023/11/29/aws-reveals-quantum-chip-that-suppresses-bit-flip-errors-by-100x (1/1), chunk 30/37
[01:59:42 +8m 51s | thequantuminsider_2023_11_29_aws_reveals_quantum_chip_that_suppresses_bit_flip_errors_by_100x] Extracting interactions: https://thequantuminsider.com/2023/11/29/aws-reveals-quantum-chip-that-suppresses-bit-flip-errors-by-100x (1/1), chunk 31/37
[01:59:43 +8m 53s | thequantuminsider_2023_11_29_aws_reveals_quantum_chip_that_suppresses_bit_flip_errors_by_100x] Extracting interactions: https://thequantuminsider.com/2023/11/29/aws-reveals-quantum-chip-that-suppresses-bit-flip-errors-by-100x (1/1), chunk 32/37
[01:59:44 +8m 55s | thequantuminsider_2023_11_29_aws_reveals_quantum_chip_that_suppresses_bit_flip_errors_by_100x] Extracting interactions: https://thequantuminsider.com/2023/11/29/aws-reveals-quantum-chip-that-suppresses-bit-flip-errors-by-100x (1/1), chunk 33/37
[01:59:46 +8m 56s | thequantuminsider_2023_11_29_aws_reveals_quantum_chip_that_suppresses_bit_flip_errors_by_100x] Extracting interactions: https://thequantuminsider.com/2023/11/29/aws-reveals-quantum-chip-that-suppresses-bit-flip-errors-by-100x (1/1), chunk 35/37
[02:00:43 +9m 54s | thequantuminsider_2023_11_29_aws_reveals_quantum_chip_that_suppresses_bit_flip_errors_by_100x] Extracting interactions: https://thequantuminsider.com/2023/11/29/aws-reveals-quantum-chip-that-suppresses-bit-flip-errors-by-100x (1/1), chunk 36/37
[02:00:45 +9m 56s | thequantuminsider_2023_11_29_aws_reveals_quantum_chip_that_suppresses_bit_flip_errors_by_100x] Saved 3_interaction_results.json with 17 extracted interactions.

[02:00:45 +9m 56s | thequantuminsider_2023_11_29_aws_reveals_quantum_chip_that_suppresses_bit_flip_errors_by_100x] === 4 clean interactions ===
[02:00:45 +9m 56s | thequantuminsider_2023_11_29_aws_reveals_quantum_chip_that_suppresses_bit_flip_errors_by_100x] Saved 4_edges.json with 2 cleaned interactions.

[02:00:45 +9m 56s | thequantuminsider_2023_11_29_aws_reveals_quantum_chip_that_suppresses_bit_flip_errors_by_100x] === 5 helix enrichment ===
[02:00:45 +9m 56s | thequantuminsider_2023_11_29_aws_reveals_quantum_chip_that_suppresses_bit_flip_errors_by_100x] Wrote 5_nodes.json (14 actors)
[02:00:45 +9m 56s | thequantuminsider_2023_11_29_aws_reveals_quantum_chip_that_suppresses_bit_flip_errors_by_100x] Wrote 5_edges.json (2 interactions)
[02:00:45 +9m 56s | thequantuminsider_2023_11_29_aws_reveals_quantum_chip_that_suppresses_bit_flip_errors_by_100x] Actor helix counts: {'Academia': 1, 'Civil Society': 3, 'Industry': 3, 'Unknown': 7}
[02:00:45 +9m 56s | thequantuminsider_2023_11_29_aws_reveals_quantum_chip_that_suppresses_bit_flip_errors_by_100x] Functional-space counts: {'Unknown': 2}

[02:00:45 +9m 56s | thequantuminsider_2023_11_29_aws_reveals_quantum_chip_that_suppresses_bit_flip_errors_by_100x] === 6 network visualisation ===
[02:00:45 +9m 57s | thequantuminsider_2023_11_29_aws_reveals_quantum_chip_that_suppresses_bit_flip_errors_by_100x] Wrote quantum_network.html
[02:00:45 +9m 57s | thequantuminsider_2023_11_29_aws_reveals_quantum_chip_that_suppresses_bit_flip_errors_by_100x] Nodes: 14
[02:00:45 +9m 57s | thequantuminsider_2023_11_29_aws_reveals_quantum_chip_that_suppresses_bit_flip_errors_by_100x] Edges: 1

[02:00:45 +9m 57s | thequantuminsider_2023_11_29_aws_reveals_quantum_chip_that_suppresses_bit_flip_errors_by_100x] Done. Outputs written to: /home/lv/IDP/idpdeeptech/pipeline/news_outputs/thequantuminsider_2023_11_29_aws_reveals_quantum_chip_that_suppresses_bit_flip_errors_by_100x
[02:00:45 +9m 57s | thequantuminsider_2023_11_29_aws_reveals_quantum_chip_that_suppresses_bit_flip_errors_by_100x] Log: /home/lv/IDP/idpdeeptech/pipeline/news_outputs/thequantuminsider_2023_11_29_aws_reveals_quantum_chip_that_suppresses_bit_flip_errors_by_100x/run.log

========================================================================
RUN FINISHED 2026-07-05 02:00:45  (OK)
Started:     2026-07-05 01:51:09
Elapsed:     9m 57s
========================================================================
