
========================================================================
RUN STARTED  2026-07-05 00:52:02
site_pipeline.py https://thequantuminsider.com/2023/12/08/qrypt-completes-cooperative-research-and-development-agreement-with-los-alamos-national-labs/
========================================================================

[00:52:02 +0s | thequantuminsider_2023_12_08_qrypt_completes_cooperative_research_and_development_agreeme_e2b3d6a5] === 0 crawl site ===
[00:52:04 +2s | thequantuminsider_2023_12_08_qrypt_completes_cooperative_research_and_development_agreeme_e2b3d6a5] [INIT].... → Crawl4AI 0.8.6 
[00:52:08 +5s | thequantuminsider_2023_12_08_qrypt_completes_cooperative_research_and_development_agreeme_e2b3d6a5] [FETCH]... ↓ https://thequantuminsider.com/2023/12/08/qrypt-c...lopment-agreement-with-los-alamos-national-labs/  | ✓ | ⏱: 3.41s 
[00:52:08 +6s | thequantuminsider_2023_12_08_qrypt_completes_cooperative_research_and_development_agreeme_e2b3d6a5] [SCRAPE].. ◆ https://thequantuminsider.com/2023/12/08/qrypt-c...lopment-agreement-with-los-alamos-national-labs/  | ✓ | ⏱: 0.14s 
[00:52:08 +6s | thequantuminsider_2023_12_08_qrypt_completes_cooperative_research_and_development_agreeme_e2b3d6a5] [COMPLETE] ● https://thequantuminsider.com/2023/12/08/qrypt-c...lopment-agreement-with-los-alamos-national-labs/  | ✓ | ⏱: 3.57s 
[00:52:08 +6s | thequantuminsider_2023_12_08_qrypt_completes_cooperative_research_and_development_agreeme_e2b3d6a5] Saved: crawl_output/6b0412289e_thequantuminsider.com_2023_12_08_qrypt-completes-cooperative-research-and-development-agreement-with-los-alamos-national-labs.json

[00:52:08 +6s | thequantuminsider_2023_12_08_qrypt_completes_cooperative_research_and_development_agreeme_e2b3d6a5] === 1 actor extraction ===
[00:52:08 +6s | thequantuminsider_2023_12_08_qrypt_completes_cooperative_research_and_development_agreeme_e2b3d6a5] Reading page (1/1): https://thequantuminsider.com/2023/12/08/qrypt-completes-cooperative-research-and-development-agreement-with-los-alamos-national-labs
[00:52:08 +6s | thequantuminsider_2023_12_08_qrypt_completes_cooperative_research_and_development_agreeme_e2b3d6a5] Extracting actors: https://thequantuminsider.com/2023/12/08/qrypt-completes-cooperative-research-and-development-agreement-with-los-alamos-national-labs (1/1), chunk 1/37
[00:52:19 +16s | thequantuminsider_2023_12_08_qrypt_completes_cooperative_research_and_development_agreeme_e2b3d6a5] Repaired malformed JSON.
[00:52:19 +16s | thequantuminsider_2023_12_08_qrypt_completes_cooperative_research_and_development_agreeme_e2b3d6a5] Extracting actors: https://thequantuminsider.com/2023/12/08/qrypt-completes-cooperative-research-and-development-agreement-with-los-alamos-national-labs (1/1), chunk 2/37
[00:52:26 +24s | thequantuminsider_2023_12_08_qrypt_completes_cooperative_research_and_development_agreeme_e2b3d6a5] Repaired malformed JSON.
[00:52:26 +24s | thequantuminsider_2023_12_08_qrypt_completes_cooperative_research_and_development_agreeme_e2b3d6a5] Extracting actors: https://thequantuminsider.com/2023/12/08/qrypt-completes-cooperative-research-and-development-agreement-with-los-alamos-national-labs (1/1), chunk 3/37
[00:52:31 +29s | thequantuminsider_2023_12_08_qrypt_completes_cooperative_research_and_development_agreeme_e2b3d6a5] Extracting actors: https://thequantuminsider.com/2023/12/08/qrypt-completes-cooperative-research-and-development-agreement-with-los-alamos-national-labs (1/1), chunk 4/37
[00:52:40 +38s | thequantuminsider_2023_12_08_qrypt_completes_cooperative_research_and_development_agreeme_e2b3d6a5] Repaired malformed JSON.
[00:52:40 +38s | thequantuminsider_2023_12_08_qrypt_completes_cooperative_research_and_development_agreeme_e2b3d6a5] Extracting actors: https://thequantuminsider.com/2023/12/08/qrypt-completes-cooperative-research-and-development-agreement-with-los-alamos-national-labs (1/1), chunk 5/37
[00:52:47 +46s | thequantuminsider_2023_12_08_qrypt_completes_cooperative_research_and_development_agreeme_e2b3d6a5] Repaired malformed JSON.
[00:52:47 +46s | thequantuminsider_2023_12_08_qrypt_completes_cooperative_research_and_development_agreeme_e2b3d6a5] Extracting actors: https://thequantuminsider.com/2023/12/08/qrypt-completes-cooperative-research-and-development-agreement-with-los-alamos-national-labs (1/1), chunk 6/37
[00:52:55 +53s | thequantuminsider_2023_12_08_qrypt_completes_cooperative_research_and_development_agreeme_e2b3d6a5] Repaired malformed JSON.
[00:52:55 +53s | thequantuminsider_2023_12_08_qrypt_completes_cooperative_research_and_development_agreeme_e2b3d6a5] Extracting actors: https://thequantuminsider.com/2023/12/08/qrypt-completes-cooperative-research-and-development-agreement-with-los-alamos-national-labs (1/1), chunk 7/37
[00:53:02 +1m 1s | thequantuminsider_2023_12_08_qrypt_completes_cooperative_research_and_development_agreeme_e2b3d6a5] Repaired malformed JSON.
[00:53:02 +1m 1s | thequantuminsider_2023_12_08_qrypt_completes_cooperative_research_and_development_agreeme_e2b3d6a5] Extracting actors: https://thequantuminsider.com/2023/12/08/qrypt-completes-cooperative-research-and-development-agreement-with-los-alamos-national-labs (1/1), chunk 8/37
[00:53:09 +1m 9s | thequantuminsider_2023_12_08_qrypt_completes_cooperative_research_and_development_agreeme_e2b3d6a5] Repaired malformed JSON.
[00:53:09 +1m 9s | thequantuminsider_2023_12_08_qrypt_completes_cooperative_research_and_development_agreeme_e2b3d6a5] Extracting actors: https://thequantuminsider.com/2023/12/08/qrypt-completes-cooperative-research-and-development-agreement-with-los-alamos-national-labs (1/1), chunk 9/37
[00:53:17 +1m 16s | thequantuminsider_2023_12_08_qrypt_completes_cooperative_research_and_development_agreeme_e2b3d6a5] Extracting actors: https://thequantuminsider.com/2023/12/08/qrypt-completes-cooperative-research-and-development-agreement-with-los-alamos-national-labs (1/1), chunk 10/37
[00:53:42 +1m 43s | thequantuminsider_2023_12_08_qrypt_completes_cooperative_research_and_development_agreeme_e2b3d6a5] Repaired malformed JSON.
[00:53:42 +1m 43s | thequantuminsider_2023_12_08_qrypt_completes_cooperative_research_and_development_agreeme_e2b3d6a5] Extracting actors: https://thequantuminsider.com/2023/12/08/qrypt-completes-cooperative-research-and-development-agreement-with-los-alamos-national-labs (1/1), chunk 11/37
[00:54:07 +2m 8s | thequantuminsider_2023_12_08_qrypt_completes_cooperative_research_and_development_agreeme_e2b3d6a5] Repaired malformed JSON.
[00:54:07 +2m 8s | thequantuminsider_2023_12_08_qrypt_completes_cooperative_research_and_development_agreeme_e2b3d6a5] Extracting actors: https://thequantuminsider.com/2023/12/08/qrypt-completes-cooperative-research-and-development-agreement-with-los-alamos-national-labs (1/1), chunk 12/37
[00:54:14 +2m 15s | thequantuminsider_2023_12_08_qrypt_completes_cooperative_research_and_development_agreeme_e2b3d6a5] Repaired malformed JSON.
[00:54:14 +2m 15s | thequantuminsider_2023_12_08_qrypt_completes_cooperative_research_and_development_agreeme_e2b3d6a5] Extracting actors: https://thequantuminsider.com/2023/12/08/qrypt-completes-cooperative-research-and-development-agreement-with-los-alamos-national-labs (1/1), chunk 13/37
[00:54:23 +2m 24s | thequantuminsider_2023_12_08_qrypt_completes_cooperative_research_and_development_agreeme_e2b3d6a5] Repaired malformed JSON.
[00:54:23 +2m 24s | thequantuminsider_2023_12_08_qrypt_completes_cooperative_research_and_development_agreeme_e2b3d6a5] Extracting actors: https://thequantuminsider.com/2023/12/08/qrypt-completes-cooperative-research-and-development-agreement-with-los-alamos-national-labs (1/1), chunk 14/37
[00:54:31 +2m 32s | thequantuminsider_2023_12_08_qrypt_completes_cooperative_research_and_development_agreeme_e2b3d6a5] Repaired malformed JSON.
[00:54:31 +2m 32s | thequantuminsider_2023_12_08_qrypt_completes_cooperative_research_and_development_agreeme_e2b3d6a5] Extracting actors: https://thequantuminsider.com/2023/12/08/qrypt-completes-cooperative-research-and-development-agreement-with-los-alamos-national-labs (1/1), chunk 15/37
[00:54:41 +2m 43s | thequantuminsider_2023_12_08_qrypt_completes_cooperative_research_and_development_agreeme_e2b3d6a5] Repaired malformed JSON.
[00:54:41 +2m 43s | thequantuminsider_2023_12_08_qrypt_completes_cooperative_research_and_development_agreeme_e2b3d6a5] Extracting actors: https://thequantuminsider.com/2023/12/08/qrypt-completes-cooperative-research-and-development-agreement-with-los-alamos-national-labs (1/1), chunk 16/37
[00:54:50 +2m 51s | thequantuminsider_2023_12_08_qrypt_completes_cooperative_research_and_development_agreeme_e2b3d6a5] Repaired malformed JSON.
[00:54:50 +2m 51s | thequantuminsider_2023_12_08_qrypt_completes_cooperative_research_and_development_agreeme_e2b3d6a5] Extracting actors: https://thequantuminsider.com/2023/12/08/qrypt-completes-cooperative-research-and-development-agreement-with-los-alamos-national-labs (1/1), chunk 17/37
[00:54:58 +3m 0s | thequantuminsider_2023_12_08_qrypt_completes_cooperative_research_and_development_agreeme_e2b3d6a5] Repaired malformed JSON.
[00:54:58 +3m 0s | thequantuminsider_2023_12_08_qrypt_completes_cooperative_research_and_development_agreeme_e2b3d6a5] Extracting actors: https://thequantuminsider.com/2023/12/08/qrypt-completes-cooperative-research-and-development-agreement-with-los-alamos-national-labs (1/1), chunk 18/37
[00:55:08 +3m 11s | thequantuminsider_2023_12_08_qrypt_completes_cooperative_research_and_development_agreeme_e2b3d6a5] Repaired malformed JSON.
[00:55:08 +3m 11s | thequantuminsider_2023_12_08_qrypt_completes_cooperative_research_and_development_agreeme_e2b3d6a5] Extracting actors: https://thequantuminsider.com/2023/12/08/qrypt-completes-cooperative-research-and-development-agreement-with-los-alamos-national-labs (1/1), chunk 19/37
[00:55:34 +3m 37s | thequantuminsider_2023_12_08_qrypt_completes_cooperative_research_and_development_agreeme_e2b3d6a5] Repaired malformed JSON.
[00:55:34 +3m 37s | thequantuminsider_2023_12_08_qrypt_completes_cooperative_research_and_development_agreeme_e2b3d6a5] Extracting actors: https://thequantuminsider.com/2023/12/08/qrypt-completes-cooperative-research-and-development-agreement-with-los-alamos-national-labs (1/1), chunk 20/37
[00:55:40 +3m 44s | thequantuminsider_2023_12_08_qrypt_completes_cooperative_research_and_development_agreeme_e2b3d6a5] Repaired malformed JSON.
[00:55:40 +3m 44s | thequantuminsider_2023_12_08_qrypt_completes_cooperative_research_and_development_agreeme_e2b3d6a5] Extracting actors: https://thequantuminsider.com/2023/12/08/qrypt-completes-cooperative-research-and-development-agreement-with-los-alamos-national-labs (1/1), chunk 21/37
[00:55:50 +3m 53s | thequantuminsider_2023_12_08_qrypt_completes_cooperative_research_and_development_agreeme_e2b3d6a5] Repaired malformed JSON.
[00:55:50 +3m 53s | thequantuminsider_2023_12_08_qrypt_completes_cooperative_research_and_development_agreeme_e2b3d6a5] Extracting actors: https://thequantuminsider.com/2023/12/08/qrypt-completes-cooperative-research-and-development-agreement-with-los-alamos-national-labs (1/1), chunk 22/37
[00:55:59 +4m 2s | thequantuminsider_2023_12_08_qrypt_completes_cooperative_research_and_development_agreeme_e2b3d6a5] Repaired malformed JSON.
[00:55:59 +4m 2s | thequantuminsider_2023_12_08_qrypt_completes_cooperative_research_and_development_agreeme_e2b3d6a5] Extracting actors: https://thequantuminsider.com/2023/12/08/qrypt-completes-cooperative-research-and-development-agreement-with-los-alamos-national-labs (1/1), chunk 23/37
[00:56:09 +4m 13s | thequantuminsider_2023_12_08_qrypt_completes_cooperative_research_and_development_agreeme_e2b3d6a5] Repaired malformed JSON.
[00:56:09 +4m 13s | thequantuminsider_2023_12_08_qrypt_completes_cooperative_research_and_development_agreeme_e2b3d6a5] Extracting actors: https://thequantuminsider.com/2023/12/08/qrypt-completes-cooperative-research-and-development-agreement-with-los-alamos-national-labs (1/1), chunk 24/37
[00:56:16 +4m 20s | thequantuminsider_2023_12_08_qrypt_completes_cooperative_research_and_development_agreeme_e2b3d6a5] Repaired malformed JSON.
[00:56:16 +4m 20s | thequantuminsider_2023_12_08_qrypt_completes_cooperative_research_and_development_agreeme_e2b3d6a5] Extracting actors: https://thequantuminsider.com/2023/12/08/qrypt-completes-cooperative-research-and-development-agreement-with-los-alamos-national-labs (1/1), chunk 25/37
[00:56:24 +4m 29s | thequantuminsider_2023_12_08_qrypt_completes_cooperative_research_and_development_agreeme_e2b3d6a5] Extracting actors: https://thequantuminsider.com/2023/12/08/qrypt-completes-cooperative-research-and-development-agreement-with-los-alamos-national-labs (1/1), chunk 26/37
[00:56:29 +4m 33s | thequantuminsider_2023_12_08_qrypt_completes_cooperative_research_and_development_agreeme_e2b3d6a5] Extracting actors: https://thequantuminsider.com/2023/12/08/qrypt-completes-cooperative-research-and-development-agreement-with-los-alamos-national-labs (1/1), chunk 27/37
[00:56:33 +4m 37s | thequantuminsider_2023_12_08_qrypt_completes_cooperative_research_and_development_agreeme_e2b3d6a5] Extracting actors: https://thequantuminsider.com/2023/12/08/qrypt-completes-cooperative-research-and-development-agreement-with-los-alamos-national-labs (1/1), chunk 28/37
[00:56:41 +4m 46s | thequantuminsider_2023_12_08_qrypt_completes_cooperative_research_and_development_agreeme_e2b3d6a5] Repaired malformed JSON.
[00:56:41 +4m 46s | thequantuminsider_2023_12_08_qrypt_completes_cooperative_research_and_development_agreeme_e2b3d6a5] Extracting actors: https://thequantuminsider.com/2023/12/08/qrypt-completes-cooperative-research-and-development-agreement-with-los-alamos-national-labs (1/1), chunk 29/37
[00:57:07 +5m 13s | thequantuminsider_2023_12_08_qrypt_completes_cooperative_research_and_development_agreeme_e2b3d6a5] Repaired malformed JSON.
[00:57:07 +5m 13s | thequantuminsider_2023_12_08_qrypt_completes_cooperative_research_and_development_agreeme_e2b3d6a5] Extracting actors: https://thequantuminsider.com/2023/12/08/qrypt-completes-cooperative-research-and-development-agreement-with-los-alamos-national-labs (1/1), chunk 30/37
[00:57:13 +5m 19s | thequantuminsider_2023_12_08_qrypt_completes_cooperative_research_and_development_agreeme_e2b3d6a5] Repaired malformed JSON.
[00:57:13 +5m 19s | thequantuminsider_2023_12_08_qrypt_completes_cooperative_research_and_development_agreeme_e2b3d6a5] Extracting actors: https://thequantuminsider.com/2023/12/08/qrypt-completes-cooperative-research-and-development-agreement-with-los-alamos-national-labs (1/1), chunk 31/37
[00:57:42 +5m 48s | thequantuminsider_2023_12_08_qrypt_completes_cooperative_research_and_development_agreeme_e2b3d6a5] Repaired malformed JSON.
[00:57:42 +5m 48s | thequantuminsider_2023_12_08_qrypt_completes_cooperative_research_and_development_agreeme_e2b3d6a5] Extracting actors: https://thequantuminsider.com/2023/12/08/qrypt-completes-cooperative-research-and-development-agreement-with-los-alamos-national-labs (1/1), chunk 32/37
[00:57:55 +6m 2s | thequantuminsider_2023_12_08_qrypt_completes_cooperative_research_and_development_agreeme_e2b3d6a5] Repaired malformed JSON.
[00:57:55 +6m 2s | thequantuminsider_2023_12_08_qrypt_completes_cooperative_research_and_development_agreeme_e2b3d6a5] Extracting actors: https://thequantuminsider.com/2023/12/08/qrypt-completes-cooperative-research-and-development-agreement-with-los-alamos-national-labs (1/1), chunk 33/37
[00:58:01 +6m 8s | thequantuminsider_2023_12_08_qrypt_completes_cooperative_research_and_development_agreeme_e2b3d6a5] Repaired malformed JSON.
[00:58:01 +6m 8s | thequantuminsider_2023_12_08_qrypt_completes_cooperative_research_and_development_agreeme_e2b3d6a5] Extracting actors: https://thequantuminsider.com/2023/12/08/qrypt-completes-cooperative-research-and-development-agreement-with-los-alamos-national-labs (1/1), chunk 34/37
[00:58:09 +6m 16s | thequantuminsider_2023_12_08_qrypt_completes_cooperative_research_and_development_agreeme_e2b3d6a5] Repaired malformed JSON.
[00:58:09 +6m 16s | thequantuminsider_2023_12_08_qrypt_completes_cooperative_research_and_development_agreeme_e2b3d6a5] Extracting actors: https://thequantuminsider.com/2023/12/08/qrypt-completes-cooperative-research-and-development-agreement-with-los-alamos-national-labs (1/1), chunk 35/37
[00:58:16 +6m 23s | thequantuminsider_2023_12_08_qrypt_completes_cooperative_research_and_development_agreeme_e2b3d6a5] Repaired malformed JSON.
[00:58:16 +6m 23s | thequantuminsider_2023_12_08_qrypt_completes_cooperative_research_and_development_agreeme_e2b3d6a5] Extracting actors: https://thequantuminsider.com/2023/12/08/qrypt-completes-cooperative-research-and-development-agreement-with-los-alamos-national-labs (1/1), chunk 36/37
[00:58:24 +6m 31s | thequantuminsider_2023_12_08_qrypt_completes_cooperative_research_and_development_agreeme_e2b3d6a5] Repaired malformed JSON.
[00:58:24 +6m 31s | thequantuminsider_2023_12_08_qrypt_completes_cooperative_research_and_development_agreeme_e2b3d6a5] Extracting actors: https://thequantuminsider.com/2023/12/08/qrypt-completes-cooperative-research-and-development-agreement-with-los-alamos-national-labs (1/1), chunk 37/37
[00:58:32 +6m 40s | thequantuminsider_2023_12_08_qrypt_completes_cooperative_research_and_development_agreeme_e2b3d6a5] Repaired malformed JSON.
[00:58:32 +6m 40s | thequantuminsider_2023_12_08_qrypt_completes_cooperative_research_and_development_agreeme_e2b3d6a5] Saved 1_actor_results.json with 66 extracted records

[00:58:32 +6m 40s | thequantuminsider_2023_12_08_qrypt_completes_cooperative_research_and_development_agreeme_e2b3d6a5] === 2 clean actors ===
[00:58:32 +6m 40s | thequantuminsider_2023_12_08_qrypt_completes_cooperative_research_and_development_agreeme_e2b3d6a5] Loaded 66 extracted records
[00:58:32 +6m 40s | thequantuminsider_2023_12_08_qrypt_completes_cooperative_research_and_development_agreeme_e2b3d6a5] Saved 2_actor_nodes.json with 12 canonical actor nodes

[00:58:32 +6m 40s | thequantuminsider_2023_12_08_qrypt_completes_cooperative_research_and_development_agreeme_e2b3d6a5] === 3 interaction extraction ===
[00:58:32 +6m 40s | thequantuminsider_2023_12_08_qrypt_completes_cooperative_research_and_development_agreeme_e2b3d6a5] Extracting interactions: https://thequantuminsider.com/2023/12/08/qrypt-completes-cooperative-research-and-development-agreement-with-los-alamos-national-labs (1/1), chunk 11/37
[00:58:49 +6m 57s | thequantuminsider_2023_12_08_qrypt_completes_cooperative_research_and_development_agreeme_e2b3d6a5] Extracting interactions: https://thequantuminsider.com/2023/12/08/qrypt-completes-cooperative-research-and-development-agreement-with-los-alamos-national-labs (1/1), chunk 12/37
[00:58:56 +7m 5s | thequantuminsider_2023_12_08_qrypt_completes_cooperative_research_and_development_agreeme_e2b3d6a5] Extracting interactions: https://thequantuminsider.com/2023/12/08/qrypt-completes-cooperative-research-and-development-agreement-with-los-alamos-national-labs (1/1), chunk 13/37
[00:59:06 +7m 15s | thequantuminsider_2023_12_08_qrypt_completes_cooperative_research_and_development_agreeme_e2b3d6a5] Extracting interactions: https://thequantuminsider.com/2023/12/08/qrypt-completes-cooperative-research-and-development-agreement-with-los-alamos-national-labs (1/1), chunk 14/37
[01:00:26 +8m 37s | thequantuminsider_2023_12_08_qrypt_completes_cooperative_research_and_development_agreeme_e2b3d6a5] Extracting interactions: https://thequantuminsider.com/2023/12/08/qrypt-completes-cooperative-research-and-development-agreement-with-los-alamos-national-labs (1/1), chunk 15/37
[01:00:40 +8m 52s | thequantuminsider_2023_12_08_qrypt_completes_cooperative_research_and_development_agreeme_e2b3d6a5] Extracting interactions: https://thequantuminsider.com/2023/12/08/qrypt-completes-cooperative-research-and-development-agreement-with-los-alamos-national-labs (1/1), chunk 16/37
[01:00:44 +8m 55s | thequantuminsider_2023_12_08_qrypt_completes_cooperative_research_and_development_agreeme_e2b3d6a5] Extracting interactions: https://thequantuminsider.com/2023/12/08/qrypt-completes-cooperative-research-and-development-agreement-with-los-alamos-national-labs (1/1), chunk 17/37
[01:00:46 +8m 57s | thequantuminsider_2023_12_08_qrypt_completes_cooperative_research_and_development_agreeme_e2b3d6a5] Extracting interactions: https://thequantuminsider.com/2023/12/08/qrypt-completes-cooperative-research-and-development-agreement-with-los-alamos-national-labs (1/1), chunk 20/37
[01:00:48 +8m 59s | thequantuminsider_2023_12_08_qrypt_completes_cooperative_research_and_development_agreeme_e2b3d6a5] Extracting interactions: https://thequantuminsider.com/2023/12/08/qrypt-completes-cooperative-research-and-development-agreement-with-los-alamos-national-labs (1/1), chunk 21/37
[01:00:56 +9m 8s | thequantuminsider_2023_12_08_qrypt_completes_cooperative_research_and_development_agreeme_e2b3d6a5] Extracting interactions: https://thequantuminsider.com/2023/12/08/qrypt-completes-cooperative-research-and-development-agreement-with-los-alamos-national-labs (1/1), chunk 26/37
[01:01:01 +9m 13s | thequantuminsider_2023_12_08_qrypt_completes_cooperative_research_and_development_agreeme_e2b3d6a5] Extracting interactions: https://thequantuminsider.com/2023/12/08/qrypt-completes-cooperative-research-and-development-agreement-with-los-alamos-national-labs (1/1), chunk 30/37
[01:01:03 +9m 15s | thequantuminsider_2023_12_08_qrypt_completes_cooperative_research_and_development_agreeme_e2b3d6a5] Extracting interactions: https://thequantuminsider.com/2023/12/08/qrypt-completes-cooperative-research-and-development-agreement-with-los-alamos-national-labs (1/1), chunk 31/37
[01:01:09 +9m 21s | thequantuminsider_2023_12_08_qrypt_completes_cooperative_research_and_development_agreeme_e2b3d6a5] Extracting interactions: https://thequantuminsider.com/2023/12/08/qrypt-completes-cooperative-research-and-development-agreement-with-los-alamos-national-labs (1/1), chunk 35/37
[01:01:10 +9m 23s | thequantuminsider_2023_12_08_qrypt_completes_cooperative_research_and_development_agreeme_e2b3d6a5] Extracting interactions: https://thequantuminsider.com/2023/12/08/qrypt-completes-cooperative-research-and-development-agreement-with-los-alamos-national-labs (1/1), chunk 36/37
[01:01:16 +9m 28s | thequantuminsider_2023_12_08_qrypt_completes_cooperative_research_and_development_agreeme_e2b3d6a5] Saved 3_interaction_results.json with 18 extracted interactions.

[01:01:16 +9m 28s | thequantuminsider_2023_12_08_qrypt_completes_cooperative_research_and_development_agreeme_e2b3d6a5] === 4 clean interactions ===
[01:01:16 +9m 28s | thequantuminsider_2023_12_08_qrypt_completes_cooperative_research_and_development_agreeme_e2b3d6a5] Saved 4_edges.json with 8 cleaned interactions.

[01:01:16 +9m 28s | thequantuminsider_2023_12_08_qrypt_completes_cooperative_research_and_development_agreeme_e2b3d6a5] === 5 helix enrichment ===
[01:01:16 +9m 28s | thequantuminsider_2023_12_08_qrypt_completes_cooperative_research_and_development_agreeme_e2b3d6a5] Wrote 5_nodes.json (12 actors)
[01:01:16 +9m 28s | thequantuminsider_2023_12_08_qrypt_completes_cooperative_research_and_development_agreeme_e2b3d6a5] Wrote 5_edges.json (8 interactions)
[01:01:16 +9m 28s | thequantuminsider_2023_12_08_qrypt_completes_cooperative_research_and_development_agreeme_e2b3d6a5] Actor helix counts: {'Academia': 4, 'Civil Society': 2, 'Industry': 2, 'Unknown': 4}
[01:01:16 +9m 28s | thequantuminsider_2023_12_08_qrypt_completes_cooperative_research_and_development_agreeme_e2b3d6a5] Functional-space counts: {'Innovation': 8}

[01:01:16 +9m 28s | thequantuminsider_2023_12_08_qrypt_completes_cooperative_research_and_development_agreeme_e2b3d6a5] === 6 network visualisation ===
[01:01:17 +9m 29s | thequantuminsider_2023_12_08_qrypt_completes_cooperative_research_and_development_agreeme_e2b3d6a5] Wrote quantum_network.html
[01:01:17 +9m 29s | thequantuminsider_2023_12_08_qrypt_completes_cooperative_research_and_development_agreeme_e2b3d6a5] Nodes: 12
[01:01:17 +9m 29s | thequantuminsider_2023_12_08_qrypt_completes_cooperative_research_and_development_agreeme_e2b3d6a5] Edges: 4

[01:01:17 +9m 29s | thequantuminsider_2023_12_08_qrypt_completes_cooperative_research_and_development_agreeme_e2b3d6a5] Done. Outputs written to: /home/lv/IDP/idpdeeptech/pipeline/news_outputs/thequantuminsider_2023_12_08_qrypt_completes_cooperative_research_and_development_agreeme_e2b3d6a5
[01:01:17 +9m 29s | thequantuminsider_2023_12_08_qrypt_completes_cooperative_research_and_development_agreeme_e2b3d6a5] Log: /home/lv/IDP/idpdeeptech/pipeline/news_outputs/thequantuminsider_2023_12_08_qrypt_completes_cooperative_research_and_development_agreeme_e2b3d6a5/run.log

========================================================================
RUN FINISHED 2026-07-05 01:01:17  (OK)
Started:     2026-07-05 00:52:02
Elapsed:     9m 29s
========================================================================
