
========================================================================
RUN STARTED  2026-07-05 04:15:06
site_pipeline.py https://thequantuminsider.com/2023/11/02/quantum-brilliance-partners-with-stfc-hartree-centre-to-make-quantum-technology-more-scalable/
========================================================================

[04:15:06 +0s | thequantuminsider_2023_11_02_quantum_brilliance_partners_with_stfc_hartree_centre_to_make_5ab74366] === 0 crawl site ===
[04:15:07 +1s | thequantuminsider_2023_11_02_quantum_brilliance_partners_with_stfc_hartree_centre_to_make_5ab74366] [INIT].... → Crawl4AI 0.8.6 
[04:15:09 +3s | thequantuminsider_2023_11_02_quantum_brilliance_partners_with_stfc_hartree_centre_to_make_5ab74366] [FETCH]... ↓ https://thequantuminsider.com/2023/11/02/quantum...centre-to-make-quantum-technology-more-scalable/  | ✓ | ⏱: 1.71s 
[04:15:09 +3s | thequantuminsider_2023_11_02_quantum_brilliance_partners_with_stfc_hartree_centre_to_make_5ab74366] [SCRAPE].. ◆ https://thequantuminsider.com/2023/11/02/quantum...centre-to-make-quantum-technology-more-scalable/  | ✓ | ⏱: 0.13s 
[04:15:09 +3s | thequantuminsider_2023_11_02_quantum_brilliance_partners_with_stfc_hartree_centre_to_make_5ab74366] [COMPLETE] ● https://thequantuminsider.com/2023/11/02/quantum...centre-to-make-quantum-technology-more-scalable/  | ✓ | ⏱: 1.86s 
[04:15:09 +3s | thequantuminsider_2023_11_02_quantum_brilliance_partners_with_stfc_hartree_centre_to_make_5ab74366] Saved: crawl_output/67f42db660_thequantuminsider.com_2023_11_02_quantum-brilliance-partners-with-stfc-hartree-centre-to-make-quantum-technology-more-scalable.json

[04:15:09 +4s | thequantuminsider_2023_11_02_quantum_brilliance_partners_with_stfc_hartree_centre_to_make_5ab74366] === 1 actor extraction ===
[04:15:09 +4s | thequantuminsider_2023_11_02_quantum_brilliance_partners_with_stfc_hartree_centre_to_make_5ab74366] Reading page (1/1): https://thequantuminsider.com/2023/11/02/quantum-brilliance-partners-with-stfc-hartree-centre-to-make-quantum-technology-more-scalable
[04:15:09 +4s | thequantuminsider_2023_11_02_quantum_brilliance_partners_with_stfc_hartree_centre_to_make_5ab74366] Extracting actors: https://thequantuminsider.com/2023/11/02/quantum-brilliance-partners-with-stfc-hartree-centre-to-make-quantum-technology-more-scalable (1/1), chunk 1/37
[04:15:19 +13s | thequantuminsider_2023_11_02_quantum_brilliance_partners_with_stfc_hartree_centre_to_make_5ab74366] Repaired malformed JSON.
[04:15:19 +13s | thequantuminsider_2023_11_02_quantum_brilliance_partners_with_stfc_hartree_centre_to_make_5ab74366] Extracting actors: https://thequantuminsider.com/2023/11/02/quantum-brilliance-partners-with-stfc-hartree-centre-to-make-quantum-technology-more-scalable (1/1), chunk 2/37
[04:15:26 +21s | thequantuminsider_2023_11_02_quantum_brilliance_partners_with_stfc_hartree_centre_to_make_5ab74366] Repaired malformed JSON.
[04:15:26 +21s | thequantuminsider_2023_11_02_quantum_brilliance_partners_with_stfc_hartree_centre_to_make_5ab74366] Extracting actors: https://thequantuminsider.com/2023/11/02/quantum-brilliance-partners-with-stfc-hartree-centre-to-make-quantum-technology-more-scalable (1/1), chunk 3/37
[04:15:34 +30s | thequantuminsider_2023_11_02_quantum_brilliance_partners_with_stfc_hartree_centre_to_make_5ab74366] Repaired malformed JSON.
[04:15:34 +30s | thequantuminsider_2023_11_02_quantum_brilliance_partners_with_stfc_hartree_centre_to_make_5ab74366] Extracting actors: https://thequantuminsider.com/2023/11/02/quantum-brilliance-partners-with-stfc-hartree-centre-to-make-quantum-technology-more-scalable (1/1), chunk 4/37
[04:15:58 +54s | thequantuminsider_2023_11_02_quantum_brilliance_partners_with_stfc_hartree_centre_to_make_5ab74366] Repaired malformed JSON.
[04:15:58 +54s | thequantuminsider_2023_11_02_quantum_brilliance_partners_with_stfc_hartree_centre_to_make_5ab74366] Extracting actors: https://thequantuminsider.com/2023/11/02/quantum-brilliance-partners-with-stfc-hartree-centre-to-make-quantum-technology-more-scalable (1/1), chunk 5/37
[04:16:04 +1m 1s | thequantuminsider_2023_11_02_quantum_brilliance_partners_with_stfc_hartree_centre_to_make_5ab74366] Repaired malformed JSON.
[04:16:04 +1m 1s | thequantuminsider_2023_11_02_quantum_brilliance_partners_with_stfc_hartree_centre_to_make_5ab74366] Extracting actors: https://thequantuminsider.com/2023/11/02/quantum-brilliance-partners-with-stfc-hartree-centre-to-make-quantum-technology-more-scalable (1/1), chunk 6/37
[04:16:10 +1m 8s | thequantuminsider_2023_11_02_quantum_brilliance_partners_with_stfc_hartree_centre_to_make_5ab74366] Repaired malformed JSON.
[04:16:10 +1m 8s | thequantuminsider_2023_11_02_quantum_brilliance_partners_with_stfc_hartree_centre_to_make_5ab74366] Extracting actors: https://thequantuminsider.com/2023/11/02/quantum-brilliance-partners-with-stfc-hartree-centre-to-make-quantum-technology-more-scalable (1/1), chunk 7/37
[04:16:25 +1m 23s | thequantuminsider_2023_11_02_quantum_brilliance_partners_with_stfc_hartree_centre_to_make_5ab74366] Repaired malformed JSON.
[04:16:25 +1m 23s | thequantuminsider_2023_11_02_quantum_brilliance_partners_with_stfc_hartree_centre_to_make_5ab74366] Extracting actors: https://thequantuminsider.com/2023/11/02/quantum-brilliance-partners-with-stfc-hartree-centre-to-make-quantum-technology-more-scalable (1/1), chunk 8/37
[04:16:59 +1m 59s | thequantuminsider_2023_11_02_quantum_brilliance_partners_with_stfc_hartree_centre_to_make_5ab74366] Repaired malformed JSON.
[04:16:59 +1m 59s | thequantuminsider_2023_11_02_quantum_brilliance_partners_with_stfc_hartree_centre_to_make_5ab74366] Extracting actors: https://thequantuminsider.com/2023/11/02/quantum-brilliance-partners-with-stfc-hartree-centre-to-make-quantum-technology-more-scalable (1/1), chunk 9/37
[04:17:06 +2m 7s | thequantuminsider_2023_11_02_quantum_brilliance_partners_with_stfc_hartree_centre_to_make_5ab74366] Repaired malformed JSON.
[04:17:06 +2m 7s | thequantuminsider_2023_11_02_quantum_brilliance_partners_with_stfc_hartree_centre_to_make_5ab74366] Extracting actors: https://thequantuminsider.com/2023/11/02/quantum-brilliance-partners-with-stfc-hartree-centre-to-make-quantum-technology-more-scalable (1/1), chunk 10/37
[04:17:13 +2m 14s | thequantuminsider_2023_11_02_quantum_brilliance_partners_with_stfc_hartree_centre_to_make_5ab74366] Extracting actors: https://thequantuminsider.com/2023/11/02/quantum-brilliance-partners-with-stfc-hartree-centre-to-make-quantum-technology-more-scalable (1/1), chunk 11/37
[04:17:39 +2m 42s | thequantuminsider_2023_11_02_quantum_brilliance_partners_with_stfc_hartree_centre_to_make_5ab74366] Repaired malformed JSON.
[04:17:39 +2m 42s | thequantuminsider_2023_11_02_quantum_brilliance_partners_with_stfc_hartree_centre_to_make_5ab74366] Extracting actors: https://thequantuminsider.com/2023/11/02/quantum-brilliance-partners-with-stfc-hartree-centre-to-make-quantum-technology-more-scalable (1/1), chunk 12/37
[04:17:46 +2m 49s | thequantuminsider_2023_11_02_quantum_brilliance_partners_with_stfc_hartree_centre_to_make_5ab74366] Repaired malformed JSON.
[04:17:46 +2m 49s | thequantuminsider_2023_11_02_quantum_brilliance_partners_with_stfc_hartree_centre_to_make_5ab74366] Extracting actors: https://thequantuminsider.com/2023/11/02/quantum-brilliance-partners-with-stfc-hartree-centre-to-make-quantum-technology-more-scalable (1/1), chunk 13/37
[04:17:57 +3m 0s | thequantuminsider_2023_11_02_quantum_brilliance_partners_with_stfc_hartree_centre_to_make_5ab74366] Repaired malformed JSON.
[04:17:57 +3m 0s | thequantuminsider_2023_11_02_quantum_brilliance_partners_with_stfc_hartree_centre_to_make_5ab74366] Extracting actors: https://thequantuminsider.com/2023/11/02/quantum-brilliance-partners-with-stfc-hartree-centre-to-make-quantum-technology-more-scalable (1/1), chunk 14/37
[04:18:06 +3m 9s | thequantuminsider_2023_11_02_quantum_brilliance_partners_with_stfc_hartree_centre_to_make_5ab74366] Repaired malformed JSON.
[04:18:06 +3m 9s | thequantuminsider_2023_11_02_quantum_brilliance_partners_with_stfc_hartree_centre_to_make_5ab74366] Extracting actors: https://thequantuminsider.com/2023/11/02/quantum-brilliance-partners-with-stfc-hartree-centre-to-make-quantum-technology-more-scalable (1/1), chunk 15/37
[04:18:12 +3m 17s | thequantuminsider_2023_11_02_quantum_brilliance_partners_with_stfc_hartree_centre_to_make_5ab74366] Repaired malformed JSON.
[04:18:12 +3m 17s | thequantuminsider_2023_11_02_quantum_brilliance_partners_with_stfc_hartree_centre_to_make_5ab74366] Extracting actors: https://thequantuminsider.com/2023/11/02/quantum-brilliance-partners-with-stfc-hartree-centre-to-make-quantum-technology-more-scalable (1/1), chunk 16/37
[04:18:19 +3m 24s | thequantuminsider_2023_11_02_quantum_brilliance_partners_with_stfc_hartree_centre_to_make_5ab74366] Repaired malformed JSON.
[04:18:19 +3m 24s | thequantuminsider_2023_11_02_quantum_brilliance_partners_with_stfc_hartree_centre_to_make_5ab74366] Extracting actors: https://thequantuminsider.com/2023/11/02/quantum-brilliance-partners-with-stfc-hartree-centre-to-make-quantum-technology-more-scalable (1/1), chunk 17/37
[04:18:26 +3m 31s | thequantuminsider_2023_11_02_quantum_brilliance_partners_with_stfc_hartree_centre_to_make_5ab74366] Repaired malformed JSON.
[04:18:26 +3m 31s | thequantuminsider_2023_11_02_quantum_brilliance_partners_with_stfc_hartree_centre_to_make_5ab74366] Extracting actors: https://thequantuminsider.com/2023/11/02/quantum-brilliance-partners-with-stfc-hartree-centre-to-make-quantum-technology-more-scalable (1/1), chunk 18/37
[04:18:32 +3m 37s | thequantuminsider_2023_11_02_quantum_brilliance_partners_with_stfc_hartree_centre_to_make_5ab74366] Repaired malformed JSON.
[04:18:32 +3m 37s | thequantuminsider_2023_11_02_quantum_brilliance_partners_with_stfc_hartree_centre_to_make_5ab74366] Extracting actors: https://thequantuminsider.com/2023/11/02/quantum-brilliance-partners-with-stfc-hartree-centre-to-make-quantum-technology-more-scalable (1/1), chunk 19/37
[04:18:36 +3m 43s | thequantuminsider_2023_11_02_quantum_brilliance_partners_with_stfc_hartree_centre_to_make_5ab74366] Repaired malformed JSON.
[04:18:36 +3m 43s | thequantuminsider_2023_11_02_quantum_brilliance_partners_with_stfc_hartree_centre_to_make_5ab74366] Extracting actors: https://thequantuminsider.com/2023/11/02/quantum-brilliance-partners-with-stfc-hartree-centre-to-make-quantum-technology-more-scalable (1/1), chunk 20/37
[04:18:42 +3m 49s | thequantuminsider_2023_11_02_quantum_brilliance_partners_with_stfc_hartree_centre_to_make_5ab74366] Repaired malformed JSON.
[04:18:42 +3m 49s | thequantuminsider_2023_11_02_quantum_brilliance_partners_with_stfc_hartree_centre_to_make_5ab74366] Extracting actors: https://thequantuminsider.com/2023/11/02/quantum-brilliance-partners-with-stfc-hartree-centre-to-make-quantum-technology-more-scalable (1/1), chunk 21/37
[04:18:51 +3m 57s | thequantuminsider_2023_11_02_quantum_brilliance_partners_with_stfc_hartree_centre_to_make_5ab74366] Repaired malformed JSON.
[04:18:51 +3m 57s | thequantuminsider_2023_11_02_quantum_brilliance_partners_with_stfc_hartree_centre_to_make_5ab74366] Extracting actors: https://thequantuminsider.com/2023/11/02/quantum-brilliance-partners-with-stfc-hartree-centre-to-make-quantum-technology-more-scalable (1/1), chunk 22/37
[04:18:58 +4m 5s | thequantuminsider_2023_11_02_quantum_brilliance_partners_with_stfc_hartree_centre_to_make_5ab74366] Repaired malformed JSON.
[04:18:58 +4m 5s | thequantuminsider_2023_11_02_quantum_brilliance_partners_with_stfc_hartree_centre_to_make_5ab74366] Extracting actors: https://thequantuminsider.com/2023/11/02/quantum-brilliance-partners-with-stfc-hartree-centre-to-make-quantum-technology-more-scalable (1/1), chunk 23/37
[04:19:04 +4m 11s | thequantuminsider_2023_11_02_quantum_brilliance_partners_with_stfc_hartree_centre_to_make_5ab74366] Repaired malformed JSON.
[04:19:04 +4m 11s | thequantuminsider_2023_11_02_quantum_brilliance_partners_with_stfc_hartree_centre_to_make_5ab74366] Extracting actors: https://thequantuminsider.com/2023/11/02/quantum-brilliance-partners-with-stfc-hartree-centre-to-make-quantum-technology-more-scalable (1/1), chunk 24/37
[04:19:12 +4m 20s | thequantuminsider_2023_11_02_quantum_brilliance_partners_with_stfc_hartree_centre_to_make_5ab74366] Repaired malformed JSON.
[04:19:12 +4m 20s | thequantuminsider_2023_11_02_quantum_brilliance_partners_with_stfc_hartree_centre_to_make_5ab74366] Extracting actors: https://thequantuminsider.com/2023/11/02/quantum-brilliance-partners-with-stfc-hartree-centre-to-make-quantum-technology-more-scalable (1/1), chunk 25/37
[04:19:19 +4m 27s | thequantuminsider_2023_11_02_quantum_brilliance_partners_with_stfc_hartree_centre_to_make_5ab74366] Extracting actors: https://thequantuminsider.com/2023/11/02/quantum-brilliance-partners-with-stfc-hartree-centre-to-make-quantum-technology-more-scalable (1/1), chunk 26/37
[04:19:26 +4m 34s | thequantuminsider_2023_11_02_quantum_brilliance_partners_with_stfc_hartree_centre_to_make_5ab74366] Repaired malformed JSON.
[04:19:26 +4m 34s | thequantuminsider_2023_11_02_quantum_brilliance_partners_with_stfc_hartree_centre_to_make_5ab74366] Extracting actors: https://thequantuminsider.com/2023/11/02/quantum-brilliance-partners-with-stfc-hartree-centre-to-make-quantum-technology-more-scalable (1/1), chunk 27/37
[04:19:30 +4m 38s | thequantuminsider_2023_11_02_quantum_brilliance_partners_with_stfc_hartree_centre_to_make_5ab74366] Extracting actors: https://thequantuminsider.com/2023/11/02/quantum-brilliance-partners-with-stfc-hartree-centre-to-make-quantum-technology-more-scalable (1/1), chunk 28/37
[04:19:34 +4m 42s | thequantuminsider_2023_11_02_quantum_brilliance_partners_with_stfc_hartree_centre_to_make_5ab74366] Extracting actors: https://thequantuminsider.com/2023/11/02/quantum-brilliance-partners-with-stfc-hartree-centre-to-make-quantum-technology-more-scalable (1/1), chunk 29/37
[04:19:38 +4m 48s | thequantuminsider_2023_11_02_quantum_brilliance_partners_with_stfc_hartree_centre_to_make_5ab74366] Repaired malformed JSON.
[04:19:38 +4m 48s | thequantuminsider_2023_11_02_quantum_brilliance_partners_with_stfc_hartree_centre_to_make_5ab74366] Extracting actors: https://thequantuminsider.com/2023/11/02/quantum-brilliance-partners-with-stfc-hartree-centre-to-make-quantum-technology-more-scalable (1/1), chunk 30/37
[04:19:46 +4m 56s | thequantuminsider_2023_11_02_quantum_brilliance_partners_with_stfc_hartree_centre_to_make_5ab74366] Repaired malformed JSON.
[04:19:46 +4m 56s | thequantuminsider_2023_11_02_quantum_brilliance_partners_with_stfc_hartree_centre_to_make_5ab74366] Extracting actors: https://thequantuminsider.com/2023/11/02/quantum-brilliance-partners-with-stfc-hartree-centre-to-make-quantum-technology-more-scalable (1/1), chunk 31/37
[04:19:53 +5m 3s | thequantuminsider_2023_11_02_quantum_brilliance_partners_with_stfc_hartree_centre_to_make_5ab74366] Repaired malformed JSON.
[04:19:53 +5m 3s | thequantuminsider_2023_11_02_quantum_brilliance_partners_with_stfc_hartree_centre_to_make_5ab74366] Extracting actors: https://thequantuminsider.com/2023/11/02/quantum-brilliance-partners-with-stfc-hartree-centre-to-make-quantum-technology-more-scalable (1/1), chunk 32/37
[04:20:11 +5m 23s | thequantuminsider_2023_11_02_quantum_brilliance_partners_with_stfc_hartree_centre_to_make_5ab74366] Repaired malformed JSON.
[04:20:11 +5m 23s | thequantuminsider_2023_11_02_quantum_brilliance_partners_with_stfc_hartree_centre_to_make_5ab74366] Extracting actors: https://thequantuminsider.com/2023/11/02/quantum-brilliance-partners-with-stfc-hartree-centre-to-make-quantum-technology-more-scalable (1/1), chunk 33/37
[04:20:19 +5m 30s | thequantuminsider_2023_11_02_quantum_brilliance_partners_with_stfc_hartree_centre_to_make_5ab74366] Repaired malformed JSON.
[04:20:19 +5m 30s | thequantuminsider_2023_11_02_quantum_brilliance_partners_with_stfc_hartree_centre_to_make_5ab74366] Extracting actors: https://thequantuminsider.com/2023/11/02/quantum-brilliance-partners-with-stfc-hartree-centre-to-make-quantum-technology-more-scalable (1/1), chunk 34/37
[04:20:25 +5m 37s | thequantuminsider_2023_11_02_quantum_brilliance_partners_with_stfc_hartree_centre_to_make_5ab74366] Repaired malformed JSON.
[04:20:25 +5m 37s | thequantuminsider_2023_11_02_quantum_brilliance_partners_with_stfc_hartree_centre_to_make_5ab74366] Extracting actors: https://thequantuminsider.com/2023/11/02/quantum-brilliance-partners-with-stfc-hartree-centre-to-make-quantum-technology-more-scalable (1/1), chunk 35/37
[04:20:49 +6m 2s | thequantuminsider_2023_11_02_quantum_brilliance_partners_with_stfc_hartree_centre_to_make_5ab74366] Repaired malformed JSON.
[04:20:49 +6m 2s | thequantuminsider_2023_11_02_quantum_brilliance_partners_with_stfc_hartree_centre_to_make_5ab74366] Extracting actors: https://thequantuminsider.com/2023/11/02/quantum-brilliance-partners-with-stfc-hartree-centre-to-make-quantum-technology-more-scalable (1/1), chunk 36/37
[04:20:58 +6m 12s | thequantuminsider_2023_11_02_quantum_brilliance_partners_with_stfc_hartree_centre_to_make_5ab74366] Repaired malformed JSON.
[04:20:58 +6m 12s | thequantuminsider_2023_11_02_quantum_brilliance_partners_with_stfc_hartree_centre_to_make_5ab74366] Extracting actors: https://thequantuminsider.com/2023/11/02/quantum-brilliance-partners-with-stfc-hartree-centre-to-make-quantum-technology-more-scalable (1/1), chunk 37/37
[04:21:05 +6m 18s | thequantuminsider_2023_11_02_quantum_brilliance_partners_with_stfc_hartree_centre_to_make_5ab74366] Repaired malformed JSON.
[04:21:05 +6m 18s | thequantuminsider_2023_11_02_quantum_brilliance_partners_with_stfc_hartree_centre_to_make_5ab74366] Saved 1_actor_results.json with 66 extracted records

[04:21:05 +6m 18s | thequantuminsider_2023_11_02_quantum_brilliance_partners_with_stfc_hartree_centre_to_make_5ab74366] === 2 clean actors ===
[04:21:05 +6m 19s | thequantuminsider_2023_11_02_quantum_brilliance_partners_with_stfc_hartree_centre_to_make_5ab74366] Loaded 66 extracted records
[04:21:05 +6m 19s | thequantuminsider_2023_11_02_quantum_brilliance_partners_with_stfc_hartree_centre_to_make_5ab74366] Saved 2_actor_nodes.json with 13 canonical actor nodes

[04:21:05 +6m 19s | thequantuminsider_2023_11_02_quantum_brilliance_partners_with_stfc_hartree_centre_to_make_5ab74366] === 3 interaction extraction ===
[04:21:05 +6m 19s | thequantuminsider_2023_11_02_quantum_brilliance_partners_with_stfc_hartree_centre_to_make_5ab74366] Extracting interactions: https://thequantuminsider.com/2023/11/02/quantum-brilliance-partners-with-stfc-hartree-centre-to-make-quantum-technology-more-scalable (1/1), chunk 11/37
[04:21:22 +6m 37s | thequantuminsider_2023_11_02_quantum_brilliance_partners_with_stfc_hartree_centre_to_make_5ab74366] Extracting interactions: https://thequantuminsider.com/2023/11/02/quantum-brilliance-partners-with-stfc-hartree-centre-to-make-quantum-technology-more-scalable (1/1), chunk 12/37
[04:21:46 +7m 3s | thequantuminsider_2023_11_02_quantum_brilliance_partners_with_stfc_hartree_centre_to_make_5ab74366] Extracting interactions: https://thequantuminsider.com/2023/11/02/quantum-brilliance-partners-with-stfc-hartree-centre-to-make-quantum-technology-more-scalable (1/1), chunk 13/37
[04:22:04 +7m 21s | thequantuminsider_2023_11_02_quantum_brilliance_partners_with_stfc_hartree_centre_to_make_5ab74366] Extracting interactions: https://thequantuminsider.com/2023/11/02/quantum-brilliance-partners-with-stfc-hartree-centre-to-make-quantum-technology-more-scalable (1/1), chunk 14/37
[04:22:35 +7m 54s | thequantuminsider_2023_11_02_quantum_brilliance_partners_with_stfc_hartree_centre_to_make_5ab74366] Extracting interactions: https://thequantuminsider.com/2023/11/02/quantum-brilliance-partners-with-stfc-hartree-centre-to-make-quantum-technology-more-scalable (1/1), chunk 15/37
[04:22:49 +8m 10s | thequantuminsider_2023_11_02_quantum_brilliance_partners_with_stfc_hartree_centre_to_make_5ab74366] Extracting interactions: https://thequantuminsider.com/2023/11/02/quantum-brilliance-partners-with-stfc-hartree-centre-to-make-quantum-technology-more-scalable (1/1), chunk 16/37
[04:23:04 +8m 24s | thequantuminsider_2023_11_02_quantum_brilliance_partners_with_stfc_hartree_centre_to_make_5ab74366] Extracting interactions: https://thequantuminsider.com/2023/11/02/quantum-brilliance-partners-with-stfc-hartree-centre-to-make-quantum-technology-more-scalable (1/1), chunk 17/37
[04:23:06 +8m 26s | thequantuminsider_2023_11_02_quantum_brilliance_partners_with_stfc_hartree_centre_to_make_5ab74366] Extracting interactions: https://thequantuminsider.com/2023/11/02/quantum-brilliance-partners-with-stfc-hartree-centre-to-make-quantum-technology-more-scalable (1/1), chunk 20/37
[04:23:07 +8m 27s | thequantuminsider_2023_11_02_quantum_brilliance_partners_with_stfc_hartree_centre_to_make_5ab74366] Extracting interactions: https://thequantuminsider.com/2023/11/02/quantum-brilliance-partners-with-stfc-hartree-centre-to-make-quantum-technology-more-scalable (1/1), chunk 21/37
[04:23:09 +8m 32s | thequantuminsider_2023_11_02_quantum_brilliance_partners_with_stfc_hartree_centre_to_make_5ab74366] Extracting interactions: https://thequantuminsider.com/2023/11/02/quantum-brilliance-partners-with-stfc-hartree-centre-to-make-quantum-technology-more-scalable (1/1), chunk 26/37
[04:23:14 +8m 36s | thequantuminsider_2023_11_02_quantum_brilliance_partners_with_stfc_hartree_centre_to_make_5ab74366] Extracting interactions: https://thequantuminsider.com/2023/11/02/quantum-brilliance-partners-with-stfc-hartree-centre-to-make-quantum-technology-more-scalable (1/1), chunk 27/37
[04:23:15 +8m 38s | thequantuminsider_2023_11_02_quantum_brilliance_partners_with_stfc_hartree_centre_to_make_5ab74366] Extracting interactions: https://thequantuminsider.com/2023/11/02/quantum-brilliance-partners-with-stfc-hartree-centre-to-make-quantum-technology-more-scalable (1/1), chunk 30/37
[04:23:21 +8m 43s | thequantuminsider_2023_11_02_quantum_brilliance_partners_with_stfc_hartree_centre_to_make_5ab74366] Extracting interactions: https://thequantuminsider.com/2023/11/02/quantum-brilliance-partners-with-stfc-hartree-centre-to-make-quantum-technology-more-scalable (1/1), chunk 31/37
[04:23:51 +9m 15s | thequantuminsider_2023_11_02_quantum_brilliance_partners_with_stfc_hartree_centre_to_make_5ab74366] Extracting interactions: https://thequantuminsider.com/2023/11/02/quantum-brilliance-partners-with-stfc-hartree-centre-to-make-quantum-technology-more-scalable (1/1), chunk 33/37
[04:23:53 +9m 17s | thequantuminsider_2023_11_02_quantum_brilliance_partners_with_stfc_hartree_centre_to_make_5ab74366] Extracting interactions: https://thequantuminsider.com/2023/11/02/quantum-brilliance-partners-with-stfc-hartree-centre-to-make-quantum-technology-more-scalable (1/1), chunk 35/37
[04:23:55 +9m 19s | thequantuminsider_2023_11_02_quantum_brilliance_partners_with_stfc_hartree_centre_to_make_5ab74366] Extracting interactions: https://thequantuminsider.com/2023/11/02/quantum-brilliance-partners-with-stfc-hartree-centre-to-make-quantum-technology-more-scalable (1/1), chunk 36/37
[04:23:57 +9m 21s | thequantuminsider_2023_11_02_quantum_brilliance_partners_with_stfc_hartree_centre_to_make_5ab74366] Saved 3_interaction_results.json with 26 extracted interactions.

[04:23:57 +9m 21s | thequantuminsider_2023_11_02_quantum_brilliance_partners_with_stfc_hartree_centre_to_make_5ab74366] === 4 clean interactions ===
[04:23:57 +9m 21s | thequantuminsider_2023_11_02_quantum_brilliance_partners_with_stfc_hartree_centre_to_make_5ab74366] Saved 4_edges.json with 7 cleaned interactions.

[04:23:57 +9m 21s | thequantuminsider_2023_11_02_quantum_brilliance_partners_with_stfc_hartree_centre_to_make_5ab74366] === 5 helix enrichment ===
[04:23:57 +9m 21s | thequantuminsider_2023_11_02_quantum_brilliance_partners_with_stfc_hartree_centre_to_make_5ab74366] Wrote 5_nodes.json (13 actors)
[04:23:57 +9m 21s | thequantuminsider_2023_11_02_quantum_brilliance_partners_with_stfc_hartree_centre_to_make_5ab74366] Wrote 5_edges.json (7 interactions)
[04:23:57 +9m 21s | thequantuminsider_2023_11_02_quantum_brilliance_partners_with_stfc_hartree_centre_to_make_5ab74366] Actor helix counts: {'Academia': 3, 'Civil Society': 3, 'Industry': 2, 'Unknown': 5}
[04:23:57 +9m 21s | thequantuminsider_2023_11_02_quantum_brilliance_partners_with_stfc_hartree_centre_to_make_5ab74366] Functional-space counts: {'Innovation': 7}

[04:23:57 +9m 21s | thequantuminsider_2023_11_02_quantum_brilliance_partners_with_stfc_hartree_centre_to_make_5ab74366] === 6 network visualisation ===
[04:23:57 +9m 21s | thequantuminsider_2023_11_02_quantum_brilliance_partners_with_stfc_hartree_centre_to_make_5ab74366] Wrote quantum_network.html
[04:23:57 +9m 21s | thequantuminsider_2023_11_02_quantum_brilliance_partners_with_stfc_hartree_centre_to_make_5ab74366] Nodes: 13
[04:23:57 +9m 21s | thequantuminsider_2023_11_02_quantum_brilliance_partners_with_stfc_hartree_centre_to_make_5ab74366] Edges: 3

[04:23:57 +9m 22s | thequantuminsider_2023_11_02_quantum_brilliance_partners_with_stfc_hartree_centre_to_make_5ab74366] Done. Outputs written to: /home/lv/IDP/idpdeeptech/pipeline/news_outputs/thequantuminsider_2023_11_02_quantum_brilliance_partners_with_stfc_hartree_centre_to_make_5ab74366
[04:23:57 +9m 22s | thequantuminsider_2023_11_02_quantum_brilliance_partners_with_stfc_hartree_centre_to_make_5ab74366] Log: /home/lv/IDP/idpdeeptech/pipeline/news_outputs/thequantuminsider_2023_11_02_quantum_brilliance_partners_with_stfc_hartree_centre_to_make_5ab74366/run.log

========================================================================
RUN FINISHED 2026-07-05 04:23:57  (OK)
Started:     2026-07-05 04:15:06
Elapsed:     9m 22s
========================================================================
