
========================================================================
RUN STARTED  2026-07-05 09:07:58
site_pipeline.py https://thequantuminsider.com/2023/09/12/puzzle-x-and-resonance-announce-strategic-partnership-to-propel-exponential-technologies-to-new-heights/
========================================================================

[09:07:58 +0s | thequantuminsider_2023_09_12_puzzle_x_and_resonance_announce_strategic_partnership_to_pro_2b75b16a] === 0 crawl site ===
[09:08:00 +2s | thequantuminsider_2023_09_12_puzzle_x_and_resonance_announce_strategic_partnership_to_pro_2b75b16a] [INIT].... → Crawl4AI 0.8.6 
[09:08:01 +3s | thequantuminsider_2023_09_12_puzzle_x_and_resonance_announce_strategic_partnership_to_pro_2b75b16a] [FETCH]... ↓ https://thequantuminsider.com/2023/09/12/puzzle-...-propel-exponential-technologies-to-new-heights/  | ✓ | ⏱: 1.83s 
[09:08:02 +4s | thequantuminsider_2023_09_12_puzzle_x_and_resonance_announce_strategic_partnership_to_pro_2b75b16a] [SCRAPE].. ◆ https://thequantuminsider.com/2023/09/12/puzzle-...-propel-exponential-technologies-to-new-heights/  | ✓ | ⏱: 0.14s 
[09:08:02 +4s | thequantuminsider_2023_09_12_puzzle_x_and_resonance_announce_strategic_partnership_to_pro_2b75b16a] [COMPLETE] ● https://thequantuminsider.com/2023/09/12/puzzle-...-propel-exponential-technologies-to-new-heights/  | ✓ | ⏱: 1.99s 
[09:08:02 +4s | thequantuminsider_2023_09_12_puzzle_x_and_resonance_announce_strategic_partnership_to_pro_2b75b16a] Saved: crawl_output/e6ea65539a_thequantuminsider.com_2023_09_12_puzzle-x-and-resonance-announce-strategic-partnership-to-propel-exponential-technologies-to-new-heights.json

[09:08:02 +4s | thequantuminsider_2023_09_12_puzzle_x_and_resonance_announce_strategic_partnership_to_pro_2b75b16a] === 1 actor extraction ===
[09:08:02 +4s | thequantuminsider_2023_09_12_puzzle_x_and_resonance_announce_strategic_partnership_to_pro_2b75b16a] Reading page (1/1): https://thequantuminsider.com/2023/09/12/puzzle-x-and-resonance-announce-strategic-partnership-to-propel-exponential-technologies-to-new-heights
[09:08:02 +4s | thequantuminsider_2023_09_12_puzzle_x_and_resonance_announce_strategic_partnership_to_pro_2b75b16a] Extracting actors: https://thequantuminsider.com/2023/09/12/puzzle-x-and-resonance-announce-strategic-partnership-to-propel-exponential-technologies-to-new-heights (1/1), chunk 1/36
[09:08:09 +11s | thequantuminsider_2023_09_12_puzzle_x_and_resonance_announce_strategic_partnership_to_pro_2b75b16a] Repaired malformed JSON.
[09:08:09 +11s | thequantuminsider_2023_09_12_puzzle_x_and_resonance_announce_strategic_partnership_to_pro_2b75b16a] Extracting actors: https://thequantuminsider.com/2023/09/12/puzzle-x-and-resonance-announce-strategic-partnership-to-propel-exponential-technologies-to-new-heights (1/1), chunk 2/36
[09:08:15 +17s | thequantuminsider_2023_09_12_puzzle_x_and_resonance_announce_strategic_partnership_to_pro_2b75b16a] Repaired malformed JSON.
[09:08:15 +17s | thequantuminsider_2023_09_12_puzzle_x_and_resonance_announce_strategic_partnership_to_pro_2b75b16a] Extracting actors: https://thequantuminsider.com/2023/09/12/puzzle-x-and-resonance-announce-strategic-partnership-to-propel-exponential-technologies-to-new-heights (1/1), chunk 3/36
[09:08:23 +25s | thequantuminsider_2023_09_12_puzzle_x_and_resonance_announce_strategic_partnership_to_pro_2b75b16a] Extracting actors: https://thequantuminsider.com/2023/09/12/puzzle-x-and-resonance-announce-strategic-partnership-to-propel-exponential-technologies-to-new-heights (1/1), chunk 4/36
[09:08:30 +35s | thequantuminsider_2023_09_12_puzzle_x_and_resonance_announce_strategic_partnership_to_pro_2b75b16a] Repaired malformed JSON.
[09:08:30 +35s | thequantuminsider_2023_09_12_puzzle_x_and_resonance_announce_strategic_partnership_to_pro_2b75b16a] Extracting actors: https://thequantuminsider.com/2023/09/12/puzzle-x-and-resonance-announce-strategic-partnership-to-propel-exponential-technologies-to-new-heights (1/1), chunk 5/36
[09:08:37 +41s | thequantuminsider_2023_09_12_puzzle_x_and_resonance_announce_strategic_partnership_to_pro_2b75b16a] Repaired malformed JSON.
[09:08:37 +41s | thequantuminsider_2023_09_12_puzzle_x_and_resonance_announce_strategic_partnership_to_pro_2b75b16a] Extracting actors: https://thequantuminsider.com/2023/09/12/puzzle-x-and-resonance-announce-strategic-partnership-to-propel-exponential-technologies-to-new-heights (1/1), chunk 6/36
[09:08:42 +47s | thequantuminsider_2023_09_12_puzzle_x_and_resonance_announce_strategic_partnership_to_pro_2b75b16a] Extracting actors: https://thequantuminsider.com/2023/09/12/puzzle-x-and-resonance-announce-strategic-partnership-to-propel-exponential-technologies-to-new-heights (1/1), chunk 7/36
[09:08:49 +54s | thequantuminsider_2023_09_12_puzzle_x_and_resonance_announce_strategic_partnership_to_pro_2b75b16a] Repaired malformed JSON.
[09:08:49 +54s | thequantuminsider_2023_09_12_puzzle_x_and_resonance_announce_strategic_partnership_to_pro_2b75b16a] Extracting actors: https://thequantuminsider.com/2023/09/12/puzzle-x-and-resonance-announce-strategic-partnership-to-propel-exponential-technologies-to-new-heights (1/1), chunk 8/36
[09:08:56 +1m 1s | thequantuminsider_2023_09_12_puzzle_x_and_resonance_announce_strategic_partnership_to_pro_2b75b16a] Repaired malformed JSON.
[09:08:56 +1m 1s | thequantuminsider_2023_09_12_puzzle_x_and_resonance_announce_strategic_partnership_to_pro_2b75b16a] Extracting actors: https://thequantuminsider.com/2023/09/12/puzzle-x-and-resonance-announce-strategic-partnership-to-propel-exponential-technologies-to-new-heights (1/1), chunk 9/36
[09:09:00 +1m 7s | thequantuminsider_2023_09_12_puzzle_x_and_resonance_announce_strategic_partnership_to_pro_2b75b16a] Extracting actors: https://thequantuminsider.com/2023/09/12/puzzle-x-and-resonance-announce-strategic-partnership-to-propel-exponential-technologies-to-new-heights (1/1), chunk 10/36
[09:09:09 +1m 16s | thequantuminsider_2023_09_12_puzzle_x_and_resonance_announce_strategic_partnership_to_pro_2b75b16a] Extracting actors: https://thequantuminsider.com/2023/09/12/puzzle-x-and-resonance-announce-strategic-partnership-to-propel-exponential-technologies-to-new-heights (1/1), chunk 11/36
[09:09:29 +1m 39s | thequantuminsider_2023_09_12_puzzle_x_and_resonance_announce_strategic_partnership_to_pro_2b75b16a] Repaired malformed JSON.
[09:09:29 +1m 39s | thequantuminsider_2023_09_12_puzzle_x_and_resonance_announce_strategic_partnership_to_pro_2b75b16a] Extracting actors: https://thequantuminsider.com/2023/09/12/puzzle-x-and-resonance-announce-strategic-partnership-to-propel-exponential-technologies-to-new-heights (1/1), chunk 12/36
[09:09:55 +2m 8s | thequantuminsider_2023_09_12_puzzle_x_and_resonance_announce_strategic_partnership_to_pro_2b75b16a] Repaired malformed JSON.
[09:09:55 +2m 8s | thequantuminsider_2023_09_12_puzzle_x_and_resonance_announce_strategic_partnership_to_pro_2b75b16a] Extracting actors: https://thequantuminsider.com/2023/09/12/puzzle-x-and-resonance-announce-strategic-partnership-to-propel-exponential-technologies-to-new-heights (1/1), chunk 13/36
[09:10:03 +2m 16s | thequantuminsider_2023_09_12_puzzle_x_and_resonance_announce_strategic_partnership_to_pro_2b75b16a] Repaired malformed JSON.
[09:10:03 +2m 16s | thequantuminsider_2023_09_12_puzzle_x_and_resonance_announce_strategic_partnership_to_pro_2b75b16a] Extracting actors: https://thequantuminsider.com/2023/09/12/puzzle-x-and-resonance-announce-strategic-partnership-to-propel-exponential-technologies-to-new-heights (1/1), chunk 14/36
[09:10:12 +2m 25s | thequantuminsider_2023_09_12_puzzle_x_and_resonance_announce_strategic_partnership_to_pro_2b75b16a] Repaired malformed JSON.
[09:10:12 +2m 25s | thequantuminsider_2023_09_12_puzzle_x_and_resonance_announce_strategic_partnership_to_pro_2b75b16a] Extracting actors: https://thequantuminsider.com/2023/09/12/puzzle-x-and-resonance-announce-strategic-partnership-to-propel-exponential-technologies-to-new-heights (1/1), chunk 15/36
[09:10:19 +2m 32s | thequantuminsider_2023_09_12_puzzle_x_and_resonance_announce_strategic_partnership_to_pro_2b75b16a] Repaired malformed JSON.
[09:10:19 +2m 32s | thequantuminsider_2023_09_12_puzzle_x_and_resonance_announce_strategic_partnership_to_pro_2b75b16a] Extracting actors: https://thequantuminsider.com/2023/09/12/puzzle-x-and-resonance-announce-strategic-partnership-to-propel-exponential-technologies-to-new-heights (1/1), chunk 16/36
[09:10:24 +2m 40s | thequantuminsider_2023_09_12_puzzle_x_and_resonance_announce_strategic_partnership_to_pro_2b75b16a] Repaired malformed JSON.
[09:10:24 +2m 40s | thequantuminsider_2023_09_12_puzzle_x_and_resonance_announce_strategic_partnership_to_pro_2b75b16a] Extracting actors: https://thequantuminsider.com/2023/09/12/puzzle-x-and-resonance-announce-strategic-partnership-to-propel-exponential-technologies-to-new-heights (1/1), chunk 17/36
[09:10:39 +2m 55s | thequantuminsider_2023_09_12_puzzle_x_and_resonance_announce_strategic_partnership_to_pro_2b75b16a] Repaired malformed JSON.
[09:10:39 +2m 55s | thequantuminsider_2023_09_12_puzzle_x_and_resonance_announce_strategic_partnership_to_pro_2b75b16a] Extracting actors: https://thequantuminsider.com/2023/09/12/puzzle-x-and-resonance-announce-strategic-partnership-to-propel-exponential-technologies-to-new-heights (1/1), chunk 18/36
[09:10:47 +3m 3s | thequantuminsider_2023_09_12_puzzle_x_and_resonance_announce_strategic_partnership_to_pro_2b75b16a] Repaired malformed JSON.
[09:10:47 +3m 3s | thequantuminsider_2023_09_12_puzzle_x_and_resonance_announce_strategic_partnership_to_pro_2b75b16a] Extracting actors: https://thequantuminsider.com/2023/09/12/puzzle-x-and-resonance-announce-strategic-partnership-to-propel-exponential-technologies-to-new-heights (1/1), chunk 19/36
[09:10:55 +3m 13s | thequantuminsider_2023_09_12_puzzle_x_and_resonance_announce_strategic_partnership_to_pro_2b75b16a] Repaired malformed JSON.
[09:10:55 +3m 13s | thequantuminsider_2023_09_12_puzzle_x_and_resonance_announce_strategic_partnership_to_pro_2b75b16a] Extracting actors: https://thequantuminsider.com/2023/09/12/puzzle-x-and-resonance-announce-strategic-partnership-to-propel-exponential-technologies-to-new-heights (1/1), chunk 20/36
[09:11:02 +3m 20s | thequantuminsider_2023_09_12_puzzle_x_and_resonance_announce_strategic_partnership_to_pro_2b75b16a] Repaired malformed JSON.
[09:11:02 +3m 20s | thequantuminsider_2023_09_12_puzzle_x_and_resonance_announce_strategic_partnership_to_pro_2b75b16a] Extracting actors: https://thequantuminsider.com/2023/09/12/puzzle-x-and-resonance-announce-strategic-partnership-to-propel-exponential-technologies-to-new-heights (1/1), chunk 21/36
[09:11:12 +3m 30s | thequantuminsider_2023_09_12_puzzle_x_and_resonance_announce_strategic_partnership_to_pro_2b75b16a] Repaired malformed JSON.
[09:11:12 +3m 30s | thequantuminsider_2023_09_12_puzzle_x_and_resonance_announce_strategic_partnership_to_pro_2b75b16a] Extracting actors: https://thequantuminsider.com/2023/09/12/puzzle-x-and-resonance-announce-strategic-partnership-to-propel-exponential-technologies-to-new-heights (1/1), chunk 22/36
[09:11:19 +3m 38s | thequantuminsider_2023_09_12_puzzle_x_and_resonance_announce_strategic_partnership_to_pro_2b75b16a] Repaired malformed JSON.
[09:11:19 +3m 38s | thequantuminsider_2023_09_12_puzzle_x_and_resonance_announce_strategic_partnership_to_pro_2b75b16a] Extracting actors: https://thequantuminsider.com/2023/09/12/puzzle-x-and-resonance-announce-strategic-partnership-to-propel-exponential-technologies-to-new-heights (1/1), chunk 23/36
[09:11:27 +3m 48s | thequantuminsider_2023_09_12_puzzle_x_and_resonance_announce_strategic_partnership_to_pro_2b75b16a] Repaired malformed JSON.
[09:11:27 +3m 48s | thequantuminsider_2023_09_12_puzzle_x_and_resonance_announce_strategic_partnership_to_pro_2b75b16a] Extracting actors: https://thequantuminsider.com/2023/09/12/puzzle-x-and-resonance-announce-strategic-partnership-to-propel-exponential-technologies-to-new-heights (1/1), chunk 24/36
[09:11:34 +3m 55s | thequantuminsider_2023_09_12_puzzle_x_and_resonance_announce_strategic_partnership_to_pro_2b75b16a] Extracting actors: https://thequantuminsider.com/2023/09/12/puzzle-x-and-resonance-announce-strategic-partnership-to-propel-exponential-technologies-to-new-heights (1/1), chunk 25/36
[09:11:41 +4m 2s | thequantuminsider_2023_09_12_puzzle_x_and_resonance_announce_strategic_partnership_to_pro_2b75b16a] Repaired malformed JSON.
[09:11:41 +4m 2s | thequantuminsider_2023_09_12_puzzle_x_and_resonance_announce_strategic_partnership_to_pro_2b75b16a] Extracting actors: https://thequantuminsider.com/2023/09/12/puzzle-x-and-resonance-announce-strategic-partnership-to-propel-exponential-technologies-to-new-heights (1/1), chunk 26/36
[09:11:47 +4m 8s | thequantuminsider_2023_09_12_puzzle_x_and_resonance_announce_strategic_partnership_to_pro_2b75b16a] Extracting actors: https://thequantuminsider.com/2023/09/12/puzzle-x-and-resonance-announce-strategic-partnership-to-propel-exponential-technologies-to-new-heights (1/1), chunk 27/36
[09:11:53 +4m 13s | thequantuminsider_2023_09_12_puzzle_x_and_resonance_announce_strategic_partnership_to_pro_2b75b16a] Extracting actors: https://thequantuminsider.com/2023/09/12/puzzle-x-and-resonance-announce-strategic-partnership-to-propel-exponential-technologies-to-new-heights (1/1), chunk 28/36
[09:11:57 +4m 21s | thequantuminsider_2023_09_12_puzzle_x_and_resonance_announce_strategic_partnership_to_pro_2b75b16a] Repaired malformed JSON.
[09:11:57 +4m 21s | thequantuminsider_2023_09_12_puzzle_x_and_resonance_announce_strategic_partnership_to_pro_2b75b16a] Extracting actors: https://thequantuminsider.com/2023/09/12/puzzle-x-and-resonance-announce-strategic-partnership-to-propel-exponential-technologies-to-new-heights (1/1), chunk 29/36
[09:12:06 +4m 29s | thequantuminsider_2023_09_12_puzzle_x_and_resonance_announce_strategic_partnership_to_pro_2b75b16a] Repaired malformed JSON.
[09:12:06 +4m 29s | thequantuminsider_2023_09_12_puzzle_x_and_resonance_announce_strategic_partnership_to_pro_2b75b16a] Extracting actors: https://thequantuminsider.com/2023/09/12/puzzle-x-and-resonance-announce-strategic-partnership-to-propel-exponential-technologies-to-new-heights (1/1), chunk 30/36
[09:12:12 +4m 35s | thequantuminsider_2023_09_12_puzzle_x_and_resonance_announce_strategic_partnership_to_pro_2b75b16a] Repaired malformed JSON.
[09:12:12 +4m 35s | thequantuminsider_2023_09_12_puzzle_x_and_resonance_announce_strategic_partnership_to_pro_2b75b16a] Extracting actors: https://thequantuminsider.com/2023/09/12/puzzle-x-and-resonance-announce-strategic-partnership-to-propel-exponential-technologies-to-new-heights (1/1), chunk 31/36
[09:12:25 +4m 52s | thequantuminsider_2023_09_12_puzzle_x_and_resonance_announce_strategic_partnership_to_pro_2b75b16a] Repaired malformed JSON.
[09:12:25 +4m 52s | thequantuminsider_2023_09_12_puzzle_x_and_resonance_announce_strategic_partnership_to_pro_2b75b16a] Extracting actors: https://thequantuminsider.com/2023/09/12/puzzle-x-and-resonance-announce-strategic-partnership-to-propel-exponential-technologies-to-new-heights (1/1), chunk 32/36
[09:12:31 +4m 58s | thequantuminsider_2023_09_12_puzzle_x_and_resonance_announce_strategic_partnership_to_pro_2b75b16a] Repaired malformed JSON.
[09:12:31 +4m 58s | thequantuminsider_2023_09_12_puzzle_x_and_resonance_announce_strategic_partnership_to_pro_2b75b16a] Extracting actors: https://thequantuminsider.com/2023/09/12/puzzle-x-and-resonance-announce-strategic-partnership-to-propel-exponential-technologies-to-new-heights (1/1), chunk 33/36
[09:12:38 +5m 4s | thequantuminsider_2023_09_12_puzzle_x_and_resonance_announce_strategic_partnership_to_pro_2b75b16a] Repaired malformed JSON.
[09:12:38 +5m 4s | thequantuminsider_2023_09_12_puzzle_x_and_resonance_announce_strategic_partnership_to_pro_2b75b16a] Extracting actors: https://thequantuminsider.com/2023/09/12/puzzle-x-and-resonance-announce-strategic-partnership-to-propel-exponential-technologies-to-new-heights (1/1), chunk 34/36
[09:12:46 +5m 12s | thequantuminsider_2023_09_12_puzzle_x_and_resonance_announce_strategic_partnership_to_pro_2b75b16a] Repaired malformed JSON.
[09:12:46 +5m 12s | thequantuminsider_2023_09_12_puzzle_x_and_resonance_announce_strategic_partnership_to_pro_2b75b16a] Extracting actors: https://thequantuminsider.com/2023/09/12/puzzle-x-and-resonance-announce-strategic-partnership-to-propel-exponential-technologies-to-new-heights (1/1), chunk 35/36
[09:12:52 +5m 18s | thequantuminsider_2023_09_12_puzzle_x_and_resonance_announce_strategic_partnership_to_pro_2b75b16a] Repaired malformed JSON.
[09:12:52 +5m 18s | thequantuminsider_2023_09_12_puzzle_x_and_resonance_announce_strategic_partnership_to_pro_2b75b16a] Extracting actors: https://thequantuminsider.com/2023/09/12/puzzle-x-and-resonance-announce-strategic-partnership-to-propel-exponential-technologies-to-new-heights (1/1), chunk 36/36
[09:12:59 +5m 28s | thequantuminsider_2023_09_12_puzzle_x_and_resonance_announce_strategic_partnership_to_pro_2b75b16a] Repaired malformed JSON.
[09:12:59 +5m 28s | thequantuminsider_2023_09_12_puzzle_x_and_resonance_announce_strategic_partnership_to_pro_2b75b16a] Saved 1_actor_results.json with 63 extracted records

[09:12:59 +5m 28s | thequantuminsider_2023_09_12_puzzle_x_and_resonance_announce_strategic_partnership_to_pro_2b75b16a] === 2 clean actors ===
[09:12:59 +5m 28s | thequantuminsider_2023_09_12_puzzle_x_and_resonance_announce_strategic_partnership_to_pro_2b75b16a] Loaded 63 extracted records
[09:12:59 +5m 28s | thequantuminsider_2023_09_12_puzzle_x_and_resonance_announce_strategic_partnership_to_pro_2b75b16a] Saved 2_actor_nodes.json with 14 canonical actor nodes

[09:12:59 +5m 28s | thequantuminsider_2023_09_12_puzzle_x_and_resonance_announce_strategic_partnership_to_pro_2b75b16a] === 3 interaction extraction ===
[09:12:59 +5m 28s | thequantuminsider_2023_09_12_puzzle_x_and_resonance_announce_strategic_partnership_to_pro_2b75b16a] Extracting interactions: https://thequantuminsider.com/2023/09/12/puzzle-x-and-resonance-announce-strategic-partnership-to-propel-exponential-technologies-to-new-heights (1/1), chunk 11/36
[09:13:04 +5m 33s | thequantuminsider_2023_09_12_puzzle_x_and_resonance_announce_strategic_partnership_to_pro_2b75b16a] Extracting interactions: https://thequantuminsider.com/2023/09/12/puzzle-x-and-resonance-announce-strategic-partnership-to-propel-exponential-technologies-to-new-heights (1/1), chunk 12/36
[09:13:20 +5m 49s | thequantuminsider_2023_09_12_puzzle_x_and_resonance_announce_strategic_partnership_to_pro_2b75b16a] Extracting interactions: https://thequantuminsider.com/2023/09/12/puzzle-x-and-resonance-announce-strategic-partnership-to-propel-exponential-technologies-to-new-heights (1/1), chunk 13/36
[09:13:58 +6m 32s | thequantuminsider_2023_09_12_puzzle_x_and_resonance_announce_strategic_partnership_to_pro_2b75b16a] Extracting interactions: https://thequantuminsider.com/2023/09/12/puzzle-x-and-resonance-announce-strategic-partnership-to-propel-exponential-technologies-to-new-heights (1/1), chunk 14/36
[09:14:07 +6m 41s | thequantuminsider_2023_09_12_puzzle_x_and_resonance_announce_strategic_partnership_to_pro_2b75b16a] Extracting interactions: https://thequantuminsider.com/2023/09/12/puzzle-x-and-resonance-announce-strategic-partnership-to-propel-exponential-technologies-to-new-heights (1/1), chunk 15/36
[09:14:42 +7m 19s | thequantuminsider_2023_09_12_puzzle_x_and_resonance_announce_strategic_partnership_to_pro_2b75b16a] Extracting interactions: https://thequantuminsider.com/2023/09/12/puzzle-x-and-resonance-announce-strategic-partnership-to-propel-exponential-technologies-to-new-heights (1/1), chunk 16/36

========================================================================
RUN FINISHED 2026-07-05 09:14:50  (INTERRUPTED)
Started:     2026-07-05 09:07:58
Elapsed:     7m 27s
========================================================================
