
========================================================================
RUN STARTED  2026-07-05 04:46:03
site_pipeline.py https://thequantuminsider.com/2023/11/01/scientists-receive-funding-to-create-a-universal-software-for-quantum-dynamics-simulations/
========================================================================

[04:46:03 +0s | thequantuminsider_2023_11_01_scientists_receive_funding_to_create_a_universal_software_fo_a2219706] === 0 crawl site ===
[04:46:04 +1s | thequantuminsider_2023_11_01_scientists_receive_funding_to_create_a_universal_software_fo_a2219706] [INIT].... → Crawl4AI 0.8.6 
[04:46:07 +4s | thequantuminsider_2023_11_01_scientists_receive_funding_to_create_a_universal_software_fo_a2219706] [FETCH]... ↓ https://thequantuminsider.com/2023/11/01/scienti...ersal-software-for-quantum-dynamics-simulations/  | ✓ | ⏱: 2.74s 
[04:46:07 +4s | thequantuminsider_2023_11_01_scientists_receive_funding_to_create_a_universal_software_fo_a2219706] [SCRAPE].. ◆ https://thequantuminsider.com/2023/11/01/scienti...ersal-software-for-quantum-dynamics-simulations/  | ✓ | ⏱: 0.15s 
[04:46:07 +4s | thequantuminsider_2023_11_01_scientists_receive_funding_to_create_a_universal_software_fo_a2219706] [COMPLETE] ● https://thequantuminsider.com/2023/11/01/scienti...ersal-software-for-quantum-dynamics-simulations/  | ✓ | ⏱: 2.91s 
[04:46:07 +4s | thequantuminsider_2023_11_01_scientists_receive_funding_to_create_a_universal_software_fo_a2219706] Saved: crawl_output/70da446551_thequantuminsider.com_2023_11_01_scientists-receive-funding-to-create-a-universal-software-for-quantum-dynamics-simulations.json

[04:46:08 +5s | thequantuminsider_2023_11_01_scientists_receive_funding_to_create_a_universal_software_fo_a2219706] === 1 actor extraction ===
[04:46:08 +5s | thequantuminsider_2023_11_01_scientists_receive_funding_to_create_a_universal_software_fo_a2219706] Reading page (1/1): https://thequantuminsider.com/2023/11/01/scientists-receive-funding-to-create-a-universal-software-for-quantum-dynamics-simulations
[04:46:08 +5s | thequantuminsider_2023_11_01_scientists_receive_funding_to_create_a_universal_software_fo_a2219706] Extracting actors: https://thequantuminsider.com/2023/11/01/scientists-receive-funding-to-create-a-universal-software-for-quantum-dynamics-simulations (1/1), chunk 1/39
[04:46:12 +9s | thequantuminsider_2023_11_01_scientists_receive_funding_to_create_a_universal_software_fo_a2219706] Extracting actors: https://thequantuminsider.com/2023/11/01/scientists-receive-funding-to-create-a-universal-software-for-quantum-dynamics-simulations (1/1), chunk 2/39
[04:46:18 +15s | thequantuminsider_2023_11_01_scientists_receive_funding_to_create_a_universal_software_fo_a2219706] Extracting actors: https://thequantuminsider.com/2023/11/01/scientists-receive-funding-to-create-a-universal-software-for-quantum-dynamics-simulations (1/1), chunk 3/39
[04:46:24 +21s | thequantuminsider_2023_11_01_scientists_receive_funding_to_create_a_universal_software_fo_a2219706] Extracting actors: https://thequantuminsider.com/2023/11/01/scientists-receive-funding-to-create-a-universal-software-for-quantum-dynamics-simulations (1/1), chunk 4/39
[04:46:47 +46s | thequantuminsider_2023_11_01_scientists_receive_funding_to_create_a_universal_software_fo_a2219706] Extracting actors: https://thequantuminsider.com/2023/11/01/scientists-receive-funding-to-create-a-universal-software-for-quantum-dynamics-simulations (1/1), chunk 5/39
[04:46:51 +50s | thequantuminsider_2023_11_01_scientists_receive_funding_to_create_a_universal_software_fo_a2219706] Extracting actors: https://thequantuminsider.com/2023/11/01/scientists-receive-funding-to-create-a-universal-software-for-quantum-dynamics-simulations (1/1), chunk 6/39
[04:46:57 +56s | thequantuminsider_2023_11_01_scientists_receive_funding_to_create_a_universal_software_fo_a2219706] Extracting actors: https://thequantuminsider.com/2023/11/01/scientists-receive-funding-to-create-a-universal-software-for-quantum-dynamics-simulations (1/1), chunk 7/39
[04:47:01 +1m 0s | thequantuminsider_2023_11_01_scientists_receive_funding_to_create_a_universal_software_fo_a2219706] Extracting actors: https://thequantuminsider.com/2023/11/01/scientists-receive-funding-to-create-a-universal-software-for-quantum-dynamics-simulations (1/1), chunk 8/39
[04:47:03 +1m 4s | thequantuminsider_2023_11_01_scientists_receive_funding_to_create_a_universal_software_fo_a2219706] Extracting actors: https://thequantuminsider.com/2023/11/01/scientists-receive-funding-to-create-a-universal-software-for-quantum-dynamics-simulations (1/1), chunk 9/39
[04:47:08 +1m 9s | thequantuminsider_2023_11_01_scientists_receive_funding_to_create_a_universal_software_fo_a2219706] Extracting actors: https://thequantuminsider.com/2023/11/01/scientists-receive-funding-to-create-a-universal-software-for-quantum-dynamics-simulations (1/1), chunk 10/39
[04:47:36 +1m 38s | thequantuminsider_2023_11_01_scientists_receive_funding_to_create_a_universal_software_fo_a2219706] Extracting actors: https://thequantuminsider.com/2023/11/01/scientists-receive-funding-to-create-a-universal-software-for-quantum-dynamics-simulations (1/1), chunk 11/39
[04:48:01 +2m 4s | thequantuminsider_2023_11_01_scientists_receive_funding_to_create_a_universal_software_fo_a2219706] Extracting actors: https://thequantuminsider.com/2023/11/01/scientists-receive-funding-to-create-a-universal-software-for-quantum-dynamics-simulations (1/1), chunk 12/39
[04:48:19 +2m 24s | thequantuminsider_2023_11_01_scientists_receive_funding_to_create_a_universal_software_fo_a2219706] Repaired malformed JSON.
[04:48:19 +2m 24s | thequantuminsider_2023_11_01_scientists_receive_funding_to_create_a_universal_software_fo_a2219706] Extracting actors: https://thequantuminsider.com/2023/11/01/scientists-receive-funding-to-create-a-universal-software-for-quantum-dynamics-simulations (1/1), chunk 13/39
[04:48:25 +2m 30s | thequantuminsider_2023_11_01_scientists_receive_funding_to_create_a_universal_software_fo_a2219706] Repaired malformed JSON.
[04:48:25 +2m 30s | thequantuminsider_2023_11_01_scientists_receive_funding_to_create_a_universal_software_fo_a2219706] Extracting actors: https://thequantuminsider.com/2023/11/01/scientists-receive-funding-to-create-a-universal-software-for-quantum-dynamics-simulations (1/1), chunk 14/39
[04:48:52 +2m 58s | thequantuminsider_2023_11_01_scientists_receive_funding_to_create_a_universal_software_fo_a2219706] Repaired malformed JSON.
[04:48:52 +2m 58s | thequantuminsider_2023_11_01_scientists_receive_funding_to_create_a_universal_software_fo_a2219706] Extracting actors: https://thequantuminsider.com/2023/11/01/scientists-receive-funding-to-create-a-universal-software-for-quantum-dynamics-simulations (1/1), chunk 15/39
[04:49:02 +3m 8s | thequantuminsider_2023_11_01_scientists_receive_funding_to_create_a_universal_software_fo_a2219706] Repaired malformed JSON.
[04:49:02 +3m 8s | thequantuminsider_2023_11_01_scientists_receive_funding_to_create_a_universal_software_fo_a2219706] Extracting actors: https://thequantuminsider.com/2023/11/01/scientists-receive-funding-to-create-a-universal-software-for-quantum-dynamics-simulations (1/1), chunk 16/39
[04:49:09 +3m 17s | thequantuminsider_2023_11_01_scientists_receive_funding_to_create_a_universal_software_fo_a2219706] Repaired malformed JSON.
[04:49:09 +3m 17s | thequantuminsider_2023_11_01_scientists_receive_funding_to_create_a_universal_software_fo_a2219706] Extracting actors: https://thequantuminsider.com/2023/11/01/scientists-receive-funding-to-create-a-universal-software-for-quantum-dynamics-simulations (1/1), chunk 17/39
[04:49:17 +3m 25s | thequantuminsider_2023_11_01_scientists_receive_funding_to_create_a_universal_software_fo_a2219706] Repaired malformed JSON.
[04:49:17 +3m 25s | thequantuminsider_2023_11_01_scientists_receive_funding_to_create_a_universal_software_fo_a2219706] Extracting actors: https://thequantuminsider.com/2023/11/01/scientists-receive-funding-to-create-a-universal-software-for-quantum-dynamics-simulations (1/1), chunk 18/39
[04:49:45 +3m 55s | thequantuminsider_2023_11_01_scientists_receive_funding_to_create_a_universal_software_fo_a2219706] Repaired malformed JSON.
[04:49:45 +3m 55s | thequantuminsider_2023_11_01_scientists_receive_funding_to_create_a_universal_software_fo_a2219706] Extracting actors: https://thequantuminsider.com/2023/11/01/scientists-receive-funding-to-create-a-universal-software-for-quantum-dynamics-simulations (1/1), chunk 19/39
[04:49:53 +4m 3s | thequantuminsider_2023_11_01_scientists_receive_funding_to_create_a_universal_software_fo_a2219706] Repaired malformed JSON.
[04:49:53 +4m 3s | thequantuminsider_2023_11_01_scientists_receive_funding_to_create_a_universal_software_fo_a2219706] Extracting actors: https://thequantuminsider.com/2023/11/01/scientists-receive-funding-to-create-a-universal-software-for-quantum-dynamics-simulations (1/1), chunk 20/39
[04:50:00 +4m 10s | thequantuminsider_2023_11_01_scientists_receive_funding_to_create_a_universal_software_fo_a2219706] Repaired malformed JSON.
[04:50:00 +4m 10s | thequantuminsider_2023_11_01_scientists_receive_funding_to_create_a_universal_software_fo_a2219706] Extracting actors: https://thequantuminsider.com/2023/11/01/scientists-receive-funding-to-create-a-universal-software-for-quantum-dynamics-simulations (1/1), chunk 21/39
[04:50:05 +4m 17s | thequantuminsider_2023_11_01_scientists_receive_funding_to_create_a_universal_software_fo_a2219706] Repaired malformed JSON.
[04:50:05 +4m 17s | thequantuminsider_2023_11_01_scientists_receive_funding_to_create_a_universal_software_fo_a2219706] Extracting actors: https://thequantuminsider.com/2023/11/01/scientists-receive-funding-to-create-a-universal-software-for-quantum-dynamics-simulations (1/1), chunk 22/39
[04:50:19 +4m 31s | thequantuminsider_2023_11_01_scientists_receive_funding_to_create_a_universal_software_fo_a2219706] Repaired malformed JSON.
[04:50:19 +4m 31s | thequantuminsider_2023_11_01_scientists_receive_funding_to_create_a_universal_software_fo_a2219706] Extracting actors: https://thequantuminsider.com/2023/11/01/scientists-receive-funding-to-create-a-universal-software-for-quantum-dynamics-simulations (1/1), chunk 23/39
[04:50:29 +4m 41s | thequantuminsider_2023_11_01_scientists_receive_funding_to_create_a_universal_software_fo_a2219706] Repaired malformed JSON.
[04:50:29 +4m 41s | thequantuminsider_2023_11_01_scientists_receive_funding_to_create_a_universal_software_fo_a2219706] Extracting actors: https://thequantuminsider.com/2023/11/01/scientists-receive-funding-to-create-a-universal-software-for-quantum-dynamics-simulations (1/1), chunk 24/39
[04:50:50 +5m 4s | thequantuminsider_2023_11_01_scientists_receive_funding_to_create_a_universal_software_fo_a2219706] Extracting actors: https://thequantuminsider.com/2023/11/01/scientists-receive-funding-to-create-a-universal-software-for-quantum-dynamics-simulations (1/1), chunk 25/39
[04:50:57 +5m 11s | thequantuminsider_2023_11_01_scientists_receive_funding_to_create_a_universal_software_fo_a2219706] Repaired malformed JSON.
[04:50:57 +5m 11s | thequantuminsider_2023_11_01_scientists_receive_funding_to_create_a_universal_software_fo_a2219706] Extracting actors: https://thequantuminsider.com/2023/11/01/scientists-receive-funding-to-create-a-universal-software-for-quantum-dynamics-simulations (1/1), chunk 26/39
[04:51:06 +5m 21s | thequantuminsider_2023_11_01_scientists_receive_funding_to_create_a_universal_software_fo_a2219706] Repaired malformed JSON.
[04:51:06 +5m 21s | thequantuminsider_2023_11_01_scientists_receive_funding_to_create_a_universal_software_fo_a2219706] Extracting actors: https://thequantuminsider.com/2023/11/01/scientists-receive-funding-to-create-a-universal-software-for-quantum-dynamics-simulations (1/1), chunk 27/39
[04:51:14 +5m 29s | thequantuminsider_2023_11_01_scientists_receive_funding_to_create_a_universal_software_fo_a2219706] Repaired malformed JSON.
[04:51:14 +5m 29s | thequantuminsider_2023_11_01_scientists_receive_funding_to_create_a_universal_software_fo_a2219706] Extracting actors: https://thequantuminsider.com/2023/11/01/scientists-receive-funding-to-create-a-universal-software-for-quantum-dynamics-simulations (1/1), chunk 28/39
[04:51:22 +5m 37s | thequantuminsider_2023_11_01_scientists_receive_funding_to_create_a_universal_software_fo_a2219706] Repaired malformed JSON.
[04:51:22 +5m 37s | thequantuminsider_2023_11_01_scientists_receive_funding_to_create_a_universal_software_fo_a2219706] Extracting actors: https://thequantuminsider.com/2023/11/01/scientists-receive-funding-to-create-a-universal-software-for-quantum-dynamics-simulations (1/1), chunk 29/39
[04:51:26 +5m 42s | thequantuminsider_2023_11_01_scientists_receive_funding_to_create_a_universal_software_fo_a2219706] Extracting actors: https://thequantuminsider.com/2023/11/01/scientists-receive-funding-to-create-a-universal-software-for-quantum-dynamics-simulations (1/1), chunk 30/39
[04:51:31 +5m 47s | thequantuminsider_2023_11_01_scientists_receive_funding_to_create_a_universal_software_fo_a2219706] Extracting actors: https://thequantuminsider.com/2023/11/01/scientists-receive-funding-to-create-a-universal-software-for-quantum-dynamics-simulations (1/1), chunk 31/39
[04:51:32 +5m 48s | thequantuminsider_2023_11_01_scientists_receive_funding_to_create_a_universal_software_fo_a2219706] Extracting actors: https://thequantuminsider.com/2023/11/01/scientists-receive-funding-to-create-a-universal-software-for-quantum-dynamics-simulations (1/1), chunk 32/39
[04:51:38 +5m 55s | thequantuminsider_2023_11_01_scientists_receive_funding_to_create_a_universal_software_fo_a2219706] Repaired malformed JSON.
[04:51:38 +5m 55s | thequantuminsider_2023_11_01_scientists_receive_funding_to_create_a_universal_software_fo_a2219706] Extracting actors: https://thequantuminsider.com/2023/11/01/scientists-receive-funding-to-create-a-universal-software-for-quantum-dynamics-simulations (1/1), chunk 33/39
[04:51:45 +6m 3s | thequantuminsider_2023_11_01_scientists_receive_funding_to_create_a_universal_software_fo_a2219706] Repaired malformed JSON.
[04:51:45 +6m 3s | thequantuminsider_2023_11_01_scientists_receive_funding_to_create_a_universal_software_fo_a2219706] Extracting actors: https://thequantuminsider.com/2023/11/01/scientists-receive-funding-to-create-a-universal-software-for-quantum-dynamics-simulations (1/1), chunk 34/39
[04:51:51 +6m 9s | thequantuminsider_2023_11_01_scientists_receive_funding_to_create_a_universal_software_fo_a2219706] Repaired malformed JSON.
[04:51:51 +6m 9s | thequantuminsider_2023_11_01_scientists_receive_funding_to_create_a_universal_software_fo_a2219706] Extracting actors: https://thequantuminsider.com/2023/11/01/scientists-receive-funding-to-create-a-universal-software-for-quantum-dynamics-simulations (1/1), chunk 35/39
[04:52:17 +6m 36s | thequantuminsider_2023_11_01_scientists_receive_funding_to_create_a_universal_software_fo_a2219706] Repaired malformed JSON.
[04:52:17 +6m 36s | thequantuminsider_2023_11_01_scientists_receive_funding_to_create_a_universal_software_fo_a2219706] Extracting actors: https://thequantuminsider.com/2023/11/01/scientists-receive-funding-to-create-a-universal-software-for-quantum-dynamics-simulations (1/1), chunk 36/39
[04:52:27 +6m 46s | thequantuminsider_2023_11_01_scientists_receive_funding_to_create_a_universal_software_fo_a2219706] Repaired malformed JSON.
[04:52:27 +6m 46s | thequantuminsider_2023_11_01_scientists_receive_funding_to_create_a_universal_software_fo_a2219706] Extracting actors: https://thequantuminsider.com/2023/11/01/scientists-receive-funding-to-create-a-universal-software-for-quantum-dynamics-simulations (1/1), chunk 37/39
[04:52:34 +6m 54s | thequantuminsider_2023_11_01_scientists_receive_funding_to_create_a_universal_software_fo_a2219706] Repaired malformed JSON.
[04:52:34 +6m 54s | thequantuminsider_2023_11_01_scientists_receive_funding_to_create_a_universal_software_fo_a2219706] Extracting actors: https://thequantuminsider.com/2023/11/01/scientists-receive-funding-to-create-a-universal-software-for-quantum-dynamics-simulations (1/1), chunk 38/39
[04:52:40 +7m 1s | thequantuminsider_2023_11_01_scientists_receive_funding_to_create_a_universal_software_fo_a2219706] Repaired malformed JSON.
[04:52:40 +7m 1s | thequantuminsider_2023_11_01_scientists_receive_funding_to_create_a_universal_software_fo_a2219706] Extracting actors: https://thequantuminsider.com/2023/11/01/scientists-receive-funding-to-create-a-universal-software-for-quantum-dynamics-simulations (1/1), chunk 39/39
[04:52:48 +7m 10s | thequantuminsider_2023_11_01_scientists_receive_funding_to_create_a_universal_software_fo_a2219706] Repaired malformed JSON.
[04:52:48 +7m 10s | thequantuminsider_2023_11_01_scientists_receive_funding_to_create_a_universal_software_fo_a2219706] Saved 1_actor_results.json with 56 extracted records

[04:52:48 +7m 10s | thequantuminsider_2023_11_01_scientists_receive_funding_to_create_a_universal_software_fo_a2219706] === 2 clean actors ===
[04:52:48 +7m 10s | thequantuminsider_2023_11_01_scientists_receive_funding_to_create_a_universal_software_fo_a2219706] Loaded 56 extracted records
[04:52:48 +7m 10s | thequantuminsider_2023_11_01_scientists_receive_funding_to_create_a_universal_software_fo_a2219706] Saved 2_actor_nodes.json with 20 canonical actor nodes

[04:52:48 +7m 10s | thequantuminsider_2023_11_01_scientists_receive_funding_to_create_a_universal_software_fo_a2219706] === 3 interaction extraction ===
[04:52:49 +7m 10s | thequantuminsider_2023_11_01_scientists_receive_funding_to_create_a_universal_software_fo_a2219706] Extracting interactions: https://thequantuminsider.com/2023/11/01/scientists-receive-funding-to-create-a-universal-software-for-quantum-dynamics-simulations (1/1), chunk 12/39
[04:52:53 +7m 14s | thequantuminsider_2023_11_01_scientists_receive_funding_to_create_a_universal_software_fo_a2219706] Extracting interactions: https://thequantuminsider.com/2023/11/01/scientists-receive-funding-to-create-a-universal-software-for-quantum-dynamics-simulations (1/1), chunk 13/39
[04:53:02 +7m 24s | thequantuminsider_2023_11_01_scientists_receive_funding_to_create_a_universal_software_fo_a2219706] Extracting interactions: https://thequantuminsider.com/2023/11/01/scientists-receive-funding-to-create-a-universal-software-for-quantum-dynamics-simulations (1/1), chunk 14/39
[04:53:11 +7m 34s | thequantuminsider_2023_11_01_scientists_receive_funding_to_create_a_universal_software_fo_a2219706] Extracting interactions: https://thequantuminsider.com/2023/11/01/scientists-receive-funding-to-create-a-universal-software-for-quantum-dynamics-simulations (1/1), chunk 15/39
[04:53:21 +7m 44s | thequantuminsider_2023_11_01_scientists_receive_funding_to_create_a_universal_software_fo_a2219706] Extracting interactions: https://thequantuminsider.com/2023/11/01/scientists-receive-funding-to-create-a-universal-software-for-quantum-dynamics-simulations (1/1), chunk 16/39
[04:53:38 +8m 3s | thequantuminsider_2023_11_01_scientists_receive_funding_to_create_a_universal_software_fo_a2219706] Extracting interactions: https://thequantuminsider.com/2023/11/01/scientists-receive-funding-to-create-a-universal-software-for-quantum-dynamics-simulations (1/1), chunk 17/39
[04:53:51 +8m 16s | thequantuminsider_2023_11_01_scientists_receive_funding_to_create_a_universal_software_fo_a2219706] Extracting interactions: https://thequantuminsider.com/2023/11/01/scientists-receive-funding-to-create-a-universal-software-for-quantum-dynamics-simulations (1/1), chunk 18/39
[04:53:55 +8m 20s | thequantuminsider_2023_11_01_scientists_receive_funding_to_create_a_universal_software_fo_a2219706] Extracting interactions: https://thequantuminsider.com/2023/11/01/scientists-receive-funding-to-create-a-universal-software-for-quantum-dynamics-simulations (1/1), chunk 19/39
[04:53:59 +8m 24s | thequantuminsider_2023_11_01_scientists_receive_funding_to_create_a_universal_software_fo_a2219706] Extracting interactions: https://thequantuminsider.com/2023/11/01/scientists-receive-funding-to-create-a-universal-software-for-quantum-dynamics-simulations (1/1), chunk 20/39
[04:54:01 +8m 26s | thequantuminsider_2023_11_01_scientists_receive_funding_to_create_a_universal_software_fo_a2219706] Extracting interactions: https://thequantuminsider.com/2023/11/01/scientists-receive-funding-to-create-a-universal-software-for-quantum-dynamics-simulations (1/1), chunk 21/39
[04:54:02 +8m 27s | thequantuminsider_2023_11_01_scientists_receive_funding_to_create_a_universal_software_fo_a2219706] Extracting interactions: https://thequantuminsider.com/2023/11/01/scientists-receive-funding-to-create-a-universal-software-for-quantum-dynamics-simulations (1/1), chunk 22/39
[04:54:10 +8m 37s | thequantuminsider_2023_11_01_scientists_receive_funding_to_create_a_universal_software_fo_a2219706] Extracting interactions: https://thequantuminsider.com/2023/11/01/scientists-receive-funding-to-create-a-universal-software-for-quantum-dynamics-simulations (1/1), chunk 23/39
[04:54:17 +8m 44s | thequantuminsider_2023_11_01_scientists_receive_funding_to_create_a_universal_software_fo_a2219706] Extracting interactions: https://thequantuminsider.com/2023/11/01/scientists-receive-funding-to-create-a-universal-software-for-quantum-dynamics-simulations (1/1), chunk 24/39
[04:54:18 +8m 45s | thequantuminsider_2023_11_01_scientists_receive_funding_to_create_a_universal_software_fo_a2219706] Extracting interactions: https://thequantuminsider.com/2023/11/01/scientists-receive-funding-to-create-a-universal-software-for-quantum-dynamics-simulations (1/1), chunk 27/39
[04:54:33 +9m 0s | thequantuminsider_2023_11_01_scientists_receive_funding_to_create_a_universal_software_fo_a2219706] Extracting interactions: https://thequantuminsider.com/2023/11/01/scientists-receive-funding-to-create-a-universal-software-for-quantum-dynamics-simulations (1/1), chunk 28/39
[04:54:36 +9m 5s | thequantuminsider_2023_11_01_scientists_receive_funding_to_create_a_universal_software_fo_a2219706] Extracting interactions: https://thequantuminsider.com/2023/11/01/scientists-receive-funding-to-create-a-universal-software-for-quantum-dynamics-simulations (1/1), chunk 29/39
[04:54:40 +9m 9s | thequantuminsider_2023_11_01_scientists_receive_funding_to_create_a_universal_software_fo_a2219706] Extracting interactions: https://thequantuminsider.com/2023/11/01/scientists-receive-funding-to-create-a-universal-software-for-quantum-dynamics-simulations (1/1), chunk 30/39
[04:54:42 +9m 11s | thequantuminsider_2023_11_01_scientists_receive_funding_to_create_a_universal_software_fo_a2219706] Extracting interactions: https://thequantuminsider.com/2023/11/01/scientists-receive-funding-to-create-a-universal-software-for-quantum-dynamics-simulations (1/1), chunk 32/39
[04:54:43 +9m 12s | thequantuminsider_2023_11_01_scientists_receive_funding_to_create_a_universal_software_fo_a2219706] Extracting interactions: https://thequantuminsider.com/2023/11/01/scientists-receive-funding-to-create-a-universal-software-for-quantum-dynamics-simulations (1/1), chunk 33/39
[04:55:01 +9m 30s | thequantuminsider_2023_11_01_scientists_receive_funding_to_create_a_universal_software_fo_a2219706] Extracting interactions: https://thequantuminsider.com/2023/11/01/scientists-receive-funding-to-create-a-universal-software-for-quantum-dynamics-simulations (1/1), chunk 34/39
[04:55:03 +9m 32s | thequantuminsider_2023_11_01_scientists_receive_funding_to_create_a_universal_software_fo_a2219706] Extracting interactions: https://thequantuminsider.com/2023/11/01/scientists-receive-funding-to-create-a-universal-software-for-quantum-dynamics-simulations (1/1), chunk 35/39
[04:55:05 +9m 34s | thequantuminsider_2023_11_01_scientists_receive_funding_to_create_a_universal_software_fo_a2219706] Extracting interactions: https://thequantuminsider.com/2023/11/01/scientists-receive-funding-to-create-a-universal-software-for-quantum-dynamics-simulations (1/1), chunk 37/39
[04:55:06 +9m 37s | thequantuminsider_2023_11_01_scientists_receive_funding_to_create_a_universal_software_fo_a2219706] Extracting interactions: https://thequantuminsider.com/2023/11/01/scientists-receive-funding-to-create-a-universal-software-for-quantum-dynamics-simulations (1/1), chunk 38/39
[04:55:21 +9m 51s | thequantuminsider_2023_11_01_scientists_receive_funding_to_create_a_universal_software_fo_a2219706] Extracting interactions: https://thequantuminsider.com/2023/11/01/scientists-receive-funding-to-create-a-universal-software-for-quantum-dynamics-simulations (1/1), chunk 39/39
[04:55:22 +9m 53s | thequantuminsider_2023_11_01_scientists_receive_funding_to_create_a_universal_software_fo_a2219706] Saved 3_interaction_results.json with 20 extracted interactions.

[04:55:22 +9m 53s | thequantuminsider_2023_11_01_scientists_receive_funding_to_create_a_universal_software_fo_a2219706] === 4 clean interactions ===
[04:55:22 +9m 53s | thequantuminsider_2023_11_01_scientists_receive_funding_to_create_a_universal_software_fo_a2219706] Saved 4_edges.json with 0 cleaned interactions.

[04:55:22 +9m 53s | thequantuminsider_2023_11_01_scientists_receive_funding_to_create_a_universal_software_fo_a2219706] === 5 helix enrichment ===
[04:55:22 +9m 53s | thequantuminsider_2023_11_01_scientists_receive_funding_to_create_a_universal_software_fo_a2219706] Wrote 5_nodes.json (20 actors)
[04:55:22 +9m 53s | thequantuminsider_2023_11_01_scientists_receive_funding_to_create_a_universal_software_fo_a2219706] Wrote 5_edges.json (0 interactions)
[04:55:22 +9m 53s | thequantuminsider_2023_11_01_scientists_receive_funding_to_create_a_universal_software_fo_a2219706] Actor helix counts: {'Academia': 5, 'Civil Society': 4, 'Industry': 1, 'Intermediary': 1, 'Unknown': 9}
[04:55:22 +9m 53s | thequantuminsider_2023_11_01_scientists_receive_funding_to_create_a_universal_software_fo_a2219706] Functional-space counts: {}

[04:55:22 +9m 53s | thequantuminsider_2023_11_01_scientists_receive_funding_to_create_a_universal_software_fo_a2219706] === 6 network visualisation ===
[04:55:23 +9m 54s | thequantuminsider_2023_11_01_scientists_receive_funding_to_create_a_universal_software_fo_a2219706] Wrote quantum_network.html
[04:55:23 +9m 54s | thequantuminsider_2023_11_01_scientists_receive_funding_to_create_a_universal_software_fo_a2219706] Nodes: 20
[04:55:23 +9m 54s | thequantuminsider_2023_11_01_scientists_receive_funding_to_create_a_universal_software_fo_a2219706] Edges: 0

[04:55:23 +9m 54s | thequantuminsider_2023_11_01_scientists_receive_funding_to_create_a_universal_software_fo_a2219706] Done. Outputs written to: /home/lv/IDP/idpdeeptech/pipeline/news_outputs/thequantuminsider_2023_11_01_scientists_receive_funding_to_create_a_universal_software_fo_a2219706
[04:55:23 +9m 54s | thequantuminsider_2023_11_01_scientists_receive_funding_to_create_a_universal_software_fo_a2219706] Log: /home/lv/IDP/idpdeeptech/pipeline/news_outputs/thequantuminsider_2023_11_01_scientists_receive_funding_to_create_a_universal_software_fo_a2219706/run.log

========================================================================
RUN FINISHED 2026-07-05 04:55:23  (OK)
Started:     2026-07-05 04:46:03
Elapsed:     9m 54s
========================================================================
