
========================================================================
RUN STARTED  2026-07-05 03:01:04
site_pipeline.py https://thequantuminsider.com/2023/11/17/scientists-store-retrieve-photons-in-a-step-toward-quantum-internet/
========================================================================

[03:01:04 +0s | thequantuminsider_2023_11_17_scientists_store_retrieve_photons_in_a_step_toward_quantum_internet] === 0 crawl site ===
[03:01:05 +1s | thequantuminsider_2023_11_17_scientists_store_retrieve_photons_in_a_step_toward_quantum_internet] [INIT].... → Crawl4AI 0.8.6 
[03:01:07 +4s | thequantuminsider_2023_11_17_scientists_store_retrieve_photons_in_a_step_toward_quantum_internet] [FETCH]... ↓ https://thequantuminsider.com/2023/11/17/scienti...rieve-photons-in-a-step-toward-quantum-internet/  | ✓ | ⏱: 2.22s 
[03:01:07 +4s | thequantuminsider_2023_11_17_scientists_store_retrieve_photons_in_a_step_toward_quantum_internet] [SCRAPE].. ◆ https://thequantuminsider.com/2023/11/17/scienti...rieve-photons-in-a-step-toward-quantum-internet/  | ✓ | ⏱: 0.13s 
[03:01:07 +4s | thequantuminsider_2023_11_17_scientists_store_retrieve_photons_in_a_step_toward_quantum_internet] [COMPLETE] ● https://thequantuminsider.com/2023/11/17/scienti...rieve-photons-in-a-step-toward-quantum-internet/  | ✓ | ⏱: 2.37s 
[03:01:07 +4s | thequantuminsider_2023_11_17_scientists_store_retrieve_photons_in_a_step_toward_quantum_internet] Saved: crawl_output/266bd8be38_thequantuminsider.com_2023_11_17_scientists-store-retrieve-photons-in-a-step-toward-quantum-internet.json

[03:01:08 +4s | thequantuminsider_2023_11_17_scientists_store_retrieve_photons_in_a_step_toward_quantum_internet] === 1 actor extraction ===
[03:01:08 +4s | thequantuminsider_2023_11_17_scientists_store_retrieve_photons_in_a_step_toward_quantum_internet] Reading page (1/1): https://thequantuminsider.com/2023/11/17/scientists-store-retrieve-photons-in-a-step-toward-quantum-internet
[03:01:08 +4s | thequantuminsider_2023_11_17_scientists_store_retrieve_photons_in_a_step_toward_quantum_internet] Extracting actors: https://thequantuminsider.com/2023/11/17/scientists-store-retrieve-photons-in-a-step-toward-quantum-internet (1/1), chunk 1/36
[03:01:15 +11s | thequantuminsider_2023_11_17_scientists_store_retrieve_photons_in_a_step_toward_quantum_internet] Extracting actors: https://thequantuminsider.com/2023/11/17/scientists-store-retrieve-photons-in-a-step-toward-quantum-internet (1/1), chunk 2/36
[03:01:20 +16s | thequantuminsider_2023_11_17_scientists_store_retrieve_photons_in_a_step_toward_quantum_internet] Extracting actors: https://thequantuminsider.com/2023/11/17/scientists-store-retrieve-photons-in-a-step-toward-quantum-internet (1/1), chunk 3/36
[03:01:21 +17s | thequantuminsider_2023_11_17_scientists_store_retrieve_photons_in_a_step_toward_quantum_internet] Extracting actors: https://thequantuminsider.com/2023/11/17/scientists-store-retrieve-photons-in-a-step-toward-quantum-internet (1/1), chunk 4/36
[03:01:25 +23s | thequantuminsider_2023_11_17_scientists_store_retrieve_photons_in_a_step_toward_quantum_internet] Extracting actors: https://thequantuminsider.com/2023/11/17/scientists-store-retrieve-photons-in-a-step-toward-quantum-internet (1/1), chunk 5/36
[03:01:30 +27s | thequantuminsider_2023_11_17_scientists_store_retrieve_photons_in_a_step_toward_quantum_internet] Extracting actors: https://thequantuminsider.com/2023/11/17/scientists-store-retrieve-photons-in-a-step-toward-quantum-internet (1/1), chunk 6/36
[03:01:34 +32s | thequantuminsider_2023_11_17_scientists_store_retrieve_photons_in_a_step_toward_quantum_internet] Extracting actors: https://thequantuminsider.com/2023/11/17/scientists-store-retrieve-photons-in-a-step-toward-quantum-internet (1/1), chunk 7/36
[03:01:38 +36s | thequantuminsider_2023_11_17_scientists_store_retrieve_photons_in_a_step_toward_quantum_internet] Extracting actors: https://thequantuminsider.com/2023/11/17/scientists-store-retrieve-photons-in-a-step-toward-quantum-internet (1/1), chunk 8/36
[03:01:42 +40s | thequantuminsider_2023_11_17_scientists_store_retrieve_photons_in_a_step_toward_quantum_internet] Extracting actors: https://thequantuminsider.com/2023/11/17/scientists-store-retrieve-photons-in-a-step-toward-quantum-internet (1/1), chunk 9/36
[03:01:49 +47s | thequantuminsider_2023_11_17_scientists_store_retrieve_photons_in_a_step_toward_quantum_internet] Extracting actors: https://thequantuminsider.com/2023/11/17/scientists-store-retrieve-photons-in-a-step-toward-quantum-internet (1/1), chunk 10/36
[03:01:56 +55s | thequantuminsider_2023_11_17_scientists_store_retrieve_photons_in_a_step_toward_quantum_internet] Extracting actors: https://thequantuminsider.com/2023/11/17/scientists-store-retrieve-photons-in-a-step-toward-quantum-internet (1/1), chunk 11/36
[03:02:04 +1m 3s | thequantuminsider_2023_11_17_scientists_store_retrieve_photons_in_a_step_toward_quantum_internet] Repaired malformed JSON.
[03:02:04 +1m 3s | thequantuminsider_2023_11_17_scientists_store_retrieve_photons_in_a_step_toward_quantum_internet] Extracting actors: https://thequantuminsider.com/2023/11/17/scientists-store-retrieve-photons-in-a-step-toward-quantum-internet (1/1), chunk 12/36
[03:02:12 +1m 11s | thequantuminsider_2023_11_17_scientists_store_retrieve_photons_in_a_step_toward_quantum_internet] Repaired malformed JSON.
[03:02:12 +1m 11s | thequantuminsider_2023_11_17_scientists_store_retrieve_photons_in_a_step_toward_quantum_internet] Extracting actors: https://thequantuminsider.com/2023/11/17/scientists-store-retrieve-photons-in-a-step-toward-quantum-internet (1/1), chunk 13/36
[03:02:18 +1m 17s | thequantuminsider_2023_11_17_scientists_store_retrieve_photons_in_a_step_toward_quantum_internet] Repaired malformed JSON.
[03:02:18 +1m 17s | thequantuminsider_2023_11_17_scientists_store_retrieve_photons_in_a_step_toward_quantum_internet] Extracting actors: https://thequantuminsider.com/2023/11/17/scientists-store-retrieve-photons-in-a-step-toward-quantum-internet (1/1), chunk 14/36
[03:02:25 +1m 24s | thequantuminsider_2023_11_17_scientists_store_retrieve_photons_in_a_step_toward_quantum_internet] Repaired malformed JSON.
[03:02:25 +1m 24s | thequantuminsider_2023_11_17_scientists_store_retrieve_photons_in_a_step_toward_quantum_internet] Extracting actors: https://thequantuminsider.com/2023/11/17/scientists-store-retrieve-photons-in-a-step-toward-quantum-internet (1/1), chunk 15/36
[03:02:45 +1m 45s | thequantuminsider_2023_11_17_scientists_store_retrieve_photons_in_a_step_toward_quantum_internet] Repaired malformed JSON.
[03:02:45 +1m 45s | thequantuminsider_2023_11_17_scientists_store_retrieve_photons_in_a_step_toward_quantum_internet] Extracting actors: https://thequantuminsider.com/2023/11/17/scientists-store-retrieve-photons-in-a-step-toward-quantum-internet (1/1), chunk 16/36
[03:02:51 +1m 51s | thequantuminsider_2023_11_17_scientists_store_retrieve_photons_in_a_step_toward_quantum_internet] Repaired malformed JSON.
[03:02:51 +1m 51s | thequantuminsider_2023_11_17_scientists_store_retrieve_photons_in_a_step_toward_quantum_internet] Extracting actors: https://thequantuminsider.com/2023/11/17/scientists-store-retrieve-photons-in-a-step-toward-quantum-internet (1/1), chunk 17/36
[03:02:57 +1m 57s | thequantuminsider_2023_11_17_scientists_store_retrieve_photons_in_a_step_toward_quantum_internet] Extracting actors: https://thequantuminsider.com/2023/11/17/scientists-store-retrieve-photons-in-a-step-toward-quantum-internet (1/1), chunk 18/36
[03:03:05 +2m 7s | thequantuminsider_2023_11_17_scientists_store_retrieve_photons_in_a_step_toward_quantum_internet] Repaired malformed JSON.
[03:03:05 +2m 7s | thequantuminsider_2023_11_17_scientists_store_retrieve_photons_in_a_step_toward_quantum_internet] Extracting actors: https://thequantuminsider.com/2023/11/17/scientists-store-retrieve-photons-in-a-step-toward-quantum-internet (1/1), chunk 19/36
[03:03:11 +2m 13s | thequantuminsider_2023_11_17_scientists_store_retrieve_photons_in_a_step_toward_quantum_internet] Repaired malformed JSON.
[03:03:11 +2m 13s | thequantuminsider_2023_11_17_scientists_store_retrieve_photons_in_a_step_toward_quantum_internet] Extracting actors: https://thequantuminsider.com/2023/11/17/scientists-store-retrieve-photons-in-a-step-toward-quantum-internet (1/1), chunk 20/36
[03:03:18 +2m 20s | thequantuminsider_2023_11_17_scientists_store_retrieve_photons_in_a_step_toward_quantum_internet] Repaired malformed JSON.
[03:03:18 +2m 20s | thequantuminsider_2023_11_17_scientists_store_retrieve_photons_in_a_step_toward_quantum_internet] Extracting actors: https://thequantuminsider.com/2023/11/17/scientists-store-retrieve-photons-in-a-step-toward-quantum-internet (1/1), chunk 21/36
[03:03:35 +2m 38s | thequantuminsider_2023_11_17_scientists_store_retrieve_photons_in_a_step_toward_quantum_internet] Repaired malformed JSON.
[03:03:35 +2m 38s | thequantuminsider_2023_11_17_scientists_store_retrieve_photons_in_a_step_toward_quantum_internet] Extracting actors: https://thequantuminsider.com/2023/11/17/scientists-store-retrieve-photons-in-a-step-toward-quantum-internet (1/1), chunk 22/36
[03:04:01 +3m 5s | thequantuminsider_2023_11_17_scientists_store_retrieve_photons_in_a_step_toward_quantum_internet] Repaired malformed JSON.
[03:04:01 +3m 5s | thequantuminsider_2023_11_17_scientists_store_retrieve_photons_in_a_step_toward_quantum_internet] Extracting actors: https://thequantuminsider.com/2023/11/17/scientists-store-retrieve-photons-in-a-step-toward-quantum-internet (1/1), chunk 23/36
[03:04:44 +3m 50s | thequantuminsider_2023_11_17_scientists_store_retrieve_photons_in_a_step_toward_quantum_internet] Repaired malformed JSON.
[03:04:44 +3m 50s | thequantuminsider_2023_11_17_scientists_store_retrieve_photons_in_a_step_toward_quantum_internet] Extracting actors: https://thequantuminsider.com/2023/11/17/scientists-store-retrieve-photons-in-a-step-toward-quantum-internet (1/1), chunk 24/36
[03:04:59 +4m 5s | thequantuminsider_2023_11_17_scientists_store_retrieve_photons_in_a_step_toward_quantum_internet] Extracting actors: https://thequantuminsider.com/2023/11/17/scientists-store-retrieve-photons-in-a-step-toward-quantum-internet (1/1), chunk 25/36
[03:05:06 +4m 13s | thequantuminsider_2023_11_17_scientists_store_retrieve_photons_in_a_step_toward_quantum_internet] Repaired malformed JSON.
[03:05:06 +4m 13s | thequantuminsider_2023_11_17_scientists_store_retrieve_photons_in_a_step_toward_quantum_internet] Extracting actors: https://thequantuminsider.com/2023/11/17/scientists-store-retrieve-photons-in-a-step-toward-quantum-internet (1/1), chunk 26/36
[03:05:10 +4m 18s | thequantuminsider_2023_11_17_scientists_store_retrieve_photons_in_a_step_toward_quantum_internet] Extracting actors: https://thequantuminsider.com/2023/11/17/scientists-store-retrieve-photons-in-a-step-toward-quantum-internet (1/1), chunk 27/36
[03:05:14 +4m 22s | thequantuminsider_2023_11_17_scientists_store_retrieve_photons_in_a_step_toward_quantum_internet] Extracting actors: https://thequantuminsider.com/2023/11/17/scientists-store-retrieve-photons-in-a-step-toward-quantum-internet (1/1), chunk 28/36
[03:05:16 +4m 24s | thequantuminsider_2023_11_17_scientists_store_retrieve_photons_in_a_step_toward_quantum_internet] Extracting actors: https://thequantuminsider.com/2023/11/17/scientists-store-retrieve-photons-in-a-step-toward-quantum-internet (1/1), chunk 29/36
[03:05:22 +4m 30s | thequantuminsider_2023_11_17_scientists_store_retrieve_photons_in_a_step_toward_quantum_internet] Repaired malformed JSON.
[03:05:22 +4m 30s | thequantuminsider_2023_11_17_scientists_store_retrieve_photons_in_a_step_toward_quantum_internet] Extracting actors: https://thequantuminsider.com/2023/11/17/scientists-store-retrieve-photons-in-a-step-toward-quantum-internet (1/1), chunk 30/36
[03:05:30 +4m 38s | thequantuminsider_2023_11_17_scientists_store_retrieve_photons_in_a_step_toward_quantum_internet] Repaired malformed JSON.
[03:05:30 +4m 38s | thequantuminsider_2023_11_17_scientists_store_retrieve_photons_in_a_step_toward_quantum_internet] Extracting actors: https://thequantuminsider.com/2023/11/17/scientists-store-retrieve-photons-in-a-step-toward-quantum-internet (1/1), chunk 31/36
[03:05:38 +4m 47s | thequantuminsider_2023_11_17_scientists_store_retrieve_photons_in_a_step_toward_quantum_internet] Repaired malformed JSON.
[03:05:38 +4m 47s | thequantuminsider_2023_11_17_scientists_store_retrieve_photons_in_a_step_toward_quantum_internet] Extracting actors: https://thequantuminsider.com/2023/11/17/scientists-store-retrieve-photons-in-a-step-toward-quantum-internet (1/1), chunk 32/36
[03:05:46 +4m 55s | thequantuminsider_2023_11_17_scientists_store_retrieve_photons_in_a_step_toward_quantum_internet] Repaired malformed JSON.
[03:05:46 +4m 55s | thequantuminsider_2023_11_17_scientists_store_retrieve_photons_in_a_step_toward_quantum_internet] Extracting actors: https://thequantuminsider.com/2023/11/17/scientists-store-retrieve-photons-in-a-step-toward-quantum-internet (1/1), chunk 33/36
[03:05:53 +5m 2s | thequantuminsider_2023_11_17_scientists_store_retrieve_photons_in_a_step_toward_quantum_internet] Repaired malformed JSON.
[03:05:53 +5m 2s | thequantuminsider_2023_11_17_scientists_store_retrieve_photons_in_a_step_toward_quantum_internet] Extracting actors: https://thequantuminsider.com/2023/11/17/scientists-store-retrieve-photons-in-a-step-toward-quantum-internet (1/1), chunk 34/36
[03:06:01 +5m 10s | thequantuminsider_2023_11_17_scientists_store_retrieve_photons_in_a_step_toward_quantum_internet] Repaired malformed JSON.
[03:06:01 +5m 10s | thequantuminsider_2023_11_17_scientists_store_retrieve_photons_in_a_step_toward_quantum_internet] Extracting actors: https://thequantuminsider.com/2023/11/17/scientists-store-retrieve-photons-in-a-step-toward-quantum-internet (1/1), chunk 35/36
[03:06:07 +5m 18s | thequantuminsider_2023_11_17_scientists_store_retrieve_photons_in_a_step_toward_quantum_internet] Repaired malformed JSON.
[03:06:07 +5m 18s | thequantuminsider_2023_11_17_scientists_store_retrieve_photons_in_a_step_toward_quantum_internet] Extracting actors: https://thequantuminsider.com/2023/11/17/scientists-store-retrieve-photons-in-a-step-toward-quantum-internet (1/1), chunk 36/36
[03:06:15 +5m 25s | thequantuminsider_2023_11_17_scientists_store_retrieve_photons_in_a_step_toward_quantum_internet] Repaired malformed JSON.
[03:06:15 +5m 25s | thequantuminsider_2023_11_17_scientists_store_retrieve_photons_in_a_step_toward_quantum_internet] Saved 1_actor_results.json with 49 extracted records

[03:06:15 +5m 25s | thequantuminsider_2023_11_17_scientists_store_retrieve_photons_in_a_step_toward_quantum_internet] === 2 clean actors ===
[03:06:15 +5m 25s | thequantuminsider_2023_11_17_scientists_store_retrieve_photons_in_a_step_toward_quantum_internet] Loaded 49 extracted records
[03:06:15 +5m 25s | thequantuminsider_2023_11_17_scientists_store_retrieve_photons_in_a_step_toward_quantum_internet] Saved 2_actor_nodes.json with 17 canonical actor nodes

[03:06:15 +5m 25s | thequantuminsider_2023_11_17_scientists_store_retrieve_photons_in_a_step_toward_quantum_internet] === 3 interaction extraction ===
[03:06:15 +5m 26s | thequantuminsider_2023_11_17_scientists_store_retrieve_photons_in_a_step_toward_quantum_internet] Extracting interactions: https://thequantuminsider.com/2023/11/17/scientists-store-retrieve-photons-in-a-step-toward-quantum-internet (1/1), chunk 11/36
[03:06:19 +5m 30s | thequantuminsider_2023_11_17_scientists_store_retrieve_photons_in_a_step_toward_quantum_internet] Extracting interactions: https://thequantuminsider.com/2023/11/17/scientists-store-retrieve-photons-in-a-step-toward-quantum-internet (1/1), chunk 12/36
[03:06:27 +5m 37s | thequantuminsider_2023_11_17_scientists_store_retrieve_photons_in_a_step_toward_quantum_internet] Extracting interactions: https://thequantuminsider.com/2023/11/17/scientists-store-retrieve-photons-in-a-step-toward-quantum-internet (1/1), chunk 13/36
[03:06:32 +5m 44s | thequantuminsider_2023_11_17_scientists_store_retrieve_photons_in_a_step_toward_quantum_internet] Extracting interactions: https://thequantuminsider.com/2023/11/17/scientists-store-retrieve-photons-in-a-step-toward-quantum-internet (1/1), chunk 14/36
[03:06:43 +5m 55s | thequantuminsider_2023_11_17_scientists_store_retrieve_photons_in_a_step_toward_quantum_internet] Extracting interactions: https://thequantuminsider.com/2023/11/17/scientists-store-retrieve-photons-in-a-step-toward-quantum-internet (1/1), chunk 15/36
[03:07:00 +6m 12s | thequantuminsider_2023_11_17_scientists_store_retrieve_photons_in_a_step_toward_quantum_internet] Extracting interactions: https://thequantuminsider.com/2023/11/17/scientists-store-retrieve-photons-in-a-step-toward-quantum-internet (1/1), chunk 16/36
[03:07:04 +6m 16s | thequantuminsider_2023_11_17_scientists_store_retrieve_photons_in_a_step_toward_quantum_internet] Extracting interactions: https://thequantuminsider.com/2023/11/17/scientists-store-retrieve-photons-in-a-step-toward-quantum-internet (1/1), chunk 18/36
[03:07:17 +6m 30s | thequantuminsider_2023_11_17_scientists_store_retrieve_photons_in_a_step_toward_quantum_internet] Extracting interactions: https://thequantuminsider.com/2023/11/17/scientists-store-retrieve-photons-in-a-step-toward-quantum-internet (1/1), chunk 19/36
[03:07:52 +7m 7s | thequantuminsider_2023_11_17_scientists_store_retrieve_photons_in_a_step_toward_quantum_internet] Extracting interactions: https://thequantuminsider.com/2023/11/17/scientists-store-retrieve-photons-in-a-step-toward-quantum-internet (1/1), chunk 20/36
[03:08:01 +7m 16s | thequantuminsider_2023_11_17_scientists_store_retrieve_photons_in_a_step_toward_quantum_internet] Extracting interactions: https://thequantuminsider.com/2023/11/17/scientists-store-retrieve-photons-in-a-step-toward-quantum-internet (1/1), chunk 21/36
[03:08:06 +7m 20s | thequantuminsider_2023_11_17_scientists_store_retrieve_photons_in_a_step_toward_quantum_internet] Extracting interactions: https://thequantuminsider.com/2023/11/17/scientists-store-retrieve-photons-in-a-step-toward-quantum-internet (1/1), chunk 23/36
[03:08:06 +7m 22s | thequantuminsider_2023_11_17_scientists_store_retrieve_photons_in_a_step_toward_quantum_internet] Extracting interactions: https://thequantuminsider.com/2023/11/17/scientists-store-retrieve-photons-in-a-step-toward-quantum-internet (1/1), chunk 25/36
[03:08:09 +7m 25s | thequantuminsider_2023_11_17_scientists_store_retrieve_photons_in_a_step_toward_quantum_internet] Extracting interactions: https://thequantuminsider.com/2023/11/17/scientists-store-retrieve-photons-in-a-step-toward-quantum-internet (1/1), chunk 26/36
[03:08:13 +7m 29s | thequantuminsider_2023_11_17_scientists_store_retrieve_photons_in_a_step_toward_quantum_internet] Extracting interactions: https://thequantuminsider.com/2023/11/17/scientists-store-retrieve-photons-in-a-step-toward-quantum-internet (1/1), chunk 27/36
[03:08:16 +7m 32s | thequantuminsider_2023_11_17_scientists_store_retrieve_photons_in_a_step_toward_quantum_internet] Extracting interactions: https://thequantuminsider.com/2023/11/17/scientists-store-retrieve-photons-in-a-step-toward-quantum-internet (1/1), chunk 29/36
[03:08:18 +7m 34s | thequantuminsider_2023_11_17_scientists_store_retrieve_photons_in_a_step_toward_quantum_internet] Extracting interactions: https://thequantuminsider.com/2023/11/17/scientists-store-retrieve-photons-in-a-step-toward-quantum-internet (1/1), chunk 30/36
[03:08:19 +7m 35s | thequantuminsider_2023_11_17_scientists_store_retrieve_photons_in_a_step_toward_quantum_internet] Extracting interactions: https://thequantuminsider.com/2023/11/17/scientists-store-retrieve-photons-in-a-step-toward-quantum-internet (1/1), chunk 31/36
[03:08:21 +7m 37s | thequantuminsider_2023_11_17_scientists_store_retrieve_photons_in_a_step_toward_quantum_internet] Extracting interactions: https://thequantuminsider.com/2023/11/17/scientists-store-retrieve-photons-in-a-step-toward-quantum-internet (1/1), chunk 32/36
[03:08:22 +7m 38s | thequantuminsider_2023_11_17_scientists_store_retrieve_photons_in_a_step_toward_quantum_internet] Extracting interactions: https://thequantuminsider.com/2023/11/17/scientists-store-retrieve-photons-in-a-step-toward-quantum-internet (1/1), chunk 34/36
[03:08:24 +7m 40s | thequantuminsider_2023_11_17_scientists_store_retrieve_photons_in_a_step_toward_quantum_internet] Extracting interactions: https://thequantuminsider.com/2023/11/17/scientists-store-retrieve-photons-in-a-step-toward-quantum-internet (1/1), chunk 35/36
[03:08:26 +7m 42s | thequantuminsider_2023_11_17_scientists_store_retrieve_photons_in_a_step_toward_quantum_internet] Extracting interactions: https://thequantuminsider.com/2023/11/17/scientists-store-retrieve-photons-in-a-step-toward-quantum-internet (1/1), chunk 36/36
[03:08:27 +7m 43s | thequantuminsider_2023_11_17_scientists_store_retrieve_photons_in_a_step_toward_quantum_internet] Saved 3_interaction_results.json with 16 extracted interactions.

[03:08:27 +7m 43s | thequantuminsider_2023_11_17_scientists_store_retrieve_photons_in_a_step_toward_quantum_internet] === 4 clean interactions ===
[03:08:27 +7m 43s | thequantuminsider_2023_11_17_scientists_store_retrieve_photons_in_a_step_toward_quantum_internet] Saved 4_edges.json with 1 cleaned interactions.

[03:08:27 +7m 43s | thequantuminsider_2023_11_17_scientists_store_retrieve_photons_in_a_step_toward_quantum_internet] === 5 helix enrichment ===
[03:08:27 +7m 43s | thequantuminsider_2023_11_17_scientists_store_retrieve_photons_in_a_step_toward_quantum_internet] Wrote 5_nodes.json (17 actors)
[03:08:27 +7m 43s | thequantuminsider_2023_11_17_scientists_store_retrieve_photons_in_a_step_toward_quantum_internet] Wrote 5_edges.json (1 interactions)
[03:08:27 +7m 43s | thequantuminsider_2023_11_17_scientists_store_retrieve_photons_in_a_step_toward_quantum_internet] Actor helix counts: {'Academia': 2, 'Civil Society': 4, 'Industry': 3, 'Intermediary': 1, 'Unknown': 7}
[03:08:27 +7m 43s | thequantuminsider_2023_11_17_scientists_store_retrieve_photons_in_a_step_toward_quantum_internet] Functional-space counts: {'Intra-helix / Not classified': 1}

[03:08:27 +7m 43s | thequantuminsider_2023_11_17_scientists_store_retrieve_photons_in_a_step_toward_quantum_internet] === 6 network visualisation ===
[03:08:27 +7m 44s | thequantuminsider_2023_11_17_scientists_store_retrieve_photons_in_a_step_toward_quantum_internet] Wrote quantum_network.html
[03:08:27 +7m 44s | thequantuminsider_2023_11_17_scientists_store_retrieve_photons_in_a_step_toward_quantum_internet] Nodes: 17
[03:08:27 +7m 44s | thequantuminsider_2023_11_17_scientists_store_retrieve_photons_in_a_step_toward_quantum_internet] Edges: 1

[03:08:28 +7m 44s | thequantuminsider_2023_11_17_scientists_store_retrieve_photons_in_a_step_toward_quantum_internet] Done. Outputs written to: /home/lv/IDP/idpdeeptech/pipeline/news_outputs/thequantuminsider_2023_11_17_scientists_store_retrieve_photons_in_a_step_toward_quantum_internet
[03:08:28 +7m 44s | thequantuminsider_2023_11_17_scientists_store_retrieve_photons_in_a_step_toward_quantum_internet] Log: /home/lv/IDP/idpdeeptech/pipeline/news_outputs/thequantuminsider_2023_11_17_scientists_store_retrieve_photons_in_a_step_toward_quantum_internet/run.log

========================================================================
RUN FINISHED 2026-07-05 03:08:28  (OK)
Started:     2026-07-05 03:01:04
Elapsed:     7m 44s
========================================================================
