
========================================================================
RUN STARTED  2026-07-05 06:54:35
site_pipeline.py https://thequantuminsider.com/2023/10/06/queensland-builds-five-pillar-strategy-to-build-quantum-ecosystem-deliver-quantum-benefits/
========================================================================

[06:54:35 +0s | thequantuminsider_2023_10_06_queensland_builds_five_pillar_strategy_to_build_quantum_ecos_4ceb7bc7] === 0 crawl site ===
[06:54:36 +1s | thequantuminsider_2023_10_06_queensland_builds_five_pillar_strategy_to_build_quantum_ecos_4ceb7bc7] [INIT].... → Crawl4AI 0.8.6 
[06:54:39 +5s | thequantuminsider_2023_10_06_queensland_builds_five_pillar_strategy_to_build_quantum_ecos_4ceb7bc7] [FETCH]... ↓ https://thequantuminsider.com/2023/10/06/queensl...uild-quantum-ecosystem-deliver-quantum-benefits/  | ✓ | ⏱: 3.12s 
[06:54:40 +5s | thequantuminsider_2023_10_06_queensland_builds_five_pillar_strategy_to_build_quantum_ecos_4ceb7bc7] [SCRAPE].. ◆ https://thequantuminsider.com/2023/10/06/queensl...uild-quantum-ecosystem-deliver-quantum-benefits/  | ✓ | ⏱: 0.13s 
[06:54:40 +5s | thequantuminsider_2023_10_06_queensland_builds_five_pillar_strategy_to_build_quantum_ecos_4ceb7bc7] [COMPLETE] ● https://thequantuminsider.com/2023/10/06/queensl...uild-quantum-ecosystem-deliver-quantum-benefits/  | ✓ | ⏱: 3.27s 
[06:54:40 +5s | thequantuminsider_2023_10_06_queensland_builds_five_pillar_strategy_to_build_quantum_ecos_4ceb7bc7] Saved: crawl_output/60651ec84f_thequantuminsider.com_2023_10_06_queensland-builds-five-pillar-strategy-to-build-quantum-ecosystem-deliver-quantum-benefits.json

[06:54:40 +5s | thequantuminsider_2023_10_06_queensland_builds_five_pillar_strategy_to_build_quantum_ecos_4ceb7bc7] === 1 actor extraction ===
[06:54:40 +5s | thequantuminsider_2023_10_06_queensland_builds_five_pillar_strategy_to_build_quantum_ecos_4ceb7bc7] Reading page (1/1): https://thequantuminsider.com/2023/10/06/queensland-builds-five-pillar-strategy-to-build-quantum-ecosystem-deliver-quantum-benefits
[06:54:40 +5s | thequantuminsider_2023_10_06_queensland_builds_five_pillar_strategy_to_build_quantum_ecos_4ceb7bc7] Extracting actors: https://thequantuminsider.com/2023/10/06/queensland-builds-five-pillar-strategy-to-build-quantum-ecosystem-deliver-quantum-benefits (1/1), chunk 1/40
[06:54:48 +13s | thequantuminsider_2023_10_06_queensland_builds_five_pillar_strategy_to_build_quantum_ecos_4ceb7bc7] Extracting actors: https://thequantuminsider.com/2023/10/06/queensland-builds-five-pillar-strategy-to-build-quantum-ecosystem-deliver-quantum-benefits (1/1), chunk 2/40
[06:55:11 +39s | thequantuminsider_2023_10_06_queensland_builds_five_pillar_strategy_to_build_quantum_ecos_4ceb7bc7] Extracting actors: https://thequantuminsider.com/2023/10/06/queensland-builds-five-pillar-strategy-to-build-quantum-ecosystem-deliver-quantum-benefits (1/1), chunk 3/40
[06:55:17 +45s | thequantuminsider_2023_10_06_queensland_builds_five_pillar_strategy_to_build_quantum_ecos_4ceb7bc7] Extracting actors: https://thequantuminsider.com/2023/10/06/queensland-builds-five-pillar-strategy-to-build-quantum-ecosystem-deliver-quantum-benefits (1/1), chunk 4/40
[06:55:21 +50s | thequantuminsider_2023_10_06_queensland_builds_five_pillar_strategy_to_build_quantum_ecos_4ceb7bc7] Extracting actors: https://thequantuminsider.com/2023/10/06/queensland-builds-five-pillar-strategy-to-build-quantum-ecosystem-deliver-quantum-benefits (1/1), chunk 5/40
[06:55:25 +55s | thequantuminsider_2023_10_06_queensland_builds_five_pillar_strategy_to_build_quantum_ecos_4ceb7bc7] Extracting actors: https://thequantuminsider.com/2023/10/06/queensland-builds-five-pillar-strategy-to-build-quantum-ecosystem-deliver-quantum-benefits (1/1), chunk 6/40
[06:55:30 +1m 0s | thequantuminsider_2023_10_06_queensland_builds_five_pillar_strategy_to_build_quantum_ecos_4ceb7bc7] Extracting actors: https://thequantuminsider.com/2023/10/06/queensland-builds-five-pillar-strategy-to-build-quantum-ecosystem-deliver-quantum-benefits (1/1), chunk 7/40
[06:55:35 +1m 5s | thequantuminsider_2023_10_06_queensland_builds_five_pillar_strategy_to_build_quantum_ecos_4ceb7bc7] Extracting actors: https://thequantuminsider.com/2023/10/06/queensland-builds-five-pillar-strategy-to-build-quantum-ecosystem-deliver-quantum-benefits (1/1), chunk 8/40
[06:55:58 +1m 30s | thequantuminsider_2023_10_06_queensland_builds_five_pillar_strategy_to_build_quantum_ecos_4ceb7bc7] Extracting actors: https://thequantuminsider.com/2023/10/06/queensland-builds-five-pillar-strategy-to-build-quantum-ecosystem-deliver-quantum-benefits (1/1), chunk 9/40
[06:56:04 +1m 36s | thequantuminsider_2023_10_06_queensland_builds_five_pillar_strategy_to_build_quantum_ecos_4ceb7bc7] Extracting actors: https://thequantuminsider.com/2023/10/06/queensland-builds-five-pillar-strategy-to-build-quantum-ecosystem-deliver-quantum-benefits (1/1), chunk 10/40
[06:56:10 +1m 42s | thequantuminsider_2023_10_06_queensland_builds_five_pillar_strategy_to_build_quantum_ecos_4ceb7bc7] Repaired malformed JSON.
[06:56:10 +1m 42s | thequantuminsider_2023_10_06_queensland_builds_five_pillar_strategy_to_build_quantum_ecos_4ceb7bc7] Extracting actors: https://thequantuminsider.com/2023/10/06/queensland-builds-five-pillar-strategy-to-build-quantum-ecosystem-deliver-quantum-benefits (1/1), chunk 11/40
[06:56:17 +1m 49s | thequantuminsider_2023_10_06_queensland_builds_five_pillar_strategy_to_build_quantum_ecos_4ceb7bc7] Repaired malformed JSON.
[06:56:17 +1m 49s | thequantuminsider_2023_10_06_queensland_builds_five_pillar_strategy_to_build_quantum_ecos_4ceb7bc7] Extracting actors: https://thequantuminsider.com/2023/10/06/queensland-builds-five-pillar-strategy-to-build-quantum-ecosystem-deliver-quantum-benefits (1/1), chunk 12/40
[06:56:44 +2m 18s | thequantuminsider_2023_10_06_queensland_builds_five_pillar_strategy_to_build_quantum_ecos_4ceb7bc7] Repaired malformed JSON.
[06:56:44 +2m 18s | thequantuminsider_2023_10_06_queensland_builds_five_pillar_strategy_to_build_quantum_ecos_4ceb7bc7] Extracting actors: https://thequantuminsider.com/2023/10/06/queensland-builds-five-pillar-strategy-to-build-quantum-ecosystem-deliver-quantum-benefits (1/1), chunk 13/40
[06:56:52 +2m 26s | thequantuminsider_2023_10_06_queensland_builds_five_pillar_strategy_to_build_quantum_ecos_4ceb7bc7] Repaired malformed JSON.
[06:56:52 +2m 26s | thequantuminsider_2023_10_06_queensland_builds_five_pillar_strategy_to_build_quantum_ecos_4ceb7bc7] Extracting actors: https://thequantuminsider.com/2023/10/06/queensland-builds-five-pillar-strategy-to-build-quantum-ecosystem-deliver-quantum-benefits (1/1), chunk 14/40
[06:56:56 +2m 32s | thequantuminsider_2023_10_06_queensland_builds_five_pillar_strategy_to_build_quantum_ecos_4ceb7bc7] Repaired malformed JSON.
[06:56:56 +2m 32s | thequantuminsider_2023_10_06_queensland_builds_five_pillar_strategy_to_build_quantum_ecos_4ceb7bc7] Extracting actors: https://thequantuminsider.com/2023/10/06/queensland-builds-five-pillar-strategy-to-build-quantum-ecosystem-deliver-quantum-benefits (1/1), chunk 15/40
[06:57:21 +3m 0s | thequantuminsider_2023_10_06_queensland_builds_five_pillar_strategy_to_build_quantum_ecos_4ceb7bc7] Repaired malformed JSON.
[06:57:21 +3m 0s | thequantuminsider_2023_10_06_queensland_builds_five_pillar_strategy_to_build_quantum_ecos_4ceb7bc7] Extracting actors: https://thequantuminsider.com/2023/10/06/queensland-builds-five-pillar-strategy-to-build-quantum-ecosystem-deliver-quantum-benefits (1/1), chunk 16/40
[06:57:47 +3m 26s | thequantuminsider_2023_10_06_queensland_builds_five_pillar_strategy_to_build_quantum_ecos_4ceb7bc7] Repaired malformed JSON.
[06:57:47 +3m 26s | thequantuminsider_2023_10_06_queensland_builds_five_pillar_strategy_to_build_quantum_ecos_4ceb7bc7] Extracting actors: https://thequantuminsider.com/2023/10/06/queensland-builds-five-pillar-strategy-to-build-quantum-ecosystem-deliver-quantum-benefits (1/1), chunk 17/40
[06:58:12 +3m 52s | thequantuminsider_2023_10_06_queensland_builds_five_pillar_strategy_to_build_quantum_ecos_4ceb7bc7] Repaired malformed JSON.
[06:58:12 +3m 52s | thequantuminsider_2023_10_06_queensland_builds_five_pillar_strategy_to_build_quantum_ecos_4ceb7bc7] Extracting actors: https://thequantuminsider.com/2023/10/06/queensland-builds-five-pillar-strategy-to-build-quantum-ecosystem-deliver-quantum-benefits (1/1), chunk 18/40
[06:58:20 +4m 1s | thequantuminsider_2023_10_06_queensland_builds_five_pillar_strategy_to_build_quantum_ecos_4ceb7bc7] Repaired malformed JSON.
[06:58:20 +4m 1s | thequantuminsider_2023_10_06_queensland_builds_five_pillar_strategy_to_build_quantum_ecos_4ceb7bc7] Extracting actors: https://thequantuminsider.com/2023/10/06/queensland-builds-five-pillar-strategy-to-build-quantum-ecosystem-deliver-quantum-benefits (1/1), chunk 19/40
[06:58:27 +4m 10s | thequantuminsider_2023_10_06_queensland_builds_five_pillar_strategy_to_build_quantum_ecos_4ceb7bc7] Repaired malformed JSON.
[06:58:27 +4m 10s | thequantuminsider_2023_10_06_queensland_builds_five_pillar_strategy_to_build_quantum_ecos_4ceb7bc7] Extracting actors: https://thequantuminsider.com/2023/10/06/queensland-builds-five-pillar-strategy-to-build-quantum-ecosystem-deliver-quantum-benefits (1/1), chunk 20/40
[06:58:36 +4m 19s | thequantuminsider_2023_10_06_queensland_builds_five_pillar_strategy_to_build_quantum_ecos_4ceb7bc7] Repaired malformed JSON.
[06:58:36 +4m 19s | thequantuminsider_2023_10_06_queensland_builds_five_pillar_strategy_to_build_quantum_ecos_4ceb7bc7] Extracting actors: https://thequantuminsider.com/2023/10/06/queensland-builds-five-pillar-strategy-to-build-quantum-ecosystem-deliver-quantum-benefits (1/1), chunk 21/40
[06:58:58 +4m 43s | thequantuminsider_2023_10_06_queensland_builds_five_pillar_strategy_to_build_quantum_ecos_4ceb7bc7] Repaired malformed JSON.
[06:58:58 +4m 43s | thequantuminsider_2023_10_06_queensland_builds_five_pillar_strategy_to_build_quantum_ecos_4ceb7bc7] Extracting actors: https://thequantuminsider.com/2023/10/06/queensland-builds-five-pillar-strategy-to-build-quantum-ecosystem-deliver-quantum-benefits (1/1), chunk 22/40
[06:59:08 +4m 54s | thequantuminsider_2023_10_06_queensland_builds_five_pillar_strategy_to_build_quantum_ecos_4ceb7bc7] Repaired malformed JSON.
[06:59:08 +4m 54s | thequantuminsider_2023_10_06_queensland_builds_five_pillar_strategy_to_build_quantum_ecos_4ceb7bc7] Extracting actors: https://thequantuminsider.com/2023/10/06/queensland-builds-five-pillar-strategy-to-build-quantum-ecosystem-deliver-quantum-benefits (1/1), chunk 23/40
[06:59:16 +5m 1s | thequantuminsider_2023_10_06_queensland_builds_five_pillar_strategy_to_build_quantum_ecos_4ceb7bc7] Repaired malformed JSON.
[06:59:16 +5m 1s | thequantuminsider_2023_10_06_queensland_builds_five_pillar_strategy_to_build_quantum_ecos_4ceb7bc7] Extracting actors: https://thequantuminsider.com/2023/10/06/queensland-builds-five-pillar-strategy-to-build-quantum-ecosystem-deliver-quantum-benefits (1/1), chunk 24/40
[06:59:22 +5m 10s | thequantuminsider_2023_10_06_queensland_builds_five_pillar_strategy_to_build_quantum_ecos_4ceb7bc7] Repaired malformed JSON.
[06:59:22 +5m 10s | thequantuminsider_2023_10_06_queensland_builds_five_pillar_strategy_to_build_quantum_ecos_4ceb7bc7] Extracting actors: https://thequantuminsider.com/2023/10/06/queensland-builds-five-pillar-strategy-to-build-quantum-ecosystem-deliver-quantum-benefits (1/1), chunk 25/40
[06:59:50 +5m 38s | thequantuminsider_2023_10_06_queensland_builds_five_pillar_strategy_to_build_quantum_ecos_4ceb7bc7] Repaired malformed JSON.
[06:59:50 +5m 38s | thequantuminsider_2023_10_06_queensland_builds_five_pillar_strategy_to_build_quantum_ecos_4ceb7bc7] Extracting actors: https://thequantuminsider.com/2023/10/06/queensland-builds-five-pillar-strategy-to-build-quantum-ecosystem-deliver-quantum-benefits (1/1), chunk 26/40
[07:00:14 +6m 4s | thequantuminsider_2023_10_06_queensland_builds_five_pillar_strategy_to_build_quantum_ecos_4ceb7bc7] Extracting actors: https://thequantuminsider.com/2023/10/06/queensland-builds-five-pillar-strategy-to-build-quantum-ecosystem-deliver-quantum-benefits (1/1), chunk 27/40
[07:00:20 +6m 10s | thequantuminsider_2023_10_06_queensland_builds_five_pillar_strategy_to_build_quantum_ecos_4ceb7bc7] Extracting actors: https://thequantuminsider.com/2023/10/06/queensland-builds-five-pillar-strategy-to-build-quantum-ecosystem-deliver-quantum-benefits (1/1), chunk 28/40
[07:00:25 +6m 17s | thequantuminsider_2023_10_06_queensland_builds_five_pillar_strategy_to_build_quantum_ecos_4ceb7bc7] Extracting actors: https://thequantuminsider.com/2023/10/06/queensland-builds-five-pillar-strategy-to-build-quantum-ecosystem-deliver-quantum-benefits (1/1), chunk 29/40
[07:00:30 +6m 22s | thequantuminsider_2023_10_06_queensland_builds_five_pillar_strategy_to_build_quantum_ecos_4ceb7bc7] Extracting actors: https://thequantuminsider.com/2023/10/06/queensland-builds-five-pillar-strategy-to-build-quantum-ecosystem-deliver-quantum-benefits (1/1), chunk 30/40
[07:00:36 +6m 28s | thequantuminsider_2023_10_06_queensland_builds_five_pillar_strategy_to_build_quantum_ecos_4ceb7bc7] Repaired malformed JSON.
[07:00:36 +6m 28s | thequantuminsider_2023_10_06_queensland_builds_five_pillar_strategy_to_build_quantum_ecos_4ceb7bc7] Extracting actors: https://thequantuminsider.com/2023/10/06/queensland-builds-five-pillar-strategy-to-build-quantum-ecosystem-deliver-quantum-benefits (1/1), chunk 31/40
[07:00:44 +6m 36s | thequantuminsider_2023_10_06_queensland_builds_five_pillar_strategy_to_build_quantum_ecos_4ceb7bc7] Repaired malformed JSON.
[07:00:44 +6m 36s | thequantuminsider_2023_10_06_queensland_builds_five_pillar_strategy_to_build_quantum_ecos_4ceb7bc7] Extracting actors: https://thequantuminsider.com/2023/10/06/queensland-builds-five-pillar-strategy-to-build-quantum-ecosystem-deliver-quantum-benefits (1/1), chunk 32/40
[07:00:52 +6m 44s | thequantuminsider_2023_10_06_queensland_builds_five_pillar_strategy_to_build_quantum_ecos_4ceb7bc7] Repaired malformed JSON.
[07:00:52 +6m 44s | thequantuminsider_2023_10_06_queensland_builds_five_pillar_strategy_to_build_quantum_ecos_4ceb7bc7] Extracting actors: https://thequantuminsider.com/2023/10/06/queensland-builds-five-pillar-strategy-to-build-quantum-ecosystem-deliver-quantum-benefits (1/1), chunk 33/40
[07:00:55 +6m 50s | thequantuminsider_2023_10_06_queensland_builds_five_pillar_strategy_to_build_quantum_ecos_4ceb7bc7] Extracting actors: https://thequantuminsider.com/2023/10/06/queensland-builds-five-pillar-strategy-to-build-quantum-ecosystem-deliver-quantum-benefits (1/1), chunk 34/40
[07:01:05 +6m 59s | thequantuminsider_2023_10_06_queensland_builds_five_pillar_strategy_to_build_quantum_ecos_4ceb7bc7] Repaired malformed JSON.
[07:01:05 +6m 59s | thequantuminsider_2023_10_06_queensland_builds_five_pillar_strategy_to_build_quantum_ecos_4ceb7bc7] Extracting actors: https://thequantuminsider.com/2023/10/06/queensland-builds-five-pillar-strategy-to-build-quantum-ecosystem-deliver-quantum-benefits (1/1), chunk 35/40
[07:01:43 +7m 39s | thequantuminsider_2023_10_06_queensland_builds_five_pillar_strategy_to_build_quantum_ecos_4ceb7bc7] Extracting actors: https://thequantuminsider.com/2023/10/06/queensland-builds-five-pillar-strategy-to-build-quantum-ecosystem-deliver-quantum-benefits (1/1), chunk 36/40
[07:01:51 +7m 48s | thequantuminsider_2023_10_06_queensland_builds_five_pillar_strategy_to_build_quantum_ecos_4ceb7bc7] Repaired malformed JSON.
[07:01:51 +7m 48s | thequantuminsider_2023_10_06_queensland_builds_five_pillar_strategy_to_build_quantum_ecos_4ceb7bc7] Extracting actors: https://thequantuminsider.com/2023/10/06/queensland-builds-five-pillar-strategy-to-build-quantum-ecosystem-deliver-quantum-benefits (1/1), chunk 37/40
[07:01:58 +7m 57s | thequantuminsider_2023_10_06_queensland_builds_five_pillar_strategy_to_build_quantum_ecos_4ceb7bc7] Repaired malformed JSON.
[07:01:58 +7m 57s | thequantuminsider_2023_10_06_queensland_builds_five_pillar_strategy_to_build_quantum_ecos_4ceb7bc7] Extracting actors: https://thequantuminsider.com/2023/10/06/queensland-builds-five-pillar-strategy-to-build-quantum-ecosystem-deliver-quantum-benefits (1/1), chunk 38/40
[07:02:05 +8m 4s | thequantuminsider_2023_10_06_queensland_builds_five_pillar_strategy_to_build_quantum_ecos_4ceb7bc7] Repaired malformed JSON.
[07:02:05 +8m 4s | thequantuminsider_2023_10_06_queensland_builds_five_pillar_strategy_to_build_quantum_ecos_4ceb7bc7] Extracting actors: https://thequantuminsider.com/2023/10/06/queensland-builds-five-pillar-strategy-to-build-quantum-ecosystem-deliver-quantum-benefits (1/1), chunk 39/40
[07:02:15 +8m 14s | thequantuminsider_2023_10_06_queensland_builds_five_pillar_strategy_to_build_quantum_ecos_4ceb7bc7] Repaired malformed JSON.
[07:02:15 +8m 14s | thequantuminsider_2023_10_06_queensland_builds_five_pillar_strategy_to_build_quantum_ecos_4ceb7bc7] Extracting actors: https://thequantuminsider.com/2023/10/06/queensland-builds-five-pillar-strategy-to-build-quantum-ecosystem-deliver-quantum-benefits (1/1), chunk 40/40
[07:02:17 +8m 16s | thequantuminsider_2023_10_06_queensland_builds_five_pillar_strategy_to_build_quantum_ecos_4ceb7bc7] Saved 1_actor_results.json with 59 extracted records

[07:02:17 +8m 16s | thequantuminsider_2023_10_06_queensland_builds_five_pillar_strategy_to_build_quantum_ecos_4ceb7bc7] === 2 clean actors ===
[07:02:17 +8m 16s | thequantuminsider_2023_10_06_queensland_builds_five_pillar_strategy_to_build_quantum_ecos_4ceb7bc7] Loaded 59 extracted records
[07:02:17 +8m 16s | thequantuminsider_2023_10_06_queensland_builds_five_pillar_strategy_to_build_quantum_ecos_4ceb7bc7] Saved 2_actor_nodes.json with 20 canonical actor nodes

[07:02:17 +8m 16s | thequantuminsider_2023_10_06_queensland_builds_five_pillar_strategy_to_build_quantum_ecos_4ceb7bc7] === 3 interaction extraction ===
[07:02:17 +8m 16s | thequantuminsider_2023_10_06_queensland_builds_five_pillar_strategy_to_build_quantum_ecos_4ceb7bc7] Extracting interactions: https://thequantuminsider.com/2023/10/06/queensland-builds-five-pillar-strategy-to-build-quantum-ecosystem-deliver-quantum-benefits (1/1), chunk 11/40
[07:02:22 +8m 21s | thequantuminsider_2023_10_06_queensland_builds_five_pillar_strategy_to_build_quantum_ecos_4ceb7bc7] Extracting interactions: https://thequantuminsider.com/2023/10/06/queensland-builds-five-pillar-strategy-to-build-quantum-ecosystem-deliver-quantum-benefits (1/1), chunk 12/40
[07:02:34 +8m 35s | thequantuminsider_2023_10_06_queensland_builds_five_pillar_strategy_to_build_quantum_ecos_4ceb7bc7] Extracting interactions: https://thequantuminsider.com/2023/10/06/queensland-builds-five-pillar-strategy-to-build-quantum-ecosystem-deliver-quantum-benefits (1/1), chunk 13/40
[07:02:48 +8m 49s | thequantuminsider_2023_10_06_queensland_builds_five_pillar_strategy_to_build_quantum_ecos_4ceb7bc7] Extracting interactions: https://thequantuminsider.com/2023/10/06/queensland-builds-five-pillar-strategy-to-build-quantum-ecosystem-deliver-quantum-benefits (1/1), chunk 14/40
[07:03:22 +9m 27s | thequantuminsider_2023_10_06_queensland_builds_five_pillar_strategy_to_build_quantum_ecos_4ceb7bc7] Extracting interactions: https://thequantuminsider.com/2023/10/06/queensland-builds-five-pillar-strategy-to-build-quantum-ecosystem-deliver-quantum-benefits (1/1), chunk 15/40
[07:03:29 +9m 35s | thequantuminsider_2023_10_06_queensland_builds_five_pillar_strategy_to_build_quantum_ecos_4ceb7bc7] Extracting interactions: https://thequantuminsider.com/2023/10/06/queensland-builds-five-pillar-strategy-to-build-quantum-ecosystem-deliver-quantum-benefits (1/1), chunk 16/40
[07:03:37 +9m 43s | thequantuminsider_2023_10_06_queensland_builds_five_pillar_strategy_to_build_quantum_ecos_4ceb7bc7] Extracting interactions: https://thequantuminsider.com/2023/10/06/queensland-builds-five-pillar-strategy-to-build-quantum-ecosystem-deliver-quantum-benefits (1/1), chunk 17/40
[07:03:48 +9m 54s | thequantuminsider_2023_10_06_queensland_builds_five_pillar_strategy_to_build_quantum_ecos_4ceb7bc7] Extracting interactions: https://thequantuminsider.com/2023/10/06/queensland-builds-five-pillar-strategy-to-build-quantum-ecosystem-deliver-quantum-benefits (1/1), chunk 18/40
[07:03:52 +10m 0s | thequantuminsider_2023_10_06_queensland_builds_five_pillar_strategy_to_build_quantum_ecos_4ceb7bc7] Extracting interactions: https://thequantuminsider.com/2023/10/06/queensland-builds-five-pillar-strategy-to-build-quantum-ecosystem-deliver-quantum-benefits (1/1), chunk 19/40
[07:03:54 +10m 2s | thequantuminsider_2023_10_06_queensland_builds_five_pillar_strategy_to_build_quantum_ecos_4ceb7bc7] Extracting interactions: https://thequantuminsider.com/2023/10/06/queensland-builds-five-pillar-strategy-to-build-quantum-ecosystem-deliver-quantum-benefits (1/1), chunk 20/40
[07:03:57 +10m 5s | thequantuminsider_2023_10_06_queensland_builds_five_pillar_strategy_to_build_quantum_ecos_4ceb7bc7] Extracting interactions: https://thequantuminsider.com/2023/10/06/queensland-builds-five-pillar-strategy-to-build-quantum-ecosystem-deliver-quantum-benefits (1/1), chunk 21/40
[07:03:59 +10m 7s | thequantuminsider_2023_10_06_queensland_builds_five_pillar_strategy_to_build_quantum_ecos_4ceb7bc7] Extracting interactions: https://thequantuminsider.com/2023/10/06/queensland-builds-five-pillar-strategy-to-build-quantum-ecosystem-deliver-quantum-benefits (1/1), chunk 22/40
[07:04:13 +10m 21s | thequantuminsider_2023_10_06_queensland_builds_five_pillar_strategy_to_build_quantum_ecos_4ceb7bc7] Extracting interactions: https://thequantuminsider.com/2023/10/06/queensland-builds-five-pillar-strategy-to-build-quantum-ecosystem-deliver-quantum-benefits (1/1), chunk 23/40
[07:04:21 +10m 29s | thequantuminsider_2023_10_06_queensland_builds_five_pillar_strategy_to_build_quantum_ecos_4ceb7bc7] Extracting interactions: https://thequantuminsider.com/2023/10/06/queensland-builds-five-pillar-strategy-to-build-quantum-ecosystem-deliver-quantum-benefits (1/1), chunk 27/40
[07:04:23 +10m 34s | thequantuminsider_2023_10_06_queensland_builds_five_pillar_strategy_to_build_quantum_ecos_4ceb7bc7] Extracting interactions: https://thequantuminsider.com/2023/10/06/queensland-builds-five-pillar-strategy-to-build-quantum-ecosystem-deliver-quantum-benefits (1/1), chunk 28/40
[07:04:29 +10m 39s | thequantuminsider_2023_10_06_queensland_builds_five_pillar_strategy_to_build_quantum_ecos_4ceb7bc7] Extracting interactions: https://thequantuminsider.com/2023/10/06/queensland-builds-five-pillar-strategy-to-build-quantum-ecosystem-deliver-quantum-benefits (1/1), chunk 29/40
[07:04:30 +10m 40s | thequantuminsider_2023_10_06_queensland_builds_five_pillar_strategy_to_build_quantum_ecos_4ceb7bc7] Extracting interactions: https://thequantuminsider.com/2023/10/06/queensland-builds-five-pillar-strategy-to-build-quantum-ecosystem-deliver-quantum-benefits (1/1), chunk 31/40
[07:04:32 +10m 42s | thequantuminsider_2023_10_06_queensland_builds_five_pillar_strategy_to_build_quantum_ecos_4ceb7bc7] Extracting interactions: https://thequantuminsider.com/2023/10/06/queensland-builds-five-pillar-strategy-to-build-quantum-ecosystem-deliver-quantum-benefits (1/1), chunk 32/40
[07:04:33 +10m 43s | thequantuminsider_2023_10_06_queensland_builds_five_pillar_strategy_to_build_quantum_ecos_4ceb7bc7] Extracting interactions: https://thequantuminsider.com/2023/10/06/queensland-builds-five-pillar-strategy-to-build-quantum-ecosystem-deliver-quantum-benefits (1/1), chunk 33/40
[07:04:36 +10m 46s | thequantuminsider_2023_10_06_queensland_builds_five_pillar_strategy_to_build_quantum_ecos_4ceb7bc7] Extracting interactions: https://thequantuminsider.com/2023/10/06/queensland-builds-five-pillar-strategy-to-build-quantum-ecosystem-deliver-quantum-benefits (1/1), chunk 34/40
[07:04:37 +10m 48s | thequantuminsider_2023_10_06_queensland_builds_five_pillar_strategy_to_build_quantum_ecos_4ceb7bc7] Extracting interactions: https://thequantuminsider.com/2023/10/06/queensland-builds-five-pillar-strategy-to-build-quantum-ecosystem-deliver-quantum-benefits (1/1), chunk 35/40
[07:04:39 +10m 49s | thequantuminsider_2023_10_06_queensland_builds_five_pillar_strategy_to_build_quantum_ecos_4ceb7bc7] Extracting interactions: https://thequantuminsider.com/2023/10/06/queensland-builds-five-pillar-strategy-to-build-quantum-ecosystem-deliver-quantum-benefits (1/1), chunk 36/40
[07:04:41 +10m 51s | thequantuminsider_2023_10_06_queensland_builds_five_pillar_strategy_to_build_quantum_ecos_4ceb7bc7] Extracting interactions: https://thequantuminsider.com/2023/10/06/queensland-builds-five-pillar-strategy-to-build-quantum-ecosystem-deliver-quantum-benefits (1/1), chunk 37/40
[07:04:44 +10m 54s | thequantuminsider_2023_10_06_queensland_builds_five_pillar_strategy_to_build_quantum_ecos_4ceb7bc7] Extracting interactions: https://thequantuminsider.com/2023/10/06/queensland-builds-five-pillar-strategy-to-build-quantum-ecosystem-deliver-quantum-benefits (1/1), chunk 38/40
[07:04:46 +10m 56s | thequantuminsider_2023_10_06_queensland_builds_five_pillar_strategy_to_build_quantum_ecos_4ceb7bc7] Saved 3_interaction_results.json with 23 extracted interactions.

[07:04:46 +10m 57s | thequantuminsider_2023_10_06_queensland_builds_five_pillar_strategy_to_build_quantum_ecos_4ceb7bc7] === 4 clean interactions ===
[07:04:46 +10m 57s | thequantuminsider_2023_10_06_queensland_builds_five_pillar_strategy_to_build_quantum_ecos_4ceb7bc7] Saved 4_edges.json with 1 cleaned interactions.

[07:04:46 +10m 57s | thequantuminsider_2023_10_06_queensland_builds_five_pillar_strategy_to_build_quantum_ecos_4ceb7bc7] === 5 helix enrichment ===
[07:04:46 +10m 57s | thequantuminsider_2023_10_06_queensland_builds_five_pillar_strategy_to_build_quantum_ecos_4ceb7bc7] Wrote 5_nodes.json (20 actors)
[07:04:46 +10m 57s | thequantuminsider_2023_10_06_queensland_builds_five_pillar_strategy_to_build_quantum_ecos_4ceb7bc7] Wrote 5_edges.json (1 interactions)
[07:04:46 +10m 57s | thequantuminsider_2023_10_06_queensland_builds_five_pillar_strategy_to_build_quantum_ecos_4ceb7bc7] Actor helix counts: {'Academia': 2, 'Civil Society': 4, 'Government': 3, 'Industry': 2, 'Intermediary': 1, 'Unknown': 8}
[07:04:46 +10m 57s | thequantuminsider_2023_10_06_queensland_builds_five_pillar_strategy_to_build_quantum_ecos_4ceb7bc7] Functional-space counts: {'Innovation': 1}

[07:04:46 +10m 57s | thequantuminsider_2023_10_06_queensland_builds_five_pillar_strategy_to_build_quantum_ecos_4ceb7bc7] === 6 network visualisation ===
[07:04:47 +10m 57s | thequantuminsider_2023_10_06_queensland_builds_five_pillar_strategy_to_build_quantum_ecos_4ceb7bc7] Wrote quantum_network.html
[07:04:47 +10m 57s | thequantuminsider_2023_10_06_queensland_builds_five_pillar_strategy_to_build_quantum_ecos_4ceb7bc7] Nodes: 20
[07:04:47 +10m 57s | thequantuminsider_2023_10_06_queensland_builds_five_pillar_strategy_to_build_quantum_ecos_4ceb7bc7] Edges: 1

[07:04:47 +10m 57s | thequantuminsider_2023_10_06_queensland_builds_five_pillar_strategy_to_build_quantum_ecos_4ceb7bc7] Done. Outputs written to: /home/lv/IDP/idpdeeptech/pipeline/news_outputs/thequantuminsider_2023_10_06_queensland_builds_five_pillar_strategy_to_build_quantum_ecos_4ceb7bc7
[07:04:47 +10m 57s | thequantuminsider_2023_10_06_queensland_builds_five_pillar_strategy_to_build_quantum_ecos_4ceb7bc7] Log: /home/lv/IDP/idpdeeptech/pipeline/news_outputs/thequantuminsider_2023_10_06_queensland_builds_five_pillar_strategy_to_build_quantum_ecos_4ceb7bc7/run.log

========================================================================
RUN FINISHED 2026-07-05 07:04:47  (OK)
Started:     2026-07-05 06:54:35
Elapsed:     10m 57s
========================================================================
