
========================================================================
RUN STARTED  2026-07-04 23:37:42
site_pipeline.py https://thequantuminsider.com/2023/12/13/eaglys-mitsui-and-quantinuum-collaborate-to-build-a-quantum-resistant-data-analytics-ai-platform-using-quantum-computing-hardened-encryption-keys/
========================================================================

[23:37:42 +0s | thequantuminsider_2023_12_13_eaglys_mitsui_and_quantinuum_collaborate_to_build_a_quantum_cf1997e7] === 0 crawl site ===

========================================================================
RUN FINISHED 2026-07-04 23:37:43  (INTERRUPTED)
Started:     2026-07-04 23:37:42
Elapsed:     1s
========================================================================

========================================================================
RUN STARTED  2026-07-05 00:37:59
site_pipeline.py https://thequantuminsider.com/2023/12/13/eaglys-mitsui-and-quantinuum-collaborate-to-build-a-quantum-resistant-data-analytics-ai-platform-using-quantum-computing-hardened-encryption-keys/
========================================================================

[00:37:59 +0s | thequantuminsider_2023_12_13_eaglys_mitsui_and_quantinuum_collaborate_to_build_a_quantum_cf1997e7] === 0 crawl site ===
[00:38:01 +1s | thequantuminsider_2023_12_13_eaglys_mitsui_and_quantinuum_collaborate_to_build_a_quantum_cf1997e7] [INIT].... → Crawl4AI 0.8.6 
[00:38:03 +4s | thequantuminsider_2023_12_13_eaglys_mitsui_and_quantinuum_collaborate_to_build_a_quantum_cf1997e7] [FETCH]... ↓ https://thequantuminsider.com/2023/12/13/eaglys-...sing-quantum-computing-hardened-encryption-keys/  | ✓ | ⏱: 2.51s 
[00:38:04 +4s | thequantuminsider_2023_12_13_eaglys_mitsui_and_quantinuum_collaborate_to_build_a_quantum_cf1997e7] [SCRAPE].. ◆ https://thequantuminsider.com/2023/12/13/eaglys-...sing-quantum-computing-hardened-encryption-keys/  | ✓ | ⏱: 0.10s 
[00:38:04 +4s | thequantuminsider_2023_12_13_eaglys_mitsui_and_quantinuum_collaborate_to_build_a_quantum_cf1997e7] [COMPLETE] ● https://thequantuminsider.com/2023/12/13/eaglys-...sing-quantum-computing-hardened-encryption-keys/  | ✓ | ⏱: 2.65s 
[00:38:04 +4s | thequantuminsider_2023_12_13_eaglys_mitsui_and_quantinuum_collaborate_to_build_a_quantum_cf1997e7] Saved: crawl_output/8e2ecb67a1_thequantuminsider.com_2023_12_13_eaglys-mitsui-and-quantinuum-collaborate-to-build-a-quantum-resistant-data-analytics-ai-platform-using-quantum-computing-hardened-encryption-keys.json

[00:38:04 +4s | thequantuminsider_2023_12_13_eaglys_mitsui_and_quantinuum_collaborate_to_build_a_quantum_cf1997e7] === 1 actor extraction ===
[00:38:04 +5s | thequantuminsider_2023_12_13_eaglys_mitsui_and_quantinuum_collaborate_to_build_a_quantum_cf1997e7] Reading page (1/1): https://thequantuminsider.com/2023/12/13/eaglys-mitsui-and-quantinuum-collaborate-to-build-a-quantum-resistant-data-analytics-ai-platform-using-quantum-computing-hardened-encryption-keys
[00:38:04 +5s | thequantuminsider_2023_12_13_eaglys_mitsui_and_quantinuum_collaborate_to_build_a_quantum_cf1997e7] Extracting actors: https://thequantuminsider.com/2023/12/13/eaglys-mitsui-and-quantinuum-collaborate-to-build-a-quantum-resistant-data-analytics-ai-platform-using-quantum-computing-hardened-encryption-keys (1/1), chunk 1/28
[00:38:12 +14s | thequantuminsider_2023_12_13_eaglys_mitsui_and_quantinuum_collaborate_to_build_a_quantum_cf1997e7] Repaired malformed JSON.
[00:38:12 +14s | thequantuminsider_2023_12_13_eaglys_mitsui_and_quantinuum_collaborate_to_build_a_quantum_cf1997e7] Extracting actors: https://thequantuminsider.com/2023/12/13/eaglys-mitsui-and-quantinuum-collaborate-to-build-a-quantum-resistant-data-analytics-ai-platform-using-quantum-computing-hardened-encryption-keys (1/1), chunk 2/28
[00:38:20 +21s | thequantuminsider_2023_12_13_eaglys_mitsui_and_quantinuum_collaborate_to_build_a_quantum_cf1997e7] Repaired malformed JSON.
[00:38:20 +21s | thequantuminsider_2023_12_13_eaglys_mitsui_and_quantinuum_collaborate_to_build_a_quantum_cf1997e7] Extracting actors: https://thequantuminsider.com/2023/12/13/eaglys-mitsui-and-quantinuum-collaborate-to-build-a-quantum-resistant-data-analytics-ai-platform-using-quantum-computing-hardened-encryption-keys (1/1), chunk 3/28
[00:38:27 +29s | thequantuminsider_2023_12_13_eaglys_mitsui_and_quantinuum_collaborate_to_build_a_quantum_cf1997e7] Repaired malformed JSON.
[00:38:27 +29s | thequantuminsider_2023_12_13_eaglys_mitsui_and_quantinuum_collaborate_to_build_a_quantum_cf1997e7] Extracting actors: https://thequantuminsider.com/2023/12/13/eaglys-mitsui-and-quantinuum-collaborate-to-build-a-quantum-resistant-data-analytics-ai-platform-using-quantum-computing-hardened-encryption-keys (1/1), chunk 4/28
[00:38:33 +35s | thequantuminsider_2023_12_13_eaglys_mitsui_and_quantinuum_collaborate_to_build_a_quantum_cf1997e7] Repaired malformed JSON.
[00:38:33 +35s | thequantuminsider_2023_12_13_eaglys_mitsui_and_quantinuum_collaborate_to_build_a_quantum_cf1997e7] Extracting actors: https://thequantuminsider.com/2023/12/13/eaglys-mitsui-and-quantinuum-collaborate-to-build-a-quantum-resistant-data-analytics-ai-platform-using-quantum-computing-hardened-encryption-keys (1/1), chunk 5/28
[00:38:39 +41s | thequantuminsider_2023_12_13_eaglys_mitsui_and_quantinuum_collaborate_to_build_a_quantum_cf1997e7] Repaired malformed JSON.
[00:38:39 +41s | thequantuminsider_2023_12_13_eaglys_mitsui_and_quantinuum_collaborate_to_build_a_quantum_cf1997e7] Extracting actors: https://thequantuminsider.com/2023/12/13/eaglys-mitsui-and-quantinuum-collaborate-to-build-a-quantum-resistant-data-analytics-ai-platform-using-quantum-computing-hardened-encryption-keys (1/1), chunk 6/28
[00:38:47 +49s | thequantuminsider_2023_12_13_eaglys_mitsui_and_quantinuum_collaborate_to_build_a_quantum_cf1997e7] Repaired malformed JSON.
[00:38:47 +49s | thequantuminsider_2023_12_13_eaglys_mitsui_and_quantinuum_collaborate_to_build_a_quantum_cf1997e7] Extracting actors: https://thequantuminsider.com/2023/12/13/eaglys-mitsui-and-quantinuum-collaborate-to-build-a-quantum-resistant-data-analytics-ai-platform-using-quantum-computing-hardened-encryption-keys (1/1), chunk 7/28
[00:38:56 +58s | thequantuminsider_2023_12_13_eaglys_mitsui_and_quantinuum_collaborate_to_build_a_quantum_cf1997e7] Repaired malformed JSON.
[00:38:56 +58s | thequantuminsider_2023_12_13_eaglys_mitsui_and_quantinuum_collaborate_to_build_a_quantum_cf1997e7] Extracting actors: https://thequantuminsider.com/2023/12/13/eaglys-mitsui-and-quantinuum-collaborate-to-build-a-quantum-resistant-data-analytics-ai-platform-using-quantum-computing-hardened-encryption-keys (1/1), chunk 8/28
[00:39:06 +1m 8s | thequantuminsider_2023_12_13_eaglys_mitsui_and_quantinuum_collaborate_to_build_a_quantum_cf1997e7] Repaired malformed JSON.
[00:39:06 +1m 8s | thequantuminsider_2023_12_13_eaglys_mitsui_and_quantinuum_collaborate_to_build_a_quantum_cf1997e7] Extracting actors: https://thequantuminsider.com/2023/12/13/eaglys-mitsui-and-quantinuum-collaborate-to-build-a-quantum-resistant-data-analytics-ai-platform-using-quantum-computing-hardened-encryption-keys (1/1), chunk 9/28
[00:39:12 +1m 15s | thequantuminsider_2023_12_13_eaglys_mitsui_and_quantinuum_collaborate_to_build_a_quantum_cf1997e7] Repaired malformed JSON.
[00:39:12 +1m 15s | thequantuminsider_2023_12_13_eaglys_mitsui_and_quantinuum_collaborate_to_build_a_quantum_cf1997e7] Extracting actors: https://thequantuminsider.com/2023/12/13/eaglys-mitsui-and-quantinuum-collaborate-to-build-a-quantum-resistant-data-analytics-ai-platform-using-quantum-computing-hardened-encryption-keys (1/1), chunk 10/28
[00:39:58 +2m 2s | thequantuminsider_2023_12_13_eaglys_mitsui_and_quantinuum_collaborate_to_build_a_quantum_cf1997e7] Repaired malformed JSON.
[00:39:58 +2m 2s | thequantuminsider_2023_12_13_eaglys_mitsui_and_quantinuum_collaborate_to_build_a_quantum_cf1997e7] Extracting actors: https://thequantuminsider.com/2023/12/13/eaglys-mitsui-and-quantinuum-collaborate-to-build-a-quantum-resistant-data-analytics-ai-platform-using-quantum-computing-hardened-encryption-keys (1/1), chunk 11/28
[00:40:05 +2m 9s | thequantuminsider_2023_12_13_eaglys_mitsui_and_quantinuum_collaborate_to_build_a_quantum_cf1997e7] Repaired malformed JSON.
[00:40:05 +2m 9s | thequantuminsider_2023_12_13_eaglys_mitsui_and_quantinuum_collaborate_to_build_a_quantum_cf1997e7] Extracting actors: https://thequantuminsider.com/2023/12/13/eaglys-mitsui-and-quantinuum-collaborate-to-build-a-quantum-resistant-data-analytics-ai-platform-using-quantum-computing-hardened-encryption-keys (1/1), chunk 12/28
[00:40:15 +2m 19s | thequantuminsider_2023_12_13_eaglys_mitsui_and_quantinuum_collaborate_to_build_a_quantum_cf1997e7] Repaired malformed JSON.
[00:40:15 +2m 19s | thequantuminsider_2023_12_13_eaglys_mitsui_and_quantinuum_collaborate_to_build_a_quantum_cf1997e7] Extracting actors: https://thequantuminsider.com/2023/12/13/eaglys-mitsui-and-quantinuum-collaborate-to-build-a-quantum-resistant-data-analytics-ai-platform-using-quantum-computing-hardened-encryption-keys (1/1), chunk 13/28
[00:40:24 +2m 28s | thequantuminsider_2023_12_13_eaglys_mitsui_and_quantinuum_collaborate_to_build_a_quantum_cf1997e7] Repaired malformed JSON.
[00:40:24 +2m 28s | thequantuminsider_2023_12_13_eaglys_mitsui_and_quantinuum_collaborate_to_build_a_quantum_cf1997e7] Extracting actors: https://thequantuminsider.com/2023/12/13/eaglys-mitsui-and-quantinuum-collaborate-to-build-a-quantum-resistant-data-analytics-ai-platform-using-quantum-computing-hardened-encryption-keys (1/1), chunk 14/28
[00:40:34 +2m 39s | thequantuminsider_2023_12_13_eaglys_mitsui_and_quantinuum_collaborate_to_build_a_quantum_cf1997e7] Repaired malformed JSON.
[00:40:34 +2m 39s | thequantuminsider_2023_12_13_eaglys_mitsui_and_quantinuum_collaborate_to_build_a_quantum_cf1997e7] Extracting actors: https://thequantuminsider.com/2023/12/13/eaglys-mitsui-and-quantinuum-collaborate-to-build-a-quantum-resistant-data-analytics-ai-platform-using-quantum-computing-hardened-encryption-keys (1/1), chunk 15/28
[00:40:45 +2m 50s | thequantuminsider_2023_12_13_eaglys_mitsui_and_quantinuum_collaborate_to_build_a_quantum_cf1997e7] Repaired malformed JSON.
[00:40:45 +2m 50s | thequantuminsider_2023_12_13_eaglys_mitsui_and_quantinuum_collaborate_to_build_a_quantum_cf1997e7] Extracting actors: https://thequantuminsider.com/2023/12/13/eaglys-mitsui-and-quantinuum-collaborate-to-build-a-quantum-resistant-data-analytics-ai-platform-using-quantum-computing-hardened-encryption-keys (1/1), chunk 16/28
[00:40:53 +2m 58s | thequantuminsider_2023_12_13_eaglys_mitsui_and_quantinuum_collaborate_to_build_a_quantum_cf1997e7] Repaired malformed JSON.
[00:40:53 +2m 58s | thequantuminsider_2023_12_13_eaglys_mitsui_and_quantinuum_collaborate_to_build_a_quantum_cf1997e7] Extracting actors: https://thequantuminsider.com/2023/12/13/eaglys-mitsui-and-quantinuum-collaborate-to-build-a-quantum-resistant-data-analytics-ai-platform-using-quantum-computing-hardened-encryption-keys (1/1), chunk 17/28
[00:41:02 +3m 7s | thequantuminsider_2023_12_13_eaglys_mitsui_and_quantinuum_collaborate_to_build_a_quantum_cf1997e7] Repaired malformed JSON.
[00:41:02 +3m 7s | thequantuminsider_2023_12_13_eaglys_mitsui_and_quantinuum_collaborate_to_build_a_quantum_cf1997e7] Extracting actors: https://thequantuminsider.com/2023/12/13/eaglys-mitsui-and-quantinuum-collaborate-to-build-a-quantum-resistant-data-analytics-ai-platform-using-quantum-computing-hardened-encryption-keys (1/1), chunk 18/28
[00:41:10 +3m 16s | thequantuminsider_2023_12_13_eaglys_mitsui_and_quantinuum_collaborate_to_build_a_quantum_cf1997e7] Repaired malformed JSON.
[00:41:10 +3m 16s | thequantuminsider_2023_12_13_eaglys_mitsui_and_quantinuum_collaborate_to_build_a_quantum_cf1997e7] Extracting actors: https://thequantuminsider.com/2023/12/13/eaglys-mitsui-and-quantinuum-collaborate-to-build-a-quantum-resistant-data-analytics-ai-platform-using-quantum-computing-hardened-encryption-keys (1/1), chunk 19/28
[00:41:37 +3m 44s | thequantuminsider_2023_12_13_eaglys_mitsui_and_quantinuum_collaborate_to_build_a_quantum_cf1997e7] Repaired malformed JSON.
[00:41:37 +3m 44s | thequantuminsider_2023_12_13_eaglys_mitsui_and_quantinuum_collaborate_to_build_a_quantum_cf1997e7] Extracting actors: https://thequantuminsider.com/2023/12/13/eaglys-mitsui-and-quantinuum-collaborate-to-build-a-quantum-resistant-data-analytics-ai-platform-using-quantum-computing-hardened-encryption-keys (1/1), chunk 20/28
[00:41:45 +3m 52s | thequantuminsider_2023_12_13_eaglys_mitsui_and_quantinuum_collaborate_to_build_a_quantum_cf1997e7] Repaired malformed JSON.
[00:41:45 +3m 52s | thequantuminsider_2023_12_13_eaglys_mitsui_and_quantinuum_collaborate_to_build_a_quantum_cf1997e7] Extracting actors: https://thequantuminsider.com/2023/12/13/eaglys-mitsui-and-quantinuum-collaborate-to-build-a-quantum-resistant-data-analytics-ai-platform-using-quantum-computing-hardened-encryption-keys (1/1), chunk 21/28
[00:41:54 +4m 1s | thequantuminsider_2023_12_13_eaglys_mitsui_and_quantinuum_collaborate_to_build_a_quantum_cf1997e7] Repaired malformed JSON.
[00:41:54 +4m 1s | thequantuminsider_2023_12_13_eaglys_mitsui_and_quantinuum_collaborate_to_build_a_quantum_cf1997e7] Extracting actors: https://thequantuminsider.com/2023/12/13/eaglys-mitsui-and-quantinuum-collaborate-to-build-a-quantum-resistant-data-analytics-ai-platform-using-quantum-computing-hardened-encryption-keys (1/1), chunk 22/28
[00:42:03 +4m 10s | thequantuminsider_2023_12_13_eaglys_mitsui_and_quantinuum_collaborate_to_build_a_quantum_cf1997e7] Repaired malformed JSON.
[00:42:03 +4m 10s | thequantuminsider_2023_12_13_eaglys_mitsui_and_quantinuum_collaborate_to_build_a_quantum_cf1997e7] Extracting actors: https://thequantuminsider.com/2023/12/13/eaglys-mitsui-and-quantinuum-collaborate-to-build-a-quantum-resistant-data-analytics-ai-platform-using-quantum-computing-hardened-encryption-keys (1/1), chunk 23/28
[00:42:12 +4m 20s | thequantuminsider_2023_12_13_eaglys_mitsui_and_quantinuum_collaborate_to_build_a_quantum_cf1997e7] Repaired malformed JSON.
[00:42:12 +4m 20s | thequantuminsider_2023_12_13_eaglys_mitsui_and_quantinuum_collaborate_to_build_a_quantum_cf1997e7] Extracting actors: https://thequantuminsider.com/2023/12/13/eaglys-mitsui-and-quantinuum-collaborate-to-build-a-quantum-resistant-data-analytics-ai-platform-using-quantum-computing-hardened-encryption-keys (1/1), chunk 24/28
[00:42:22 +4m 29s | thequantuminsider_2023_12_13_eaglys_mitsui_and_quantinuum_collaborate_to_build_a_quantum_cf1997e7] Repaired malformed JSON.
[00:42:22 +4m 29s | thequantuminsider_2023_12_13_eaglys_mitsui_and_quantinuum_collaborate_to_build_a_quantum_cf1997e7] Extracting actors: https://thequantuminsider.com/2023/12/13/eaglys-mitsui-and-quantinuum-collaborate-to-build-a-quantum-resistant-data-analytics-ai-platform-using-quantum-computing-hardened-encryption-keys (1/1), chunk 25/28
[00:42:30 +4m 37s | thequantuminsider_2023_12_13_eaglys_mitsui_and_quantinuum_collaborate_to_build_a_quantum_cf1997e7] Repaired malformed JSON.
[00:42:30 +4m 37s | thequantuminsider_2023_12_13_eaglys_mitsui_and_quantinuum_collaborate_to_build_a_quantum_cf1997e7] Extracting actors: https://thequantuminsider.com/2023/12/13/eaglys-mitsui-and-quantinuum-collaborate-to-build-a-quantum-resistant-data-analytics-ai-platform-using-quantum-computing-hardened-encryption-keys (1/1), chunk 26/28
[00:42:38 +4m 46s | thequantuminsider_2023_12_13_eaglys_mitsui_and_quantinuum_collaborate_to_build_a_quantum_cf1997e7] Extracting actors: https://thequantuminsider.com/2023/12/13/eaglys-mitsui-and-quantinuum-collaborate-to-build-a-quantum-resistant-data-analytics-ai-platform-using-quantum-computing-hardened-encryption-keys (1/1), chunk 27/28
[00:42:47 +4m 55s | thequantuminsider_2023_12_13_eaglys_mitsui_and_quantinuum_collaborate_to_build_a_quantum_cf1997e7] Repaired malformed JSON.
[00:42:47 +4m 55s | thequantuminsider_2023_12_13_eaglys_mitsui_and_quantinuum_collaborate_to_build_a_quantum_cf1997e7] Extracting actors: https://thequantuminsider.com/2023/12/13/eaglys-mitsui-and-quantinuum-collaborate-to-build-a-quantum-resistant-data-analytics-ai-platform-using-quantum-computing-hardened-encryption-keys (1/1), chunk 28/28
[00:42:55 +5m 3s | thequantuminsider_2023_12_13_eaglys_mitsui_and_quantinuum_collaborate_to_build_a_quantum_cf1997e7] Repaired malformed JSON.
[00:42:55 +5m 3s | thequantuminsider_2023_12_13_eaglys_mitsui_and_quantinuum_collaborate_to_build_a_quantum_cf1997e7] Saved 1_actor_results.json with 53 extracted records

[00:42:55 +5m 3s | thequantuminsider_2023_12_13_eaglys_mitsui_and_quantinuum_collaborate_to_build_a_quantum_cf1997e7] === 2 clean actors ===
[00:42:55 +5m 3s | thequantuminsider_2023_12_13_eaglys_mitsui_and_quantinuum_collaborate_to_build_a_quantum_cf1997e7] Loaded 53 extracted records
[00:42:55 +5m 3s | thequantuminsider_2023_12_13_eaglys_mitsui_and_quantinuum_collaborate_to_build_a_quantum_cf1997e7] Saved 2_actor_nodes.json with 9 canonical actor nodes

[00:42:55 +5m 3s | thequantuminsider_2023_12_13_eaglys_mitsui_and_quantinuum_collaborate_to_build_a_quantum_cf1997e7] === 3 interaction extraction ===
[00:42:55 +5m 3s | thequantuminsider_2023_12_13_eaglys_mitsui_and_quantinuum_collaborate_to_build_a_quantum_cf1997e7] Extracting interactions: https://thequantuminsider.com/2023/12/13/eaglys-mitsui-and-quantinuum-collaborate-to-build-a-quantum-resistant-data-analytics-ai-platform-using-quantum-computing-hardened-encryption-keys (1/1), chunk 7/28
[00:43:04 +5m 12s | thequantuminsider_2023_12_13_eaglys_mitsui_and_quantinuum_collaborate_to_build_a_quantum_cf1997e7] Extracting interactions: https://thequantuminsider.com/2023/12/13/eaglys-mitsui-and-quantinuum-collaborate-to-build-a-quantum-resistant-data-analytics-ai-platform-using-quantum-computing-hardened-encryption-keys (1/1), chunk 11/28
[00:43:21 +5m 30s | thequantuminsider_2023_12_13_eaglys_mitsui_and_quantinuum_collaborate_to_build_a_quantum_cf1997e7] Extracting interactions: https://thequantuminsider.com/2023/12/13/eaglys-mitsui-and-quantinuum-collaborate-to-build-a-quantum-resistant-data-analytics-ai-platform-using-quantum-computing-hardened-encryption-keys (1/1), chunk 12/28
[00:43:30 +5m 39s | thequantuminsider_2023_12_13_eaglys_mitsui_and_quantinuum_collaborate_to_build_a_quantum_cf1997e7] Extracting interactions: https://thequantuminsider.com/2023/12/13/eaglys-mitsui-and-quantinuum-collaborate-to-build-a-quantum-resistant-data-analytics-ai-platform-using-quantum-computing-hardened-encryption-keys (1/1), chunk 13/28
[00:43:57 +6m 7s | thequantuminsider_2023_12_13_eaglys_mitsui_and_quantinuum_collaborate_to_build_a_quantum_cf1997e7] Extracting interactions: https://thequantuminsider.com/2023/12/13/eaglys-mitsui-and-quantinuum-collaborate-to-build-a-quantum-resistant-data-analytics-ai-platform-using-quantum-computing-hardened-encryption-keys (1/1), chunk 14/28
[00:44:08 +6m 19s | thequantuminsider_2023_12_13_eaglys_mitsui_and_quantinuum_collaborate_to_build_a_quantum_cf1997e7] Extracting interactions: https://thequantuminsider.com/2023/12/13/eaglys-mitsui-and-quantinuum-collaborate-to-build-a-quantum-resistant-data-analytics-ai-platform-using-quantum-computing-hardened-encryption-keys (1/1), chunk 15/28
[00:44:24 +6m 34s | thequantuminsider_2023_12_13_eaglys_mitsui_and_quantinuum_collaborate_to_build_a_quantum_cf1997e7] Extracting interactions: https://thequantuminsider.com/2023/12/13/eaglys-mitsui-and-quantinuum-collaborate-to-build-a-quantum-resistant-data-analytics-ai-platform-using-quantum-computing-hardened-encryption-keys (1/1), chunk 16/28
[00:44:40 +6m 51s | thequantuminsider_2023_12_13_eaglys_mitsui_and_quantinuum_collaborate_to_build_a_quantum_cf1997e7] Extracting interactions: https://thequantuminsider.com/2023/12/13/eaglys-mitsui-and-quantinuum-collaborate-to-build-a-quantum-resistant-data-analytics-ai-platform-using-quantum-computing-hardened-encryption-keys (1/1), chunk 17/28
[00:44:51 +7m 2s | thequantuminsider_2023_12_13_eaglys_mitsui_and_quantinuum_collaborate_to_build_a_quantum_cf1997e7] Extracting interactions: https://thequantuminsider.com/2023/12/13/eaglys-mitsui-and-quantinuum-collaborate-to-build-a-quantum-resistant-data-analytics-ai-platform-using-quantum-computing-hardened-encryption-keys (1/1), chunk 18/28
[00:44:54 +7m 5s | thequantuminsider_2023_12_13_eaglys_mitsui_and_quantinuum_collaborate_to_build_a_quantum_cf1997e7] Extracting interactions: https://thequantuminsider.com/2023/12/13/eaglys-mitsui-and-quantinuum-collaborate-to-build-a-quantum-resistant-data-analytics-ai-platform-using-quantum-computing-hardened-encryption-keys (1/1), chunk 21/28
[00:44:56 +7m 7s | thequantuminsider_2023_12_13_eaglys_mitsui_and_quantinuum_collaborate_to_build_a_quantum_cf1997e7] Extracting interactions: https://thequantuminsider.com/2023/12/13/eaglys-mitsui-and-quantinuum-collaborate-to-build-a-quantum-resistant-data-analytics-ai-platform-using-quantum-computing-hardened-encryption-keys (1/1), chunk 22/28
[00:45:03 +7m 14s | thequantuminsider_2023_12_13_eaglys_mitsui_and_quantinuum_collaborate_to_build_a_quantum_cf1997e7] Extracting interactions: https://thequantuminsider.com/2023/12/13/eaglys-mitsui-and-quantinuum-collaborate-to-build-a-quantum-resistant-data-analytics-ai-platform-using-quantum-computing-hardened-encryption-keys (1/1), chunk 27/28
[00:45:05 +7m 16s | thequantuminsider_2023_12_13_eaglys_mitsui_and_quantinuum_collaborate_to_build_a_quantum_cf1997e7] Extracting interactions: https://thequantuminsider.com/2023/12/13/eaglys-mitsui-and-quantinuum-collaborate-to-build-a-quantum-resistant-data-analytics-ai-platform-using-quantum-computing-hardened-encryption-keys (1/1), chunk 28/28
[00:45:11 +7m 22s | thequantuminsider_2023_12_13_eaglys_mitsui_and_quantinuum_collaborate_to_build_a_quantum_cf1997e7] Saved 3_interaction_results.json with 16 extracted interactions.

[00:45:11 +7m 22s | thequantuminsider_2023_12_13_eaglys_mitsui_and_quantinuum_collaborate_to_build_a_quantum_cf1997e7] === 4 clean interactions ===
[00:45:11 +7m 22s | thequantuminsider_2023_12_13_eaglys_mitsui_and_quantinuum_collaborate_to_build_a_quantum_cf1997e7] Saved 4_edges.json with 3 cleaned interactions.

[00:45:11 +7m 22s | thequantuminsider_2023_12_13_eaglys_mitsui_and_quantinuum_collaborate_to_build_a_quantum_cf1997e7] === 5 helix enrichment ===
[00:45:11 +7m 22s | thequantuminsider_2023_12_13_eaglys_mitsui_and_quantinuum_collaborate_to_build_a_quantum_cf1997e7] Wrote 5_nodes.json (9 actors)
[00:45:11 +7m 22s | thequantuminsider_2023_12_13_eaglys_mitsui_and_quantinuum_collaborate_to_build_a_quantum_cf1997e7] Wrote 5_edges.json (3 interactions)
[00:45:11 +7m 22s | thequantuminsider_2023_12_13_eaglys_mitsui_and_quantinuum_collaborate_to_build_a_quantum_cf1997e7] Actor helix counts: {'Academia': 1, 'Civil Society': 3, 'Industry': 4, 'Unknown': 1}
[00:45:11 +7m 22s | thequantuminsider_2023_12_13_eaglys_mitsui_and_quantinuum_collaborate_to_build_a_quantum_cf1997e7] Functional-space counts: {'Intra-helix / Not classified': 3}

[00:45:11 +7m 22s | thequantuminsider_2023_12_13_eaglys_mitsui_and_quantinuum_collaborate_to_build_a_quantum_cf1997e7] === 6 network visualisation ===
[00:45:11 +7m 23s | thequantuminsider_2023_12_13_eaglys_mitsui_and_quantinuum_collaborate_to_build_a_quantum_cf1997e7] Wrote quantum_network.html
[00:45:11 +7m 23s | thequantuminsider_2023_12_13_eaglys_mitsui_and_quantinuum_collaborate_to_build_a_quantum_cf1997e7] Nodes: 9
[00:45:11 +7m 23s | thequantuminsider_2023_12_13_eaglys_mitsui_and_quantinuum_collaborate_to_build_a_quantum_cf1997e7] Edges: 1

[00:45:11 +7m 23s | thequantuminsider_2023_12_13_eaglys_mitsui_and_quantinuum_collaborate_to_build_a_quantum_cf1997e7] Done. Outputs written to: /home/lv/IDP/idpdeeptech/pipeline/news_outputs/thequantuminsider_2023_12_13_eaglys_mitsui_and_quantinuum_collaborate_to_build_a_quantum_cf1997e7
[00:45:11 +7m 23s | thequantuminsider_2023_12_13_eaglys_mitsui_and_quantinuum_collaborate_to_build_a_quantum_cf1997e7] Log: /home/lv/IDP/idpdeeptech/pipeline/news_outputs/thequantuminsider_2023_12_13_eaglys_mitsui_and_quantinuum_collaborate_to_build_a_quantum_cf1997e7/run.log

========================================================================
RUN FINISHED 2026-07-05 00:45:11  (OK)
Started:     2026-07-05 00:37:59
Elapsed:     7m 23s
========================================================================
