
========================================================================
RUN STARTED  2026-07-05 00:30:34
site_pipeline.py https://thequantuminsider.com/2023/12/15/rambus-annouces-quantum-safe-engine-ip-to-protect-data-center-infrastructure/
========================================================================

[00:30:34 +0s | thequantuminsider_2023_12_15_rambus_annouces_quantum_safe_engine_ip_to_protect_data_cente_e47d3998] === 0 crawl site ===
[00:30:35 +1s | thequantuminsider_2023_12_15_rambus_annouces_quantum_safe_engine_ip_to_protect_data_cente_e47d3998] [INIT].... → Crawl4AI 0.8.6 
[00:30:38 +4s | thequantuminsider_2023_12_15_rambus_annouces_quantum_safe_engine_ip_to_protect_data_cente_e47d3998] [FETCH]... ↓ https://thequantuminsider.com/2023/12/15/rambus-...engine-ip-to-protect-data-center-infrastructure/  | ✓ | ⏱: 2.87s 
[00:30:38 +4s | thequantuminsider_2023_12_15_rambus_annouces_quantum_safe_engine_ip_to_protect_data_cente_e47d3998] [SCRAPE].. ◆ https://thequantuminsider.com/2023/12/15/rambus-...engine-ip-to-protect-data-center-infrastructure/  | ✓ | ⏱: 0.11s 
[00:30:38 +4s | thequantuminsider_2023_12_15_rambus_annouces_quantum_safe_engine_ip_to_protect_data_cente_e47d3998] [COMPLETE] ● https://thequantuminsider.com/2023/12/15/rambus-...engine-ip-to-protect-data-center-infrastructure/  | ✓ | ⏱: 3.00s 
[00:30:38 +4s | thequantuminsider_2023_12_15_rambus_annouces_quantum_safe_engine_ip_to_protect_data_cente_e47d3998] Saved: crawl_output/4ba139113c_thequantuminsider.com_2023_12_15_rambus-annouces-quantum-safe-engine-ip-to-protect-data-center-infrastructure.json

[00:30:38 +5s | thequantuminsider_2023_12_15_rambus_annouces_quantum_safe_engine_ip_to_protect_data_cente_e47d3998] === 1 actor extraction ===
[00:30:39 +5s | thequantuminsider_2023_12_15_rambus_annouces_quantum_safe_engine_ip_to_protect_data_cente_e47d3998] Reading page (1/1): https://thequantuminsider.com/2023/12/15/rambus-annouces-quantum-safe-engine-ip-to-protect-data-center-infrastructure
[00:30:39 +5s | thequantuminsider_2023_12_15_rambus_annouces_quantum_safe_engine_ip_to_protect_data_cente_e47d3998] Extracting actors: https://thequantuminsider.com/2023/12/15/rambus-annouces-quantum-safe-engine-ip-to-protect-data-center-infrastructure (1/1), chunk 1/35
[00:30:43 +9s | thequantuminsider_2023_12_15_rambus_annouces_quantum_safe_engine_ip_to_protect_data_cente_e47d3998] Extracting actors: https://thequantuminsider.com/2023/12/15/rambus-annouces-quantum-safe-engine-ip-to-protect-data-center-infrastructure (1/1), chunk 2/35
[00:30:47 +14s | thequantuminsider_2023_12_15_rambus_annouces_quantum_safe_engine_ip_to_protect_data_cente_e47d3998] Extracting actors: https://thequantuminsider.com/2023/12/15/rambus-annouces-quantum-safe-engine-ip-to-protect-data-center-infrastructure (1/1), chunk 3/35
[00:30:53 +20s | thequantuminsider_2023_12_15_rambus_annouces_quantum_safe_engine_ip_to_protect_data_cente_e47d3998] Extracting actors: https://thequantuminsider.com/2023/12/15/rambus-annouces-quantum-safe-engine-ip-to-protect-data-center-infrastructure (1/1), chunk 4/35
[00:31:16 +43s | thequantuminsider_2023_12_15_rambus_annouces_quantum_safe_engine_ip_to_protect_data_cente_e47d3998] Extracting actors: https://thequantuminsider.com/2023/12/15/rambus-annouces-quantum-safe-engine-ip-to-protect-data-center-infrastructure (1/1), chunk 5/35
[00:31:19 +47s | thequantuminsider_2023_12_15_rambus_annouces_quantum_safe_engine_ip_to_protect_data_cente_e47d3998] Extracting actors: https://thequantuminsider.com/2023/12/15/rambus-annouces-quantum-safe-engine-ip-to-protect-data-center-infrastructure (1/1), chunk 6/35
[00:31:26 +53s | thequantuminsider_2023_12_15_rambus_annouces_quantum_safe_engine_ip_to_protect_data_cente_e47d3998] Extracting actors: https://thequantuminsider.com/2023/12/15/rambus-annouces-quantum-safe-engine-ip-to-protect-data-center-infrastructure (1/1), chunk 7/35
[00:31:35 +1m 3s | thequantuminsider_2023_12_15_rambus_annouces_quantum_safe_engine_ip_to_protect_data_cente_e47d3998] Extracting actors: https://thequantuminsider.com/2023/12/15/rambus-annouces-quantum-safe-engine-ip-to-protect-data-center-infrastructure (1/1), chunk 8/35
[00:31:42 +1m 10s | thequantuminsider_2023_12_15_rambus_annouces_quantum_safe_engine_ip_to_protect_data_cente_e47d3998] Extracting actors: https://thequantuminsider.com/2023/12/15/rambus-annouces-quantum-safe-engine-ip-to-protect-data-center-infrastructure (1/1), chunk 9/35
[00:31:48 +1m 16s | thequantuminsider_2023_12_15_rambus_annouces_quantum_safe_engine_ip_to_protect_data_cente_e47d3998] Extracting actors: https://thequantuminsider.com/2023/12/15/rambus-annouces-quantum-safe-engine-ip-to-protect-data-center-infrastructure (1/1), chunk 10/35
[00:31:52 +1m 21s | thequantuminsider_2023_12_15_rambus_annouces_quantum_safe_engine_ip_to_protect_data_cente_e47d3998] Extracting actors: https://thequantuminsider.com/2023/12/15/rambus-annouces-quantum-safe-engine-ip-to-protect-data-center-infrastructure (1/1), chunk 11/35
[00:32:00 +1m 28s | thequantuminsider_2023_12_15_rambus_annouces_quantum_safe_engine_ip_to_protect_data_cente_e47d3998] Repaired malformed JSON.
[00:32:00 +1m 28s | thequantuminsider_2023_12_15_rambus_annouces_quantum_safe_engine_ip_to_protect_data_cente_e47d3998] Extracting actors: https://thequantuminsider.com/2023/12/15/rambus-annouces-quantum-safe-engine-ip-to-protect-data-center-infrastructure (1/1), chunk 12/35
[00:32:07 +1m 36s | thequantuminsider_2023_12_15_rambus_annouces_quantum_safe_engine_ip_to_protect_data_cente_e47d3998] Repaired malformed JSON.
[00:32:07 +1m 36s | thequantuminsider_2023_12_15_rambus_annouces_quantum_safe_engine_ip_to_protect_data_cente_e47d3998] Extracting actors: https://thequantuminsider.com/2023/12/15/rambus-annouces-quantum-safe-engine-ip-to-protect-data-center-infrastructure (1/1), chunk 13/35
[00:32:15 +1m 43s | thequantuminsider_2023_12_15_rambus_annouces_quantum_safe_engine_ip_to_protect_data_cente_e47d3998] Repaired malformed JSON.
[00:32:15 +1m 43s | thequantuminsider_2023_12_15_rambus_annouces_quantum_safe_engine_ip_to_protect_data_cente_e47d3998] Extracting actors: https://thequantuminsider.com/2023/12/15/rambus-annouces-quantum-safe-engine-ip-to-protect-data-center-infrastructure (1/1), chunk 14/35
[00:32:21 +1m 49s | thequantuminsider_2023_12_15_rambus_annouces_quantum_safe_engine_ip_to_protect_data_cente_e47d3998] Repaired malformed JSON.
[00:32:21 +1m 49s | thequantuminsider_2023_12_15_rambus_annouces_quantum_safe_engine_ip_to_protect_data_cente_e47d3998] Extracting actors: https://thequantuminsider.com/2023/12/15/rambus-annouces-quantum-safe-engine-ip-to-protect-data-center-infrastructure (1/1), chunk 15/35
[00:32:26 +1m 55s | thequantuminsider_2023_12_15_rambus_annouces_quantum_safe_engine_ip_to_protect_data_cente_e47d3998] Repaired malformed JSON.
[00:32:26 +1m 55s | thequantuminsider_2023_12_15_rambus_annouces_quantum_safe_engine_ip_to_protect_data_cente_e47d3998] Extracting actors: https://thequantuminsider.com/2023/12/15/rambus-annouces-quantum-safe-engine-ip-to-protect-data-center-infrastructure (1/1), chunk 16/35
[00:32:32 +2m 1s | thequantuminsider_2023_12_15_rambus_annouces_quantum_safe_engine_ip_to_protect_data_cente_e47d3998] Extracting actors: https://thequantuminsider.com/2023/12/15/rambus-annouces-quantum-safe-engine-ip-to-protect-data-center-infrastructure (1/1), chunk 17/35
[00:32:38 +2m 7s | thequantuminsider_2023_12_15_rambus_annouces_quantum_safe_engine_ip_to_protect_data_cente_e47d3998] Repaired malformed JSON.
[00:32:38 +2m 7s | thequantuminsider_2023_12_15_rambus_annouces_quantum_safe_engine_ip_to_protect_data_cente_e47d3998] Extracting actors: https://thequantuminsider.com/2023/12/15/rambus-annouces-quantum-safe-engine-ip-to-protect-data-center-infrastructure (1/1), chunk 18/35
[00:32:55 +2m 25s | thequantuminsider_2023_12_15_rambus_annouces_quantum_safe_engine_ip_to_protect_data_cente_e47d3998] Repaired malformed JSON.
[00:32:55 +2m 25s | thequantuminsider_2023_12_15_rambus_annouces_quantum_safe_engine_ip_to_protect_data_cente_e47d3998] Extracting actors: https://thequantuminsider.com/2023/12/15/rambus-annouces-quantum-safe-engine-ip-to-protect-data-center-infrastructure (1/1), chunk 19/35
[00:33:01 +2m 31s | thequantuminsider_2023_12_15_rambus_annouces_quantum_safe_engine_ip_to_protect_data_cente_e47d3998] Repaired malformed JSON.
[00:33:01 +2m 31s | thequantuminsider_2023_12_15_rambus_annouces_quantum_safe_engine_ip_to_protect_data_cente_e47d3998] Extracting actors: https://thequantuminsider.com/2023/12/15/rambus-annouces-quantum-safe-engine-ip-to-protect-data-center-infrastructure (1/1), chunk 20/35
[00:33:09 +2m 38s | thequantuminsider_2023_12_15_rambus_annouces_quantum_safe_engine_ip_to_protect_data_cente_e47d3998] Repaired malformed JSON.
[00:33:09 +2m 38s | thequantuminsider_2023_12_15_rambus_annouces_quantum_safe_engine_ip_to_protect_data_cente_e47d3998] Extracting actors: https://thequantuminsider.com/2023/12/15/rambus-annouces-quantum-safe-engine-ip-to-protect-data-center-infrastructure (1/1), chunk 21/35
[00:33:18 +2m 48s | thequantuminsider_2023_12_15_rambus_annouces_quantum_safe_engine_ip_to_protect_data_cente_e47d3998] Repaired malformed JSON.
[00:33:18 +2m 48s | thequantuminsider_2023_12_15_rambus_annouces_quantum_safe_engine_ip_to_protect_data_cente_e47d3998] Extracting actors: https://thequantuminsider.com/2023/12/15/rambus-annouces-quantum-safe-engine-ip-to-protect-data-center-infrastructure (1/1), chunk 22/35
[00:33:28 +2m 59s | thequantuminsider_2023_12_15_rambus_annouces_quantum_safe_engine_ip_to_protect_data_cente_e47d3998] Repaired malformed JSON.
[00:33:28 +2m 59s | thequantuminsider_2023_12_15_rambus_annouces_quantum_safe_engine_ip_to_protect_data_cente_e47d3998] Extracting actors: https://thequantuminsider.com/2023/12/15/rambus-annouces-quantum-safe-engine-ip-to-protect-data-center-infrastructure (1/1), chunk 23/35
[00:33:34 +3m 5s | thequantuminsider_2023_12_15_rambus_annouces_quantum_safe_engine_ip_to_protect_data_cente_e47d3998] Extracting actors: https://thequantuminsider.com/2023/12/15/rambus-annouces-quantum-safe-engine-ip-to-protect-data-center-infrastructure (1/1), chunk 24/35
[00:33:44 +3m 14s | thequantuminsider_2023_12_15_rambus_annouces_quantum_safe_engine_ip_to_protect_data_cente_e47d3998] Repaired malformed JSON.
[00:33:44 +3m 14s | thequantuminsider_2023_12_15_rambus_annouces_quantum_safe_engine_ip_to_protect_data_cente_e47d3998] Extracting actors: https://thequantuminsider.com/2023/12/15/rambus-annouces-quantum-safe-engine-ip-to-protect-data-center-infrastructure (1/1), chunk 25/35
[00:33:52 +3m 22s | thequantuminsider_2023_12_15_rambus_annouces_quantum_safe_engine_ip_to_protect_data_cente_e47d3998] Extracting actors: https://thequantuminsider.com/2023/12/15/rambus-annouces-quantum-safe-engine-ip-to-protect-data-center-infrastructure (1/1), chunk 26/35
[00:34:02 +3m 33s | thequantuminsider_2023_12_15_rambus_annouces_quantum_safe_engine_ip_to_protect_data_cente_e47d3998] Extracting actors: https://thequantuminsider.com/2023/12/15/rambus-annouces-quantum-safe-engine-ip-to-protect-data-center-infrastructure (1/1), chunk 27/35
[00:34:04 +3m 35s | thequantuminsider_2023_12_15_rambus_annouces_quantum_safe_engine_ip_to_protect_data_cente_e47d3998] Extracting actors: https://thequantuminsider.com/2023/12/15/rambus-annouces-quantum-safe-engine-ip-to-protect-data-center-infrastructure (1/1), chunk 28/35
[00:34:11 +3m 43s | thequantuminsider_2023_12_15_rambus_annouces_quantum_safe_engine_ip_to_protect_data_cente_e47d3998] Repaired malformed JSON.
[00:34:11 +3m 43s | thequantuminsider_2023_12_15_rambus_annouces_quantum_safe_engine_ip_to_protect_data_cente_e47d3998] Extracting actors: https://thequantuminsider.com/2023/12/15/rambus-annouces-quantum-safe-engine-ip-to-protect-data-center-infrastructure (1/1), chunk 29/35
[00:34:21 +3m 52s | thequantuminsider_2023_12_15_rambus_annouces_quantum_safe_engine_ip_to_protect_data_cente_e47d3998] Repaired malformed JSON.
[00:34:21 +3m 52s | thequantuminsider_2023_12_15_rambus_annouces_quantum_safe_engine_ip_to_protect_data_cente_e47d3998] Extracting actors: https://thequantuminsider.com/2023/12/15/rambus-annouces-quantum-safe-engine-ip-to-protect-data-center-infrastructure (1/1), chunk 30/35
[00:34:27 +3m 58s | thequantuminsider_2023_12_15_rambus_annouces_quantum_safe_engine_ip_to_protect_data_cente_e47d3998] Extracting actors: https://thequantuminsider.com/2023/12/15/rambus-annouces-quantum-safe-engine-ip-to-protect-data-center-infrastructure (1/1), chunk 31/35
[00:34:35 +4m 7s | thequantuminsider_2023_12_15_rambus_annouces_quantum_safe_engine_ip_to_protect_data_cente_e47d3998] Repaired malformed JSON.
[00:34:35 +4m 7s | thequantuminsider_2023_12_15_rambus_annouces_quantum_safe_engine_ip_to_protect_data_cente_e47d3998] Extracting actors: https://thequantuminsider.com/2023/12/15/rambus-annouces-quantum-safe-engine-ip-to-protect-data-center-infrastructure (1/1), chunk 32/35
[00:34:44 +4m 17s | thequantuminsider_2023_12_15_rambus_annouces_quantum_safe_engine_ip_to_protect_data_cente_e47d3998] Repaired malformed JSON.
[00:34:44 +4m 17s | thequantuminsider_2023_12_15_rambus_annouces_quantum_safe_engine_ip_to_protect_data_cente_e47d3998] Extracting actors: https://thequantuminsider.com/2023/12/15/rambus-annouces-quantum-safe-engine-ip-to-protect-data-center-infrastructure (1/1), chunk 33/35
[00:34:53 +4m 26s | thequantuminsider_2023_12_15_rambus_annouces_quantum_safe_engine_ip_to_protect_data_cente_e47d3998] Repaired malformed JSON.
[00:34:53 +4m 26s | thequantuminsider_2023_12_15_rambus_annouces_quantum_safe_engine_ip_to_protect_data_cente_e47d3998] Extracting actors: https://thequantuminsider.com/2023/12/15/rambus-annouces-quantum-safe-engine-ip-to-protect-data-center-infrastructure (1/1), chunk 34/35
[00:35:02 +4m 35s | thequantuminsider_2023_12_15_rambus_annouces_quantum_safe_engine_ip_to_protect_data_cente_e47d3998] Repaired malformed JSON.
[00:35:02 +4m 35s | thequantuminsider_2023_12_15_rambus_annouces_quantum_safe_engine_ip_to_protect_data_cente_e47d3998] Extracting actors: https://thequantuminsider.com/2023/12/15/rambus-annouces-quantum-safe-engine-ip-to-protect-data-center-infrastructure (1/1), chunk 35/35
[00:35:11 +4m 44s | thequantuminsider_2023_12_15_rambus_annouces_quantum_safe_engine_ip_to_protect_data_cente_e47d3998] Repaired malformed JSON.
[00:35:11 +4m 44s | thequantuminsider_2023_12_15_rambus_annouces_quantum_safe_engine_ip_to_protect_data_cente_e47d3998] Saved 1_actor_results.json with 49 extracted records

[00:35:11 +4m 44s | thequantuminsider_2023_12_15_rambus_annouces_quantum_safe_engine_ip_to_protect_data_cente_e47d3998] === 2 clean actors ===
[00:35:11 +4m 44s | thequantuminsider_2023_12_15_rambus_annouces_quantum_safe_engine_ip_to_protect_data_cente_e47d3998] Loaded 49 extracted records
[00:35:11 +4m 44s | thequantuminsider_2023_12_15_rambus_annouces_quantum_safe_engine_ip_to_protect_data_cente_e47d3998] Saved 2_actor_nodes.json with 14 canonical actor nodes

[00:35:11 +4m 44s | thequantuminsider_2023_12_15_rambus_annouces_quantum_safe_engine_ip_to_protect_data_cente_e47d3998] === 3 interaction extraction ===
[00:35:11 +4m 44s | thequantuminsider_2023_12_15_rambus_annouces_quantum_safe_engine_ip_to_protect_data_cente_e47d3998] Extracting interactions: https://thequantuminsider.com/2023/12/15/rambus-annouces-quantum-safe-engine-ip-to-protect-data-center-infrastructure (1/1), chunk 11/35
[00:35:17 +4m 50s | thequantuminsider_2023_12_15_rambus_annouces_quantum_safe_engine_ip_to_protect_data_cente_e47d3998] Extracting interactions: https://thequantuminsider.com/2023/12/15/rambus-annouces-quantum-safe-engine-ip-to-protect-data-center-infrastructure (1/1), chunk 12/35
[00:35:24 +4m 57s | thequantuminsider_2023_12_15_rambus_annouces_quantum_safe_engine_ip_to_protect_data_cente_e47d3998] Extracting interactions: https://thequantuminsider.com/2023/12/15/rambus-annouces-quantum-safe-engine-ip-to-protect-data-center-infrastructure (1/1), chunk 14/35
[00:35:29 +5m 2s | thequantuminsider_2023_12_15_rambus_annouces_quantum_safe_engine_ip_to_protect_data_cente_e47d3998] Extracting interactions: https://thequantuminsider.com/2023/12/15/rambus-annouces-quantum-safe-engine-ip-to-protect-data-center-infrastructure (1/1), chunk 15/35
[00:35:30 +5m 3s | thequantuminsider_2023_12_15_rambus_annouces_quantum_safe_engine_ip_to_protect_data_cente_e47d3998] Extracting interactions: https://thequantuminsider.com/2023/12/15/rambus-annouces-quantum-safe-engine-ip-to-protect-data-center-infrastructure (1/1), chunk 17/35
[00:35:31 +5m 5s | thequantuminsider_2023_12_15_rambus_annouces_quantum_safe_engine_ip_to_protect_data_cente_e47d3998] Extracting interactions: https://thequantuminsider.com/2023/12/15/rambus-annouces-quantum-safe-engine-ip-to-protect-data-center-infrastructure (1/1), chunk 18/35
[00:35:33 +5m 7s | thequantuminsider_2023_12_15_rambus_annouces_quantum_safe_engine_ip_to_protect_data_cente_e47d3998] Extracting interactions: https://thequantuminsider.com/2023/12/15/rambus-annouces-quantum-safe-engine-ip-to-protect-data-center-infrastructure (1/1), chunk 19/35
[00:35:43 +5m 17s | thequantuminsider_2023_12_15_rambus_annouces_quantum_safe_engine_ip_to_protect_data_cente_e47d3998] Extracting interactions: https://thequantuminsider.com/2023/12/15/rambus-annouces-quantum-safe-engine-ip-to-protect-data-center-infrastructure (1/1), chunk 20/35
[00:35:49 +5m 23s | thequantuminsider_2023_12_15_rambus_annouces_quantum_safe_engine_ip_to_protect_data_cente_e47d3998] Extracting interactions: https://thequantuminsider.com/2023/12/15/rambus-annouces-quantum-safe-engine-ip-to-protect-data-center-infrastructure (1/1), chunk 24/35
[00:36:05 +5m 39s | thequantuminsider_2023_12_15_rambus_annouces_quantum_safe_engine_ip_to_protect_data_cente_e47d3998] Extracting interactions: https://thequantuminsider.com/2023/12/15/rambus-annouces-quantum-safe-engine-ip-to-protect-data-center-infrastructure (1/1), chunk 25/35
[00:36:06 +5m 41s | thequantuminsider_2023_12_15_rambus_annouces_quantum_safe_engine_ip_to_protect_data_cente_e47d3998] Extracting interactions: https://thequantuminsider.com/2023/12/15/rambus-annouces-quantum-safe-engine-ip-to-protect-data-center-infrastructure (1/1), chunk 26/35
[00:36:08 +5m 43s | thequantuminsider_2023_12_15_rambus_annouces_quantum_safe_engine_ip_to_protect_data_cente_e47d3998] Extracting interactions: https://thequantuminsider.com/2023/12/15/rambus-annouces-quantum-safe-engine-ip-to-protect-data-center-infrastructure (1/1), chunk 28/35
[00:36:10 +5m 44s | thequantuminsider_2023_12_15_rambus_annouces_quantum_safe_engine_ip_to_protect_data_cente_e47d3998] Extracting interactions: https://thequantuminsider.com/2023/12/15/rambus-annouces-quantum-safe-engine-ip-to-protect-data-center-infrastructure (1/1), chunk 29/35
[00:36:11 +5m 46s | thequantuminsider_2023_12_15_rambus_annouces_quantum_safe_engine_ip_to_protect_data_cente_e47d3998] Extracting interactions: https://thequantuminsider.com/2023/12/15/rambus-annouces-quantum-safe-engine-ip-to-protect-data-center-infrastructure (1/1), chunk 30/35
[00:36:13 +5m 48s | thequantuminsider_2023_12_15_rambus_annouces_quantum_safe_engine_ip_to_protect_data_cente_e47d3998] Extracting interactions: https://thequantuminsider.com/2023/12/15/rambus-annouces-quantum-safe-engine-ip-to-protect-data-center-infrastructure (1/1), chunk 31/35
[00:36:15 +5m 49s | thequantuminsider_2023_12_15_rambus_annouces_quantum_safe_engine_ip_to_protect_data_cente_e47d3998] Extracting interactions: https://thequantuminsider.com/2023/12/15/rambus-annouces-quantum-safe-engine-ip-to-protect-data-center-infrastructure (1/1), chunk 33/35
[00:36:17 +5m 52s | thequantuminsider_2023_12_15_rambus_annouces_quantum_safe_engine_ip_to_protect_data_cente_e47d3998] Extracting interactions: https://thequantuminsider.com/2023/12/15/rambus-annouces-quantum-safe-engine-ip-to-protect-data-center-infrastructure (1/1), chunk 34/35
[00:36:34 +6m 10s | thequantuminsider_2023_12_15_rambus_annouces_quantum_safe_engine_ip_to_protect_data_cente_e47d3998] Extracting interactions: https://thequantuminsider.com/2023/12/15/rambus-annouces-quantum-safe-engine-ip-to-protect-data-center-infrastructure (1/1), chunk 35/35
[00:36:37 +6m 12s | thequantuminsider_2023_12_15_rambus_annouces_quantum_safe_engine_ip_to_protect_data_cente_e47d3998] Saved 3_interaction_results.json with 10 extracted interactions.

[00:36:37 +6m 12s | thequantuminsider_2023_12_15_rambus_annouces_quantum_safe_engine_ip_to_protect_data_cente_e47d3998] === 4 clean interactions ===
[00:36:37 +6m 12s | thequantuminsider_2023_12_15_rambus_annouces_quantum_safe_engine_ip_to_protect_data_cente_e47d3998] Saved 4_edges.json with 1 cleaned interactions.

[00:36:37 +6m 12s | thequantuminsider_2023_12_15_rambus_annouces_quantum_safe_engine_ip_to_protect_data_cente_e47d3998] === 5 helix enrichment ===
[00:36:37 +6m 12s | thequantuminsider_2023_12_15_rambus_annouces_quantum_safe_engine_ip_to_protect_data_cente_e47d3998] Wrote 5_nodes.json (14 actors)
[00:36:37 +6m 12s | thequantuminsider_2023_12_15_rambus_annouces_quantum_safe_engine_ip_to_protect_data_cente_e47d3998] Wrote 5_edges.json (1 interactions)
[00:36:37 +6m 12s | thequantuminsider_2023_12_15_rambus_annouces_quantum_safe_engine_ip_to_protect_data_cente_e47d3998] Actor helix counts: {'Academia': 1, 'Civil Society': 3, 'Industry': 5, 'Unknown': 5}
[00:36:37 +6m 12s | thequantuminsider_2023_12_15_rambus_annouces_quantum_safe_engine_ip_to_protect_data_cente_e47d3998] Functional-space counts: {'Intra-helix / Not classified': 1}

[00:36:37 +6m 12s | thequantuminsider_2023_12_15_rambus_annouces_quantum_safe_engine_ip_to_protect_data_cente_e47d3998] === 6 network visualisation ===
[00:36:37 +6m 13s | thequantuminsider_2023_12_15_rambus_annouces_quantum_safe_engine_ip_to_protect_data_cente_e47d3998] Wrote quantum_network.html
[00:36:37 +6m 13s | thequantuminsider_2023_12_15_rambus_annouces_quantum_safe_engine_ip_to_protect_data_cente_e47d3998] Nodes: 14
[00:36:37 +6m 13s | thequantuminsider_2023_12_15_rambus_annouces_quantum_safe_engine_ip_to_protect_data_cente_e47d3998] Edges: 1

[00:36:37 +6m 13s | thequantuminsider_2023_12_15_rambus_annouces_quantum_safe_engine_ip_to_protect_data_cente_e47d3998] Done. Outputs written to: /home/lv/IDP/idpdeeptech/pipeline/news_outputs/thequantuminsider_2023_12_15_rambus_annouces_quantum_safe_engine_ip_to_protect_data_cente_e47d3998
[00:36:37 +6m 13s | thequantuminsider_2023_12_15_rambus_annouces_quantum_safe_engine_ip_to_protect_data_cente_e47d3998] Log: /home/lv/IDP/idpdeeptech/pipeline/news_outputs/thequantuminsider_2023_12_15_rambus_annouces_quantum_safe_engine_ip_to_protect_data_cente_e47d3998/run.log

========================================================================
RUN FINISHED 2026-07-05 00:36:37  (OK)
Started:     2026-07-05 00:30:34
Elapsed:     6m 13s
========================================================================
