
========================================================================
RUN STARTED  2026-07-05 07:04:47
site_pipeline.py https://thequantuminsider.com/2023/10/03/guest-post-unlocking-the-quantum-frontier-coherence-in-neutral-atom-systems/
========================================================================

[07:04:47 +0s | thequantuminsider_2023_10_03_guest_post_unlocking_the_quantum_frontier_coherence_in_neutr_ea891226] === 0 crawl site ===
[07:04:48 +2s | thequantuminsider_2023_10_03_guest_post_unlocking_the_quantum_frontier_coherence_in_neutr_ea891226] [INIT].... → Crawl4AI 0.8.6 
[07:04:50 +3s | thequantuminsider_2023_10_03_guest_post_unlocking_the_quantum_frontier_coherence_in_neutr_ea891226] [FETCH]... ↓ https://thequantuminsider.com/2023/10/03/guest-p...ntum-frontier-coherence-in-neutral-atom-systems/  | ✓ | ⏱: 1.82s 
[07:04:50 +3s | thequantuminsider_2023_10_03_guest_post_unlocking_the_quantum_frontier_coherence_in_neutr_ea891226] [SCRAPE].. ◆ https://thequantuminsider.com/2023/10/03/guest-p...ntum-frontier-coherence-in-neutral-atom-systems/  | ✓ | ⏱: 0.13s 
[07:04:50 +3s | thequantuminsider_2023_10_03_guest_post_unlocking_the_quantum_frontier_coherence_in_neutr_ea891226] [COMPLETE] ● https://thequantuminsider.com/2023/10/03/guest-p...ntum-frontier-coherence-in-neutral-atom-systems/  | ✓ | ⏱: 1.97s 
[07:04:50 +4s | thequantuminsider_2023_10_03_guest_post_unlocking_the_quantum_frontier_coherence_in_neutr_ea891226] Saved: crawl_output/7fdab46b05_thequantuminsider.com_2023_10_03_guest-post-unlocking-the-quantum-frontier-coherence-in-neutral-atom-systems.json

[07:04:51 +4s | thequantuminsider_2023_10_03_guest_post_unlocking_the_quantum_frontier_coherence_in_neutr_ea891226] === 1 actor extraction ===
[07:04:51 +4s | thequantuminsider_2023_10_03_guest_post_unlocking_the_quantum_frontier_coherence_in_neutr_ea891226] Reading page (1/1): https://thequantuminsider.com/2023/10/03/guest-post-unlocking-the-quantum-frontier-coherence-in-neutral-atom-systems
[07:04:51 +4s | thequantuminsider_2023_10_03_guest_post_unlocking_the_quantum_frontier_coherence_in_neutr_ea891226] Extracting actors: https://thequantuminsider.com/2023/10/03/guest-post-unlocking-the-quantum-frontier-coherence-in-neutral-atom-systems (1/1), chunk 1/39
[07:04:55 +11s | thequantuminsider_2023_10_03_guest_post_unlocking_the_quantum_frontier_coherence_in_neutr_ea891226] Extracting actors: https://thequantuminsider.com/2023/10/03/guest-post-unlocking-the-quantum-frontier-coherence-in-neutral-atom-systems (1/1), chunk 2/39
[07:05:01 +16s | thequantuminsider_2023_10_03_guest_post_unlocking_the_quantum_frontier_coherence_in_neutr_ea891226] Extracting actors: https://thequantuminsider.com/2023/10/03/guest-post-unlocking-the-quantum-frontier-coherence-in-neutral-atom-systems (1/1), chunk 3/39
[07:05:05 +21s | thequantuminsider_2023_10_03_guest_post_unlocking_the_quantum_frontier_coherence_in_neutr_ea891226] Extracting actors: https://thequantuminsider.com/2023/10/03/guest-post-unlocking-the-quantum-frontier-coherence-in-neutral-atom-systems (1/1), chunk 4/39
[07:05:11 +26s | thequantuminsider_2023_10_03_guest_post_unlocking_the_quantum_frontier_coherence_in_neutr_ea891226] Extracting actors: https://thequantuminsider.com/2023/10/03/guest-post-unlocking-the-quantum-frontier-coherence-in-neutral-atom-systems (1/1), chunk 5/39
[07:05:33 +51s | thequantuminsider_2023_10_03_guest_post_unlocking_the_quantum_frontier_coherence_in_neutr_ea891226] Extracting actors: https://thequantuminsider.com/2023/10/03/guest-post-unlocking-the-quantum-frontier-coherence-in-neutral-atom-systems (1/1), chunk 6/39
[07:05:43 +1m 0s | thequantuminsider_2023_10_03_guest_post_unlocking_the_quantum_frontier_coherence_in_neutr_ea891226] Repaired malformed JSON.
[07:05:43 +1m 0s | thequantuminsider_2023_10_03_guest_post_unlocking_the_quantum_frontier_coherence_in_neutr_ea891226] Extracting actors: https://thequantuminsider.com/2023/10/03/guest-post-unlocking-the-quantum-frontier-coherence-in-neutral-atom-systems (1/1), chunk 7/39
[07:05:48 +1m 6s | thequantuminsider_2023_10_03_guest_post_unlocking_the_quantum_frontier_coherence_in_neutr_ea891226] Extracting actors: https://thequantuminsider.com/2023/10/03/guest-post-unlocking-the-quantum-frontier-coherence-in-neutral-atom-systems (1/1), chunk 8/39
[07:05:50 +1m 10s | thequantuminsider_2023_10_03_guest_post_unlocking_the_quantum_frontier_coherence_in_neutr_ea891226] Extracting actors: https://thequantuminsider.com/2023/10/03/guest-post-unlocking-the-quantum-frontier-coherence-in-neutral-atom-systems (1/1), chunk 9/39
[07:05:57 +1m 17s | thequantuminsider_2023_10_03_guest_post_unlocking_the_quantum_frontier_coherence_in_neutr_ea891226] Extracting actors: https://thequantuminsider.com/2023/10/03/guest-post-unlocking-the-quantum-frontier-coherence-in-neutral-atom-systems (1/1), chunk 10/39
[07:06:04 +1m 23s | thequantuminsider_2023_10_03_guest_post_unlocking_the_quantum_frontier_coherence_in_neutr_ea891226] Extracting actors: https://thequantuminsider.com/2023/10/03/guest-post-unlocking-the-quantum-frontier-coherence-in-neutral-atom-systems (1/1), chunk 11/39
[07:06:09 +1m 29s | thequantuminsider_2023_10_03_guest_post_unlocking_the_quantum_frontier_coherence_in_neutr_ea891226] Extracting actors: https://thequantuminsider.com/2023/10/03/guest-post-unlocking-the-quantum-frontier-coherence-in-neutral-atom-systems (1/1), chunk 12/39
[07:06:16 +1m 36s | thequantuminsider_2023_10_03_guest_post_unlocking_the_quantum_frontier_coherence_in_neutr_ea891226] Repaired malformed JSON.
[07:06:16 +1m 36s | thequantuminsider_2023_10_03_guest_post_unlocking_the_quantum_frontier_coherence_in_neutr_ea891226] Extracting actors: https://thequantuminsider.com/2023/10/03/guest-post-unlocking-the-quantum-frontier-coherence-in-neutral-atom-systems (1/1), chunk 13/39
[07:06:21 +1m 43s | thequantuminsider_2023_10_03_guest_post_unlocking_the_quantum_frontier_coherence_in_neutr_ea891226] Repaired malformed JSON.
[07:06:21 +1m 43s | thequantuminsider_2023_10_03_guest_post_unlocking_the_quantum_frontier_coherence_in_neutr_ea891226] Extracting actors: https://thequantuminsider.com/2023/10/03/guest-post-unlocking-the-quantum-frontier-coherence-in-neutral-atom-systems (1/1), chunk 14/39
[07:06:30 +1m 52s | thequantuminsider_2023_10_03_guest_post_unlocking_the_quantum_frontier_coherence_in_neutr_ea891226] Repaired malformed JSON.
[07:06:30 +1m 52s | thequantuminsider_2023_10_03_guest_post_unlocking_the_quantum_frontier_coherence_in_neutr_ea891226] Extracting actors: https://thequantuminsider.com/2023/10/03/guest-post-unlocking-the-quantum-frontier-coherence-in-neutral-atom-systems (1/1), chunk 15/39
[07:06:41 +2m 3s | thequantuminsider_2023_10_03_guest_post_unlocking_the_quantum_frontier_coherence_in_neutr_ea891226] Repaired malformed JSON.
[07:06:41 +2m 3s | thequantuminsider_2023_10_03_guest_post_unlocking_the_quantum_frontier_coherence_in_neutr_ea891226] Extracting actors: https://thequantuminsider.com/2023/10/03/guest-post-unlocking-the-quantum-frontier-coherence-in-neutral-atom-systems (1/1), chunk 16/39
[07:06:47 +2m 9s | thequantuminsider_2023_10_03_guest_post_unlocking_the_quantum_frontier_coherence_in_neutr_ea891226] Extracting actors: https://thequantuminsider.com/2023/10/03/guest-post-unlocking-the-quantum-frontier-coherence-in-neutral-atom-systems (1/1), chunk 17/39
[07:06:53 +2m 17s | thequantuminsider_2023_10_03_guest_post_unlocking_the_quantum_frontier_coherence_in_neutr_ea891226] Repaired malformed JSON.
[07:06:53 +2m 17s | thequantuminsider_2023_10_03_guest_post_unlocking_the_quantum_frontier_coherence_in_neutr_ea891226] Extracting actors: https://thequantuminsider.com/2023/10/03/guest-post-unlocking-the-quantum-frontier-coherence-in-neutral-atom-systems (1/1), chunk 18/39
[07:07:12 +2m 36s | thequantuminsider_2023_10_03_guest_post_unlocking_the_quantum_frontier_coherence_in_neutr_ea891226] Repaired malformed JSON.
[07:07:12 +2m 36s | thequantuminsider_2023_10_03_guest_post_unlocking_the_quantum_frontier_coherence_in_neutr_ea891226] Extracting actors: https://thequantuminsider.com/2023/10/03/guest-post-unlocking-the-quantum-frontier-coherence-in-neutral-atom-systems (1/1), chunk 19/39
[07:07:19 +2m 44s | thequantuminsider_2023_10_03_guest_post_unlocking_the_quantum_frontier_coherence_in_neutr_ea891226] Repaired malformed JSON.
[07:07:19 +2m 44s | thequantuminsider_2023_10_03_guest_post_unlocking_the_quantum_frontier_coherence_in_neutr_ea891226] Extracting actors: https://thequantuminsider.com/2023/10/03/guest-post-unlocking-the-quantum-frontier-coherence-in-neutral-atom-systems (1/1), chunk 20/39
[07:07:25 +2m 51s | thequantuminsider_2023_10_03_guest_post_unlocking_the_quantum_frontier_coherence_in_neutr_ea891226] Extracting actors: https://thequantuminsider.com/2023/10/03/guest-post-unlocking-the-quantum-frontier-coherence-in-neutral-atom-systems (1/1), chunk 21/39
[07:07:36 +3m 3s | thequantuminsider_2023_10_03_guest_post_unlocking_the_quantum_frontier_coherence_in_neutr_ea891226] Repaired malformed JSON.
[07:07:36 +3m 3s | thequantuminsider_2023_10_03_guest_post_unlocking_the_quantum_frontier_coherence_in_neutr_ea891226] Extracting actors: https://thequantuminsider.com/2023/10/03/guest-post-unlocking-the-quantum-frontier-coherence-in-neutral-atom-systems (1/1), chunk 22/39
[07:07:44 +3m 11s | thequantuminsider_2023_10_03_guest_post_unlocking_the_quantum_frontier_coherence_in_neutr_ea891226] Repaired malformed JSON.
[07:07:44 +3m 11s | thequantuminsider_2023_10_03_guest_post_unlocking_the_quantum_frontier_coherence_in_neutr_ea891226] Extracting actors: https://thequantuminsider.com/2023/10/03/guest-post-unlocking-the-quantum-frontier-coherence-in-neutral-atom-systems (1/1), chunk 23/39
[07:08:10 +3m 39s | thequantuminsider_2023_10_03_guest_post_unlocking_the_quantum_frontier_coherence_in_neutr_ea891226] Repaired malformed JSON.
[07:08:10 +3m 39s | thequantuminsider_2023_10_03_guest_post_unlocking_the_quantum_frontier_coherence_in_neutr_ea891226] Extracting actors: https://thequantuminsider.com/2023/10/03/guest-post-unlocking-the-quantum-frontier-coherence-in-neutral-atom-systems (1/1), chunk 24/39
[07:08:17 +3m 46s | thequantuminsider_2023_10_03_guest_post_unlocking_the_quantum_frontier_coherence_in_neutr_ea891226] Repaired malformed JSON.
[07:08:17 +3m 46s | thequantuminsider_2023_10_03_guest_post_unlocking_the_quantum_frontier_coherence_in_neutr_ea891226] Extracting actors: https://thequantuminsider.com/2023/10/03/guest-post-unlocking-the-quantum-frontier-coherence-in-neutral-atom-systems (1/1), chunk 25/39
[07:08:22 +3m 54s | thequantuminsider_2023_10_03_guest_post_unlocking_the_quantum_frontier_coherence_in_neutr_ea891226] Repaired malformed JSON.
[07:08:22 +3m 54s | thequantuminsider_2023_10_03_guest_post_unlocking_the_quantum_frontier_coherence_in_neutr_ea891226] Extracting actors: https://thequantuminsider.com/2023/10/03/guest-post-unlocking-the-quantum-frontier-coherence-in-neutral-atom-systems (1/1), chunk 26/39
[07:08:30 +4m 1s | thequantuminsider_2023_10_03_guest_post_unlocking_the_quantum_frontier_coherence_in_neutr_ea891226] Repaired malformed JSON.
[07:08:30 +4m 1s | thequantuminsider_2023_10_03_guest_post_unlocking_the_quantum_frontier_coherence_in_neutr_ea891226] Extracting actors: https://thequantuminsider.com/2023/10/03/guest-post-unlocking-the-quantum-frontier-coherence-in-neutral-atom-systems (1/1), chunk 27/39
[07:08:36 +4m 7s | thequantuminsider_2023_10_03_guest_post_unlocking_the_quantum_frontier_coherence_in_neutr_ea891226] Extracting actors: https://thequantuminsider.com/2023/10/03/guest-post-unlocking-the-quantum-frontier-coherence-in-neutral-atom-systems (1/1), chunk 28/39
[07:08:57 +4m 31s | thequantuminsider_2023_10_03_guest_post_unlocking_the_quantum_frontier_coherence_in_neutr_ea891226] Repaired malformed JSON.
[07:08:57 +4m 31s | thequantuminsider_2023_10_03_guest_post_unlocking_the_quantum_frontier_coherence_in_neutr_ea891226] Extracting actors: https://thequantuminsider.com/2023/10/03/guest-post-unlocking-the-quantum-frontier-coherence-in-neutral-atom-systems (1/1), chunk 29/39
[07:09:05 +4m 38s | thequantuminsider_2023_10_03_guest_post_unlocking_the_quantum_frontier_coherence_in_neutr_ea891226] Extracting actors: https://thequantuminsider.com/2023/10/03/guest-post-unlocking-the-quantum-frontier-coherence-in-neutral-atom-systems (1/1), chunk 30/39
[07:09:09 +4m 42s | thequantuminsider_2023_10_03_guest_post_unlocking_the_quantum_frontier_coherence_in_neutr_ea891226] Extracting actors: https://thequantuminsider.com/2023/10/03/guest-post-unlocking-the-quantum-frontier-coherence-in-neutral-atom-systems (1/1), chunk 31/39
[07:09:15 +4m 49s | thequantuminsider_2023_10_03_guest_post_unlocking_the_quantum_frontier_coherence_in_neutr_ea891226] Repaired malformed JSON.
[07:09:15 +4m 49s | thequantuminsider_2023_10_03_guest_post_unlocking_the_quantum_frontier_coherence_in_neutr_ea891226] Extracting actors: https://thequantuminsider.com/2023/10/03/guest-post-unlocking-the-quantum-frontier-coherence-in-neutral-atom-systems (1/1), chunk 32/39
[07:09:23 +4m 59s | thequantuminsider_2023_10_03_guest_post_unlocking_the_quantum_frontier_coherence_in_neutr_ea891226] Repaired malformed JSON.
[07:09:23 +4m 59s | thequantuminsider_2023_10_03_guest_post_unlocking_the_quantum_frontier_coherence_in_neutr_ea891226] Extracting actors: https://thequantuminsider.com/2023/10/03/guest-post-unlocking-the-quantum-frontier-coherence-in-neutral-atom-systems (1/1), chunk 33/39
[07:09:31 +5m 6s | thequantuminsider_2023_10_03_guest_post_unlocking_the_quantum_frontier_coherence_in_neutr_ea891226] Repaired malformed JSON.
[07:09:31 +5m 6s | thequantuminsider_2023_10_03_guest_post_unlocking_the_quantum_frontier_coherence_in_neutr_ea891226] Extracting actors: https://thequantuminsider.com/2023/10/03/guest-post-unlocking-the-quantum-frontier-coherence-in-neutral-atom-systems (1/1), chunk 34/39
[07:09:41 +5m 16s | thequantuminsider_2023_10_03_guest_post_unlocking_the_quantum_frontier_coherence_in_neutr_ea891226] Repaired malformed JSON.
[07:09:41 +5m 16s | thequantuminsider_2023_10_03_guest_post_unlocking_the_quantum_frontier_coherence_in_neutr_ea891226] Extracting actors: https://thequantuminsider.com/2023/10/03/guest-post-unlocking-the-quantum-frontier-coherence-in-neutral-atom-systems (1/1), chunk 35/39
[07:09:50 +5m 26s | thequantuminsider_2023_10_03_guest_post_unlocking_the_quantum_frontier_coherence_in_neutr_ea891226] Repaired malformed JSON.
[07:09:50 +5m 26s | thequantuminsider_2023_10_03_guest_post_unlocking_the_quantum_frontier_coherence_in_neutr_ea891226] Extracting actors: https://thequantuminsider.com/2023/10/03/guest-post-unlocking-the-quantum-frontier-coherence-in-neutral-atom-systems (1/1), chunk 36/39
[07:09:57 +5m 35s | thequantuminsider_2023_10_03_guest_post_unlocking_the_quantum_frontier_coherence_in_neutr_ea891226] Repaired malformed JSON.
[07:09:57 +5m 35s | thequantuminsider_2023_10_03_guest_post_unlocking_the_quantum_frontier_coherence_in_neutr_ea891226] Extracting actors: https://thequantuminsider.com/2023/10/03/guest-post-unlocking-the-quantum-frontier-coherence-in-neutral-atom-systems (1/1), chunk 37/39
[07:10:04 +5m 42s | thequantuminsider_2023_10_03_guest_post_unlocking_the_quantum_frontier_coherence_in_neutr_ea891226] Repaired malformed JSON.
[07:10:04 +5m 42s | thequantuminsider_2023_10_03_guest_post_unlocking_the_quantum_frontier_coherence_in_neutr_ea891226] Extracting actors: https://thequantuminsider.com/2023/10/03/guest-post-unlocking-the-quantum-frontier-coherence-in-neutral-atom-systems (1/1), chunk 38/39
[07:10:13 +5m 51s | thequantuminsider_2023_10_03_guest_post_unlocking_the_quantum_frontier_coherence_in_neutr_ea891226] Repaired malformed JSON.
[07:10:13 +5m 51s | thequantuminsider_2023_10_03_guest_post_unlocking_the_quantum_frontier_coherence_in_neutr_ea891226] Extracting actors: https://thequantuminsider.com/2023/10/03/guest-post-unlocking-the-quantum-frontier-coherence-in-neutral-atom-systems (1/1), chunk 39/39
[07:10:19 +5m 57s | thequantuminsider_2023_10_03_guest_post_unlocking_the_quantum_frontier_coherence_in_neutr_ea891226] Repaired malformed JSON.
[07:10:19 +5m 57s | thequantuminsider_2023_10_03_guest_post_unlocking_the_quantum_frontier_coherence_in_neutr_ea891226] Saved 1_actor_results.json with 56 extracted records

[07:10:19 +5m 57s | thequantuminsider_2023_10_03_guest_post_unlocking_the_quantum_frontier_coherence_in_neutr_ea891226] === 2 clean actors ===
[07:10:19 +5m 57s | thequantuminsider_2023_10_03_guest_post_unlocking_the_quantum_frontier_coherence_in_neutr_ea891226] Loaded 56 extracted records
[07:10:19 +5m 57s | thequantuminsider_2023_10_03_guest_post_unlocking_the_quantum_frontier_coherence_in_neutr_ea891226] Saved 2_actor_nodes.json with 23 canonical actor nodes

[07:10:19 +5m 57s | thequantuminsider_2023_10_03_guest_post_unlocking_the_quantum_frontier_coherence_in_neutr_ea891226] === 3 interaction extraction ===
[07:10:19 +5m 57s | thequantuminsider_2023_10_03_guest_post_unlocking_the_quantum_frontier_coherence_in_neutr_ea891226] Extracting interactions: https://thequantuminsider.com/2023/10/03/guest-post-unlocking-the-quantum-frontier-coherence-in-neutral-atom-systems (1/1), chunk 12/39
[07:10:25 +6m 6s | thequantuminsider_2023_10_03_guest_post_unlocking_the_quantum_frontier_coherence_in_neutr_ea891226] Extracting interactions: https://thequantuminsider.com/2023/10/03/guest-post-unlocking-the-quantum-frontier-coherence-in-neutral-atom-systems (1/1), chunk 13/39
[07:10:34 +6m 14s | thequantuminsider_2023_10_03_guest_post_unlocking_the_quantum_frontier_coherence_in_neutr_ea891226] Extracting interactions: https://thequantuminsider.com/2023/10/03/guest-post-unlocking-the-quantum-frontier-coherence-in-neutral-atom-systems (1/1), chunk 17/39
[07:10:39 +6m 19s | thequantuminsider_2023_10_03_guest_post_unlocking_the_quantum_frontier_coherence_in_neutr_ea891226] Extracting interactions: https://thequantuminsider.com/2023/10/03/guest-post-unlocking-the-quantum-frontier-coherence-in-neutral-atom-systems (1/1), chunk 18/39
[07:10:44 +6m 24s | thequantuminsider_2023_10_03_guest_post_unlocking_the_quantum_frontier_coherence_in_neutr_ea891226] Extracting interactions: https://thequantuminsider.com/2023/10/03/guest-post-unlocking-the-quantum-frontier-coherence-in-neutral-atom-systems (1/1), chunk 19/39
[07:10:47 +6m 27s | thequantuminsider_2023_10_03_guest_post_unlocking_the_quantum_frontier_coherence_in_neutr_ea891226] Extracting interactions: https://thequantuminsider.com/2023/10/03/guest-post-unlocking-the-quantum-frontier-coherence-in-neutral-atom-systems (1/1), chunk 20/39
[07:10:52 +6m 32s | thequantuminsider_2023_10_03_guest_post_unlocking_the_quantum_frontier_coherence_in_neutr_ea891226] Extracting interactions: https://thequantuminsider.com/2023/10/03/guest-post-unlocking-the-quantum-frontier-coherence-in-neutral-atom-systems (1/1), chunk 21/39
[07:10:51 +6m 34s | thequantuminsider_2023_10_03_guest_post_unlocking_the_quantum_frontier_coherence_in_neutr_ea891226] Extracting interactions: https://thequantuminsider.com/2023/10/03/guest-post-unlocking-the-quantum-frontier-coherence-in-neutral-atom-systems (1/1), chunk 22/39
[07:10:53 +6m 35s | thequantuminsider_2023_10_03_guest_post_unlocking_the_quantum_frontier_coherence_in_neutr_ea891226] Extracting interactions: https://thequantuminsider.com/2023/10/03/guest-post-unlocking-the-quantum-frontier-coherence-in-neutral-atom-systems (1/1), chunk 23/39
[07:11:02 +6m 44s | thequantuminsider_2023_10_03_guest_post_unlocking_the_quantum_frontier_coherence_in_neutr_ea891226] Extracting interactions: https://thequantuminsider.com/2023/10/03/guest-post-unlocking-the-quantum-frontier-coherence-in-neutral-atom-systems (1/1), chunk 24/39
[07:11:07 +6m 49s | thequantuminsider_2023_10_03_guest_post_unlocking_the_quantum_frontier_coherence_in_neutr_ea891226] Extracting interactions: https://thequantuminsider.com/2023/10/03/guest-post-unlocking-the-quantum-frontier-coherence-in-neutral-atom-systems (1/1), chunk 26/39
[07:11:26 +7m 11s | thequantuminsider_2023_10_03_guest_post_unlocking_the_quantum_frontier_coherence_in_neutr_ea891226] Extracting interactions: https://thequantuminsider.com/2023/10/03/guest-post-unlocking-the-quantum-frontier-coherence-in-neutral-atom-systems (1/1), chunk 28/39
[07:11:34 +7m 19s | thequantuminsider_2023_10_03_guest_post_unlocking_the_quantum_frontier_coherence_in_neutr_ea891226] Extracting interactions: https://thequantuminsider.com/2023/10/03/guest-post-unlocking-the-quantum-frontier-coherence-in-neutral-atom-systems (1/1), chunk 29/39
[07:11:38 +7m 23s | thequantuminsider_2023_10_03_guest_post_unlocking_the_quantum_frontier_coherence_in_neutr_ea891226] Extracting interactions: https://thequantuminsider.com/2023/10/03/guest-post-unlocking-the-quantum-frontier-coherence-in-neutral-atom-systems (1/1), chunk 30/39
[07:11:44 +7m 29s | thequantuminsider_2023_10_03_guest_post_unlocking_the_quantum_frontier_coherence_in_neutr_ea891226] Extracting interactions: https://thequantuminsider.com/2023/10/03/guest-post-unlocking-the-quantum-frontier-coherence-in-neutral-atom-systems (1/1), chunk 31/39
[07:11:45 +7m 30s | thequantuminsider_2023_10_03_guest_post_unlocking_the_quantum_frontier_coherence_in_neutr_ea891226] Extracting interactions: https://thequantuminsider.com/2023/10/03/guest-post-unlocking-the-quantum-frontier-coherence-in-neutral-atom-systems (1/1), chunk 32/39
[07:11:47 +7m 32s | thequantuminsider_2023_10_03_guest_post_unlocking_the_quantum_frontier_coherence_in_neutr_ea891226] Extracting interactions: https://thequantuminsider.com/2023/10/03/guest-post-unlocking-the-quantum-frontier-coherence-in-neutral-atom-systems (1/1), chunk 33/39
[07:12:20 +8m 7s | thequantuminsider_2023_10_03_guest_post_unlocking_the_quantum_frontier_coherence_in_neutr_ea891226] Extracting interactions: https://thequantuminsider.com/2023/10/03/guest-post-unlocking-the-quantum-frontier-coherence-in-neutral-atom-systems (1/1), chunk 34/39
[07:12:19 +8m 9s | thequantuminsider_2023_10_03_guest_post_unlocking_the_quantum_frontier_coherence_in_neutr_ea891226] Extracting interactions: https://thequantuminsider.com/2023/10/03/guest-post-unlocking-the-quantum-frontier-coherence-in-neutral-atom-systems (1/1), chunk 35/39
[07:12:21 +8m 10s | thequantuminsider_2023_10_03_guest_post_unlocking_the_quantum_frontier_coherence_in_neutr_ea891226] Extracting interactions: https://thequantuminsider.com/2023/10/03/guest-post-unlocking-the-quantum-frontier-coherence-in-neutral-atom-systems (1/1), chunk 37/39
[07:12:30 +8m 20s | thequantuminsider_2023_10_03_guest_post_unlocking_the_quantum_frontier_coherence_in_neutr_ea891226] Extracting interactions: https://thequantuminsider.com/2023/10/03/guest-post-unlocking-the-quantum-frontier-coherence-in-neutral-atom-systems (1/1), chunk 38/39
[07:12:33 +8m 22s | thequantuminsider_2023_10_03_guest_post_unlocking_the_quantum_frontier_coherence_in_neutr_ea891226] Extracting interactions: https://thequantuminsider.com/2023/10/03/guest-post-unlocking-the-quantum-frontier-coherence-in-neutral-atom-systems (1/1), chunk 39/39
[07:12:35 +8m 24s | thequantuminsider_2023_10_03_guest_post_unlocking_the_quantum_frontier_coherence_in_neutr_ea891226] Saved 3_interaction_results.json with 18 extracted interactions.

[07:12:35 +8m 24s | thequantuminsider_2023_10_03_guest_post_unlocking_the_quantum_frontier_coherence_in_neutr_ea891226] === 4 clean interactions ===
[07:12:35 +8m 24s | thequantuminsider_2023_10_03_guest_post_unlocking_the_quantum_frontier_coherence_in_neutr_ea891226] Saved 4_edges.json with 1 cleaned interactions.

[07:12:35 +8m 24s | thequantuminsider_2023_10_03_guest_post_unlocking_the_quantum_frontier_coherence_in_neutr_ea891226] === 5 helix enrichment ===
[07:12:35 +8m 24s | thequantuminsider_2023_10_03_guest_post_unlocking_the_quantum_frontier_coherence_in_neutr_ea891226] Wrote 5_nodes.json (23 actors)
[07:12:35 +8m 24s | thequantuminsider_2023_10_03_guest_post_unlocking_the_quantum_frontier_coherence_in_neutr_ea891226] Wrote 5_edges.json (1 interactions)
[07:12:35 +8m 24s | thequantuminsider_2023_10_03_guest_post_unlocking_the_quantum_frontier_coherence_in_neutr_ea891226] Actor helix counts: {'Civil Society': 5, 'Industry': 5, 'Intermediary': 1, 'Unknown': 12}
[07:12:35 +8m 24s | thequantuminsider_2023_10_03_guest_post_unlocking_the_quantum_frontier_coherence_in_neutr_ea891226] Functional-space counts: {'Unknown': 1}

[07:12:35 +8m 24s | thequantuminsider_2023_10_03_guest_post_unlocking_the_quantum_frontier_coherence_in_neutr_ea891226] === 6 network visualisation ===
[07:12:35 +8m 25s | thequantuminsider_2023_10_03_guest_post_unlocking_the_quantum_frontier_coherence_in_neutr_ea891226] Wrote quantum_network.html
[07:12:35 +8m 25s | thequantuminsider_2023_10_03_guest_post_unlocking_the_quantum_frontier_coherence_in_neutr_ea891226] Nodes: 23
[07:12:35 +8m 25s | thequantuminsider_2023_10_03_guest_post_unlocking_the_quantum_frontier_coherence_in_neutr_ea891226] Edges: 1

[07:12:36 +8m 25s | thequantuminsider_2023_10_03_guest_post_unlocking_the_quantum_frontier_coherence_in_neutr_ea891226] Done. Outputs written to: /home/lv/IDP/idpdeeptech/pipeline/news_outputs/thequantuminsider_2023_10_03_guest_post_unlocking_the_quantum_frontier_coherence_in_neutr_ea891226
[07:12:36 +8m 25s | thequantuminsider_2023_10_03_guest_post_unlocking_the_quantum_frontier_coherence_in_neutr_ea891226] Log: /home/lv/IDP/idpdeeptech/pipeline/news_outputs/thequantuminsider_2023_10_03_guest_post_unlocking_the_quantum_frontier_coherence_in_neutr_ea891226/run.log

========================================================================
RUN FINISHED 2026-07-05 07:12:36  (OK)
Started:     2026-07-05 07:04:47
Elapsed:     8m 25s
========================================================================
