
========================================================================
RUN STARTED  2026-07-05 01:41:44
site_pipeline.py https://thequantuminsider.com/2023/12/04/ibm-says-new-1000-plus-processors-to-advance-toward-quantum-utility/
========================================================================

[01:41:44 +0s | thequantuminsider_2023_12_04_ibm_says_new_1000_plus_processors_to_advance_toward_quantum_utility] === 0 crawl site ===
[01:41:46 +2s | thequantuminsider_2023_12_04_ibm_says_new_1000_plus_processors_to_advance_toward_quantum_utility] [INIT].... → Crawl4AI 0.8.6 
[01:41:48 +4s | thequantuminsider_2023_12_04_ibm_says_new_1000_plus_processors_to_advance_toward_quantum_utility] [FETCH]... ↓ https://thequantuminsider.com/2023/12/04/ibm-say...us-processors-to-advance-toward-quantum-utility/  | ✓ | ⏱: 2.06s 
[01:41:48 +4s | thequantuminsider_2023_12_04_ibm_says_new_1000_plus_processors_to_advance_toward_quantum_utility] [SCRAPE].. ◆ https://thequantuminsider.com/2023/12/04/ibm-say...us-processors-to-advance-toward-quantum-utility/  | ✓ | ⏱: 0.13s 
[01:41:48 +4s | thequantuminsider_2023_12_04_ibm_says_new_1000_plus_processors_to_advance_toward_quantum_utility] [COMPLETE] ● https://thequantuminsider.com/2023/12/04/ibm-say...us-processors-to-advance-toward-quantum-utility/  | ✓ | ⏱: 2.21s 
[01:41:48 +4s | thequantuminsider_2023_12_04_ibm_says_new_1000_plus_processors_to_advance_toward_quantum_utility] Saved: crawl_output/59a6b7c04a_thequantuminsider.com_2023_12_04_ibm-says-new-1000-plus-processors-to-advance-toward-quantum-utility.json

[01:41:48 +4s | thequantuminsider_2023_12_04_ibm_says_new_1000_plus_processors_to_advance_toward_quantum_utility] === 1 actor extraction ===
[01:41:48 +4s | thequantuminsider_2023_12_04_ibm_says_new_1000_plus_processors_to_advance_toward_quantum_utility] Reading page (1/1): https://thequantuminsider.com/2023/12/04/ibm-says-new-1000-plus-processors-to-advance-toward-quantum-utility
[01:41:48 +4s | thequantuminsider_2023_12_04_ibm_says_new_1000_plus_processors_to_advance_toward_quantum_utility] Extracting actors: https://thequantuminsider.com/2023/12/04/ibm-says-new-1000-plus-processors-to-advance-toward-quantum-utility (1/1), chunk 1/38
[01:41:54 +10s | thequantuminsider_2023_12_04_ibm_says_new_1000_plus_processors_to_advance_toward_quantum_utility] Extracting actors: https://thequantuminsider.com/2023/12/04/ibm-says-new-1000-plus-processors-to-advance-toward-quantum-utility (1/1), chunk 2/38
[01:42:01 +17s | thequantuminsider_2023_12_04_ibm_says_new_1000_plus_processors_to_advance_toward_quantum_utility] Extracting actors: https://thequantuminsider.com/2023/12/04/ibm-says-new-1000-plus-processors-to-advance-toward-quantum-utility (1/1), chunk 3/38
[01:42:07 +24s | thequantuminsider_2023_12_04_ibm_says_new_1000_plus_processors_to_advance_toward_quantum_utility] Repaired malformed JSON.
[01:42:07 +24s | thequantuminsider_2023_12_04_ibm_says_new_1000_plus_processors_to_advance_toward_quantum_utility] Extracting actors: https://thequantuminsider.com/2023/12/04/ibm-says-new-1000-plus-processors-to-advance-toward-quantum-utility (1/1), chunk 4/38
[01:42:14 +31s | thequantuminsider_2023_12_04_ibm_says_new_1000_plus_processors_to_advance_toward_quantum_utility] Extracting actors: https://thequantuminsider.com/2023/12/04/ibm-says-new-1000-plus-processors-to-advance-toward-quantum-utility (1/1), chunk 5/38
[01:42:34 +51s | thequantuminsider_2023_12_04_ibm_says_new_1000_plus_processors_to_advance_toward_quantum_utility] Extracting actors: https://thequantuminsider.com/2023/12/04/ibm-says-new-1000-plus-processors-to-advance-toward-quantum-utility (1/1), chunk 6/38
[01:42:40 +58s | thequantuminsider_2023_12_04_ibm_says_new_1000_plus_processors_to_advance_toward_quantum_utility] Extracting actors: https://thequantuminsider.com/2023/12/04/ibm-says-new-1000-plus-processors-to-advance-toward-quantum-utility (1/1), chunk 7/38
[01:42:44 +1m 2s | thequantuminsider_2023_12_04_ibm_says_new_1000_plus_processors_to_advance_toward_quantum_utility] Extracting actors: https://thequantuminsider.com/2023/12/04/ibm-says-new-1000-plus-processors-to-advance-toward-quantum-utility (1/1), chunk 8/38
[01:42:51 +1m 9s | thequantuminsider_2023_12_04_ibm_says_new_1000_plus_processors_to_advance_toward_quantum_utility] Extracting actors: https://thequantuminsider.com/2023/12/04/ibm-says-new-1000-plus-processors-to-advance-toward-quantum-utility (1/1), chunk 9/38
[01:42:57 +1m 14s | thequantuminsider_2023_12_04_ibm_says_new_1000_plus_processors_to_advance_toward_quantum_utility] Extracting actors: https://thequantuminsider.com/2023/12/04/ibm-says-new-1000-plus-processors-to-advance-toward-quantum-utility (1/1), chunk 10/38
[01:43:02 +1m 20s | thequantuminsider_2023_12_04_ibm_says_new_1000_plus_processors_to_advance_toward_quantum_utility] Extracting actors: https://thequantuminsider.com/2023/12/04/ibm-says-new-1000-plus-processors-to-advance-toward-quantum-utility (1/1), chunk 11/38
[01:43:08 +1m 27s | thequantuminsider_2023_12_04_ibm_says_new_1000_plus_processors_to_advance_toward_quantum_utility] Repaired malformed JSON.
[01:43:08 +1m 27s | thequantuminsider_2023_12_04_ibm_says_new_1000_plus_processors_to_advance_toward_quantum_utility] Extracting actors: https://thequantuminsider.com/2023/12/04/ibm-says-new-1000-plus-processors-to-advance-toward-quantum-utility (1/1), chunk 12/38
[01:43:16 +1m 35s | thequantuminsider_2023_12_04_ibm_says_new_1000_plus_processors_to_advance_toward_quantum_utility] Repaired malformed JSON.
[01:43:16 +1m 35s | thequantuminsider_2023_12_04_ibm_says_new_1000_plus_processors_to_advance_toward_quantum_utility] Extracting actors: https://thequantuminsider.com/2023/12/04/ibm-says-new-1000-plus-processors-to-advance-toward-quantum-utility (1/1), chunk 13/38
[01:43:26 +1m 45s | thequantuminsider_2023_12_04_ibm_says_new_1000_plus_processors_to_advance_toward_quantum_utility] Repaired malformed JSON.
[01:43:26 +1m 45s | thequantuminsider_2023_12_04_ibm_says_new_1000_plus_processors_to_advance_toward_quantum_utility] Extracting actors: https://thequantuminsider.com/2023/12/04/ibm-says-new-1000-plus-processors-to-advance-toward-quantum-utility (1/1), chunk 14/38
[01:43:34 +1m 53s | thequantuminsider_2023_12_04_ibm_says_new_1000_plus_processors_to_advance_toward_quantum_utility] Repaired malformed JSON.
[01:43:34 +1m 53s | thequantuminsider_2023_12_04_ibm_says_new_1000_plus_processors_to_advance_toward_quantum_utility] Extracting actors: https://thequantuminsider.com/2023/12/04/ibm-says-new-1000-plus-processors-to-advance-toward-quantum-utility (1/1), chunk 15/38
[01:43:41 +2m 1s | thequantuminsider_2023_12_04_ibm_says_new_1000_plus_processors_to_advance_toward_quantum_utility] Repaired malformed JSON.
[01:43:41 +2m 1s | thequantuminsider_2023_12_04_ibm_says_new_1000_plus_processors_to_advance_toward_quantum_utility] Extracting actors: https://thequantuminsider.com/2023/12/04/ibm-says-new-1000-plus-processors-to-advance-toward-quantum-utility (1/1), chunk 16/38
[01:43:48 +2m 8s | thequantuminsider_2023_12_04_ibm_says_new_1000_plus_processors_to_advance_toward_quantum_utility] Repaired malformed JSON.
[01:43:48 +2m 8s | thequantuminsider_2023_12_04_ibm_says_new_1000_plus_processors_to_advance_toward_quantum_utility] Extracting actors: https://thequantuminsider.com/2023/12/04/ibm-says-new-1000-plus-processors-to-advance-toward-quantum-utility (1/1), chunk 17/38
[01:43:56 +2m 16s | thequantuminsider_2023_12_04_ibm_says_new_1000_plus_processors_to_advance_toward_quantum_utility] Repaired malformed JSON.
[01:43:56 +2m 16s | thequantuminsider_2023_12_04_ibm_says_new_1000_plus_processors_to_advance_toward_quantum_utility] Extracting actors: https://thequantuminsider.com/2023/12/04/ibm-says-new-1000-plus-processors-to-advance-toward-quantum-utility (1/1), chunk 18/38
[01:44:05 +2m 25s | thequantuminsider_2023_12_04_ibm_says_new_1000_plus_processors_to_advance_toward_quantum_utility] Repaired malformed JSON.
[01:44:05 +2m 25s | thequantuminsider_2023_12_04_ibm_says_new_1000_plus_processors_to_advance_toward_quantum_utility] Extracting actors: https://thequantuminsider.com/2023/12/04/ibm-says-new-1000-plus-processors-to-advance-toward-quantum-utility (1/1), chunk 19/38
[01:44:10 +2m 31s | thequantuminsider_2023_12_04_ibm_says_new_1000_plus_processors_to_advance_toward_quantum_utility] Extracting actors: https://thequantuminsider.com/2023/12/04/ibm-says-new-1000-plus-processors-to-advance-toward-quantum-utility (1/1), chunk 20/38
[01:44:14 +2m 35s | thequantuminsider_2023_12_04_ibm_says_new_1000_plus_processors_to_advance_toward_quantum_utility] Extracting actors: https://thequantuminsider.com/2023/12/04/ibm-says-new-1000-plus-processors-to-advance-toward-quantum-utility (1/1), chunk 21/38
[01:44:22 +2m 44s | thequantuminsider_2023_12_04_ibm_says_new_1000_plus_processors_to_advance_toward_quantum_utility] Repaired malformed JSON.
[01:44:22 +2m 44s | thequantuminsider_2023_12_04_ibm_says_new_1000_plus_processors_to_advance_toward_quantum_utility] Extracting actors: https://thequantuminsider.com/2023/12/04/ibm-says-new-1000-plus-processors-to-advance-toward-quantum-utility (1/1), chunk 22/38
[01:44:44 +3m 6s | thequantuminsider_2023_12_04_ibm_says_new_1000_plus_processors_to_advance_toward_quantum_utility] Repaired malformed JSON.
[01:44:44 +3m 6s | thequantuminsider_2023_12_04_ibm_says_new_1000_plus_processors_to_advance_toward_quantum_utility] Extracting actors: https://thequantuminsider.com/2023/12/04/ibm-says-new-1000-plus-processors-to-advance-toward-quantum-utility (1/1), chunk 23/38
[01:44:50 +3m 12s | thequantuminsider_2023_12_04_ibm_says_new_1000_plus_processors_to_advance_toward_quantum_utility] Repaired malformed JSON.
[01:44:50 +3m 12s | thequantuminsider_2023_12_04_ibm_says_new_1000_plus_processors_to_advance_toward_quantum_utility] Extracting actors: https://thequantuminsider.com/2023/12/04/ibm-says-new-1000-plus-processors-to-advance-toward-quantum-utility (1/1), chunk 24/38
[01:44:56 +3m 19s | thequantuminsider_2023_12_04_ibm_says_new_1000_plus_processors_to_advance_toward_quantum_utility] Repaired malformed JSON.
[01:44:56 +3m 19s | thequantuminsider_2023_12_04_ibm_says_new_1000_plus_processors_to_advance_toward_quantum_utility] Extracting actors: https://thequantuminsider.com/2023/12/04/ibm-says-new-1000-plus-processors-to-advance-toward-quantum-utility (1/1), chunk 25/38
[01:45:05 +3m 28s | thequantuminsider_2023_12_04_ibm_says_new_1000_plus_processors_to_advance_toward_quantum_utility] Repaired malformed JSON.
[01:45:05 +3m 28s | thequantuminsider_2023_12_04_ibm_says_new_1000_plus_processors_to_advance_toward_quantum_utility] Extracting actors: https://thequantuminsider.com/2023/12/04/ibm-says-new-1000-plus-processors-to-advance-toward-quantum-utility (1/1), chunk 26/38
[01:45:13 +3m 37s | thequantuminsider_2023_12_04_ibm_says_new_1000_plus_processors_to_advance_toward_quantum_utility] Extracting actors: https://thequantuminsider.com/2023/12/04/ibm-says-new-1000-plus-processors-to-advance-toward-quantum-utility (1/1), chunk 27/38
[01:45:21 +3m 45s | thequantuminsider_2023_12_04_ibm_says_new_1000_plus_processors_to_advance_toward_quantum_utility] Repaired malformed JSON.
[01:45:21 +3m 45s | thequantuminsider_2023_12_04_ibm_says_new_1000_plus_processors_to_advance_toward_quantum_utility] Extracting actors: https://thequantuminsider.com/2023/12/04/ibm-says-new-1000-plus-processors-to-advance-toward-quantum-utility (1/1), chunk 28/38
[01:45:27 +3m 50s | thequantuminsider_2023_12_04_ibm_says_new_1000_plus_processors_to_advance_toward_quantum_utility] Extracting actors: https://thequantuminsider.com/2023/12/04/ibm-says-new-1000-plus-processors-to-advance-toward-quantum-utility (1/1), chunk 29/38
[01:45:32 +3m 55s | thequantuminsider_2023_12_04_ibm_says_new_1000_plus_processors_to_advance_toward_quantum_utility] Extracting actors: https://thequantuminsider.com/2023/12/04/ibm-says-new-1000-plus-processors-to-advance-toward-quantum-utility (1/1), chunk 30/38
[01:46:02 +4m 27s | thequantuminsider_2023_12_04_ibm_says_new_1000_plus_processors_to_advance_toward_quantum_utility] Repaired malformed JSON.
[01:46:02 +4m 27s | thequantuminsider_2023_12_04_ibm_says_new_1000_plus_processors_to_advance_toward_quantum_utility] Extracting actors: https://thequantuminsider.com/2023/12/04/ibm-says-new-1000-plus-processors-to-advance-toward-quantum-utility (1/1), chunk 31/38
[01:46:08 +4m 33s | thequantuminsider_2023_12_04_ibm_says_new_1000_plus_processors_to_advance_toward_quantum_utility] Repaired malformed JSON.
[01:46:08 +4m 33s | thequantuminsider_2023_12_04_ibm_says_new_1000_plus_processors_to_advance_toward_quantum_utility] Extracting actors: https://thequantuminsider.com/2023/12/04/ibm-says-new-1000-plus-processors-to-advance-toward-quantum-utility (1/1), chunk 32/38
[01:46:15 +4m 40s | thequantuminsider_2023_12_04_ibm_says_new_1000_plus_processors_to_advance_toward_quantum_utility] Repaired malformed JSON.
[01:46:15 +4m 40s | thequantuminsider_2023_12_04_ibm_says_new_1000_plus_processors_to_advance_toward_quantum_utility] Extracting actors: https://thequantuminsider.com/2023/12/04/ibm-says-new-1000-plus-processors-to-advance-toward-quantum-utility (1/1), chunk 33/38
[01:46:21 +4m 47s | thequantuminsider_2023_12_04_ibm_says_new_1000_plus_processors_to_advance_toward_quantum_utility] Repaired malformed JSON.
[01:46:21 +4m 47s | thequantuminsider_2023_12_04_ibm_says_new_1000_plus_processors_to_advance_toward_quantum_utility] Extracting actors: https://thequantuminsider.com/2023/12/04/ibm-says-new-1000-plus-processors-to-advance-toward-quantum-utility (1/1), chunk 34/38
[01:46:48 +5m 15s | thequantuminsider_2023_12_04_ibm_says_new_1000_plus_processors_to_advance_toward_quantum_utility] Repaired malformed JSON.
[01:46:48 +5m 15s | thequantuminsider_2023_12_04_ibm_says_new_1000_plus_processors_to_advance_toward_quantum_utility] Extracting actors: https://thequantuminsider.com/2023/12/04/ibm-says-new-1000-plus-processors-to-advance-toward-quantum-utility (1/1), chunk 35/38
[01:46:54 +5m 21s | thequantuminsider_2023_12_04_ibm_says_new_1000_plus_processors_to_advance_toward_quantum_utility] Repaired malformed JSON.
[01:46:54 +5m 21s | thequantuminsider_2023_12_04_ibm_says_new_1000_plus_processors_to_advance_toward_quantum_utility] Extracting actors: https://thequantuminsider.com/2023/12/04/ibm-says-new-1000-plus-processors-to-advance-toward-quantum-utility (1/1), chunk 36/38
[01:47:22 +5m 50s | thequantuminsider_2023_12_04_ibm_says_new_1000_plus_processors_to_advance_toward_quantum_utility] Repaired malformed JSON.
[01:47:22 +5m 50s | thequantuminsider_2023_12_04_ibm_says_new_1000_plus_processors_to_advance_toward_quantum_utility] Extracting actors: https://thequantuminsider.com/2023/12/04/ibm-says-new-1000-plus-processors-to-advance-toward-quantum-utility (1/1), chunk 37/38
[01:47:35 +6m 3s | thequantuminsider_2023_12_04_ibm_says_new_1000_plus_processors_to_advance_toward_quantum_utility] Repaired malformed JSON.
[01:47:35 +6m 3s | thequantuminsider_2023_12_04_ibm_says_new_1000_plus_processors_to_advance_toward_quantum_utility] Extracting actors: https://thequantuminsider.com/2023/12/04/ibm-says-new-1000-plus-processors-to-advance-toward-quantum-utility (1/1), chunk 38/38
[01:47:49 +6m 18s | thequantuminsider_2023_12_04_ibm_says_new_1000_plus_processors_to_advance_toward_quantum_utility] Repaired malformed JSON.
[01:47:49 +6m 18s | thequantuminsider_2023_12_04_ibm_says_new_1000_plus_processors_to_advance_toward_quantum_utility] Saved 1_actor_results.json with 57 extracted records

[01:47:49 +6m 18s | thequantuminsider_2023_12_04_ibm_says_new_1000_plus_processors_to_advance_toward_quantum_utility] === 2 clean actors ===
[01:47:49 +6m 18s | thequantuminsider_2023_12_04_ibm_says_new_1000_plus_processors_to_advance_toward_quantum_utility] Loaded 57 extracted records
[01:47:49 +6m 18s | thequantuminsider_2023_12_04_ibm_says_new_1000_plus_processors_to_advance_toward_quantum_utility] Saved 2_actor_nodes.json with 18 canonical actor nodes

[01:47:49 +6m 18s | thequantuminsider_2023_12_04_ibm_says_new_1000_plus_processors_to_advance_toward_quantum_utility] === 3 interaction extraction ===
[01:47:49 +6m 18s | thequantuminsider_2023_12_04_ibm_says_new_1000_plus_processors_to_advance_toward_quantum_utility] Extracting interactions: https://thequantuminsider.com/2023/12/04/ibm-says-new-1000-plus-processors-to-advance-toward-quantum-utility (1/1), chunk 11/38
[01:48:03 +6m 32s | thequantuminsider_2023_12_04_ibm_says_new_1000_plus_processors_to_advance_toward_quantum_utility] Extracting interactions: https://thequantuminsider.com/2023/12/04/ibm-says-new-1000-plus-processors-to-advance-toward-quantum-utility (1/1), chunk 12/38
[01:48:13 +6m 42s | thequantuminsider_2023_12_04_ibm_says_new_1000_plus_processors_to_advance_toward_quantum_utility] Extracting interactions: https://thequantuminsider.com/2023/12/04/ibm-says-new-1000-plus-processors-to-advance-toward-quantum-utility (1/1), chunk 13/38
[01:48:20 +6m 50s | thequantuminsider_2023_12_04_ibm_says_new_1000_plus_processors_to_advance_toward_quantum_utility] Extracting interactions: https://thequantuminsider.com/2023/12/04/ibm-says-new-1000-plus-processors-to-advance-toward-quantum-utility (1/1), chunk 14/38
[01:48:53 +7m 24s | thequantuminsider_2023_12_04_ibm_says_new_1000_plus_processors_to_advance_toward_quantum_utility] Extracting interactions: https://thequantuminsider.com/2023/12/04/ibm-says-new-1000-plus-processors-to-advance-toward-quantum-utility (1/1), chunk 15/38
[01:48:58 +7m 29s | thequantuminsider_2023_12_04_ibm_says_new_1000_plus_processors_to_advance_toward_quantum_utility] Extracting interactions: https://thequantuminsider.com/2023/12/04/ibm-says-new-1000-plus-processors-to-advance-toward-quantum-utility (1/1), chunk 16/38
[01:49:01 +7m 32s | thequantuminsider_2023_12_04_ibm_says_new_1000_plus_processors_to_advance_toward_quantum_utility] Extracting interactions: https://thequantuminsider.com/2023/12/04/ibm-says-new-1000-plus-processors-to-advance-toward-quantum-utility (1/1), chunk 17/38
[01:49:46 +8m 18s | thequantuminsider_2023_12_04_ibm_says_new_1000_plus_processors_to_advance_toward_quantum_utility] Extracting interactions: https://thequantuminsider.com/2023/12/04/ibm-says-new-1000-plus-processors-to-advance-toward-quantum-utility (1/1), chunk 18/38
[01:49:50 +8m 22s | thequantuminsider_2023_12_04_ibm_says_new_1000_plus_processors_to_advance_toward_quantum_utility] Extracting interactions: https://thequantuminsider.com/2023/12/04/ibm-says-new-1000-plus-processors-to-advance-toward-quantum-utility (1/1), chunk 20/38
[01:49:52 +8m 24s | thequantuminsider_2023_12_04_ibm_says_new_1000_plus_processors_to_advance_toward_quantum_utility] Extracting interactions: https://thequantuminsider.com/2023/12/04/ibm-says-new-1000-plus-processors-to-advance-toward-quantum-utility (1/1), chunk 21/38
[01:49:52 +8m 26s | thequantuminsider_2023_12_04_ibm_says_new_1000_plus_processors_to_advance_toward_quantum_utility] Extracting interactions: https://thequantuminsider.com/2023/12/04/ibm-says-new-1000-plus-processors-to-advance-toward-quantum-utility (1/1), chunk 22/38
[01:50:03 +8m 36s | thequantuminsider_2023_12_04_ibm_says_new_1000_plus_processors_to_advance_toward_quantum_utility] Extracting interactions: https://thequantuminsider.com/2023/12/04/ibm-says-new-1000-plus-processors-to-advance-toward-quantum-utility (1/1), chunk 23/38
[01:50:08 +8m 41s | thequantuminsider_2023_12_04_ibm_says_new_1000_plus_processors_to_advance_toward_quantum_utility] Extracting interactions: https://thequantuminsider.com/2023/12/04/ibm-says-new-1000-plus-processors-to-advance-toward-quantum-utility (1/1), chunk 27/38
[01:50:12 +8m 45s | thequantuminsider_2023_12_04_ibm_says_new_1000_plus_processors_to_advance_toward_quantum_utility] Extracting interactions: https://thequantuminsider.com/2023/12/04/ibm-says-new-1000-plus-processors-to-advance-toward-quantum-utility (1/1), chunk 28/38
[01:50:14 +8m 47s | thequantuminsider_2023_12_04_ibm_says_new_1000_plus_processors_to_advance_toward_quantum_utility] Extracting interactions: https://thequantuminsider.com/2023/12/04/ibm-says-new-1000-plus-processors-to-advance-toward-quantum-utility (1/1), chunk 29/38
[01:50:16 +8m 49s | thequantuminsider_2023_12_04_ibm_says_new_1000_plus_processors_to_advance_toward_quantum_utility] Extracting interactions: https://thequantuminsider.com/2023/12/04/ibm-says-new-1000-plus-processors-to-advance-toward-quantum-utility (1/1), chunk 30/38
[01:50:18 +8m 51s | thequantuminsider_2023_12_04_ibm_says_new_1000_plus_processors_to_advance_toward_quantum_utility] Extracting interactions: https://thequantuminsider.com/2023/12/04/ibm-says-new-1000-plus-processors-to-advance-toward-quantum-utility (1/1), chunk 31/38
[01:50:19 +8m 52s | thequantuminsider_2023_12_04_ibm_says_new_1000_plus_processors_to_advance_toward_quantum_utility] Extracting interactions: https://thequantuminsider.com/2023/12/04/ibm-says-new-1000-plus-processors-to-advance-toward-quantum-utility (1/1), chunk 32/38
[01:50:21 +8m 54s | thequantuminsider_2023_12_04_ibm_says_new_1000_plus_processors_to_advance_toward_quantum_utility] Extracting interactions: https://thequantuminsider.com/2023/12/04/ibm-says-new-1000-plus-processors-to-advance-toward-quantum-utility (1/1), chunk 33/38
[01:50:22 +8m 55s | thequantuminsider_2023_12_04_ibm_says_new_1000_plus_processors_to_advance_toward_quantum_utility] Extracting interactions: https://thequantuminsider.com/2023/12/04/ibm-says-new-1000-plus-processors-to-advance-toward-quantum-utility (1/1), chunk 34/38
[01:50:23 +8m 58s | thequantuminsider_2023_12_04_ibm_says_new_1000_plus_processors_to_advance_toward_quantum_utility] Extracting interactions: https://thequantuminsider.com/2023/12/04/ibm-says-new-1000-plus-processors-to-advance-toward-quantum-utility (1/1), chunk 35/38
[01:50:25 +8m 59s | thequantuminsider_2023_12_04_ibm_says_new_1000_plus_processors_to_advance_toward_quantum_utility] Extracting interactions: https://thequantuminsider.com/2023/12/04/ibm-says-new-1000-plus-processors-to-advance-toward-quantum-utility (1/1), chunk 36/38
[01:50:26 +9m 1s | thequantuminsider_2023_12_04_ibm_says_new_1000_plus_processors_to_advance_toward_quantum_utility] Extracting interactions: https://thequantuminsider.com/2023/12/04/ibm-says-new-1000-plus-processors-to-advance-toward-quantum-utility (1/1), chunk 37/38
[01:50:29 +9m 3s | thequantuminsider_2023_12_04_ibm_says_new_1000_plus_processors_to_advance_toward_quantum_utility] Extracting interactions: https://thequantuminsider.com/2023/12/04/ibm-says-new-1000-plus-processors-to-advance-toward-quantum-utility (1/1), chunk 38/38
[01:50:30 +9m 5s | thequantuminsider_2023_12_04_ibm_says_new_1000_plus_processors_to_advance_toward_quantum_utility] Saved 3_interaction_results.json with 19 extracted interactions.

[01:50:30 +9m 5s | thequantuminsider_2023_12_04_ibm_says_new_1000_plus_processors_to_advance_toward_quantum_utility] === 4 clean interactions ===
[01:50:31 +9m 5s | thequantuminsider_2023_12_04_ibm_says_new_1000_plus_processors_to_advance_toward_quantum_utility] Saved 4_edges.json with 0 cleaned interactions.

[01:50:31 +9m 5s | thequantuminsider_2023_12_04_ibm_says_new_1000_plus_processors_to_advance_toward_quantum_utility] === 5 helix enrichment ===
[01:50:31 +9m 5s | thequantuminsider_2023_12_04_ibm_says_new_1000_plus_processors_to_advance_toward_quantum_utility] Wrote 5_nodes.json (18 actors)
[01:50:31 +9m 5s | thequantuminsider_2023_12_04_ibm_says_new_1000_plus_processors_to_advance_toward_quantum_utility] Wrote 5_edges.json (0 interactions)
[01:50:31 +9m 5s | thequantuminsider_2023_12_04_ibm_says_new_1000_plus_processors_to_advance_toward_quantum_utility] Actor helix counts: {'Academia': 2, 'Civil Society': 4, 'Industry': 3, 'Unknown': 9}
[01:50:31 +9m 5s | thequantuminsider_2023_12_04_ibm_says_new_1000_plus_processors_to_advance_toward_quantum_utility] Functional-space counts: {}

[01:50:31 +9m 5s | thequantuminsider_2023_12_04_ibm_says_new_1000_plus_processors_to_advance_toward_quantum_utility] === 6 network visualisation ===
[01:50:31 +9m 5s | thequantuminsider_2023_12_04_ibm_says_new_1000_plus_processors_to_advance_toward_quantum_utility] Wrote quantum_network.html
[01:50:31 +9m 5s | thequantuminsider_2023_12_04_ibm_says_new_1000_plus_processors_to_advance_toward_quantum_utility] Nodes: 18
[01:50:31 +9m 5s | thequantuminsider_2023_12_04_ibm_says_new_1000_plus_processors_to_advance_toward_quantum_utility] Edges: 0

[01:50:31 +9m 5s | thequantuminsider_2023_12_04_ibm_says_new_1000_plus_processors_to_advance_toward_quantum_utility] Done. Outputs written to: /home/lv/IDP/idpdeeptech/pipeline/news_outputs/thequantuminsider_2023_12_04_ibm_says_new_1000_plus_processors_to_advance_toward_quantum_utility
[01:50:31 +9m 5s | thequantuminsider_2023_12_04_ibm_says_new_1000_plus_processors_to_advance_toward_quantum_utility] Log: /home/lv/IDP/idpdeeptech/pipeline/news_outputs/thequantuminsider_2023_12_04_ibm_says_new_1000_plus_processors_to_advance_toward_quantum_utility/run.log

========================================================================
RUN FINISHED 2026-07-05 01:50:31  (OK)
Started:     2026-07-05 01:41:44
Elapsed:     9m 5s
========================================================================
