
========================================================================
RUN STARTED  2026-07-05 02:50:08
site_pipeline.py https://thequantuminsider.com/2023/11/22/kipu-quantum-joins-the-dlr-qci-project-basiq/
========================================================================

[02:50:08 +0s | thequantuminsider_2023_11_22_kipu_quantum_joins_the_dlr_qci_project_basiq] === 0 crawl site ===
[02:50:10 +2s | thequantuminsider_2023_11_22_kipu_quantum_joins_the_dlr_qci_project_basiq] [INIT].... → Crawl4AI 0.8.6 
[02:50:13 +5s | thequantuminsider_2023_11_22_kipu_quantum_joins_the_dlr_qci_project_basiq] [FETCH]... ↓ https://thequantuminsider.com/2023/11/22/kipu-quantum-joins-the-dlr-qci-project-basiq/               | ✓ | ⏱: 3.38s 
[02:50:13 +5s | thequantuminsider_2023_11_22_kipu_quantum_joins_the_dlr_qci_project_basiq] [SCRAPE].. ◆ https://thequantuminsider.com/2023/11/22/kipu-quantum-joins-the-dlr-qci-project-basiq/               | ✓ | ⏱: 0.12s 
[02:50:13 +5s | thequantuminsider_2023_11_22_kipu_quantum_joins_the_dlr_qci_project_basiq] [COMPLETE] ● https://thequantuminsider.com/2023/11/22/kipu-quantum-joins-the-dlr-qci-project-basiq/               | ✓ | ⏱: 3.53s 
[02:50:13 +5s | thequantuminsider_2023_11_22_kipu_quantum_joins_the_dlr_qci_project_basiq] Saved: crawl_output/4fb69242c4_thequantuminsider.com_2023_11_22_kipu-quantum-joins-the-dlr-qci-project-basiq.json

[02:50:13 +5s | thequantuminsider_2023_11_22_kipu_quantum_joins_the_dlr_qci_project_basiq] === 1 actor extraction ===
[02:50:14 +6s | thequantuminsider_2023_11_22_kipu_quantum_joins_the_dlr_qci_project_basiq] Reading page (1/1): https://thequantuminsider.com/2023/11/22/kipu-quantum-joins-the-dlr-qci-project-basiq
[02:50:14 +6s | thequantuminsider_2023_11_22_kipu_quantum_joins_the_dlr_qci_project_basiq] Extracting actors: https://thequantuminsider.com/2023/11/22/kipu-quantum-joins-the-dlr-qci-project-basiq (1/1), chunk 1/37
[02:50:21 +13s | thequantuminsider_2023_11_22_kipu_quantum_joins_the_dlr_qci_project_basiq] Repaired malformed JSON.
[02:50:21 +13s | thequantuminsider_2023_11_22_kipu_quantum_joins_the_dlr_qci_project_basiq] Extracting actors: https://thequantuminsider.com/2023/11/22/kipu-quantum-joins-the-dlr-qci-project-basiq (1/1), chunk 2/37
[02:50:32 +24s | thequantuminsider_2023_11_22_kipu_quantum_joins_the_dlr_qci_project_basiq] Repaired malformed JSON.
[02:50:32 +24s | thequantuminsider_2023_11_22_kipu_quantum_joins_the_dlr_qci_project_basiq] Extracting actors: https://thequantuminsider.com/2023/11/22/kipu-quantum-joins-the-dlr-qci-project-basiq (1/1), chunk 3/37
[02:50:37 +30s | thequantuminsider_2023_11_22_kipu_quantum_joins_the_dlr_qci_project_basiq] Extracting actors: https://thequantuminsider.com/2023/11/22/kipu-quantum-joins-the-dlr-qci-project-basiq (1/1), chunk 4/37
[02:50:41 +35s | thequantuminsider_2023_11_22_kipu_quantum_joins_the_dlr_qci_project_basiq] Extracting actors: https://thequantuminsider.com/2023/11/22/kipu-quantum-joins-the-dlr-qci-project-basiq (1/1), chunk 5/37
[02:50:46 +40s | thequantuminsider_2023_11_22_kipu_quantum_joins_the_dlr_qci_project_basiq] Extracting actors: https://thequantuminsider.com/2023/11/22/kipu-quantum-joins-the-dlr-qci-project-basiq (1/1), chunk 6/37
[02:50:55 +48s | thequantuminsider_2023_11_22_kipu_quantum_joins_the_dlr_qci_project_basiq] Repaired malformed JSON.
[02:50:55 +48s | thequantuminsider_2023_11_22_kipu_quantum_joins_the_dlr_qci_project_basiq] Extracting actors: https://thequantuminsider.com/2023/11/22/kipu-quantum-joins-the-dlr-qci-project-basiq (1/1), chunk 7/37
[02:51:01 +55s | thequantuminsider_2023_11_22_kipu_quantum_joins_the_dlr_qci_project_basiq] Extracting actors: https://thequantuminsider.com/2023/11/22/kipu-quantum-joins-the-dlr-qci-project-basiq (1/1), chunk 8/37
[02:51:08 +1m 3s | thequantuminsider_2023_11_22_kipu_quantum_joins_the_dlr_qci_project_basiq] Repaired malformed JSON.
[02:51:08 +1m 3s | thequantuminsider_2023_11_22_kipu_quantum_joins_the_dlr_qci_project_basiq] Extracting actors: https://thequantuminsider.com/2023/11/22/kipu-quantum-joins-the-dlr-qci-project-basiq (1/1), chunk 9/37
[02:51:14 +1m 9s | thequantuminsider_2023_11_22_kipu_quantum_joins_the_dlr_qci_project_basiq] Extracting actors: https://thequantuminsider.com/2023/11/22/kipu-quantum-joins-the-dlr-qci-project-basiq (1/1), chunk 10/37
[02:51:19 +1m 14s | thequantuminsider_2023_11_22_kipu_quantum_joins_the_dlr_qci_project_basiq] Extracting actors: https://thequantuminsider.com/2023/11/22/kipu-quantum-joins-the-dlr-qci-project-basiq (1/1), chunk 11/37
[02:51:25 +1m 20s | thequantuminsider_2023_11_22_kipu_quantum_joins_the_dlr_qci_project_basiq] Repaired malformed JSON.
[02:51:25 +1m 20s | thequantuminsider_2023_11_22_kipu_quantum_joins_the_dlr_qci_project_basiq] Extracting actors: https://thequantuminsider.com/2023/11/22/kipu-quantum-joins-the-dlr-qci-project-basiq (1/1), chunk 12/37
[02:51:32 +1m 27s | thequantuminsider_2023_11_22_kipu_quantum_joins_the_dlr_qci_project_basiq] Repaired malformed JSON.
[02:51:32 +1m 27s | thequantuminsider_2023_11_22_kipu_quantum_joins_the_dlr_qci_project_basiq] Extracting actors: https://thequantuminsider.com/2023/11/22/kipu-quantum-joins-the-dlr-qci-project-basiq (1/1), chunk 13/37
[02:51:39 +1m 35s | thequantuminsider_2023_11_22_kipu_quantum_joins_the_dlr_qci_project_basiq] Repaired malformed JSON.
[02:51:39 +1m 35s | thequantuminsider_2023_11_22_kipu_quantum_joins_the_dlr_qci_project_basiq] Extracting actors: https://thequantuminsider.com/2023/11/22/kipu-quantum-joins-the-dlr-qci-project-basiq (1/1), chunk 14/37
[02:51:45 +1m 41s | thequantuminsider_2023_11_22_kipu_quantum_joins_the_dlr_qci_project_basiq] Repaired malformed JSON.
[02:51:45 +1m 41s | thequantuminsider_2023_11_22_kipu_quantum_joins_the_dlr_qci_project_basiq] Extracting actors: https://thequantuminsider.com/2023/11/22/kipu-quantum-joins-the-dlr-qci-project-basiq (1/1), chunk 15/37
[02:51:51 +1m 47s | thequantuminsider_2023_11_22_kipu_quantum_joins_the_dlr_qci_project_basiq] Repaired malformed JSON.
[02:51:51 +1m 47s | thequantuminsider_2023_11_22_kipu_quantum_joins_the_dlr_qci_project_basiq] Extracting actors: https://thequantuminsider.com/2023/11/22/kipu-quantum-joins-the-dlr-qci-project-basiq (1/1), chunk 16/37
[02:51:59 +1m 55s | thequantuminsider_2023_11_22_kipu_quantum_joins_the_dlr_qci_project_basiq] Repaired malformed JSON.
[02:51:59 +1m 55s | thequantuminsider_2023_11_22_kipu_quantum_joins_the_dlr_qci_project_basiq] Extracting actors: https://thequantuminsider.com/2023/11/22/kipu-quantum-joins-the-dlr-qci-project-basiq (1/1), chunk 17/37
[02:52:08 +2m 5s | thequantuminsider_2023_11_22_kipu_quantum_joins_the_dlr_qci_project_basiq] Repaired malformed JSON.
[02:52:08 +2m 5s | thequantuminsider_2023_11_22_kipu_quantum_joins_the_dlr_qci_project_basiq] Extracting actors: https://thequantuminsider.com/2023/11/22/kipu-quantum-joins-the-dlr-qci-project-basiq (1/1), chunk 18/37
[02:52:14 +2m 11s | thequantuminsider_2023_11_22_kipu_quantum_joins_the_dlr_qci_project_basiq] Repaired malformed JSON.
[02:52:14 +2m 11s | thequantuminsider_2023_11_22_kipu_quantum_joins_the_dlr_qci_project_basiq] Extracting actors: https://thequantuminsider.com/2023/11/22/kipu-quantum-joins-the-dlr-qci-project-basiq (1/1), chunk 19/37
[02:52:21 +2m 18s | thequantuminsider_2023_11_22_kipu_quantum_joins_the_dlr_qci_project_basiq] Repaired malformed JSON.
[02:52:21 +2m 18s | thequantuminsider_2023_11_22_kipu_quantum_joins_the_dlr_qci_project_basiq] Extracting actors: https://thequantuminsider.com/2023/11/22/kipu-quantum-joins-the-dlr-qci-project-basiq (1/1), chunk 20/37
[02:52:40 +2m 39s | thequantuminsider_2023_11_22_kipu_quantum_joins_the_dlr_qci_project_basiq] Repaired malformed JSON.
[02:52:40 +2m 39s | thequantuminsider_2023_11_22_kipu_quantum_joins_the_dlr_qci_project_basiq] Extracting actors: https://thequantuminsider.com/2023/11/22/kipu-quantum-joins-the-dlr-qci-project-basiq (1/1), chunk 21/37
[02:52:48 +2m 47s | thequantuminsider_2023_11_22_kipu_quantum_joins_the_dlr_qci_project_basiq] Repaired malformed JSON.
[02:52:48 +2m 47s | thequantuminsider_2023_11_22_kipu_quantum_joins_the_dlr_qci_project_basiq] Extracting actors: https://thequantuminsider.com/2023/11/22/kipu-quantum-joins-the-dlr-qci-project-basiq (1/1), chunk 22/37
[02:52:58 +2m 57s | thequantuminsider_2023_11_22_kipu_quantum_joins_the_dlr_qci_project_basiq] Repaired malformed JSON.
[02:52:58 +2m 57s | thequantuminsider_2023_11_22_kipu_quantum_joins_the_dlr_qci_project_basiq] Extracting actors: https://thequantuminsider.com/2023/11/22/kipu-quantum-joins-the-dlr-qci-project-basiq (1/1), chunk 23/37
[02:53:20 +3m 20s | thequantuminsider_2023_11_22_kipu_quantum_joins_the_dlr_qci_project_basiq] Extracting actors: https://thequantuminsider.com/2023/11/22/kipu-quantum-joins-the-dlr-qci-project-basiq (1/1), chunk 24/37
[02:53:26 +3m 27s | thequantuminsider_2023_11_22_kipu_quantum_joins_the_dlr_qci_project_basiq] Repaired malformed JSON.
[02:53:26 +3m 27s | thequantuminsider_2023_11_22_kipu_quantum_joins_the_dlr_qci_project_basiq] Extracting actors: https://thequantuminsider.com/2023/11/22/kipu-quantum-joins-the-dlr-qci-project-basiq (1/1), chunk 25/37
[02:53:33 +3m 33s | thequantuminsider_2023_11_22_kipu_quantum_joins_the_dlr_qci_project_basiq] Extracting actors: https://thequantuminsider.com/2023/11/22/kipu-quantum-joins-the-dlr-qci-project-basiq (1/1), chunk 26/37
[02:53:37 +3m 37s | thequantuminsider_2023_11_22_kipu_quantum_joins_the_dlr_qci_project_basiq] Extracting actors: https://thequantuminsider.com/2023/11/22/kipu-quantum-joins-the-dlr-qci-project-basiq (1/1), chunk 27/37
[02:54:05 +4m 7s | thequantuminsider_2023_11_22_kipu_quantum_joins_the_dlr_qci_project_basiq] Repaired malformed JSON.
[02:54:05 +4m 7s | thequantuminsider_2023_11_22_kipu_quantum_joins_the_dlr_qci_project_basiq] Extracting actors: https://thequantuminsider.com/2023/11/22/kipu-quantum-joins-the-dlr-qci-project-basiq (1/1), chunk 28/37
[02:54:13 +4m 14s | thequantuminsider_2023_11_22_kipu_quantum_joins_the_dlr_qci_project_basiq] Repaired malformed JSON.
[02:54:13 +4m 14s | thequantuminsider_2023_11_22_kipu_quantum_joins_the_dlr_qci_project_basiq] Extracting actors: https://thequantuminsider.com/2023/11/22/kipu-quantum-joins-the-dlr-qci-project-basiq (1/1), chunk 29/37
[02:54:19 +4m 22s | thequantuminsider_2023_11_22_kipu_quantum_joins_the_dlr_qci_project_basiq] Repaired malformed JSON.
[02:54:19 +4m 22s | thequantuminsider_2023_11_22_kipu_quantum_joins_the_dlr_qci_project_basiq] Extracting actors: https://thequantuminsider.com/2023/11/22/kipu-quantum-joins-the-dlr-qci-project-basiq (1/1), chunk 30/37
[02:54:28 +4m 31s | thequantuminsider_2023_11_22_kipu_quantum_joins_the_dlr_qci_project_basiq] Repaired malformed JSON.
[02:54:28 +4m 31s | thequantuminsider_2023_11_22_kipu_quantum_joins_the_dlr_qci_project_basiq] Extracting actors: https://thequantuminsider.com/2023/11/22/kipu-quantum-joins-the-dlr-qci-project-basiq (1/1), chunk 31/37
[02:54:35 +4m 38s | thequantuminsider_2023_11_22_kipu_quantum_joins_the_dlr_qci_project_basiq] Repaired malformed JSON.
[02:54:35 +4m 38s | thequantuminsider_2023_11_22_kipu_quantum_joins_the_dlr_qci_project_basiq] Extracting actors: https://thequantuminsider.com/2023/11/22/kipu-quantum-joins-the-dlr-qci-project-basiq (1/1), chunk 32/37
[02:54:41 +4m 44s | thequantuminsider_2023_11_22_kipu_quantum_joins_the_dlr_qci_project_basiq] Repaired malformed JSON.
[02:54:41 +4m 44s | thequantuminsider_2023_11_22_kipu_quantum_joins_the_dlr_qci_project_basiq] Extracting actors: https://thequantuminsider.com/2023/11/22/kipu-quantum-joins-the-dlr-qci-project-basiq (1/1), chunk 33/37
[02:54:49 +4m 53s | thequantuminsider_2023_11_22_kipu_quantum_joins_the_dlr_qci_project_basiq] Repaired malformed JSON.
[02:54:49 +4m 53s | thequantuminsider_2023_11_22_kipu_quantum_joins_the_dlr_qci_project_basiq] Extracting actors: https://thequantuminsider.com/2023/11/22/kipu-quantum-joins-the-dlr-qci-project-basiq (1/1), chunk 34/37
[02:54:55 +5m 0s | thequantuminsider_2023_11_22_kipu_quantum_joins_the_dlr_qci_project_basiq] Repaired malformed JSON.
[02:54:55 +5m 0s | thequantuminsider_2023_11_22_kipu_quantum_joins_the_dlr_qci_project_basiq] Extracting actors: https://thequantuminsider.com/2023/11/22/kipu-quantum-joins-the-dlr-qci-project-basiq (1/1), chunk 35/37
[02:55:22 +5m 28s | thequantuminsider_2023_11_22_kipu_quantum_joins_the_dlr_qci_project_basiq] Repaired malformed JSON.
[02:55:22 +5m 28s | thequantuminsider_2023_11_22_kipu_quantum_joins_the_dlr_qci_project_basiq] Extracting actors: https://thequantuminsider.com/2023/11/22/kipu-quantum-joins-the-dlr-qci-project-basiq (1/1), chunk 36/37
[02:55:32 +5m 38s | thequantuminsider_2023_11_22_kipu_quantum_joins_the_dlr_qci_project_basiq] Repaired malformed JSON.
[02:55:32 +5m 38s | thequantuminsider_2023_11_22_kipu_quantum_joins_the_dlr_qci_project_basiq] Extracting actors: https://thequantuminsider.com/2023/11/22/kipu-quantum-joins-the-dlr-qci-project-basiq (1/1), chunk 37/37
[02:55:37 +5m 43s | thequantuminsider_2023_11_22_kipu_quantum_joins_the_dlr_qci_project_basiq] Saved 1_actor_results.json with 63 extracted records

[02:55:37 +5m 43s | thequantuminsider_2023_11_22_kipu_quantum_joins_the_dlr_qci_project_basiq] === 2 clean actors ===
[02:55:37 +5m 43s | thequantuminsider_2023_11_22_kipu_quantum_joins_the_dlr_qci_project_basiq] Loaded 63 extracted records
[02:55:37 +5m 43s | thequantuminsider_2023_11_22_kipu_quantum_joins_the_dlr_qci_project_basiq] Saved 2_actor_nodes.json with 16 canonical actor nodes

[02:55:37 +5m 43s | thequantuminsider_2023_11_22_kipu_quantum_joins_the_dlr_qci_project_basiq] === 3 interaction extraction ===
[02:55:38 +5m 44s | thequantuminsider_2023_11_22_kipu_quantum_joins_the_dlr_qci_project_basiq] Extracting interactions: https://thequantuminsider.com/2023/11/22/kipu-quantum-joins-the-dlr-qci-project-basiq (1/1), chunk 11/37
[02:55:42 +5m 48s | thequantuminsider_2023_11_22_kipu_quantum_joins_the_dlr_qci_project_basiq] Extracting interactions: https://thequantuminsider.com/2023/11/22/kipu-quantum-joins-the-dlr-qci-project-basiq (1/1), chunk 12/37
[02:55:53 +6m 1s | thequantuminsider_2023_11_22_kipu_quantum_joins_the_dlr_qci_project_basiq] Extracting interactions: https://thequantuminsider.com/2023/11/22/kipu-quantum-joins-the-dlr-qci-project-basiq (1/1), chunk 13/37
[02:56:05 +6m 12s | thequantuminsider_2023_11_22_kipu_quantum_joins_the_dlr_qci_project_basiq] Extracting interactions: https://thequantuminsider.com/2023/11/22/kipu-quantum-joins-the-dlr-qci-project-basiq (1/1), chunk 14/37
[02:56:09 +6m 16s | thequantuminsider_2023_11_22_kipu_quantum_joins_the_dlr_qci_project_basiq] Extracting interactions: https://thequantuminsider.com/2023/11/22/kipu-quantum-joins-the-dlr-qci-project-basiq (1/1), chunk 15/37
[02:56:11 +6m 19s | thequantuminsider_2023_11_22_kipu_quantum_joins_the_dlr_qci_project_basiq] Extracting interactions: https://thequantuminsider.com/2023/11/22/kipu-quantum-joins-the-dlr-qci-project-basiq (1/1), chunk 16/37
[02:56:13 +6m 20s | thequantuminsider_2023_11_22_kipu_quantum_joins_the_dlr_qci_project_basiq] Extracting interactions: https://thequantuminsider.com/2023/11/22/kipu-quantum-joins-the-dlr-qci-project-basiq (1/1), chunk 17/37
[02:56:15 +6m 22s | thequantuminsider_2023_11_22_kipu_quantum_joins_the_dlr_qci_project_basiq] Extracting interactions: https://thequantuminsider.com/2023/11/22/kipu-quantum-joins-the-dlr-qci-project-basiq (1/1), chunk 18/37
[02:56:21 +6m 30s | thequantuminsider_2023_11_22_kipu_quantum_joins_the_dlr_qci_project_basiq] Extracting interactions: https://thequantuminsider.com/2023/11/22/kipu-quantum-joins-the-dlr-qci-project-basiq (1/1), chunk 19/37
[02:56:29 +6m 38s | thequantuminsider_2023_11_22_kipu_quantum_joins_the_dlr_qci_project_basiq] Extracting interactions: https://thequantuminsider.com/2023/11/22/kipu-quantum-joins-the-dlr-qci-project-basiq (1/1), chunk 20/37
[02:56:33 +6m 42s | thequantuminsider_2023_11_22_kipu_quantum_joins_the_dlr_qci_project_basiq] Extracting interactions: https://thequantuminsider.com/2023/11/22/kipu-quantum-joins-the-dlr-qci-project-basiq (1/1), chunk 24/37
[02:56:37 +6m 46s | thequantuminsider_2023_11_22_kipu_quantum_joins_the_dlr_qci_project_basiq] Extracting interactions: https://thequantuminsider.com/2023/11/22/kipu-quantum-joins-the-dlr-qci-project-basiq (1/1), chunk 25/37
[02:56:48 +6m 58s | thequantuminsider_2023_11_22_kipu_quantum_joins_the_dlr_qci_project_basiq] Extracting interactions: https://thequantuminsider.com/2023/11/22/kipu-quantum-joins-the-dlr-qci-project-basiq (1/1), chunk 28/37
[02:56:50 +7m 0s | thequantuminsider_2023_11_22_kipu_quantum_joins_the_dlr_qci_project_basiq] Extracting interactions: https://thequantuminsider.com/2023/11/22/kipu-quantum-joins-the-dlr-qci-project-basiq (1/1), chunk 29/37
[02:57:15 +7m 25s | thequantuminsider_2023_11_22_kipu_quantum_joins_the_dlr_qci_project_basiq] Extracting interactions: https://thequantuminsider.com/2023/11/22/kipu-quantum-joins-the-dlr-qci-project-basiq (1/1), chunk 30/37
[02:57:17 +7m 27s | thequantuminsider_2023_11_22_kipu_quantum_joins_the_dlr_qci_project_basiq] Extracting interactions: https://thequantuminsider.com/2023/11/22/kipu-quantum-joins-the-dlr-qci-project-basiq (1/1), chunk 31/37
[02:57:18 +7m 30s | thequantuminsider_2023_11_22_kipu_quantum_joins_the_dlr_qci_project_basiq] Extracting interactions: https://thequantuminsider.com/2023/11/22/kipu-quantum-joins-the-dlr-qci-project-basiq (1/1), chunk 33/37
[02:57:23 +7m 34s | thequantuminsider_2023_11_22_kipu_quantum_joins_the_dlr_qci_project_basiq] Extracting interactions: https://thequantuminsider.com/2023/11/22/kipu-quantum-joins-the-dlr-qci-project-basiq (1/1), chunk 34/37
[02:57:24 +7m 36s | thequantuminsider_2023_11_22_kipu_quantum_joins_the_dlr_qci_project_basiq] Saved 3_interaction_results.json with 14 extracted interactions.

[02:57:24 +7m 36s | thequantuminsider_2023_11_22_kipu_quantum_joins_the_dlr_qci_project_basiq] === 4 clean interactions ===
[02:57:24 +7m 36s | thequantuminsider_2023_11_22_kipu_quantum_joins_the_dlr_qci_project_basiq] Saved 4_edges.json with 3 cleaned interactions.

[02:57:24 +7m 36s | thequantuminsider_2023_11_22_kipu_quantum_joins_the_dlr_qci_project_basiq] === 5 helix enrichment ===
[02:57:24 +7m 36s | thequantuminsider_2023_11_22_kipu_quantum_joins_the_dlr_qci_project_basiq] Wrote 5_nodes.json (16 actors)
[02:57:24 +7m 36s | thequantuminsider_2023_11_22_kipu_quantum_joins_the_dlr_qci_project_basiq] Wrote 5_edges.json (3 interactions)
[02:57:24 +7m 36s | thequantuminsider_2023_11_22_kipu_quantum_joins_the_dlr_qci_project_basiq] Actor helix counts: {'Academia': 1, 'Civil Society': 5, 'Government': 1, 'Industry': 3, 'Unknown': 6}
[02:57:24 +7m 36s | thequantuminsider_2023_11_22_kipu_quantum_joins_the_dlr_qci_project_basiq] Functional-space counts: {'Consensus': 3}

[02:57:24 +7m 36s | thequantuminsider_2023_11_22_kipu_quantum_joins_the_dlr_qci_project_basiq] === 6 network visualisation ===
[02:57:25 +7m 36s | thequantuminsider_2023_11_22_kipu_quantum_joins_the_dlr_qci_project_basiq] Wrote quantum_network.html
[02:57:25 +7m 36s | thequantuminsider_2023_11_22_kipu_quantum_joins_the_dlr_qci_project_basiq] Nodes: 16
[02:57:25 +7m 36s | thequantuminsider_2023_11_22_kipu_quantum_joins_the_dlr_qci_project_basiq] Edges: 1

[02:57:25 +7m 36s | thequantuminsider_2023_11_22_kipu_quantum_joins_the_dlr_qci_project_basiq] Done. Outputs written to: /home/lv/IDP/idpdeeptech/pipeline/news_outputs/thequantuminsider_2023_11_22_kipu_quantum_joins_the_dlr_qci_project_basiq
[02:57:25 +7m 36s | thequantuminsider_2023_11_22_kipu_quantum_joins_the_dlr_qci_project_basiq] Log: /home/lv/IDP/idpdeeptech/pipeline/news_outputs/thequantuminsider_2023_11_22_kipu_quantum_joins_the_dlr_qci_project_basiq/run.log

========================================================================
RUN FINISHED 2026-07-05 02:57:25  (OK)
Started:     2026-07-05 02:50:08
Elapsed:     7m 36s
========================================================================
