
========================================================================
RUN STARTED  2026-07-05 04:31:12
site_pipeline.py https://thequantuminsider.com/2023/11/06/analog-quantum-circuits-raises-3-million-aud-from-uniseed-in-latest-funding-round/
========================================================================

[04:31:12 +0s | thequantuminsider_2023_11_06_analog_quantum_circuits_raises_3_million_aud_from_uniseed_in_ed682f1f] === 0 crawl site ===
[04:31:14 +1s | thequantuminsider_2023_11_06_analog_quantum_circuits_raises_3_million_aud_from_uniseed_in_ed682f1f] [INIT].... → Crawl4AI 0.8.6 
[04:31:15 +3s | thequantuminsider_2023_11_06_analog_quantum_circuits_raises_3_million_aud_from_uniseed_in_ed682f1f] [FETCH]... ↓ https://thequantuminsider.com/2023/11/06/analog-...illion-aud-from-uniseed-in-latest-funding-round/  | ✓ | ⏱: 1.80s 
[04:31:16 +3s | thequantuminsider_2023_11_06_analog_quantum_circuits_raises_3_million_aud_from_uniseed_in_ed682f1f] [SCRAPE].. ◆ https://thequantuminsider.com/2023/11/06/analog-...illion-aud-from-uniseed-in-latest-funding-round/  | ✓ | ⏱: 0.15s 
[04:31:16 +3s | thequantuminsider_2023_11_06_analog_quantum_circuits_raises_3_million_aud_from_uniseed_in_ed682f1f] [COMPLETE] ● https://thequantuminsider.com/2023/11/06/analog-...illion-aud-from-uniseed-in-latest-funding-round/  | ✓ | ⏱: 1.97s 
[04:31:16 +3s | thequantuminsider_2023_11_06_analog_quantum_circuits_raises_3_million_aud_from_uniseed_in_ed682f1f] Saved: crawl_output/9b058ebd9a_thequantuminsider.com_2023_11_06_analog-quantum-circuits-raises-3-million-aud-from-uniseed-in-latest-funding-round.json

[04:31:16 +4s | thequantuminsider_2023_11_06_analog_quantum_circuits_raises_3_million_aud_from_uniseed_in_ed682f1f] === 1 actor extraction ===
[04:31:16 +4s | thequantuminsider_2023_11_06_analog_quantum_circuits_raises_3_million_aud_from_uniseed_in_ed682f1f] Reading page (1/1): https://thequantuminsider.com/2023/11/06/analog-quantum-circuits-raises-3-million-aud-from-uniseed-in-latest-funding-round
[04:31:16 +4s | thequantuminsider_2023_11_06_analog_quantum_circuits_raises_3_million_aud_from_uniseed_in_ed682f1f] Extracting actors: https://thequantuminsider.com/2023/11/06/analog-quantum-circuits-raises-3-million-aud-from-uniseed-in-latest-funding-round (1/1), chunk 1/36
[04:31:20 +10s | thequantuminsider_2023_11_06_analog_quantum_circuits_raises_3_million_aud_from_uniseed_in_ed682f1f] Repaired malformed JSON.
[04:31:20 +10s | thequantuminsider_2023_11_06_analog_quantum_circuits_raises_3_million_aud_from_uniseed_in_ed682f1f] Extracting actors: https://thequantuminsider.com/2023/11/06/analog-quantum-circuits-raises-3-million-aud-from-uniseed-in-latest-funding-round (1/1), chunk 2/36
[04:31:28 +18s | thequantuminsider_2023_11_06_analog_quantum_circuits_raises_3_million_aud_from_uniseed_in_ed682f1f] Repaired malformed JSON.
[04:31:28 +18s | thequantuminsider_2023_11_06_analog_quantum_circuits_raises_3_million_aud_from_uniseed_in_ed682f1f] Extracting actors: https://thequantuminsider.com/2023/11/06/analog-quantum-circuits-raises-3-million-aud-from-uniseed-in-latest-funding-round (1/1), chunk 3/36
[04:31:35 +24s | thequantuminsider_2023_11_06_analog_quantum_circuits_raises_3_million_aud_from_uniseed_in_ed682f1f] Repaired malformed JSON.
[04:31:35 +24s | thequantuminsider_2023_11_06_analog_quantum_circuits_raises_3_million_aud_from_uniseed_in_ed682f1f] Extracting actors: https://thequantuminsider.com/2023/11/06/analog-quantum-circuits-raises-3-million-aud-from-uniseed-in-latest-funding-round (1/1), chunk 4/36
[04:31:43 +33s | thequantuminsider_2023_11_06_analog_quantum_circuits_raises_3_million_aud_from_uniseed_in_ed682f1f] Repaired malformed JSON.
[04:31:43 +33s | thequantuminsider_2023_11_06_analog_quantum_circuits_raises_3_million_aud_from_uniseed_in_ed682f1f] Extracting actors: https://thequantuminsider.com/2023/11/06/analog-quantum-circuits-raises-3-million-aud-from-uniseed-in-latest-funding-round (1/1), chunk 5/36
[04:31:48 +39s | thequantuminsider_2023_11_06_analog_quantum_circuits_raises_3_million_aud_from_uniseed_in_ed682f1f] Repaired malformed JSON.
[04:31:48 +39s | thequantuminsider_2023_11_06_analog_quantum_circuits_raises_3_million_aud_from_uniseed_in_ed682f1f] Extracting actors: https://thequantuminsider.com/2023/11/06/analog-quantum-circuits-raises-3-million-aud-from-uniseed-in-latest-funding-round (1/1), chunk 6/36
[04:32:04 +56s | thequantuminsider_2023_11_06_analog_quantum_circuits_raises_3_million_aud_from_uniseed_in_ed682f1f] Repaired malformed JSON.
[04:32:04 +56s | thequantuminsider_2023_11_06_analog_quantum_circuits_raises_3_million_aud_from_uniseed_in_ed682f1f] Extracting actors: https://thequantuminsider.com/2023/11/06/analog-quantum-circuits-raises-3-million-aud-from-uniseed-in-latest-funding-round (1/1), chunk 7/36
[04:32:11 +1m 2s | thequantuminsider_2023_11_06_analog_quantum_circuits_raises_3_million_aud_from_uniseed_in_ed682f1f] Repaired malformed JSON.
[04:32:11 +1m 2s | thequantuminsider_2023_11_06_analog_quantum_circuits_raises_3_million_aud_from_uniseed_in_ed682f1f] Extracting actors: https://thequantuminsider.com/2023/11/06/analog-quantum-circuits-raises-3-million-aud-from-uniseed-in-latest-funding-round (1/1), chunk 8/36
[04:32:18 +1m 11s | thequantuminsider_2023_11_06_analog_quantum_circuits_raises_3_million_aud_from_uniseed_in_ed682f1f] Repaired malformed JSON.
[04:32:18 +1m 11s | thequantuminsider_2023_11_06_analog_quantum_circuits_raises_3_million_aud_from_uniseed_in_ed682f1f] Extracting actors: https://thequantuminsider.com/2023/11/06/analog-quantum-circuits-raises-3-million-aud-from-uniseed-in-latest-funding-round (1/1), chunk 9/36
[04:32:24 +1m 18s | thequantuminsider_2023_11_06_analog_quantum_circuits_raises_3_million_aud_from_uniseed_in_ed682f1f] Repaired malformed JSON.
[04:32:24 +1m 18s | thequantuminsider_2023_11_06_analog_quantum_circuits_raises_3_million_aud_from_uniseed_in_ed682f1f] Extracting actors: https://thequantuminsider.com/2023/11/06/analog-quantum-circuits-raises-3-million-aud-from-uniseed-in-latest-funding-round (1/1), chunk 10/36
[04:32:34 +1m 27s | thequantuminsider_2023_11_06_analog_quantum_circuits_raises_3_million_aud_from_uniseed_in_ed682f1f] Repaired malformed JSON.
[04:32:34 +1m 27s | thequantuminsider_2023_11_06_analog_quantum_circuits_raises_3_million_aud_from_uniseed_in_ed682f1f] Extracting actors: https://thequantuminsider.com/2023/11/06/analog-quantum-circuits-raises-3-million-aud-from-uniseed-in-latest-funding-round (1/1), chunk 11/36
[04:32:42 +1m 35s | thequantuminsider_2023_11_06_analog_quantum_circuits_raises_3_million_aud_from_uniseed_in_ed682f1f] Repaired malformed JSON.
[04:32:42 +1m 35s | thequantuminsider_2023_11_06_analog_quantum_circuits_raises_3_million_aud_from_uniseed_in_ed682f1f] Extracting actors: https://thequantuminsider.com/2023/11/06/analog-quantum-circuits-raises-3-million-aud-from-uniseed-in-latest-funding-round (1/1), chunk 12/36
[04:32:51 +1m 46s | thequantuminsider_2023_11_06_analog_quantum_circuits_raises_3_million_aud_from_uniseed_in_ed682f1f] Repaired malformed JSON.
[04:32:51 +1m 46s | thequantuminsider_2023_11_06_analog_quantum_circuits_raises_3_million_aud_from_uniseed_in_ed682f1f] Extracting actors: https://thequantuminsider.com/2023/11/06/analog-quantum-circuits-raises-3-million-aud-from-uniseed-in-latest-funding-round (1/1), chunk 13/36
[04:32:57 +1m 52s | thequantuminsider_2023_11_06_analog_quantum_circuits_raises_3_million_aud_from_uniseed_in_ed682f1f] Repaired malformed JSON.
[04:32:57 +1m 52s | thequantuminsider_2023_11_06_analog_quantum_circuits_raises_3_million_aud_from_uniseed_in_ed682f1f] Extracting actors: https://thequantuminsider.com/2023/11/06/analog-quantum-circuits-raises-3-million-aud-from-uniseed-in-latest-funding-round (1/1), chunk 14/36
[04:33:07 +2m 2s | thequantuminsider_2023_11_06_analog_quantum_circuits_raises_3_million_aud_from_uniseed_in_ed682f1f] Repaired malformed JSON.
[04:33:07 +2m 2s | thequantuminsider_2023_11_06_analog_quantum_circuits_raises_3_million_aud_from_uniseed_in_ed682f1f] Extracting actors: https://thequantuminsider.com/2023/11/06/analog-quantum-circuits-raises-3-million-aud-from-uniseed-in-latest-funding-round (1/1), chunk 15/36
[04:33:16 +2m 11s | thequantuminsider_2023_11_06_analog_quantum_circuits_raises_3_million_aud_from_uniseed_in_ed682f1f] Repaired malformed JSON.
[04:33:16 +2m 11s | thequantuminsider_2023_11_06_analog_quantum_circuits_raises_3_million_aud_from_uniseed_in_ed682f1f] Extracting actors: https://thequantuminsider.com/2023/11/06/analog-quantum-circuits-raises-3-million-aud-from-uniseed-in-latest-funding-round (1/1), chunk 16/36
[04:33:21 +2m 18s | thequantuminsider_2023_11_06_analog_quantum_circuits_raises_3_million_aud_from_uniseed_in_ed682f1f] Repaired malformed JSON.
[04:33:21 +2m 18s | thequantuminsider_2023_11_06_analog_quantum_circuits_raises_3_million_aud_from_uniseed_in_ed682f1f] Extracting actors: https://thequantuminsider.com/2023/11/06/analog-quantum-circuits-raises-3-million-aud-from-uniseed-in-latest-funding-round (1/1), chunk 17/36
[04:33:29 +2m 26s | thequantuminsider_2023_11_06_analog_quantum_circuits_raises_3_million_aud_from_uniseed_in_ed682f1f] Repaired malformed JSON.
[04:33:29 +2m 26s | thequantuminsider_2023_11_06_analog_quantum_circuits_raises_3_million_aud_from_uniseed_in_ed682f1f] Extracting actors: https://thequantuminsider.com/2023/11/06/analog-quantum-circuits-raises-3-million-aud-from-uniseed-in-latest-funding-round (1/1), chunk 18/36
[04:33:36 +2m 33s | thequantuminsider_2023_11_06_analog_quantum_circuits_raises_3_million_aud_from_uniseed_in_ed682f1f] Repaired malformed JSON.
[04:33:36 +2m 33s | thequantuminsider_2023_11_06_analog_quantum_circuits_raises_3_million_aud_from_uniseed_in_ed682f1f] Extracting actors: https://thequantuminsider.com/2023/11/06/analog-quantum-circuits-raises-3-million-aud-from-uniseed-in-latest-funding-round (1/1), chunk 19/36
[04:33:43 +2m 40s | thequantuminsider_2023_11_06_analog_quantum_circuits_raises_3_million_aud_from_uniseed_in_ed682f1f] Repaired malformed JSON.
[04:33:43 +2m 40s | thequantuminsider_2023_11_06_analog_quantum_circuits_raises_3_million_aud_from_uniseed_in_ed682f1f] Extracting actors: https://thequantuminsider.com/2023/11/06/analog-quantum-circuits-raises-3-million-aud-from-uniseed-in-latest-funding-round (1/1), chunk 20/36
[04:33:49 +2m 48s | thequantuminsider_2023_11_06_analog_quantum_circuits_raises_3_million_aud_from_uniseed_in_ed682f1f] Repaired malformed JSON.
[04:33:49 +2m 48s | thequantuminsider_2023_11_06_analog_quantum_circuits_raises_3_million_aud_from_uniseed_in_ed682f1f] Extracting actors: https://thequantuminsider.com/2023/11/06/analog-quantum-circuits-raises-3-million-aud-from-uniseed-in-latest-funding-round (1/1), chunk 21/36
[04:34:00 +2m 59s | thequantuminsider_2023_11_06_analog_quantum_circuits_raises_3_million_aud_from_uniseed_in_ed682f1f] Repaired malformed JSON.
[04:34:00 +2m 59s | thequantuminsider_2023_11_06_analog_quantum_circuits_raises_3_million_aud_from_uniseed_in_ed682f1f] Extracting actors: https://thequantuminsider.com/2023/11/06/analog-quantum-circuits-raises-3-million-aud-from-uniseed-in-latest-funding-round (1/1), chunk 22/36
[04:34:15 +3m 14s | thequantuminsider_2023_11_06_analog_quantum_circuits_raises_3_million_aud_from_uniseed_in_ed682f1f] Repaired malformed JSON.
[04:34:15 +3m 14s | thequantuminsider_2023_11_06_analog_quantum_circuits_raises_3_million_aud_from_uniseed_in_ed682f1f] Extracting actors: https://thequantuminsider.com/2023/11/06/analog-quantum-circuits-raises-3-million-aud-from-uniseed-in-latest-funding-round (1/1), chunk 23/36
[04:34:20 +3m 21s | thequantuminsider_2023_11_06_analog_quantum_circuits_raises_3_million_aud_from_uniseed_in_ed682f1f] Repaired malformed JSON.
[04:34:20 +3m 21s | thequantuminsider_2023_11_06_analog_quantum_circuits_raises_3_million_aud_from_uniseed_in_ed682f1f] Extracting actors: https://thequantuminsider.com/2023/11/06/analog-quantum-circuits-raises-3-million-aud-from-uniseed-in-latest-funding-round (1/1), chunk 24/36
[04:34:27 +3m 27s | thequantuminsider_2023_11_06_analog_quantum_circuits_raises_3_million_aud_from_uniseed_in_ed682f1f] Repaired malformed JSON.
[04:34:27 +3m 27s | thequantuminsider_2023_11_06_analog_quantum_circuits_raises_3_million_aud_from_uniseed_in_ed682f1f] Extracting actors: https://thequantuminsider.com/2023/11/06/analog-quantum-circuits-raises-3-million-aud-from-uniseed-in-latest-funding-round (1/1), chunk 25/36
[04:34:32 +3m 33s | thequantuminsider_2023_11_06_analog_quantum_circuits_raises_3_million_aud_from_uniseed_in_ed682f1f] Extracting actors: https://thequantuminsider.com/2023/11/06/analog-quantum-circuits-raises-3-million-aud-from-uniseed-in-latest-funding-round (1/1), chunk 26/36
[04:34:38 +3m 39s | thequantuminsider_2023_11_06_analog_quantum_circuits_raises_3_million_aud_from_uniseed_in_ed682f1f] Repaired malformed JSON.
[04:34:38 +3m 39s | thequantuminsider_2023_11_06_analog_quantum_circuits_raises_3_million_aud_from_uniseed_in_ed682f1f] Extracting actors: https://thequantuminsider.com/2023/11/06/analog-quantum-circuits-raises-3-million-aud-from-uniseed-in-latest-funding-round (1/1), chunk 27/36
[04:34:49 +3m 50s | thequantuminsider_2023_11_06_analog_quantum_circuits_raises_3_million_aud_from_uniseed_in_ed682f1f] Repaired malformed JSON.
[04:34:49 +3m 50s | thequantuminsider_2023_11_06_analog_quantum_circuits_raises_3_million_aud_from_uniseed_in_ed682f1f] Extracting actors: https://thequantuminsider.com/2023/11/06/analog-quantum-circuits-raises-3-million-aud-from-uniseed-in-latest-funding-round (1/1), chunk 28/36
[04:34:56 +3m 58s | thequantuminsider_2023_11_06_analog_quantum_circuits_raises_3_million_aud_from_uniseed_in_ed682f1f] Repaired malformed JSON.
[04:34:56 +3m 58s | thequantuminsider_2023_11_06_analog_quantum_circuits_raises_3_million_aud_from_uniseed_in_ed682f1f] Extracting actors: https://thequantuminsider.com/2023/11/06/analog-quantum-circuits-raises-3-million-aud-from-uniseed-in-latest-funding-round (1/1), chunk 29/36
[04:35:04 +4m 7s | thequantuminsider_2023_11_06_analog_quantum_circuits_raises_3_million_aud_from_uniseed_in_ed682f1f] Repaired malformed JSON.
[04:35:04 +4m 7s | thequantuminsider_2023_11_06_analog_quantum_circuits_raises_3_million_aud_from_uniseed_in_ed682f1f] Extracting actors: https://thequantuminsider.com/2023/11/06/analog-quantum-circuits-raises-3-million-aud-from-uniseed-in-latest-funding-round (1/1), chunk 30/36
[04:35:13 +4m 15s | thequantuminsider_2023_11_06_analog_quantum_circuits_raises_3_million_aud_from_uniseed_in_ed682f1f] Repaired malformed JSON.
[04:35:13 +4m 15s | thequantuminsider_2023_11_06_analog_quantum_circuits_raises_3_million_aud_from_uniseed_in_ed682f1f] Extracting actors: https://thequantuminsider.com/2023/11/06/analog-quantum-circuits-raises-3-million-aud-from-uniseed-in-latest-funding-round (1/1), chunk 31/36
[04:35:20 +4m 23s | thequantuminsider_2023_11_06_analog_quantum_circuits_raises_3_million_aud_from_uniseed_in_ed682f1f] Repaired malformed JSON.
[04:35:20 +4m 23s | thequantuminsider_2023_11_06_analog_quantum_circuits_raises_3_million_aud_from_uniseed_in_ed682f1f] Extracting actors: https://thequantuminsider.com/2023/11/06/analog-quantum-circuits-raises-3-million-aud-from-uniseed-in-latest-funding-round (1/1), chunk 32/36
[04:35:25 +4m 29s | thequantuminsider_2023_11_06_analog_quantum_circuits_raises_3_million_aud_from_uniseed_in_ed682f1f] Repaired malformed JSON.
[04:35:25 +4m 29s | thequantuminsider_2023_11_06_analog_quantum_circuits_raises_3_million_aud_from_uniseed_in_ed682f1f] Extracting actors: https://thequantuminsider.com/2023/11/06/analog-quantum-circuits-raises-3-million-aud-from-uniseed-in-latest-funding-round (1/1), chunk 33/36
[04:35:32 +4m 36s | thequantuminsider_2023_11_06_analog_quantum_circuits_raises_3_million_aud_from_uniseed_in_ed682f1f] Repaired malformed JSON.
[04:35:32 +4m 36s | thequantuminsider_2023_11_06_analog_quantum_circuits_raises_3_million_aud_from_uniseed_in_ed682f1f] Extracting actors: https://thequantuminsider.com/2023/11/06/analog-quantum-circuits-raises-3-million-aud-from-uniseed-in-latest-funding-round (1/1), chunk 34/36
[04:35:40 +4m 44s | thequantuminsider_2023_11_06_analog_quantum_circuits_raises_3_million_aud_from_uniseed_in_ed682f1f] Repaired malformed JSON.
[04:35:40 +4m 44s | thequantuminsider_2023_11_06_analog_quantum_circuits_raises_3_million_aud_from_uniseed_in_ed682f1f] Extracting actors: https://thequantuminsider.com/2023/11/06/analog-quantum-circuits-raises-3-million-aud-from-uniseed-in-latest-funding-round (1/1), chunk 35/36
[04:35:49 +4m 54s | thequantuminsider_2023_11_06_analog_quantum_circuits_raises_3_million_aud_from_uniseed_in_ed682f1f] Repaired malformed JSON.
[04:35:49 +4m 54s | thequantuminsider_2023_11_06_analog_quantum_circuits_raises_3_million_aud_from_uniseed_in_ed682f1f] Extracting actors: https://thequantuminsider.com/2023/11/06/analog-quantum-circuits-raises-3-million-aud-from-uniseed-in-latest-funding-round (1/1), chunk 36/36
[04:35:53 +4m 59s | thequantuminsider_2023_11_06_analog_quantum_circuits_raises_3_million_aud_from_uniseed_in_ed682f1f] Saved 1_actor_results.json with 65 extracted records

[04:35:53 +4m 59s | thequantuminsider_2023_11_06_analog_quantum_circuits_raises_3_million_aud_from_uniseed_in_ed682f1f] === 2 clean actors ===
[04:35:53 +4m 59s | thequantuminsider_2023_11_06_analog_quantum_circuits_raises_3_million_aud_from_uniseed_in_ed682f1f] Loaded 65 extracted records
[04:35:53 +4m 59s | thequantuminsider_2023_11_06_analog_quantum_circuits_raises_3_million_aud_from_uniseed_in_ed682f1f] Saved 2_actor_nodes.json with 14 canonical actor nodes

[04:35:53 +4m 59s | thequantuminsider_2023_11_06_analog_quantum_circuits_raises_3_million_aud_from_uniseed_in_ed682f1f] === 3 interaction extraction ===
[04:35:53 +4m 59s | thequantuminsider_2023_11_06_analog_quantum_circuits_raises_3_million_aud_from_uniseed_in_ed682f1f] Extracting interactions: https://thequantuminsider.com/2023/11/06/analog-quantum-circuits-raises-3-million-aud-from-uniseed-in-latest-funding-round (1/1), chunk 11/36
[04:36:13 +5m 19s | thequantuminsider_2023_11_06_analog_quantum_circuits_raises_3_million_aud_from_uniseed_in_ed682f1f] Extracting interactions: https://thequantuminsider.com/2023/11/06/analog-quantum-circuits-raises-3-million-aud-from-uniseed-in-latest-funding-round (1/1), chunk 12/36
[04:36:39 +5m 47s | thequantuminsider_2023_11_06_analog_quantum_circuits_raises_3_million_aud_from_uniseed_in_ed682f1f] Extracting interactions: https://thequantuminsider.com/2023/11/06/analog-quantum-circuits-raises-3-million-aud-from-uniseed-in-latest-funding-round (1/1), chunk 13/36
[04:36:51 +5m 59s | thequantuminsider_2023_11_06_analog_quantum_circuits_raises_3_million_aud_from_uniseed_in_ed682f1f] Extracting interactions: https://thequantuminsider.com/2023/11/06/analog-quantum-circuits-raises-3-million-aud-from-uniseed-in-latest-funding-round (1/1), chunk 14/36
[04:37:04 +6m 14s | thequantuminsider_2023_11_06_analog_quantum_circuits_raises_3_million_aud_from_uniseed_in_ed682f1f] Extracting interactions: https://thequantuminsider.com/2023/11/06/analog-quantum-circuits-raises-3-million-aud-from-uniseed-in-latest-funding-round (1/1), chunk 15/36
[04:37:28 +6m 40s | thequantuminsider_2023_11_06_analog_quantum_circuits_raises_3_million_aud_from_uniseed_in_ed682f1f] Extracting interactions: https://thequantuminsider.com/2023/11/06/analog-quantum-circuits-raises-3-million-aud-from-uniseed-in-latest-funding-round (1/1), chunk 16/36
[04:37:35 +6m 47s | thequantuminsider_2023_11_06_analog_quantum_circuits_raises_3_million_aud_from_uniseed_in_ed682f1f] Extracting interactions: https://thequantuminsider.com/2023/11/06/analog-quantum-circuits-raises-3-million-aud-from-uniseed-in-latest-funding-round (1/1), chunk 19/36
[04:37:37 +6m 48s | thequantuminsider_2023_11_06_analog_quantum_circuits_raises_3_million_aud_from_uniseed_in_ed682f1f] Extracting interactions: https://thequantuminsider.com/2023/11/06/analog-quantum-circuits-raises-3-million-aud-from-uniseed-in-latest-funding-round (1/1), chunk 20/36
[04:37:45 +6m 56s | thequantuminsider_2023_11_06_analog_quantum_circuits_raises_3_million_aud_from_uniseed_in_ed682f1f] Extracting interactions: https://thequantuminsider.com/2023/11/06/analog-quantum-circuits-raises-3-million-aud-from-uniseed-in-latest-funding-round (1/1), chunk 25/36
[04:37:49 +7m 0s | thequantuminsider_2023_11_06_analog_quantum_circuits_raises_3_million_aud_from_uniseed_in_ed682f1f] Extracting interactions: https://thequantuminsider.com/2023/11/06/analog-quantum-circuits-raises-3-million-aud-from-uniseed-in-latest-funding-round (1/1), chunk 26/36
[04:37:51 +7m 2s | thequantuminsider_2023_11_06_analog_quantum_circuits_raises_3_million_aud_from_uniseed_in_ed682f1f] Extracting interactions: https://thequantuminsider.com/2023/11/06/analog-quantum-circuits-raises-3-million-aud-from-uniseed-in-latest-funding-round (1/1), chunk 29/36
[04:37:53 +7m 4s | thequantuminsider_2023_11_06_analog_quantum_circuits_raises_3_million_aud_from_uniseed_in_ed682f1f] Extracting interactions: https://thequantuminsider.com/2023/11/06/analog-quantum-circuits-raises-3-million-aud-from-uniseed-in-latest-funding-round (1/1), chunk 30/36
[04:37:52 +7m 5s | thequantuminsider_2023_11_06_analog_quantum_circuits_raises_3_million_aud_from_uniseed_in_ed682f1f] Extracting interactions: https://thequantuminsider.com/2023/11/06/analog-quantum-circuits-raises-3-million-aud-from-uniseed-in-latest-funding-round (1/1), chunk 31/36
[04:37:57 +7m 10s | thequantuminsider_2023_11_06_analog_quantum_circuits_raises_3_million_aud_from_uniseed_in_ed682f1f] Extracting interactions: https://thequantuminsider.com/2023/11/06/analog-quantum-circuits-raises-3-million-aud-from-uniseed-in-latest-funding-round (1/1), chunk 32/36
[04:37:58 +7m 12s | thequantuminsider_2023_11_06_analog_quantum_circuits_raises_3_million_aud_from_uniseed_in_ed682f1f] Extracting interactions: https://thequantuminsider.com/2023/11/06/analog-quantum-circuits-raises-3-million-aud-from-uniseed-in-latest-funding-round (1/1), chunk 34/36
[04:38:00 +7m 13s | thequantuminsider_2023_11_06_analog_quantum_circuits_raises_3_million_aud_from_uniseed_in_ed682f1f] Extracting interactions: https://thequantuminsider.com/2023/11/06/analog-quantum-circuits-raises-3-million-aud-from-uniseed-in-latest-funding-round (1/1), chunk 35/36
[04:38:02 +7m 15s | thequantuminsider_2023_11_06_analog_quantum_circuits_raises_3_million_aud_from_uniseed_in_ed682f1f] Extracting interactions: https://thequantuminsider.com/2023/11/06/analog-quantum-circuits-raises-3-million-aud-from-uniseed-in-latest-funding-round (1/1), chunk 36/36
[04:38:04 +7m 17s | thequantuminsider_2023_11_06_analog_quantum_circuits_raises_3_million_aud_from_uniseed_in_ed682f1f] Saved 3_interaction_results.json with 12 extracted interactions.

[04:38:04 +7m 17s | thequantuminsider_2023_11_06_analog_quantum_circuits_raises_3_million_aud_from_uniseed_in_ed682f1f] === 4 clean interactions ===
[04:38:04 +7m 17s | thequantuminsider_2023_11_06_analog_quantum_circuits_raises_3_million_aud_from_uniseed_in_ed682f1f] Saved 4_edges.json with 0 cleaned interactions.

[04:38:04 +7m 17s | thequantuminsider_2023_11_06_analog_quantum_circuits_raises_3_million_aud_from_uniseed_in_ed682f1f] === 5 helix enrichment ===
[04:38:04 +7m 18s | thequantuminsider_2023_11_06_analog_quantum_circuits_raises_3_million_aud_from_uniseed_in_ed682f1f] Wrote 5_nodes.json (14 actors)
[04:38:04 +7m 18s | thequantuminsider_2023_11_06_analog_quantum_circuits_raises_3_million_aud_from_uniseed_in_ed682f1f] Wrote 5_edges.json (0 interactions)
[04:38:04 +7m 18s | thequantuminsider_2023_11_06_analog_quantum_circuits_raises_3_million_aud_from_uniseed_in_ed682f1f] Actor helix counts: {'Academia': 1, 'Civil Society': 2, 'Industry': 2, 'Intermediary': 1, 'Unknown': 8}
[04:38:04 +7m 18s | thequantuminsider_2023_11_06_analog_quantum_circuits_raises_3_million_aud_from_uniseed_in_ed682f1f] Functional-space counts: {}

[04:38:04 +7m 18s | thequantuminsider_2023_11_06_analog_quantum_circuits_raises_3_million_aud_from_uniseed_in_ed682f1f] === 6 network visualisation ===
[04:38:05 +7m 18s | thequantuminsider_2023_11_06_analog_quantum_circuits_raises_3_million_aud_from_uniseed_in_ed682f1f] Wrote quantum_network.html
[04:38:05 +7m 18s | thequantuminsider_2023_11_06_analog_quantum_circuits_raises_3_million_aud_from_uniseed_in_ed682f1f] Nodes: 14
[04:38:05 +7m 18s | thequantuminsider_2023_11_06_analog_quantum_circuits_raises_3_million_aud_from_uniseed_in_ed682f1f] Edges: 0

[04:38:05 +7m 18s | thequantuminsider_2023_11_06_analog_quantum_circuits_raises_3_million_aud_from_uniseed_in_ed682f1f] Done. Outputs written to: /home/lv/IDP/idpdeeptech/pipeline/news_outputs/thequantuminsider_2023_11_06_analog_quantum_circuits_raises_3_million_aud_from_uniseed_in_ed682f1f
[04:38:05 +7m 18s | thequantuminsider_2023_11_06_analog_quantum_circuits_raises_3_million_aud_from_uniseed_in_ed682f1f] Log: /home/lv/IDP/idpdeeptech/pipeline/news_outputs/thequantuminsider_2023_11_06_analog_quantum_circuits_raises_3_million_aud_from_uniseed_in_ed682f1f/run.log

========================================================================
RUN FINISHED 2026-07-05 04:38:05  (OK)
Started:     2026-07-05 04:31:12
Elapsed:     7m 18s
========================================================================
