
========================================================================
RUN STARTED  2026-07-05 05:50:59
site_pipeline.py https://thequantuminsider.com/2023/10/23/research-teams-make-steps-toward-more-accurate-quantum-chemistry-simulations/
========================================================================

[05:50:59 +0s | thequantuminsider_2023_10_23_research_teams_make_steps_toward_more_accurate_quantum_chemi_e9589613] === 0 crawl site ===
[05:51:01 +2s | thequantuminsider_2023_10_23_research_teams_make_steps_toward_more_accurate_quantum_chemi_e9589613] [INIT].... → Crawl4AI 0.8.6 
[05:51:03 +3s | thequantuminsider_2023_10_23_research_teams_make_steps_toward_more_accurate_quantum_chemi_e9589613] [FETCH]... ↓ https://thequantuminsider.com/2023/10/23/researc...ard-more-accurate-quantum-chemistry-simulations/  | ✓ | ⏱: 1.74s 
[05:51:03 +3s | thequantuminsider_2023_10_23_research_teams_make_steps_toward_more_accurate_quantum_chemi_e9589613] [SCRAPE].. ◆ https://thequantuminsider.com/2023/10/23/researc...ard-more-accurate-quantum-chemistry-simulations/  | ✓ | ⏱: 0.09s 
[05:51:03 +3s | thequantuminsider_2023_10_23_research_teams_make_steps_toward_more_accurate_quantum_chemi_e9589613] [COMPLETE] ● https://thequantuminsider.com/2023/10/23/researc...ard-more-accurate-quantum-chemistry-simulations/  | ✓ | ⏱: 1.85s 
[05:51:03 +3s | thequantuminsider_2023_10_23_research_teams_make_steps_toward_more_accurate_quantum_chemi_e9589613] Saved: crawl_output/ef28aeec6f_thequantuminsider.com_2023_10_23_research-teams-make-steps-toward-more-accurate-quantum-chemistry-simulations.json

[05:51:03 +4s | thequantuminsider_2023_10_23_research_teams_make_steps_toward_more_accurate_quantum_chemi_e9589613] === 1 actor extraction ===
[05:51:03 +4s | thequantuminsider_2023_10_23_research_teams_make_steps_toward_more_accurate_quantum_chemi_e9589613] Reading page (1/1): https://thequantuminsider.com/2023/10/23/research-teams-make-steps-toward-more-accurate-quantum-chemistry-simulations
[05:51:03 +4s | thequantuminsider_2023_10_23_research_teams_make_steps_toward_more_accurate_quantum_chemi_e9589613] Extracting actors: https://thequantuminsider.com/2023/10/23/research-teams-make-steps-toward-more-accurate-quantum-chemistry-simulations (1/1), chunk 1/26
[05:51:09 +12s | thequantuminsider_2023_10_23_research_teams_make_steps_toward_more_accurate_quantum_chemi_e9589613] Extracting actors: https://thequantuminsider.com/2023/10/23/research-teams-make-steps-toward-more-accurate-quantum-chemistry-simulations (1/1), chunk 2/26
[05:51:15 +18s | thequantuminsider_2023_10_23_research_teams_make_steps_toward_more_accurate_quantum_chemi_e9589613] Extracting actors: https://thequantuminsider.com/2023/10/23/research-teams-make-steps-toward-more-accurate-quantum-chemistry-simulations (1/1), chunk 3/26
[05:51:39 +44s | thequantuminsider_2023_10_23_research_teams_make_steps_toward_more_accurate_quantum_chemi_e9589613] Extracting actors: https://thequantuminsider.com/2023/10/23/research-teams-make-steps-toward-more-accurate-quantum-chemistry-simulations (1/1), chunk 4/26
[05:51:45 +50s | thequantuminsider_2023_10_23_research_teams_make_steps_toward_more_accurate_quantum_chemi_e9589613] Extracting actors: https://thequantuminsider.com/2023/10/23/research-teams-make-steps-toward-more-accurate-quantum-chemistry-simulations (1/1), chunk 5/26
[05:51:51 +56s | thequantuminsider_2023_10_23_research_teams_make_steps_toward_more_accurate_quantum_chemi_e9589613] Extracting actors: https://thequantuminsider.com/2023/10/23/research-teams-make-steps-toward-more-accurate-quantum-chemistry-simulations (1/1), chunk 6/26
[05:51:58 +1m 3s | thequantuminsider_2023_10_23_research_teams_make_steps_toward_more_accurate_quantum_chemi_e9589613] Extracting actors: https://thequantuminsider.com/2023/10/23/research-teams-make-steps-toward-more-accurate-quantum-chemistry-simulations (1/1), chunk 7/26
[05:52:04 +1m 9s | thequantuminsider_2023_10_23_research_teams_make_steps_toward_more_accurate_quantum_chemi_e9589613] Extracting actors: https://thequantuminsider.com/2023/10/23/research-teams-make-steps-toward-more-accurate-quantum-chemistry-simulations (1/1), chunk 8/26
[05:52:27 +1m 34s | thequantuminsider_2023_10_23_research_teams_make_steps_toward_more_accurate_quantum_chemi_e9589613] Extracting actors: https://thequantuminsider.com/2023/10/23/research-teams-make-steps-toward-more-accurate-quantum-chemistry-simulations (1/1), chunk 9/26
[05:52:37 +1m 46s | thequantuminsider_2023_10_23_research_teams_make_steps_toward_more_accurate_quantum_chemi_e9589613] Extracting actors: https://thequantuminsider.com/2023/10/23/research-teams-make-steps-toward-more-accurate-quantum-chemistry-simulations (1/1), chunk 10/26
[05:52:47 +1m 55s | thequantuminsider_2023_10_23_research_teams_make_steps_toward_more_accurate_quantum_chemi_e9589613] Extracting actors: https://thequantuminsider.com/2023/10/23/research-teams-make-steps-toward-more-accurate-quantum-chemistry-simulations (1/1), chunk 11/26
[05:52:53 +2m 2s | thequantuminsider_2023_10_23_research_teams_make_steps_toward_more_accurate_quantum_chemi_e9589613] Repaired malformed JSON.
[05:52:53 +2m 2s | thequantuminsider_2023_10_23_research_teams_make_steps_toward_more_accurate_quantum_chemi_e9589613] Extracting actors: https://thequantuminsider.com/2023/10/23/research-teams-make-steps-toward-more-accurate-quantum-chemistry-simulations (1/1), chunk 12/26
[05:53:01 +2m 10s | thequantuminsider_2023_10_23_research_teams_make_steps_toward_more_accurate_quantum_chemi_e9589613] Repaired malformed JSON.
[05:53:01 +2m 10s | thequantuminsider_2023_10_23_research_teams_make_steps_toward_more_accurate_quantum_chemi_e9589613] Extracting actors: https://thequantuminsider.com/2023/10/23/research-teams-make-steps-toward-more-accurate-quantum-chemistry-simulations (1/1), chunk 13/26
[05:53:07 +2m 16s | thequantuminsider_2023_10_23_research_teams_make_steps_toward_more_accurate_quantum_chemi_e9589613] Repaired malformed JSON.
[05:53:07 +2m 16s | thequantuminsider_2023_10_23_research_teams_make_steps_toward_more_accurate_quantum_chemi_e9589613] Extracting actors: https://thequantuminsider.com/2023/10/23/research-teams-make-steps-toward-more-accurate-quantum-chemistry-simulations (1/1), chunk 14/26
[05:53:15 +2m 25s | thequantuminsider_2023_10_23_research_teams_make_steps_toward_more_accurate_quantum_chemi_e9589613] Repaired malformed JSON.
[05:53:15 +2m 25s | thequantuminsider_2023_10_23_research_teams_make_steps_toward_more_accurate_quantum_chemi_e9589613] Extracting actors: https://thequantuminsider.com/2023/10/23/research-teams-make-steps-toward-more-accurate-quantum-chemistry-simulations (1/1), chunk 15/26
[05:53:23 +2m 34s | thequantuminsider_2023_10_23_research_teams_make_steps_toward_more_accurate_quantum_chemi_e9589613] Repaired malformed JSON.
[05:53:23 +2m 34s | thequantuminsider_2023_10_23_research_teams_make_steps_toward_more_accurate_quantum_chemi_e9589613] Extracting actors: https://thequantuminsider.com/2023/10/23/research-teams-make-steps-toward-more-accurate-quantum-chemistry-simulations (1/1), chunk 16/26
[05:53:45 +2m 58s | thequantuminsider_2023_10_23_research_teams_make_steps_toward_more_accurate_quantum_chemi_e9589613] Repaired malformed JSON.
[05:53:45 +2m 58s | thequantuminsider_2023_10_23_research_teams_make_steps_toward_more_accurate_quantum_chemi_e9589613] Extracting actors: https://thequantuminsider.com/2023/10/23/research-teams-make-steps-toward-more-accurate-quantum-chemistry-simulations (1/1), chunk 17/26
[05:53:52 +3m 5s | thequantuminsider_2023_10_23_research_teams_make_steps_toward_more_accurate_quantum_chemi_e9589613] Extracting actors: https://thequantuminsider.com/2023/10/23/research-teams-make-steps-toward-more-accurate-quantum-chemistry-simulations (1/1), chunk 18/26
[05:54:00 +3m 13s | thequantuminsider_2023_10_23_research_teams_make_steps_toward_more_accurate_quantum_chemi_e9589613] Repaired malformed JSON.
[05:54:00 +3m 13s | thequantuminsider_2023_10_23_research_teams_make_steps_toward_more_accurate_quantum_chemi_e9589613] Extracting actors: https://thequantuminsider.com/2023/10/23/research-teams-make-steps-toward-more-accurate-quantum-chemistry-simulations (1/1), chunk 19/26
[05:54:07 +3m 20s | thequantuminsider_2023_10_23_research_teams_make_steps_toward_more_accurate_quantum_chemi_e9589613] Repaired malformed JSON.
[05:54:07 +3m 20s | thequantuminsider_2023_10_23_research_teams_make_steps_toward_more_accurate_quantum_chemi_e9589613] Extracting actors: https://thequantuminsider.com/2023/10/23/research-teams-make-steps-toward-more-accurate-quantum-chemistry-simulations (1/1), chunk 20/26
[05:54:13 +3m 28s | thequantuminsider_2023_10_23_research_teams_make_steps_toward_more_accurate_quantum_chemi_e9589613] Repaired malformed JSON.
[05:54:13 +3m 28s | thequantuminsider_2023_10_23_research_teams_make_steps_toward_more_accurate_quantum_chemi_e9589613] Extracting actors: https://thequantuminsider.com/2023/10/23/research-teams-make-steps-toward-more-accurate-quantum-chemistry-simulations (1/1), chunk 21/26
[05:54:23 +3m 38s | thequantuminsider_2023_10_23_research_teams_make_steps_toward_more_accurate_quantum_chemi_e9589613] Repaired malformed JSON.
[05:54:23 +3m 38s | thequantuminsider_2023_10_23_research_teams_make_steps_toward_more_accurate_quantum_chemi_e9589613] Extracting actors: https://thequantuminsider.com/2023/10/23/research-teams-make-steps-toward-more-accurate-quantum-chemistry-simulations (1/1), chunk 22/26
[05:54:30 +3m 45s | thequantuminsider_2023_10_23_research_teams_make_steps_toward_more_accurate_quantum_chemi_e9589613] Repaired malformed JSON.
[05:54:30 +3m 45s | thequantuminsider_2023_10_23_research_teams_make_steps_toward_more_accurate_quantum_chemi_e9589613] Extracting actors: https://thequantuminsider.com/2023/10/23/research-teams-make-steps-toward-more-accurate-quantum-chemistry-simulations (1/1), chunk 23/26
[05:54:36 +3m 51s | thequantuminsider_2023_10_23_research_teams_make_steps_toward_more_accurate_quantum_chemi_e9589613] Repaired malformed JSON.
[05:54:36 +3m 51s | thequantuminsider_2023_10_23_research_teams_make_steps_toward_more_accurate_quantum_chemi_e9589613] Extracting actors: https://thequantuminsider.com/2023/10/23/research-teams-make-steps-toward-more-accurate-quantum-chemistry-simulations (1/1), chunk 24/26
[05:55:17 +4m 37s | thequantuminsider_2023_10_23_research_teams_make_steps_toward_more_accurate_quantum_chemi_e9589613] Extracting actors: https://thequantuminsider.com/2023/10/23/research-teams-make-steps-toward-more-accurate-quantum-chemistry-simulations (1/1), chunk 25/26
[05:55:28 +4m 47s | thequantuminsider_2023_10_23_research_teams_make_steps_toward_more_accurate_quantum_chemi_e9589613] Repaired malformed JSON.
[05:55:28 +4m 47s | thequantuminsider_2023_10_23_research_teams_make_steps_toward_more_accurate_quantum_chemi_e9589613] Extracting actors: https://thequantuminsider.com/2023/10/23/research-teams-make-steps-toward-more-accurate-quantum-chemistry-simulations (1/1), chunk 26/26
[05:55:32 +4m 51s | thequantuminsider_2023_10_23_research_teams_make_steps_toward_more_accurate_quantum_chemi_e9589613] Saved 1_actor_results.json with 37 extracted records

[05:55:32 +4m 51s | thequantuminsider_2023_10_23_research_teams_make_steps_toward_more_accurate_quantum_chemi_e9589613] === 2 clean actors ===
[05:55:32 +4m 51s | thequantuminsider_2023_10_23_research_teams_make_steps_toward_more_accurate_quantum_chemi_e9589613] Loaded 37 extracted records
[05:55:32 +4m 51s | thequantuminsider_2023_10_23_research_teams_make_steps_toward_more_accurate_quantum_chemi_e9589613] Saved 2_actor_nodes.json with 12 canonical actor nodes

[05:55:32 +4m 51s | thequantuminsider_2023_10_23_research_teams_make_steps_toward_more_accurate_quantum_chemi_e9589613] === 3 interaction extraction ===
[05:55:32 +4m 52s | thequantuminsider_2023_10_23_research_teams_make_steps_toward_more_accurate_quantum_chemi_e9589613] Extracting interactions: https://thequantuminsider.com/2023/10/23/research-teams-make-steps-toward-more-accurate-quantum-chemistry-simulations (1/1), chunk 11/26
[05:55:38 +4m 58s | thequantuminsider_2023_10_23_research_teams_make_steps_toward_more_accurate_quantum_chemi_e9589613] Extracting interactions: https://thequantuminsider.com/2023/10/23/research-teams-make-steps-toward-more-accurate-quantum-chemistry-simulations (1/1), chunk 12/26
[05:55:47 +5m 9s | thequantuminsider_2023_10_23_research_teams_make_steps_toward_more_accurate_quantum_chemi_e9589613] Extracting interactions: https://thequantuminsider.com/2023/10/23/research-teams-make-steps-toward-more-accurate-quantum-chemistry-simulations (1/1), chunk 13/26
[05:55:54 +5m 15s | thequantuminsider_2023_10_23_research_teams_make_steps_toward_more_accurate_quantum_chemi_e9589613] Extracting interactions: https://thequantuminsider.com/2023/10/23/research-teams-make-steps-toward-more-accurate-quantum-chemistry-simulations (1/1), chunk 14/26
[05:56:21 +5m 45s | thequantuminsider_2023_10_23_research_teams_make_steps_toward_more_accurate_quantum_chemi_e9589613] Extracting interactions: https://thequantuminsider.com/2023/10/23/research-teams-make-steps-toward-more-accurate-quantum-chemistry-simulations (1/1), chunk 15/26
[05:56:26 +5m 49s | thequantuminsider_2023_10_23_research_teams_make_steps_toward_more_accurate_quantum_chemi_e9589613] Extracting interactions: https://thequantuminsider.com/2023/10/23/research-teams-make-steps-toward-more-accurate-quantum-chemistry-simulations (1/1), chunk 16/26
[05:56:44 +6m 9s | thequantuminsider_2023_10_23_research_teams_make_steps_toward_more_accurate_quantum_chemi_e9589613] Extracting interactions: https://thequantuminsider.com/2023/10/23/research-teams-make-steps-toward-more-accurate-quantum-chemistry-simulations (1/1), chunk 17/26
[05:56:52 +6m 17s | thequantuminsider_2023_10_23_research_teams_make_steps_toward_more_accurate_quantum_chemi_e9589613] Extracting interactions: https://thequantuminsider.com/2023/10/23/research-teams-make-steps-toward-more-accurate-quantum-chemistry-simulations (1/1), chunk 18/26
[05:56:53 +6m 19s | thequantuminsider_2023_10_23_research_teams_make_steps_toward_more_accurate_quantum_chemi_e9589613] Extracting interactions: https://thequantuminsider.com/2023/10/23/research-teams-make-steps-toward-more-accurate-quantum-chemistry-simulations (1/1), chunk 19/26
[05:56:55 +6m 21s | thequantuminsider_2023_10_23_research_teams_make_steps_toward_more_accurate_quantum_chemi_e9589613] Extracting interactions: https://thequantuminsider.com/2023/10/23/research-teams-make-steps-toward-more-accurate-quantum-chemistry-simulations (1/1), chunk 20/26
[05:57:03 +6m 28s | thequantuminsider_2023_10_23_research_teams_make_steps_toward_more_accurate_quantum_chemi_e9589613] Extracting interactions: https://thequantuminsider.com/2023/10/23/research-teams-make-steps-toward-more-accurate-quantum-chemistry-simulations (1/1), chunk 21/26
[05:57:07 +6m 32s | thequantuminsider_2023_10_23_research_teams_make_steps_toward_more_accurate_quantum_chemi_e9589613] Extracting interactions: https://thequantuminsider.com/2023/10/23/research-teams-make-steps-toward-more-accurate-quantum-chemistry-simulations (1/1), chunk 23/26
[05:57:09 +6m 34s | thequantuminsider_2023_10_23_research_teams_make_steps_toward_more_accurate_quantum_chemi_e9589613] Extracting interactions: https://thequantuminsider.com/2023/10/23/research-teams-make-steps-toward-more-accurate-quantum-chemistry-simulations (1/1), chunk 25/26
[05:57:08 +6m 35s | thequantuminsider_2023_10_23_research_teams_make_steps_toward_more_accurate_quantum_chemi_e9589613] Extracting interactions: https://thequantuminsider.com/2023/10/23/research-teams-make-steps-toward-more-accurate-quantum-chemistry-simulations (1/1), chunk 26/26
[05:57:12 +6m 40s | thequantuminsider_2023_10_23_research_teams_make_steps_toward_more_accurate_quantum_chemi_e9589613] Saved 3_interaction_results.json with 10 extracted interactions.

[05:57:12 +6m 40s | thequantuminsider_2023_10_23_research_teams_make_steps_toward_more_accurate_quantum_chemi_e9589613] === 4 clean interactions ===
[05:57:12 +6m 40s | thequantuminsider_2023_10_23_research_teams_make_steps_toward_more_accurate_quantum_chemi_e9589613] Saved 4_edges.json with 3 cleaned interactions.

[05:57:12 +6m 40s | thequantuminsider_2023_10_23_research_teams_make_steps_toward_more_accurate_quantum_chemi_e9589613] === 5 helix enrichment ===
[05:57:12 +6m 40s | thequantuminsider_2023_10_23_research_teams_make_steps_toward_more_accurate_quantum_chemi_e9589613] Wrote 5_nodes.json (12 actors)
[05:57:12 +6m 40s | thequantuminsider_2023_10_23_research_teams_make_steps_toward_more_accurate_quantum_chemi_e9589613] Wrote 5_edges.json (3 interactions)
[05:57:12 +6m 40s | thequantuminsider_2023_10_23_research_teams_make_steps_toward_more_accurate_quantum_chemi_e9589613] Actor helix counts: {'Academia': 1, 'Civil Society': 3, 'Industry': 5, 'Intermediary': 2, 'Unknown': 1}
[05:57:12 +6m 40s | thequantuminsider_2023_10_23_research_teams_make_steps_toward_more_accurate_quantum_chemi_e9589613] Functional-space counts: {'Intra-helix / Not classified': 3}

[05:57:12 +6m 40s | thequantuminsider_2023_10_23_research_teams_make_steps_toward_more_accurate_quantum_chemi_e9589613] === 6 network visualisation ===
[05:57:13 +6m 40s | thequantuminsider_2023_10_23_research_teams_make_steps_toward_more_accurate_quantum_chemi_e9589613] Wrote quantum_network.html
[05:57:13 +6m 40s | thequantuminsider_2023_10_23_research_teams_make_steps_toward_more_accurate_quantum_chemi_e9589613] Nodes: 12
[05:57:13 +6m 40s | thequantuminsider_2023_10_23_research_teams_make_steps_toward_more_accurate_quantum_chemi_e9589613] Edges: 1

[05:57:13 +6m 40s | thequantuminsider_2023_10_23_research_teams_make_steps_toward_more_accurate_quantum_chemi_e9589613] Done. Outputs written to: /home/lv/IDP/idpdeeptech/pipeline/news_outputs/thequantuminsider_2023_10_23_research_teams_make_steps_toward_more_accurate_quantum_chemi_e9589613
[05:57:13 +6m 40s | thequantuminsider_2023_10_23_research_teams_make_steps_toward_more_accurate_quantum_chemi_e9589613] Log: /home/lv/IDP/idpdeeptech/pipeline/news_outputs/thequantuminsider_2023_10_23_research_teams_make_steps_toward_more_accurate_quantum_chemi_e9589613/run.log

========================================================================
RUN FINISHED 2026-07-05 05:57:13  (OK)
Started:     2026-07-05 05:50:59
Elapsed:     6m 40s
========================================================================
