
========================================================================
RUN STARTED  2026-07-05 03:25:31
site_pipeline.py https://thequantuminsider.com/2023/11/15/quandela-and-exaion-announce-an-agreement-to-contribute-to-the-democratization-of-quantum-computing-in-europe-and-north-america/
========================================================================

[03:25:31 +0s | thequantuminsider_2023_11_15_quandela_and_exaion_announce_an_agreement_to_contribute_to_t_44786017] === 0 crawl site ===
[03:25:31 +1s | thequantuminsider_2023_11_15_quandela_and_exaion_announce_an_agreement_to_contribute_to_t_44786017] [INIT].... → Crawl4AI 0.8.6 
[03:25:34 +4s | thequantuminsider_2023_11_15_quandela_and_exaion_announce_an_agreement_to_contribute_to_t_44786017] [FETCH]... ↓ https://thequantuminsider.com/2023/11/15/quandel...f-quantum-computing-in-europe-and-north-america/  | ✓ | ⏱: 2.46s 
[03:25:34 +4s | thequantuminsider_2023_11_15_quandela_and_exaion_announce_an_agreement_to_contribute_to_t_44786017] [SCRAPE].. ◆ https://thequantuminsider.com/2023/11/15/quandel...f-quantum-computing-in-europe-and-north-america/  | ✓ | ⏱: 0.12s 
[03:25:34 +4s | thequantuminsider_2023_11_15_quandela_and_exaion_announce_an_agreement_to_contribute_to_t_44786017] [COMPLETE] ● https://thequantuminsider.com/2023/11/15/quandel...f-quantum-computing-in-europe-and-north-america/  | ✓ | ⏱: 2.61s 
[03:25:34 +4s | thequantuminsider_2023_11_15_quandela_and_exaion_announce_an_agreement_to_contribute_to_t_44786017] Saved: crawl_output/4e93425e0d_thequantuminsider.com_2023_11_15_quandela-and-exaion-announce-an-agreement-to-contribute-to-the-democratization-of-quantum-computing-in-europe-and-north-america.json

[03:25:34 +4s | thequantuminsider_2023_11_15_quandela_and_exaion_announce_an_agreement_to_contribute_to_t_44786017] === 1 actor extraction ===
[03:25:34 +5s | thequantuminsider_2023_11_15_quandela_and_exaion_announce_an_agreement_to_contribute_to_t_44786017] Reading page (1/1): https://thequantuminsider.com/2023/11/15/quandela-and-exaion-announce-an-agreement-to-contribute-to-the-democratization-of-quantum-computing-in-europe-and-north-america
[03:25:34 +5s | thequantuminsider_2023_11_15_quandela_and_exaion_announce_an_agreement_to_contribute_to_t_44786017] Extracting actors: https://thequantuminsider.com/2023/11/15/quandela-and-exaion-announce-an-agreement-to-contribute-to-the-democratization-of-quantum-computing-in-europe-and-north-america (1/1), chunk 1/32
[03:26:01 +31s | thequantuminsider_2023_11_15_quandela_and_exaion_announce_an_agreement_to_contribute_to_t_44786017] Repaired malformed JSON.
[03:26:01 +31s | thequantuminsider_2023_11_15_quandela_and_exaion_announce_an_agreement_to_contribute_to_t_44786017] Extracting actors: https://thequantuminsider.com/2023/11/15/quandela-and-exaion-announce-an-agreement-to-contribute-to-the-democratization-of-quantum-computing-in-europe-and-north-america (1/1), chunk 2/32
[03:26:14 +46s | thequantuminsider_2023_11_15_quandela_and_exaion_announce_an_agreement_to_contribute_to_t_44786017] Repaired malformed JSON.
[03:26:14 +46s | thequantuminsider_2023_11_15_quandela_and_exaion_announce_an_agreement_to_contribute_to_t_44786017] Extracting actors: https://thequantuminsider.com/2023/11/15/quandela-and-exaion-announce-an-agreement-to-contribute-to-the-democratization-of-quantum-computing-in-europe-and-north-america (1/1), chunk 3/32
[03:26:22 +54s | thequantuminsider_2023_11_15_quandela_and_exaion_announce_an_agreement_to_contribute_to_t_44786017] Extracting actors: https://thequantuminsider.com/2023/11/15/quandela-and-exaion-announce-an-agreement-to-contribute-to-the-democratization-of-quantum-computing-in-europe-and-north-america (1/1), chunk 4/32
[03:26:30 +1m 2s | thequantuminsider_2023_11_15_quandela_and_exaion_announce_an_agreement_to_contribute_to_t_44786017] Repaired malformed JSON.
[03:26:30 +1m 2s | thequantuminsider_2023_11_15_quandela_and_exaion_announce_an_agreement_to_contribute_to_t_44786017] Extracting actors: https://thequantuminsider.com/2023/11/15/quandela-and-exaion-announce-an-agreement-to-contribute-to-the-democratization-of-quantum-computing-in-europe-and-north-america (1/1), chunk 5/32
[03:26:34 +1m 8s | thequantuminsider_2023_11_15_quandela_and_exaion_announce_an_agreement_to_contribute_to_t_44786017] Repaired malformed JSON.
[03:26:34 +1m 8s | thequantuminsider_2023_11_15_quandela_and_exaion_announce_an_agreement_to_contribute_to_t_44786017] Extracting actors: https://thequantuminsider.com/2023/11/15/quandela-and-exaion-announce-an-agreement-to-contribute-to-the-democratization-of-quantum-computing-in-europe-and-north-america (1/1), chunk 6/32
[03:26:40 +1m 13s | thequantuminsider_2023_11_15_quandela_and_exaion_announce_an_agreement_to_contribute_to_t_44786017] Repaired malformed JSON.
[03:26:40 +1m 13s | thequantuminsider_2023_11_15_quandela_and_exaion_announce_an_agreement_to_contribute_to_t_44786017] Extracting actors: https://thequantuminsider.com/2023/11/15/quandela-and-exaion-announce-an-agreement-to-contribute-to-the-democratization-of-quantum-computing-in-europe-and-north-america (1/1), chunk 7/32
[03:27:00 +1m 33s | thequantuminsider_2023_11_15_quandela_and_exaion_announce_an_agreement_to_contribute_to_t_44786017] Repaired malformed JSON.
[03:27:00 +1m 33s | thequantuminsider_2023_11_15_quandela_and_exaion_announce_an_agreement_to_contribute_to_t_44786017] Extracting actors: https://thequantuminsider.com/2023/11/15/quandela-and-exaion-announce-an-agreement-to-contribute-to-the-democratization-of-quantum-computing-in-europe-and-north-america (1/1), chunk 8/32
[03:27:05 +1m 40s | thequantuminsider_2023_11_15_quandela_and_exaion_announce_an_agreement_to_contribute_to_t_44786017] Repaired malformed JSON.
[03:27:05 +1m 40s | thequantuminsider_2023_11_15_quandela_and_exaion_announce_an_agreement_to_contribute_to_t_44786017] Extracting actors: https://thequantuminsider.com/2023/11/15/quandela-and-exaion-announce-an-agreement-to-contribute-to-the-democratization-of-quantum-computing-in-europe-and-north-america (1/1), chunk 9/32
[03:27:12 +1m 47s | thequantuminsider_2023_11_15_quandela_and_exaion_announce_an_agreement_to_contribute_to_t_44786017] Repaired malformed JSON.
[03:27:12 +1m 47s | thequantuminsider_2023_11_15_quandela_and_exaion_announce_an_agreement_to_contribute_to_t_44786017] Extracting actors: https://thequantuminsider.com/2023/11/15/quandela-and-exaion-announce-an-agreement-to-contribute-to-the-democratization-of-quantum-computing-in-europe-and-north-america (1/1), chunk 10/32
[03:27:19 +1m 54s | thequantuminsider_2023_11_15_quandela_and_exaion_announce_an_agreement_to_contribute_to_t_44786017] Repaired malformed JSON.
[03:27:19 +1m 54s | thequantuminsider_2023_11_15_quandela_and_exaion_announce_an_agreement_to_contribute_to_t_44786017] Extracting actors: https://thequantuminsider.com/2023/11/15/quandela-and-exaion-announce-an-agreement-to-contribute-to-the-democratization-of-quantum-computing-in-europe-and-north-america (1/1), chunk 11/32
[03:27:26 +2m 1s | thequantuminsider_2023_11_15_quandela_and_exaion_announce_an_agreement_to_contribute_to_t_44786017] Repaired malformed JSON.
[03:27:26 +2m 1s | thequantuminsider_2023_11_15_quandela_and_exaion_announce_an_agreement_to_contribute_to_t_44786017] Extracting actors: https://thequantuminsider.com/2023/11/15/quandela-and-exaion-announce-an-agreement-to-contribute-to-the-democratization-of-quantum-computing-in-europe-and-north-america (1/1), chunk 12/32
[03:27:34 +2m 10s | thequantuminsider_2023_11_15_quandela_and_exaion_announce_an_agreement_to_contribute_to_t_44786017] Repaired malformed JSON.
[03:27:34 +2m 10s | thequantuminsider_2023_11_15_quandela_and_exaion_announce_an_agreement_to_contribute_to_t_44786017] Extracting actors: https://thequantuminsider.com/2023/11/15/quandela-and-exaion-announce-an-agreement-to-contribute-to-the-democratization-of-quantum-computing-in-europe-and-north-america (1/1), chunk 13/32
[03:27:41 +2m 17s | thequantuminsider_2023_11_15_quandela_and_exaion_announce_an_agreement_to_contribute_to_t_44786017] Repaired malformed JSON.
[03:27:41 +2m 17s | thequantuminsider_2023_11_15_quandela_and_exaion_announce_an_agreement_to_contribute_to_t_44786017] Extracting actors: https://thequantuminsider.com/2023/11/15/quandela-and-exaion-announce-an-agreement-to-contribute-to-the-democratization-of-quantum-computing-in-europe-and-north-america (1/1), chunk 14/32
[03:27:49 +2m 25s | thequantuminsider_2023_11_15_quandela_and_exaion_announce_an_agreement_to_contribute_to_t_44786017] Repaired malformed JSON.
[03:27:49 +2m 25s | thequantuminsider_2023_11_15_quandela_and_exaion_announce_an_agreement_to_contribute_to_t_44786017] Extracting actors: https://thequantuminsider.com/2023/11/15/quandela-and-exaion-announce-an-agreement-to-contribute-to-the-democratization-of-quantum-computing-in-europe-and-north-america (1/1), chunk 15/32
[03:27:56 +2m 32s | thequantuminsider_2023_11_15_quandela_and_exaion_announce_an_agreement_to_contribute_to_t_44786017] Repaired malformed JSON.
[03:27:56 +2m 32s | thequantuminsider_2023_11_15_quandela_and_exaion_announce_an_agreement_to_contribute_to_t_44786017] Extracting actors: https://thequantuminsider.com/2023/11/15/quandela-and-exaion-announce-an-agreement-to-contribute-to-the-democratization-of-quantum-computing-in-europe-and-north-america (1/1), chunk 16/32
[03:28:04 +2m 41s | thequantuminsider_2023_11_15_quandela_and_exaion_announce_an_agreement_to_contribute_to_t_44786017] Repaired malformed JSON.
[03:28:04 +2m 41s | thequantuminsider_2023_11_15_quandela_and_exaion_announce_an_agreement_to_contribute_to_t_44786017] Extracting actors: https://thequantuminsider.com/2023/11/15/quandela-and-exaion-announce-an-agreement-to-contribute-to-the-democratization-of-quantum-computing-in-europe-and-north-america (1/1), chunk 17/32
[03:28:13 +2m 51s | thequantuminsider_2023_11_15_quandela_and_exaion_announce_an_agreement_to_contribute_to_t_44786017] Repaired malformed JSON.
[03:28:13 +2m 51s | thequantuminsider_2023_11_15_quandela_and_exaion_announce_an_agreement_to_contribute_to_t_44786017] Extracting actors: https://thequantuminsider.com/2023/11/15/quandela-and-exaion-announce-an-agreement-to-contribute-to-the-democratization-of-quantum-computing-in-europe-and-north-america (1/1), chunk 18/32
[03:28:20 +2m 58s | thequantuminsider_2023_11_15_quandela_and_exaion_announce_an_agreement_to_contribute_to_t_44786017] Repaired malformed JSON.
[03:28:20 +2m 58s | thequantuminsider_2023_11_15_quandela_and_exaion_announce_an_agreement_to_contribute_to_t_44786017] Extracting actors: https://thequantuminsider.com/2023/11/15/quandela-and-exaion-announce-an-agreement-to-contribute-to-the-democratization-of-quantum-computing-in-europe-and-north-america (1/1), chunk 19/32
[03:28:28 +3m 5s | thequantuminsider_2023_11_15_quandela_and_exaion_announce_an_agreement_to_contribute_to_t_44786017] Repaired malformed JSON.
[03:28:28 +3m 5s | thequantuminsider_2023_11_15_quandela_and_exaion_announce_an_agreement_to_contribute_to_t_44786017] Extracting actors: https://thequantuminsider.com/2023/11/15/quandela-and-exaion-announce-an-agreement-to-contribute-to-the-democratization-of-quantum-computing-in-europe-and-north-america (1/1), chunk 20/32
[03:28:36 +3m 15s | thequantuminsider_2023_11_15_quandela_and_exaion_announce_an_agreement_to_contribute_to_t_44786017] Repaired malformed JSON.
[03:28:36 +3m 15s | thequantuminsider_2023_11_15_quandela_and_exaion_announce_an_agreement_to_contribute_to_t_44786017] Extracting actors: https://thequantuminsider.com/2023/11/15/quandela-and-exaion-announce-an-agreement-to-contribute-to-the-democratization-of-quantum-computing-in-europe-and-north-america (1/1), chunk 21/32
[03:28:47 +3m 27s | thequantuminsider_2023_11_15_quandela_and_exaion_announce_an_agreement_to_contribute_to_t_44786017] Repaired malformed JSON.
[03:28:47 +3m 27s | thequantuminsider_2023_11_15_quandela_and_exaion_announce_an_agreement_to_contribute_to_t_44786017] Extracting actors: https://thequantuminsider.com/2023/11/15/quandela-and-exaion-announce-an-agreement-to-contribute-to-the-democratization-of-quantum-computing-in-europe-and-north-america (1/1), chunk 22/32
[03:28:58 +3m 38s | thequantuminsider_2023_11_15_quandela_and_exaion_announce_an_agreement_to_contribute_to_t_44786017] Repaired malformed JSON.
[03:28:58 +3m 38s | thequantuminsider_2023_11_15_quandela_and_exaion_announce_an_agreement_to_contribute_to_t_44786017] Extracting actors: https://thequantuminsider.com/2023/11/15/quandela-and-exaion-announce-an-agreement-to-contribute-to-the-democratization-of-quantum-computing-in-europe-and-north-america (1/1), chunk 23/32
[03:29:05 +3m 44s | thequantuminsider_2023_11_15_quandela_and_exaion_announce_an_agreement_to_contribute_to_t_44786017] Repaired malformed JSON.
[03:29:05 +3m 44s | thequantuminsider_2023_11_15_quandela_and_exaion_announce_an_agreement_to_contribute_to_t_44786017] Extracting actors: https://thequantuminsider.com/2023/11/15/quandela-and-exaion-announce-an-agreement-to-contribute-to-the-democratization-of-quantum-computing-in-europe-and-north-america (1/1), chunk 24/32
[03:29:10 +3m 51s | thequantuminsider_2023_11_15_quandela_and_exaion_announce_an_agreement_to_contribute_to_t_44786017] Repaired malformed JSON.
[03:29:10 +3m 51s | thequantuminsider_2023_11_15_quandela_and_exaion_announce_an_agreement_to_contribute_to_t_44786017] Extracting actors: https://thequantuminsider.com/2023/11/15/quandela-and-exaion-announce-an-agreement-to-contribute-to-the-democratization-of-quantum-computing-in-europe-and-north-america (1/1), chunk 25/32
[03:29:16 +3m 57s | thequantuminsider_2023_11_15_quandela_and_exaion_announce_an_agreement_to_contribute_to_t_44786017] Repaired malformed JSON.
[03:29:16 +3m 57s | thequantuminsider_2023_11_15_quandela_and_exaion_announce_an_agreement_to_contribute_to_t_44786017] Extracting actors: https://thequantuminsider.com/2023/11/15/quandela-and-exaion-announce-an-agreement-to-contribute-to-the-democratization-of-quantum-computing-in-europe-and-north-america (1/1), chunk 26/32
[03:29:25 +4m 6s | thequantuminsider_2023_11_15_quandela_and_exaion_announce_an_agreement_to_contribute_to_t_44786017] Repaired malformed JSON.
[03:29:25 +4m 6s | thequantuminsider_2023_11_15_quandela_and_exaion_announce_an_agreement_to_contribute_to_t_44786017] Extracting actors: https://thequantuminsider.com/2023/11/15/quandela-and-exaion-announce-an-agreement-to-contribute-to-the-democratization-of-quantum-computing-in-europe-and-north-america (1/1), chunk 27/32
[03:29:27 +4m 8s | thequantuminsider_2023_11_15_quandela_and_exaion_announce_an_agreement_to_contribute_to_t_44786017] Extracting actors: https://thequantuminsider.com/2023/11/15/quandela-and-exaion-announce-an-agreement-to-contribute-to-the-democratization-of-quantum-computing-in-europe-and-north-america (1/1), chunk 28/32
[03:29:34 +4m 15s | thequantuminsider_2023_11_15_quandela_and_exaion_announce_an_agreement_to_contribute_to_t_44786017] Repaired malformed JSON.
[03:29:34 +4m 15s | thequantuminsider_2023_11_15_quandela_and_exaion_announce_an_agreement_to_contribute_to_t_44786017] Extracting actors: https://thequantuminsider.com/2023/11/15/quandela-and-exaion-announce-an-agreement-to-contribute-to-the-democratization-of-quantum-computing-in-europe-and-north-america (1/1), chunk 29/32
[03:29:41 +4m 23s | thequantuminsider_2023_11_15_quandela_and_exaion_announce_an_agreement_to_contribute_to_t_44786017] Repaired malformed JSON.
[03:29:41 +4m 23s | thequantuminsider_2023_11_15_quandela_and_exaion_announce_an_agreement_to_contribute_to_t_44786017] Extracting actors: https://thequantuminsider.com/2023/11/15/quandela-and-exaion-announce-an-agreement-to-contribute-to-the-democratization-of-quantum-computing-in-europe-and-north-america (1/1), chunk 30/32
[03:29:47 +4m 30s | thequantuminsider_2023_11_15_quandela_and_exaion_announce_an_agreement_to_contribute_to_t_44786017] Repaired malformed JSON.
[03:29:47 +4m 30s | thequantuminsider_2023_11_15_quandela_and_exaion_announce_an_agreement_to_contribute_to_t_44786017] Extracting actors: https://thequantuminsider.com/2023/11/15/quandela-and-exaion-announce-an-agreement-to-contribute-to-the-democratization-of-quantum-computing-in-europe-and-north-america (1/1), chunk 31/32
[03:29:54 +4m 37s | thequantuminsider_2023_11_15_quandela_and_exaion_announce_an_agreement_to_contribute_to_t_44786017] Repaired malformed JSON.
[03:29:54 +4m 37s | thequantuminsider_2023_11_15_quandela_and_exaion_announce_an_agreement_to_contribute_to_t_44786017] Extracting actors: https://thequantuminsider.com/2023/11/15/quandela-and-exaion-announce-an-agreement-to-contribute-to-the-democratization-of-quantum-computing-in-europe-and-north-america (1/1), chunk 32/32
[03:30:01 +4m 44s | thequantuminsider_2023_11_15_quandela_and_exaion_announce_an_agreement_to_contribute_to_t_44786017] Repaired malformed JSON.
[03:30:01 +4m 44s | thequantuminsider_2023_11_15_quandela_and_exaion_announce_an_agreement_to_contribute_to_t_44786017] Saved 1_actor_results.json with 58 extracted records

[03:30:01 +4m 44s | thequantuminsider_2023_11_15_quandela_and_exaion_announce_an_agreement_to_contribute_to_t_44786017] === 2 clean actors ===
[03:30:01 +4m 44s | thequantuminsider_2023_11_15_quandela_and_exaion_announce_an_agreement_to_contribute_to_t_44786017] Loaded 58 extracted records
[03:30:01 +4m 44s | thequantuminsider_2023_11_15_quandela_and_exaion_announce_an_agreement_to_contribute_to_t_44786017] Saved 2_actor_nodes.json with 10 canonical actor nodes

[03:30:01 +4m 44s | thequantuminsider_2023_11_15_quandela_and_exaion_announce_an_agreement_to_contribute_to_t_44786017] === 3 interaction extraction ===
[03:30:02 +4m 44s | thequantuminsider_2023_11_15_quandela_and_exaion_announce_an_agreement_to_contribute_to_t_44786017] Extracting interactions: https://thequantuminsider.com/2023/11/15/quandela-and-exaion-announce-an-agreement-to-contribute-to-the-democratization-of-quantum-computing-in-europe-and-north-america (1/1), chunk 7/32
[03:30:07 +4m 49s | thequantuminsider_2023_11_15_quandela_and_exaion_announce_an_agreement_to_contribute_to_t_44786017] Extracting interactions: https://thequantuminsider.com/2023/11/15/quandela-and-exaion-announce-an-agreement-to-contribute-to-the-democratization-of-quantum-computing-in-europe-and-north-america (1/1), chunk 11/32
[03:30:20 +5m 4s | thequantuminsider_2023_11_15_quandela_and_exaion_announce_an_agreement_to_contribute_to_t_44786017] Extracting interactions: https://thequantuminsider.com/2023/11/15/quandela-and-exaion-announce-an-agreement-to-contribute-to-the-democratization-of-quantum-computing-in-europe-and-north-america (1/1), chunk 12/32
[03:30:33 +5m 17s | thequantuminsider_2023_11_15_quandela_and_exaion_announce_an_agreement_to_contribute_to_t_44786017] Extracting interactions: https://thequantuminsider.com/2023/11/15/quandela-and-exaion-announce-an-agreement-to-contribute-to-the-democratization-of-quantum-computing-in-europe-and-north-america (1/1), chunk 13/32
[03:30:49 +5m 35s | thequantuminsider_2023_11_15_quandela_and_exaion_announce_an_agreement_to_contribute_to_t_44786017] Extracting interactions: https://thequantuminsider.com/2023/11/15/quandela-and-exaion-announce-an-agreement-to-contribute-to-the-democratization-of-quantum-computing-in-europe-and-north-america (1/1), chunk 14/32
[03:31:02 +5m 47s | thequantuminsider_2023_11_15_quandela_and_exaion_announce_an_agreement_to_contribute_to_t_44786017] Extracting interactions: https://thequantuminsider.com/2023/11/15/quandela-and-exaion-announce-an-agreement-to-contribute-to-the-democratization-of-quantum-computing-in-europe-and-north-america (1/1), chunk 15/32
[03:31:10 +5m 57s | thequantuminsider_2023_11_15_quandela_and_exaion_announce_an_agreement_to_contribute_to_t_44786017] Extracting interactions: https://thequantuminsider.com/2023/11/15/quandela-and-exaion-announce-an-agreement-to-contribute-to-the-democratization-of-quantum-computing-in-europe-and-north-america (1/1), chunk 16/32
[03:31:16 +6m 3s | thequantuminsider_2023_11_15_quandela_and_exaion_announce_an_agreement_to_contribute_to_t_44786017] Extracting interactions: https://thequantuminsider.com/2023/11/15/quandela-and-exaion-announce-an-agreement-to-contribute-to-the-democratization-of-quantum-computing-in-europe-and-north-america (1/1), chunk 17/32
[03:31:17 +6m 5s | thequantuminsider_2023_11_15_quandela_and_exaion_announce_an_agreement_to_contribute_to_t_44786017] Extracting interactions: https://thequantuminsider.com/2023/11/15/quandela-and-exaion-announce-an-agreement-to-contribute-to-the-democratization-of-quantum-computing-in-europe-and-north-america (1/1), chunk 20/32
[03:31:19 +6m 6s | thequantuminsider_2023_11_15_quandela_and_exaion_announce_an_agreement_to_contribute_to_t_44786017] Extracting interactions: https://thequantuminsider.com/2023/11/15/quandela-and-exaion-announce-an-agreement-to-contribute-to-the-democratization-of-quantum-computing-in-europe-and-north-america (1/1), chunk 21/32
[03:31:24 +6m 11s | thequantuminsider_2023_11_15_quandela_and_exaion_announce_an_agreement_to_contribute_to_t_44786017] Extracting interactions: https://thequantuminsider.com/2023/11/15/quandela-and-exaion-announce-an-agreement-to-contribute-to-the-democratization-of-quantum-computing-in-europe-and-north-america (1/1), chunk 28/32
[03:31:26 +6m 13s | thequantuminsider_2023_11_15_quandela_and_exaion_announce_an_agreement_to_contribute_to_t_44786017] Extracting interactions: https://thequantuminsider.com/2023/11/15/quandela-and-exaion-announce-an-agreement-to-contribute-to-the-democratization-of-quantum-computing-in-europe-and-north-america (1/1), chunk 29/32
[03:31:40 +6m 27s | thequantuminsider_2023_11_15_quandela_and_exaion_announce_an_agreement_to_contribute_to_t_44786017] Extracting interactions: https://thequantuminsider.com/2023/11/15/quandela-and-exaion-announce-an-agreement-to-contribute-to-the-democratization-of-quantum-computing-in-europe-and-north-america (1/1), chunk 30/32
[03:31:47 +6m 36s | thequantuminsider_2023_11_15_quandela_and_exaion_announce_an_agreement_to_contribute_to_t_44786017] Extracting interactions: https://thequantuminsider.com/2023/11/15/quandela-and-exaion-announce-an-agreement-to-contribute-to-the-democratization-of-quantum-computing-in-europe-and-north-america (1/1), chunk 31/32
[03:31:50 +6m 38s | thequantuminsider_2023_11_15_quandela_and_exaion_announce_an_agreement_to_contribute_to_t_44786017] Extracting interactions: https://thequantuminsider.com/2023/11/15/quandela-and-exaion-announce-an-agreement-to-contribute-to-the-democratization-of-quantum-computing-in-europe-and-north-america (1/1), chunk 32/32
[03:32:12 +7m 2s | thequantuminsider_2023_11_15_quandela_and_exaion_announce_an_agreement_to_contribute_to_t_44786017] Saved 3_interaction_results.json with 21 extracted interactions.

[03:32:12 +7m 2s | thequantuminsider_2023_11_15_quandela_and_exaion_announce_an_agreement_to_contribute_to_t_44786017] === 4 clean interactions ===
[03:32:12 +7m 2s | thequantuminsider_2023_11_15_quandela_and_exaion_announce_an_agreement_to_contribute_to_t_44786017] Saved 4_edges.json with 6 cleaned interactions.

[03:32:12 +7m 2s | thequantuminsider_2023_11_15_quandela_and_exaion_announce_an_agreement_to_contribute_to_t_44786017] === 5 helix enrichment ===
[03:32:12 +7m 2s | thequantuminsider_2023_11_15_quandela_and_exaion_announce_an_agreement_to_contribute_to_t_44786017] Wrote 5_nodes.json (10 actors)
[03:32:12 +7m 2s | thequantuminsider_2023_11_15_quandela_and_exaion_announce_an_agreement_to_contribute_to_t_44786017] Wrote 5_edges.json (6 interactions)
[03:32:12 +7m 2s | thequantuminsider_2023_11_15_quandela_and_exaion_announce_an_agreement_to_contribute_to_t_44786017] Actor helix counts: {'Academia': 1, 'Civil Society': 1, 'Industry': 2, 'Intermediary': 1, 'Unknown': 5}
[03:32:12 +7m 2s | thequantuminsider_2023_11_15_quandela_and_exaion_announce_an_agreement_to_contribute_to_t_44786017] Functional-space counts: {'Intra-helix / Not classified': 6}

[03:32:12 +7m 2s | thequantuminsider_2023_11_15_quandela_and_exaion_announce_an_agreement_to_contribute_to_t_44786017] === 6 network visualisation ===
[03:32:12 +7m 3s | thequantuminsider_2023_11_15_quandela_and_exaion_announce_an_agreement_to_contribute_to_t_44786017] Wrote quantum_network.html
[03:32:12 +7m 3s | thequantuminsider_2023_11_15_quandela_and_exaion_announce_an_agreement_to_contribute_to_t_44786017] Nodes: 10
[03:32:12 +7m 3s | thequantuminsider_2023_11_15_quandela_and_exaion_announce_an_agreement_to_contribute_to_t_44786017] Edges: 1

[03:32:12 +7m 3s | thequantuminsider_2023_11_15_quandela_and_exaion_announce_an_agreement_to_contribute_to_t_44786017] Done. Outputs written to: /home/lv/IDP/idpdeeptech/pipeline/news_outputs/thequantuminsider_2023_11_15_quandela_and_exaion_announce_an_agreement_to_contribute_to_t_44786017
[03:32:12 +7m 3s | thequantuminsider_2023_11_15_quandela_and_exaion_announce_an_agreement_to_contribute_to_t_44786017] Log: /home/lv/IDP/idpdeeptech/pipeline/news_outputs/thequantuminsider_2023_11_15_quandela_and_exaion_announce_an_agreement_to_contribute_to_t_44786017/run.log

========================================================================
RUN FINISHED 2026-07-05 03:32:12  (OK)
Started:     2026-07-05 03:25:31
Elapsed:     7m 3s
========================================================================
