
========================================================================
RUN STARTED  2026-07-05 07:13:47
site_pipeline.py https://thequantuminsider.com/2023/09/29/french-national-quantum-update-september-2023/
========================================================================

[07:13:47 +0s | thequantuminsider_2023_09_29_french_national_quantum_update_september_2023] === 0 crawl site ===
[07:13:49 +1s | thequantuminsider_2023_09_29_french_national_quantum_update_september_2023] [INIT].... → Crawl4AI 0.8.6 
[07:13:51 +4s | thequantuminsider_2023_09_29_french_national_quantum_update_september_2023] [FETCH]... ↓ https://thequantuminsider.com/2023/09/29/french-national-quantum-update-september-2023/              | ✓ | ⏱: 2.56s 
[07:13:49 +4s | thequantuminsider_2023_09_29_french_national_quantum_update_september_2023] [SCRAPE].. ◆ https://thequantuminsider.com/2023/09/29/french-national-quantum-update-september-2023/              | ✓ | ⏱: 0.14s 
[07:13:49 +4s | thequantuminsider_2023_09_29_french_national_quantum_update_september_2023] [COMPLETE] ● https://thequantuminsider.com/2023/09/29/french-national-quantum-update-september-2023/              | ✓ | ⏱: 2.72s 
[07:13:49 +4s | thequantuminsider_2023_09_29_french_national_quantum_update_september_2023] Saved: crawl_output/723975d9fe_thequantuminsider.com_2023_09_29_french-national-quantum-update-september-2023.json

[07:13:50 +4s | thequantuminsider_2023_09_29_french_national_quantum_update_september_2023] === 1 actor extraction ===
[07:13:50 +5s | thequantuminsider_2023_09_29_french_national_quantum_update_september_2023] Reading page (1/1): https://thequantuminsider.com/2023/09/29/french-national-quantum-update-september-2023
[07:13:50 +5s | thequantuminsider_2023_09_29_french_national_quantum_update_september_2023] Extracting actors: https://thequantuminsider.com/2023/09/29/french-national-quantum-update-september-2023 (1/1), chunk 1/40
[07:13:55 +10s | thequantuminsider_2023_09_29_french_national_quantum_update_september_2023] Extracting actors: https://thequantuminsider.com/2023/09/29/french-national-quantum-update-september-2023 (1/1), chunk 2/40
[07:14:01 +15s | thequantuminsider_2023_09_29_french_national_quantum_update_september_2023] Extracting actors: https://thequantuminsider.com/2023/09/29/french-national-quantum-update-september-2023 (1/1), chunk 3/40
[07:14:05 +20s | thequantuminsider_2023_09_29_french_national_quantum_update_september_2023] Extracting actors: https://thequantuminsider.com/2023/09/29/french-national-quantum-update-september-2023 (1/1), chunk 4/40
[07:14:11 +25s | thequantuminsider_2023_09_29_french_national_quantum_update_september_2023] Extracting actors: https://thequantuminsider.com/2023/09/29/french-national-quantum-update-september-2023 (1/1), chunk 5/40
[07:14:15 +30s | thequantuminsider_2023_09_29_french_national_quantum_update_september_2023] Extracting actors: https://thequantuminsider.com/2023/09/29/french-national-quantum-update-september-2023 (1/1), chunk 6/40
[07:14:20 +38s | thequantuminsider_2023_09_29_french_national_quantum_update_september_2023] Repaired malformed JSON.
[07:14:20 +38s | thequantuminsider_2023_09_29_french_national_quantum_update_september_2023] Extracting actors: https://thequantuminsider.com/2023/09/29/french-national-quantum-update-september-2023 (1/1), chunk 7/40
[07:14:42 +1m 0s | thequantuminsider_2023_09_29_french_national_quantum_update_september_2023] Extracting actors: https://thequantuminsider.com/2023/09/29/french-national-quantum-update-september-2023 (1/1), chunk 8/40
[07:15:03 +1m 23s | thequantuminsider_2023_09_29_french_national_quantum_update_september_2023] Extracting actors: https://thequantuminsider.com/2023/09/29/french-national-quantum-update-september-2023 (1/1), chunk 9/40
[07:15:08 +1m 27s | thequantuminsider_2023_09_29_french_national_quantum_update_september_2023] Extracting actors: https://thequantuminsider.com/2023/09/29/french-national-quantum-update-september-2023 (1/1), chunk 10/40
[07:15:12 +1m 31s | thequantuminsider_2023_09_29_french_national_quantum_update_september_2023] Extracting actors: https://thequantuminsider.com/2023/09/29/french-national-quantum-update-september-2023 (1/1), chunk 11/40
[07:15:19 +1m 38s | thequantuminsider_2023_09_29_french_national_quantum_update_september_2023] Extracting actors: https://thequantuminsider.com/2023/09/29/french-national-quantum-update-september-2023 (1/1), chunk 12/40
[07:15:23 +1m 44s | thequantuminsider_2023_09_29_french_national_quantum_update_september_2023] Repaired malformed JSON.
[07:15:23 +1m 44s | thequantuminsider_2023_09_29_french_national_quantum_update_september_2023] Extracting actors: https://thequantuminsider.com/2023/09/29/french-national-quantum-update-september-2023 (1/1), chunk 13/40
[07:15:29 +1m 51s | thequantuminsider_2023_09_29_french_national_quantum_update_september_2023] Repaired malformed JSON.
[07:15:29 +1m 51s | thequantuminsider_2023_09_29_french_national_quantum_update_september_2023] Extracting actors: https://thequantuminsider.com/2023/09/29/french-national-quantum-update-september-2023 (1/1), chunk 14/40
[07:15:36 +1m 57s | thequantuminsider_2023_09_29_french_national_quantum_update_september_2023] Repaired malformed JSON.
[07:15:36 +1m 57s | thequantuminsider_2023_09_29_french_national_quantum_update_september_2023] Extracting actors: https://thequantuminsider.com/2023/09/29/french-national-quantum-update-september-2023 (1/1), chunk 15/40
[07:15:43 +2m 4s | thequantuminsider_2023_09_29_french_national_quantum_update_september_2023] Repaired malformed JSON.
[07:15:43 +2m 4s | thequantuminsider_2023_09_29_french_national_quantum_update_september_2023] Extracting actors: https://thequantuminsider.com/2023/09/29/french-national-quantum-update-september-2023 (1/1), chunk 16/40
[07:15:50 +2m 14s | thequantuminsider_2023_09_29_french_national_quantum_update_september_2023] Repaired malformed JSON.
[07:15:50 +2m 14s | thequantuminsider_2023_09_29_french_national_quantum_update_september_2023] Extracting actors: https://thequantuminsider.com/2023/09/29/french-national-quantum-update-september-2023 (1/1), chunk 17/40
[07:16:06 +2m 30s | thequantuminsider_2023_09_29_french_national_quantum_update_september_2023] Repaired malformed JSON.
[07:16:06 +2m 30s | thequantuminsider_2023_09_29_french_national_quantum_update_september_2023] Extracting actors: https://thequantuminsider.com/2023/09/29/french-national-quantum-update-september-2023 (1/1), chunk 18/40
[07:16:21 +2m 45s | thequantuminsider_2023_09_29_french_national_quantum_update_september_2023] Repaired malformed JSON.
[07:16:21 +2m 45s | thequantuminsider_2023_09_29_french_national_quantum_update_september_2023] Extracting actors: https://thequantuminsider.com/2023/09/29/french-national-quantum-update-september-2023 (1/1), chunk 19/40
[07:16:29 +2m 55s | thequantuminsider_2023_09_29_french_national_quantum_update_september_2023] Repaired malformed JSON.
[07:16:29 +2m 55s | thequantuminsider_2023_09_29_french_national_quantum_update_september_2023] Extracting actors: https://thequantuminsider.com/2023/09/29/french-national-quantum-update-september-2023 (1/1), chunk 20/40
[07:16:40 +3m 6s | thequantuminsider_2023_09_29_french_national_quantum_update_september_2023] Repaired malformed JSON.
[07:16:40 +3m 6s | thequantuminsider_2023_09_29_french_national_quantum_update_september_2023] Extracting actors: https://thequantuminsider.com/2023/09/29/french-national-quantum-update-september-2023 (1/1), chunk 21/40
[07:16:44 +3m 11s | thequantuminsider_2023_09_29_french_national_quantum_update_september_2023] Extracting actors: https://thequantuminsider.com/2023/09/29/french-national-quantum-update-september-2023 (1/1), chunk 22/40
[07:16:49 +3m 18s | thequantuminsider_2023_09_29_french_national_quantum_update_september_2023] Repaired malformed JSON.
[07:16:49 +3m 18s | thequantuminsider_2023_09_29_french_national_quantum_update_september_2023] Extracting actors: https://thequantuminsider.com/2023/09/29/french-national-quantum-update-september-2023 (1/1), chunk 23/40
[07:16:55 +3m 24s | thequantuminsider_2023_09_29_french_national_quantum_update_september_2023] Repaired malformed JSON.
[07:16:55 +3m 24s | thequantuminsider_2023_09_29_french_national_quantum_update_september_2023] Extracting actors: https://thequantuminsider.com/2023/09/29/french-national-quantum-update-september-2023 (1/1), chunk 24/40
[07:17:03 +3m 32s | thequantuminsider_2023_09_29_french_national_quantum_update_september_2023] Repaired malformed JSON.
[07:17:03 +3m 32s | thequantuminsider_2023_09_29_french_national_quantum_update_september_2023] Extracting actors: https://thequantuminsider.com/2023/09/29/french-national-quantum-update-september-2023 (1/1), chunk 25/40
[07:17:12 +3m 40s | thequantuminsider_2023_09_29_french_national_quantum_update_september_2023] Repaired malformed JSON.
[07:17:12 +3m 40s | thequantuminsider_2023_09_29_french_national_quantum_update_september_2023] Extracting actors: https://thequantuminsider.com/2023/09/29/french-national-quantum-update-september-2023 (1/1), chunk 26/40
[07:17:19 +3m 47s | thequantuminsider_2023_09_29_french_national_quantum_update_september_2023] Repaired malformed JSON.
[07:17:19 +3m 47s | thequantuminsider_2023_09_29_french_national_quantum_update_september_2023] Extracting actors: https://thequantuminsider.com/2023/09/29/french-national-quantum-update-september-2023 (1/1), chunk 27/40
[07:17:23 +3m 54s | thequantuminsider_2023_09_29_french_national_quantum_update_september_2023] Repaired malformed JSON.
[07:17:23 +3m 54s | thequantuminsider_2023_09_29_french_national_quantum_update_september_2023] Extracting actors: https://thequantuminsider.com/2023/09/29/french-national-quantum-update-september-2023 (1/1), chunk 28/40
[07:17:31 +4m 2s | thequantuminsider_2023_09_29_french_national_quantum_update_september_2023] Extracting actors: https://thequantuminsider.com/2023/09/29/french-national-quantum-update-september-2023 (1/1), chunk 29/40
[07:17:40 +4m 12s | thequantuminsider_2023_09_29_french_national_quantum_update_september_2023] Repaired malformed JSON.
[07:17:40 +4m 12s | thequantuminsider_2023_09_29_french_national_quantum_update_september_2023] Extracting actors: https://thequantuminsider.com/2023/09/29/french-national-quantum-update-september-2023 (1/1), chunk 30/40
[07:17:43 +4m 14s | thequantuminsider_2023_09_29_french_national_quantum_update_september_2023] Extracting actors: https://thequantuminsider.com/2023/09/29/french-national-quantum-update-september-2023 (1/1), chunk 31/40
[07:17:47 +4m 18s | thequantuminsider_2023_09_29_french_national_quantum_update_september_2023] Extracting actors: https://thequantuminsider.com/2023/09/29/french-national-quantum-update-september-2023 (1/1), chunk 32/40
[07:17:52 +4m 25s | thequantuminsider_2023_09_29_french_national_quantum_update_september_2023] Repaired malformed JSON.
[07:17:52 +4m 25s | thequantuminsider_2023_09_29_french_national_quantum_update_september_2023] Extracting actors: https://thequantuminsider.com/2023/09/29/french-national-quantum-update-september-2023 (1/1), chunk 33/40
[07:18:03 +4m 36s | thequantuminsider_2023_09_29_french_national_quantum_update_september_2023] Repaired malformed JSON.
[07:18:03 +4m 36s | thequantuminsider_2023_09_29_french_national_quantum_update_september_2023] Extracting actors: https://thequantuminsider.com/2023/09/29/french-national-quantum-update-september-2023 (1/1), chunk 34/40
[07:18:12 +4m 45s | thequantuminsider_2023_09_29_french_national_quantum_update_september_2023] Repaired malformed JSON.
[07:18:12 +4m 45s | thequantuminsider_2023_09_29_french_national_quantum_update_september_2023] Extracting actors: https://thequantuminsider.com/2023/09/29/french-national-quantum-update-september-2023 (1/1), chunk 35/40
[07:18:19 +4m 54s | thequantuminsider_2023_09_29_french_national_quantum_update_september_2023] Repaired malformed JSON.
[07:18:19 +4m 54s | thequantuminsider_2023_09_29_french_national_quantum_update_september_2023] Extracting actors: https://thequantuminsider.com/2023/09/29/french-national-quantum-update-september-2023 (1/1), chunk 36/40
[07:18:27 +5m 3s | thequantuminsider_2023_09_29_french_national_quantum_update_september_2023] Repaired malformed JSON.
[07:18:27 +5m 3s | thequantuminsider_2023_09_29_french_national_quantum_update_september_2023] Extracting actors: https://thequantuminsider.com/2023/09/29/french-national-quantum-update-september-2023 (1/1), chunk 37/40
[07:18:36 +5m 11s | thequantuminsider_2023_09_29_french_national_quantum_update_september_2023] Repaired malformed JSON.
[07:18:36 +5m 11s | thequantuminsider_2023_09_29_french_national_quantum_update_september_2023] Extracting actors: https://thequantuminsider.com/2023/09/29/french-national-quantum-update-september-2023 (1/1), chunk 38/40
[07:18:42 +5m 18s | thequantuminsider_2023_09_29_french_national_quantum_update_september_2023] Repaired malformed JSON.
[07:18:42 +5m 18s | thequantuminsider_2023_09_29_french_national_quantum_update_september_2023] Extracting actors: https://thequantuminsider.com/2023/09/29/french-national-quantum-update-september-2023 (1/1), chunk 39/40
[07:19:06 +5m 44s | thequantuminsider_2023_09_29_french_national_quantum_update_september_2023] Repaired malformed JSON.
[07:19:06 +5m 44s | thequantuminsider_2023_09_29_french_national_quantum_update_september_2023] Extracting actors: https://thequantuminsider.com/2023/09/29/french-national-quantum-update-september-2023 (1/1), chunk 40/40
[07:19:15 +5m 53s | thequantuminsider_2023_09_29_french_national_quantum_update_september_2023] Repaired malformed JSON.
[07:19:15 +5m 53s | thequantuminsider_2023_09_29_french_national_quantum_update_september_2023] Saved 1_actor_results.json with 61 extracted records

[07:19:15 +5m 53s | thequantuminsider_2023_09_29_french_national_quantum_update_september_2023] === 2 clean actors ===
[07:19:15 +5m 53s | thequantuminsider_2023_09_29_french_national_quantum_update_september_2023] Loaded 61 extracted records
[07:19:15 +5m 53s | thequantuminsider_2023_09_29_french_national_quantum_update_september_2023] Saved 2_actor_nodes.json with 26 canonical actor nodes

[07:19:15 +5m 53s | thequantuminsider_2023_09_29_french_national_quantum_update_september_2023] === 3 interaction extraction ===
[07:19:15 +5m 53s | thequantuminsider_2023_09_29_french_national_quantum_update_september_2023] Extracting interactions: https://thequantuminsider.com/2023/09/29/french-national-quantum-update-september-2023 (1/1), chunk 12/40
[07:19:21 +5m 59s | thequantuminsider_2023_09_29_french_national_quantum_update_september_2023] Extracting interactions: https://thequantuminsider.com/2023/09/29/french-national-quantum-update-september-2023 (1/1), chunk 13/40
[07:19:37 +6m 17s | thequantuminsider_2023_09_29_french_national_quantum_update_september_2023] Extracting interactions: https://thequantuminsider.com/2023/09/29/french-national-quantum-update-september-2023 (1/1), chunk 14/40
[07:20:02 +6m 45s | thequantuminsider_2023_09_29_french_national_quantum_update_september_2023] Extracting interactions: https://thequantuminsider.com/2023/09/29/french-national-quantum-update-september-2023 (1/1), chunk 15/40
[07:20:11 +6m 54s | thequantuminsider_2023_09_29_french_national_quantum_update_september_2023] Extracting interactions: https://thequantuminsider.com/2023/09/29/french-national-quantum-update-september-2023 (1/1), chunk 16/40
[07:20:46 +7m 31s | thequantuminsider_2023_09_29_french_national_quantum_update_september_2023] Extracting interactions: https://thequantuminsider.com/2023/09/29/french-national-quantum-update-september-2023 (1/1), chunk 17/40
[07:20:51 +7m 38s | thequantuminsider_2023_09_29_french_national_quantum_update_september_2023] Extracting interactions: https://thequantuminsider.com/2023/09/29/french-national-quantum-update-september-2023 (1/1), chunk 18/40
[07:21:00 +7m 47s | thequantuminsider_2023_09_29_french_national_quantum_update_september_2023] Extracting interactions: https://thequantuminsider.com/2023/09/29/french-national-quantum-update-september-2023 (1/1), chunk 19/40
[07:21:08 +7m 55s | thequantuminsider_2023_09_29_french_national_quantum_update_september_2023] Extracting interactions: https://thequantuminsider.com/2023/09/29/french-national-quantum-update-september-2023 (1/1), chunk 20/40
[07:21:10 +7m 57s | thequantuminsider_2023_09_29_french_national_quantum_update_september_2023] Extracting interactions: https://thequantuminsider.com/2023/09/29/french-national-quantum-update-september-2023 (1/1), chunk 21/40
[07:21:17 +8m 4s | thequantuminsider_2023_09_29_french_national_quantum_update_september_2023] Extracting interactions: https://thequantuminsider.com/2023/09/29/french-national-quantum-update-september-2023 (1/1), chunk 22/40
[07:21:19 +8m 7s | thequantuminsider_2023_09_29_french_national_quantum_update_september_2023] Extracting interactions: https://thequantuminsider.com/2023/09/29/french-national-quantum-update-september-2023 (1/1), chunk 23/40
[07:21:19 +8m 9s | thequantuminsider_2023_09_29_french_national_quantum_update_september_2023] Extracting interactions: https://thequantuminsider.com/2023/09/29/french-national-quantum-update-september-2023 (1/1), chunk 24/40
[07:21:26 +8m 16s | thequantuminsider_2023_09_29_french_national_quantum_update_september_2023] Extracting interactions: https://thequantuminsider.com/2023/09/29/french-national-quantum-update-september-2023 (1/1), chunk 25/40
[07:21:33 +8m 22s | thequantuminsider_2023_09_29_french_national_quantum_update_september_2023] Extracting interactions: https://thequantuminsider.com/2023/09/29/french-national-quantum-update-september-2023 (1/1), chunk 29/40
[07:21:37 +8m 27s | thequantuminsider_2023_09_29_french_national_quantum_update_september_2023] Extracting interactions: https://thequantuminsider.com/2023/09/29/french-national-quantum-update-september-2023 (1/1), chunk 30/40
[07:21:39 +8m 29s | thequantuminsider_2023_09_29_french_national_quantum_update_september_2023] Extracting interactions: https://thequantuminsider.com/2023/09/29/french-national-quantum-update-september-2023 (1/1), chunk 31/40
[07:21:41 +8m 30s | thequantuminsider_2023_09_29_french_national_quantum_update_september_2023] Extracting interactions: https://thequantuminsider.com/2023/09/29/french-national-quantum-update-september-2023 (1/1), chunk 33/40
[07:21:43 +8m 32s | thequantuminsider_2023_09_29_french_national_quantum_update_september_2023] Extracting interactions: https://thequantuminsider.com/2023/09/29/french-national-quantum-update-september-2023 (1/1), chunk 34/40
[07:21:50 +8m 41s | thequantuminsider_2023_09_29_french_national_quantum_update_september_2023] Extracting interactions: https://thequantuminsider.com/2023/09/29/french-national-quantum-update-september-2023 (1/1), chunk 35/40
[07:21:55 +8m 47s | thequantuminsider_2023_09_29_french_national_quantum_update_september_2023] Extracting interactions: https://thequantuminsider.com/2023/09/29/french-national-quantum-update-september-2023 (1/1), chunk 36/40
[07:22:02 +8m 54s | thequantuminsider_2023_09_29_french_national_quantum_update_september_2023] Extracting interactions: https://thequantuminsider.com/2023/09/29/french-national-quantum-update-september-2023 (1/1), chunk 37/40
[07:22:03 +8m 55s | thequantuminsider_2023_09_29_french_national_quantum_update_september_2023] Extracting interactions: https://thequantuminsider.com/2023/09/29/french-national-quantum-update-september-2023 (1/1), chunk 38/40
[07:22:20 +9m 12s | thequantuminsider_2023_09_29_french_national_quantum_update_september_2023] Extracting interactions: https://thequantuminsider.com/2023/09/29/french-national-quantum-update-september-2023 (1/1), chunk 39/40
[07:22:19 +9m 13s | thequantuminsider_2023_09_29_french_national_quantum_update_september_2023] Extracting interactions: https://thequantuminsider.com/2023/09/29/french-national-quantum-update-september-2023 (1/1), chunk 40/40
[07:22:21 +9m 15s | thequantuminsider_2023_09_29_french_national_quantum_update_september_2023] Saved 3_interaction_results.json with 15 extracted interactions.

[07:22:21 +9m 15s | thequantuminsider_2023_09_29_french_national_quantum_update_september_2023] === 4 clean interactions ===
[07:22:21 +9m 15s | thequantuminsider_2023_09_29_french_national_quantum_update_september_2023] Saved 4_edges.json with 3 cleaned interactions.

[07:22:21 +9m 15s | thequantuminsider_2023_09_29_french_national_quantum_update_september_2023] === 5 helix enrichment ===
[07:22:21 +9m 15s | thequantuminsider_2023_09_29_french_national_quantum_update_september_2023] Wrote 5_nodes.json (26 actors)
[07:22:21 +9m 15s | thequantuminsider_2023_09_29_french_national_quantum_update_september_2023] Wrote 5_edges.json (3 interactions)
[07:22:21 +9m 15s | thequantuminsider_2023_09_29_french_national_quantum_update_september_2023] Actor helix counts: {'Academia': 3, 'Civil Society': 6, 'Government': 2, 'Industry': 3, 'Intermediary': 2, 'Unknown': 10}
[07:22:21 +9m 15s | thequantuminsider_2023_09_29_french_national_quantum_update_september_2023] Functional-space counts: {'Innovation': 1, 'Unknown': 2}

[07:22:21 +9m 15s | thequantuminsider_2023_09_29_french_national_quantum_update_september_2023] === 6 network visualisation ===
[07:22:21 +9m 16s | thequantuminsider_2023_09_29_french_national_quantum_update_september_2023] Wrote quantum_network.html
[07:22:21 +9m 16s | thequantuminsider_2023_09_29_french_national_quantum_update_september_2023] Nodes: 26
[07:22:21 +9m 16s | thequantuminsider_2023_09_29_french_national_quantum_update_september_2023] Edges: 3

[07:22:22 +9m 16s | thequantuminsider_2023_09_29_french_national_quantum_update_september_2023] Done. Outputs written to: /home/lv/IDP/idpdeeptech/pipeline/news_outputs/thequantuminsider_2023_09_29_french_national_quantum_update_september_2023
[07:22:22 +9m 16s | thequantuminsider_2023_09_29_french_national_quantum_update_september_2023] Log: /home/lv/IDP/idpdeeptech/pipeline/news_outputs/thequantuminsider_2023_09_29_french_national_quantum_update_september_2023/run.log

========================================================================
RUN FINISHED 2026-07-05 07:22:22  (OK)
Started:     2026-07-05 07:13:47
Elapsed:     9m 16s
========================================================================
