
========================================================================
RUN STARTED  2026-07-05 08:03:14
site_pipeline.py https://thequantuminsider.com/2023/09/20/fedlearn-launches-sandboxaq-quantum-technologies-course/
========================================================================

[08:03:14 +0s | thequantuminsider_2023_09_20_fedlearn_launches_sandboxaq_quantum_technologies_course] === 0 crawl site ===
[08:03:16 +1s | thequantuminsider_2023_09_20_fedlearn_launches_sandboxaq_quantum_technologies_course] [INIT].... → Crawl4AI 0.8.6 
[08:03:18 +4s | thequantuminsider_2023_09_20_fedlearn_launches_sandboxaq_quantum_technologies_course] [FETCH]... ↓ https://thequantuminsider.com/2023/09/20/fedlearn-launches-sandboxaq-quantum-technologies-course/    | ✓ | ⏱: 2.62s 
[08:03:18 +4s | thequantuminsider_2023_09_20_fedlearn_launches_sandboxaq_quantum_technologies_course] [SCRAPE].. ◆ https://thequantuminsider.com/2023/09/20/fedlearn-launches-sandboxaq-quantum-technologies-course/    | ✓ | ⏱: 0.14s 
[08:03:18 +4s | thequantuminsider_2023_09_20_fedlearn_launches_sandboxaq_quantum_technologies_course] [COMPLETE] ● https://thequantuminsider.com/2023/09/20/fedlearn-launches-sandboxaq-quantum-technologies-course/    | ✓ | ⏱: 2.79s 
[08:03:18 +4s | thequantuminsider_2023_09_20_fedlearn_launches_sandboxaq_quantum_technologies_course] Saved: crawl_output/19d5802e55_thequantuminsider.com_2023_09_20_fedlearn-launches-sandboxaq-quantum-technologies-course.json

[08:03:19 +5s | thequantuminsider_2023_09_20_fedlearn_launches_sandboxaq_quantum_technologies_course] === 1 actor extraction ===
[08:03:19 +5s | thequantuminsider_2023_09_20_fedlearn_launches_sandboxaq_quantum_technologies_course] Reading page (1/1): https://thequantuminsider.com/2023/09/20/fedlearn-launches-sandboxaq-quantum-technologies-course
[08:03:19 +5s | thequantuminsider_2023_09_20_fedlearn_launches_sandboxaq_quantum_technologies_course] Extracting actors: https://thequantuminsider.com/2023/09/20/fedlearn-launches-sandboxaq-quantum-technologies-course (1/1), chunk 1/36
[08:03:27 +13s | thequantuminsider_2023_09_20_fedlearn_launches_sandboxaq_quantum_technologies_course] Repaired malformed JSON.
[08:03:27 +13s | thequantuminsider_2023_09_20_fedlearn_launches_sandboxaq_quantum_technologies_course] Extracting actors: https://thequantuminsider.com/2023/09/20/fedlearn-launches-sandboxaq-quantum-technologies-course (1/1), chunk 2/36
[08:03:56 +44s | thequantuminsider_2023_09_20_fedlearn_launches_sandboxaq_quantum_technologies_course] Extracting actors: https://thequantuminsider.com/2023/09/20/fedlearn-launches-sandboxaq-quantum-technologies-course (1/1), chunk 3/36
[08:04:01 +49s | thequantuminsider_2023_09_20_fedlearn_launches_sandboxaq_quantum_technologies_course] Extracting actors: https://thequantuminsider.com/2023/09/20/fedlearn-launches-sandboxaq-quantum-technologies-course (1/1), chunk 4/36
[08:04:06 +54s | thequantuminsider_2023_09_20_fedlearn_launches_sandboxaq_quantum_technologies_course] Extracting actors: https://thequantuminsider.com/2023/09/20/fedlearn-launches-sandboxaq-quantum-technologies-course (1/1), chunk 5/36
[08:04:11 +1m 1s | thequantuminsider_2023_09_20_fedlearn_launches_sandboxaq_quantum_technologies_course] Extracting actors: https://thequantuminsider.com/2023/09/20/fedlearn-launches-sandboxaq-quantum-technologies-course (1/1), chunk 6/36
[08:04:15 +1m 6s | thequantuminsider_2023_09_20_fedlearn_launches_sandboxaq_quantum_technologies_course] Extracting actors: https://thequantuminsider.com/2023/09/20/fedlearn-launches-sandboxaq-quantum-technologies-course (1/1), chunk 7/36
[08:04:32 +1m 23s | thequantuminsider_2023_09_20_fedlearn_launches_sandboxaq_quantum_technologies_course] Repaired malformed JSON.
[08:04:32 +1m 23s | thequantuminsider_2023_09_20_fedlearn_launches_sandboxaq_quantum_technologies_course] Extracting actors: https://thequantuminsider.com/2023/09/20/fedlearn-launches-sandboxaq-quantum-technologies-course (1/1), chunk 8/36
[08:04:38 +1m 29s | thequantuminsider_2023_09_20_fedlearn_launches_sandboxaq_quantum_technologies_course] Repaired malformed JSON.
[08:04:38 +1m 29s | thequantuminsider_2023_09_20_fedlearn_launches_sandboxaq_quantum_technologies_course] Extracting actors: https://thequantuminsider.com/2023/09/20/fedlearn-launches-sandboxaq-quantum-technologies-course (1/1), chunk 9/36
[08:04:46 +1m 39s | thequantuminsider_2023_09_20_fedlearn_launches_sandboxaq_quantum_technologies_course] Extracting actors: https://thequantuminsider.com/2023/09/20/fedlearn-launches-sandboxaq-quantum-technologies-course (1/1), chunk 10/36
[08:04:56 +1m 49s | thequantuminsider_2023_09_20_fedlearn_launches_sandboxaq_quantum_technologies_course] Extracting actors: https://thequantuminsider.com/2023/09/20/fedlearn-launches-sandboxaq-quantum-technologies-course (1/1), chunk 11/36
[08:05:03 +1m 56s | thequantuminsider_2023_09_20_fedlearn_launches_sandboxaq_quantum_technologies_course] Repaired malformed JSON.
[08:05:03 +1m 56s | thequantuminsider_2023_09_20_fedlearn_launches_sandboxaq_quantum_technologies_course] Extracting actors: https://thequantuminsider.com/2023/09/20/fedlearn-launches-sandboxaq-quantum-technologies-course (1/1), chunk 12/36
[08:05:06 +2m 2s | thequantuminsider_2023_09_20_fedlearn_launches_sandboxaq_quantum_technologies_course] Repaired malformed JSON.
[08:05:06 +2m 2s | thequantuminsider_2023_09_20_fedlearn_launches_sandboxaq_quantum_technologies_course] Extracting actors: https://thequantuminsider.com/2023/09/20/fedlearn-launches-sandboxaq-quantum-technologies-course (1/1), chunk 13/36
[08:05:13 +2m 8s | thequantuminsider_2023_09_20_fedlearn_launches_sandboxaq_quantum_technologies_course] Repaired malformed JSON.
[08:05:13 +2m 8s | thequantuminsider_2023_09_20_fedlearn_launches_sandboxaq_quantum_technologies_course] Extracting actors: https://thequantuminsider.com/2023/09/20/fedlearn-launches-sandboxaq-quantum-technologies-course (1/1), chunk 14/36
[08:05:20 +2m 16s | thequantuminsider_2023_09_20_fedlearn_launches_sandboxaq_quantum_technologies_course] Repaired malformed JSON.
[08:05:20 +2m 16s | thequantuminsider_2023_09_20_fedlearn_launches_sandboxaq_quantum_technologies_course] Extracting actors: https://thequantuminsider.com/2023/09/20/fedlearn-launches-sandboxaq-quantum-technologies-course (1/1), chunk 15/36
[08:05:27 +2m 23s | thequantuminsider_2023_09_20_fedlearn_launches_sandboxaq_quantum_technologies_course] Repaired malformed JSON.
[08:05:27 +2m 23s | thequantuminsider_2023_09_20_fedlearn_launches_sandboxaq_quantum_technologies_course] Extracting actors: https://thequantuminsider.com/2023/09/20/fedlearn-launches-sandboxaq-quantum-technologies-course (1/1), chunk 16/36
[08:05:36 +2m 31s | thequantuminsider_2023_09_20_fedlearn_launches_sandboxaq_quantum_technologies_course] Repaired malformed JSON.
[08:05:36 +2m 31s | thequantuminsider_2023_09_20_fedlearn_launches_sandboxaq_quantum_technologies_course] Extracting actors: https://thequantuminsider.com/2023/09/20/fedlearn-launches-sandboxaq-quantum-technologies-course (1/1), chunk 17/36
[08:05:42 +2m 40s | thequantuminsider_2023_09_20_fedlearn_launches_sandboxaq_quantum_technologies_course] Repaired malformed JSON.
[08:05:42 +2m 40s | thequantuminsider_2023_09_20_fedlearn_launches_sandboxaq_quantum_technologies_course] Extracting actors: https://thequantuminsider.com/2023/09/20/fedlearn-launches-sandboxaq-quantum-technologies-course (1/1), chunk 18/36
[08:05:49 +2m 47s | thequantuminsider_2023_09_20_fedlearn_launches_sandboxaq_quantum_technologies_course] Repaired malformed JSON.
[08:05:49 +2m 47s | thequantuminsider_2023_09_20_fedlearn_launches_sandboxaq_quantum_technologies_course] Extracting actors: https://thequantuminsider.com/2023/09/20/fedlearn-launches-sandboxaq-quantum-technologies-course (1/1), chunk 19/36
[08:05:58 +2m 56s | thequantuminsider_2023_09_20_fedlearn_launches_sandboxaq_quantum_technologies_course] Repaired malformed JSON.
[08:05:58 +2m 56s | thequantuminsider_2023_09_20_fedlearn_launches_sandboxaq_quantum_technologies_course] Extracting actors: https://thequantuminsider.com/2023/09/20/fedlearn-launches-sandboxaq-quantum-technologies-course (1/1), chunk 20/36
[08:06:07 +3m 5s | thequantuminsider_2023_09_20_fedlearn_launches_sandboxaq_quantum_technologies_course] Repaired malformed JSON.
[08:06:07 +3m 5s | thequantuminsider_2023_09_20_fedlearn_launches_sandboxaq_quantum_technologies_course] Extracting actors: https://thequantuminsider.com/2023/09/20/fedlearn-launches-sandboxaq-quantum-technologies-course (1/1), chunk 21/36
[08:06:19 +3m 19s | thequantuminsider_2023_09_20_fedlearn_launches_sandboxaq_quantum_technologies_course] Repaired malformed JSON.
[08:06:19 +3m 19s | thequantuminsider_2023_09_20_fedlearn_launches_sandboxaq_quantum_technologies_course] Extracting actors: https://thequantuminsider.com/2023/09/20/fedlearn-launches-sandboxaq-quantum-technologies-course (1/1), chunk 22/36
[08:06:45 +3m 48s | thequantuminsider_2023_09_20_fedlearn_launches_sandboxaq_quantum_technologies_course] Repaired malformed JSON.
[08:06:45 +3m 48s | thequantuminsider_2023_09_20_fedlearn_launches_sandboxaq_quantum_technologies_course] Extracting actors: https://thequantuminsider.com/2023/09/20/fedlearn-launches-sandboxaq-quantum-technologies-course (1/1), chunk 23/36
[08:06:51 +3m 54s | thequantuminsider_2023_09_20_fedlearn_launches_sandboxaq_quantum_technologies_course] Repaired malformed JSON.
[08:06:51 +3m 54s | thequantuminsider_2023_09_20_fedlearn_launches_sandboxaq_quantum_technologies_course] Extracting actors: https://thequantuminsider.com/2023/09/20/fedlearn-launches-sandboxaq-quantum-technologies-course (1/1), chunk 24/36
[08:06:58 +4m 0s | thequantuminsider_2023_09_20_fedlearn_launches_sandboxaq_quantum_technologies_course] Extracting actors: https://thequantuminsider.com/2023/09/20/fedlearn-launches-sandboxaq-quantum-technologies-course (1/1), chunk 25/36
[08:07:04 +4m 7s | thequantuminsider_2023_09_20_fedlearn_launches_sandboxaq_quantum_technologies_course] Repaired malformed JSON.
[08:07:04 +4m 7s | thequantuminsider_2023_09_20_fedlearn_launches_sandboxaq_quantum_technologies_course] Extracting actors: https://thequantuminsider.com/2023/09/20/fedlearn-launches-sandboxaq-quantum-technologies-course (1/1), chunk 26/36
[08:07:08 +4m 14s | thequantuminsider_2023_09_20_fedlearn_launches_sandboxaq_quantum_technologies_course] Extracting actors: https://thequantuminsider.com/2023/09/20/fedlearn-launches-sandboxaq-quantum-technologies-course (1/1), chunk 27/36
[08:07:12 +4m 17s | thequantuminsider_2023_09_20_fedlearn_launches_sandboxaq_quantum_technologies_course] Extracting actors: https://thequantuminsider.com/2023/09/20/fedlearn-launches-sandboxaq-quantum-technologies-course (1/1), chunk 28/36
[08:07:20 +4m 25s | thequantuminsider_2023_09_20_fedlearn_launches_sandboxaq_quantum_technologies_course] Repaired malformed JSON.
[08:07:20 +4m 25s | thequantuminsider_2023_09_20_fedlearn_launches_sandboxaq_quantum_technologies_course] Extracting actors: https://thequantuminsider.com/2023/09/20/fedlearn-launches-sandboxaq-quantum-technologies-course (1/1), chunk 29/36
[08:07:29 +4m 34s | thequantuminsider_2023_09_20_fedlearn_launches_sandboxaq_quantum_technologies_course] Repaired malformed JSON.
[08:07:29 +4m 34s | thequantuminsider_2023_09_20_fedlearn_launches_sandboxaq_quantum_technologies_course] Extracting actors: https://thequantuminsider.com/2023/09/20/fedlearn-launches-sandboxaq-quantum-technologies-course (1/1), chunk 30/36
[08:07:35 +4m 40s | thequantuminsider_2023_09_20_fedlearn_launches_sandboxaq_quantum_technologies_course] Repaired malformed JSON.
[08:07:35 +4m 40s | thequantuminsider_2023_09_20_fedlearn_launches_sandboxaq_quantum_technologies_course] Extracting actors: https://thequantuminsider.com/2023/09/20/fedlearn-launches-sandboxaq-quantum-technologies-course (1/1), chunk 31/36
[08:08:11 +5m 22s | thequantuminsider_2023_09_20_fedlearn_launches_sandboxaq_quantum_technologies_course] Repaired malformed JSON.
[08:08:11 +5m 22s | thequantuminsider_2023_09_20_fedlearn_launches_sandboxaq_quantum_technologies_course] Extracting actors: https://thequantuminsider.com/2023/09/20/fedlearn-launches-sandboxaq-quantum-technologies-course (1/1), chunk 32/36
[08:08:17 +5m 28s | thequantuminsider_2023_09_20_fedlearn_launches_sandboxaq_quantum_technologies_course] Repaired malformed JSON.
[08:08:17 +5m 28s | thequantuminsider_2023_09_20_fedlearn_launches_sandboxaq_quantum_technologies_course] Extracting actors: https://thequantuminsider.com/2023/09/20/fedlearn-launches-sandboxaq-quantum-technologies-course (1/1), chunk 33/36
[08:08:26 +5m 37s | thequantuminsider_2023_09_20_fedlearn_launches_sandboxaq_quantum_technologies_course] Repaired malformed JSON.
[08:08:26 +5m 37s | thequantuminsider_2023_09_20_fedlearn_launches_sandboxaq_quantum_technologies_course] Extracting actors: https://thequantuminsider.com/2023/09/20/fedlearn-launches-sandboxaq-quantum-technologies-course (1/1), chunk 34/36
[08:08:33 +5m 43s | thequantuminsider_2023_09_20_fedlearn_launches_sandboxaq_quantum_technologies_course] Repaired malformed JSON.
[08:08:33 +5m 43s | thequantuminsider_2023_09_20_fedlearn_launches_sandboxaq_quantum_technologies_course] Extracting actors: https://thequantuminsider.com/2023/09/20/fedlearn-launches-sandboxaq-quantum-technologies-course (1/1), chunk 35/36
[08:08:41 +5m 54s | thequantuminsider_2023_09_20_fedlearn_launches_sandboxaq_quantum_technologies_course] Repaired malformed JSON.
[08:08:41 +5m 54s | thequantuminsider_2023_09_20_fedlearn_launches_sandboxaq_quantum_technologies_course] Extracting actors: https://thequantuminsider.com/2023/09/20/fedlearn-launches-sandboxaq-quantum-technologies-course (1/1), chunk 36/36
[08:08:49 +6m 2s | thequantuminsider_2023_09_20_fedlearn_launches_sandboxaq_quantum_technologies_course] Repaired malformed JSON.
[08:08:49 +6m 2s | thequantuminsider_2023_09_20_fedlearn_launches_sandboxaq_quantum_technologies_course] Saved 1_actor_results.json with 57 extracted records

[08:08:49 +6m 2s | thequantuminsider_2023_09_20_fedlearn_launches_sandboxaq_quantum_technologies_course] === 2 clean actors ===
[08:08:49 +6m 2s | thequantuminsider_2023_09_20_fedlearn_launches_sandboxaq_quantum_technologies_course] Loaded 57 extracted records
[08:08:49 +6m 2s | thequantuminsider_2023_09_20_fedlearn_launches_sandboxaq_quantum_technologies_course] Saved 2_actor_nodes.json with 14 canonical actor nodes

[08:08:49 +6m 2s | thequantuminsider_2023_09_20_fedlearn_launches_sandboxaq_quantum_technologies_course] === 3 interaction extraction ===
[08:08:49 +6m 2s | thequantuminsider_2023_09_20_fedlearn_launches_sandboxaq_quantum_technologies_course] Extracting interactions: https://thequantuminsider.com/2023/09/20/fedlearn-launches-sandboxaq-quantum-technologies-course (1/1), chunk 11/36
[08:08:54 +6m 6s | thequantuminsider_2023_09_20_fedlearn_launches_sandboxaq_quantum_technologies_course] Extracting interactions: https://thequantuminsider.com/2023/09/20/fedlearn-launches-sandboxaq-quantum-technologies-course (1/1), chunk 12/36
[08:09:04 +6m 16s | thequantuminsider_2023_09_20_fedlearn_launches_sandboxaq_quantum_technologies_course] Extracting interactions: https://thequantuminsider.com/2023/09/20/fedlearn-launches-sandboxaq-quantum-technologies-course (1/1), chunk 13/36
[08:09:13 +6m 28s | thequantuminsider_2023_09_20_fedlearn_launches_sandboxaq_quantum_technologies_course] Extracting interactions: https://thequantuminsider.com/2023/09/20/fedlearn-launches-sandboxaq-quantum-technologies-course (1/1), chunk 14/36
[08:09:17 +6m 32s | thequantuminsider_2023_09_20_fedlearn_launches_sandboxaq_quantum_technologies_course] Extracting interactions: https://thequantuminsider.com/2023/09/20/fedlearn-launches-sandboxaq-quantum-technologies-course (1/1), chunk 15/36
[08:09:23 +6m 38s | thequantuminsider_2023_09_20_fedlearn_launches_sandboxaq_quantum_technologies_course] Extracting interactions: https://thequantuminsider.com/2023/09/20/fedlearn-launches-sandboxaq-quantum-technologies-course (1/1), chunk 16/36
[08:09:29 +6m 44s | thequantuminsider_2023_09_20_fedlearn_launches_sandboxaq_quantum_technologies_course] Extracting interactions: https://thequantuminsider.com/2023/09/20/fedlearn-launches-sandboxaq-quantum-technologies-course (1/1), chunk 19/36
[08:09:30 +6m 46s | thequantuminsider_2023_09_20_fedlearn_launches_sandboxaq_quantum_technologies_course] Extracting interactions: https://thequantuminsider.com/2023/09/20/fedlearn-launches-sandboxaq-quantum-technologies-course (1/1), chunk 20/36
[08:09:42 +7m 0s | thequantuminsider_2023_09_20_fedlearn_launches_sandboxaq_quantum_technologies_course] Extracting interactions: https://thequantuminsider.com/2023/09/20/fedlearn-launches-sandboxaq-quantum-technologies-course (1/1), chunk 25/36
[08:09:50 +7m 7s | thequantuminsider_2023_09_20_fedlearn_launches_sandboxaq_quantum_technologies_course] Extracting interactions: https://thequantuminsider.com/2023/09/20/fedlearn-launches-sandboxaq-quantum-technologies-course (1/1), chunk 26/36
[08:10:05 +7m 23s | thequantuminsider_2023_09_20_fedlearn_launches_sandboxaq_quantum_technologies_course] Extracting interactions: https://thequantuminsider.com/2023/09/20/fedlearn-launches-sandboxaq-quantum-technologies-course (1/1), chunk 27/36
[08:10:05 +7m 25s | thequantuminsider_2023_09_20_fedlearn_launches_sandboxaq_quantum_technologies_course] Extracting interactions: https://thequantuminsider.com/2023/09/20/fedlearn-launches-sandboxaq-quantum-technologies-course (1/1), chunk 29/36
[08:10:07 +7m 27s | thequantuminsider_2023_09_20_fedlearn_launches_sandboxaq_quantum_technologies_course] Extracting interactions: https://thequantuminsider.com/2023/09/20/fedlearn-launches-sandboxaq-quantum-technologies-course (1/1), chunk 30/36
[08:10:09 +7m 30s | thequantuminsider_2023_09_20_fedlearn_launches_sandboxaq_quantum_technologies_course] Extracting interactions: https://thequantuminsider.com/2023/09/20/fedlearn-launches-sandboxaq-quantum-technologies-course (1/1), chunk 31/36
[08:10:11 +7m 31s | thequantuminsider_2023_09_20_fedlearn_launches_sandboxaq_quantum_technologies_course] Extracting interactions: https://thequantuminsider.com/2023/09/20/fedlearn-launches-sandboxaq-quantum-technologies-course (1/1), chunk 32/36
[08:10:14 +7m 34s | thequantuminsider_2023_09_20_fedlearn_launches_sandboxaq_quantum_technologies_course] Extracting interactions: https://thequantuminsider.com/2023/09/20/fedlearn-launches-sandboxaq-quantum-technologies-course (1/1), chunk 33/36
[08:10:16 +7m 36s | thequantuminsider_2023_09_20_fedlearn_launches_sandboxaq_quantum_technologies_course] Extracting interactions: https://thequantuminsider.com/2023/09/20/fedlearn-launches-sandboxaq-quantum-technologies-course (1/1), chunk 34/36
[08:10:17 +7m 38s | thequantuminsider_2023_09_20_fedlearn_launches_sandboxaq_quantum_technologies_course] Extracting interactions: https://thequantuminsider.com/2023/09/20/fedlearn-launches-sandboxaq-quantum-technologies-course (1/1), chunk 35/36
[08:11:34 +9m 1s | thequantuminsider_2023_09_20_fedlearn_launches_sandboxaq_quantum_technologies_course] Extracting interactions: https://thequantuminsider.com/2023/09/20/fedlearn-launches-sandboxaq-quantum-technologies-course (1/1), chunk 36/36
[08:11:36 +9m 3s | thequantuminsider_2023_09_20_fedlearn_launches_sandboxaq_quantum_technologies_course] Saved 3_interaction_results.json with 16 extracted interactions.

[08:11:36 +9m 3s | thequantuminsider_2023_09_20_fedlearn_launches_sandboxaq_quantum_technologies_course] === 4 clean interactions ===
[08:11:36 +9m 3s | thequantuminsider_2023_09_20_fedlearn_launches_sandboxaq_quantum_technologies_course] Saved 4_edges.json with 5 cleaned interactions.

[08:11:36 +9m 3s | thequantuminsider_2023_09_20_fedlearn_launches_sandboxaq_quantum_technologies_course] === 5 helix enrichment ===
[08:11:36 +9m 3s | thequantuminsider_2023_09_20_fedlearn_launches_sandboxaq_quantum_technologies_course] Wrote 5_nodes.json (14 actors)
[08:11:36 +9m 3s | thequantuminsider_2023_09_20_fedlearn_launches_sandboxaq_quantum_technologies_course] Wrote 5_edges.json (5 interactions)
[08:11:36 +9m 3s | thequantuminsider_2023_09_20_fedlearn_launches_sandboxaq_quantum_technologies_course] Actor helix counts: {'Academia': 1, 'Civil Society': 3, 'Industry': 4, 'Unknown': 6}
[08:11:36 +9m 3s | thequantuminsider_2023_09_20_fedlearn_launches_sandboxaq_quantum_technologies_course] Functional-space counts: {'Intra-helix / Not classified': 5}

[08:11:36 +9m 3s | thequantuminsider_2023_09_20_fedlearn_launches_sandboxaq_quantum_technologies_course] === 6 network visualisation ===
[08:11:36 +9m 4s | thequantuminsider_2023_09_20_fedlearn_launches_sandboxaq_quantum_technologies_course] Wrote quantum_network.html
[08:11:36 +9m 4s | thequantuminsider_2023_09_20_fedlearn_launches_sandboxaq_quantum_technologies_course] Nodes: 14
[08:11:36 +9m 4s | thequantuminsider_2023_09_20_fedlearn_launches_sandboxaq_quantum_technologies_course] Edges: 2

[08:11:36 +9m 4s | thequantuminsider_2023_09_20_fedlearn_launches_sandboxaq_quantum_technologies_course] Done. Outputs written to: /home/lv/IDP/idpdeeptech/pipeline/news_outputs/thequantuminsider_2023_09_20_fedlearn_launches_sandboxaq_quantum_technologies_course
[08:11:36 +9m 4s | thequantuminsider_2023_09_20_fedlearn_launches_sandboxaq_quantum_technologies_course] Log: /home/lv/IDP/idpdeeptech/pipeline/news_outputs/thequantuminsider_2023_09_20_fedlearn_launches_sandboxaq_quantum_technologies_course/run.log

========================================================================
RUN FINISHED 2026-07-05 08:11:36  (OK)
Started:     2026-07-05 08:03:14
Elapsed:     9m 4s
========================================================================
