
========================================================================
RUN STARTED  2026-07-05 06:21:16
site_pipeline.py https://thequantuminsider.com/2023/10/12/chinas-photonic-jiuzhang-series-sets-yet-another-speed-record/
========================================================================

[06:21:16 +0s | thequantuminsider_2023_10_12_chinas_photonic_jiuzhang_series_sets_yet_another_speed_record] === 0 crawl site ===
[06:21:17 +1s | thequantuminsider_2023_10_12_chinas_photonic_jiuzhang_series_sets_yet_another_speed_record] [INIT].... → Crawl4AI 0.8.6 
[06:21:20 +4s | thequantuminsider_2023_10_12_chinas_photonic_jiuzhang_series_sets_yet_another_speed_record] [FETCH]... ↓ https://thequantuminsider.com/2023/10/12/chinas-...c-jiuzhang-series-sets-yet-another-speed-record/  | ✓ | ⏱: 2.66s 
[06:21:20 +4s | thequantuminsider_2023_10_12_chinas_photonic_jiuzhang_series_sets_yet_another_speed_record] [SCRAPE].. ◆ https://thequantuminsider.com/2023/10/12/chinas-...c-jiuzhang-series-sets-yet-another-speed-record/  | ✓ | ⏱: 0.12s 
[06:21:20 +4s | thequantuminsider_2023_10_12_chinas_photonic_jiuzhang_series_sets_yet_another_speed_record] [COMPLETE] ● https://thequantuminsider.com/2023/10/12/chinas-...c-jiuzhang-series-sets-yet-another-speed-record/  | ✓ | ⏱: 2.81s 
[06:21:20 +4s | thequantuminsider_2023_10_12_chinas_photonic_jiuzhang_series_sets_yet_another_speed_record] Saved: crawl_output/3ccb71d0b5_thequantuminsider.com_2023_10_12_chinas-photonic-jiuzhang-series-sets-yet-another-speed-record.json

[06:21:21 +5s | thequantuminsider_2023_10_12_chinas_photonic_jiuzhang_series_sets_yet_another_speed_record] === 1 actor extraction ===
[06:21:21 +5s | thequantuminsider_2023_10_12_chinas_photonic_jiuzhang_series_sets_yet_another_speed_record] Reading page (1/1): https://thequantuminsider.com/2023/10/12/chinas-photonic-jiuzhang-series-sets-yet-another-speed-record
[06:21:21 +5s | thequantuminsider_2023_10_12_chinas_photonic_jiuzhang_series_sets_yet_another_speed_record] Extracting actors: https://thequantuminsider.com/2023/10/12/chinas-photonic-jiuzhang-series-sets-yet-another-speed-record (1/1), chunk 1/36
[06:21:45 +29s | thequantuminsider_2023_10_12_chinas_photonic_jiuzhang_series_sets_yet_another_speed_record] Extracting actors: https://thequantuminsider.com/2023/10/12/chinas-photonic-jiuzhang-series-sets-yet-another-speed-record (1/1), chunk 2/36
[06:21:48 +34s | thequantuminsider_2023_10_12_chinas_photonic_jiuzhang_series_sets_yet_another_speed_record] Extracting actors: https://thequantuminsider.com/2023/10/12/chinas-photonic-jiuzhang-series-sets-yet-another-speed-record (1/1), chunk 3/36
[06:21:53 +39s | thequantuminsider_2023_10_12_chinas_photonic_jiuzhang_series_sets_yet_another_speed_record] Extracting actors: https://thequantuminsider.com/2023/10/12/chinas-photonic-jiuzhang-series-sets-yet-another-speed-record (1/1), chunk 4/36
[06:22:26 +1m 14s | thequantuminsider_2023_10_12_chinas_photonic_jiuzhang_series_sets_yet_another_speed_record] Extracting actors: https://thequantuminsider.com/2023/10/12/chinas-photonic-jiuzhang-series-sets-yet-another-speed-record (1/1), chunk 5/36
[06:22:32 +1m 20s | thequantuminsider_2023_10_12_chinas_photonic_jiuzhang_series_sets_yet_another_speed_record] Extracting actors: https://thequantuminsider.com/2023/10/12/chinas-photonic-jiuzhang-series-sets-yet-another-speed-record (1/1), chunk 6/36
[06:22:39 +1m 27s | thequantuminsider_2023_10_12_chinas_photonic_jiuzhang_series_sets_yet_another_speed_record] Extracting actors: https://thequantuminsider.com/2023/10/12/chinas-photonic-jiuzhang-series-sets-yet-another-speed-record (1/1), chunk 7/36
[06:22:45 +1m 33s | thequantuminsider_2023_10_12_chinas_photonic_jiuzhang_series_sets_yet_another_speed_record] Extracting actors: https://thequantuminsider.com/2023/10/12/chinas-photonic-jiuzhang-series-sets-yet-another-speed-record (1/1), chunk 8/36
[06:22:50 +1m 40s | thequantuminsider_2023_10_12_chinas_photonic_jiuzhang_series_sets_yet_another_speed_record] Extracting actors: https://thequantuminsider.com/2023/10/12/chinas-photonic-jiuzhang-series-sets-yet-another-speed-record (1/1), chunk 9/36
[06:22:56 +1m 46s | thequantuminsider_2023_10_12_chinas_photonic_jiuzhang_series_sets_yet_another_speed_record] Extracting actors: https://thequantuminsider.com/2023/10/12/chinas-photonic-jiuzhang-series-sets-yet-another-speed-record (1/1), chunk 10/36
[06:23:00 +1m 51s | thequantuminsider_2023_10_12_chinas_photonic_jiuzhang_series_sets_yet_another_speed_record] Extracting actors: https://thequantuminsider.com/2023/10/12/chinas-photonic-jiuzhang-series-sets-yet-another-speed-record (1/1), chunk 11/36
[06:23:08 +1m 58s | thequantuminsider_2023_10_12_chinas_photonic_jiuzhang_series_sets_yet_another_speed_record] Repaired malformed JSON.
[06:23:08 +1m 58s | thequantuminsider_2023_10_12_chinas_photonic_jiuzhang_series_sets_yet_another_speed_record] Extracting actors: https://thequantuminsider.com/2023/10/12/chinas-photonic-jiuzhang-series-sets-yet-another-speed-record (1/1), chunk 12/36
[06:23:14 +2m 4s | thequantuminsider_2023_10_12_chinas_photonic_jiuzhang_series_sets_yet_another_speed_record] Repaired malformed JSON.
[06:23:14 +2m 4s | thequantuminsider_2023_10_12_chinas_photonic_jiuzhang_series_sets_yet_another_speed_record] Extracting actors: https://thequantuminsider.com/2023/10/12/chinas-photonic-jiuzhang-series-sets-yet-another-speed-record (1/1), chunk 13/36
[06:23:21 +2m 13s | thequantuminsider_2023_10_12_chinas_photonic_jiuzhang_series_sets_yet_another_speed_record] Repaired malformed JSON.
[06:23:21 +2m 13s | thequantuminsider_2023_10_12_chinas_photonic_jiuzhang_series_sets_yet_another_speed_record] Extracting actors: https://thequantuminsider.com/2023/10/12/chinas-photonic-jiuzhang-series-sets-yet-another-speed-record (1/1), chunk 14/36
[06:23:47 +2m 40s | thequantuminsider_2023_10_12_chinas_photonic_jiuzhang_series_sets_yet_another_speed_record] Repaired malformed JSON.
[06:23:47 +2m 40s | thequantuminsider_2023_10_12_chinas_photonic_jiuzhang_series_sets_yet_another_speed_record] Extracting actors: https://thequantuminsider.com/2023/10/12/chinas-photonic-jiuzhang-series-sets-yet-another-speed-record (1/1), chunk 15/36
[06:23:52 +2m 46s | thequantuminsider_2023_10_12_chinas_photonic_jiuzhang_series_sets_yet_another_speed_record] Repaired malformed JSON.
[06:23:52 +2m 46s | thequantuminsider_2023_10_12_chinas_photonic_jiuzhang_series_sets_yet_another_speed_record] Extracting actors: https://thequantuminsider.com/2023/10/12/chinas-photonic-jiuzhang-series-sets-yet-another-speed-record (1/1), chunk 16/36
[06:24:01 +2m 55s | thequantuminsider_2023_10_12_chinas_photonic_jiuzhang_series_sets_yet_another_speed_record] Repaired malformed JSON.
[06:24:01 +2m 55s | thequantuminsider_2023_10_12_chinas_photonic_jiuzhang_series_sets_yet_another_speed_record] Extracting actors: https://thequantuminsider.com/2023/10/12/chinas-photonic-jiuzhang-series-sets-yet-another-speed-record (1/1), chunk 17/36
[06:24:24 +3m 21s | thequantuminsider_2023_10_12_chinas_photonic_jiuzhang_series_sets_yet_another_speed_record] Extracting actors: https://thequantuminsider.com/2023/10/12/chinas-photonic-jiuzhang-series-sets-yet-another-speed-record (1/1), chunk 18/36
[06:24:30 +3m 27s | thequantuminsider_2023_10_12_chinas_photonic_jiuzhang_series_sets_yet_another_speed_record] Extracting actors: https://thequantuminsider.com/2023/10/12/chinas-photonic-jiuzhang-series-sets-yet-another-speed-record (1/1), chunk 19/36
[06:24:38 +3m 35s | thequantuminsider_2023_10_12_chinas_photonic_jiuzhang_series_sets_yet_another_speed_record] Repaired malformed JSON.
[06:24:38 +3m 35s | thequantuminsider_2023_10_12_chinas_photonic_jiuzhang_series_sets_yet_another_speed_record] Extracting actors: https://thequantuminsider.com/2023/10/12/chinas-photonic-jiuzhang-series-sets-yet-another-speed-record (1/1), chunk 20/36
[06:25:04 +4m 3s | thequantuminsider_2023_10_12_chinas_photonic_jiuzhang_series_sets_yet_another_speed_record] Repaired malformed JSON.
[06:25:04 +4m 3s | thequantuminsider_2023_10_12_chinas_photonic_jiuzhang_series_sets_yet_another_speed_record] Extracting actors: https://thequantuminsider.com/2023/10/12/chinas-photonic-jiuzhang-series-sets-yet-another-speed-record (1/1), chunk 21/36
[06:25:11 +4m 10s | thequantuminsider_2023_10_12_chinas_photonic_jiuzhang_series_sets_yet_another_speed_record] Repaired malformed JSON.
[06:25:11 +4m 10s | thequantuminsider_2023_10_12_chinas_photonic_jiuzhang_series_sets_yet_another_speed_record] Extracting actors: https://thequantuminsider.com/2023/10/12/chinas-photonic-jiuzhang-series-sets-yet-another-speed-record (1/1), chunk 22/36
[06:25:17 +4m 18s | thequantuminsider_2023_10_12_chinas_photonic_jiuzhang_series_sets_yet_another_speed_record] Repaired malformed JSON.
[06:25:17 +4m 18s | thequantuminsider_2023_10_12_chinas_photonic_jiuzhang_series_sets_yet_another_speed_record] Extracting actors: https://thequantuminsider.com/2023/10/12/chinas-photonic-jiuzhang-series-sets-yet-another-speed-record (1/1), chunk 23/36
[06:25:25 +4m 26s | thequantuminsider_2023_10_12_chinas_photonic_jiuzhang_series_sets_yet_another_speed_record] Repaired malformed JSON.
[06:25:25 +4m 26s | thequantuminsider_2023_10_12_chinas_photonic_jiuzhang_series_sets_yet_another_speed_record] Extracting actors: https://thequantuminsider.com/2023/10/12/chinas-photonic-jiuzhang-series-sets-yet-another-speed-record (1/1), chunk 24/36
[06:25:31 +4m 32s | thequantuminsider_2023_10_12_chinas_photonic_jiuzhang_series_sets_yet_another_speed_record] Extracting actors: https://thequantuminsider.com/2023/10/12/chinas-photonic-jiuzhang-series-sets-yet-another-speed-record (1/1), chunk 25/36
[06:25:36 +4m 37s | thequantuminsider_2023_10_12_chinas_photonic_jiuzhang_series_sets_yet_another_speed_record] Extracting actors: https://thequantuminsider.com/2023/10/12/chinas-photonic-jiuzhang-series-sets-yet-another-speed-record (1/1), chunk 26/36
[06:25:41 +4m 42s | thequantuminsider_2023_10_12_chinas_photonic_jiuzhang_series_sets_yet_another_speed_record] Extracting actors: https://thequantuminsider.com/2023/10/12/chinas-photonic-jiuzhang-series-sets-yet-another-speed-record (1/1), chunk 27/36
[06:25:45 +4m 46s | thequantuminsider_2023_10_12_chinas_photonic_jiuzhang_series_sets_yet_another_speed_record] Extracting actors: https://thequantuminsider.com/2023/10/12/chinas-photonic-jiuzhang-series-sets-yet-another-speed-record (1/1), chunk 28/36
[06:25:52 +4m 55s | thequantuminsider_2023_10_12_chinas_photonic_jiuzhang_series_sets_yet_another_speed_record] Repaired malformed JSON.
[06:25:52 +4m 55s | thequantuminsider_2023_10_12_chinas_photonic_jiuzhang_series_sets_yet_another_speed_record] Extracting actors: https://thequantuminsider.com/2023/10/12/chinas-photonic-jiuzhang-series-sets-yet-another-speed-record (1/1), chunk 29/36
[06:26:00 +5m 3s | thequantuminsider_2023_10_12_chinas_photonic_jiuzhang_series_sets_yet_another_speed_record] Repaired malformed JSON.
[06:26:00 +5m 3s | thequantuminsider_2023_10_12_chinas_photonic_jiuzhang_series_sets_yet_another_speed_record] Extracting actors: https://thequantuminsider.com/2023/10/12/chinas-photonic-jiuzhang-series-sets-yet-another-speed-record (1/1), chunk 30/36
[06:26:10 +5m 13s | thequantuminsider_2023_10_12_chinas_photonic_jiuzhang_series_sets_yet_another_speed_record] Repaired malformed JSON.
[06:26:10 +5m 13s | thequantuminsider_2023_10_12_chinas_photonic_jiuzhang_series_sets_yet_another_speed_record] Extracting actors: https://thequantuminsider.com/2023/10/12/chinas-photonic-jiuzhang-series-sets-yet-another-speed-record (1/1), chunk 31/36
[06:26:14 +5m 17s | thequantuminsider_2023_10_12_chinas_photonic_jiuzhang_series_sets_yet_another_speed_record] Extracting actors: https://thequantuminsider.com/2023/10/12/chinas-photonic-jiuzhang-series-sets-yet-another-speed-record (1/1), chunk 32/36
[06:26:21 +5m 26s | thequantuminsider_2023_10_12_chinas_photonic_jiuzhang_series_sets_yet_another_speed_record] Repaired malformed JSON.
[06:26:21 +5m 26s | thequantuminsider_2023_10_12_chinas_photonic_jiuzhang_series_sets_yet_another_speed_record] Extracting actors: https://thequantuminsider.com/2023/10/12/chinas-photonic-jiuzhang-series-sets-yet-another-speed-record (1/1), chunk 33/36
[06:26:30 +5m 35s | thequantuminsider_2023_10_12_chinas_photonic_jiuzhang_series_sets_yet_another_speed_record] Repaired malformed JSON.
[06:26:30 +5m 35s | thequantuminsider_2023_10_12_chinas_photonic_jiuzhang_series_sets_yet_another_speed_record] Extracting actors: https://thequantuminsider.com/2023/10/12/chinas-photonic-jiuzhang-series-sets-yet-another-speed-record (1/1), chunk 34/36
[06:26:39 +5m 44s | thequantuminsider_2023_10_12_chinas_photonic_jiuzhang_series_sets_yet_another_speed_record] Repaired malformed JSON.
[06:26:39 +5m 44s | thequantuminsider_2023_10_12_chinas_photonic_jiuzhang_series_sets_yet_another_speed_record] Extracting actors: https://thequantuminsider.com/2023/10/12/chinas-photonic-jiuzhang-series-sets-yet-another-speed-record (1/1), chunk 35/36
[06:26:47 +5m 52s | thequantuminsider_2023_10_12_chinas_photonic_jiuzhang_series_sets_yet_another_speed_record] Repaired malformed JSON.
[06:26:47 +5m 52s | thequantuminsider_2023_10_12_chinas_photonic_jiuzhang_series_sets_yet_another_speed_record] Extracting actors: https://thequantuminsider.com/2023/10/12/chinas-photonic-jiuzhang-series-sets-yet-another-speed-record (1/1), chunk 36/36
[06:26:51 +5m 59s | thequantuminsider_2023_10_12_chinas_photonic_jiuzhang_series_sets_yet_another_speed_record] Repaired malformed JSON.
[06:26:51 +5m 59s | thequantuminsider_2023_10_12_chinas_photonic_jiuzhang_series_sets_yet_another_speed_record] Saved 1_actor_results.json with 50 extracted records

[06:26:51 +5m 59s | thequantuminsider_2023_10_12_chinas_photonic_jiuzhang_series_sets_yet_another_speed_record] === 2 clean actors ===
[06:26:51 +5m 59s | thequantuminsider_2023_10_12_chinas_photonic_jiuzhang_series_sets_yet_another_speed_record] Loaded 50 extracted records
[06:26:51 +5m 59s | thequantuminsider_2023_10_12_chinas_photonic_jiuzhang_series_sets_yet_another_speed_record] Saved 2_actor_nodes.json with 15 canonical actor nodes

[06:26:51 +5m 59s | thequantuminsider_2023_10_12_chinas_photonic_jiuzhang_series_sets_yet_another_speed_record] === 3 interaction extraction ===
[06:26:52 +5m 59s | thequantuminsider_2023_10_12_chinas_photonic_jiuzhang_series_sets_yet_another_speed_record] Extracting interactions: https://thequantuminsider.com/2023/10/12/chinas-photonic-jiuzhang-series-sets-yet-another-speed-record (1/1), chunk 11/36
[06:27:00 +6m 7s | thequantuminsider_2023_10_12_chinas_photonic_jiuzhang_series_sets_yet_another_speed_record] Extracting interactions: https://thequantuminsider.com/2023/10/12/chinas-photonic-jiuzhang-series-sets-yet-another-speed-record (1/1), chunk 12/36
[06:27:07 +6m 15s | thequantuminsider_2023_10_12_chinas_photonic_jiuzhang_series_sets_yet_another_speed_record] Extracting interactions: https://thequantuminsider.com/2023/10/12/chinas-photonic-jiuzhang-series-sets-yet-another-speed-record (1/1), chunk 13/36
[06:27:15 +6m 23s | thequantuminsider_2023_10_12_chinas_photonic_jiuzhang_series_sets_yet_another_speed_record] Extracting interactions: https://thequantuminsider.com/2023/10/12/chinas-photonic-jiuzhang-series-sets-yet-another-speed-record (1/1), chunk 14/36
[06:27:17 +6m 26s | thequantuminsider_2023_10_12_chinas_photonic_jiuzhang_series_sets_yet_another_speed_record] Extracting interactions: https://thequantuminsider.com/2023/10/12/chinas-photonic-jiuzhang-series-sets-yet-another-speed-record (1/1), chunk 15/36
[06:27:21 +6m 30s | thequantuminsider_2023_10_12_chinas_photonic_jiuzhang_series_sets_yet_another_speed_record] Extracting interactions: https://thequantuminsider.com/2023/10/12/chinas-photonic-jiuzhang-series-sets-yet-another-speed-record (1/1), chunk 16/36
[06:27:26 +6m 36s | thequantuminsider_2023_10_12_chinas_photonic_jiuzhang_series_sets_yet_another_speed_record] Extracting interactions: https://thequantuminsider.com/2023/10/12/chinas-photonic-jiuzhang-series-sets-yet-another-speed-record (1/1), chunk 18/36
[06:27:28 +6m 37s | thequantuminsider_2023_10_12_chinas_photonic_jiuzhang_series_sets_yet_another_speed_record] Extracting interactions: https://thequantuminsider.com/2023/10/12/chinas-photonic-jiuzhang-series-sets-yet-another-speed-record (1/1), chunk 19/36
[06:27:48 +6m 58s | thequantuminsider_2023_10_12_chinas_photonic_jiuzhang_series_sets_yet_another_speed_record] Extracting interactions: https://thequantuminsider.com/2023/10/12/chinas-photonic-jiuzhang-series-sets-yet-another-speed-record (1/1), chunk 20/36
[06:27:54 +7m 5s | thequantuminsider_2023_10_12_chinas_photonic_jiuzhang_series_sets_yet_another_speed_record] Extracting interactions: https://thequantuminsider.com/2023/10/12/chinas-photonic-jiuzhang-series-sets-yet-another-speed-record (1/1), chunk 21/36
[06:28:00 +7m 12s | thequantuminsider_2023_10_12_chinas_photonic_jiuzhang_series_sets_yet_another_speed_record] Extracting interactions: https://thequantuminsider.com/2023/10/12/chinas-photonic-jiuzhang-series-sets-yet-another-speed-record (1/1), chunk 25/36
[06:28:42 +7m 56s | thequantuminsider_2023_10_12_chinas_photonic_jiuzhang_series_sets_yet_another_speed_record] Extracting interactions: https://thequantuminsider.com/2023/10/12/chinas-photonic-jiuzhang-series-sets-yet-another-speed-record (1/1), chunk 26/36
[06:28:46 +8m 0s | thequantuminsider_2023_10_12_chinas_photonic_jiuzhang_series_sets_yet_another_speed_record] Extracting interactions: https://thequantuminsider.com/2023/10/12/chinas-photonic-jiuzhang-series-sets-yet-another-speed-record (1/1), chunk 27/36
[06:28:48 +8m 2s | thequantuminsider_2023_10_12_chinas_photonic_jiuzhang_series_sets_yet_another_speed_record] Extracting interactions: https://thequantuminsider.com/2023/10/12/chinas-photonic-jiuzhang-series-sets-yet-another-speed-record (1/1), chunk 29/36
[06:28:47 +8m 3s | thequantuminsider_2023_10_12_chinas_photonic_jiuzhang_series_sets_yet_another_speed_record] Extracting interactions: https://thequantuminsider.com/2023/10/12/chinas-photonic-jiuzhang-series-sets-yet-another-speed-record (1/1), chunk 30/36
[06:29:08 +8m 24s | thequantuminsider_2023_10_12_chinas_photonic_jiuzhang_series_sets_yet_another_speed_record] Extracting interactions: https://thequantuminsider.com/2023/10/12/chinas-photonic-jiuzhang-series-sets-yet-another-speed-record (1/1), chunk 31/36
[06:29:11 +8m 27s | thequantuminsider_2023_10_12_chinas_photonic_jiuzhang_series_sets_yet_another_speed_record] Extracting interactions: https://thequantuminsider.com/2023/10/12/chinas-photonic-jiuzhang-series-sets-yet-another-speed-record (1/1), chunk 32/36
[06:29:12 +8m 28s | thequantuminsider_2023_10_12_chinas_photonic_jiuzhang_series_sets_yet_another_speed_record] Extracting interactions: https://thequantuminsider.com/2023/10/12/chinas-photonic-jiuzhang-series-sets-yet-another-speed-record (1/1), chunk 33/36
[06:29:15 +8m 31s | thequantuminsider_2023_10_12_chinas_photonic_jiuzhang_series_sets_yet_another_speed_record] Extracting interactions: https://thequantuminsider.com/2023/10/12/chinas-photonic-jiuzhang-series-sets-yet-another-speed-record (1/1), chunk 34/36
[06:29:18 +8m 34s | thequantuminsider_2023_10_12_chinas_photonic_jiuzhang_series_sets_yet_another_speed_record] Extracting interactions: https://thequantuminsider.com/2023/10/12/chinas-photonic-jiuzhang-series-sets-yet-another-speed-record (1/1), chunk 35/36
[06:29:17 +8m 36s | thequantuminsider_2023_10_12_chinas_photonic_jiuzhang_series_sets_yet_another_speed_record] Extracting interactions: https://thequantuminsider.com/2023/10/12/chinas-photonic-jiuzhang-series-sets-yet-another-speed-record (1/1), chunk 36/36
[06:29:22 +8m 40s | thequantuminsider_2023_10_12_chinas_photonic_jiuzhang_series_sets_yet_another_speed_record] Saved 3_interaction_results.json with 19 extracted interactions.

[06:29:22 +8m 40s | thequantuminsider_2023_10_12_chinas_photonic_jiuzhang_series_sets_yet_another_speed_record] === 4 clean interactions ===
[06:29:22 +8m 40s | thequantuminsider_2023_10_12_chinas_photonic_jiuzhang_series_sets_yet_another_speed_record] Saved 4_edges.json with 1 cleaned interactions.

[06:29:22 +8m 40s | thequantuminsider_2023_10_12_chinas_photonic_jiuzhang_series_sets_yet_another_speed_record] === 5 helix enrichment ===
[06:29:22 +8m 40s | thequantuminsider_2023_10_12_chinas_photonic_jiuzhang_series_sets_yet_another_speed_record] Wrote 5_nodes.json (15 actors)
[06:29:22 +8m 40s | thequantuminsider_2023_10_12_chinas_photonic_jiuzhang_series_sets_yet_another_speed_record] Wrote 5_edges.json (1 interactions)
[06:29:22 +8m 40s | thequantuminsider_2023_10_12_chinas_photonic_jiuzhang_series_sets_yet_another_speed_record] Actor helix counts: {'Academia': 1, 'Civil Society': 3, 'Industry': 3, 'Unknown': 8}
[06:29:22 +8m 40s | thequantuminsider_2023_10_12_chinas_photonic_jiuzhang_series_sets_yet_another_speed_record] Functional-space counts: {'Public': 1}

[06:29:22 +8m 40s | thequantuminsider_2023_10_12_chinas_photonic_jiuzhang_series_sets_yet_another_speed_record] === 6 network visualisation ===
[06:29:23 +8m 41s | thequantuminsider_2023_10_12_chinas_photonic_jiuzhang_series_sets_yet_another_speed_record] Wrote quantum_network.html
[06:29:23 +8m 41s | thequantuminsider_2023_10_12_chinas_photonic_jiuzhang_series_sets_yet_another_speed_record] Nodes: 15
[06:29:23 +8m 41s | thequantuminsider_2023_10_12_chinas_photonic_jiuzhang_series_sets_yet_another_speed_record] Edges: 1

[06:29:23 +8m 41s | thequantuminsider_2023_10_12_chinas_photonic_jiuzhang_series_sets_yet_another_speed_record] Done. Outputs written to: /home/lv/IDP/idpdeeptech/pipeline/news_outputs/thequantuminsider_2023_10_12_chinas_photonic_jiuzhang_series_sets_yet_another_speed_record
[06:29:23 +8m 41s | thequantuminsider_2023_10_12_chinas_photonic_jiuzhang_series_sets_yet_another_speed_record] Log: /home/lv/IDP/idpdeeptech/pipeline/news_outputs/thequantuminsider_2023_10_12_chinas_photonic_jiuzhang_series_sets_yet_another_speed_record/run.log

========================================================================
RUN FINISHED 2026-07-05 06:29:23  (OK)
Started:     2026-07-05 06:21:16
Elapsed:     8m 41s
========================================================================
