
========================================================================
RUN STARTED  2026-07-05 03:08:02
site_pipeline.py https://thequantuminsider.com/2023/11/15/d-wave-error-mitigation-demonstration-extends-coherent-annealing-range-by-an-order-of-magnitude/
========================================================================

[03:08:02 +0s | thequantuminsider_2023_11_15_d_wave_error_mitigation_demonstration_extends_coherent_annea_82226049] === 0 crawl site ===
[03:08:03 +1s | thequantuminsider_2023_11_15_d_wave_error_mitigation_demonstration_extends_coherent_annea_82226049] [INIT].... → Crawl4AI 0.8.6 
[03:08:04 +4s | thequantuminsider_2023_11_15_d_wave_error_mitigation_demonstration_extends_coherent_annea_82226049] [FETCH]... ↓ https://thequantuminsider.com/2023/11/15/d-wave-...herent-annealing-range-by-an-order-of-magnitude/  | ✓ | ⏱: 2.28s 
[03:08:04 +4s | thequantuminsider_2023_11_15_d_wave_error_mitigation_demonstration_extends_coherent_annea_82226049] [SCRAPE].. ◆ https://thequantuminsider.com/2023/11/15/d-wave-...herent-annealing-range-by-an-order-of-magnitude/  | ✓ | ⏱: 0.12s 
[03:08:04 +4s | thequantuminsider_2023_11_15_d_wave_error_mitigation_demonstration_extends_coherent_annea_82226049] [COMPLETE] ● https://thequantuminsider.com/2023/11/15/d-wave-...herent-annealing-range-by-an-order-of-magnitude/  | ✓ | ⏱: 2.43s 
[03:08:04 +4s | thequantuminsider_2023_11_15_d_wave_error_mitigation_demonstration_extends_coherent_annea_82226049] Saved: crawl_output/d3f6138595_thequantuminsider.com_2023_11_15_d-wave-error-mitigation-demonstration-extends-coherent-annealing-range-by-an-order-of-magnitude.json

[03:08:05 +4s | thequantuminsider_2023_11_15_d_wave_error_mitigation_demonstration_extends_coherent_annea_82226049] === 1 actor extraction ===
[03:08:05 +4s | thequantuminsider_2023_11_15_d_wave_error_mitigation_demonstration_extends_coherent_annea_82226049] Reading page (1/1): https://thequantuminsider.com/2023/11/15/d-wave-error-mitigation-demonstration-extends-coherent-annealing-range-by-an-order-of-magnitude
[03:08:05 +4s | thequantuminsider_2023_11_15_d_wave_error_mitigation_demonstration_extends_coherent_annea_82226049] Extracting actors: https://thequantuminsider.com/2023/11/15/d-wave-error-mitigation-demonstration-extends-coherent-annealing-range-by-an-order-of-magnitude (1/1), chunk 1/36
[03:08:09 +8s | thequantuminsider_2023_11_15_d_wave_error_mitigation_demonstration_extends_coherent_annea_82226049] Extracting actors: https://thequantuminsider.com/2023/11/15/d-wave-error-mitigation-demonstration-extends-coherent-annealing-range-by-an-order-of-magnitude (1/1), chunk 2/36
[03:08:15 +14s | thequantuminsider_2023_11_15_d_wave_error_mitigation_demonstration_extends_coherent_annea_82226049] Extracting actors: https://thequantuminsider.com/2023/11/15/d-wave-error-mitigation-demonstration-extends-coherent-annealing-range-by-an-order-of-magnitude (1/1), chunk 3/36
[03:08:21 +20s | thequantuminsider_2023_11_15_d_wave_error_mitigation_demonstration_extends_coherent_annea_82226049] Extracting actors: https://thequantuminsider.com/2023/11/15/d-wave-error-mitigation-demonstration-extends-coherent-annealing-range-by-an-order-of-magnitude (1/1), chunk 4/36
[03:08:25 +24s | thequantuminsider_2023_11_15_d_wave_error_mitigation_demonstration_extends_coherent_annea_82226049] Extracting actors: https://thequantuminsider.com/2023/11/15/d-wave-error-mitigation-demonstration-extends-coherent-annealing-range-by-an-order-of-magnitude (1/1), chunk 5/36
[03:08:29 +28s | thequantuminsider_2023_11_15_d_wave_error_mitigation_demonstration_extends_coherent_annea_82226049] Extracting actors: https://thequantuminsider.com/2023/11/15/d-wave-error-mitigation-demonstration-extends-coherent-annealing-range-by-an-order-of-magnitude (1/1), chunk 6/36
[03:08:33 +33s | thequantuminsider_2023_11_15_d_wave_error_mitigation_demonstration_extends_coherent_annea_82226049] Extracting actors: https://thequantuminsider.com/2023/11/15/d-wave-error-mitigation-demonstration-extends-coherent-annealing-range-by-an-order-of-magnitude (1/1), chunk 7/36
[03:08:38 +38s | thequantuminsider_2023_11_15_d_wave_error_mitigation_demonstration_extends_coherent_annea_82226049] Extracting actors: https://thequantuminsider.com/2023/11/15/d-wave-error-mitigation-demonstration-extends-coherent-annealing-range-by-an-order-of-magnitude (1/1), chunk 8/36
[03:08:44 +45s | thequantuminsider_2023_11_15_d_wave_error_mitigation_demonstration_extends_coherent_annea_82226049] Extracting actors: https://thequantuminsider.com/2023/11/15/d-wave-error-mitigation-demonstration-extends-coherent-annealing-range-by-an-order-of-magnitude (1/1), chunk 9/36
[03:09:07 +1m 8s | thequantuminsider_2023_11_15_d_wave_error_mitigation_demonstration_extends_coherent_annea_82226049] Extracting actors: https://thequantuminsider.com/2023/11/15/d-wave-error-mitigation-demonstration-extends-coherent-annealing-range-by-an-order-of-magnitude (1/1), chunk 10/36
[03:09:10 +1m 13s | thequantuminsider_2023_11_15_d_wave_error_mitigation_demonstration_extends_coherent_annea_82226049] Extracting actors: https://thequantuminsider.com/2023/11/15/d-wave-error-mitigation-demonstration-extends-coherent-annealing-range-by-an-order-of-magnitude (1/1), chunk 11/36
[03:09:21 +1m 23s | thequantuminsider_2023_11_15_d_wave_error_mitigation_demonstration_extends_coherent_annea_82226049] Repaired malformed JSON.
[03:09:21 +1m 23s | thequantuminsider_2023_11_15_d_wave_error_mitigation_demonstration_extends_coherent_annea_82226049] Extracting actors: https://thequantuminsider.com/2023/11/15/d-wave-error-mitigation-demonstration-extends-coherent-annealing-range-by-an-order-of-magnitude (1/1), chunk 12/36
[03:09:27 +1m 30s | thequantuminsider_2023_11_15_d_wave_error_mitigation_demonstration_extends_coherent_annea_82226049] Repaired malformed JSON.
[03:09:27 +1m 30s | thequantuminsider_2023_11_15_d_wave_error_mitigation_demonstration_extends_coherent_annea_82226049] Extracting actors: https://thequantuminsider.com/2023/11/15/d-wave-error-mitigation-demonstration-extends-coherent-annealing-range-by-an-order-of-magnitude (1/1), chunk 13/36
[03:09:34 +1m 36s | thequantuminsider_2023_11_15_d_wave_error_mitigation_demonstration_extends_coherent_annea_82226049] Repaired malformed JSON.
[03:09:34 +1m 36s | thequantuminsider_2023_11_15_d_wave_error_mitigation_demonstration_extends_coherent_annea_82226049] Extracting actors: https://thequantuminsider.com/2023/11/15/d-wave-error-mitigation-demonstration-extends-coherent-annealing-range-by-an-order-of-magnitude (1/1), chunk 14/36
[03:09:41 +1m 44s | thequantuminsider_2023_11_15_d_wave_error_mitigation_demonstration_extends_coherent_annea_82226049] Repaired malformed JSON.
[03:09:41 +1m 44s | thequantuminsider_2023_11_15_d_wave_error_mitigation_demonstration_extends_coherent_annea_82226049] Extracting actors: https://thequantuminsider.com/2023/11/15/d-wave-error-mitigation-demonstration-extends-coherent-annealing-range-by-an-order-of-magnitude (1/1), chunk 15/36
[03:09:50 +1m 54s | thequantuminsider_2023_11_15_d_wave_error_mitigation_demonstration_extends_coherent_annea_82226049] Repaired malformed JSON.
[03:09:50 +1m 54s | thequantuminsider_2023_11_15_d_wave_error_mitigation_demonstration_extends_coherent_annea_82226049] Extracting actors: https://thequantuminsider.com/2023/11/15/d-wave-error-mitigation-demonstration-extends-coherent-annealing-range-by-an-order-of-magnitude (1/1), chunk 16/36
[03:09:57 +2m 1s | thequantuminsider_2023_11_15_d_wave_error_mitigation_demonstration_extends_coherent_annea_82226049] Repaired malformed JSON.
[03:09:57 +2m 1s | thequantuminsider_2023_11_15_d_wave_error_mitigation_demonstration_extends_coherent_annea_82226049] Extracting actors: https://thequantuminsider.com/2023/11/15/d-wave-error-mitigation-demonstration-extends-coherent-annealing-range-by-an-order-of-magnitude (1/1), chunk 17/36
[03:10:04 +2m 8s | thequantuminsider_2023_11_15_d_wave_error_mitigation_demonstration_extends_coherent_annea_82226049] Extracting actors: https://thequantuminsider.com/2023/11/15/d-wave-error-mitigation-demonstration-extends-coherent-annealing-range-by-an-order-of-magnitude (1/1), chunk 18/36
[03:10:11 +2m 17s | thequantuminsider_2023_11_15_d_wave_error_mitigation_demonstration_extends_coherent_annea_82226049] Repaired malformed JSON.
[03:10:11 +2m 17s | thequantuminsider_2023_11_15_d_wave_error_mitigation_demonstration_extends_coherent_annea_82226049] Extracting actors: https://thequantuminsider.com/2023/11/15/d-wave-error-mitigation-demonstration-extends-coherent-annealing-range-by-an-order-of-magnitude (1/1), chunk 19/36
[03:10:20 +2m 26s | thequantuminsider_2023_11_15_d_wave_error_mitigation_demonstration_extends_coherent_annea_82226049] Repaired malformed JSON.
[03:10:20 +2m 26s | thequantuminsider_2023_11_15_d_wave_error_mitigation_demonstration_extends_coherent_annea_82226049] Extracting actors: https://thequantuminsider.com/2023/11/15/d-wave-error-mitigation-demonstration-extends-coherent-annealing-range-by-an-order-of-magnitude (1/1), chunk 20/36
[03:10:27 +2m 32s | thequantuminsider_2023_11_15_d_wave_error_mitigation_demonstration_extends_coherent_annea_82226049] Repaired malformed JSON.
[03:10:27 +2m 32s | thequantuminsider_2023_11_15_d_wave_error_mitigation_demonstration_extends_coherent_annea_82226049] Extracting actors: https://thequantuminsider.com/2023/11/15/d-wave-error-mitigation-demonstration-extends-coherent-annealing-range-by-an-order-of-magnitude (1/1), chunk 21/36
[03:10:36 +2m 41s | thequantuminsider_2023_11_15_d_wave_error_mitigation_demonstration_extends_coherent_annea_82226049] Repaired malformed JSON.
[03:10:36 +2m 41s | thequantuminsider_2023_11_15_d_wave_error_mitigation_demonstration_extends_coherent_annea_82226049] Extracting actors: https://thequantuminsider.com/2023/11/15/d-wave-error-mitigation-demonstration-extends-coherent-annealing-range-by-an-order-of-magnitude (1/1), chunk 22/36
[03:10:43 +2m 50s | thequantuminsider_2023_11_15_d_wave_error_mitigation_demonstration_extends_coherent_annea_82226049] Repaired malformed JSON.
[03:10:43 +2m 50s | thequantuminsider_2023_11_15_d_wave_error_mitigation_demonstration_extends_coherent_annea_82226049] Extracting actors: https://thequantuminsider.com/2023/11/15/d-wave-error-mitigation-demonstration-extends-coherent-annealing-range-by-an-order-of-magnitude (1/1), chunk 23/36
[03:10:50 +2m 57s | thequantuminsider_2023_11_15_d_wave_error_mitigation_demonstration_extends_coherent_annea_82226049] Repaired malformed JSON.
[03:10:50 +2m 57s | thequantuminsider_2023_11_15_d_wave_error_mitigation_demonstration_extends_coherent_annea_82226049] Extracting actors: https://thequantuminsider.com/2023/11/15/d-wave-error-mitigation-demonstration-extends-coherent-annealing-range-by-an-order-of-magnitude (1/1), chunk 24/36
[03:10:56 +3m 3s | thequantuminsider_2023_11_15_d_wave_error_mitigation_demonstration_extends_coherent_annea_82226049] Extracting actors: https://thequantuminsider.com/2023/11/15/d-wave-error-mitigation-demonstration-extends-coherent-annealing-range-by-an-order-of-magnitude (1/1), chunk 25/36
[03:11:05 +3m 11s | thequantuminsider_2023_11_15_d_wave_error_mitigation_demonstration_extends_coherent_annea_82226049] Repaired malformed JSON.
[03:11:05 +3m 11s | thequantuminsider_2023_11_15_d_wave_error_mitigation_demonstration_extends_coherent_annea_82226049] Extracting actors: https://thequantuminsider.com/2023/11/15/d-wave-error-mitigation-demonstration-extends-coherent-annealing-range-by-an-order-of-magnitude (1/1), chunk 26/36
[03:11:10 +3m 17s | thequantuminsider_2023_11_15_d_wave_error_mitigation_demonstration_extends_coherent_annea_82226049] Extracting actors: https://thequantuminsider.com/2023/11/15/d-wave-error-mitigation-demonstration-extends-coherent-annealing-range-by-an-order-of-magnitude (1/1), chunk 27/36
[03:11:15 +3m 23s | thequantuminsider_2023_11_15_d_wave_error_mitigation_demonstration_extends_coherent_annea_82226049] Extracting actors: https://thequantuminsider.com/2023/11/15/d-wave-error-mitigation-demonstration-extends-coherent-annealing-range-by-an-order-of-magnitude (1/1), chunk 28/36
[03:11:21 +3m 29s | thequantuminsider_2023_11_15_d_wave_error_mitigation_demonstration_extends_coherent_annea_82226049] Repaired malformed JSON.
[03:11:21 +3m 29s | thequantuminsider_2023_11_15_d_wave_error_mitigation_demonstration_extends_coherent_annea_82226049] Extracting actors: https://thequantuminsider.com/2023/11/15/d-wave-error-mitigation-demonstration-extends-coherent-annealing-range-by-an-order-of-magnitude (1/1), chunk 29/36
[03:11:28 +3m 36s | thequantuminsider_2023_11_15_d_wave_error_mitigation_demonstration_extends_coherent_annea_82226049] Repaired malformed JSON.
[03:11:28 +3m 36s | thequantuminsider_2023_11_15_d_wave_error_mitigation_demonstration_extends_coherent_annea_82226049] Extracting actors: https://thequantuminsider.com/2023/11/15/d-wave-error-mitigation-demonstration-extends-coherent-annealing-range-by-an-order-of-magnitude (1/1), chunk 30/36
[03:11:33 +3m 41s | thequantuminsider_2023_11_15_d_wave_error_mitigation_demonstration_extends_coherent_annea_82226049] Repaired malformed JSON.
[03:11:33 +3m 41s | thequantuminsider_2023_11_15_d_wave_error_mitigation_demonstration_extends_coherent_annea_82226049] Extracting actors: https://thequantuminsider.com/2023/11/15/d-wave-error-mitigation-demonstration-extends-coherent-annealing-range-by-an-order-of-magnitude (1/1), chunk 31/36
[03:11:41 +3m 49s | thequantuminsider_2023_11_15_d_wave_error_mitigation_demonstration_extends_coherent_annea_82226049] Repaired malformed JSON.
[03:11:41 +3m 49s | thequantuminsider_2023_11_15_d_wave_error_mitigation_demonstration_extends_coherent_annea_82226049] Extracting actors: https://thequantuminsider.com/2023/11/15/d-wave-error-mitigation-demonstration-extends-coherent-annealing-range-by-an-order-of-magnitude (1/1), chunk 32/36
[03:11:46 +3m 56s | thequantuminsider_2023_11_15_d_wave_error_mitigation_demonstration_extends_coherent_annea_82226049] Repaired malformed JSON.
[03:11:46 +3m 56s | thequantuminsider_2023_11_15_d_wave_error_mitigation_demonstration_extends_coherent_annea_82226049] Extracting actors: https://thequantuminsider.com/2023/11/15/d-wave-error-mitigation-demonstration-extends-coherent-annealing-range-by-an-order-of-magnitude (1/1), chunk 33/36
[03:11:52 +4m 2s | thequantuminsider_2023_11_15_d_wave_error_mitigation_demonstration_extends_coherent_annea_82226049] Repaired malformed JSON.
[03:11:52 +4m 2s | thequantuminsider_2023_11_15_d_wave_error_mitigation_demonstration_extends_coherent_annea_82226049] Extracting actors: https://thequantuminsider.com/2023/11/15/d-wave-error-mitigation-demonstration-extends-coherent-annealing-range-by-an-order-of-magnitude (1/1), chunk 34/36
[03:11:59 +4m 9s | thequantuminsider_2023_11_15_d_wave_error_mitigation_demonstration_extends_coherent_annea_82226049] Repaired malformed JSON.
[03:11:59 +4m 9s | thequantuminsider_2023_11_15_d_wave_error_mitigation_demonstration_extends_coherent_annea_82226049] Extracting actors: https://thequantuminsider.com/2023/11/15/d-wave-error-mitigation-demonstration-extends-coherent-annealing-range-by-an-order-of-magnitude (1/1), chunk 35/36
[03:12:07 +4m 16s | thequantuminsider_2023_11_15_d_wave_error_mitigation_demonstration_extends_coherent_annea_82226049] Repaired malformed JSON.
[03:12:07 +4m 16s | thequantuminsider_2023_11_15_d_wave_error_mitigation_demonstration_extends_coherent_annea_82226049] Extracting actors: https://thequantuminsider.com/2023/11/15/d-wave-error-mitigation-demonstration-extends-coherent-annealing-range-by-an-order-of-magnitude (1/1), chunk 36/36
[03:12:13 +4m 24s | thequantuminsider_2023_11_15_d_wave_error_mitigation_demonstration_extends_coherent_annea_82226049] Repaired malformed JSON.
[03:12:13 +4m 24s | thequantuminsider_2023_11_15_d_wave_error_mitigation_demonstration_extends_coherent_annea_82226049] Saved 1_actor_results.json with 51 extracted records

[03:12:13 +4m 24s | thequantuminsider_2023_11_15_d_wave_error_mitigation_demonstration_extends_coherent_annea_82226049] === 2 clean actors ===
[03:12:13 +4m 24s | thequantuminsider_2023_11_15_d_wave_error_mitigation_demonstration_extends_coherent_annea_82226049] Loaded 51 extracted records
[03:12:13 +4m 24s | thequantuminsider_2023_11_15_d_wave_error_mitigation_demonstration_extends_coherent_annea_82226049] Saved 2_actor_nodes.json with 17 canonical actor nodes

[03:12:13 +4m 24s | thequantuminsider_2023_11_15_d_wave_error_mitigation_demonstration_extends_coherent_annea_82226049] === 3 interaction extraction ===
[03:12:14 +4m 25s | thequantuminsider_2023_11_15_d_wave_error_mitigation_demonstration_extends_coherent_annea_82226049] Extracting interactions: https://thequantuminsider.com/2023/11/15/d-wave-error-mitigation-demonstration-extends-coherent-annealing-range-by-an-order-of-magnitude (1/1), chunk 11/36
[03:12:18 +4m 29s | thequantuminsider_2023_11_15_d_wave_error_mitigation_demonstration_extends_coherent_annea_82226049] Extracting interactions: https://thequantuminsider.com/2023/11/15/d-wave-error-mitigation-demonstration-extends-coherent-annealing-range-by-an-order-of-magnitude (1/1), chunk 13/36
[03:12:21 +4m 32s | thequantuminsider_2023_11_15_d_wave_error_mitigation_demonstration_extends_coherent_annea_82226049] Extracting interactions: https://thequantuminsider.com/2023/11/15/d-wave-error-mitigation-demonstration-extends-coherent-annealing-range-by-an-order-of-magnitude (1/1), chunk 14/36
[03:12:27 +4m 38s | thequantuminsider_2023_11_15_d_wave_error_mitigation_demonstration_extends_coherent_annea_82226049] Extracting interactions: https://thequantuminsider.com/2023/11/15/d-wave-error-mitigation-demonstration-extends-coherent-annealing-range-by-an-order-of-magnitude (1/1), chunk 15/36
[03:12:32 +4m 43s | thequantuminsider_2023_11_15_d_wave_error_mitigation_demonstration_extends_coherent_annea_82226049] Extracting interactions: https://thequantuminsider.com/2023/11/15/d-wave-error-mitigation-demonstration-extends-coherent-annealing-range-by-an-order-of-magnitude (1/1), chunk 16/36
[03:12:34 +4m 45s | thequantuminsider_2023_11_15_d_wave_error_mitigation_demonstration_extends_coherent_annea_82226049] Extracting interactions: https://thequantuminsider.com/2023/11/15/d-wave-error-mitigation-demonstration-extends-coherent-annealing-range-by-an-order-of-magnitude (1/1), chunk 18/36
[03:12:36 +4m 47s | thequantuminsider_2023_11_15_d_wave_error_mitigation_demonstration_extends_coherent_annea_82226049] Extracting interactions: https://thequantuminsider.com/2023/11/15/d-wave-error-mitigation-demonstration-extends-coherent-annealing-range-by-an-order-of-magnitude (1/1), chunk 19/36
[03:12:37 +4m 48s | thequantuminsider_2023_11_15_d_wave_error_mitigation_demonstration_extends_coherent_annea_82226049] Extracting interactions: https://thequantuminsider.com/2023/11/15/d-wave-error-mitigation-demonstration-extends-coherent-annealing-range-by-an-order-of-magnitude (1/1), chunk 20/36
[03:12:43 +4m 55s | thequantuminsider_2023_11_15_d_wave_error_mitigation_demonstration_extends_coherent_annea_82226049] Extracting interactions: https://thequantuminsider.com/2023/11/15/d-wave-error-mitigation-demonstration-extends-coherent-annealing-range-by-an-order-of-magnitude (1/1), chunk 21/36
[03:12:48 +5m 1s | thequantuminsider_2023_11_15_d_wave_error_mitigation_demonstration_extends_coherent_annea_82226049] Extracting interactions: https://thequantuminsider.com/2023/11/15/d-wave-error-mitigation-demonstration-extends-coherent-annealing-range-by-an-order-of-magnitude (1/1), chunk 22/36
[03:12:55 +5m 7s | thequantuminsider_2023_11_15_d_wave_error_mitigation_demonstration_extends_coherent_annea_82226049] Extracting interactions: https://thequantuminsider.com/2023/11/15/d-wave-error-mitigation-demonstration-extends-coherent-annealing-range-by-an-order-of-magnitude (1/1), chunk 24/36
[03:13:04 +5m 17s | thequantuminsider_2023_11_15_d_wave_error_mitigation_demonstration_extends_coherent_annea_82226049] Extracting interactions: https://thequantuminsider.com/2023/11/15/d-wave-error-mitigation-demonstration-extends-coherent-annealing-range-by-an-order-of-magnitude (1/1), chunk 25/36
[03:13:08 +5m 20s | thequantuminsider_2023_11_15_d_wave_error_mitigation_demonstration_extends_coherent_annea_82226049] Extracting interactions: https://thequantuminsider.com/2023/11/15/d-wave-error-mitigation-demonstration-extends-coherent-annealing-range-by-an-order-of-magnitude (1/1), chunk 26/36
[03:13:12 +5m 24s | thequantuminsider_2023_11_15_d_wave_error_mitigation_demonstration_extends_coherent_annea_82226049] Extracting interactions: https://thequantuminsider.com/2023/11/15/d-wave-error-mitigation-demonstration-extends-coherent-annealing-range-by-an-order-of-magnitude (1/1), chunk 27/36
[03:13:13 +5m 26s | thequantuminsider_2023_11_15_d_wave_error_mitigation_demonstration_extends_coherent_annea_82226049] Extracting interactions: https://thequantuminsider.com/2023/11/15/d-wave-error-mitigation-demonstration-extends-coherent-annealing-range-by-an-order-of-magnitude (1/1), chunk 29/36
[03:13:44 +5m 59s | thequantuminsider_2023_11_15_d_wave_error_mitigation_demonstration_extends_coherent_annea_82226049] Extracting interactions: https://thequantuminsider.com/2023/11/15/d-wave-error-mitigation-demonstration-extends-coherent-annealing-range-by-an-order-of-magnitude (1/1), chunk 30/36
[03:13:46 +6m 2s | thequantuminsider_2023_11_15_d_wave_error_mitigation_demonstration_extends_coherent_annea_82226049] Extracting interactions: https://thequantuminsider.com/2023/11/15/d-wave-error-mitigation-demonstration-extends-coherent-annealing-range-by-an-order-of-magnitude (1/1), chunk 31/36
[03:13:48 +6m 4s | thequantuminsider_2023_11_15_d_wave_error_mitigation_demonstration_extends_coherent_annea_82226049] Extracting interactions: https://thequantuminsider.com/2023/11/15/d-wave-error-mitigation-demonstration-extends-coherent-annealing-range-by-an-order-of-magnitude (1/1), chunk 32/36
[03:13:51 +6m 6s | thequantuminsider_2023_11_15_d_wave_error_mitigation_demonstration_extends_coherent_annea_82226049] Extracting interactions: https://thequantuminsider.com/2023/11/15/d-wave-error-mitigation-demonstration-extends-coherent-annealing-range-by-an-order-of-magnitude (1/1), chunk 33/36
[03:13:52 +6m 7s | thequantuminsider_2023_11_15_d_wave_error_mitigation_demonstration_extends_coherent_annea_82226049] Extracting interactions: https://thequantuminsider.com/2023/11/15/d-wave-error-mitigation-demonstration-extends-coherent-annealing-range-by-an-order-of-magnitude (1/1), chunk 34/36
[03:13:53 +6m 9s | thequantuminsider_2023_11_15_d_wave_error_mitigation_demonstration_extends_coherent_annea_82226049] Extracting interactions: https://thequantuminsider.com/2023/11/15/d-wave-error-mitigation-demonstration-extends-coherent-annealing-range-by-an-order-of-magnitude (1/1), chunk 35/36
[03:13:55 +6m 11s | thequantuminsider_2023_11_15_d_wave_error_mitigation_demonstration_extends_coherent_annea_82226049] Extracting interactions: https://thequantuminsider.com/2023/11/15/d-wave-error-mitigation-demonstration-extends-coherent-annealing-range-by-an-order-of-magnitude (1/1), chunk 36/36
[03:13:57 +6m 12s | thequantuminsider_2023_11_15_d_wave_error_mitigation_demonstration_extends_coherent_annea_82226049] Saved 3_interaction_results.json with 13 extracted interactions.

[03:13:57 +6m 12s | thequantuminsider_2023_11_15_d_wave_error_mitigation_demonstration_extends_coherent_annea_82226049] === 4 clean interactions ===
[03:13:57 +6m 12s | thequantuminsider_2023_11_15_d_wave_error_mitigation_demonstration_extends_coherent_annea_82226049] Saved 4_edges.json with 0 cleaned interactions.

[03:13:57 +6m 12s | thequantuminsider_2023_11_15_d_wave_error_mitigation_demonstration_extends_coherent_annea_82226049] === 5 helix enrichment ===
[03:13:57 +6m 12s | thequantuminsider_2023_11_15_d_wave_error_mitigation_demonstration_extends_coherent_annea_82226049] Wrote 5_nodes.json (17 actors)
[03:13:57 +6m 12s | thequantuminsider_2023_11_15_d_wave_error_mitigation_demonstration_extends_coherent_annea_82226049] Wrote 5_edges.json (0 interactions)
[03:13:57 +6m 12s | thequantuminsider_2023_11_15_d_wave_error_mitigation_demonstration_extends_coherent_annea_82226049] Actor helix counts: {'Academia': 1, 'Civil Society': 3, 'Industry': 4, 'Intermediary': 1, 'Unknown': 8}
[03:13:57 +6m 12s | thequantuminsider_2023_11_15_d_wave_error_mitigation_demonstration_extends_coherent_annea_82226049] Functional-space counts: {}

[03:13:57 +6m 12s | thequantuminsider_2023_11_15_d_wave_error_mitigation_demonstration_extends_coherent_annea_82226049] === 6 network visualisation ===
[03:13:57 +6m 13s | thequantuminsider_2023_11_15_d_wave_error_mitigation_demonstration_extends_coherent_annea_82226049] Wrote quantum_network.html
[03:13:57 +6m 13s | thequantuminsider_2023_11_15_d_wave_error_mitigation_demonstration_extends_coherent_annea_82226049] Nodes: 17
[03:13:57 +6m 13s | thequantuminsider_2023_11_15_d_wave_error_mitigation_demonstration_extends_coherent_annea_82226049] Edges: 0

[03:13:57 +6m 13s | thequantuminsider_2023_11_15_d_wave_error_mitigation_demonstration_extends_coherent_annea_82226049] Done. Outputs written to: /home/lv/IDP/idpdeeptech/pipeline/news_outputs/thequantuminsider_2023_11_15_d_wave_error_mitigation_demonstration_extends_coherent_annea_82226049
[03:13:57 +6m 13s | thequantuminsider_2023_11_15_d_wave_error_mitigation_demonstration_extends_coherent_annea_82226049] Log: /home/lv/IDP/idpdeeptech/pipeline/news_outputs/thequantuminsider_2023_11_15_d_wave_error_mitigation_demonstration_extends_coherent_annea_82226049/run.log

========================================================================
RUN FINISHED 2026-07-05 03:13:57  (OK)
Started:     2026-07-05 03:08:02
Elapsed:     6m 13s
========================================================================
