
========================================================================
RUN STARTED  2026-07-05 02:07:05
site_pipeline.py https://thequantuminsider.com/2023/11/30/first-six-companies-enter-the-deep-tech-lab-quantum-start-up-accelerator/
========================================================================

[02:07:05 +0s | thequantuminsider_2023_11_30_first_six_companies_enter_the_deep_tech_lab_quantum_start_up_2a9c9414] === 0 crawl site ===
[02:07:07 +2s | thequantuminsider_2023_11_30_first_six_companies_enter_the_deep_tech_lab_quantum_start_up_2a9c9414] [INIT].... → Crawl4AI 0.8.6 
[02:07:09 +4s | thequantuminsider_2023_11_30_first_six_companies_enter_the_deep_tech_lab_quantum_start_up_2a9c9414] [FETCH]... ↓ https://thequantuminsider.com/2023/11/30/first-s...-the-deep-tech-lab-quantum-start-up-accelerator/  | ✓ | ⏱: 2.16s 
[02:07:09 +4s | thequantuminsider_2023_11_30_first_six_companies_enter_the_deep_tech_lab_quantum_start_up_2a9c9414] [SCRAPE].. ◆ https://thequantuminsider.com/2023/11/30/first-s...-the-deep-tech-lab-quantum-start-up-accelerator/  | ✓ | ⏱: 0.12s 
[02:07:09 +4s | thequantuminsider_2023_11_30_first_six_companies_enter_the_deep_tech_lab_quantum_start_up_2a9c9414] [COMPLETE] ● https://thequantuminsider.com/2023/11/30/first-s...-the-deep-tech-lab-quantum-start-up-accelerator/  | ✓ | ⏱: 2.30s 
[02:07:09 +4s | thequantuminsider_2023_11_30_first_six_companies_enter_the_deep_tech_lab_quantum_start_up_2a9c9414] Saved: crawl_output/f4fc340b6e_thequantuminsider.com_2023_11_30_first-six-companies-enter-the-deep-tech-lab-quantum-start-up-accelerator.json

[02:07:10 +5s | thequantuminsider_2023_11_30_first_six_companies_enter_the_deep_tech_lab_quantum_start_up_2a9c9414] === 1 actor extraction ===
[02:07:10 +5s | thequantuminsider_2023_11_30_first_six_companies_enter_the_deep_tech_lab_quantum_start_up_2a9c9414] Reading page (1/1): https://thequantuminsider.com/2023/11/30/first-six-companies-enter-the-deep-tech-lab-quantum-start-up-accelerator
[02:07:10 +5s | thequantuminsider_2023_11_30_first_six_companies_enter_the_deep_tech_lab_quantum_start_up_2a9c9414] Extracting actors: https://thequantuminsider.com/2023/11/30/first-six-companies-enter-the-deep-tech-lab-quantum-start-up-accelerator (1/1), chunk 1/38
[02:07:15 +11s | thequantuminsider_2023_11_30_first_six_companies_enter_the_deep_tech_lab_quantum_start_up_2a9c9414] Extracting actors: https://thequantuminsider.com/2023/11/30/first-six-companies-enter-the-deep-tech-lab-quantum-start-up-accelerator (1/1), chunk 2/38
[02:07:22 +18s | thequantuminsider_2023_11_30_first_six_companies_enter_the_deep_tech_lab_quantum_start_up_2a9c9414] Extracting actors: https://thequantuminsider.com/2023/11/30/first-six-companies-enter-the-deep-tech-lab-quantum-start-up-accelerator (1/1), chunk 3/38
[02:07:29 +26s | thequantuminsider_2023_11_30_first_six_companies_enter_the_deep_tech_lab_quantum_start_up_2a9c9414] Repaired malformed JSON.
[02:07:29 +26s | thequantuminsider_2023_11_30_first_six_companies_enter_the_deep_tech_lab_quantum_start_up_2a9c9414] Extracting actors: https://thequantuminsider.com/2023/11/30/first-six-companies-enter-the-deep-tech-lab-quantum-start-up-accelerator (1/1), chunk 4/38
[02:07:38 +34s | thequantuminsider_2023_11_30_first_six_companies_enter_the_deep_tech_lab_quantum_start_up_2a9c9414] Extracting actors: https://thequantuminsider.com/2023/11/30/first-six-companies-enter-the-deep-tech-lab-quantum-start-up-accelerator (1/1), chunk 5/38
[02:07:56 +53s | thequantuminsider_2023_11_30_first_six_companies_enter_the_deep_tech_lab_quantum_start_up_2a9c9414] Extracting actors: https://thequantuminsider.com/2023/11/30/first-six-companies-enter-the-deep-tech-lab-quantum-start-up-accelerator (1/1), chunk 6/38
[02:08:23 +1m 22s | thequantuminsider_2023_11_30_first_six_companies_enter_the_deep_tech_lab_quantum_start_up_2a9c9414] Repaired malformed JSON.
[02:08:23 +1m 22s | thequantuminsider_2023_11_30_first_six_companies_enter_the_deep_tech_lab_quantum_start_up_2a9c9414] Extracting actors: https://thequantuminsider.com/2023/11/30/first-six-companies-enter-the-deep-tech-lab-quantum-start-up-accelerator (1/1), chunk 7/38
[02:08:29 +1m 27s | thequantuminsider_2023_11_30_first_six_companies_enter_the_deep_tech_lab_quantum_start_up_2a9c9414] Extracting actors: https://thequantuminsider.com/2023/11/30/first-six-companies-enter-the-deep-tech-lab-quantum-start-up-accelerator (1/1), chunk 8/38
[02:09:23 +2m 24s | thequantuminsider_2023_11_30_first_six_companies_enter_the_deep_tech_lab_quantum_start_up_2a9c9414] Extracting actors: https://thequantuminsider.com/2023/11/30/first-six-companies-enter-the-deep-tech-lab-quantum-start-up-accelerator (1/1), chunk 9/38
[02:09:30 +2m 31s | thequantuminsider_2023_11_30_first_six_companies_enter_the_deep_tech_lab_quantum_start_up_2a9c9414] Extracting actors: https://thequantuminsider.com/2023/11/30/first-six-companies-enter-the-deep-tech-lab-quantum-start-up-accelerator (1/1), chunk 10/38
[02:09:37 +2m 39s | thequantuminsider_2023_11_30_first_six_companies_enter_the_deep_tech_lab_quantum_start_up_2a9c9414] Repaired malformed JSON.
[02:09:37 +2m 39s | thequantuminsider_2023_11_30_first_six_companies_enter_the_deep_tech_lab_quantum_start_up_2a9c9414] Extracting actors: https://thequantuminsider.com/2023/11/30/first-six-companies-enter-the-deep-tech-lab-quantum-start-up-accelerator (1/1), chunk 11/38
[02:09:45 +2m 46s | thequantuminsider_2023_11_30_first_six_companies_enter_the_deep_tech_lab_quantum_start_up_2a9c9414] Repaired malformed JSON.
[02:09:45 +2m 46s | thequantuminsider_2023_11_30_first_six_companies_enter_the_deep_tech_lab_quantum_start_up_2a9c9414] Extracting actors: https://thequantuminsider.com/2023/11/30/first-six-companies-enter-the-deep-tech-lab-quantum-start-up-accelerator (1/1), chunk 12/38
[02:09:51 +2m 53s | thequantuminsider_2023_11_30_first_six_companies_enter_the_deep_tech_lab_quantum_start_up_2a9c9414] Repaired malformed JSON.
[02:09:51 +2m 53s | thequantuminsider_2023_11_30_first_six_companies_enter_the_deep_tech_lab_quantum_start_up_2a9c9414] Extracting actors: https://thequantuminsider.com/2023/11/30/first-six-companies-enter-the-deep-tech-lab-quantum-start-up-accelerator (1/1), chunk 13/38
[02:10:00 +3m 3s | thequantuminsider_2023_11_30_first_six_companies_enter_the_deep_tech_lab_quantum_start_up_2a9c9414] Repaired malformed JSON.
[02:10:00 +3m 3s | thequantuminsider_2023_11_30_first_six_companies_enter_the_deep_tech_lab_quantum_start_up_2a9c9414] Extracting actors: https://thequantuminsider.com/2023/11/30/first-six-companies-enter-the-deep-tech-lab-quantum-start-up-accelerator (1/1), chunk 14/38
[02:10:11 +3m 13s | thequantuminsider_2023_11_30_first_six_companies_enter_the_deep_tech_lab_quantum_start_up_2a9c9414] Repaired malformed JSON.
[02:10:11 +3m 13s | thequantuminsider_2023_11_30_first_six_companies_enter_the_deep_tech_lab_quantum_start_up_2a9c9414] Extracting actors: https://thequantuminsider.com/2023/11/30/first-six-companies-enter-the-deep-tech-lab-quantum-start-up-accelerator (1/1), chunk 15/38
[02:10:36 +3m 40s | thequantuminsider_2023_11_30_first_six_companies_enter_the_deep_tech_lab_quantum_start_up_2a9c9414] Repaired malformed JSON.
[02:10:36 +3m 40s | thequantuminsider_2023_11_30_first_six_companies_enter_the_deep_tech_lab_quantum_start_up_2a9c9414] Extracting actors: https://thequantuminsider.com/2023/11/30/first-six-companies-enter-the-deep-tech-lab-quantum-start-up-accelerator (1/1), chunk 16/38
[02:10:44 +3m 47s | thequantuminsider_2023_11_30_first_six_companies_enter_the_deep_tech_lab_quantum_start_up_2a9c9414] Repaired malformed JSON.
[02:10:44 +3m 47s | thequantuminsider_2023_11_30_first_six_companies_enter_the_deep_tech_lab_quantum_start_up_2a9c9414] Extracting actors: https://thequantuminsider.com/2023/11/30/first-six-companies-enter-the-deep-tech-lab-quantum-start-up-accelerator (1/1), chunk 17/38
[02:10:52 +3m 57s | thequantuminsider_2023_11_30_first_six_companies_enter_the_deep_tech_lab_quantum_start_up_2a9c9414] Repaired malformed JSON.
[02:10:52 +3m 57s | thequantuminsider_2023_11_30_first_six_companies_enter_the_deep_tech_lab_quantum_start_up_2a9c9414] Extracting actors: https://thequantuminsider.com/2023/11/30/first-six-companies-enter-the-deep-tech-lab-quantum-start-up-accelerator (1/1), chunk 18/38
[02:11:01 +4m 6s | thequantuminsider_2023_11_30_first_six_companies_enter_the_deep_tech_lab_quantum_start_up_2a9c9414] Repaired malformed JSON.
[02:11:01 +4m 6s | thequantuminsider_2023_11_30_first_six_companies_enter_the_deep_tech_lab_quantum_start_up_2a9c9414] Extracting actors: https://thequantuminsider.com/2023/11/30/first-six-companies-enter-the-deep-tech-lab-quantum-start-up-accelerator (1/1), chunk 19/38
[02:11:06 +4m 11s | thequantuminsider_2023_11_30_first_six_companies_enter_the_deep_tech_lab_quantum_start_up_2a9c9414] Extracting actors: https://thequantuminsider.com/2023/11/30/first-six-companies-enter-the-deep-tech-lab-quantum-start-up-accelerator (1/1), chunk 20/38
[02:11:17 +4m 21s | thequantuminsider_2023_11_30_first_six_companies_enter_the_deep_tech_lab_quantum_start_up_2a9c9414] Repaired malformed JSON.
[02:11:17 +4m 21s | thequantuminsider_2023_11_30_first_six_companies_enter_the_deep_tech_lab_quantum_start_up_2a9c9414] Extracting actors: https://thequantuminsider.com/2023/11/30/first-six-companies-enter-the-deep-tech-lab-quantum-start-up-accelerator (1/1), chunk 21/38
[02:11:25 +4m 31s | thequantuminsider_2023_11_30_first_six_companies_enter_the_deep_tech_lab_quantum_start_up_2a9c9414] Repaired malformed JSON.
[02:11:25 +4m 31s | thequantuminsider_2023_11_30_first_six_companies_enter_the_deep_tech_lab_quantum_start_up_2a9c9414] Extracting actors: https://thequantuminsider.com/2023/11/30/first-six-companies-enter-the-deep-tech-lab-quantum-start-up-accelerator (1/1), chunk 22/38
[02:11:35 +4m 41s | thequantuminsider_2023_11_30_first_six_companies_enter_the_deep_tech_lab_quantum_start_up_2a9c9414] Repaired malformed JSON.
[02:11:35 +4m 41s | thequantuminsider_2023_11_30_first_six_companies_enter_the_deep_tech_lab_quantum_start_up_2a9c9414] Extracting actors: https://thequantuminsider.com/2023/11/30/first-six-companies-enter-the-deep-tech-lab-quantum-start-up-accelerator (1/1), chunk 23/38
[02:11:43 +4m 49s | thequantuminsider_2023_11_30_first_six_companies_enter_the_deep_tech_lab_quantum_start_up_2a9c9414] Repaired malformed JSON.
[02:11:43 +4m 49s | thequantuminsider_2023_11_30_first_six_companies_enter_the_deep_tech_lab_quantum_start_up_2a9c9414] Extracting actors: https://thequantuminsider.com/2023/11/30/first-six-companies-enter-the-deep-tech-lab-quantum-start-up-accelerator (1/1), chunk 24/38
[02:12:00 +5m 7s | thequantuminsider_2023_11_30_first_six_companies_enter_the_deep_tech_lab_quantum_start_up_2a9c9414] Repaired malformed JSON.
[02:12:00 +5m 7s | thequantuminsider_2023_11_30_first_six_companies_enter_the_deep_tech_lab_quantum_start_up_2a9c9414] Extracting actors: https://thequantuminsider.com/2023/11/30/first-six-companies-enter-the-deep-tech-lab-quantum-start-up-accelerator (1/1), chunk 25/38
[02:12:11 +5m 18s | thequantuminsider_2023_11_30_first_six_companies_enter_the_deep_tech_lab_quantum_start_up_2a9c9414] Repaired malformed JSON.
[02:12:11 +5m 18s | thequantuminsider_2023_11_30_first_six_companies_enter_the_deep_tech_lab_quantum_start_up_2a9c9414] Extracting actors: https://thequantuminsider.com/2023/11/30/first-six-companies-enter-the-deep-tech-lab-quantum-start-up-accelerator (1/1), chunk 26/38
[02:12:16 +5m 23s | thequantuminsider_2023_11_30_first_six_companies_enter_the_deep_tech_lab_quantum_start_up_2a9c9414] Extracting actors: https://thequantuminsider.com/2023/11/30/first-six-companies-enter-the-deep-tech-lab-quantum-start-up-accelerator (1/1), chunk 27/38
[02:12:22 +5m 29s | thequantuminsider_2023_11_30_first_six_companies_enter_the_deep_tech_lab_quantum_start_up_2a9c9414] Repaired malformed JSON.
[02:12:22 +5m 29s | thequantuminsider_2023_11_30_first_six_companies_enter_the_deep_tech_lab_quantum_start_up_2a9c9414] Extracting actors: https://thequantuminsider.com/2023/11/30/first-six-companies-enter-the-deep-tech-lab-quantum-start-up-accelerator (1/1), chunk 28/38
[02:12:25 +5m 33s | thequantuminsider_2023_11_30_first_six_companies_enter_the_deep_tech_lab_quantum_start_up_2a9c9414] Extracting actors: https://thequantuminsider.com/2023/11/30/first-six-companies-enter-the-deep-tech-lab-quantum-start-up-accelerator (1/1), chunk 29/38
[02:12:48 +5m 57s | thequantuminsider_2023_11_30_first_six_companies_enter_the_deep_tech_lab_quantum_start_up_2a9c9414] Extracting actors: https://thequantuminsider.com/2023/11/30/first-six-companies-enter-the-deep-tech-lab-quantum-start-up-accelerator (1/1), chunk 30/38
[02:12:52 +6m 0s | thequantuminsider_2023_11_30_first_six_companies_enter_the_deep_tech_lab_quantum_start_up_2a9c9414] Extracting actors: https://thequantuminsider.com/2023/11/30/first-six-companies-enter-the-deep-tech-lab-quantum-start-up-accelerator (1/1), chunk 31/38
[02:13:00 +6m 9s | thequantuminsider_2023_11_30_first_six_companies_enter_the_deep_tech_lab_quantum_start_up_2a9c9414] Repaired malformed JSON.
[02:13:00 +6m 9s | thequantuminsider_2023_11_30_first_six_companies_enter_the_deep_tech_lab_quantum_start_up_2a9c9414] Extracting actors: https://thequantuminsider.com/2023/11/30/first-six-companies-enter-the-deep-tech-lab-quantum-start-up-accelerator (1/1), chunk 32/38
[02:13:10 +6m 20s | thequantuminsider_2023_11_30_first_six_companies_enter_the_deep_tech_lab_quantum_start_up_2a9c9414] Repaired malformed JSON.
[02:13:10 +6m 20s | thequantuminsider_2023_11_30_first_six_companies_enter_the_deep_tech_lab_quantum_start_up_2a9c9414] Extracting actors: https://thequantuminsider.com/2023/11/30/first-six-companies-enter-the-deep-tech-lab-quantum-start-up-accelerator (1/1), chunk 33/38
[02:13:15 +6m 24s | thequantuminsider_2023_11_30_first_six_companies_enter_the_deep_tech_lab_quantum_start_up_2a9c9414] Extracting actors: https://thequantuminsider.com/2023/11/30/first-six-companies-enter-the-deep-tech-lab-quantum-start-up-accelerator (1/1), chunk 34/38
[02:13:22 +6m 31s | thequantuminsider_2023_11_30_first_six_companies_enter_the_deep_tech_lab_quantum_start_up_2a9c9414] Repaired malformed JSON.
[02:13:22 +6m 31s | thequantuminsider_2023_11_30_first_six_companies_enter_the_deep_tech_lab_quantum_start_up_2a9c9414] Extracting actors: https://thequantuminsider.com/2023/11/30/first-six-companies-enter-the-deep-tech-lab-quantum-start-up-accelerator (1/1), chunk 35/38
[02:13:27 +6m 38s | thequantuminsider_2023_11_30_first_six_companies_enter_the_deep_tech_lab_quantum_start_up_2a9c9414] Repaired malformed JSON.
[02:13:27 +6m 38s | thequantuminsider_2023_11_30_first_six_companies_enter_the_deep_tech_lab_quantum_start_up_2a9c9414] Extracting actors: https://thequantuminsider.com/2023/11/30/first-six-companies-enter-the-deep-tech-lab-quantum-start-up-accelerator (1/1), chunk 36/38
[02:13:33 +6m 44s | thequantuminsider_2023_11_30_first_six_companies_enter_the_deep_tech_lab_quantum_start_up_2a9c9414] Repaired malformed JSON.
[02:13:33 +6m 44s | thequantuminsider_2023_11_30_first_six_companies_enter_the_deep_tech_lab_quantum_start_up_2a9c9414] Extracting actors: https://thequantuminsider.com/2023/11/30/first-six-companies-enter-the-deep-tech-lab-quantum-start-up-accelerator (1/1), chunk 37/38
[02:13:43 +6m 53s | thequantuminsider_2023_11_30_first_six_companies_enter_the_deep_tech_lab_quantum_start_up_2a9c9414] Repaired malformed JSON.
[02:13:43 +6m 53s | thequantuminsider_2023_11_30_first_six_companies_enter_the_deep_tech_lab_quantum_start_up_2a9c9414] Extracting actors: https://thequantuminsider.com/2023/11/30/first-six-companies-enter-the-deep-tech-lab-quantum-start-up-accelerator (1/1), chunk 38/38
[02:13:51 +7m 2s | thequantuminsider_2023_11_30_first_six_companies_enter_the_deep_tech_lab_quantum_start_up_2a9c9414] Repaired malformed JSON.
[02:13:51 +7m 2s | thequantuminsider_2023_11_30_first_six_companies_enter_the_deep_tech_lab_quantum_start_up_2a9c9414] Saved 1_actor_results.json with 56 extracted records

[02:13:51 +7m 2s | thequantuminsider_2023_11_30_first_six_companies_enter_the_deep_tech_lab_quantum_start_up_2a9c9414] === 2 clean actors ===
[02:13:51 +7m 2s | thequantuminsider_2023_11_30_first_six_companies_enter_the_deep_tech_lab_quantum_start_up_2a9c9414] Loaded 56 extracted records
[02:13:51 +7m 2s | thequantuminsider_2023_11_30_first_six_companies_enter_the_deep_tech_lab_quantum_start_up_2a9c9414] Saved 2_actor_nodes.json with 18 canonical actor nodes

[02:13:51 +7m 2s | thequantuminsider_2023_11_30_first_six_companies_enter_the_deep_tech_lab_quantum_start_up_2a9c9414] === 3 interaction extraction ===
[02:13:51 +7m 2s | thequantuminsider_2023_11_30_first_six_companies_enter_the_deep_tech_lab_quantum_start_up_2a9c9414] Extracting interactions: https://thequantuminsider.com/2023/11/30/first-six-companies-enter-the-deep-tech-lab-quantum-start-up-accelerator (1/1), chunk 11/38
[02:14:00 +7m 12s | thequantuminsider_2023_11_30_first_six_companies_enter_the_deep_tech_lab_quantum_start_up_2a9c9414] Extracting interactions: https://thequantuminsider.com/2023/11/30/first-six-companies-enter-the-deep-tech-lab-quantum-start-up-accelerator (1/1), chunk 12/38
[02:14:14 +7m 25s | thequantuminsider_2023_11_30_first_six_companies_enter_the_deep_tech_lab_quantum_start_up_2a9c9414] Extracting interactions: https://thequantuminsider.com/2023/11/30/first-six-companies-enter-the-deep-tech-lab-quantum-start-up-accelerator (1/1), chunk 13/38
[02:14:20 +7m 32s | thequantuminsider_2023_11_30_first_six_companies_enter_the_deep_tech_lab_quantum_start_up_2a9c9414] Extracting interactions: https://thequantuminsider.com/2023/11/30/first-six-companies-enter-the-deep-tech-lab-quantum-start-up-accelerator (1/1), chunk 14/38
[02:14:34 +7m 47s | thequantuminsider_2023_11_30_first_six_companies_enter_the_deep_tech_lab_quantum_start_up_2a9c9414] Extracting interactions: https://thequantuminsider.com/2023/11/30/first-six-companies-enter-the-deep-tech-lab-quantum-start-up-accelerator (1/1), chunk 15/38
[02:15:00 +8m 14s | thequantuminsider_2023_11_30_first_six_companies_enter_the_deep_tech_lab_quantum_start_up_2a9c9414] Extracting interactions: https://thequantuminsider.com/2023/11/30/first-six-companies-enter-the-deep-tech-lab-quantum-start-up-accelerator (1/1), chunk 16/38
[02:15:07 +8m 22s | thequantuminsider_2023_11_30_first_six_companies_enter_the_deep_tech_lab_quantum_start_up_2a9c9414] Extracting interactions: https://thequantuminsider.com/2023/11/30/first-six-companies-enter-the-deep-tech-lab-quantum-start-up-accelerator (1/1), chunk 17/38
[02:15:13 +8m 27s | thequantuminsider_2023_11_30_first_six_companies_enter_the_deep_tech_lab_quantum_start_up_2a9c9414] Extracting interactions: https://thequantuminsider.com/2023/11/30/first-six-companies-enter-the-deep-tech-lab-quantum-start-up-accelerator (1/1), chunk 18/38
[02:15:36 +8m 52s | thequantuminsider_2023_11_30_first_six_companies_enter_the_deep_tech_lab_quantum_start_up_2a9c9414] Extracting interactions: https://thequantuminsider.com/2023/11/30/first-six-companies-enter-the-deep-tech-lab-quantum-start-up-accelerator (1/1), chunk 19/38
[02:15:43 +8m 59s | thequantuminsider_2023_11_30_first_six_companies_enter_the_deep_tech_lab_quantum_start_up_2a9c9414] Extracting interactions: https://thequantuminsider.com/2023/11/30/first-six-companies-enter-the-deep-tech-lab-quantum-start-up-accelerator (1/1), chunk 20/38
[02:15:45 +9m 1s | thequantuminsider_2023_11_30_first_six_companies_enter_the_deep_tech_lab_quantum_start_up_2a9c9414] Extracting interactions: https://thequantuminsider.com/2023/11/30/first-six-companies-enter-the-deep-tech-lab-quantum-start-up-accelerator (1/1), chunk 21/38
[02:16:01 +9m 18s | thequantuminsider_2023_11_30_first_six_companies_enter_the_deep_tech_lab_quantum_start_up_2a9c9414] Extracting interactions: https://thequantuminsider.com/2023/11/30/first-six-companies-enter-the-deep-tech-lab-quantum-start-up-accelerator (1/1), chunk 22/38
[02:16:12 +9m 29s | thequantuminsider_2023_11_30_first_six_companies_enter_the_deep_tech_lab_quantum_start_up_2a9c9414] Extracting interactions: https://thequantuminsider.com/2023/11/30/first-six-companies-enter-the-deep-tech-lab-quantum-start-up-accelerator (1/1), chunk 25/38
[02:16:23 +9m 40s | thequantuminsider_2023_11_30_first_six_companies_enter_the_deep_tech_lab_quantum_start_up_2a9c9414] Extracting interactions: https://thequantuminsider.com/2023/11/30/first-six-companies-enter-the-deep-tech-lab-quantum-start-up-accelerator (1/1), chunk 27/38
[02:16:30 +9m 47s | thequantuminsider_2023_11_30_first_six_companies_enter_the_deep_tech_lab_quantum_start_up_2a9c9414] Extracting interactions: https://thequantuminsider.com/2023/11/30/first-six-companies-enter-the-deep-tech-lab-quantum-start-up-accelerator (1/1), chunk 28/38
[02:16:33 +9m 51s | thequantuminsider_2023_11_30_first_six_companies_enter_the_deep_tech_lab_quantum_start_up_2a9c9414] Extracting interactions: https://thequantuminsider.com/2023/11/30/first-six-companies-enter-the-deep-tech-lab-quantum-start-up-accelerator (1/1), chunk 29/38
[02:16:34 +9m 52s | thequantuminsider_2023_11_30_first_six_companies_enter_the_deep_tech_lab_quantum_start_up_2a9c9414] Extracting interactions: https://thequantuminsider.com/2023/11/30/first-six-companies-enter-the-deep-tech-lab-quantum-start-up-accelerator (1/1), chunk 31/38
[02:16:36 +9m 54s | thequantuminsider_2023_11_30_first_six_companies_enter_the_deep_tech_lab_quantum_start_up_2a9c9414] Extracting interactions: https://thequantuminsider.com/2023/11/30/first-six-companies-enter-the-deep-tech-lab-quantum-start-up-accelerator (1/1), chunk 32/38
[02:16:38 +9m 56s | thequantuminsider_2023_11_30_first_six_companies_enter_the_deep_tech_lab_quantum_start_up_2a9c9414] Extracting interactions: https://thequantuminsider.com/2023/11/30/first-six-companies-enter-the-deep-tech-lab-quantum-start-up-accelerator (1/1), chunk 33/38
[02:16:39 +9m 57s | thequantuminsider_2023_11_30_first_six_companies_enter_the_deep_tech_lab_quantum_start_up_2a9c9414] Extracting interactions: https://thequantuminsider.com/2023/11/30/first-six-companies-enter-the-deep-tech-lab-quantum-start-up-accelerator (1/1), chunk 34/38
[02:17:00 +10m 18s | thequantuminsider_2023_11_30_first_six_companies_enter_the_deep_tech_lab_quantum_start_up_2a9c9414] Extracting interactions: https://thequantuminsider.com/2023/11/30/first-six-companies-enter-the-deep-tech-lab-quantum-start-up-accelerator (1/1), chunk 36/38
[02:17:01 +10m 19s | thequantuminsider_2023_11_30_first_six_companies_enter_the_deep_tech_lab_quantum_start_up_2a9c9414] Extracting interactions: https://thequantuminsider.com/2023/11/30/first-six-companies-enter-the-deep-tech-lab-quantum-start-up-accelerator (1/1), chunk 37/38
[02:17:15 +10m 34s | thequantuminsider_2023_11_30_first_six_companies_enter_the_deep_tech_lab_quantum_start_up_2a9c9414] Extracting interactions: https://thequantuminsider.com/2023/11/30/first-six-companies-enter-the-deep-tech-lab-quantum-start-up-accelerator (1/1), chunk 38/38
[02:17:17 +10m 36s | thequantuminsider_2023_11_30_first_six_companies_enter_the_deep_tech_lab_quantum_start_up_2a9c9414] Saved 3_interaction_results.json with 24 extracted interactions.

[02:17:17 +10m 36s | thequantuminsider_2023_11_30_first_six_companies_enter_the_deep_tech_lab_quantum_start_up_2a9c9414] === 4 clean interactions ===
[02:17:17 +10m 36s | thequantuminsider_2023_11_30_first_six_companies_enter_the_deep_tech_lab_quantum_start_up_2a9c9414] Saved 4_edges.json with 1 cleaned interactions.

[02:17:17 +10m 36s | thequantuminsider_2023_11_30_first_six_companies_enter_the_deep_tech_lab_quantum_start_up_2a9c9414] === 5 helix enrichment ===
[02:17:17 +10m 36s | thequantuminsider_2023_11_30_first_six_companies_enter_the_deep_tech_lab_quantum_start_up_2a9c9414] Wrote 5_nodes.json (18 actors)
[02:17:17 +10m 36s | thequantuminsider_2023_11_30_first_six_companies_enter_the_deep_tech_lab_quantum_start_up_2a9c9414] Wrote 5_edges.json (1 interactions)
[02:17:17 +10m 36s | thequantuminsider_2023_11_30_first_six_companies_enter_the_deep_tech_lab_quantum_start_up_2a9c9414] Actor helix counts: {'Academia': 1, 'Civil Society': 4, 'Industry': 2, 'Intermediary': 5, 'Unknown': 6}
[02:17:17 +10m 36s | thequantuminsider_2023_11_30_first_six_companies_enter_the_deep_tech_lab_quantum_start_up_2a9c9414] Functional-space counts: {'Unknown': 1}

[02:17:17 +10m 36s | thequantuminsider_2023_11_30_first_six_companies_enter_the_deep_tech_lab_quantum_start_up_2a9c9414] === 6 network visualisation ===
[02:17:17 +10m 36s | thequantuminsider_2023_11_30_first_six_companies_enter_the_deep_tech_lab_quantum_start_up_2a9c9414] Wrote quantum_network.html
[02:17:17 +10m 36s | thequantuminsider_2023_11_30_first_six_companies_enter_the_deep_tech_lab_quantum_start_up_2a9c9414] Nodes: 18
[02:17:17 +10m 36s | thequantuminsider_2023_11_30_first_six_companies_enter_the_deep_tech_lab_quantum_start_up_2a9c9414] Edges: 1

[02:17:17 +10m 37s | thequantuminsider_2023_11_30_first_six_companies_enter_the_deep_tech_lab_quantum_start_up_2a9c9414] Done. Outputs written to: /home/lv/IDP/idpdeeptech/pipeline/news_outputs/thequantuminsider_2023_11_30_first_six_companies_enter_the_deep_tech_lab_quantum_start_up_2a9c9414
[02:17:17 +10m 37s | thequantuminsider_2023_11_30_first_six_companies_enter_the_deep_tech_lab_quantum_start_up_2a9c9414] Log: /home/lv/IDP/idpdeeptech/pipeline/news_outputs/thequantuminsider_2023_11_30_first_six_companies_enter_the_deep_tech_lab_quantum_start_up_2a9c9414/run.log

========================================================================
RUN FINISHED 2026-07-05 02:17:17  (OK)
Started:     2026-07-05 02:07:05
Elapsed:     10m 37s
========================================================================
