
========================================================================
RUN STARTED  2026-07-05 05:25:17
site_pipeline.py https://thequantuminsider.com/2023/10/25/aquark-technologies-demonstrates-airborne-cold-atom-system-on-a-small-drone/
========================================================================

[05:25:17 +0s | thequantuminsider_2023_10_25_aquark_technologies_demonstrates_airborne_cold_atom_system_o_c3fe05b0] === 0 crawl site ===
[05:25:18 +1s | thequantuminsider_2023_10_25_aquark_technologies_demonstrates_airborne_cold_atom_system_o_c3fe05b0] [INIT].... → Crawl4AI 0.8.6 
[05:25:20 +3s | thequantuminsider_2023_10_25_aquark_technologies_demonstrates_airborne_cold_atom_system_o_c3fe05b0] [FETCH]... ↓ https://thequantuminsider.com/2023/10/25/aquark-...ates-airborne-cold-atom-system-on-a-small-drone/  | ✓ | ⏱: 1.94s 
[05:25:20 +4s | thequantuminsider_2023_10_25_aquark_technologies_demonstrates_airborne_cold_atom_system_o_c3fe05b0] [SCRAPE].. ◆ https://thequantuminsider.com/2023/10/25/aquark-...ates-airborne-cold-atom-system-on-a-small-drone/  | ✓ | ⏱: 0.13s 
[05:25:20 +4s | thequantuminsider_2023_10_25_aquark_technologies_demonstrates_airborne_cold_atom_system_o_c3fe05b0] [COMPLETE] ● https://thequantuminsider.com/2023/10/25/aquark-...ates-airborne-cold-atom-system-on-a-small-drone/  | ✓ | ⏱: 2.10s 
[05:25:20 +4s | thequantuminsider_2023_10_25_aquark_technologies_demonstrates_airborne_cold_atom_system_o_c3fe05b0] Saved: crawl_output/89a3b27d98_thequantuminsider.com_2023_10_25_aquark-technologies-demonstrates-airborne-cold-atom-system-on-a-small-drone.json

[05:25:20 +4s | thequantuminsider_2023_10_25_aquark_technologies_demonstrates_airborne_cold_atom_system_o_c3fe05b0] === 1 actor extraction ===
[05:25:21 +4s | thequantuminsider_2023_10_25_aquark_technologies_demonstrates_airborne_cold_atom_system_o_c3fe05b0] Reading page (1/1): https://thequantuminsider.com/2023/10/25/aquark-technologies-demonstrates-airborne-cold-atom-system-on-a-small-drone
[05:25:21 +4s | thequantuminsider_2023_10_25_aquark_technologies_demonstrates_airborne_cold_atom_system_o_c3fe05b0] Extracting actors: https://thequantuminsider.com/2023/10/25/aquark-technologies-demonstrates-airborne-cold-atom-system-on-a-small-drone (1/1), chunk 1/36
[05:25:25 +8s | thequantuminsider_2023_10_25_aquark_technologies_demonstrates_airborne_cold_atom_system_o_c3fe05b0] Extracting actors: https://thequantuminsider.com/2023/10/25/aquark-technologies-demonstrates-airborne-cold-atom-system-on-a-small-drone (1/1), chunk 2/36
[05:25:30 +15s | thequantuminsider_2023_10_25_aquark_technologies_demonstrates_airborne_cold_atom_system_o_c3fe05b0] Extracting actors: https://thequantuminsider.com/2023/10/25/aquark-technologies-demonstrates-airborne-cold-atom-system-on-a-small-drone (1/1), chunk 3/36
[05:25:36 +22s | thequantuminsider_2023_10_25_aquark_technologies_demonstrates_airborne_cold_atom_system_o_c3fe05b0] Extracting actors: https://thequantuminsider.com/2023/10/25/aquark-technologies-demonstrates-airborne-cold-atom-system-on-a-small-drone (1/1), chunk 4/36
[05:25:42 +27s | thequantuminsider_2023_10_25_aquark_technologies_demonstrates_airborne_cold_atom_system_o_c3fe05b0] Extracting actors: https://thequantuminsider.com/2023/10/25/aquark-technologies-demonstrates-airborne-cold-atom-system-on-a-small-drone (1/1), chunk 5/36
[05:25:47 +33s | thequantuminsider_2023_10_25_aquark_technologies_demonstrates_airborne_cold_atom_system_o_c3fe05b0] Extracting actors: https://thequantuminsider.com/2023/10/25/aquark-technologies-demonstrates-airborne-cold-atom-system-on-a-small-drone (1/1), chunk 6/36
[05:26:14 +1m 1s | thequantuminsider_2023_10_25_aquark_technologies_demonstrates_airborne_cold_atom_system_o_c3fe05b0] Repaired malformed JSON.
[05:26:14 +1m 1s | thequantuminsider_2023_10_25_aquark_technologies_demonstrates_airborne_cold_atom_system_o_c3fe05b0] Extracting actors: https://thequantuminsider.com/2023/10/25/aquark-technologies-demonstrates-airborne-cold-atom-system-on-a-small-drone (1/1), chunk 7/36
[05:26:19 +1m 7s | thequantuminsider_2023_10_25_aquark_technologies_demonstrates_airborne_cold_atom_system_o_c3fe05b0] Extracting actors: https://thequantuminsider.com/2023/10/25/aquark-technologies-demonstrates-airborne-cold-atom-system-on-a-small-drone (1/1), chunk 8/36
[05:26:25 +1m 14s | thequantuminsider_2023_10_25_aquark_technologies_demonstrates_airborne_cold_atom_system_o_c3fe05b0] Extracting actors: https://thequantuminsider.com/2023/10/25/aquark-technologies-demonstrates-airborne-cold-atom-system-on-a-small-drone (1/1), chunk 9/36
[05:26:30 +1m 20s | thequantuminsider_2023_10_25_aquark_technologies_demonstrates_airborne_cold_atom_system_o_c3fe05b0] Extracting actors: https://thequantuminsider.com/2023/10/25/aquark-technologies-demonstrates-airborne-cold-atom-system-on-a-small-drone (1/1), chunk 10/36
[05:26:36 +1m 26s | thequantuminsider_2023_10_25_aquark_technologies_demonstrates_airborne_cold_atom_system_o_c3fe05b0] Repaired malformed JSON.
[05:26:36 +1m 26s | thequantuminsider_2023_10_25_aquark_technologies_demonstrates_airborne_cold_atom_system_o_c3fe05b0] Extracting actors: https://thequantuminsider.com/2023/10/25/aquark-technologies-demonstrates-airborne-cold-atom-system-on-a-small-drone (1/1), chunk 11/36
[05:26:46 +1m 35s | thequantuminsider_2023_10_25_aquark_technologies_demonstrates_airborne_cold_atom_system_o_c3fe05b0] Repaired malformed JSON.
[05:26:46 +1m 35s | thequantuminsider_2023_10_25_aquark_technologies_demonstrates_airborne_cold_atom_system_o_c3fe05b0] Extracting actors: https://thequantuminsider.com/2023/10/25/aquark-technologies-demonstrates-airborne-cold-atom-system-on-a-small-drone (1/1), chunk 12/36
[05:26:54 +1m 44s | thequantuminsider_2023_10_25_aquark_technologies_demonstrates_airborne_cold_atom_system_o_c3fe05b0] Repaired malformed JSON.
[05:26:54 +1m 44s | thequantuminsider_2023_10_25_aquark_technologies_demonstrates_airborne_cold_atom_system_o_c3fe05b0] Extracting actors: https://thequantuminsider.com/2023/10/25/aquark-technologies-demonstrates-airborne-cold-atom-system-on-a-small-drone (1/1), chunk 13/36
[05:26:58 +1m 50s | thequantuminsider_2023_10_25_aquark_technologies_demonstrates_airborne_cold_atom_system_o_c3fe05b0] Repaired malformed JSON.
[05:26:58 +1m 50s | thequantuminsider_2023_10_25_aquark_technologies_demonstrates_airborne_cold_atom_system_o_c3fe05b0] Extracting actors: https://thequantuminsider.com/2023/10/25/aquark-technologies-demonstrates-airborne-cold-atom-system-on-a-small-drone (1/1), chunk 14/36
[05:27:06 +1m 58s | thequantuminsider_2023_10_25_aquark_technologies_demonstrates_airborne_cold_atom_system_o_c3fe05b0] Repaired malformed JSON.
[05:27:06 +1m 58s | thequantuminsider_2023_10_25_aquark_technologies_demonstrates_airborne_cold_atom_system_o_c3fe05b0] Extracting actors: https://thequantuminsider.com/2023/10/25/aquark-technologies-demonstrates-airborne-cold-atom-system-on-a-small-drone (1/1), chunk 15/36
[05:27:16 +2m 8s | thequantuminsider_2023_10_25_aquark_technologies_demonstrates_airborne_cold_atom_system_o_c3fe05b0] Repaired malformed JSON.
[05:27:16 +2m 8s | thequantuminsider_2023_10_25_aquark_technologies_demonstrates_airborne_cold_atom_system_o_c3fe05b0] Extracting actors: https://thequantuminsider.com/2023/10/25/aquark-technologies-demonstrates-airborne-cold-atom-system-on-a-small-drone (1/1), chunk 16/36
[05:27:25 +2m 16s | thequantuminsider_2023_10_25_aquark_technologies_demonstrates_airborne_cold_atom_system_o_c3fe05b0] Repaired malformed JSON.
[05:27:25 +2m 16s | thequantuminsider_2023_10_25_aquark_technologies_demonstrates_airborne_cold_atom_system_o_c3fe05b0] Extracting actors: https://thequantuminsider.com/2023/10/25/aquark-technologies-demonstrates-airborne-cold-atom-system-on-a-small-drone (1/1), chunk 17/36
[05:27:29 +2m 23s | thequantuminsider_2023_10_25_aquark_technologies_demonstrates_airborne_cold_atom_system_o_c3fe05b0] Extracting actors: https://thequantuminsider.com/2023/10/25/aquark-technologies-demonstrates-airborne-cold-atom-system-on-a-small-drone (1/1), chunk 18/36
[05:27:36 +2m 29s | thequantuminsider_2023_10_25_aquark_technologies_demonstrates_airborne_cold_atom_system_o_c3fe05b0] Repaired malformed JSON.
[05:27:36 +2m 29s | thequantuminsider_2023_10_25_aquark_technologies_demonstrates_airborne_cold_atom_system_o_c3fe05b0] Extracting actors: https://thequantuminsider.com/2023/10/25/aquark-technologies-demonstrates-airborne-cold-atom-system-on-a-small-drone (1/1), chunk 19/36
[05:27:43 +2m 37s | thequantuminsider_2023_10_25_aquark_technologies_demonstrates_airborne_cold_atom_system_o_c3fe05b0] Repaired malformed JSON.
[05:27:43 +2m 37s | thequantuminsider_2023_10_25_aquark_technologies_demonstrates_airborne_cold_atom_system_o_c3fe05b0] Extracting actors: https://thequantuminsider.com/2023/10/25/aquark-technologies-demonstrates-airborne-cold-atom-system-on-a-small-drone (1/1), chunk 20/36
[05:27:54 +2m 47s | thequantuminsider_2023_10_25_aquark_technologies_demonstrates_airborne_cold_atom_system_o_c3fe05b0] Repaired malformed JSON.
[05:27:54 +2m 47s | thequantuminsider_2023_10_25_aquark_technologies_demonstrates_airborne_cold_atom_system_o_c3fe05b0] Extracting actors: https://thequantuminsider.com/2023/10/25/aquark-technologies-demonstrates-airborne-cold-atom-system-on-a-small-drone (1/1), chunk 21/36
[05:27:59 +2m 55s | thequantuminsider_2023_10_25_aquark_technologies_demonstrates_airborne_cold_atom_system_o_c3fe05b0] Repaired malformed JSON.
[05:27:59 +2m 55s | thequantuminsider_2023_10_25_aquark_technologies_demonstrates_airborne_cold_atom_system_o_c3fe05b0] Extracting actors: https://thequantuminsider.com/2023/10/25/aquark-technologies-demonstrates-airborne-cold-atom-system-on-a-small-drone (1/1), chunk 22/36
[05:28:06 +3m 1s | thequantuminsider_2023_10_25_aquark_technologies_demonstrates_airborne_cold_atom_system_o_c3fe05b0] Repaired malformed JSON.
[05:28:06 +3m 1s | thequantuminsider_2023_10_25_aquark_technologies_demonstrates_airborne_cold_atom_system_o_c3fe05b0] Extracting actors: https://thequantuminsider.com/2023/10/25/aquark-technologies-demonstrates-airborne-cold-atom-system-on-a-small-drone (1/1), chunk 23/36
[05:28:12 +3m 8s | thequantuminsider_2023_10_25_aquark_technologies_demonstrates_airborne_cold_atom_system_o_c3fe05b0] Repaired malformed JSON.
[05:28:12 +3m 8s | thequantuminsider_2023_10_25_aquark_technologies_demonstrates_airborne_cold_atom_system_o_c3fe05b0] Extracting actors: https://thequantuminsider.com/2023/10/25/aquark-technologies-demonstrates-airborne-cold-atom-system-on-a-small-drone (1/1), chunk 24/36
[05:28:19 +3m 15s | thequantuminsider_2023_10_25_aquark_technologies_demonstrates_airborne_cold_atom_system_o_c3fe05b0] Repaired malformed JSON.
[05:28:19 +3m 15s | thequantuminsider_2023_10_25_aquark_technologies_demonstrates_airborne_cold_atom_system_o_c3fe05b0] Extracting actors: https://thequantuminsider.com/2023/10/25/aquark-technologies-demonstrates-airborne-cold-atom-system-on-a-small-drone (1/1), chunk 25/36
[05:28:26 +3m 23s | thequantuminsider_2023_10_25_aquark_technologies_demonstrates_airborne_cold_atom_system_o_c3fe05b0] Repaired malformed JSON.
[05:28:26 +3m 23s | thequantuminsider_2023_10_25_aquark_technologies_demonstrates_airborne_cold_atom_system_o_c3fe05b0] Extracting actors: https://thequantuminsider.com/2023/10/25/aquark-technologies-demonstrates-airborne-cold-atom-system-on-a-small-drone (1/1), chunk 26/36
[05:28:31 +3m 28s | thequantuminsider_2023_10_25_aquark_technologies_demonstrates_airborne_cold_atom_system_o_c3fe05b0] Extracting actors: https://thequantuminsider.com/2023/10/25/aquark-technologies-demonstrates-airborne-cold-atom-system-on-a-small-drone (1/1), chunk 27/36
[05:28:34 +3m 32s | thequantuminsider_2023_10_25_aquark_technologies_demonstrates_airborne_cold_atom_system_o_c3fe05b0] Extracting actors: https://thequantuminsider.com/2023/10/25/aquark-technologies-demonstrates-airborne-cold-atom-system-on-a-small-drone (1/1), chunk 28/36
[05:28:44 +3m 42s | thequantuminsider_2023_10_25_aquark_technologies_demonstrates_airborne_cold_atom_system_o_c3fe05b0] Repaired malformed JSON.
[05:28:44 +3m 42s | thequantuminsider_2023_10_25_aquark_technologies_demonstrates_airborne_cold_atom_system_o_c3fe05b0] Extracting actors: https://thequantuminsider.com/2023/10/25/aquark-technologies-demonstrates-airborne-cold-atom-system-on-a-small-drone (1/1), chunk 29/36
[05:28:55 +3m 52s | thequantuminsider_2023_10_25_aquark_technologies_demonstrates_airborne_cold_atom_system_o_c3fe05b0] Repaired malformed JSON.
[05:28:55 +3m 52s | thequantuminsider_2023_10_25_aquark_technologies_demonstrates_airborne_cold_atom_system_o_c3fe05b0] Extracting actors: https://thequantuminsider.com/2023/10/25/aquark-technologies-demonstrates-airborne-cold-atom-system-on-a-small-drone (1/1), chunk 30/36
[05:28:59 +3m 59s | thequantuminsider_2023_10_25_aquark_technologies_demonstrates_airborne_cold_atom_system_o_c3fe05b0] Repaired malformed JSON.
[05:28:59 +3m 59s | thequantuminsider_2023_10_25_aquark_technologies_demonstrates_airborne_cold_atom_system_o_c3fe05b0] Extracting actors: https://thequantuminsider.com/2023/10/25/aquark-technologies-demonstrates-airborne-cold-atom-system-on-a-small-drone (1/1), chunk 31/36
[05:29:03 +4m 3s | thequantuminsider_2023_10_25_aquark_technologies_demonstrates_airborne_cold_atom_system_o_c3fe05b0] Extracting actors: https://thequantuminsider.com/2023/10/25/aquark-technologies-demonstrates-airborne-cold-atom-system-on-a-small-drone (1/1), chunk 32/36
[05:29:09 +4m 9s | thequantuminsider_2023_10_25_aquark_technologies_demonstrates_airborne_cold_atom_system_o_c3fe05b0] Repaired malformed JSON.
[05:29:09 +4m 9s | thequantuminsider_2023_10_25_aquark_technologies_demonstrates_airborne_cold_atom_system_o_c3fe05b0] Extracting actors: https://thequantuminsider.com/2023/10/25/aquark-technologies-demonstrates-airborne-cold-atom-system-on-a-small-drone (1/1), chunk 33/36
[05:29:17 +4m 17s | thequantuminsider_2023_10_25_aquark_technologies_demonstrates_airborne_cold_atom_system_o_c3fe05b0] Repaired malformed JSON.
[05:29:17 +4m 17s | thequantuminsider_2023_10_25_aquark_technologies_demonstrates_airborne_cold_atom_system_o_c3fe05b0] Extracting actors: https://thequantuminsider.com/2023/10/25/aquark-technologies-demonstrates-airborne-cold-atom-system-on-a-small-drone (1/1), chunk 34/36
[05:29:43 +4m 44s | thequantuminsider_2023_10_25_aquark_technologies_demonstrates_airborne_cold_atom_system_o_c3fe05b0] Repaired malformed JSON.
[05:29:43 +4m 44s | thequantuminsider_2023_10_25_aquark_technologies_demonstrates_airborne_cold_atom_system_o_c3fe05b0] Extracting actors: https://thequantuminsider.com/2023/10/25/aquark-technologies-demonstrates-airborne-cold-atom-system-on-a-small-drone (1/1), chunk 35/36
[05:29:50 +4m 51s | thequantuminsider_2023_10_25_aquark_technologies_demonstrates_airborne_cold_atom_system_o_c3fe05b0] Repaired malformed JSON.
[05:29:50 +4m 51s | thequantuminsider_2023_10_25_aquark_technologies_demonstrates_airborne_cold_atom_system_o_c3fe05b0] Extracting actors: https://thequantuminsider.com/2023/10/25/aquark-technologies-demonstrates-airborne-cold-atom-system-on-a-small-drone (1/1), chunk 36/36
[05:29:56 +4m 58s | thequantuminsider_2023_10_25_aquark_technologies_demonstrates_airborne_cold_atom_system_o_c3fe05b0] Repaired malformed JSON.
[05:29:56 +4m 58s | thequantuminsider_2023_10_25_aquark_technologies_demonstrates_airborne_cold_atom_system_o_c3fe05b0] Saved 1_actor_results.json with 55 extracted records

[05:29:56 +4m 58s | thequantuminsider_2023_10_25_aquark_technologies_demonstrates_airborne_cold_atom_system_o_c3fe05b0] === 2 clean actors ===
[05:29:56 +4m 58s | thequantuminsider_2023_10_25_aquark_technologies_demonstrates_airborne_cold_atom_system_o_c3fe05b0] Loaded 55 extracted records
[05:29:56 +4m 58s | thequantuminsider_2023_10_25_aquark_technologies_demonstrates_airborne_cold_atom_system_o_c3fe05b0] Saved 2_actor_nodes.json with 20 canonical actor nodes

[05:29:56 +4m 58s | thequantuminsider_2023_10_25_aquark_technologies_demonstrates_airborne_cold_atom_system_o_c3fe05b0] === 3 interaction extraction ===
[05:29:57 +4m 58s | thequantuminsider_2023_10_25_aquark_technologies_demonstrates_airborne_cold_atom_system_o_c3fe05b0] Extracting interactions: https://thequantuminsider.com/2023/10/25/aquark-technologies-demonstrates-airborne-cold-atom-system-on-a-small-drone (1/1), chunk 11/36
[05:29:59 +5m 3s | thequantuminsider_2023_10_25_aquark_technologies_demonstrates_airborne_cold_atom_system_o_c3fe05b0] Extracting interactions: https://thequantuminsider.com/2023/10/25/aquark-technologies-demonstrates-airborne-cold-atom-system-on-a-small-drone (1/1), chunk 12/36
[05:30:04 +5m 8s | thequantuminsider_2023_10_25_aquark_technologies_demonstrates_airborne_cold_atom_system_o_c3fe05b0] Extracting interactions: https://thequantuminsider.com/2023/10/25/aquark-technologies-demonstrates-airborne-cold-atom-system-on-a-small-drone (1/1), chunk 13/36
[05:30:12 +5m 15s | thequantuminsider_2023_10_25_aquark_technologies_demonstrates_airborne_cold_atom_system_o_c3fe05b0] Extracting interactions: https://thequantuminsider.com/2023/10/25/aquark-technologies-demonstrates-airborne-cold-atom-system-on-a-small-drone (1/1), chunk 14/36
[05:30:19 +5m 22s | thequantuminsider_2023_10_25_aquark_technologies_demonstrates_airborne_cold_atom_system_o_c3fe05b0] Extracting interactions: https://thequantuminsider.com/2023/10/25/aquark-technologies-demonstrates-airborne-cold-atom-system-on-a-small-drone (1/1), chunk 15/36
[05:30:24 +5m 27s | thequantuminsider_2023_10_25_aquark_technologies_demonstrates_airborne_cold_atom_system_o_c3fe05b0] Extracting interactions: https://thequantuminsider.com/2023/10/25/aquark-technologies-demonstrates-airborne-cold-atom-system-on-a-small-drone (1/1), chunk 16/36
[05:30:29 +5m 34s | thequantuminsider_2023_10_25_aquark_technologies_demonstrates_airborne_cold_atom_system_o_c3fe05b0] Extracting interactions: https://thequantuminsider.com/2023/10/25/aquark-technologies-demonstrates-airborne-cold-atom-system-on-a-small-drone (1/1), chunk 18/36
[05:30:31 +5m 37s | thequantuminsider_2023_10_25_aquark_technologies_demonstrates_airborne_cold_atom_system_o_c3fe05b0] Extracting interactions: https://thequantuminsider.com/2023/10/25/aquark-technologies-demonstrates-airborne-cold-atom-system-on-a-small-drone (1/1), chunk 19/36
[05:30:33 +5m 38s | thequantuminsider_2023_10_25_aquark_technologies_demonstrates_airborne_cold_atom_system_o_c3fe05b0] Extracting interactions: https://thequantuminsider.com/2023/10/25/aquark-technologies-demonstrates-airborne-cold-atom-system-on-a-small-drone (1/1), chunk 20/36
[05:31:01 +6m 8s | thequantuminsider_2023_10_25_aquark_technologies_demonstrates_airborne_cold_atom_system_o_c3fe05b0] Extracting interactions: https://thequantuminsider.com/2023/10/25/aquark-technologies-demonstrates-airborne-cold-atom-system-on-a-small-drone (1/1), chunk 21/36
[05:31:09 +6m 16s | thequantuminsider_2023_10_25_aquark_technologies_demonstrates_airborne_cold_atom_system_o_c3fe05b0] Extracting interactions: https://thequantuminsider.com/2023/10/25/aquark-technologies-demonstrates-airborne-cold-atom-system-on-a-small-drone (1/1), chunk 22/36
[05:31:11 +6m 19s | thequantuminsider_2023_10_25_aquark_technologies_demonstrates_airborne_cold_atom_system_o_c3fe05b0] Extracting interactions: https://thequantuminsider.com/2023/10/25/aquark-technologies-demonstrates-airborne-cold-atom-system-on-a-small-drone (1/1), chunk 24/36
[05:31:21 +6m 29s | thequantuminsider_2023_10_25_aquark_technologies_demonstrates_airborne_cold_atom_system_o_c3fe05b0] Extracting interactions: https://thequantuminsider.com/2023/10/25/aquark-technologies-demonstrates-airborne-cold-atom-system-on-a-small-drone (1/1), chunk 25/36
[05:31:27 +6m 34s | thequantuminsider_2023_10_25_aquark_technologies_demonstrates_airborne_cold_atom_system_o_c3fe05b0] Extracting interactions: https://thequantuminsider.com/2023/10/25/aquark-technologies-demonstrates-airborne-cold-atom-system-on-a-small-drone (1/1), chunk 26/36
[05:31:28 +6m 36s | thequantuminsider_2023_10_25_aquark_technologies_demonstrates_airborne_cold_atom_system_o_c3fe05b0] Extracting interactions: https://thequantuminsider.com/2023/10/25/aquark-technologies-demonstrates-airborne-cold-atom-system-on-a-small-drone (1/1), chunk 27/36
[05:31:29 +6m 38s | thequantuminsider_2023_10_25_aquark_technologies_demonstrates_airborne_cold_atom_system_o_c3fe05b0] Extracting interactions: https://thequantuminsider.com/2023/10/25/aquark-technologies-demonstrates-airborne-cold-atom-system-on-a-small-drone (1/1), chunk 28/36
[05:31:30 +6m 40s | thequantuminsider_2023_10_25_aquark_technologies_demonstrates_airborne_cold_atom_system_o_c3fe05b0] Extracting interactions: https://thequantuminsider.com/2023/10/25/aquark-technologies-demonstrates-airborne-cold-atom-system-on-a-small-drone (1/1), chunk 29/36
[05:31:32 +6m 42s | thequantuminsider_2023_10_25_aquark_technologies_demonstrates_airborne_cold_atom_system_o_c3fe05b0] Extracting interactions: https://thequantuminsider.com/2023/10/25/aquark-technologies-demonstrates-airborne-cold-atom-system-on-a-small-drone (1/1), chunk 30/36
[05:31:54 +7m 4s | thequantuminsider_2023_10_25_aquark_technologies_demonstrates_airborne_cold_atom_system_o_c3fe05b0] Extracting interactions: https://thequantuminsider.com/2023/10/25/aquark-technologies-demonstrates-airborne-cold-atom-system-on-a-small-drone (1/1), chunk 31/36
[05:31:57 +7m 6s | thequantuminsider_2023_10_25_aquark_technologies_demonstrates_airborne_cold_atom_system_o_c3fe05b0] Extracting interactions: https://thequantuminsider.com/2023/10/25/aquark-technologies-demonstrates-airborne-cold-atom-system-on-a-small-drone (1/1), chunk 32/36
[05:31:58 +7m 8s | thequantuminsider_2023_10_25_aquark_technologies_demonstrates_airborne_cold_atom_system_o_c3fe05b0] Extracting interactions: https://thequantuminsider.com/2023/10/25/aquark-technologies-demonstrates-airborne-cold-atom-system-on-a-small-drone (1/1), chunk 34/36
[05:31:58 +7m 9s | thequantuminsider_2023_10_25_aquark_technologies_demonstrates_airborne_cold_atom_system_o_c3fe05b0] Extracting interactions: https://thequantuminsider.com/2023/10/25/aquark-technologies-demonstrates-airborne-cold-atom-system-on-a-small-drone (1/1), chunk 35/36
[05:32:00 +7m 11s | thequantuminsider_2023_10_25_aquark_technologies_demonstrates_airborne_cold_atom_system_o_c3fe05b0] Extracting interactions: https://thequantuminsider.com/2023/10/25/aquark-technologies-demonstrates-airborne-cold-atom-system-on-a-small-drone (1/1), chunk 36/36
[05:32:03 +7m 14s | thequantuminsider_2023_10_25_aquark_technologies_demonstrates_airborne_cold_atom_system_o_c3fe05b0] Saved 3_interaction_results.json with 17 extracted interactions.

[05:32:03 +7m 15s | thequantuminsider_2023_10_25_aquark_technologies_demonstrates_airborne_cold_atom_system_o_c3fe05b0] === 4 clean interactions ===
[05:32:03 +7m 15s | thequantuminsider_2023_10_25_aquark_technologies_demonstrates_airborne_cold_atom_system_o_c3fe05b0] Saved 4_edges.json with 0 cleaned interactions.

[05:32:03 +7m 15s | thequantuminsider_2023_10_25_aquark_technologies_demonstrates_airborne_cold_atom_system_o_c3fe05b0] === 5 helix enrichment ===
[05:32:03 +7m 15s | thequantuminsider_2023_10_25_aquark_technologies_demonstrates_airborne_cold_atom_system_o_c3fe05b0] Wrote 5_nodes.json (20 actors)
[05:32:03 +7m 15s | thequantuminsider_2023_10_25_aquark_technologies_demonstrates_airborne_cold_atom_system_o_c3fe05b0] Wrote 5_edges.json (0 interactions)
[05:32:03 +7m 15s | thequantuminsider_2023_10_25_aquark_technologies_demonstrates_airborne_cold_atom_system_o_c3fe05b0] Actor helix counts: {'Academia': 1, 'Civil Society': 6, 'Industry': 4, 'Intermediary': 1, 'Unknown': 8}
[05:32:03 +7m 15s | thequantuminsider_2023_10_25_aquark_technologies_demonstrates_airborne_cold_atom_system_o_c3fe05b0] Functional-space counts: {}

[05:32:03 +7m 15s | thequantuminsider_2023_10_25_aquark_technologies_demonstrates_airborne_cold_atom_system_o_c3fe05b0] === 6 network visualisation ===
[05:32:04 +7m 15s | thequantuminsider_2023_10_25_aquark_technologies_demonstrates_airborne_cold_atom_system_o_c3fe05b0] Wrote quantum_network.html
[05:32:04 +7m 15s | thequantuminsider_2023_10_25_aquark_technologies_demonstrates_airborne_cold_atom_system_o_c3fe05b0] Nodes: 20
[05:32:04 +7m 15s | thequantuminsider_2023_10_25_aquark_technologies_demonstrates_airborne_cold_atom_system_o_c3fe05b0] Edges: 0

[05:32:04 +7m 16s | thequantuminsider_2023_10_25_aquark_technologies_demonstrates_airborne_cold_atom_system_o_c3fe05b0] Done. Outputs written to: /home/lv/IDP/idpdeeptech/pipeline/news_outputs/thequantuminsider_2023_10_25_aquark_technologies_demonstrates_airborne_cold_atom_system_o_c3fe05b0
[05:32:04 +7m 16s | thequantuminsider_2023_10_25_aquark_technologies_demonstrates_airborne_cold_atom_system_o_c3fe05b0] Log: /home/lv/IDP/idpdeeptech/pipeline/news_outputs/thequantuminsider_2023_10_25_aquark_technologies_demonstrates_airborne_cold_atom_system_o_c3fe05b0/run.log

========================================================================
RUN FINISHED 2026-07-05 05:32:04  (OK)
Started:     2026-07-05 05:25:17
Elapsed:     7m 16s
========================================================================
