
========================================================================
RUN STARTED  2026-07-04 22:52:06
site_pipeline.py https://thequantuminsider.com/2024/01/03/how-can-smes-prepare-for-the-quantum-computing-era/
========================================================================

[22:52:06 +0s | thequantuminsider_2024_01_03_how_can_smes_prepare_for_the_quantum_computing_era] === 0 crawl site ===
[22:52:09 +2s | thequantuminsider_2024_01_03_how_can_smes_prepare_for_the_quantum_computing_era] [INIT].... → Crawl4AI 0.8.6 
[22:52:11 +5s | thequantuminsider_2024_01_03_how_can_smes_prepare_for_the_quantum_computing_era] [FETCH]... ↓ https://thequantuminsider.com/2024/01/03/how-can-smes-prepare-for-the-quantum-computing-era/         | ✓ | ⏱: 2.55s 
[22:52:12 +5s | thequantuminsider_2024_01_03_how_can_smes_prepare_for_the_quantum_computing_era] [SCRAPE].. ◆ https://thequantuminsider.com/2024/01/03/how-can-smes-prepare-for-the-quantum-computing-era/         | ✓ | ⏱: 0.14s 
[22:52:12 +5s | thequantuminsider_2024_01_03_how_can_smes_prepare_for_the_quantum_computing_era] [COMPLETE] ● https://thequantuminsider.com/2024/01/03/how-can-smes-prepare-for-the-quantum-computing-era/         | ✓ | ⏱: 2.71s 
[22:52:12 +5s | thequantuminsider_2024_01_03_how_can_smes_prepare_for_the_quantum_computing_era] Saved: crawl_output/b70451da72_thequantuminsider.com_2024_01_03_how-can-smes-prepare-for-the-quantum-computing-era.json

[22:52:13 +7s | thequantuminsider_2024_01_03_how_can_smes_prepare_for_the_quantum_computing_era] === 1 actor extraction ===
[22:52:14 +7s | thequantuminsider_2024_01_03_how_can_smes_prepare_for_the_quantum_computing_era] Reading page (1/1): https://thequantuminsider.com/2024/01/03/how-can-smes-prepare-for-the-quantum-computing-era
[22:52:14 +7s | thequantuminsider_2024_01_03_how_can_smes_prepare_for_the_quantum_computing_era] Extracting actors: https://thequantuminsider.com/2024/01/03/how-can-smes-prepare-for-the-quantum-computing-era (1/1), chunk 1/40
[22:52:19 +13s | thequantuminsider_2024_01_03_how_can_smes_prepare_for_the_quantum_computing_era] Extracting actors: https://thequantuminsider.com/2024/01/03/how-can-smes-prepare-for-the-quantum-computing-era (1/1), chunk 2/40
[22:52:24 +17s | thequantuminsider_2024_01_03_how_can_smes_prepare_for_the_quantum_computing_era] Extracting actors: https://thequantuminsider.com/2024/01/03/how-can-smes-prepare-for-the-quantum-computing-era (1/1), chunk 3/40
[22:52:30 +23s | thequantuminsider_2024_01_03_how_can_smes_prepare_for_the_quantum_computing_era] Extracting actors: https://thequantuminsider.com/2024/01/03/how-can-smes-prepare-for-the-quantum-computing-era (1/1), chunk 4/40
[22:52:34 +28s | thequantuminsider_2024_01_03_how_can_smes_prepare_for_the_quantum_computing_era] Extracting actors: https://thequantuminsider.com/2024/01/03/how-can-smes-prepare-for-the-quantum-computing-era (1/1), chunk 5/40
[22:52:41 +35s | thequantuminsider_2024_01_03_how_can_smes_prepare_for_the_quantum_computing_era] Extracting actors: https://thequantuminsider.com/2024/01/03/how-can-smes-prepare-for-the-quantum-computing-era (1/1), chunk 6/40
[22:52:50 +44s | thequantuminsider_2024_01_03_how_can_smes_prepare_for_the_quantum_computing_era] Repaired malformed JSON.
[22:52:50 +44s | thequantuminsider_2024_01_03_how_can_smes_prepare_for_the_quantum_computing_era] Extracting actors: https://thequantuminsider.com/2024/01/03/how-can-smes-prepare-for-the-quantum-computing-era (1/1), chunk 7/40
[22:52:55 +48s | thequantuminsider_2024_01_03_how_can_smes_prepare_for_the_quantum_computing_era] Extracting actors: https://thequantuminsider.com/2024/01/03/how-can-smes-prepare-for-the-quantum-computing-era (1/1), chunk 8/40
[22:53:02 +55s | thequantuminsider_2024_01_03_how_can_smes_prepare_for_the_quantum_computing_era] Extracting actors: https://thequantuminsider.com/2024/01/03/how-can-smes-prepare-for-the-quantum-computing-era (1/1), chunk 9/40
[22:53:07 +1m 0s | thequantuminsider_2024_01_03_how_can_smes_prepare_for_the_quantum_computing_era] Extracting actors: https://thequantuminsider.com/2024/01/03/how-can-smes-prepare-for-the-quantum-computing-era (1/1), chunk 10/40
[22:53:14 +1m 7s | thequantuminsider_2024_01_03_how_can_smes_prepare_for_the_quantum_computing_era] Extracting actors: https://thequantuminsider.com/2024/01/03/how-can-smes-prepare-for-the-quantum-computing-era (1/1), chunk 11/40
[22:53:21 +1m 14s | thequantuminsider_2024_01_03_how_can_smes_prepare_for_the_quantum_computing_era] Repaired malformed JSON.
[22:53:21 +1m 14s | thequantuminsider_2024_01_03_how_can_smes_prepare_for_the_quantum_computing_era] Extracting actors: https://thequantuminsider.com/2024/01/03/how-can-smes-prepare-for-the-quantum-computing-era (1/1), chunk 12/40
[22:53:26 +1m 20s | thequantuminsider_2024_01_03_how_can_smes_prepare_for_the_quantum_computing_era] Repaired malformed JSON.
[22:53:26 +1m 20s | thequantuminsider_2024_01_03_how_can_smes_prepare_for_the_quantum_computing_era] Extracting actors: https://thequantuminsider.com/2024/01/03/how-can-smes-prepare-for-the-quantum-computing-era (1/1), chunk 13/40
[22:53:33 +1m 26s | thequantuminsider_2024_01_03_how_can_smes_prepare_for_the_quantum_computing_era] Repaired malformed JSON.
[22:53:33 +1m 26s | thequantuminsider_2024_01_03_how_can_smes_prepare_for_the_quantum_computing_era] Extracting actors: https://thequantuminsider.com/2024/01/03/how-can-smes-prepare-for-the-quantum-computing-era (1/1), chunk 14/40
[22:53:39 +1m 33s | thequantuminsider_2024_01_03_how_can_smes_prepare_for_the_quantum_computing_era] Repaired malformed JSON.
[22:53:39 +1m 33s | thequantuminsider_2024_01_03_how_can_smes_prepare_for_the_quantum_computing_era] Extracting actors: https://thequantuminsider.com/2024/01/03/how-can-smes-prepare-for-the-quantum-computing-era (1/1), chunk 15/40
[22:53:46 +1m 40s | thequantuminsider_2024_01_03_how_can_smes_prepare_for_the_quantum_computing_era] Repaired malformed JSON.
[22:53:46 +1m 40s | thequantuminsider_2024_01_03_how_can_smes_prepare_for_the_quantum_computing_era] Extracting actors: https://thequantuminsider.com/2024/01/03/how-can-smes-prepare-for-the-quantum-computing-era (1/1), chunk 16/40
[22:53:55 +1m 48s | thequantuminsider_2024_01_03_how_can_smes_prepare_for_the_quantum_computing_era] Repaired malformed JSON.
[22:53:55 +1m 48s | thequantuminsider_2024_01_03_how_can_smes_prepare_for_the_quantum_computing_era] Extracting actors: https://thequantuminsider.com/2024/01/03/how-can-smes-prepare-for-the-quantum-computing-era (1/1), chunk 17/40
[22:54:01 +1m 54s | thequantuminsider_2024_01_03_how_can_smes_prepare_for_the_quantum_computing_era] Repaired malformed JSON.
[22:54:01 +1m 54s | thequantuminsider_2024_01_03_how_can_smes_prepare_for_the_quantum_computing_era] Extracting actors: https://thequantuminsider.com/2024/01/03/how-can-smes-prepare-for-the-quantum-computing-era (1/1), chunk 18/40
[22:54:08 +2m 2s | thequantuminsider_2024_01_03_how_can_smes_prepare_for_the_quantum_computing_era] Repaired malformed JSON.
[22:54:08 +2m 2s | thequantuminsider_2024_01_03_how_can_smes_prepare_for_the_quantum_computing_era] Extracting actors: https://thequantuminsider.com/2024/01/03/how-can-smes-prepare-for-the-quantum-computing-era (1/1), chunk 19/40
[22:54:17 +2m 11s | thequantuminsider_2024_01_03_how_can_smes_prepare_for_the_quantum_computing_era] Repaired malformed JSON.
[22:54:17 +2m 11s | thequantuminsider_2024_01_03_how_can_smes_prepare_for_the_quantum_computing_era] Extracting actors: https://thequantuminsider.com/2024/01/03/how-can-smes-prepare-for-the-quantum-computing-era (1/1), chunk 20/40
[22:54:41 +2m 35s | thequantuminsider_2024_01_03_how_can_smes_prepare_for_the_quantum_computing_era] Repaired malformed JSON.
[22:54:41 +2m 35s | thequantuminsider_2024_01_03_how_can_smes_prepare_for_the_quantum_computing_era] Extracting actors: https://thequantuminsider.com/2024/01/03/how-can-smes-prepare-for-the-quantum-computing-era (1/1), chunk 21/40
[22:54:49 +2m 43s | thequantuminsider_2024_01_03_how_can_smes_prepare_for_the_quantum_computing_era] Repaired malformed JSON.
[22:54:49 +2m 43s | thequantuminsider_2024_01_03_how_can_smes_prepare_for_the_quantum_computing_era] Extracting actors: https://thequantuminsider.com/2024/01/03/how-can-smes-prepare-for-the-quantum-computing-era (1/1), chunk 22/40
[22:54:58 +2m 52s | thequantuminsider_2024_01_03_how_can_smes_prepare_for_the_quantum_computing_era] Repaired malformed JSON.
[22:54:58 +2m 52s | thequantuminsider_2024_01_03_how_can_smes_prepare_for_the_quantum_computing_era] Extracting actors: https://thequantuminsider.com/2024/01/03/how-can-smes-prepare-for-the-quantum-computing-era (1/1), chunk 23/40
[22:55:25 +3m 19s | thequantuminsider_2024_01_03_how_can_smes_prepare_for_the_quantum_computing_era] Repaired malformed JSON.
[22:55:25 +3m 19s | thequantuminsider_2024_01_03_how_can_smes_prepare_for_the_quantum_computing_era] Extracting actors: https://thequantuminsider.com/2024/01/03/how-can-smes-prepare-for-the-quantum-computing-era (1/1), chunk 24/40
[22:55:34 +3m 28s | thequantuminsider_2024_01_03_how_can_smes_prepare_for_the_quantum_computing_era] Repaired malformed JSON.
[22:55:34 +3m 28s | thequantuminsider_2024_01_03_how_can_smes_prepare_for_the_quantum_computing_era] Extracting actors: https://thequantuminsider.com/2024/01/03/how-can-smes-prepare-for-the-quantum-computing-era (1/1), chunk 25/40
[22:55:40 +3m 34s | thequantuminsider_2024_01_03_how_can_smes_prepare_for_the_quantum_computing_era] Extracting actors: https://thequantuminsider.com/2024/01/03/how-can-smes-prepare-for-the-quantum-computing-era (1/1), chunk 26/40
[22:55:49 +3m 43s | thequantuminsider_2024_01_03_how_can_smes_prepare_for_the_quantum_computing_era] Repaired malformed JSON.
[22:55:49 +3m 43s | thequantuminsider_2024_01_03_how_can_smes_prepare_for_the_quantum_computing_era] Extracting actors: https://thequantuminsider.com/2024/01/03/how-can-smes-prepare-for-the-quantum-computing-era (1/1), chunk 27/40
[22:56:14 +4m 8s | thequantuminsider_2024_01_03_how_can_smes_prepare_for_the_quantum_computing_era] Repaired malformed JSON.
[22:56:14 +4m 8s | thequantuminsider_2024_01_03_how_can_smes_prepare_for_the_quantum_computing_era] Extracting actors: https://thequantuminsider.com/2024/01/03/how-can-smes-prepare-for-the-quantum-computing-era (1/1), chunk 28/40
[22:56:38 +4m 32s | thequantuminsider_2024_01_03_how_can_smes_prepare_for_the_quantum_computing_era] Extracting actors: https://thequantuminsider.com/2024/01/03/how-can-smes-prepare-for-the-quantum-computing-era (1/1), chunk 29/40
[22:56:46 +4m 40s | thequantuminsider_2024_01_03_how_can_smes_prepare_for_the_quantum_computing_era] Repaired malformed JSON.
[22:56:46 +4m 40s | thequantuminsider_2024_01_03_how_can_smes_prepare_for_the_quantum_computing_era] Extracting actors: https://thequantuminsider.com/2024/01/03/how-can-smes-prepare-for-the-quantum-computing-era (1/1), chunk 30/40
[22:56:52 +4m 46s | thequantuminsider_2024_01_03_how_can_smes_prepare_for_the_quantum_computing_era] Extracting actors: https://thequantuminsider.com/2024/01/03/how-can-smes-prepare-for-the-quantum-computing-era (1/1), chunk 31/40
[22:56:59 +4m 53s | thequantuminsider_2024_01_03_how_can_smes_prepare_for_the_quantum_computing_era] Repaired malformed JSON.
[22:56:59 +4m 53s | thequantuminsider_2024_01_03_how_can_smes_prepare_for_the_quantum_computing_era] Extracting actors: https://thequantuminsider.com/2024/01/03/how-can-smes-prepare-for-the-quantum-computing-era (1/1), chunk 32/40
[22:57:07 +5m 1s | thequantuminsider_2024_01_03_how_can_smes_prepare_for_the_quantum_computing_era] Repaired malformed JSON.
[22:57:07 +5m 1s | thequantuminsider_2024_01_03_how_can_smes_prepare_for_the_quantum_computing_era] Extracting actors: https://thequantuminsider.com/2024/01/03/how-can-smes-prepare-for-the-quantum-computing-era (1/1), chunk 33/40
[22:57:20 +5m 14s | thequantuminsider_2024_01_03_how_can_smes_prepare_for_the_quantum_computing_era] Repaired malformed JSON.
[22:57:20 +5m 14s | thequantuminsider_2024_01_03_how_can_smes_prepare_for_the_quantum_computing_era] Extracting actors: https://thequantuminsider.com/2024/01/03/how-can-smes-prepare-for-the-quantum-computing-era (1/1), chunk 34/40
[22:57:46 +5m 40s | thequantuminsider_2024_01_03_how_can_smes_prepare_for_the_quantum_computing_era] Repaired malformed JSON.
[22:57:46 +5m 40s | thequantuminsider_2024_01_03_how_can_smes_prepare_for_the_quantum_computing_era] Extracting actors: https://thequantuminsider.com/2024/01/03/how-can-smes-prepare-for-the-quantum-computing-era (1/1), chunk 35/40
[22:57:54 +5m 48s | thequantuminsider_2024_01_03_how_can_smes_prepare_for_the_quantum_computing_era] Repaired malformed JSON.
[22:57:54 +5m 48s | thequantuminsider_2024_01_03_how_can_smes_prepare_for_the_quantum_computing_era] Extracting actors: https://thequantuminsider.com/2024/01/03/how-can-smes-prepare-for-the-quantum-computing-era (1/1), chunk 36/40
[22:58:02 +5m 56s | thequantuminsider_2024_01_03_how_can_smes_prepare_for_the_quantum_computing_era] Repaired malformed JSON.
[22:58:02 +5m 56s | thequantuminsider_2024_01_03_how_can_smes_prepare_for_the_quantum_computing_era] Extracting actors: https://thequantuminsider.com/2024/01/03/how-can-smes-prepare-for-the-quantum-computing-era (1/1), chunk 37/40
[22:58:11 +6m 4s | thequantuminsider_2024_01_03_how_can_smes_prepare_for_the_quantum_computing_era] Repaired malformed JSON.
[22:58:11 +6m 4s | thequantuminsider_2024_01_03_how_can_smes_prepare_for_the_quantum_computing_era] Extracting actors: https://thequantuminsider.com/2024/01/03/how-can-smes-prepare-for-the-quantum-computing-era (1/1), chunk 38/40
[22:58:20 +6m 14s | thequantuminsider_2024_01_03_how_can_smes_prepare_for_the_quantum_computing_era] Repaired malformed JSON.
[22:58:20 +6m 14s | thequantuminsider_2024_01_03_how_can_smes_prepare_for_the_quantum_computing_era] Extracting actors: https://thequantuminsider.com/2024/01/03/how-can-smes-prepare-for-the-quantum-computing-era (1/1), chunk 39/40
[22:58:38 +6m 32s | thequantuminsider_2024_01_03_how_can_smes_prepare_for_the_quantum_computing_era] Repaired malformed JSON.
[22:58:38 +6m 32s | thequantuminsider_2024_01_03_how_can_smes_prepare_for_the_quantum_computing_era] Extracting actors: https://thequantuminsider.com/2024/01/03/how-can-smes-prepare-for-the-quantum-computing-era (1/1), chunk 40/40
[22:58:48 +6m 42s | thequantuminsider_2024_01_03_how_can_smes_prepare_for_the_quantum_computing_era] Repaired malformed JSON.
[22:58:48 +6m 42s | thequantuminsider_2024_01_03_how_can_smes_prepare_for_the_quantum_computing_era] Saved 1_actor_results.json with 65 extracted records

[22:58:48 +6m 42s | thequantuminsider_2024_01_03_how_can_smes_prepare_for_the_quantum_computing_era] === 2 clean actors ===
[22:58:49 +6m 43s | thequantuminsider_2024_01_03_how_can_smes_prepare_for_the_quantum_computing_era] Traceback (most recent call last):
[22:58:49 +6m 43s | thequantuminsider_2024_01_03_how_can_smes_prepare_for_the_quantum_computing_era]   File "/home/lv/IDP/idpdeeptech/pipeline/clean_actors.py", line 429, in <module>
[22:58:49 +6m 43s | thequantuminsider_2024_01_03_how_can_smes_prepare_for_the_quantum_computing_era]     main()
[22:58:49 +6m 43s | thequantuminsider_2024_01_03_how_can_smes_prepare_for_the_quantum_computing_era]   File "/home/lv/IDP/idpdeeptech/pipeline/clean_actors.py", line 416, in main
[22:58:49 +6m 43s | thequantuminsider_2024_01_03_how_can_smes_prepare_for_the_quantum_computing_era]     records = json.loads(INPUT_JSON.read_text(encoding="utf-8"))
[22:58:49 +6m 43s | thequantuminsider_2024_01_03_how_can_smes_prepare_for_the_quantum_computing_era]   File "/usr/lib/python3.10/pathlib.py", line 1134, in read_text
[22:58:49 +6m 43s | thequantuminsider_2024_01_03_how_can_smes_prepare_for_the_quantum_computing_era]     with self.open(mode='r', encoding=encoding, errors=errors) as f:
[22:58:49 +6m 43s | thequantuminsider_2024_01_03_how_can_smes_prepare_for_the_quantum_computing_era]   File "/usr/lib/python3.10/pathlib.py", line 1119, in open
[22:58:49 +6m 43s | thequantuminsider_2024_01_03_how_can_smes_prepare_for_the_quantum_computing_era]     return self._accessor.open(self, mode, buffering, encoding, errors,
[22:58:49 +6m 43s | thequantuminsider_2024_01_03_how_can_smes_prepare_for_the_quantum_computing_era] FileNotFoundError: [Errno 2] No such file or directory: 'site_outputs/psiquantum_com/1_actor_results_pdf.json'

========================================================================
RUN FINISHED 2026-07-04 22:58:49  (FAILED)
Started:     2026-07-04 22:52:06
Elapsed:     6m 43s
========================================================================

========================================================================
RUN STARTED  2026-07-04 23:56:13
site_pipeline.py https://thequantuminsider.com/2024/01/03/how-can-smes-prepare-for-the-quantum-computing-era/
========================================================================

[23:56:13 +0s | thequantuminsider_2024_01_03_how_can_smes_prepare_for_the_quantum_computing_era] === 0 crawl site (skipped via auto (actor data already exists; pass --force to re-crawl), reusing /home/lv/IDP/idpdeeptech/pipeline/news_outputs/thequantuminsider_2024_01_03_how_can_smes_prepare_for_the_quantum_computing_era/crawl_output) ===

[23:56:13 +0s | thequantuminsider_2024_01_03_how_can_smes_prepare_for_the_quantum_computing_era] === 1 actor extraction ===
[23:56:13 +0s | thequantuminsider_2024_01_03_how_can_smes_prepare_for_the_quantum_computing_era] Auto-resume: 1 (url, ordinal) pairs already done, skipping them.
[23:56:13 +0s | thequantuminsider_2024_01_03_how_can_smes_prepare_for_the_quantum_computing_era] All 1 pages/URLs already processed (per 1_actor_results.progress.json). Nothing to do.
[23:56:13 +0s | thequantuminsider_2024_01_03_how_can_smes_prepare_for_the_quantum_computing_era] Delete the progress sidecar to force a full re-run, or pass --start-page N.

[23:56:13 +0s | thequantuminsider_2024_01_03_how_can_smes_prepare_for_the_quantum_computing_era] === 2 clean actors ===
[23:56:13 +0s | thequantuminsider_2024_01_03_how_can_smes_prepare_for_the_quantum_computing_era] Loaded 65 extracted records
[23:56:13 +0s | thequantuminsider_2024_01_03_how_can_smes_prepare_for_the_quantum_computing_era] Saved 2_actor_nodes.json with 22 canonical actor nodes

[23:56:13 +0s | thequantuminsider_2024_01_03_how_can_smes_prepare_for_the_quantum_computing_era] === 3 interaction extraction ===
[23:56:13 +1s | thequantuminsider_2024_01_03_how_can_smes_prepare_for_the_quantum_computing_era] Extracting interactions: https://thequantuminsider.com/2024/01/03/how-can-smes-prepare-for-the-quantum-computing-era (1/1), chunk 11/40
[23:56:18 +5s | thequantuminsider_2024_01_03_how_can_smes_prepare_for_the_quantum_computing_era] Extracting interactions: https://thequantuminsider.com/2024/01/03/how-can-smes-prepare-for-the-quantum-computing-era (1/1), chunk 12/40
[23:56:24 +11s | thequantuminsider_2024_01_03_how_can_smes_prepare_for_the_quantum_computing_era] Extracting interactions: https://thequantuminsider.com/2024/01/03/how-can-smes-prepare-for-the-quantum-computing-era (1/1), chunk 13/40
[23:56:32 +19s | thequantuminsider_2024_01_03_how_can_smes_prepare_for_the_quantum_computing_era] Extracting interactions: https://thequantuminsider.com/2024/01/03/how-can-smes-prepare-for-the-quantum-computing-era (1/1), chunk 14/40
[23:56:37 +25s | thequantuminsider_2024_01_03_how_can_smes_prepare_for_the_quantum_computing_era] Extracting interactions: https://thequantuminsider.com/2024/01/03/how-can-smes-prepare-for-the-quantum-computing-era (1/1), chunk 15/40
[23:56:42 +30s | thequantuminsider_2024_01_03_how_can_smes_prepare_for_the_quantum_computing_era] Extracting interactions: https://thequantuminsider.com/2024/01/03/how-can-smes-prepare-for-the-quantum-computing-era (1/1), chunk 16/40
[23:56:47 +35s | thequantuminsider_2024_01_03_how_can_smes_prepare_for_the_quantum_computing_era] Extracting interactions: https://thequantuminsider.com/2024/01/03/how-can-smes-prepare-for-the-quantum-computing-era (1/1), chunk 17/40
[23:56:58 +46s | thequantuminsider_2024_01_03_how_can_smes_prepare_for_the_quantum_computing_era] Extracting interactions: https://thequantuminsider.com/2024/01/03/how-can-smes-prepare-for-the-quantum-computing-era (1/1), chunk 18/40
[23:57:05 +52s | thequantuminsider_2024_01_03_how_can_smes_prepare_for_the_quantum_computing_era] Extracting interactions: https://thequantuminsider.com/2024/01/03/how-can-smes-prepare-for-the-quantum-computing-era (1/1), chunk 19/40
[23:57:08 +56s | thequantuminsider_2024_01_03_how_can_smes_prepare_for_the_quantum_computing_era] Extracting interactions: https://thequantuminsider.com/2024/01/03/how-can-smes-prepare-for-the-quantum-computing-era (1/1), chunk 20/40
[23:57:13 +1m 1s | thequantuminsider_2024_01_03_how_can_smes_prepare_for_the_quantum_computing_era] Extracting interactions: https://thequantuminsider.com/2024/01/03/how-can-smes-prepare-for-the-quantum-computing-era (1/1), chunk 21/40
[23:57:18 +1m 7s | thequantuminsider_2024_01_03_how_can_smes_prepare_for_the_quantum_computing_era] Extracting interactions: https://thequantuminsider.com/2024/01/03/how-can-smes-prepare-for-the-quantum-computing-era (1/1), chunk 22/40
[23:57:22 +1m 10s | thequantuminsider_2024_01_03_how_can_smes_prepare_for_the_quantum_computing_era] Extracting interactions: https://thequantuminsider.com/2024/01/03/how-can-smes-prepare-for-the-quantum-computing-era (1/1), chunk 23/40
[23:57:23 +1m 12s | thequantuminsider_2024_01_03_how_can_smes_prepare_for_the_quantum_computing_era] Extracting interactions: https://thequantuminsider.com/2024/01/03/how-can-smes-prepare-for-the-quantum-computing-era (1/1), chunk 24/40
[23:57:38 +1m 27s | thequantuminsider_2024_01_03_how_can_smes_prepare_for_the_quantum_computing_era] Extracting interactions: https://thequantuminsider.com/2024/01/03/how-can-smes-prepare-for-the-quantum-computing-era (1/1), chunk 25/40
[23:57:41 +1m 30s | thequantuminsider_2024_01_03_how_can_smes_prepare_for_the_quantum_computing_era] Extracting interactions: https://thequantuminsider.com/2024/01/03/how-can-smes-prepare-for-the-quantum-computing-era (1/1), chunk 27/40
[23:57:43 +1m 32s | thequantuminsider_2024_01_03_how_can_smes_prepare_for_the_quantum_computing_era] Extracting interactions: https://thequantuminsider.com/2024/01/03/how-can-smes-prepare-for-the-quantum-computing-era (1/1), chunk 29/40
[23:57:51 +1m 40s | thequantuminsider_2024_01_03_how_can_smes_prepare_for_the_quantum_computing_era] Extracting interactions: https://thequantuminsider.com/2024/01/03/how-can-smes-prepare-for-the-quantum-computing-era (1/1), chunk 30/40
[23:58:11 +2m 0s | thequantuminsider_2024_01_03_how_can_smes_prepare_for_the_quantum_computing_era] Extracting interactions: https://thequantuminsider.com/2024/01/03/how-can-smes-prepare-for-the-quantum-computing-era (1/1), chunk 31/40
[23:58:13 +2m 3s | thequantuminsider_2024_01_03_how_can_smes_prepare_for_the_quantum_computing_era] Extracting interactions: https://thequantuminsider.com/2024/01/03/how-can-smes-prepare-for-the-quantum-computing-era (1/1), chunk 32/40
[23:58:15 +2m 4s | thequantuminsider_2024_01_03_how_can_smes_prepare_for_the_quantum_computing_era] Extracting interactions: https://thequantuminsider.com/2024/01/03/how-can-smes-prepare-for-the-quantum-computing-era (1/1), chunk 33/40
[23:58:16 +2m 6s | thequantuminsider_2024_01_03_how_can_smes_prepare_for_the_quantum_computing_era] Extracting interactions: https://thequantuminsider.com/2024/01/03/how-can-smes-prepare-for-the-quantum-computing-era (1/1), chunk 34/40
[23:58:18 +2m 7s | thequantuminsider_2024_01_03_how_can_smes_prepare_for_the_quantum_computing_era] Extracting interactions: https://thequantuminsider.com/2024/01/03/how-can-smes-prepare-for-the-quantum-computing-era (1/1), chunk 35/40
[23:58:19 +2m 9s | thequantuminsider_2024_01_03_how_can_smes_prepare_for_the_quantum_computing_era] Extracting interactions: https://thequantuminsider.com/2024/01/03/how-can-smes-prepare-for-the-quantum-computing-era (1/1), chunk 36/40
[23:58:21 +2m 10s | thequantuminsider_2024_01_03_how_can_smes_prepare_for_the_quantum_computing_era] Extracting interactions: https://thequantuminsider.com/2024/01/03/how-can-smes-prepare-for-the-quantum-computing-era (1/1), chunk 37/40
[23:58:24 +2m 13s | thequantuminsider_2024_01_03_how_can_smes_prepare_for_the_quantum_computing_era] Extracting interactions: https://thequantuminsider.com/2024/01/03/how-can-smes-prepare-for-the-quantum-computing-era (1/1), chunk 38/40
[23:58:25 +2m 15s | thequantuminsider_2024_01_03_how_can_smes_prepare_for_the_quantum_computing_era] Extracting interactions: https://thequantuminsider.com/2024/01/03/how-can-smes-prepare-for-the-quantum-computing-era (1/1), chunk 39/40
[23:58:27 +2m 16s | thequantuminsider_2024_01_03_how_can_smes_prepare_for_the_quantum_computing_era] Extracting interactions: https://thequantuminsider.com/2024/01/03/how-can-smes-prepare-for-the-quantum-computing-era (1/1), chunk 40/40
[23:58:29 +2m 18s | thequantuminsider_2024_01_03_how_can_smes_prepare_for_the_quantum_computing_era] Saved 3_interaction_results.json with 20 extracted interactions.

[23:58:29 +2m 18s | thequantuminsider_2024_01_03_how_can_smes_prepare_for_the_quantum_computing_era] === 4 clean interactions ===
[23:58:29 +2m 19s | thequantuminsider_2024_01_03_how_can_smes_prepare_for_the_quantum_computing_era] Saved 4_edges.json with 3 cleaned interactions.

[23:58:29 +2m 19s | thequantuminsider_2024_01_03_how_can_smes_prepare_for_the_quantum_computing_era] === 5 helix enrichment ===
[23:58:29 +2m 19s | thequantuminsider_2024_01_03_how_can_smes_prepare_for_the_quantum_computing_era] Wrote 5_nodes.json (22 actors)
[23:58:29 +2m 19s | thequantuminsider_2024_01_03_how_can_smes_prepare_for_the_quantum_computing_era] Wrote 5_edges.json (3 interactions)
[23:58:29 +2m 19s | thequantuminsider_2024_01_03_how_can_smes_prepare_for_the_quantum_computing_era] Actor helix counts: {'Academia': 1, 'Civil Society': 5, 'Industry': 4, 'Intermediary': 1, 'Unknown': 11}
[23:58:29 +2m 19s | thequantuminsider_2024_01_03_how_can_smes_prepare_for_the_quantum_computing_era] Functional-space counts: {'Intra-helix / Not classified': 2, 'Unknown': 1}

[23:58:29 +2m 19s | thequantuminsider_2024_01_03_how_can_smes_prepare_for_the_quantum_computing_era] === 6 network visualisation ===
[23:58:29 +2m 19s | thequantuminsider_2024_01_03_how_can_smes_prepare_for_the_quantum_computing_era] Wrote quantum_network.html
[23:58:29 +2m 19s | thequantuminsider_2024_01_03_how_can_smes_prepare_for_the_quantum_computing_era] Nodes: 22
[23:58:29 +2m 19s | thequantuminsider_2024_01_03_how_can_smes_prepare_for_the_quantum_computing_era] Edges: 3

[23:58:29 +2m 19s | thequantuminsider_2024_01_03_how_can_smes_prepare_for_the_quantum_computing_era] Done. Outputs written to: /home/lv/IDP/idpdeeptech/pipeline/news_outputs/thequantuminsider_2024_01_03_how_can_smes_prepare_for_the_quantum_computing_era
[23:58:29 +2m 19s | thequantuminsider_2024_01_03_how_can_smes_prepare_for_the_quantum_computing_era] Log: /home/lv/IDP/idpdeeptech/pipeline/news_outputs/thequantuminsider_2024_01_03_how_can_smes_prepare_for_the_quantum_computing_era/run.log

========================================================================
RUN FINISHED 2026-07-04 23:58:29  (OK)
Started:     2026-07-04 23:56:13
Elapsed:     2m 19s
========================================================================
