
========================================================================
RUN STARTED  2026-07-04 23:37:41
site_pipeline.py https://thequantuminsider.com/2023/12/18/qanplatform-signs-15-million-vc-deal-for-its-quantum-resistant-layer-1-blockchain/
========================================================================

[23:37:41 +0s | thequantuminsider_2023_12_18_qanplatform_signs_15_million_vc_deal_for_its_quantum_resista_5b6fa878] === 0 crawl site ===

========================================================================
RUN FINISHED 2026-07-04 23:37:42  (INTERRUPTED)
Started:     2026-07-04 23:37:41
Elapsed:     1s
========================================================================

========================================================================
RUN STARTED  2026-07-05 00:28:05
site_pipeline.py https://thequantuminsider.com/2023/12/18/qanplatform-signs-15-million-vc-deal-for-its-quantum-resistant-layer-1-blockchain/
========================================================================

[00:28:05 +0s | thequantuminsider_2023_12_18_qanplatform_signs_15_million_vc_deal_for_its_quantum_resista_5b6fa878] === 0 crawl site ===
[00:28:07 +2s | thequantuminsider_2023_12_18_qanplatform_signs_15_million_vc_deal_for_its_quantum_resista_5b6fa878] [INIT].... → Crawl4AI 0.8.6 
[00:28:09 +5s | thequantuminsider_2023_12_18_qanplatform_signs_15_million_vc_deal_for_its_quantum_resista_5b6fa878] [FETCH]... ↓ https://thequantuminsider.com/2023/12/18/qanplat...al-for-its-quantum-resistant-layer-1-blockchain/  | ✓ | ⏱: 2.30s 
[00:28:09 +5s | thequantuminsider_2023_12_18_qanplatform_signs_15_million_vc_deal_for_its_quantum_resista_5b6fa878] [SCRAPE].. ◆ https://thequantuminsider.com/2023/12/18/qanplat...al-for-its-quantum-resistant-layer-1-blockchain/  | ✓ | ⏱: 0.11s 
[00:28:09 +5s | thequantuminsider_2023_12_18_qanplatform_signs_15_million_vc_deal_for_its_quantum_resista_5b6fa878] [COMPLETE] ● https://thequantuminsider.com/2023/12/18/qanplat...al-for-its-quantum-resistant-layer-1-blockchain/  | ✓ | ⏱: 2.43s 
[00:28:09 +5s | thequantuminsider_2023_12_18_qanplatform_signs_15_million_vc_deal_for_its_quantum_resista_5b6fa878] Saved: crawl_output/f3ece1cc96_thequantuminsider.com_2023_12_18_qanplatform-signs-15-million-vc-deal-for-its-quantum-resistant-layer-1-blockchain.json

[00:28:09 +5s | thequantuminsider_2023_12_18_qanplatform_signs_15_million_vc_deal_for_its_quantum_resista_5b6fa878] === 1 actor extraction ===
[00:28:10 +5s | thequantuminsider_2023_12_18_qanplatform_signs_15_million_vc_deal_for_its_quantum_resista_5b6fa878] Reading page (1/1): https://thequantuminsider.com/2023/12/18/qanplatform-signs-15-million-vc-deal-for-its-quantum-resistant-layer-1-blockchain
[00:28:10 +5s | thequantuminsider_2023_12_18_qanplatform_signs_15_million_vc_deal_for_its_quantum_resista_5b6fa878] Extracting actors: https://thequantuminsider.com/2023/12/18/qanplatform-signs-15-million-vc-deal-for-its-quantum-resistant-layer-1-blockchain (1/1), chunk 1/39
[00:28:18 +13s | thequantuminsider_2023_12_18_qanplatform_signs_15_million_vc_deal_for_its_quantum_resista_5b6fa878] Extracting actors: https://thequantuminsider.com/2023/12/18/qanplatform-signs-15-million-vc-deal-for-its-quantum-resistant-layer-1-blockchain (1/1), chunk 2/39
[00:28:22 +18s | thequantuminsider_2023_12_18_qanplatform_signs_15_million_vc_deal_for_its_quantum_resista_5b6fa878] Extracting actors: https://thequantuminsider.com/2023/12/18/qanplatform-signs-15-million-vc-deal-for-its-quantum-resistant-layer-1-blockchain (1/1), chunk 3/39
[00:28:28 +24s | thequantuminsider_2023_12_18_qanplatform_signs_15_million_vc_deal_for_its_quantum_resista_5b6fa878] Extracting actors: https://thequantuminsider.com/2023/12/18/qanplatform-signs-15-million-vc-deal-for-its-quantum-resistant-layer-1-blockchain (1/1), chunk 4/39
[00:28:35 +31s | thequantuminsider_2023_12_18_qanplatform_signs_15_million_vc_deal_for_its_quantum_resista_5b6fa878] Extracting actors: https://thequantuminsider.com/2023/12/18/qanplatform-signs-15-million-vc-deal-for-its-quantum-resistant-layer-1-blockchain (1/1), chunk 5/39
[00:28:40 +36s | thequantuminsider_2023_12_18_qanplatform_signs_15_million_vc_deal_for_its_quantum_resista_5b6fa878] Extracting actors: https://thequantuminsider.com/2023/12/18/qanplatform-signs-15-million-vc-deal-for-its-quantum-resistant-layer-1-blockchain (1/1), chunk 6/39
[00:29:05 +1m 1s | thequantuminsider_2023_12_18_qanplatform_signs_15_million_vc_deal_for_its_quantum_resista_5b6fa878] Extracting actors: https://thequantuminsider.com/2023/12/18/qanplatform-signs-15-million-vc-deal-for-its-quantum-resistant-layer-1-blockchain (1/1), chunk 7/39
[00:29:12 +1m 8s | thequantuminsider_2023_12_18_qanplatform_signs_15_million_vc_deal_for_its_quantum_resista_5b6fa878] Extracting actors: https://thequantuminsider.com/2023/12/18/qanplatform-signs-15-million-vc-deal-for-its-quantum-resistant-layer-1-blockchain (1/1), chunk 8/39
[00:29:20 +1m 17s | thequantuminsider_2023_12_18_qanplatform_signs_15_million_vc_deal_for_its_quantum_resista_5b6fa878] Extracting actors: https://thequantuminsider.com/2023/12/18/qanplatform-signs-15-million-vc-deal-for-its-quantum-resistant-layer-1-blockchain (1/1), chunk 9/39
[00:29:29 +1m 26s | thequantuminsider_2023_12_18_qanplatform_signs_15_million_vc_deal_for_its_quantum_resista_5b6fa878] Extracting actors: https://thequantuminsider.com/2023/12/18/qanplatform-signs-15-million-vc-deal-for-its-quantum-resistant-layer-1-blockchain (1/1), chunk 10/39
[00:29:35 +1m 32s | thequantuminsider_2023_12_18_qanplatform_signs_15_million_vc_deal_for_its_quantum_resista_5b6fa878] Extracting actors: https://thequantuminsider.com/2023/12/18/qanplatform-signs-15-million-vc-deal-for-its-quantum-resistant-layer-1-blockchain (1/1), chunk 11/39
[00:29:43 +1m 40s | thequantuminsider_2023_12_18_qanplatform_signs_15_million_vc_deal_for_its_quantum_resista_5b6fa878] Extracting actors: https://thequantuminsider.com/2023/12/18/qanplatform-signs-15-million-vc-deal-for-its-quantum-resistant-layer-1-blockchain (1/1), chunk 12/39
[00:29:49 +1m 47s | thequantuminsider_2023_12_18_qanplatform_signs_15_million_vc_deal_for_its_quantum_resista_5b6fa878] Repaired malformed JSON.
[00:29:49 +1m 47s | thequantuminsider_2023_12_18_qanplatform_signs_15_million_vc_deal_for_its_quantum_resista_5b6fa878] Extracting actors: https://thequantuminsider.com/2023/12/18/qanplatform-signs-15-million-vc-deal-for-its-quantum-resistant-layer-1-blockchain (1/1), chunk 13/39
[00:29:56 +1m 54s | thequantuminsider_2023_12_18_qanplatform_signs_15_million_vc_deal_for_its_quantum_resista_5b6fa878] Repaired malformed JSON.
[00:29:56 +1m 54s | thequantuminsider_2023_12_18_qanplatform_signs_15_million_vc_deal_for_its_quantum_resista_5b6fa878] Extracting actors: https://thequantuminsider.com/2023/12/18/qanplatform-signs-15-million-vc-deal-for-its-quantum-resistant-layer-1-blockchain (1/1), chunk 14/39
[00:30:06 +2m 4s | thequantuminsider_2023_12_18_qanplatform_signs_15_million_vc_deal_for_its_quantum_resista_5b6fa878] Repaired malformed JSON.
[00:30:06 +2m 4s | thequantuminsider_2023_12_18_qanplatform_signs_15_million_vc_deal_for_its_quantum_resista_5b6fa878] Extracting actors: https://thequantuminsider.com/2023/12/18/qanplatform-signs-15-million-vc-deal-for-its-quantum-resistant-layer-1-blockchain (1/1), chunk 15/39
[00:30:15 +2m 14s | thequantuminsider_2023_12_18_qanplatform_signs_15_million_vc_deal_for_its_quantum_resista_5b6fa878] Repaired malformed JSON.
[00:30:15 +2m 14s | thequantuminsider_2023_12_18_qanplatform_signs_15_million_vc_deal_for_its_quantum_resista_5b6fa878] Extracting actors: https://thequantuminsider.com/2023/12/18/qanplatform-signs-15-million-vc-deal-for-its-quantum-resistant-layer-1-blockchain (1/1), chunk 16/39
[00:30:25 +2m 23s | thequantuminsider_2023_12_18_qanplatform_signs_15_million_vc_deal_for_its_quantum_resista_5b6fa878] Repaired malformed JSON.
[00:30:25 +2m 23s | thequantuminsider_2023_12_18_qanplatform_signs_15_million_vc_deal_for_its_quantum_resista_5b6fa878] Extracting actors: https://thequantuminsider.com/2023/12/18/qanplatform-signs-15-million-vc-deal-for-its-quantum-resistant-layer-1-blockchain (1/1), chunk 17/39
[00:30:33 +2m 32s | thequantuminsider_2023_12_18_qanplatform_signs_15_million_vc_deal_for_its_quantum_resista_5b6fa878] Repaired malformed JSON.
[00:30:33 +2m 32s | thequantuminsider_2023_12_18_qanplatform_signs_15_million_vc_deal_for_its_quantum_resista_5b6fa878] Extracting actors: https://thequantuminsider.com/2023/12/18/qanplatform-signs-15-million-vc-deal-for-its-quantum-resistant-layer-1-blockchain (1/1), chunk 18/39
[00:30:43 +2m 42s | thequantuminsider_2023_12_18_qanplatform_signs_15_million_vc_deal_for_its_quantum_resista_5b6fa878] Repaired malformed JSON.
[00:30:43 +2m 42s | thequantuminsider_2023_12_18_qanplatform_signs_15_million_vc_deal_for_its_quantum_resista_5b6fa878] Extracting actors: https://thequantuminsider.com/2023/12/18/qanplatform-signs-15-million-vc-deal-for-its-quantum-resistant-layer-1-blockchain (1/1), chunk 19/39
[00:30:49 +2m 48s | thequantuminsider_2023_12_18_qanplatform_signs_15_million_vc_deal_for_its_quantum_resista_5b6fa878] Repaired malformed JSON.
[00:30:49 +2m 48s | thequantuminsider_2023_12_18_qanplatform_signs_15_million_vc_deal_for_its_quantum_resista_5b6fa878] Extracting actors: https://thequantuminsider.com/2023/12/18/qanplatform-signs-15-million-vc-deal-for-its-quantum-resistant-layer-1-blockchain (1/1), chunk 20/39
[00:30:58 +2m 57s | thequantuminsider_2023_12_18_qanplatform_signs_15_million_vc_deal_for_its_quantum_resista_5b6fa878] Repaired malformed JSON.
[00:30:58 +2m 57s | thequantuminsider_2023_12_18_qanplatform_signs_15_million_vc_deal_for_its_quantum_resista_5b6fa878] Extracting actors: https://thequantuminsider.com/2023/12/18/qanplatform-signs-15-million-vc-deal-for-its-quantum-resistant-layer-1-blockchain (1/1), chunk 21/39
[00:31:05 +3m 4s | thequantuminsider_2023_12_18_qanplatform_signs_15_million_vc_deal_for_its_quantum_resista_5b6fa878] Repaired malformed JSON.
[00:31:05 +3m 4s | thequantuminsider_2023_12_18_qanplatform_signs_15_million_vc_deal_for_its_quantum_resista_5b6fa878] Extracting actors: https://thequantuminsider.com/2023/12/18/qanplatform-signs-15-million-vc-deal-for-its-quantum-resistant-layer-1-blockchain (1/1), chunk 22/39
[00:31:31 +3m 31s | thequantuminsider_2023_12_18_qanplatform_signs_15_million_vc_deal_for_its_quantum_resista_5b6fa878] Repaired malformed JSON.
[00:31:31 +3m 31s | thequantuminsider_2023_12_18_qanplatform_signs_15_million_vc_deal_for_its_quantum_resista_5b6fa878] Extracting actors: https://thequantuminsider.com/2023/12/18/qanplatform-signs-15-million-vc-deal-for-its-quantum-resistant-layer-1-blockchain (1/1), chunk 23/39
[00:31:39 +3m 39s | thequantuminsider_2023_12_18_qanplatform_signs_15_million_vc_deal_for_its_quantum_resista_5b6fa878] Repaired malformed JSON.
[00:31:39 +3m 39s | thequantuminsider_2023_12_18_qanplatform_signs_15_million_vc_deal_for_its_quantum_resista_5b6fa878] Extracting actors: https://thequantuminsider.com/2023/12/18/qanplatform-signs-15-million-vc-deal-for-its-quantum-resistant-layer-1-blockchain (1/1), chunk 24/39
[00:31:45 +3m 46s | thequantuminsider_2023_12_18_qanplatform_signs_15_million_vc_deal_for_its_quantum_resista_5b6fa878] Repaired malformed JSON.
[00:31:45 +3m 46s | thequantuminsider_2023_12_18_qanplatform_signs_15_million_vc_deal_for_its_quantum_resista_5b6fa878] Extracting actors: https://thequantuminsider.com/2023/12/18/qanplatform-signs-15-million-vc-deal-for-its-quantum-resistant-layer-1-blockchain (1/1), chunk 25/39
[00:31:52 +3m 53s | thequantuminsider_2023_12_18_qanplatform_signs_15_million_vc_deal_for_its_quantum_resista_5b6fa878] Repaired malformed JSON.
[00:31:52 +3m 53s | thequantuminsider_2023_12_18_qanplatform_signs_15_million_vc_deal_for_its_quantum_resista_5b6fa878] Extracting actors: https://thequantuminsider.com/2023/12/18/qanplatform-signs-15-million-vc-deal-for-its-quantum-resistant-layer-1-blockchain (1/1), chunk 26/39
[00:31:58 +3m 59s | thequantuminsider_2023_12_18_qanplatform_signs_15_million_vc_deal_for_its_quantum_resista_5b6fa878] Repaired malformed JSON.
[00:31:58 +3m 59s | thequantuminsider_2023_12_18_qanplatform_signs_15_million_vc_deal_for_its_quantum_resista_5b6fa878] Extracting actors: https://thequantuminsider.com/2023/12/18/qanplatform-signs-15-million-vc-deal-for-its-quantum-resistant-layer-1-blockchain (1/1), chunk 27/39
[00:32:02 +4m 3s | thequantuminsider_2023_12_18_qanplatform_signs_15_million_vc_deal_for_its_quantum_resista_5b6fa878] Extracting actors: https://thequantuminsider.com/2023/12/18/qanplatform-signs-15-million-vc-deal-for-its-quantum-resistant-layer-1-blockchain (1/1), chunk 28/39
[00:32:10 +4m 11s | thequantuminsider_2023_12_18_qanplatform_signs_15_million_vc_deal_for_its_quantum_resista_5b6fa878] Repaired malformed JSON.
[00:32:10 +4m 11s | thequantuminsider_2023_12_18_qanplatform_signs_15_million_vc_deal_for_its_quantum_resista_5b6fa878] Extracting actors: https://thequantuminsider.com/2023/12/18/qanplatform-signs-15-million-vc-deal-for-its-quantum-resistant-layer-1-blockchain (1/1), chunk 29/39
[00:32:22 +4m 24s | thequantuminsider_2023_12_18_qanplatform_signs_15_million_vc_deal_for_its_quantum_resista_5b6fa878] Extracting actors: https://thequantuminsider.com/2023/12/18/qanplatform-signs-15-million-vc-deal-for-its-quantum-resistant-layer-1-blockchain (1/1), chunk 30/39
[00:32:46 +4m 48s | thequantuminsider_2023_12_18_qanplatform_signs_15_million_vc_deal_for_its_quantum_resista_5b6fa878] Extracting actors: https://thequantuminsider.com/2023/12/18/qanplatform-signs-15-million-vc-deal-for-its-quantum-resistant-layer-1-blockchain (1/1), chunk 31/39
[00:32:54 +4m 56s | thequantuminsider_2023_12_18_qanplatform_signs_15_million_vc_deal_for_its_quantum_resista_5b6fa878] Repaired malformed JSON.
[00:32:54 +4m 56s | thequantuminsider_2023_12_18_qanplatform_signs_15_million_vc_deal_for_its_quantum_resista_5b6fa878] Extracting actors: https://thequantuminsider.com/2023/12/18/qanplatform-signs-15-million-vc-deal-for-its-quantum-resistant-layer-1-blockchain (1/1), chunk 32/39
[00:33:01 +5m 4s | thequantuminsider_2023_12_18_qanplatform_signs_15_million_vc_deal_for_its_quantum_resista_5b6fa878] Repaired malformed JSON.
[00:33:01 +5m 4s | thequantuminsider_2023_12_18_qanplatform_signs_15_million_vc_deal_for_its_quantum_resista_5b6fa878] Extracting actors: https://thequantuminsider.com/2023/12/18/qanplatform-signs-15-million-vc-deal-for-its-quantum-resistant-layer-1-blockchain (1/1), chunk 33/39
[00:33:07 +5m 9s | thequantuminsider_2023_12_18_qanplatform_signs_15_million_vc_deal_for_its_quantum_resista_5b6fa878] Repaired malformed JSON.
[00:33:07 +5m 9s | thequantuminsider_2023_12_18_qanplatform_signs_15_million_vc_deal_for_its_quantum_resista_5b6fa878] Extracting actors: https://thequantuminsider.com/2023/12/18/qanplatform-signs-15-million-vc-deal-for-its-quantum-resistant-layer-1-blockchain (1/1), chunk 34/39
[00:33:13 +5m 15s | thequantuminsider_2023_12_18_qanplatform_signs_15_million_vc_deal_for_its_quantum_resista_5b6fa878] Extracting actors: https://thequantuminsider.com/2023/12/18/qanplatform-signs-15-million-vc-deal-for-its-quantum-resistant-layer-1-blockchain (1/1), chunk 35/39
[00:33:21 +5m 24s | thequantuminsider_2023_12_18_qanplatform_signs_15_million_vc_deal_for_its_quantum_resista_5b6fa878] Repaired malformed JSON.
[00:33:21 +5m 24s | thequantuminsider_2023_12_18_qanplatform_signs_15_million_vc_deal_for_its_quantum_resista_5b6fa878] Extracting actors: https://thequantuminsider.com/2023/12/18/qanplatform-signs-15-million-vc-deal-for-its-quantum-resistant-layer-1-blockchain (1/1), chunk 36/39
[00:33:38 +5m 41s | thequantuminsider_2023_12_18_qanplatform_signs_15_million_vc_deal_for_its_quantum_resista_5b6fa878] Repaired malformed JSON.
[00:33:38 +5m 41s | thequantuminsider_2023_12_18_qanplatform_signs_15_million_vc_deal_for_its_quantum_resista_5b6fa878] Extracting actors: https://thequantuminsider.com/2023/12/18/qanplatform-signs-15-million-vc-deal-for-its-quantum-resistant-layer-1-blockchain (1/1), chunk 37/39
[00:33:52 +5m 56s | thequantuminsider_2023_12_18_qanplatform_signs_15_million_vc_deal_for_its_quantum_resista_5b6fa878] Repaired malformed JSON.
[00:33:52 +5m 56s | thequantuminsider_2023_12_18_qanplatform_signs_15_million_vc_deal_for_its_quantum_resista_5b6fa878] Extracting actors: https://thequantuminsider.com/2023/12/18/qanplatform-signs-15-million-vc-deal-for-its-quantum-resistant-layer-1-blockchain (1/1), chunk 38/39
[00:34:02 +6m 6s | thequantuminsider_2023_12_18_qanplatform_signs_15_million_vc_deal_for_its_quantum_resista_5b6fa878] Repaired malformed JSON.
[00:34:02 +6m 6s | thequantuminsider_2023_12_18_qanplatform_signs_15_million_vc_deal_for_its_quantum_resista_5b6fa878] Extracting actors: https://thequantuminsider.com/2023/12/18/qanplatform-signs-15-million-vc-deal-for-its-quantum-resistant-layer-1-blockchain (1/1), chunk 39/39
[00:34:13 +6m 17s | thequantuminsider_2023_12_18_qanplatform_signs_15_million_vc_deal_for_its_quantum_resista_5b6fa878] Saved 1_actor_results.json with 57 extracted records

[00:34:13 +6m 17s | thequantuminsider_2023_12_18_qanplatform_signs_15_million_vc_deal_for_its_quantum_resista_5b6fa878] === 2 clean actors ===
[00:34:13 +6m 17s | thequantuminsider_2023_12_18_qanplatform_signs_15_million_vc_deal_for_its_quantum_resista_5b6fa878] Loaded 57 extracted records
[00:34:13 +6m 17s | thequantuminsider_2023_12_18_qanplatform_signs_15_million_vc_deal_for_its_quantum_resista_5b6fa878] Saved 2_actor_nodes.json with 15 canonical actor nodes

[00:34:13 +6m 17s | thequantuminsider_2023_12_18_qanplatform_signs_15_million_vc_deal_for_its_quantum_resista_5b6fa878] === 3 interaction extraction ===
[00:34:14 +6m 18s | thequantuminsider_2023_12_18_qanplatform_signs_15_million_vc_deal_for_its_quantum_resista_5b6fa878] Extracting interactions: https://thequantuminsider.com/2023/12/18/qanplatform-signs-15-million-vc-deal-for-its-quantum-resistant-layer-1-blockchain (1/1), chunk 12/39
[00:34:54 +6m 59s | thequantuminsider_2023_12_18_qanplatform_signs_15_million_vc_deal_for_its_quantum_resista_5b6fa878] Extracting interactions: https://thequantuminsider.com/2023/12/18/qanplatform-signs-15-million-vc-deal-for-its-quantum-resistant-layer-1-blockchain (1/1), chunk 13/39
[00:34:58 +7m 3s | thequantuminsider_2023_12_18_qanplatform_signs_15_million_vc_deal_for_its_quantum_resista_5b6fa878] Extracting interactions: https://thequantuminsider.com/2023/12/18/qanplatform-signs-15-million-vc-deal-for-its-quantum-resistant-layer-1-blockchain (1/1), chunk 14/39
[00:35:04 +7m 10s | thequantuminsider_2023_12_18_qanplatform_signs_15_million_vc_deal_for_its_quantum_resista_5b6fa878] Extracting interactions: https://thequantuminsider.com/2023/12/18/qanplatform-signs-15-million-vc-deal-for-its-quantum-resistant-layer-1-blockchain (1/1), chunk 15/39
[00:35:10 +7m 16s | thequantuminsider_2023_12_18_qanplatform_signs_15_million_vc_deal_for_its_quantum_resista_5b6fa878] Extracting interactions: https://thequantuminsider.com/2023/12/18/qanplatform-signs-15-million-vc-deal-for-its-quantum-resistant-layer-1-blockchain (1/1), chunk 17/39
[00:35:22 +7m 27s | thequantuminsider_2023_12_18_qanplatform_signs_15_million_vc_deal_for_its_quantum_resista_5b6fa878] Extracting interactions: https://thequantuminsider.com/2023/12/18/qanplatform-signs-15-million-vc-deal-for-its-quantum-resistant-layer-1-blockchain (1/1), chunk 18/39
[00:35:29 +7m 34s | thequantuminsider_2023_12_18_qanplatform_signs_15_million_vc_deal_for_its_quantum_resista_5b6fa878] Extracting interactions: https://thequantuminsider.com/2023/12/18/qanplatform-signs-15-million-vc-deal-for-its-quantum-resistant-layer-1-blockchain (1/1), chunk 19/39
[00:35:33 +7m 39s | thequantuminsider_2023_12_18_qanplatform_signs_15_million_vc_deal_for_its_quantum_resista_5b6fa878] Extracting interactions: https://thequantuminsider.com/2023/12/18/qanplatform-signs-15-million-vc-deal-for-its-quantum-resistant-layer-1-blockchain (1/1), chunk 21/39
[00:35:35 +7m 41s | thequantuminsider_2023_12_18_qanplatform_signs_15_million_vc_deal_for_its_quantum_resista_5b6fa878] Extracting interactions: https://thequantuminsider.com/2023/12/18/qanplatform-signs-15-million-vc-deal-for-its-quantum-resistant-layer-1-blockchain (1/1), chunk 22/39
[00:35:37 +7m 43s | thequantuminsider_2023_12_18_qanplatform_signs_15_million_vc_deal_for_its_quantum_resista_5b6fa878] Extracting interactions: https://thequantuminsider.com/2023/12/18/qanplatform-signs-15-million-vc-deal-for-its-quantum-resistant-layer-1-blockchain (1/1), chunk 23/39
[00:35:45 +7m 52s | thequantuminsider_2023_12_18_qanplatform_signs_15_million_vc_deal_for_its_quantum_resista_5b6fa878] Extracting interactions: https://thequantuminsider.com/2023/12/18/qanplatform-signs-15-million-vc-deal-for-its-quantum-resistant-layer-1-blockchain (1/1), chunk 24/39
[00:35:50 +7m 57s | thequantuminsider_2023_12_18_qanplatform_signs_15_million_vc_deal_for_its_quantum_resista_5b6fa878] Extracting interactions: https://thequantuminsider.com/2023/12/18/qanplatform-signs-15-million-vc-deal-for-its-quantum-resistant-layer-1-blockchain (1/1), chunk 28/39
[00:35:52 +7m 58s | thequantuminsider_2023_12_18_qanplatform_signs_15_million_vc_deal_for_its_quantum_resista_5b6fa878] Extracting interactions: https://thequantuminsider.com/2023/12/18/qanplatform-signs-15-million-vc-deal-for-its-quantum-resistant-layer-1-blockchain (1/1), chunk 29/39
[00:35:53 +8m 0s | thequantuminsider_2023_12_18_qanplatform_signs_15_million_vc_deal_for_its_quantum_resista_5b6fa878] Extracting interactions: https://thequantuminsider.com/2023/12/18/qanplatform-signs-15-million-vc-deal-for-its-quantum-resistant-layer-1-blockchain (1/1), chunk 30/39
[00:36:00 +8m 6s | thequantuminsider_2023_12_18_qanplatform_signs_15_million_vc_deal_for_its_quantum_resista_5b6fa878] Extracting interactions: https://thequantuminsider.com/2023/12/18/qanplatform-signs-15-million-vc-deal-for-its-quantum-resistant-layer-1-blockchain (1/1), chunk 32/39
[00:36:02 +8m 9s | thequantuminsider_2023_12_18_qanplatform_signs_15_million_vc_deal_for_its_quantum_resista_5b6fa878] Extracting interactions: https://thequantuminsider.com/2023/12/18/qanplatform-signs-15-million-vc-deal-for-its-quantum-resistant-layer-1-blockchain (1/1), chunk 33/39
[00:36:04 +8m 11s | thequantuminsider_2023_12_18_qanplatform_signs_15_million_vc_deal_for_its_quantum_resista_5b6fa878] Extracting interactions: https://thequantuminsider.com/2023/12/18/qanplatform-signs-15-million-vc-deal-for-its-quantum-resistant-layer-1-blockchain (1/1), chunk 34/39
[00:36:07 +8m 14s | thequantuminsider_2023_12_18_qanplatform_signs_15_million_vc_deal_for_its_quantum_resista_5b6fa878] Extracting interactions: https://thequantuminsider.com/2023/12/18/qanplatform-signs-15-million-vc-deal-for-its-quantum-resistant-layer-1-blockchain (1/1), chunk 35/39
[00:36:08 +8m 16s | thequantuminsider_2023_12_18_qanplatform_signs_15_million_vc_deal_for_its_quantum_resista_5b6fa878] Extracting interactions: https://thequantuminsider.com/2023/12/18/qanplatform-signs-15-million-vc-deal-for-its-quantum-resistant-layer-1-blockchain (1/1), chunk 37/39
[00:36:10 +8m 18s | thequantuminsider_2023_12_18_qanplatform_signs_15_million_vc_deal_for_its_quantum_resista_5b6fa878] Extracting interactions: https://thequantuminsider.com/2023/12/18/qanplatform-signs-15-million-vc-deal-for-its-quantum-resistant-layer-1-blockchain (1/1), chunk 38/39
[00:36:13 +8m 20s | thequantuminsider_2023_12_18_qanplatform_signs_15_million_vc_deal_for_its_quantum_resista_5b6fa878] Saved 3_interaction_results.json with 8 extracted interactions.

[00:36:13 +8m 20s | thequantuminsider_2023_12_18_qanplatform_signs_15_million_vc_deal_for_its_quantum_resista_5b6fa878] === 4 clean interactions ===
[00:36:13 +8m 20s | thequantuminsider_2023_12_18_qanplatform_signs_15_million_vc_deal_for_its_quantum_resista_5b6fa878] Saved 4_edges.json with 2 cleaned interactions.

[00:36:13 +8m 20s | thequantuminsider_2023_12_18_qanplatform_signs_15_million_vc_deal_for_its_quantum_resista_5b6fa878] === 5 helix enrichment ===
[00:36:13 +8m 20s | thequantuminsider_2023_12_18_qanplatform_signs_15_million_vc_deal_for_its_quantum_resista_5b6fa878] Wrote 5_nodes.json (15 actors)
[00:36:13 +8m 20s | thequantuminsider_2023_12_18_qanplatform_signs_15_million_vc_deal_for_its_quantum_resista_5b6fa878] Wrote 5_edges.json (2 interactions)
[00:36:13 +8m 20s | thequantuminsider_2023_12_18_qanplatform_signs_15_million_vc_deal_for_its_quantum_resista_5b6fa878] Actor helix counts: {'Academia': 1, 'Civil Society': 2, 'Government': 1, 'Industry': 5, 'Intermediary': 1, 'Unknown': 5}
[00:36:13 +8m 20s | thequantuminsider_2023_12_18_qanplatform_signs_15_million_vc_deal_for_its_quantum_resista_5b6fa878] Functional-space counts: {'Consensus': 2}

[00:36:13 +8m 20s | thequantuminsider_2023_12_18_qanplatform_signs_15_million_vc_deal_for_its_quantum_resista_5b6fa878] === 6 network visualisation ===
[00:36:14 +8m 21s | thequantuminsider_2023_12_18_qanplatform_signs_15_million_vc_deal_for_its_quantum_resista_5b6fa878] Wrote quantum_network.html
[00:36:14 +8m 21s | thequantuminsider_2023_12_18_qanplatform_signs_15_million_vc_deal_for_its_quantum_resista_5b6fa878] Nodes: 15
[00:36:14 +8m 21s | thequantuminsider_2023_12_18_qanplatform_signs_15_million_vc_deal_for_its_quantum_resista_5b6fa878] Edges: 1

[00:36:14 +8m 21s | thequantuminsider_2023_12_18_qanplatform_signs_15_million_vc_deal_for_its_quantum_resista_5b6fa878] Done. Outputs written to: /home/lv/IDP/idpdeeptech/pipeline/news_outputs/thequantuminsider_2023_12_18_qanplatform_signs_15_million_vc_deal_for_its_quantum_resista_5b6fa878
[00:36:14 +8m 21s | thequantuminsider_2023_12_18_qanplatform_signs_15_million_vc_deal_for_its_quantum_resista_5b6fa878] Log: /home/lv/IDP/idpdeeptech/pipeline/news_outputs/thequantuminsider_2023_12_18_qanplatform_signs_15_million_vc_deal_for_its_quantum_resista_5b6fa878/run.log

========================================================================
RUN FINISHED 2026-07-05 00:36:14  (OK)
Started:     2026-07-05 00:28:05
Elapsed:     8m 21s
========================================================================
