
========================================================================
RUN STARTED  2026-07-05 01:42:29
site_pipeline.py https://thequantuminsider.com/2023/12/04/algorithmiq-runs-large-scale-error-mitigation-experiment-on-ibm-equipment/
========================================================================

[01:42:29 +0s | thequantuminsider_2023_12_04_algorithmiq_runs_large_scale_error_mitigation_experiment_on_7ddae47a] === 0 crawl site ===
[01:42:30 +1s | thequantuminsider_2023_12_04_algorithmiq_runs_large_scale_error_mitigation_experiment_on_7ddae47a] [INIT].... → Crawl4AI 0.8.6 
[01:42:32 +3s | thequantuminsider_2023_12_04_algorithmiq_runs_large_scale_error_mitigation_experiment_on_7ddae47a] [FETCH]... ↓ https://thequantuminsider.com/2023/12/04/algorit...le-error-mitigation-experiment-on-ibm-equipment/  | ✓ | ⏱: 1.88s 
[01:42:32 +3s | thequantuminsider_2023_12_04_algorithmiq_runs_large_scale_error_mitigation_experiment_on_7ddae47a] [SCRAPE].. ◆ https://thequantuminsider.com/2023/12/04/algorit...le-error-mitigation-experiment-on-ibm-equipment/  | ✓ | ⏱: 0.13s 
[01:42:32 +3s | thequantuminsider_2023_12_04_algorithmiq_runs_large_scale_error_mitigation_experiment_on_7ddae47a] [COMPLETE] ● https://thequantuminsider.com/2023/12/04/algorit...le-error-mitigation-experiment-on-ibm-equipment/  | ✓ | ⏱: 2.03s 
[01:42:32 +3s | thequantuminsider_2023_12_04_algorithmiq_runs_large_scale_error_mitigation_experiment_on_7ddae47a] Saved: crawl_output/73178bd049_thequantuminsider.com_2023_12_04_algorithmiq-runs-large-scale-error-mitigation-experiment-on-ibm-equipment.json

[01:42:33 +4s | thequantuminsider_2023_12_04_algorithmiq_runs_large_scale_error_mitigation_experiment_on_7ddae47a] === 1 actor extraction ===
[01:42:33 +4s | thequantuminsider_2023_12_04_algorithmiq_runs_large_scale_error_mitigation_experiment_on_7ddae47a] Reading page (1/1): https://thequantuminsider.com/2023/12/04/algorithmiq-runs-large-scale-error-mitigation-experiment-on-ibm-equipment
[01:42:33 +4s | thequantuminsider_2023_12_04_algorithmiq_runs_large_scale_error_mitigation_experiment_on_7ddae47a] Extracting actors: https://thequantuminsider.com/2023/12/04/algorithmiq-runs-large-scale-error-mitigation-experiment-on-ibm-equipment (1/1), chunk 1/39
[01:42:38 +10s | thequantuminsider_2023_12_04_algorithmiq_runs_large_scale_error_mitigation_experiment_on_7ddae47a] Repaired malformed JSON.
[01:42:38 +10s | thequantuminsider_2023_12_04_algorithmiq_runs_large_scale_error_mitigation_experiment_on_7ddae47a] Extracting actors: https://thequantuminsider.com/2023/12/04/algorithmiq-runs-large-scale-error-mitigation-experiment-on-ibm-equipment (1/1), chunk 2/39
[01:42:48 +20s | thequantuminsider_2023_12_04_algorithmiq_runs_large_scale_error_mitigation_experiment_on_7ddae47a] Repaired malformed JSON.
[01:42:48 +20s | thequantuminsider_2023_12_04_algorithmiq_runs_large_scale_error_mitigation_experiment_on_7ddae47a] Extracting actors: https://thequantuminsider.com/2023/12/04/algorithmiq-runs-large-scale-error-mitigation-experiment-on-ibm-equipment (1/1), chunk 3/39
[01:42:54 +26s | thequantuminsider_2023_12_04_algorithmiq_runs_large_scale_error_mitigation_experiment_on_7ddae47a] Repaired malformed JSON.
[01:42:54 +26s | thequantuminsider_2023_12_04_algorithmiq_runs_large_scale_error_mitigation_experiment_on_7ddae47a] Extracting actors: https://thequantuminsider.com/2023/12/04/algorithmiq-runs-large-scale-error-mitigation-experiment-on-ibm-equipment (1/1), chunk 4/39
[01:42:59 +31s | thequantuminsider_2023_12_04_algorithmiq_runs_large_scale_error_mitigation_experiment_on_7ddae47a] Extracting actors: https://thequantuminsider.com/2023/12/04/algorithmiq-runs-large-scale-error-mitigation-experiment-on-ibm-equipment (1/1), chunk 5/39
[01:43:07 +39s | thequantuminsider_2023_12_04_algorithmiq_runs_large_scale_error_mitigation_experiment_on_7ddae47a] Repaired malformed JSON.
[01:43:07 +39s | thequantuminsider_2023_12_04_algorithmiq_runs_large_scale_error_mitigation_experiment_on_7ddae47a] Extracting actors: https://thequantuminsider.com/2023/12/04/algorithmiq-runs-large-scale-error-mitigation-experiment-on-ibm-equipment (1/1), chunk 6/39
[01:43:11 +44s | thequantuminsider_2023_12_04_algorithmiq_runs_large_scale_error_mitigation_experiment_on_7ddae47a] Repaired malformed JSON.
[01:43:11 +44s | thequantuminsider_2023_12_04_algorithmiq_runs_large_scale_error_mitigation_experiment_on_7ddae47a] Extracting actors: https://thequantuminsider.com/2023/12/04/algorithmiq-runs-large-scale-error-mitigation-experiment-on-ibm-equipment (1/1), chunk 7/39
[01:43:19 +52s | thequantuminsider_2023_12_04_algorithmiq_runs_large_scale_error_mitigation_experiment_on_7ddae47a] Repaired malformed JSON.
[01:43:19 +52s | thequantuminsider_2023_12_04_algorithmiq_runs_large_scale_error_mitigation_experiment_on_7ddae47a] Extracting actors: https://thequantuminsider.com/2023/12/04/algorithmiq-runs-large-scale-error-mitigation-experiment-on-ibm-equipment (1/1), chunk 8/39
[01:43:26 +1m 0s | thequantuminsider_2023_12_04_algorithmiq_runs_large_scale_error_mitigation_experiment_on_7ddae47a] Repaired malformed JSON.
[01:43:26 +1m 0s | thequantuminsider_2023_12_04_algorithmiq_runs_large_scale_error_mitigation_experiment_on_7ddae47a] Extracting actors: https://thequantuminsider.com/2023/12/04/algorithmiq-runs-large-scale-error-mitigation-experiment-on-ibm-equipment (1/1), chunk 9/39
[01:43:31 +1m 4s | thequantuminsider_2023_12_04_algorithmiq_runs_large_scale_error_mitigation_experiment_on_7ddae47a] Extracting actors: https://thequantuminsider.com/2023/12/04/algorithmiq-runs-large-scale-error-mitigation-experiment-on-ibm-equipment (1/1), chunk 10/39
[01:43:37 +1m 11s | thequantuminsider_2023_12_04_algorithmiq_runs_large_scale_error_mitigation_experiment_on_7ddae47a] Extracting actors: https://thequantuminsider.com/2023/12/04/algorithmiq-runs-large-scale-error-mitigation-experiment-on-ibm-equipment (1/1), chunk 11/39
[01:43:43 +1m 17s | thequantuminsider_2023_12_04_algorithmiq_runs_large_scale_error_mitigation_experiment_on_7ddae47a] Repaired malformed JSON.
[01:43:43 +1m 17s | thequantuminsider_2023_12_04_algorithmiq_runs_large_scale_error_mitigation_experiment_on_7ddae47a] Extracting actors: https://thequantuminsider.com/2023/12/04/algorithmiq-runs-large-scale-error-mitigation-experiment-on-ibm-equipment (1/1), chunk 12/39
[01:43:49 +1m 23s | thequantuminsider_2023_12_04_algorithmiq_runs_large_scale_error_mitigation_experiment_on_7ddae47a] Repaired malformed JSON.
[01:43:49 +1m 23s | thequantuminsider_2023_12_04_algorithmiq_runs_large_scale_error_mitigation_experiment_on_7ddae47a] Extracting actors: https://thequantuminsider.com/2023/12/04/algorithmiq-runs-large-scale-error-mitigation-experiment-on-ibm-equipment (1/1), chunk 13/39
[01:43:59 +1m 33s | thequantuminsider_2023_12_04_algorithmiq_runs_large_scale_error_mitigation_experiment_on_7ddae47a] Repaired malformed JSON.
[01:43:59 +1m 33s | thequantuminsider_2023_12_04_algorithmiq_runs_large_scale_error_mitigation_experiment_on_7ddae47a] Extracting actors: https://thequantuminsider.com/2023/12/04/algorithmiq-runs-large-scale-error-mitigation-experiment-on-ibm-equipment (1/1), chunk 14/39
[01:44:08 +1m 42s | thequantuminsider_2023_12_04_algorithmiq_runs_large_scale_error_mitigation_experiment_on_7ddae47a] Repaired malformed JSON.
[01:44:08 +1m 42s | thequantuminsider_2023_12_04_algorithmiq_runs_large_scale_error_mitigation_experiment_on_7ddae47a] Extracting actors: https://thequantuminsider.com/2023/12/04/algorithmiq-runs-large-scale-error-mitigation-experiment-on-ibm-equipment (1/1), chunk 15/39
[01:44:15 +1m 50s | thequantuminsider_2023_12_04_algorithmiq_runs_large_scale_error_mitigation_experiment_on_7ddae47a] Repaired malformed JSON.
[01:44:15 +1m 50s | thequantuminsider_2023_12_04_algorithmiq_runs_large_scale_error_mitigation_experiment_on_7ddae47a] Extracting actors: https://thequantuminsider.com/2023/12/04/algorithmiq-runs-large-scale-error-mitigation-experiment-on-ibm-equipment (1/1), chunk 16/39
[01:44:24 +2m 0s | thequantuminsider_2023_12_04_algorithmiq_runs_large_scale_error_mitigation_experiment_on_7ddae47a] Repaired malformed JSON.
[01:44:24 +2m 0s | thequantuminsider_2023_12_04_algorithmiq_runs_large_scale_error_mitigation_experiment_on_7ddae47a] Extracting actors: https://thequantuminsider.com/2023/12/04/algorithmiq-runs-large-scale-error-mitigation-experiment-on-ibm-equipment (1/1), chunk 17/39
[01:44:33 +2m 8s | thequantuminsider_2023_12_04_algorithmiq_runs_large_scale_error_mitigation_experiment_on_7ddae47a] Repaired malformed JSON.
[01:44:33 +2m 8s | thequantuminsider_2023_12_04_algorithmiq_runs_large_scale_error_mitigation_experiment_on_7ddae47a] Extracting actors: https://thequantuminsider.com/2023/12/04/algorithmiq-runs-large-scale-error-mitigation-experiment-on-ibm-equipment (1/1), chunk 18/39
[01:44:41 +2m 18s | thequantuminsider_2023_12_04_algorithmiq_runs_large_scale_error_mitigation_experiment_on_7ddae47a] Repaired malformed JSON.
[01:44:41 +2m 18s | thequantuminsider_2023_12_04_algorithmiq_runs_large_scale_error_mitigation_experiment_on_7ddae47a] Extracting actors: https://thequantuminsider.com/2023/12/04/algorithmiq-runs-large-scale-error-mitigation-experiment-on-ibm-equipment (1/1), chunk 19/39
[01:44:48 +2m 25s | thequantuminsider_2023_12_04_algorithmiq_runs_large_scale_error_mitigation_experiment_on_7ddae47a] Repaired malformed JSON.
[01:44:48 +2m 25s | thequantuminsider_2023_12_04_algorithmiq_runs_large_scale_error_mitigation_experiment_on_7ddae47a] Extracting actors: https://thequantuminsider.com/2023/12/04/algorithmiq-runs-large-scale-error-mitigation-experiment-on-ibm-equipment (1/1), chunk 20/39
[01:44:57 +2m 33s | thequantuminsider_2023_12_04_algorithmiq_runs_large_scale_error_mitigation_experiment_on_7ddae47a] Repaired malformed JSON.
[01:44:57 +2m 33s | thequantuminsider_2023_12_04_algorithmiq_runs_large_scale_error_mitigation_experiment_on_7ddae47a] Extracting actors: https://thequantuminsider.com/2023/12/04/algorithmiq-runs-large-scale-error-mitigation-experiment-on-ibm-equipment (1/1), chunk 21/39
[01:45:04 +2m 40s | thequantuminsider_2023_12_04_algorithmiq_runs_large_scale_error_mitigation_experiment_on_7ddae47a] Repaired malformed JSON.
[01:45:04 +2m 40s | thequantuminsider_2023_12_04_algorithmiq_runs_large_scale_error_mitigation_experiment_on_7ddae47a] Extracting actors: https://thequantuminsider.com/2023/12/04/algorithmiq-runs-large-scale-error-mitigation-experiment-on-ibm-equipment (1/1), chunk 22/39
[01:45:13 +2m 50s | thequantuminsider_2023_12_04_algorithmiq_runs_large_scale_error_mitigation_experiment_on_7ddae47a] Repaired malformed JSON.
[01:45:13 +2m 50s | thequantuminsider_2023_12_04_algorithmiq_runs_large_scale_error_mitigation_experiment_on_7ddae47a] Extracting actors: https://thequantuminsider.com/2023/12/04/algorithmiq-runs-large-scale-error-mitigation-experiment-on-ibm-equipment (1/1), chunk 23/39
[01:45:20 +2m 58s | thequantuminsider_2023_12_04_algorithmiq_runs_large_scale_error_mitigation_experiment_on_7ddae47a] Repaired malformed JSON.
[01:45:20 +2m 58s | thequantuminsider_2023_12_04_algorithmiq_runs_large_scale_error_mitigation_experiment_on_7ddae47a] Extracting actors: https://thequantuminsider.com/2023/12/04/algorithmiq-runs-large-scale-error-mitigation-experiment-on-ibm-equipment (1/1), chunk 24/39
[01:45:29 +3m 6s | thequantuminsider_2023_12_04_algorithmiq_runs_large_scale_error_mitigation_experiment_on_7ddae47a] Repaired malformed JSON.
[01:45:29 +3m 6s | thequantuminsider_2023_12_04_algorithmiq_runs_large_scale_error_mitigation_experiment_on_7ddae47a] Extracting actors: https://thequantuminsider.com/2023/12/04/algorithmiq-runs-large-scale-error-mitigation-experiment-on-ibm-equipment (1/1), chunk 25/39
[01:45:37 +3m 14s | thequantuminsider_2023_12_04_algorithmiq_runs_large_scale_error_mitigation_experiment_on_7ddae47a] Repaired malformed JSON.
[01:45:37 +3m 14s | thequantuminsider_2023_12_04_algorithmiq_runs_large_scale_error_mitigation_experiment_on_7ddae47a] Extracting actors: https://thequantuminsider.com/2023/12/04/algorithmiq-runs-large-scale-error-mitigation-experiment-on-ibm-equipment (1/1), chunk 26/39
[01:45:44 +3m 22s | thequantuminsider_2023_12_04_algorithmiq_runs_large_scale_error_mitigation_experiment_on_7ddae47a] Repaired malformed JSON.
[01:45:44 +3m 22s | thequantuminsider_2023_12_04_algorithmiq_runs_large_scale_error_mitigation_experiment_on_7ddae47a] Extracting actors: https://thequantuminsider.com/2023/12/04/algorithmiq-runs-large-scale-error-mitigation-experiment-on-ibm-equipment (1/1), chunk 27/39
[01:45:50 +3m 28s | thequantuminsider_2023_12_04_algorithmiq_runs_large_scale_error_mitigation_experiment_on_7ddae47a] Repaired malformed JSON.
[01:45:50 +3m 28s | thequantuminsider_2023_12_04_algorithmiq_runs_large_scale_error_mitigation_experiment_on_7ddae47a] Extracting actors: https://thequantuminsider.com/2023/12/04/algorithmiq-runs-large-scale-error-mitigation-experiment-on-ibm-equipment (1/1), chunk 28/39
[01:45:58 +3m 36s | thequantuminsider_2023_12_04_algorithmiq_runs_large_scale_error_mitigation_experiment_on_7ddae47a] Repaired malformed JSON.
[01:45:58 +3m 36s | thequantuminsider_2023_12_04_algorithmiq_runs_large_scale_error_mitigation_experiment_on_7ddae47a] Extracting actors: https://thequantuminsider.com/2023/12/04/algorithmiq-runs-large-scale-error-mitigation-experiment-on-ibm-equipment (1/1), chunk 29/39
[01:46:06 +3m 45s | thequantuminsider_2023_12_04_algorithmiq_runs_large_scale_error_mitigation_experiment_on_7ddae47a] Repaired malformed JSON.
[01:46:06 +3m 45s | thequantuminsider_2023_12_04_algorithmiq_runs_large_scale_error_mitigation_experiment_on_7ddae47a] Extracting actors: https://thequantuminsider.com/2023/12/04/algorithmiq-runs-large-scale-error-mitigation-experiment-on-ibm-equipment (1/1), chunk 30/39
[01:46:08 +3m 46s | thequantuminsider_2023_12_04_algorithmiq_runs_large_scale_error_mitigation_experiment_on_7ddae47a] Extracting actors: https://thequantuminsider.com/2023/12/04/algorithmiq-runs-large-scale-error-mitigation-experiment-on-ibm-equipment (1/1), chunk 31/39
[01:46:14 +3m 54s | thequantuminsider_2023_12_04_algorithmiq_runs_large_scale_error_mitigation_experiment_on_7ddae47a] Repaired malformed JSON.
[01:46:14 +3m 54s | thequantuminsider_2023_12_04_algorithmiq_runs_large_scale_error_mitigation_experiment_on_7ddae47a] Extracting actors: https://thequantuminsider.com/2023/12/04/algorithmiq-runs-large-scale-error-mitigation-experiment-on-ibm-equipment (1/1), chunk 32/39
[01:46:21 +4m 1s | thequantuminsider_2023_12_04_algorithmiq_runs_large_scale_error_mitigation_experiment_on_7ddae47a] Repaired malformed JSON.
[01:46:21 +4m 1s | thequantuminsider_2023_12_04_algorithmiq_runs_large_scale_error_mitigation_experiment_on_7ddae47a] Extracting actors: https://thequantuminsider.com/2023/12/04/algorithmiq-runs-large-scale-error-mitigation-experiment-on-ibm-equipment (1/1), chunk 33/39
[01:46:27 +4m 7s | thequantuminsider_2023_12_04_algorithmiq_runs_large_scale_error_mitigation_experiment_on_7ddae47a] Repaired malformed JSON.
[01:46:27 +4m 7s | thequantuminsider_2023_12_04_algorithmiq_runs_large_scale_error_mitigation_experiment_on_7ddae47a] Extracting actors: https://thequantuminsider.com/2023/12/04/algorithmiq-runs-large-scale-error-mitigation-experiment-on-ibm-equipment (1/1), chunk 34/39
[01:46:37 +4m 17s | thequantuminsider_2023_12_04_algorithmiq_runs_large_scale_error_mitigation_experiment_on_7ddae47a] Repaired malformed JSON.
[01:46:37 +4m 17s | thequantuminsider_2023_12_04_algorithmiq_runs_large_scale_error_mitigation_experiment_on_7ddae47a] Extracting actors: https://thequantuminsider.com/2023/12/04/algorithmiq-runs-large-scale-error-mitigation-experiment-on-ibm-equipment (1/1), chunk 35/39
[01:46:47 +4m 28s | thequantuminsider_2023_12_04_algorithmiq_runs_large_scale_error_mitigation_experiment_on_7ddae47a] Repaired malformed JSON.
[01:46:47 +4m 28s | thequantuminsider_2023_12_04_algorithmiq_runs_large_scale_error_mitigation_experiment_on_7ddae47a] Extracting actors: https://thequantuminsider.com/2023/12/04/algorithmiq-runs-large-scale-error-mitigation-experiment-on-ibm-equipment (1/1), chunk 36/39
[01:46:50 +4m 31s | thequantuminsider_2023_12_04_algorithmiq_runs_large_scale_error_mitigation_experiment_on_7ddae47a] Extracting actors: https://thequantuminsider.com/2023/12/04/algorithmiq-runs-large-scale-error-mitigation-experiment-on-ibm-equipment (1/1), chunk 37/39
[01:46:59 +4m 40s | thequantuminsider_2023_12_04_algorithmiq_runs_large_scale_error_mitigation_experiment_on_7ddae47a] Repaired malformed JSON.
[01:46:59 +4m 40s | thequantuminsider_2023_12_04_algorithmiq_runs_large_scale_error_mitigation_experiment_on_7ddae47a] Extracting actors: https://thequantuminsider.com/2023/12/04/algorithmiq-runs-large-scale-error-mitigation-experiment-on-ibm-equipment (1/1), chunk 38/39
[01:47:09 +4m 50s | thequantuminsider_2023_12_04_algorithmiq_runs_large_scale_error_mitigation_experiment_on_7ddae47a] Repaired malformed JSON.
[01:47:09 +4m 50s | thequantuminsider_2023_12_04_algorithmiq_runs_large_scale_error_mitigation_experiment_on_7ddae47a] Extracting actors: https://thequantuminsider.com/2023/12/04/algorithmiq-runs-large-scale-error-mitigation-experiment-on-ibm-equipment (1/1), chunk 39/39
[01:47:17 +4m 59s | thequantuminsider_2023_12_04_algorithmiq_runs_large_scale_error_mitigation_experiment_on_7ddae47a] Repaired malformed JSON.
[01:47:17 +4m 59s | thequantuminsider_2023_12_04_algorithmiq_runs_large_scale_error_mitigation_experiment_on_7ddae47a] Saved 1_actor_results.json with 66 extracted records

[01:47:17 +4m 59s | thequantuminsider_2023_12_04_algorithmiq_runs_large_scale_error_mitigation_experiment_on_7ddae47a] === 2 clean actors ===
[01:47:17 +4m 59s | thequantuminsider_2023_12_04_algorithmiq_runs_large_scale_error_mitigation_experiment_on_7ddae47a] Loaded 66 extracted records
[01:47:17 +4m 59s | thequantuminsider_2023_12_04_algorithmiq_runs_large_scale_error_mitigation_experiment_on_7ddae47a] Saved 2_actor_nodes.json with 15 canonical actor nodes

[01:47:17 +4m 59s | thequantuminsider_2023_12_04_algorithmiq_runs_large_scale_error_mitigation_experiment_on_7ddae47a] === 3 interaction extraction ===
[01:47:17 +4m 59s | thequantuminsider_2023_12_04_algorithmiq_runs_large_scale_error_mitigation_experiment_on_7ddae47a] Extracting interactions: https://thequantuminsider.com/2023/12/04/algorithmiq-runs-large-scale-error-mitigation-experiment-on-ibm-equipment (1/1), chunk 11/39
[01:47:25 +5m 7s | thequantuminsider_2023_12_04_algorithmiq_runs_large_scale_error_mitigation_experiment_on_7ddae47a] Extracting interactions: https://thequantuminsider.com/2023/12/04/algorithmiq-runs-large-scale-error-mitigation-experiment-on-ibm-equipment (1/1), chunk 12/39
[01:47:40 +5m 22s | thequantuminsider_2023_12_04_algorithmiq_runs_large_scale_error_mitigation_experiment_on_7ddae47a] Extracting interactions: https://thequantuminsider.com/2023/12/04/algorithmiq-runs-large-scale-error-mitigation-experiment-on-ibm-equipment (1/1), chunk 13/39
[01:47:56 +5m 39s | thequantuminsider_2023_12_04_algorithmiq_runs_large_scale_error_mitigation_experiment_on_7ddae47a] Extracting interactions: https://thequantuminsider.com/2023/12/04/algorithmiq-runs-large-scale-error-mitigation-experiment-on-ibm-equipment (1/1), chunk 14/39
[01:48:25 +6m 9s | thequantuminsider_2023_12_04_algorithmiq_runs_large_scale_error_mitigation_experiment_on_7ddae47a] Extracting interactions: https://thequantuminsider.com/2023/12/04/algorithmiq-runs-large-scale-error-mitigation-experiment-on-ibm-equipment (1/1), chunk 15/39
[01:49:22 +7m 8s | thequantuminsider_2023_12_04_algorithmiq_runs_large_scale_error_mitigation_experiment_on_7ddae47a] Extracting interactions: https://thequantuminsider.com/2023/12/04/algorithmiq-runs-large-scale-error-mitigation-experiment-on-ibm-equipment (1/1), chunk 16/39
[01:49:39 +7m 26s | thequantuminsider_2023_12_04_algorithmiq_runs_large_scale_error_mitigation_experiment_on_7ddae47a] Extracting interactions: https://thequantuminsider.com/2023/12/04/algorithmiq-runs-large-scale-error-mitigation-experiment-on-ibm-equipment (1/1), chunk 17/39
[01:50:05 +7m 53s | thequantuminsider_2023_12_04_algorithmiq_runs_large_scale_error_mitigation_experiment_on_7ddae47a] Extracting interactions: https://thequantuminsider.com/2023/12/04/algorithmiq-runs-large-scale-error-mitigation-experiment-on-ibm-equipment (1/1), chunk 18/39
[01:50:13 +8m 1s | thequantuminsider_2023_12_04_algorithmiq_runs_large_scale_error_mitigation_experiment_on_7ddae47a] Extracting interactions: https://thequantuminsider.com/2023/12/04/algorithmiq-runs-large-scale-error-mitigation-experiment-on-ibm-equipment (1/1), chunk 19/39
[01:50:23 +8m 11s | thequantuminsider_2023_12_04_algorithmiq_runs_large_scale_error_mitigation_experiment_on_7ddae47a] Extracting interactions: https://thequantuminsider.com/2023/12/04/algorithmiq-runs-large-scale-error-mitigation-experiment-on-ibm-equipment (1/1), chunk 22/39
[01:50:24 +8m 13s | thequantuminsider_2023_12_04_algorithmiq_runs_large_scale_error_mitigation_experiment_on_7ddae47a] Extracting interactions: https://thequantuminsider.com/2023/12/04/algorithmiq-runs-large-scale-error-mitigation-experiment-on-ibm-equipment (1/1), chunk 23/39
[01:50:32 +8m 21s | thequantuminsider_2023_12_04_algorithmiq_runs_large_scale_error_mitigation_experiment_on_7ddae47a] Extracting interactions: https://thequantuminsider.com/2023/12/04/algorithmiq-runs-large-scale-error-mitigation-experiment-on-ibm-equipment (1/1), chunk 28/39
[01:50:37 +8m 25s | thequantuminsider_2023_12_04_algorithmiq_runs_large_scale_error_mitigation_experiment_on_7ddae47a] Extracting interactions: https://thequantuminsider.com/2023/12/04/algorithmiq-runs-large-scale-error-mitigation-experiment-on-ibm-equipment (1/1), chunk 29/39
[01:50:38 +8m 27s | thequantuminsider_2023_12_04_algorithmiq_runs_large_scale_error_mitigation_experiment_on_7ddae47a] Extracting interactions: https://thequantuminsider.com/2023/12/04/algorithmiq-runs-large-scale-error-mitigation-experiment-on-ibm-equipment (1/1), chunk 32/39
[01:50:57 +8m 47s | thequantuminsider_2023_12_04_algorithmiq_runs_large_scale_error_mitigation_experiment_on_7ddae47a] Extracting interactions: https://thequantuminsider.com/2023/12/04/algorithmiq-runs-large-scale-error-mitigation-experiment-on-ibm-equipment (1/1), chunk 33/39
[01:50:58 +8m 48s | thequantuminsider_2023_12_04_algorithmiq_runs_large_scale_error_mitigation_experiment_on_7ddae47a] Extracting interactions: https://thequantuminsider.com/2023/12/04/algorithmiq-runs-large-scale-error-mitigation-experiment-on-ibm-equipment (1/1), chunk 34/39
[01:51:02 +8m 52s | thequantuminsider_2023_12_04_algorithmiq_runs_large_scale_error_mitigation_experiment_on_7ddae47a] Extracting interactions: https://thequantuminsider.com/2023/12/04/algorithmiq-runs-large-scale-error-mitigation-experiment-on-ibm-equipment (1/1), chunk 35/39
[01:51:04 +8m 54s | thequantuminsider_2023_12_04_algorithmiq_runs_large_scale_error_mitigation_experiment_on_7ddae47a] Extracting interactions: https://thequantuminsider.com/2023/12/04/algorithmiq-runs-large-scale-error-mitigation-experiment-on-ibm-equipment (1/1), chunk 37/39
[01:51:06 +8m 55s | thequantuminsider_2023_12_04_algorithmiq_runs_large_scale_error_mitigation_experiment_on_7ddae47a] Extracting interactions: https://thequantuminsider.com/2023/12/04/algorithmiq-runs-large-scale-error-mitigation-experiment-on-ibm-equipment (1/1), chunk 38/39
[01:51:08 +8m 58s | thequantuminsider_2023_12_04_algorithmiq_runs_large_scale_error_mitigation_experiment_on_7ddae47a] Saved 3_interaction_results.json with 36 extracted interactions.

[01:51:08 +8m 58s | thequantuminsider_2023_12_04_algorithmiq_runs_large_scale_error_mitigation_experiment_on_7ddae47a] === 4 clean interactions ===
[01:51:09 +8m 58s | thequantuminsider_2023_12_04_algorithmiq_runs_large_scale_error_mitigation_experiment_on_7ddae47a] Saved 4_edges.json with 10 cleaned interactions.

[01:51:09 +8m 58s | thequantuminsider_2023_12_04_algorithmiq_runs_large_scale_error_mitigation_experiment_on_7ddae47a] === 5 helix enrichment ===
[01:51:09 +8m 58s | thequantuminsider_2023_12_04_algorithmiq_runs_large_scale_error_mitigation_experiment_on_7ddae47a] Wrote 5_nodes.json (15 actors)
[01:51:09 +8m 58s | thequantuminsider_2023_12_04_algorithmiq_runs_large_scale_error_mitigation_experiment_on_7ddae47a] Wrote 5_edges.json (10 interactions)
[01:51:09 +8m 58s | thequantuminsider_2023_12_04_algorithmiq_runs_large_scale_error_mitigation_experiment_on_7ddae47a] Actor helix counts: {'Academia': 2, 'Civil Society': 3, 'Industry': 4, 'Unknown': 6}
[01:51:09 +8m 58s | thequantuminsider_2023_12_04_algorithmiq_runs_large_scale_error_mitigation_experiment_on_7ddae47a] Functional-space counts: {'Intra-helix / Not classified': 10}

[01:51:09 +8m 58s | thequantuminsider_2023_12_04_algorithmiq_runs_large_scale_error_mitigation_experiment_on_7ddae47a] === 6 network visualisation ===
[01:51:09 +8m 59s | thequantuminsider_2023_12_04_algorithmiq_runs_large_scale_error_mitigation_experiment_on_7ddae47a] Wrote quantum_network.html
[01:51:09 +8m 59s | thequantuminsider_2023_12_04_algorithmiq_runs_large_scale_error_mitigation_experiment_on_7ddae47a] Nodes: 15
[01:51:09 +8m 59s | thequantuminsider_2023_12_04_algorithmiq_runs_large_scale_error_mitigation_experiment_on_7ddae47a] Edges: 2

[01:51:09 +8m 59s | thequantuminsider_2023_12_04_algorithmiq_runs_large_scale_error_mitigation_experiment_on_7ddae47a] Done. Outputs written to: /home/lv/IDP/idpdeeptech/pipeline/news_outputs/thequantuminsider_2023_12_04_algorithmiq_runs_large_scale_error_mitigation_experiment_on_7ddae47a
[01:51:09 +8m 59s | thequantuminsider_2023_12_04_algorithmiq_runs_large_scale_error_mitigation_experiment_on_7ddae47a] Log: /home/lv/IDP/idpdeeptech/pipeline/news_outputs/thequantuminsider_2023_12_04_algorithmiq_runs_large_scale_error_mitigation_experiment_on_7ddae47a/run.log

========================================================================
RUN FINISHED 2026-07-05 01:51:09  (OK)
Started:     2026-07-05 01:42:29
Elapsed:     8m 59s
========================================================================
