
========================================================================
RUN STARTED  2026-07-05 07:53:23
site_pipeline.py https://thequantuminsider.com/2023/09/22/pinq%c2%b2-announces-the-inauguration-of-ibm-quantum-system-one-quantum-computer-in-bromont/
========================================================================

[07:53:23 +0s | thequantuminsider_2023_09_22_pinq_c2_b2_announces_the_inauguration_of_ibm_quantum_system_2af64cf3] === 0 crawl site ===
[07:53:24 +2s | thequantuminsider_2023_09_22_pinq_c2_b2_announces_the_inauguration_of_ibm_quantum_system_2af64cf3] [INIT].... → Crawl4AI 0.8.6 
[07:53:26 +4s | thequantuminsider_2023_09_22_pinq_c2_b2_announces_the_inauguration_of_ibm_quantum_system_2af64cf3] [FETCH]... ↓ https://thequantuminsider.com/2023/09/22/pinq²-a...-quantum-system-one-quantum-computer-in-bromont/  | ✓ | ⏱: 2.14s 
[07:53:26 +4s | thequantuminsider_2023_09_22_pinq_c2_b2_announces_the_inauguration_of_ibm_quantum_system_2af64cf3] [SCRAPE].. ◆ https://thequantuminsider.com/2023/09/22/pinq²-a...-quantum-system-one-quantum-computer-in-bromont/  | ✓ | ⏱: 0.13s 
[07:53:26 +4s | thequantuminsider_2023_09_22_pinq_c2_b2_announces_the_inauguration_of_ibm_quantum_system_2af64cf3] [COMPLETE] ● https://thequantuminsider.com/2023/09/22/pinq²-a...-quantum-system-one-quantum-computer-in-bromont/  | ✓ | ⏱: 2.29s 
[07:53:26 +4s | thequantuminsider_2023_09_22_pinq_c2_b2_announces_the_inauguration_of_ibm_quantum_system_2af64cf3] Saved: crawl_output/2ad4a8e0fd_thequantuminsider.com_2023_09_22_pinq%c2%b2-announces-the-inauguration-of-ibm-quantum-system-one-quantum-computer-in-bromont.json

[07:53:27 +4s | thequantuminsider_2023_09_22_pinq_c2_b2_announces_the_inauguration_of_ibm_quantum_system_2af64cf3] === 1 actor extraction ===
[07:53:27 +4s | thequantuminsider_2023_09_22_pinq_c2_b2_announces_the_inauguration_of_ibm_quantum_system_2af64cf3] Reading page (1/1): https://thequantuminsider.com/2023/09/22/pinq%c2%b2-announces-the-inauguration-of-ibm-quantum-system-one-quantum-computer-in-bromont
[07:53:27 +4s | thequantuminsider_2023_09_22_pinq_c2_b2_announces_the_inauguration_of_ibm_quantum_system_2af64cf3] Extracting actors: https://thequantuminsider.com/2023/09/22/pinq%c2%b2-announces-the-inauguration-of-ibm-quantum-system-one-quantum-computer-in-bromont (1/1), chunk 1/37
[07:53:36 +14s | thequantuminsider_2023_09_22_pinq_c2_b2_announces_the_inauguration_of_ibm_quantum_system_2af64cf3] Repaired malformed JSON.
[07:53:36 +14s | thequantuminsider_2023_09_22_pinq_c2_b2_announces_the_inauguration_of_ibm_quantum_system_2af64cf3] Extracting actors: https://thequantuminsider.com/2023/09/22/pinq%c2%b2-announces-the-inauguration-of-ibm-quantum-system-one-quantum-computer-in-bromont (1/1), chunk 2/37
[07:53:42 +20s | thequantuminsider_2023_09_22_pinq_c2_b2_announces_the_inauguration_of_ibm_quantum_system_2af64cf3] Repaired malformed JSON.
[07:53:42 +20s | thequantuminsider_2023_09_22_pinq_c2_b2_announces_the_inauguration_of_ibm_quantum_system_2af64cf3] Extracting actors: https://thequantuminsider.com/2023/09/22/pinq%c2%b2-announces-the-inauguration-of-ibm-quantum-system-one-quantum-computer-in-bromont (1/1), chunk 3/37
[07:53:47 +26s | thequantuminsider_2023_09_22_pinq_c2_b2_announces_the_inauguration_of_ibm_quantum_system_2af64cf3] Extracting actors: https://thequantuminsider.com/2023/09/22/pinq%c2%b2-announces-the-inauguration-of-ibm-quantum-system-one-quantum-computer-in-bromont (1/1), chunk 4/37
[07:53:52 +32s | thequantuminsider_2023_09_22_pinq_c2_b2_announces_the_inauguration_of_ibm_quantum_system_2af64cf3] Extracting actors: https://thequantuminsider.com/2023/09/22/pinq%c2%b2-announces-the-inauguration-of-ibm-quantum-system-one-quantum-computer-in-bromont (1/1), chunk 5/37
[07:53:59 +39s | thequantuminsider_2023_09_22_pinq_c2_b2_announces_the_inauguration_of_ibm_quantum_system_2af64cf3] Repaired malformed JSON.
[07:53:59 +39s | thequantuminsider_2023_09_22_pinq_c2_b2_announces_the_inauguration_of_ibm_quantum_system_2af64cf3] Extracting actors: https://thequantuminsider.com/2023/09/22/pinq%c2%b2-announces-the-inauguration-of-ibm-quantum-system-one-quantum-computer-in-bromont (1/1), chunk 6/37
[07:54:07 +47s | thequantuminsider_2023_09_22_pinq_c2_b2_announces_the_inauguration_of_ibm_quantum_system_2af64cf3] Repaired malformed JSON.
[07:54:07 +47s | thequantuminsider_2023_09_22_pinq_c2_b2_announces_the_inauguration_of_ibm_quantum_system_2af64cf3] Extracting actors: https://thequantuminsider.com/2023/09/22/pinq%c2%b2-announces-the-inauguration-of-ibm-quantum-system-one-quantum-computer-in-bromont (1/1), chunk 7/37
[07:54:14 +57s | thequantuminsider_2023_09_22_pinq_c2_b2_announces_the_inauguration_of_ibm_quantum_system_2af64cf3] Repaired malformed JSON.
[07:54:14 +57s | thequantuminsider_2023_09_22_pinq_c2_b2_announces_the_inauguration_of_ibm_quantum_system_2af64cf3] Extracting actors: https://thequantuminsider.com/2023/09/22/pinq%c2%b2-announces-the-inauguration-of-ibm-quantum-system-one-quantum-computer-in-bromont (1/1), chunk 8/37
[07:54:23 +1m 5s | thequantuminsider_2023_09_22_pinq_c2_b2_announces_the_inauguration_of_ibm_quantum_system_2af64cf3] Repaired malformed JSON.
[07:54:23 +1m 5s | thequantuminsider_2023_09_22_pinq_c2_b2_announces_the_inauguration_of_ibm_quantum_system_2af64cf3] Extracting actors: https://thequantuminsider.com/2023/09/22/pinq%c2%b2-announces-the-inauguration-of-ibm-quantum-system-one-quantum-computer-in-bromont (1/1), chunk 9/37
[07:54:29 +1m 11s | thequantuminsider_2023_09_22_pinq_c2_b2_announces_the_inauguration_of_ibm_quantum_system_2af64cf3] Repaired malformed JSON.
[07:54:29 +1m 11s | thequantuminsider_2023_09_22_pinq_c2_b2_announces_the_inauguration_of_ibm_quantum_system_2af64cf3] Extracting actors: https://thequantuminsider.com/2023/09/22/pinq%c2%b2-announces-the-inauguration-of-ibm-quantum-system-one-quantum-computer-in-bromont (1/1), chunk 10/37
[07:54:39 +1m 21s | thequantuminsider_2023_09_22_pinq_c2_b2_announces_the_inauguration_of_ibm_quantum_system_2af64cf3] Repaired malformed JSON.
[07:54:39 +1m 21s | thequantuminsider_2023_09_22_pinq_c2_b2_announces_the_inauguration_of_ibm_quantum_system_2af64cf3] Extracting actors: https://thequantuminsider.com/2023/09/22/pinq%c2%b2-announces-the-inauguration-of-ibm-quantum-system-one-quantum-computer-in-bromont (1/1), chunk 11/37
[07:54:44 +1m 29s | thequantuminsider_2023_09_22_pinq_c2_b2_announces_the_inauguration_of_ibm_quantum_system_2af64cf3] Repaired malformed JSON.
[07:54:44 +1m 29s | thequantuminsider_2023_09_22_pinq_c2_b2_announces_the_inauguration_of_ibm_quantum_system_2af64cf3] Extracting actors: https://thequantuminsider.com/2023/09/22/pinq%c2%b2-announces-the-inauguration-of-ibm-quantum-system-one-quantum-computer-in-bromont (1/1), chunk 12/37
[07:54:53 +1m 37s | thequantuminsider_2023_09_22_pinq_c2_b2_announces_the_inauguration_of_ibm_quantum_system_2af64cf3] Repaired malformed JSON.
[07:54:53 +1m 37s | thequantuminsider_2023_09_22_pinq_c2_b2_announces_the_inauguration_of_ibm_quantum_system_2af64cf3] Extracting actors: https://thequantuminsider.com/2023/09/22/pinq%c2%b2-announces-the-inauguration-of-ibm-quantum-system-one-quantum-computer-in-bromont (1/1), chunk 13/37
[07:55:01 +1m 46s | thequantuminsider_2023_09_22_pinq_c2_b2_announces_the_inauguration_of_ibm_quantum_system_2af64cf3] Repaired malformed JSON.
[07:55:01 +1m 46s | thequantuminsider_2023_09_22_pinq_c2_b2_announces_the_inauguration_of_ibm_quantum_system_2af64cf3] Extracting actors: https://thequantuminsider.com/2023/09/22/pinq%c2%b2-announces-the-inauguration-of-ibm-quantum-system-one-quantum-computer-in-bromont (1/1), chunk 14/37
[07:55:10 +1m 57s | thequantuminsider_2023_09_22_pinq_c2_b2_announces_the_inauguration_of_ibm_quantum_system_2af64cf3] Repaired malformed JSON.
[07:55:10 +1m 57s | thequantuminsider_2023_09_22_pinq_c2_b2_announces_the_inauguration_of_ibm_quantum_system_2af64cf3] Extracting actors: https://thequantuminsider.com/2023/09/22/pinq%c2%b2-announces-the-inauguration-of-ibm-quantum-system-one-quantum-computer-in-bromont (1/1), chunk 15/37
[07:55:17 +2m 4s | thequantuminsider_2023_09_22_pinq_c2_b2_announces_the_inauguration_of_ibm_quantum_system_2af64cf3] Repaired malformed JSON.
[07:55:17 +2m 4s | thequantuminsider_2023_09_22_pinq_c2_b2_announces_the_inauguration_of_ibm_quantum_system_2af64cf3] Extracting actors: https://thequantuminsider.com/2023/09/22/pinq%c2%b2-announces-the-inauguration-of-ibm-quantum-system-one-quantum-computer-in-bromont (1/1), chunk 16/37
[07:55:40 +2m 30s | thequantuminsider_2023_09_22_pinq_c2_b2_announces_the_inauguration_of_ibm_quantum_system_2af64cf3] Repaired malformed JSON.
[07:55:40 +2m 30s | thequantuminsider_2023_09_22_pinq_c2_b2_announces_the_inauguration_of_ibm_quantum_system_2af64cf3] Extracting actors: https://thequantuminsider.com/2023/09/22/pinq%c2%b2-announces-the-inauguration-of-ibm-quantum-system-one-quantum-computer-in-bromont (1/1), chunk 17/37
[07:56:06 +2m 55s | thequantuminsider_2023_09_22_pinq_c2_b2_announces_the_inauguration_of_ibm_quantum_system_2af64cf3] Repaired malformed JSON.
[07:56:06 +2m 55s | thequantuminsider_2023_09_22_pinq_c2_b2_announces_the_inauguration_of_ibm_quantum_system_2af64cf3] Extracting actors: https://thequantuminsider.com/2023/09/22/pinq%c2%b2-announces-the-inauguration-of-ibm-quantum-system-one-quantum-computer-in-bromont (1/1), chunk 18/37
[07:56:10 +3m 2s | thequantuminsider_2023_09_22_pinq_c2_b2_announces_the_inauguration_of_ibm_quantum_system_2af64cf3] Repaired malformed JSON.
[07:56:10 +3m 2s | thequantuminsider_2023_09_22_pinq_c2_b2_announces_the_inauguration_of_ibm_quantum_system_2af64cf3] Extracting actors: https://thequantuminsider.com/2023/09/22/pinq%c2%b2-announces-the-inauguration-of-ibm-quantum-system-one-quantum-computer-in-bromont (1/1), chunk 19/37
[07:56:19 +3m 12s | thequantuminsider_2023_09_22_pinq_c2_b2_announces_the_inauguration_of_ibm_quantum_system_2af64cf3] Repaired malformed JSON.
[07:56:19 +3m 12s | thequantuminsider_2023_09_22_pinq_c2_b2_announces_the_inauguration_of_ibm_quantum_system_2af64cf3] Extracting actors: https://thequantuminsider.com/2023/09/22/pinq%c2%b2-announces-the-inauguration-of-ibm-quantum-system-one-quantum-computer-in-bromont (1/1), chunk 20/37
[07:56:28 +3m 20s | thequantuminsider_2023_09_22_pinq_c2_b2_announces_the_inauguration_of_ibm_quantum_system_2af64cf3] Repaired malformed JSON.
[07:56:28 +3m 20s | thequantuminsider_2023_09_22_pinq_c2_b2_announces_the_inauguration_of_ibm_quantum_system_2af64cf3] Extracting actors: https://thequantuminsider.com/2023/09/22/pinq%c2%b2-announces-the-inauguration-of-ibm-quantum-system-one-quantum-computer-in-bromont (1/1), chunk 21/37
[07:56:39 +3m 31s | thequantuminsider_2023_09_22_pinq_c2_b2_announces_the_inauguration_of_ibm_quantum_system_2af64cf3] Repaired malformed JSON.
[07:56:39 +3m 31s | thequantuminsider_2023_09_22_pinq_c2_b2_announces_the_inauguration_of_ibm_quantum_system_2af64cf3] Extracting actors: https://thequantuminsider.com/2023/09/22/pinq%c2%b2-announces-the-inauguration-of-ibm-quantum-system-one-quantum-computer-in-bromont (1/1), chunk 22/37
[07:56:43 +3m 37s | thequantuminsider_2023_09_22_pinq_c2_b2_announces_the_inauguration_of_ibm_quantum_system_2af64cf3] Repaired malformed JSON.
[07:56:43 +3m 37s | thequantuminsider_2023_09_22_pinq_c2_b2_announces_the_inauguration_of_ibm_quantum_system_2af64cf3] Extracting actors: https://thequantuminsider.com/2023/09/22/pinq%c2%b2-announces-the-inauguration-of-ibm-quantum-system-one-quantum-computer-in-bromont (1/1), chunk 23/37
[07:57:06 +4m 1s | thequantuminsider_2023_09_22_pinq_c2_b2_announces_the_inauguration_of_ibm_quantum_system_2af64cf3] Repaired malformed JSON.
[07:57:06 +4m 1s | thequantuminsider_2023_09_22_pinq_c2_b2_announces_the_inauguration_of_ibm_quantum_system_2af64cf3] Extracting actors: https://thequantuminsider.com/2023/09/22/pinq%c2%b2-announces-the-inauguration-of-ibm-quantum-system-one-quantum-computer-in-bromont (1/1), chunk 24/37
[07:57:13 +4m 10s | thequantuminsider_2023_09_22_pinq_c2_b2_announces_the_inauguration_of_ibm_quantum_system_2af64cf3] Repaired malformed JSON.
[07:57:13 +4m 10s | thequantuminsider_2023_09_22_pinq_c2_b2_announces_the_inauguration_of_ibm_quantum_system_2af64cf3] Extracting actors: https://thequantuminsider.com/2023/09/22/pinq%c2%b2-announces-the-inauguration-of-ibm-quantum-system-one-quantum-computer-in-bromont (1/1), chunk 25/37
[07:57:21 +4m 18s | thequantuminsider_2023_09_22_pinq_c2_b2_announces_the_inauguration_of_ibm_quantum_system_2af64cf3] Repaired malformed JSON.
[07:57:21 +4m 18s | thequantuminsider_2023_09_22_pinq_c2_b2_announces_the_inauguration_of_ibm_quantum_system_2af64cf3] Extracting actors: https://thequantuminsider.com/2023/09/22/pinq%c2%b2-announces-the-inauguration-of-ibm-quantum-system-one-quantum-computer-in-bromont (1/1), chunk 26/37
[07:57:27 +4m 24s | thequantuminsider_2023_09_22_pinq_c2_b2_announces_the_inauguration_of_ibm_quantum_system_2af64cf3] Repaired malformed JSON.
[07:57:27 +4m 24s | thequantuminsider_2023_09_22_pinq_c2_b2_announces_the_inauguration_of_ibm_quantum_system_2af64cf3] Extracting actors: https://thequantuminsider.com/2023/09/22/pinq%c2%b2-announces-the-inauguration-of-ibm-quantum-system-one-quantum-computer-in-bromont (1/1), chunk 27/37
[07:57:33 +4m 29s | thequantuminsider_2023_09_22_pinq_c2_b2_announces_the_inauguration_of_ibm_quantum_system_2af64cf3] Extracting actors: https://thequantuminsider.com/2023/09/22/pinq%c2%b2-announces-the-inauguration-of-ibm-quantum-system-one-quantum-computer-in-bromont (1/1), chunk 28/37
[07:57:48 +4m 48s | thequantuminsider_2023_09_22_pinq_c2_b2_announces_the_inauguration_of_ibm_quantum_system_2af64cf3] Extracting actors: https://thequantuminsider.com/2023/09/22/pinq%c2%b2-announces-the-inauguration-of-ibm-quantum-system-one-quantum-computer-in-bromont (1/1), chunk 29/37
[07:57:56 +4m 55s | thequantuminsider_2023_09_22_pinq_c2_b2_announces_the_inauguration_of_ibm_quantum_system_2af64cf3] Repaired malformed JSON.
[07:57:56 +4m 55s | thequantuminsider_2023_09_22_pinq_c2_b2_announces_the_inauguration_of_ibm_quantum_system_2af64cf3] Extracting actors: https://thequantuminsider.com/2023/09/22/pinq%c2%b2-announces-the-inauguration-of-ibm-quantum-system-one-quantum-computer-in-bromont (1/1), chunk 30/37
[07:58:03 +5m 2s | thequantuminsider_2023_09_22_pinq_c2_b2_announces_the_inauguration_of_ibm_quantum_system_2af64cf3] Repaired malformed JSON.
[07:58:03 +5m 2s | thequantuminsider_2023_09_22_pinq_c2_b2_announces_the_inauguration_of_ibm_quantum_system_2af64cf3] Extracting actors: https://thequantuminsider.com/2023/09/22/pinq%c2%b2-announces-the-inauguration-of-ibm-quantum-system-one-quantum-computer-in-bromont (1/1), chunk 31/37
[07:58:10 +5m 12s | thequantuminsider_2023_09_22_pinq_c2_b2_announces_the_inauguration_of_ibm_quantum_system_2af64cf3] Repaired malformed JSON.
[07:58:10 +5m 12s | thequantuminsider_2023_09_22_pinq_c2_b2_announces_the_inauguration_of_ibm_quantum_system_2af64cf3] Extracting actors: https://thequantuminsider.com/2023/09/22/pinq%c2%b2-announces-the-inauguration-of-ibm-quantum-system-one-quantum-computer-in-bromont (1/1), chunk 32/37
[07:58:18 +5m 20s | thequantuminsider_2023_09_22_pinq_c2_b2_announces_the_inauguration_of_ibm_quantum_system_2af64cf3] Repaired malformed JSON.
[07:58:18 +5m 20s | thequantuminsider_2023_09_22_pinq_c2_b2_announces_the_inauguration_of_ibm_quantum_system_2af64cf3] Extracting actors: https://thequantuminsider.com/2023/09/22/pinq%c2%b2-announces-the-inauguration-of-ibm-quantum-system-one-quantum-computer-in-bromont (1/1), chunk 33/37
[07:58:27 +5m 29s | thequantuminsider_2023_09_22_pinq_c2_b2_announces_the_inauguration_of_ibm_quantum_system_2af64cf3] Repaired malformed JSON.
[07:58:27 +5m 29s | thequantuminsider_2023_09_22_pinq_c2_b2_announces_the_inauguration_of_ibm_quantum_system_2af64cf3] Extracting actors: https://thequantuminsider.com/2023/09/22/pinq%c2%b2-announces-the-inauguration-of-ibm-quantum-system-one-quantum-computer-in-bromont (1/1), chunk 34/37
[07:58:37 +5m 38s | thequantuminsider_2023_09_22_pinq_c2_b2_announces_the_inauguration_of_ibm_quantum_system_2af64cf3] Repaired malformed JSON.
[07:58:37 +5m 38s | thequantuminsider_2023_09_22_pinq_c2_b2_announces_the_inauguration_of_ibm_quantum_system_2af64cf3] Extracting actors: https://thequantuminsider.com/2023/09/22/pinq%c2%b2-announces-the-inauguration-of-ibm-quantum-system-one-quantum-computer-in-bromont (1/1), chunk 35/37
[07:58:42 +5m 46s | thequantuminsider_2023_09_22_pinq_c2_b2_announces_the_inauguration_of_ibm_quantum_system_2af64cf3] Repaired malformed JSON.
[07:58:42 +5m 46s | thequantuminsider_2023_09_22_pinq_c2_b2_announces_the_inauguration_of_ibm_quantum_system_2af64cf3] Extracting actors: https://thequantuminsider.com/2023/09/22/pinq%c2%b2-announces-the-inauguration-of-ibm-quantum-system-one-quantum-computer-in-bromont (1/1), chunk 36/37
[07:58:49 +5m 53s | thequantuminsider_2023_09_22_pinq_c2_b2_announces_the_inauguration_of_ibm_quantum_system_2af64cf3] Repaired malformed JSON.
[07:58:49 +5m 53s | thequantuminsider_2023_09_22_pinq_c2_b2_announces_the_inauguration_of_ibm_quantum_system_2af64cf3] Extracting actors: https://thequantuminsider.com/2023/09/22/pinq%c2%b2-announces-the-inauguration-of-ibm-quantum-system-one-quantum-computer-in-bromont (1/1), chunk 37/37
[07:59:12 +6m 18s | thequantuminsider_2023_09_22_pinq_c2_b2_announces_the_inauguration_of_ibm_quantum_system_2af64cf3] Repaired malformed JSON.
[07:59:12 +6m 18s | thequantuminsider_2023_09_22_pinq_c2_b2_announces_the_inauguration_of_ibm_quantum_system_2af64cf3] Saved 1_actor_results.json with 67 extracted records

[07:59:12 +6m 19s | thequantuminsider_2023_09_22_pinq_c2_b2_announces_the_inauguration_of_ibm_quantum_system_2af64cf3] === 2 clean actors ===
[07:59:12 +6m 19s | thequantuminsider_2023_09_22_pinq_c2_b2_announces_the_inauguration_of_ibm_quantum_system_2af64cf3] Loaded 67 extracted records
[07:59:12 +6m 19s | thequantuminsider_2023_09_22_pinq_c2_b2_announces_the_inauguration_of_ibm_quantum_system_2af64cf3] Saved 2_actor_nodes.json with 16 canonical actor nodes

[07:59:12 +6m 19s | thequantuminsider_2023_09_22_pinq_c2_b2_announces_the_inauguration_of_ibm_quantum_system_2af64cf3] === 3 interaction extraction ===
[07:59:12 +6m 19s | thequantuminsider_2023_09_22_pinq_c2_b2_announces_the_inauguration_of_ibm_quantum_system_2af64cf3] Extracting interactions: https://thequantuminsider.com/2023/09/22/pinq%c2%b2-announces-the-inauguration-of-ibm-quantum-system-one-quantum-computer-in-bromont (1/1), chunk 11/37
[07:59:18 +6m 25s | thequantuminsider_2023_09_22_pinq_c2_b2_announces_the_inauguration_of_ibm_quantum_system_2af64cf3] Extracting interactions: https://thequantuminsider.com/2023/09/22/pinq%c2%b2-announces-the-inauguration-of-ibm-quantum-system-one-quantum-computer-in-bromont (1/1), chunk 12/37
[07:59:38 +6m 45s | thequantuminsider_2023_09_22_pinq_c2_b2_announces_the_inauguration_of_ibm_quantum_system_2af64cf3] Extracting interactions: https://thequantuminsider.com/2023/09/22/pinq%c2%b2-announces-the-inauguration-of-ibm-quantum-system-one-quantum-computer-in-bromont (1/1), chunk 13/37
[08:00:23 +7m 34s | thequantuminsider_2023_09_22_pinq_c2_b2_announces_the_inauguration_of_ibm_quantum_system_2af64cf3] Extracting interactions: https://thequantuminsider.com/2023/09/22/pinq%c2%b2-announces-the-inauguration-of-ibm-quantum-system-one-quantum-computer-in-bromont (1/1), chunk 14/37
[08:00:40 +7m 51s | thequantuminsider_2023_09_22_pinq_c2_b2_announces_the_inauguration_of_ibm_quantum_system_2af64cf3] Extracting interactions: https://thequantuminsider.com/2023/09/22/pinq%c2%b2-announces-the-inauguration-of-ibm-quantum-system-one-quantum-computer-in-bromont (1/1), chunk 15/37
[08:00:49 +8m 2s | thequantuminsider_2023_09_22_pinq_c2_b2_announces_the_inauguration_of_ibm_quantum_system_2af64cf3] Extracting interactions: https://thequantuminsider.com/2023/09/22/pinq%c2%b2-announces-the-inauguration-of-ibm-quantum-system-one-quantum-computer-in-bromont (1/1), chunk 16/37
[08:00:59 +8m 12s | thequantuminsider_2023_09_22_pinq_c2_b2_announces_the_inauguration_of_ibm_quantum_system_2af64cf3] Extracting interactions: https://thequantuminsider.com/2023/09/22/pinq%c2%b2-announces-the-inauguration-of-ibm-quantum-system-one-quantum-computer-in-bromont (1/1), chunk 17/37
[08:01:00 +8m 14s | thequantuminsider_2023_09_22_pinq_c2_b2_announces_the_inauguration_of_ibm_quantum_system_2af64cf3] Extracting interactions: https://thequantuminsider.com/2023/09/22/pinq%c2%b2-announces-the-inauguration-of-ibm-quantum-system-one-quantum-computer-in-bromont (1/1), chunk 20/37
[08:01:02 +8m 16s | thequantuminsider_2023_09_22_pinq_c2_b2_announces_the_inauguration_of_ibm_quantum_system_2af64cf3] Extracting interactions: https://thequantuminsider.com/2023/09/22/pinq%c2%b2-announces-the-inauguration-of-ibm-quantum-system-one-quantum-computer-in-bromont (1/1), chunk 21/37
[08:01:10 +8m 24s | thequantuminsider_2023_09_22_pinq_c2_b2_announces_the_inauguration_of_ibm_quantum_system_2af64cf3] Extracting interactions: https://thequantuminsider.com/2023/09/22/pinq%c2%b2-announces-the-inauguration-of-ibm-quantum-system-one-quantum-computer-in-bromont (1/1), chunk 22/37
[08:01:09 +8m 25s | thequantuminsider_2023_09_22_pinq_c2_b2_announces_the_inauguration_of_ibm_quantum_system_2af64cf3] Extracting interactions: https://thequantuminsider.com/2023/09/22/pinq%c2%b2-announces-the-inauguration-of-ibm-quantum-system-one-quantum-computer-in-bromont (1/1), chunk 25/37
[08:01:10 +8m 27s | thequantuminsider_2023_09_22_pinq_c2_b2_announces_the_inauguration_of_ibm_quantum_system_2af64cf3] Extracting interactions: https://thequantuminsider.com/2023/09/22/pinq%c2%b2-announces-the-inauguration-of-ibm-quantum-system-one-quantum-computer-in-bromont (1/1), chunk 26/37
[08:01:16 +8m 32s | thequantuminsider_2023_09_22_pinq_c2_b2_announces_the_inauguration_of_ibm_quantum_system_2af64cf3] Extracting interactions: https://thequantuminsider.com/2023/09/22/pinq%c2%b2-announces-the-inauguration-of-ibm-quantum-system-one-quantum-computer-in-bromont (1/1), chunk 27/37
[08:01:52 +9m 10s | thequantuminsider_2023_09_22_pinq_c2_b2_announces_the_inauguration_of_ibm_quantum_system_2af64cf3] Extracting interactions: https://thequantuminsider.com/2023/09/22/pinq%c2%b2-announces-the-inauguration-of-ibm-quantum-system-one-quantum-computer-in-bromont (1/1), chunk 28/37
[08:02:10 +9m 32s | thequantuminsider_2023_09_22_pinq_c2_b2_announces_the_inauguration_of_ibm_quantum_system_2af64cf3] Extracting interactions: https://thequantuminsider.com/2023/09/22/pinq%c2%b2-announces-the-inauguration-of-ibm-quantum-system-one-quantum-computer-in-bromont (1/1), chunk 30/37
[08:02:30 +9m 51s | thequantuminsider_2023_09_22_pinq_c2_b2_announces_the_inauguration_of_ibm_quantum_system_2af64cf3] Extracting interactions: https://thequantuminsider.com/2023/09/22/pinq%c2%b2-announces-the-inauguration-of-ibm-quantum-system-one-quantum-computer-in-bromont (1/1), chunk 31/37
[08:02:31 +9m 52s | thequantuminsider_2023_09_22_pinq_c2_b2_announces_the_inauguration_of_ibm_quantum_system_2af64cf3] Extracting interactions: https://thequantuminsider.com/2023/09/22/pinq%c2%b2-announces-the-inauguration-of-ibm-quantum-system-one-quantum-computer-in-bromont (1/1), chunk 32/37
[08:02:33 +9m 54s | thequantuminsider_2023_09_22_pinq_c2_b2_announces_the_inauguration_of_ibm_quantum_system_2af64cf3] Extracting interactions: https://thequantuminsider.com/2023/09/22/pinq%c2%b2-announces-the-inauguration-of-ibm-quantum-system-one-quantum-computer-in-bromont (1/1), chunk 33/37
[08:02:34 +9m 55s | thequantuminsider_2023_09_22_pinq_c2_b2_announces_the_inauguration_of_ibm_quantum_system_2af64cf3] Extracting interactions: https://thequantuminsider.com/2023/09/22/pinq%c2%b2-announces-the-inauguration-of-ibm-quantum-system-one-quantum-computer-in-bromont (1/1), chunk 35/37
[08:02:47 +10m 11s | thequantuminsider_2023_09_22_pinq_c2_b2_announces_the_inauguration_of_ibm_quantum_system_2af64cf3] Extracting interactions: https://thequantuminsider.com/2023/09/22/pinq%c2%b2-announces-the-inauguration-of-ibm-quantum-system-one-quantum-computer-in-bromont (1/1), chunk 36/37
[08:02:50 +10m 14s | thequantuminsider_2023_09_22_pinq_c2_b2_announces_the_inauguration_of_ibm_quantum_system_2af64cf3] Extracting interactions: https://thequantuminsider.com/2023/09/22/pinq%c2%b2-announces-the-inauguration-of-ibm-quantum-system-one-quantum-computer-in-bromont (1/1), chunk 37/37
[08:02:52 +10m 15s | thequantuminsider_2023_09_22_pinq_c2_b2_announces_the_inauguration_of_ibm_quantum_system_2af64cf3] Saved 3_interaction_results.json with 22 extracted interactions.

[08:02:52 +10m 16s | thequantuminsider_2023_09_22_pinq_c2_b2_announces_the_inauguration_of_ibm_quantum_system_2af64cf3] === 4 clean interactions ===
[08:02:52 +10m 16s | thequantuminsider_2023_09_22_pinq_c2_b2_announces_the_inauguration_of_ibm_quantum_system_2af64cf3] Saved 4_edges.json with 8 cleaned interactions.

[08:02:52 +10m 16s | thequantuminsider_2023_09_22_pinq_c2_b2_announces_the_inauguration_of_ibm_quantum_system_2af64cf3] === 5 helix enrichment ===
[08:02:52 +10m 16s | thequantuminsider_2023_09_22_pinq_c2_b2_announces_the_inauguration_of_ibm_quantum_system_2af64cf3] Wrote 5_nodes.json (16 actors)
[08:02:52 +10m 16s | thequantuminsider_2023_09_22_pinq_c2_b2_announces_the_inauguration_of_ibm_quantum_system_2af64cf3] Wrote 5_edges.json (8 interactions)
[08:02:52 +10m 16s | thequantuminsider_2023_09_22_pinq_c2_b2_announces_the_inauguration_of_ibm_quantum_system_2af64cf3] Actor helix counts: {'Academia': 3, 'Civil Society': 3, 'Industry': 3, 'Intermediary': 1, 'Unknown': 6}
[08:02:52 +10m 16s | thequantuminsider_2023_09_22_pinq_c2_b2_announces_the_inauguration_of_ibm_quantum_system_2af64cf3] Functional-space counts: {'Innovation': 2, 'Intra-helix / Not classified': 6}

[08:02:52 +10m 16s | thequantuminsider_2023_09_22_pinq_c2_b2_announces_the_inauguration_of_ibm_quantum_system_2af64cf3] === 6 network visualisation ===
[08:02:52 +10m 16s | thequantuminsider_2023_09_22_pinq_c2_b2_announces_the_inauguration_of_ibm_quantum_system_2af64cf3] Wrote quantum_network.html
[08:02:52 +10m 16s | thequantuminsider_2023_09_22_pinq_c2_b2_announces_the_inauguration_of_ibm_quantum_system_2af64cf3] Nodes: 16
[08:02:52 +10m 16s | thequantuminsider_2023_09_22_pinq_c2_b2_announces_the_inauguration_of_ibm_quantum_system_2af64cf3] Edges: 2

[08:02:53 +10m 16s | thequantuminsider_2023_09_22_pinq_c2_b2_announces_the_inauguration_of_ibm_quantum_system_2af64cf3] Done. Outputs written to: /home/lv/IDP/idpdeeptech/pipeline/news_outputs/thequantuminsider_2023_09_22_pinq_c2_b2_announces_the_inauguration_of_ibm_quantum_system_2af64cf3
[08:02:53 +10m 16s | thequantuminsider_2023_09_22_pinq_c2_b2_announces_the_inauguration_of_ibm_quantum_system_2af64cf3] Log: /home/lv/IDP/idpdeeptech/pipeline/news_outputs/thequantuminsider_2023_09_22_pinq_c2_b2_announces_the_inauguration_of_ibm_quantum_system_2af64cf3/run.log

========================================================================
RUN FINISHED 2026-07-05 08:02:53  (OK)
Started:     2026-07-05 07:53:23
Elapsed:     10m 16s
========================================================================
