
========================================================================
RUN STARTED  2026-07-05 04:55:23
site_pipeline.py https://thequantuminsider.com/2023/10/27/le-lab-quantique-celebrates-the-launch-of-frances-first-maison-du-quantique-house-of-quantum/
========================================================================

[04:55:23 +0s | thequantuminsider_2023_10_27_le_lab_quantique_celebrates_the_launch_of_frances_first_mais_93ef6cb5] === 0 crawl site ===
[04:55:24 +1s | thequantuminsider_2023_10_27_le_lab_quantique_celebrates_the_launch_of_frances_first_mais_93ef6cb5] [INIT].... → Crawl4AI 0.8.6 
[04:55:26 +3s | thequantuminsider_2023_10_27_le_lab_quantique_celebrates_the_launch_of_frances_first_mais_93ef6cb5] [FETCH]... ↓ https://thequantuminsider.com/2023/10/27/le-lab-...nces-first-maison-du-quantique-house-of-quantum/  | ✓ | ⏱: 1.94s 
[04:55:26 +3s | thequantuminsider_2023_10_27_le_lab_quantique_celebrates_the_launch_of_frances_first_mais_93ef6cb5] [SCRAPE].. ◆ https://thequantuminsider.com/2023/10/27/le-lab-...nces-first-maison-du-quantique-house-of-quantum/  | ✓ | ⏱: 0.14s 
[04:55:26 +3s | thequantuminsider_2023_10_27_le_lab_quantique_celebrates_the_launch_of_frances_first_mais_93ef6cb5] [COMPLETE] ● https://thequantuminsider.com/2023/10/27/le-lab-...nces-first-maison-du-quantique-house-of-quantum/  | ✓ | ⏱: 2.11s 
[04:55:26 +3s | thequantuminsider_2023_10_27_le_lab_quantique_celebrates_the_launch_of_frances_first_mais_93ef6cb5] Saved: crawl_output/51e2416c2d_thequantuminsider.com_2023_10_27_le-lab-quantique-celebrates-the-launch-of-frances-first-maison-du-quantique-house-of-quantum.json

[04:55:27 +4s | thequantuminsider_2023_10_27_le_lab_quantique_celebrates_the_launch_of_frances_first_mais_93ef6cb5] === 1 actor extraction ===
[04:55:27 +4s | thequantuminsider_2023_10_27_le_lab_quantique_celebrates_the_launch_of_frances_first_mais_93ef6cb5] Reading page (1/1): https://thequantuminsider.com/2023/10/27/le-lab-quantique-celebrates-the-launch-of-frances-first-maison-du-quantique-house-of-quantum
[04:55:27 +4s | thequantuminsider_2023_10_27_le_lab_quantique_celebrates_the_launch_of_frances_first_mais_93ef6cb5] Extracting actors: https://thequantuminsider.com/2023/10/27/le-lab-quantique-celebrates-the-launch-of-frances-first-maison-du-quantique-house-of-quantum (1/1), chunk 1/39
[04:55:37 +14s | thequantuminsider_2023_10_27_le_lab_quantique_celebrates_the_launch_of_frances_first_mais_93ef6cb5] Repaired malformed JSON.
[04:55:37 +14s | thequantuminsider_2023_10_27_le_lab_quantique_celebrates_the_launch_of_frances_first_mais_93ef6cb5] Extracting actors: https://thequantuminsider.com/2023/10/27/le-lab-quantique-celebrates-the-launch-of-frances-first-maison-du-quantique-house-of-quantum (1/1), chunk 2/39
[04:55:40 +19s | thequantuminsider_2023_10_27_le_lab_quantique_celebrates_the_launch_of_frances_first_mais_93ef6cb5] Extracting actors: https://thequantuminsider.com/2023/10/27/le-lab-quantique-celebrates-the-launch-of-frances-first-maison-du-quantique-house-of-quantum (1/1), chunk 3/39
[04:55:45 +24s | thequantuminsider_2023_10_27_le_lab_quantique_celebrates_the_launch_of_frances_first_mais_93ef6cb5] Extracting actors: https://thequantuminsider.com/2023/10/27/le-lab-quantique-celebrates-the-launch-of-frances-first-maison-du-quantique-house-of-quantum (1/1), chunk 4/39
[04:55:49 +28s | thequantuminsider_2023_10_27_le_lab_quantique_celebrates_the_launch_of_frances_first_mais_93ef6cb5] Extracting actors: https://thequantuminsider.com/2023/10/27/le-lab-quantique-celebrates-the-launch-of-frances-first-maison-du-quantique-house-of-quantum (1/1), chunk 5/39
[04:55:56 +35s | thequantuminsider_2023_10_27_le_lab_quantique_celebrates_the_launch_of_frances_first_mais_93ef6cb5] Repaired malformed JSON.
[04:55:56 +35s | thequantuminsider_2023_10_27_le_lab_quantique_celebrates_the_launch_of_frances_first_mais_93ef6cb5] Extracting actors: https://thequantuminsider.com/2023/10/27/le-lab-quantique-celebrates-the-launch-of-frances-first-maison-du-quantique-house-of-quantum (1/1), chunk 6/39
[04:56:03 +42s | thequantuminsider_2023_10_27_le_lab_quantique_celebrates_the_launch_of_frances_first_mais_93ef6cb5] Repaired malformed JSON.
[04:56:03 +42s | thequantuminsider_2023_10_27_le_lab_quantique_celebrates_the_launch_of_frances_first_mais_93ef6cb5] Extracting actors: https://thequantuminsider.com/2023/10/27/le-lab-quantique-celebrates-the-launch-of-frances-first-maison-du-quantique-house-of-quantum (1/1), chunk 7/39
[04:56:25 +1m 6s | thequantuminsider_2023_10_27_le_lab_quantique_celebrates_the_launch_of_frances_first_mais_93ef6cb5] Extracting actors: https://thequantuminsider.com/2023/10/27/le-lab-quantique-celebrates-the-launch-of-frances-first-maison-du-quantique-house-of-quantum (1/1), chunk 8/39
[04:56:33 +1m 14s | thequantuminsider_2023_10_27_le_lab_quantique_celebrates_the_launch_of_frances_first_mais_93ef6cb5] Repaired malformed JSON.
[04:56:33 +1m 14s | thequantuminsider_2023_10_27_le_lab_quantique_celebrates_the_launch_of_frances_first_mais_93ef6cb5] Extracting actors: https://thequantuminsider.com/2023/10/27/le-lab-quantique-celebrates-the-launch-of-frances-first-maison-du-quantique-house-of-quantum (1/1), chunk 9/39
[04:56:38 +1m 19s | thequantuminsider_2023_10_27_le_lab_quantique_celebrates_the_launch_of_frances_first_mais_93ef6cb5] Extracting actors: https://thequantuminsider.com/2023/10/27/le-lab-quantique-celebrates-the-launch-of-frances-first-maison-du-quantique-house-of-quantum (1/1), chunk 10/39
[04:56:55 +1m 38s | thequantuminsider_2023_10_27_le_lab_quantique_celebrates_the_launch_of_frances_first_mais_93ef6cb5] Extracting actors: https://thequantuminsider.com/2023/10/27/le-lab-quantique-celebrates-the-launch-of-frances-first-maison-du-quantique-house-of-quantum (1/1), chunk 11/39
[04:57:01 +1m 44s | thequantuminsider_2023_10_27_le_lab_quantique_celebrates_the_launch_of_frances_first_mais_93ef6cb5] Repaired malformed JSON.
[04:57:01 +1m 44s | thequantuminsider_2023_10_27_le_lab_quantique_celebrates_the_launch_of_frances_first_mais_93ef6cb5] Extracting actors: https://thequantuminsider.com/2023/10/27/le-lab-quantique-celebrates-the-launch-of-frances-first-maison-du-quantique-house-of-quantum (1/1), chunk 12/39
[04:57:08 +1m 51s | thequantuminsider_2023_10_27_le_lab_quantique_celebrates_the_launch_of_frances_first_mais_93ef6cb5] Repaired malformed JSON.
[04:57:08 +1m 51s | thequantuminsider_2023_10_27_le_lab_quantique_celebrates_the_launch_of_frances_first_mais_93ef6cb5] Extracting actors: https://thequantuminsider.com/2023/10/27/le-lab-quantique-celebrates-the-launch-of-frances-first-maison-du-quantique-house-of-quantum (1/1), chunk 13/39
[04:57:15 +1m 59s | thequantuminsider_2023_10_27_le_lab_quantique_celebrates_the_launch_of_frances_first_mais_93ef6cb5] Repaired malformed JSON.
[04:57:15 +1m 59s | thequantuminsider_2023_10_27_le_lab_quantique_celebrates_the_launch_of_frances_first_mais_93ef6cb5] Extracting actors: https://thequantuminsider.com/2023/10/27/le-lab-quantique-celebrates-the-launch-of-frances-first-maison-du-quantique-house-of-quantum (1/1), chunk 14/39
[04:57:22 +2m 7s | thequantuminsider_2023_10_27_le_lab_quantique_celebrates_the_launch_of_frances_first_mais_93ef6cb5] Repaired malformed JSON.
[04:57:22 +2m 7s | thequantuminsider_2023_10_27_le_lab_quantique_celebrates_the_launch_of_frances_first_mais_93ef6cb5] Extracting actors: https://thequantuminsider.com/2023/10/27/le-lab-quantique-celebrates-the-launch-of-frances-first-maison-du-quantique-house-of-quantum (1/1), chunk 15/39
[04:57:30 +2m 14s | thequantuminsider_2023_10_27_le_lab_quantique_celebrates_the_launch_of_frances_first_mais_93ef6cb5] Repaired malformed JSON.
[04:57:30 +2m 14s | thequantuminsider_2023_10_27_le_lab_quantique_celebrates_the_launch_of_frances_first_mais_93ef6cb5] Extracting actors: https://thequantuminsider.com/2023/10/27/le-lab-quantique-celebrates-the-launch-of-frances-first-maison-du-quantique-house-of-quantum (1/1), chunk 16/39
[04:57:38 +2m 23s | thequantuminsider_2023_10_27_le_lab_quantique_celebrates_the_launch_of_frances_first_mais_93ef6cb5] Repaired malformed JSON.
[04:57:38 +2m 23s | thequantuminsider_2023_10_27_le_lab_quantique_celebrates_the_launch_of_frances_first_mais_93ef6cb5] Extracting actors: https://thequantuminsider.com/2023/10/27/le-lab-quantique-celebrates-the-launch-of-frances-first-maison-du-quantique-house-of-quantum (1/1), chunk 17/39
[04:57:46 +2m 33s | thequantuminsider_2023_10_27_le_lab_quantique_celebrates_the_launch_of_frances_first_mais_93ef6cb5] Repaired malformed JSON.
[04:57:46 +2m 33s | thequantuminsider_2023_10_27_le_lab_quantique_celebrates_the_launch_of_frances_first_mais_93ef6cb5] Extracting actors: https://thequantuminsider.com/2023/10/27/le-lab-quantique-celebrates-the-launch-of-frances-first-maison-du-quantique-house-of-quantum (1/1), chunk 18/39
[04:57:54 +2m 41s | thequantuminsider_2023_10_27_le_lab_quantique_celebrates_the_launch_of_frances_first_mais_93ef6cb5] Repaired malformed JSON.
[04:57:54 +2m 41s | thequantuminsider_2023_10_27_le_lab_quantique_celebrates_the_launch_of_frances_first_mais_93ef6cb5] Extracting actors: https://thequantuminsider.com/2023/10/27/le-lab-quantique-celebrates-the-launch-of-frances-first-maison-du-quantique-house-of-quantum (1/1), chunk 19/39
[04:58:00 +2m 47s | thequantuminsider_2023_10_27_le_lab_quantique_celebrates_the_launch_of_frances_first_mais_93ef6cb5] Repaired malformed JSON.
[04:58:00 +2m 47s | thequantuminsider_2023_10_27_le_lab_quantique_celebrates_the_launch_of_frances_first_mais_93ef6cb5] Extracting actors: https://thequantuminsider.com/2023/10/27/le-lab-quantique-celebrates-the-launch-of-frances-first-maison-du-quantique-house-of-quantum (1/1), chunk 20/39
[04:58:14 +3m 3s | thequantuminsider_2023_10_27_le_lab_quantique_celebrates_the_launch_of_frances_first_mais_93ef6cb5] Repaired malformed JSON.
[04:58:14 +3m 3s | thequantuminsider_2023_10_27_le_lab_quantique_celebrates_the_launch_of_frances_first_mais_93ef6cb5] Extracting actors: https://thequantuminsider.com/2023/10/27/le-lab-quantique-celebrates-the-launch-of-frances-first-maison-du-quantique-house-of-quantum (1/1), chunk 21/39
[04:58:22 +3m 11s | thequantuminsider_2023_10_27_le_lab_quantique_celebrates_the_launch_of_frances_first_mais_93ef6cb5] Repaired malformed JSON.
[04:58:22 +3m 11s | thequantuminsider_2023_10_27_le_lab_quantique_celebrates_the_launch_of_frances_first_mais_93ef6cb5] Extracting actors: https://thequantuminsider.com/2023/10/27/le-lab-quantique-celebrates-the-launch-of-frances-first-maison-du-quantique-house-of-quantum (1/1), chunk 22/39
[04:58:30 +3m 19s | thequantuminsider_2023_10_27_le_lab_quantique_celebrates_the_launch_of_frances_first_mais_93ef6cb5] Repaired malformed JSON.
[04:58:30 +3m 19s | thequantuminsider_2023_10_27_le_lab_quantique_celebrates_the_launch_of_frances_first_mais_93ef6cb5] Extracting actors: https://thequantuminsider.com/2023/10/27/le-lab-quantique-celebrates-the-launch-of-frances-first-maison-du-quantique-house-of-quantum (1/1), chunk 23/39
[04:58:39 +3m 27s | thequantuminsider_2023_10_27_le_lab_quantique_celebrates_the_launch_of_frances_first_mais_93ef6cb5] Repaired malformed JSON.
[04:58:39 +3m 27s | thequantuminsider_2023_10_27_le_lab_quantique_celebrates_the_launch_of_frances_first_mais_93ef6cb5] Extracting actors: https://thequantuminsider.com/2023/10/27/le-lab-quantique-celebrates-the-launch-of-frances-first-maison-du-quantique-house-of-quantum (1/1), chunk 24/39
[04:58:43 +3m 34s | thequantuminsider_2023_10_27_le_lab_quantique_celebrates_the_launch_of_frances_first_mais_93ef6cb5] Extracting actors: https://thequantuminsider.com/2023/10/27/le-lab-quantique-celebrates-the-launch-of-frances-first-maison-du-quantique-house-of-quantum (1/1), chunk 25/39
[04:59:10 +4m 2s | thequantuminsider_2023_10_27_le_lab_quantique_celebrates_the_launch_of_frances_first_mais_93ef6cb5] Repaired malformed JSON.
[04:59:10 +4m 2s | thequantuminsider_2023_10_27_le_lab_quantique_celebrates_the_launch_of_frances_first_mais_93ef6cb5] Extracting actors: https://thequantuminsider.com/2023/10/27/le-lab-quantique-celebrates-the-launch-of-frances-first-maison-du-quantique-house-of-quantum (1/1), chunk 26/39
[04:59:18 +4m 10s | thequantuminsider_2023_10_27_le_lab_quantique_celebrates_the_launch_of_frances_first_mais_93ef6cb5] Repaired malformed JSON.
[04:59:18 +4m 10s | thequantuminsider_2023_10_27_le_lab_quantique_celebrates_the_launch_of_frances_first_mais_93ef6cb5] Extracting actors: https://thequantuminsider.com/2023/10/27/le-lab-quantique-celebrates-the-launch-of-frances-first-maison-du-quantique-house-of-quantum (1/1), chunk 27/39
[04:59:25 +4m 17s | thequantuminsider_2023_10_27_le_lab_quantique_celebrates_the_launch_of_frances_first_mais_93ef6cb5] Extracting actors: https://thequantuminsider.com/2023/10/27/le-lab-quantique-celebrates-the-launch-of-frances-first-maison-du-quantique-house-of-quantum (1/1), chunk 28/39
[04:59:39 +4m 33s | thequantuminsider_2023_10_27_le_lab_quantique_celebrates_the_launch_of_frances_first_mais_93ef6cb5] Repaired malformed JSON.
[04:59:39 +4m 33s | thequantuminsider_2023_10_27_le_lab_quantique_celebrates_the_launch_of_frances_first_mais_93ef6cb5] Extracting actors: https://thequantuminsider.com/2023/10/27/le-lab-quantique-celebrates-the-launch-of-frances-first-maison-du-quantique-house-of-quantum (1/1), chunk 29/39
[04:59:47 +4m 42s | thequantuminsider_2023_10_27_le_lab_quantique_celebrates_the_launch_of_frances_first_mais_93ef6cb5] Extracting actors: https://thequantuminsider.com/2023/10/27/le-lab-quantique-celebrates-the-launch-of-frances-first-maison-du-quantique-house-of-quantum (1/1), chunk 30/39
[04:59:56 +4m 50s | thequantuminsider_2023_10_27_le_lab_quantique_celebrates_the_launch_of_frances_first_mais_93ef6cb5] Repaired malformed JSON.
[04:59:56 +4m 50s | thequantuminsider_2023_10_27_le_lab_quantique_celebrates_the_launch_of_frances_first_mais_93ef6cb5] Extracting actors: https://thequantuminsider.com/2023/10/27/le-lab-quantique-celebrates-the-launch-of-frances-first-maison-du-quantique-house-of-quantum (1/1), chunk 31/39
[05:00:03 +4m 57s | thequantuminsider_2023_10_27_le_lab_quantique_celebrates_the_launch_of_frances_first_mais_93ef6cb5] Repaired malformed JSON.
[05:00:03 +4m 57s | thequantuminsider_2023_10_27_le_lab_quantique_celebrates_the_launch_of_frances_first_mais_93ef6cb5] Extracting actors: https://thequantuminsider.com/2023/10/27/le-lab-quantique-celebrates-the-launch-of-frances-first-maison-du-quantique-house-of-quantum (1/1), chunk 32/39
[05:00:11 +5m 5s | thequantuminsider_2023_10_27_le_lab_quantique_celebrates_the_launch_of_frances_first_mais_93ef6cb5] Repaired malformed JSON.
[05:00:11 +5m 5s | thequantuminsider_2023_10_27_le_lab_quantique_celebrates_the_launch_of_frances_first_mais_93ef6cb5] Extracting actors: https://thequantuminsider.com/2023/10/27/le-lab-quantique-celebrates-the-launch-of-frances-first-maison-du-quantique-house-of-quantum (1/1), chunk 33/39
[05:00:18 +5m 14s | thequantuminsider_2023_10_27_le_lab_quantique_celebrates_the_launch_of_frances_first_mais_93ef6cb5] Repaired malformed JSON.
[05:00:18 +5m 14s | thequantuminsider_2023_10_27_le_lab_quantique_celebrates_the_launch_of_frances_first_mais_93ef6cb5] Extracting actors: https://thequantuminsider.com/2023/10/27/le-lab-quantique-celebrates-the-launch-of-frances-first-maison-du-quantique-house-of-quantum (1/1), chunk 34/39
[05:00:24 +5m 20s | thequantuminsider_2023_10_27_le_lab_quantique_celebrates_the_launch_of_frances_first_mais_93ef6cb5] Repaired malformed JSON.
[05:00:24 +5m 20s | thequantuminsider_2023_10_27_le_lab_quantique_celebrates_the_launch_of_frances_first_mais_93ef6cb5] Extracting actors: https://thequantuminsider.com/2023/10/27/le-lab-quantique-celebrates-the-launch-of-frances-first-maison-du-quantique-house-of-quantum (1/1), chunk 35/39
[05:00:34 +5m 30s | thequantuminsider_2023_10_27_le_lab_quantique_celebrates_the_launch_of_frances_first_mais_93ef6cb5] Repaired malformed JSON.
[05:00:34 +5m 30s | thequantuminsider_2023_10_27_le_lab_quantique_celebrates_the_launch_of_frances_first_mais_93ef6cb5] Extracting actors: https://thequantuminsider.com/2023/10/27/le-lab-quantique-celebrates-the-launch-of-frances-first-maison-du-quantique-house-of-quantum (1/1), chunk 36/39
[05:00:41 +5m 39s | thequantuminsider_2023_10_27_le_lab_quantique_celebrates_the_launch_of_frances_first_mais_93ef6cb5] Repaired malformed JSON.
[05:00:41 +5m 39s | thequantuminsider_2023_10_27_le_lab_quantique_celebrates_the_launch_of_frances_first_mais_93ef6cb5] Extracting actors: https://thequantuminsider.com/2023/10/27/le-lab-quantique-celebrates-the-launch-of-frances-first-maison-du-quantique-house-of-quantum (1/1), chunk 37/39
[05:00:49 +5m 47s | thequantuminsider_2023_10_27_le_lab_quantique_celebrates_the_launch_of_frances_first_mais_93ef6cb5] Repaired malformed JSON.
[05:00:49 +5m 47s | thequantuminsider_2023_10_27_le_lab_quantique_celebrates_the_launch_of_frances_first_mais_93ef6cb5] Extracting actors: https://thequantuminsider.com/2023/10/27/le-lab-quantique-celebrates-the-launch-of-frances-first-maison-du-quantique-house-of-quantum (1/1), chunk 38/39
[05:00:57 +5m 55s | thequantuminsider_2023_10_27_le_lab_quantique_celebrates_the_launch_of_frances_first_mais_93ef6cb5] Repaired malformed JSON.
[05:00:57 +5m 55s | thequantuminsider_2023_10_27_le_lab_quantique_celebrates_the_launch_of_frances_first_mais_93ef6cb5] Extracting actors: https://thequantuminsider.com/2023/10/27/le-lab-quantique-celebrates-the-launch-of-frances-first-maison-du-quantique-house-of-quantum (1/1), chunk 39/39
[05:01:10 +6m 10s | thequantuminsider_2023_10_27_le_lab_quantique_celebrates_the_launch_of_frances_first_mais_93ef6cb5] Saved 1_actor_results.json with 65 extracted records

[05:01:10 +6m 10s | thequantuminsider_2023_10_27_le_lab_quantique_celebrates_the_launch_of_frances_first_mais_93ef6cb5] === 2 clean actors ===
[05:01:10 +6m 10s | thequantuminsider_2023_10_27_le_lab_quantique_celebrates_the_launch_of_frances_first_mais_93ef6cb5] Loaded 65 extracted records
[05:01:10 +6m 10s | thequantuminsider_2023_10_27_le_lab_quantique_celebrates_the_launch_of_frances_first_mais_93ef6cb5] Saved 2_actor_nodes.json with 24 canonical actor nodes

[05:01:10 +6m 10s | thequantuminsider_2023_10_27_le_lab_quantique_celebrates_the_launch_of_frances_first_mais_93ef6cb5] === 3 interaction extraction ===
[05:01:11 +6m 10s | thequantuminsider_2023_10_27_le_lab_quantique_celebrates_the_launch_of_frances_first_mais_93ef6cb5] Extracting interactions: https://thequantuminsider.com/2023/10/27/le-lab-quantique-celebrates-the-launch-of-frances-first-maison-du-quantique-house-of-quantum (1/1), chunk 11/39
[05:01:38 +6m 38s | thequantuminsider_2023_10_27_le_lab_quantique_celebrates_the_launch_of_frances_first_mais_93ef6cb5] Extracting interactions: https://thequantuminsider.com/2023/10/27/le-lab-quantique-celebrates-the-launch-of-frances-first-maison-du-quantique-house-of-quantum (1/1), chunk 12/39
[05:02:07 +7m 8s | thequantuminsider_2023_10_27_le_lab_quantique_celebrates_the_launch_of_frances_first_mais_93ef6cb5] Extracting interactions: https://thequantuminsider.com/2023/10/27/le-lab-quantique-celebrates-the-launch-of-frances-first-maison-du-quantique-house-of-quantum (1/1), chunk 13/39
[05:02:45 +7m 51s | thequantuminsider_2023_10_27_le_lab_quantique_celebrates_the_launch_of_frances_first_mais_93ef6cb5] Extracting interactions: https://thequantuminsider.com/2023/10/27/le-lab-quantique-celebrates-the-launch-of-frances-first-maison-du-quantique-house-of-quantum (1/1), chunk 14/39
[05:03:03 +8m 9s | thequantuminsider_2023_10_27_le_lab_quantique_celebrates_the_launch_of_frances_first_mais_93ef6cb5] Extracting interactions: https://thequantuminsider.com/2023/10/27/le-lab-quantique-celebrates-the-launch-of-frances-first-maison-du-quantique-house-of-quantum (1/1), chunk 15/39
[05:03:52 +9m 2s | thequantuminsider_2023_10_27_le_lab_quantique_celebrates_the_launch_of_frances_first_mais_93ef6cb5] Extracting interactions: https://thequantuminsider.com/2023/10/27/le-lab-quantique-celebrates-the-launch-of-frances-first-maison-du-quantique-house-of-quantum (1/1), chunk 16/39
[05:04:44 +9m 57s | thequantuminsider_2023_10_27_le_lab_quantique_celebrates_the_launch_of_frances_first_mais_93ef6cb5] Extracting interactions: https://thequantuminsider.com/2023/10/27/le-lab-quantique-celebrates-the-launch-of-frances-first-maison-du-quantique-house-of-quantum (1/1), chunk 17/39
[05:05:32 +10m 47s | thequantuminsider_2023_10_27_le_lab_quantique_celebrates_the_launch_of_frances_first_mais_93ef6cb5] Extracting interactions: https://thequantuminsider.com/2023/10/27/le-lab-quantique-celebrates-the-launch-of-frances-first-maison-du-quantique-house-of-quantum (1/1), chunk 18/39
[05:05:43 +10m 58s | thequantuminsider_2023_10_27_le_lab_quantique_celebrates_the_launch_of_frances_first_mais_93ef6cb5] Extracting interactions: https://thequantuminsider.com/2023/10/27/le-lab-quantique-celebrates-the-launch-of-frances-first-maison-du-quantique-house-of-quantum (1/1), chunk 19/39
[05:05:46 +11m 3s | thequantuminsider_2023_10_27_le_lab_quantique_celebrates_the_launch_of_frances_first_mais_93ef6cb5] Extracting interactions: https://thequantuminsider.com/2023/10/27/le-lab-quantique-celebrates-the-launch-of-frances-first-maison-du-quantique-house-of-quantum (1/1), chunk 20/39
[05:05:48 +11m 6s | thequantuminsider_2023_10_27_le_lab_quantique_celebrates_the_launch_of_frances_first_mais_93ef6cb5] Extracting interactions: https://thequantuminsider.com/2023/10/27/le-lab-quantique-celebrates-the-launch-of-frances-first-maison-du-quantique-house-of-quantum (1/1), chunk 21/39
[05:05:50 +11m 7s | thequantuminsider_2023_10_27_le_lab_quantique_celebrates_the_launch_of_frances_first_mais_93ef6cb5] Extracting interactions: https://thequantuminsider.com/2023/10/27/le-lab-quantique-celebrates-the-launch-of-frances-first-maison-du-quantique-house-of-quantum (1/1), chunk 22/39
[05:05:52 +11m 9s | thequantuminsider_2023_10_27_le_lab_quantique_celebrates_the_launch_of_frances_first_mais_93ef6cb5] Extracting interactions: https://thequantuminsider.com/2023/10/27/le-lab-quantique-celebrates-the-launch-of-frances-first-maison-du-quantique-house-of-quantum (1/1), chunk 23/39
[05:06:02 +11m 19s | thequantuminsider_2023_10_27_le_lab_quantique_celebrates_the_launch_of_frances_first_mais_93ef6cb5] Extracting interactions: https://thequantuminsider.com/2023/10/27/le-lab-quantique-celebrates-the-launch-of-frances-first-maison-du-quantique-house-of-quantum (1/1), chunk 24/39
[05:06:07 +11m 24s | thequantuminsider_2023_10_27_le_lab_quantique_celebrates_the_launch_of_frances_first_mais_93ef6cb5] Extracting interactions: https://thequantuminsider.com/2023/10/27/le-lab-quantique-celebrates-the-launch-of-frances-first-maison-du-quantique-house-of-quantum (1/1), chunk 28/39
[05:06:11 +11m 29s | thequantuminsider_2023_10_27_le_lab_quantique_celebrates_the_launch_of_frances_first_mais_93ef6cb5] Extracting interactions: https://thequantuminsider.com/2023/10/27/le-lab-quantique-celebrates-the-launch-of-frances-first-maison-du-quantique-house-of-quantum (1/1), chunk 29/39
[05:06:19 +11m 38s | thequantuminsider_2023_10_27_le_lab_quantique_celebrates_the_launch_of_frances_first_mais_93ef6cb5] Extracting interactions: https://thequantuminsider.com/2023/10/27/le-lab-quantique-celebrates-the-launch-of-frances-first-maison-du-quantique-house-of-quantum (1/1), chunk 30/39
[05:06:21 +11m 41s | thequantuminsider_2023_10_27_le_lab_quantique_celebrates_the_launch_of_frances_first_mais_93ef6cb5] Extracting interactions: https://thequantuminsider.com/2023/10/27/le-lab-quantique-celebrates-the-launch-of-frances-first-maison-du-quantique-house-of-quantum (1/1), chunk 32/39
[05:06:23 +11m 42s | thequantuminsider_2023_10_27_le_lab_quantique_celebrates_the_launch_of_frances_first_mais_93ef6cb5] Extracting interactions: https://thequantuminsider.com/2023/10/27/le-lab-quantique-celebrates-the-launch-of-frances-first-maison-du-quantique-house-of-quantum (1/1), chunk 33/39
[05:06:25 +11m 44s | thequantuminsider_2023_10_27_le_lab_quantique_celebrates_the_launch_of_frances_first_mais_93ef6cb5] Extracting interactions: https://thequantuminsider.com/2023/10/27/le-lab-quantique-celebrates-the-launch-of-frances-first-maison-du-quantique-house-of-quantum (1/1), chunk 34/39
[05:06:26 +11m 46s | thequantuminsider_2023_10_27_le_lab_quantique_celebrates_the_launch_of_frances_first_mais_93ef6cb5] Extracting interactions: https://thequantuminsider.com/2023/10/27/le-lab-quantique-celebrates-the-launch-of-frances-first-maison-du-quantique-house-of-quantum (1/1), chunk 35/39
[05:06:28 +11m 47s | thequantuminsider_2023_10_27_le_lab_quantique_celebrates_the_launch_of_frances_first_mais_93ef6cb5] Extracting interactions: https://thequantuminsider.com/2023/10/27/le-lab-quantique-celebrates-the-launch-of-frances-first-maison-du-quantique-house-of-quantum (1/1), chunk 36/39
[05:07:01 +12m 22s | thequantuminsider_2023_10_27_le_lab_quantique_celebrates_the_launch_of_frances_first_mais_93ef6cb5] Extracting interactions: https://thequantuminsider.com/2023/10/27/le-lab-quantique-celebrates-the-launch-of-frances-first-maison-du-quantique-house-of-quantum (1/1), chunk 37/39
[05:07:13 +12m 34s | thequantuminsider_2023_10_27_le_lab_quantique_celebrates_the_launch_of_frances_first_mais_93ef6cb5] Extracting interactions: https://thequantuminsider.com/2023/10/27/le-lab-quantique-celebrates-the-launch-of-frances-first-maison-du-quantique-house-of-quantum (1/1), chunk 38/39
[05:07:15 +12m 36s | thequantuminsider_2023_10_27_le_lab_quantique_celebrates_the_launch_of_frances_first_mais_93ef6cb5] Saved 3_interaction_results.json with 46 extracted interactions.

[05:07:15 +12m 36s | thequantuminsider_2023_10_27_le_lab_quantique_celebrates_the_launch_of_frances_first_mais_93ef6cb5] === 4 clean interactions ===
[05:07:15 +12m 36s | thequantuminsider_2023_10_27_le_lab_quantique_celebrates_the_launch_of_frances_first_mais_93ef6cb5] Saved 4_edges.json with 22 cleaned interactions.

[05:07:15 +12m 36s | thequantuminsider_2023_10_27_le_lab_quantique_celebrates_the_launch_of_frances_first_mais_93ef6cb5] === 5 helix enrichment ===
[05:07:15 +12m 36s | thequantuminsider_2023_10_27_le_lab_quantique_celebrates_the_launch_of_frances_first_mais_93ef6cb5] Wrote 5_nodes.json (24 actors)
[05:07:15 +12m 36s | thequantuminsider_2023_10_27_le_lab_quantique_celebrates_the_launch_of_frances_first_mais_93ef6cb5] Wrote 5_edges.json (22 interactions)
[05:07:15 +12m 36s | thequantuminsider_2023_10_27_le_lab_quantique_celebrates_the_launch_of_frances_first_mais_93ef6cb5] Actor helix counts: {'Academia': 3, 'Civil Society': 3, 'Government': 1, 'Industry': 5, 'Intermediary': 5, 'Unknown': 7}
[05:07:15 +12m 36s | thequantuminsider_2023_10_27_le_lab_quantique_celebrates_the_launch_of_frances_first_mais_93ef6cb5] Functional-space counts: {'Consensus': 2, 'Innovation': 5, 'Intra-helix / Not classified': 15}

[05:07:15 +12m 36s | thequantuminsider_2023_10_27_le_lab_quantique_celebrates_the_launch_of_frances_first_mais_93ef6cb5] === 6 network visualisation ===
[05:07:15 +12m 36s | thequantuminsider_2023_10_27_le_lab_quantique_celebrates_the_launch_of_frances_first_mais_93ef6cb5] Wrote quantum_network.html
[05:07:15 +12m 36s | thequantuminsider_2023_10_27_le_lab_quantique_celebrates_the_launch_of_frances_first_mais_93ef6cb5] Nodes: 24
[05:07:15 +12m 36s | thequantuminsider_2023_10_27_le_lab_quantique_celebrates_the_launch_of_frances_first_mais_93ef6cb5] Edges: 13

[05:07:14 +12m 37s | thequantuminsider_2023_10_27_le_lab_quantique_celebrates_the_launch_of_frances_first_mais_93ef6cb5] Done. Outputs written to: /home/lv/IDP/idpdeeptech/pipeline/news_outputs/thequantuminsider_2023_10_27_le_lab_quantique_celebrates_the_launch_of_frances_first_mais_93ef6cb5
[05:07:14 +12m 37s | thequantuminsider_2023_10_27_le_lab_quantique_celebrates_the_launch_of_frances_first_mais_93ef6cb5] Log: /home/lv/IDP/idpdeeptech/pipeline/news_outputs/thequantuminsider_2023_10_27_le_lab_quantique_celebrates_the_launch_of_frances_first_mais_93ef6cb5/run.log

========================================================================
RUN FINISHED 2026-07-05 05:07:14  (OK)
Started:     2026-07-05 04:55:23
Elapsed:     12m 37s
========================================================================
