
========================================================================
RUN STARTED  2026-07-05 04:56:34
site_pipeline.py https://thequantuminsider.com/2023/10/26/tqi-exclusive-the-city-quantum-summit-experts-see-quantum-as-a-catalyst-for-technological-convergence-with-ai/
========================================================================

[04:56:34 +0s | thequantuminsider_2023_10_26_tqi_exclusive_the_city_quantum_summit_experts_see_quantum_as_49856de5] === 0 crawl site ===
[04:56:36 +1s | thequantuminsider_2023_10_26_tqi_exclusive_the_city_quantum_summit_experts_see_quantum_as_49856de5] [INIT].... → Crawl4AI 0.8.6 
[04:56:38 +3s | thequantuminsider_2023_10_26_tqi_exclusive_the_city_quantum_summit_experts_see_quantum_as_49856de5] [FETCH]... ↓ https://thequantuminsider.com/2023/10/26/tqi-exc...-catalyst-for-technological-convergence-with-ai/  | ✓ | ⏱: 1.81s 
[04:56:38 +3s | thequantuminsider_2023_10_26_tqi_exclusive_the_city_quantum_summit_experts_see_quantum_as_49856de5] [SCRAPE].. ◆ https://thequantuminsider.com/2023/10/26/tqi-exc...-catalyst-for-technological-convergence-with-ai/  | ✓ | ⏱: 0.13s 
[04:56:38 +3s | thequantuminsider_2023_10_26_tqi_exclusive_the_city_quantum_summit_experts_see_quantum_as_49856de5] [COMPLETE] ● https://thequantuminsider.com/2023/10/26/tqi-exc...-catalyst-for-technological-convergence-with-ai/  | ✓ | ⏱: 1.97s 
[04:56:38 +3s | thequantuminsider_2023_10_26_tqi_exclusive_the_city_quantum_summit_experts_see_quantum_as_49856de5] Saved: crawl_output/c01f32b97c_thequantuminsider.com_2023_10_26_tqi-exclusive-the-city-quantum-summit-experts-see-quantum-as-a-catalyst-for-technological-convergence-with-ai.json

[04:56:38 +4s | thequantuminsider_2023_10_26_tqi_exclusive_the_city_quantum_summit_experts_see_quantum_as_49856de5] === 1 actor extraction ===
[04:56:38 +4s | thequantuminsider_2023_10_26_tqi_exclusive_the_city_quantum_summit_experts_see_quantum_as_49856de5] Reading page (1/1): https://thequantuminsider.com/2023/10/26/tqi-exclusive-the-city-quantum-summit-experts-see-quantum-as-a-catalyst-for-technological-convergence-with-ai
[04:56:38 +4s | thequantuminsider_2023_10_26_tqi_exclusive_the_city_quantum_summit_experts_see_quantum_as_49856de5] Extracting actors: https://thequantuminsider.com/2023/10/26/tqi-exclusive-the-city-quantum-summit-experts-see-quantum-as-a-catalyst-for-technological-convergence-with-ai (1/1), chunk 1/41
[04:56:42 +10s | thequantuminsider_2023_10_26_tqi_exclusive_the_city_quantum_summit_experts_see_quantum_as_49856de5] Extracting actors: https://thequantuminsider.com/2023/10/26/tqi-exclusive-the-city-quantum-summit-experts-see-quantum-as-a-catalyst-for-technological-convergence-with-ai (1/1), chunk 2/41
[04:56:51 +19s | thequantuminsider_2023_10_26_tqi_exclusive_the_city_quantum_summit_experts_see_quantum_as_49856de5] Extracting actors: https://thequantuminsider.com/2023/10/26/tqi-exclusive-the-city-quantum-summit-experts-see-quantum-as-a-catalyst-for-technological-convergence-with-ai (1/1), chunk 3/41
[04:56:57 +25s | thequantuminsider_2023_10_26_tqi_exclusive_the_city_quantum_summit_experts_see_quantum_as_49856de5] Extracting actors: https://thequantuminsider.com/2023/10/26/tqi-exclusive-the-city-quantum-summit-experts-see-quantum-as-a-catalyst-for-technological-convergence-with-ai (1/1), chunk 4/41
[04:57:04 +31s | thequantuminsider_2023_10_26_tqi_exclusive_the_city_quantum_summit_experts_see_quantum_as_49856de5] Extracting actors: https://thequantuminsider.com/2023/10/26/tqi-exclusive-the-city-quantum-summit-experts-see-quantum-as-a-catalyst-for-technological-convergence-with-ai (1/1), chunk 5/41
[04:57:08 +38s | thequantuminsider_2023_10_26_tqi_exclusive_the_city_quantum_summit_experts_see_quantum_as_49856de5] Extracting actors: https://thequantuminsider.com/2023/10/26/tqi-exclusive-the-city-quantum-summit-experts-see-quantum-as-a-catalyst-for-technological-convergence-with-ai (1/1), chunk 6/41
[04:57:15 +45s | thequantuminsider_2023_10_26_tqi_exclusive_the_city_quantum_summit_experts_see_quantum_as_49856de5] Extracting actors: https://thequantuminsider.com/2023/10/26/tqi-exclusive-the-city-quantum-summit-experts-see-quantum-as-a-catalyst-for-technological-convergence-with-ai (1/1), chunk 7/41
[04:57:39 +1m 8s | thequantuminsider_2023_10_26_tqi_exclusive_the_city_quantum_summit_experts_see_quantum_as_49856de5] Extracting actors: https://thequantuminsider.com/2023/10/26/tqi-exclusive-the-city-quantum-summit-experts-see-quantum-as-a-catalyst-for-technological-convergence-with-ai (1/1), chunk 8/41
[04:57:47 +1m 18s | thequantuminsider_2023_10_26_tqi_exclusive_the_city_quantum_summit_experts_see_quantum_as_49856de5] Repaired malformed JSON.
[04:57:47 +1m 18s | thequantuminsider_2023_10_26_tqi_exclusive_the_city_quantum_summit_experts_see_quantum_as_49856de5] Extracting actors: https://thequantuminsider.com/2023/10/26/tqi-exclusive-the-city-quantum-summit-experts-see-quantum-as-a-catalyst-for-technological-convergence-with-ai (1/1), chunk 9/41
[04:57:54 +1m 26s | thequantuminsider_2023_10_26_tqi_exclusive_the_city_quantum_summit_experts_see_quantum_as_49856de5] Extracting actors: https://thequantuminsider.com/2023/10/26/tqi-exclusive-the-city-quantum-summit-experts-see-quantum-as-a-catalyst-for-technological-convergence-with-ai (1/1), chunk 10/41
[04:57:59 +1m 31s | thequantuminsider_2023_10_26_tqi_exclusive_the_city_quantum_summit_experts_see_quantum_as_49856de5] Extracting actors: https://thequantuminsider.com/2023/10/26/tqi-exclusive-the-city-quantum-summit-experts-see-quantum-as-a-catalyst-for-technological-convergence-with-ai (1/1), chunk 11/41
[04:58:14 +1m 48s | thequantuminsider_2023_10_26_tqi_exclusive_the_city_quantum_summit_experts_see_quantum_as_49856de5] Repaired malformed JSON.
[04:58:14 +1m 48s | thequantuminsider_2023_10_26_tqi_exclusive_the_city_quantum_summit_experts_see_quantum_as_49856de5] Extracting actors: https://thequantuminsider.com/2023/10/26/tqi-exclusive-the-city-quantum-summit-experts-see-quantum-as-a-catalyst-for-technological-convergence-with-ai (1/1), chunk 12/41
[04:58:23 +1m 56s | thequantuminsider_2023_10_26_tqi_exclusive_the_city_quantum_summit_experts_see_quantum_as_49856de5] Repaired malformed JSON.
[04:58:23 +1m 56s | thequantuminsider_2023_10_26_tqi_exclusive_the_city_quantum_summit_experts_see_quantum_as_49856de5] Extracting actors: https://thequantuminsider.com/2023/10/26/tqi-exclusive-the-city-quantum-summit-experts-see-quantum-as-a-catalyst-for-technological-convergence-with-ai (1/1), chunk 13/41
[04:58:43 +2m 18s | thequantuminsider_2023_10_26_tqi_exclusive_the_city_quantum_summit_experts_see_quantum_as_49856de5] Repaired malformed JSON.
[04:58:43 +2m 18s | thequantuminsider_2023_10_26_tqi_exclusive_the_city_quantum_summit_experts_see_quantum_as_49856de5] Extracting actors: https://thequantuminsider.com/2023/10/26/tqi-exclusive-the-city-quantum-summit-experts-see-quantum-as-a-catalyst-for-technological-convergence-with-ai (1/1), chunk 14/41
[04:58:50 +2m 25s | thequantuminsider_2023_10_26_tqi_exclusive_the_city_quantum_summit_experts_see_quantum_as_49856de5] Repaired malformed JSON.
[04:58:50 +2m 25s | thequantuminsider_2023_10_26_tqi_exclusive_the_city_quantum_summit_experts_see_quantum_as_49856de5] Extracting actors: https://thequantuminsider.com/2023/10/26/tqi-exclusive-the-city-quantum-summit-experts-see-quantum-as-a-catalyst-for-technological-convergence-with-ai (1/1), chunk 15/41
[04:59:00 +2m 35s | thequantuminsider_2023_10_26_tqi_exclusive_the_city_quantum_summit_experts_see_quantum_as_49856de5] Repaired malformed JSON.
[04:59:00 +2m 35s | thequantuminsider_2023_10_26_tqi_exclusive_the_city_quantum_summit_experts_see_quantum_as_49856de5] Extracting actors: https://thequantuminsider.com/2023/10/26/tqi-exclusive-the-city-quantum-summit-experts-see-quantum-as-a-catalyst-for-technological-convergence-with-ai (1/1), chunk 16/41
[04:59:07 +2m 42s | thequantuminsider_2023_10_26_tqi_exclusive_the_city_quantum_summit_experts_see_quantum_as_49856de5] Repaired malformed JSON.
[04:59:07 +2m 42s | thequantuminsider_2023_10_26_tqi_exclusive_the_city_quantum_summit_experts_see_quantum_as_49856de5] Extracting actors: https://thequantuminsider.com/2023/10/26/tqi-exclusive-the-city-quantum-summit-experts-see-quantum-as-a-catalyst-for-technological-convergence-with-ai (1/1), chunk 17/41
[04:59:14 +2m 51s | thequantuminsider_2023_10_26_tqi_exclusive_the_city_quantum_summit_experts_see_quantum_as_49856de5] Repaired malformed JSON.
[04:59:14 +2m 51s | thequantuminsider_2023_10_26_tqi_exclusive_the_city_quantum_summit_experts_see_quantum_as_49856de5] Extracting actors: https://thequantuminsider.com/2023/10/26/tqi-exclusive-the-city-quantum-summit-experts-see-quantum-as-a-catalyst-for-technological-convergence-with-ai (1/1), chunk 18/41
[04:59:21 +2m 58s | thequantuminsider_2023_10_26_tqi_exclusive_the_city_quantum_summit_experts_see_quantum_as_49856de5] Repaired malformed JSON.
[04:59:21 +2m 58s | thequantuminsider_2023_10_26_tqi_exclusive_the_city_quantum_summit_experts_see_quantum_as_49856de5] Extracting actors: https://thequantuminsider.com/2023/10/26/tqi-exclusive-the-city-quantum-summit-experts-see-quantum-as-a-catalyst-for-technological-convergence-with-ai (1/1), chunk 19/41
[04:59:31 +3m 8s | thequantuminsider_2023_10_26_tqi_exclusive_the_city_quantum_summit_experts_see_quantum_as_49856de5] Repaired malformed JSON.
[04:59:31 +3m 8s | thequantuminsider_2023_10_26_tqi_exclusive_the_city_quantum_summit_experts_see_quantum_as_49856de5] Extracting actors: https://thequantuminsider.com/2023/10/26/tqi-exclusive-the-city-quantum-summit-experts-see-quantum-as-a-catalyst-for-technological-convergence-with-ai (1/1), chunk 20/41
[04:59:40 +3m 17s | thequantuminsider_2023_10_26_tqi_exclusive_the_city_quantum_summit_experts_see_quantum_as_49856de5] Repaired malformed JSON.
[04:59:40 +3m 17s | thequantuminsider_2023_10_26_tqi_exclusive_the_city_quantum_summit_experts_see_quantum_as_49856de5] Extracting actors: https://thequantuminsider.com/2023/10/26/tqi-exclusive-the-city-quantum-summit-experts-see-quantum-as-a-catalyst-for-technological-convergence-with-ai (1/1), chunk 21/41
[04:59:46 +3m 25s | thequantuminsider_2023_10_26_tqi_exclusive_the_city_quantum_summit_experts_see_quantum_as_49856de5] Repaired malformed JSON.
[04:59:46 +3m 25s | thequantuminsider_2023_10_26_tqi_exclusive_the_city_quantum_summit_experts_see_quantum_as_49856de5] Extracting actors: https://thequantuminsider.com/2023/10/26/tqi-exclusive-the-city-quantum-summit-experts-see-quantum-as-a-catalyst-for-technological-convergence-with-ai (1/1), chunk 22/41
[04:59:52 +3m 31s | thequantuminsider_2023_10_26_tqi_exclusive_the_city_quantum_summit_experts_see_quantum_as_49856de5] Extracting actors: https://thequantuminsider.com/2023/10/26/tqi-exclusive-the-city-quantum-summit-experts-see-quantum-as-a-catalyst-for-technological-convergence-with-ai (1/1), chunk 23/41
[04:59:59 +3m 38s | thequantuminsider_2023_10_26_tqi_exclusive_the_city_quantum_summit_experts_see_quantum_as_49856de5] Repaired malformed JSON.
[04:59:59 +3m 38s | thequantuminsider_2023_10_26_tqi_exclusive_the_city_quantum_summit_experts_see_quantum_as_49856de5] Extracting actors: https://thequantuminsider.com/2023/10/26/tqi-exclusive-the-city-quantum-summit-experts-see-quantum-as-a-catalyst-for-technological-convergence-with-ai (1/1), chunk 24/41
[05:00:32 +4m 13s | thequantuminsider_2023_10_26_tqi_exclusive_the_city_quantum_summit_experts_see_quantum_as_49856de5] Repaired malformed JSON.
[05:00:32 +4m 13s | thequantuminsider_2023_10_26_tqi_exclusive_the_city_quantum_summit_experts_see_quantum_as_49856de5] Extracting actors: https://thequantuminsider.com/2023/10/26/tqi-exclusive-the-city-quantum-summit-experts-see-quantum-as-a-catalyst-for-technological-convergence-with-ai (1/1), chunk 25/41
[05:00:38 +4m 19s | thequantuminsider_2023_10_26_tqi_exclusive_the_city_quantum_summit_experts_see_quantum_as_49856de5] Repaired malformed JSON.
[05:00:38 +4m 19s | thequantuminsider_2023_10_26_tqi_exclusive_the_city_quantum_summit_experts_see_quantum_as_49856de5] Extracting actors: https://thequantuminsider.com/2023/10/26/tqi-exclusive-the-city-quantum-summit-experts-see-quantum-as-a-catalyst-for-technological-convergence-with-ai (1/1), chunk 26/41
[05:00:43 +4m 26s | thequantuminsider_2023_10_26_tqi_exclusive_the_city_quantum_summit_experts_see_quantum_as_49856de5] Repaired malformed JSON.
[05:00:43 +4m 26s | thequantuminsider_2023_10_26_tqi_exclusive_the_city_quantum_summit_experts_see_quantum_as_49856de5] Extracting actors: https://thequantuminsider.com/2023/10/26/tqi-exclusive-the-city-quantum-summit-experts-see-quantum-as-a-catalyst-for-technological-convergence-with-ai (1/1), chunk 27/41
[05:00:51 +4m 34s | thequantuminsider_2023_10_26_tqi_exclusive_the_city_quantum_summit_experts_see_quantum_as_49856de5] Repaired malformed JSON.
[05:00:51 +4m 34s | thequantuminsider_2023_10_26_tqi_exclusive_the_city_quantum_summit_experts_see_quantum_as_49856de5] Extracting actors: https://thequantuminsider.com/2023/10/26/tqi-exclusive-the-city-quantum-summit-experts-see-quantum-as-a-catalyst-for-technological-convergence-with-ai (1/1), chunk 28/41
[05:01:01 +4m 44s | thequantuminsider_2023_10_26_tqi_exclusive_the_city_quantum_summit_experts_see_quantum_as_49856de5] Repaired malformed JSON.
[05:01:01 +4m 44s | thequantuminsider_2023_10_26_tqi_exclusive_the_city_quantum_summit_experts_see_quantum_as_49856de5] Extracting actors: https://thequantuminsider.com/2023/10/26/tqi-exclusive-the-city-quantum-summit-experts-see-quantum-as-a-catalyst-for-technological-convergence-with-ai (1/1), chunk 29/41
[05:01:08 +4m 51s | thequantuminsider_2023_10_26_tqi_exclusive_the_city_quantum_summit_experts_see_quantum_as_49856de5] Extracting actors: https://thequantuminsider.com/2023/10/26/tqi-exclusive-the-city-quantum-summit-experts-see-quantum-as-a-catalyst-for-technological-convergence-with-ai (1/1), chunk 30/41
[05:01:14 +4m 59s | thequantuminsider_2023_10_26_tqi_exclusive_the_city_quantum_summit_experts_see_quantum_as_49856de5] Repaired malformed JSON.
[05:01:14 +4m 59s | thequantuminsider_2023_10_26_tqi_exclusive_the_city_quantum_summit_experts_see_quantum_as_49856de5] Extracting actors: https://thequantuminsider.com/2023/10/26/tqi-exclusive-the-city-quantum-summit-experts-see-quantum-as-a-catalyst-for-technological-convergence-with-ai (1/1), chunk 31/41
[05:01:21 +5m 5s | thequantuminsider_2023_10_26_tqi_exclusive_the_city_quantum_summit_experts_see_quantum_as_49856de5] Extracting actors: https://thequantuminsider.com/2023/10/26/tqi-exclusive-the-city-quantum-summit-experts-see-quantum-as-a-catalyst-for-technological-convergence-with-ai (1/1), chunk 32/41
[05:01:22 +5m 7s | thequantuminsider_2023_10_26_tqi_exclusive_the_city_quantum_summit_experts_see_quantum_as_49856de5] Extracting actors: https://thequantuminsider.com/2023/10/26/tqi-exclusive-the-city-quantum-summit-experts-see-quantum-as-a-catalyst-for-technological-convergence-with-ai (1/1), chunk 33/41
[05:01:29 +5m 14s | thequantuminsider_2023_10_26_tqi_exclusive_the_city_quantum_summit_experts_see_quantum_as_49856de5] Repaired malformed JSON.
[05:01:29 +5m 14s | thequantuminsider_2023_10_26_tqi_exclusive_the_city_quantum_summit_experts_see_quantum_as_49856de5] Extracting actors: https://thequantuminsider.com/2023/10/26/tqi-exclusive-the-city-quantum-summit-experts-see-quantum-as-a-catalyst-for-technological-convergence-with-ai (1/1), chunk 34/41
[05:01:36 +5m 21s | thequantuminsider_2023_10_26_tqi_exclusive_the_city_quantum_summit_experts_see_quantum_as_49856de5] Repaired malformed JSON.
[05:01:36 +5m 21s | thequantuminsider_2023_10_26_tqi_exclusive_the_city_quantum_summit_experts_see_quantum_as_49856de5] Extracting actors: https://thequantuminsider.com/2023/10/26/tqi-exclusive-the-city-quantum-summit-experts-see-quantum-as-a-catalyst-for-technological-convergence-with-ai (1/1), chunk 35/41
[05:01:44 +5m 31s | thequantuminsider_2023_10_26_tqi_exclusive_the_city_quantum_summit_experts_see_quantum_as_49856de5] Repaired malformed JSON.
[05:01:44 +5m 31s | thequantuminsider_2023_10_26_tqi_exclusive_the_city_quantum_summit_experts_see_quantum_as_49856de5] Extracting actors: https://thequantuminsider.com/2023/10/26/tqi-exclusive-the-city-quantum-summit-experts-see-quantum-as-a-catalyst-for-technological-convergence-with-ai (1/1), chunk 36/41
[05:01:50 +5m 37s | thequantuminsider_2023_10_26_tqi_exclusive_the_city_quantum_summit_experts_see_quantum_as_49856de5] Repaired malformed JSON.
[05:01:50 +5m 37s | thequantuminsider_2023_10_26_tqi_exclusive_the_city_quantum_summit_experts_see_quantum_as_49856de5] Extracting actors: https://thequantuminsider.com/2023/10/26/tqi-exclusive-the-city-quantum-summit-experts-see-quantum-as-a-catalyst-for-technological-convergence-with-ai (1/1), chunk 37/41
[05:01:56 +5m 43s | thequantuminsider_2023_10_26_tqi_exclusive_the_city_quantum_summit_experts_see_quantum_as_49856de5] Repaired malformed JSON.
[05:01:56 +5m 43s | thequantuminsider_2023_10_26_tqi_exclusive_the_city_quantum_summit_experts_see_quantum_as_49856de5] Extracting actors: https://thequantuminsider.com/2023/10/26/tqi-exclusive-the-city-quantum-summit-experts-see-quantum-as-a-catalyst-for-technological-convergence-with-ai (1/1), chunk 38/41
[05:02:05 +5m 52s | thequantuminsider_2023_10_26_tqi_exclusive_the_city_quantum_summit_experts_see_quantum_as_49856de5] Repaired malformed JSON.
[05:02:05 +5m 52s | thequantuminsider_2023_10_26_tqi_exclusive_the_city_quantum_summit_experts_see_quantum_as_49856de5] Extracting actors: https://thequantuminsider.com/2023/10/26/tqi-exclusive-the-city-quantum-summit-experts-see-quantum-as-a-catalyst-for-technological-convergence-with-ai (1/1), chunk 39/41
[05:02:12 +5m 58s | thequantuminsider_2023_10_26_tqi_exclusive_the_city_quantum_summit_experts_see_quantum_as_49856de5] Repaired malformed JSON.
[05:02:12 +5m 58s | thequantuminsider_2023_10_26_tqi_exclusive_the_city_quantum_summit_experts_see_quantum_as_49856de5] Extracting actors: https://thequantuminsider.com/2023/10/26/tqi-exclusive-the-city-quantum-summit-experts-see-quantum-as-a-catalyst-for-technological-convergence-with-ai (1/1), chunk 40/41
[05:02:18 +6m 7s | thequantuminsider_2023_10_26_tqi_exclusive_the_city_quantum_summit_experts_see_quantum_as_49856de5] Repaired malformed JSON.
[05:02:18 +6m 7s | thequantuminsider_2023_10_26_tqi_exclusive_the_city_quantum_summit_experts_see_quantum_as_49856de5] Extracting actors: https://thequantuminsider.com/2023/10/26/tqi-exclusive-the-city-quantum-summit-experts-see-quantum-as-a-catalyst-for-technological-convergence-with-ai (1/1), chunk 41/41
[05:02:28 +6m 17s | thequantuminsider_2023_10_26_tqi_exclusive_the_city_quantum_summit_experts_see_quantum_as_49856de5] Repaired malformed JSON.
[05:02:28 +6m 17s | thequantuminsider_2023_10_26_tqi_exclusive_the_city_quantum_summit_experts_see_quantum_as_49856de5] Saved 1_actor_results.json with 61 extracted records

[05:02:29 +6m 17s | thequantuminsider_2023_10_26_tqi_exclusive_the_city_quantum_summit_experts_see_quantum_as_49856de5] === 2 clean actors ===
[05:02:29 +6m 17s | thequantuminsider_2023_10_26_tqi_exclusive_the_city_quantum_summit_experts_see_quantum_as_49856de5] Loaded 61 extracted records
[05:02:29 +6m 17s | thequantuminsider_2023_10_26_tqi_exclusive_the_city_quantum_summit_experts_see_quantum_as_49856de5] Saved 2_actor_nodes.json with 29 canonical actor nodes

[05:02:29 +6m 17s | thequantuminsider_2023_10_26_tqi_exclusive_the_city_quantum_summit_experts_see_quantum_as_49856de5] === 3 interaction extraction ===
[05:02:29 +6m 17s | thequantuminsider_2023_10_26_tqi_exclusive_the_city_quantum_summit_experts_see_quantum_as_49856de5] Extracting interactions: https://thequantuminsider.com/2023/10/26/tqi-exclusive-the-city-quantum-summit-experts-see-quantum-as-a-catalyst-for-technological-convergence-with-ai (1/1), chunk 11/41
[05:02:42 +6m 31s | thequantuminsider_2023_10_26_tqi_exclusive_the_city_quantum_summit_experts_see_quantum_as_49856de5] Extracting interactions: https://thequantuminsider.com/2023/10/26/tqi-exclusive-the-city-quantum-summit-experts-see-quantum-as-a-catalyst-for-technological-convergence-with-ai (1/1), chunk 12/41
[05:02:53 +6m 43s | thequantuminsider_2023_10_26_tqi_exclusive_the_city_quantum_summit_experts_see_quantum_as_49856de5] Extracting interactions: https://thequantuminsider.com/2023/10/26/tqi-exclusive-the-city-quantum-summit-experts-see-quantum-as-a-catalyst-for-technological-convergence-with-ai (1/1), chunk 13/41
[05:03:19 +7m 11s | thequantuminsider_2023_10_26_tqi_exclusive_the_city_quantum_summit_experts_see_quantum_as_49856de5] Extracting interactions: https://thequantuminsider.com/2023/10/26/tqi-exclusive-the-city-quantum-summit-experts-see-quantum-as-a-catalyst-for-technological-convergence-with-ai (1/1), chunk 14/41
[05:03:25 +7m 17s | thequantuminsider_2023_10_26_tqi_exclusive_the_city_quantum_summit_experts_see_quantum_as_49856de5] Extracting interactions: https://thequantuminsider.com/2023/10/26/tqi-exclusive-the-city-quantum-summit-experts-see-quantum-as-a-catalyst-for-technological-convergence-with-ai (1/1), chunk 15/41
[05:03:29 +7m 21s | thequantuminsider_2023_10_26_tqi_exclusive_the_city_quantum_summit_experts_see_quantum_as_49856de5] Extracting interactions: https://thequantuminsider.com/2023/10/26/tqi-exclusive-the-city-quantum-summit-experts-see-quantum-as-a-catalyst-for-technological-convergence-with-ai (1/1), chunk 16/41
[05:03:40 +7m 32s | thequantuminsider_2023_10_26_tqi_exclusive_the_city_quantum_summit_experts_see_quantum_as_49856de5] Extracting interactions: https://thequantuminsider.com/2023/10/26/tqi-exclusive-the-city-quantum-summit-experts-see-quantum-as-a-catalyst-for-technological-convergence-with-ai (1/1), chunk 17/41
[05:04:06 +8m 0s | thequantuminsider_2023_10_26_tqi_exclusive_the_city_quantum_summit_experts_see_quantum_as_49856de5] Extracting interactions: https://thequantuminsider.com/2023/10/26/tqi-exclusive-the-city-quantum-summit-experts-see-quantum-as-a-catalyst-for-technological-convergence-with-ai (1/1), chunk 18/41
[05:04:13 +8m 9s | thequantuminsider_2023_10_26_tqi_exclusive_the_city_quantum_summit_experts_see_quantum_as_49856de5] Extracting interactions: https://thequantuminsider.com/2023/10/26/tqi-exclusive-the-city-quantum-summit-experts-see-quantum-as-a-catalyst-for-technological-convergence-with-ai (1/1), chunk 19/41
[05:04:17 +8m 13s | thequantuminsider_2023_10_26_tqi_exclusive_the_city_quantum_summit_experts_see_quantum_as_49856de5] Extracting interactions: https://thequantuminsider.com/2023/10/26/tqi-exclusive-the-city-quantum-summit-experts-see-quantum-as-a-catalyst-for-technological-convergence-with-ai (1/1), chunk 20/41
[05:04:30 +8m 26s | thequantuminsider_2023_10_26_tqi_exclusive_the_city_quantum_summit_experts_see_quantum_as_49856de5] Extracting interactions: https://thequantuminsider.com/2023/10/26/tqi-exclusive-the-city-quantum-summit-experts-see-quantum-as-a-catalyst-for-technological-convergence-with-ai (1/1), chunk 21/41
[05:04:40 +8m 37s | thequantuminsider_2023_10_26_tqi_exclusive_the_city_quantum_summit_experts_see_quantum_as_49856de5] Extracting interactions: https://thequantuminsider.com/2023/10/26/tqi-exclusive-the-city-quantum-summit-experts-see-quantum-as-a-catalyst-for-technological-convergence-with-ai (1/1), chunk 22/41
[05:04:43 +8m 40s | thequantuminsider_2023_10_26_tqi_exclusive_the_city_quantum_summit_experts_see_quantum_as_49856de5] Extracting interactions: https://thequantuminsider.com/2023/10/26/tqi-exclusive-the-city-quantum-summit-experts-see-quantum-as-a-catalyst-for-technological-convergence-with-ai (1/1), chunk 23/41
[05:04:43 +8m 41s | thequantuminsider_2023_10_26_tqi_exclusive_the_city_quantum_summit_experts_see_quantum_as_49856de5] Extracting interactions: https://thequantuminsider.com/2023/10/26/tqi-exclusive-the-city-quantum-summit-experts-see-quantum-as-a-catalyst-for-technological-convergence-with-ai (1/1), chunk 24/41
[05:04:45 +8m 43s | thequantuminsider_2023_10_26_tqi_exclusive_the_city_quantum_summit_experts_see_quantum_as_49856de5] Extracting interactions: https://thequantuminsider.com/2023/10/26/tqi-exclusive-the-city-quantum-summit-experts-see-quantum-as-a-catalyst-for-technological-convergence-with-ai (1/1), chunk 25/41
[05:04:57 +8m 56s | thequantuminsider_2023_10_26_tqi_exclusive_the_city_quantum_summit_experts_see_quantum_as_49856de5] Extracting interactions: https://thequantuminsider.com/2023/10/26/tqi-exclusive-the-city-quantum-summit-experts-see-quantum-as-a-catalyst-for-technological-convergence-with-ai (1/1), chunk 26/41
[05:05:03 +9m 1s | thequantuminsider_2023_10_26_tqi_exclusive_the_city_quantum_summit_experts_see_quantum_as_49856de5] Extracting interactions: https://thequantuminsider.com/2023/10/26/tqi-exclusive-the-city-quantum-summit-experts-see-quantum-as-a-catalyst-for-technological-convergence-with-ai (1/1), chunk 28/41
[05:05:05 +9m 3s | thequantuminsider_2023_10_26_tqi_exclusive_the_city_quantum_summit_experts_see_quantum_as_49856de5] Extracting interactions: https://thequantuminsider.com/2023/10/26/tqi-exclusive-the-city-quantum-summit-experts-see-quantum-as-a-catalyst-for-technological-convergence-with-ai (1/1), chunk 29/41
[05:05:13 +9m 13s | thequantuminsider_2023_10_26_tqi_exclusive_the_city_quantum_summit_experts_see_quantum_as_49856de5] Extracting interactions: https://thequantuminsider.com/2023/10/26/tqi-exclusive-the-city-quantum-summit-experts-see-quantum-as-a-catalyst-for-technological-convergence-with-ai (1/1), chunk 30/41
[05:05:17 +9m 17s | thequantuminsider_2023_10_26_tqi_exclusive_the_city_quantum_summit_experts_see_quantum_as_49856de5] Extracting interactions: https://thequantuminsider.com/2023/10/26/tqi-exclusive-the-city-quantum-summit-experts-see-quantum-as-a-catalyst-for-technological-convergence-with-ai (1/1), chunk 31/41
[05:05:21 +9m 21s | thequantuminsider_2023_10_26_tqi_exclusive_the_city_quantum_summit_experts_see_quantum_as_49856de5] Extracting interactions: https://thequantuminsider.com/2023/10/26/tqi-exclusive-the-city-quantum-summit-experts-see-quantum-as-a-catalyst-for-technological-convergence-with-ai (1/1), chunk 32/41
[05:05:24 +9m 24s | thequantuminsider_2023_10_26_tqi_exclusive_the_city_quantum_summit_experts_see_quantum_as_49856de5] Extracting interactions: https://thequantuminsider.com/2023/10/26/tqi-exclusive-the-city-quantum-summit-experts-see-quantum-as-a-catalyst-for-technological-convergence-with-ai (1/1), chunk 33/41
[05:05:26 +9m 26s | thequantuminsider_2023_10_26_tqi_exclusive_the_city_quantum_summit_experts_see_quantum_as_49856de5] Extracting interactions: https://thequantuminsider.com/2023/10/26/tqi-exclusive-the-city-quantum-summit-experts-see-quantum-as-a-catalyst-for-technological-convergence-with-ai (1/1), chunk 34/41
[05:05:28 +9m 28s | thequantuminsider_2023_10_26_tqi_exclusive_the_city_quantum_summit_experts_see_quantum_as_49856de5] Extracting interactions: https://thequantuminsider.com/2023/10/26/tqi-exclusive-the-city-quantum-summit-experts-see-quantum-as-a-catalyst-for-technological-convergence-with-ai (1/1), chunk 35/41
[05:05:30 +9m 30s | thequantuminsider_2023_10_26_tqi_exclusive_the_city_quantum_summit_experts_see_quantum_as_49856de5] Extracting interactions: https://thequantuminsider.com/2023/10/26/tqi-exclusive-the-city-quantum-summit-experts-see-quantum-as-a-catalyst-for-technological-convergence-with-ai (1/1), chunk 36/41
[05:05:32 +9m 32s | thequantuminsider_2023_10_26_tqi_exclusive_the_city_quantum_summit_experts_see_quantum_as_49856de5] Extracting interactions: https://thequantuminsider.com/2023/10/26/tqi-exclusive-the-city-quantum-summit-experts-see-quantum-as-a-catalyst-for-technological-convergence-with-ai (1/1), chunk 37/41
[05:05:34 +9m 34s | thequantuminsider_2023_10_26_tqi_exclusive_the_city_quantum_summit_experts_see_quantum_as_49856de5] Extracting interactions: https://thequantuminsider.com/2023/10/26/tqi-exclusive-the-city-quantum-summit-experts-see-quantum-as-a-catalyst-for-technological-convergence-with-ai (1/1), chunk 39/41
[05:05:35 +9m 35s | thequantuminsider_2023_10_26_tqi_exclusive_the_city_quantum_summit_experts_see_quantum_as_49856de5] Extracting interactions: https://thequantuminsider.com/2023/10/26/tqi-exclusive-the-city-quantum-summit-experts-see-quantum-as-a-catalyst-for-technological-convergence-with-ai (1/1), chunk 40/41
[05:05:37 +9m 37s | thequantuminsider_2023_10_26_tqi_exclusive_the_city_quantum_summit_experts_see_quantum_as_49856de5] Extracting interactions: https://thequantuminsider.com/2023/10/26/tqi-exclusive-the-city-quantum-summit-experts-see-quantum-as-a-catalyst-for-technological-convergence-with-ai (1/1), chunk 41/41
[05:05:38 +9m 38s | thequantuminsider_2023_10_26_tqi_exclusive_the_city_quantum_summit_experts_see_quantum_as_49856de5] Saved 3_interaction_results.json with 25 extracted interactions.

[05:05:38 +9m 39s | thequantuminsider_2023_10_26_tqi_exclusive_the_city_quantum_summit_experts_see_quantum_as_49856de5] === 4 clean interactions ===
[05:05:38 +9m 39s | thequantuminsider_2023_10_26_tqi_exclusive_the_city_quantum_summit_experts_see_quantum_as_49856de5] Saved 4_edges.json with 4 cleaned interactions.

[05:05:38 +9m 39s | thequantuminsider_2023_10_26_tqi_exclusive_the_city_quantum_summit_experts_see_quantum_as_49856de5] === 5 helix enrichment ===
[05:05:38 +9m 39s | thequantuminsider_2023_10_26_tqi_exclusive_the_city_quantum_summit_experts_see_quantum_as_49856de5] Wrote 5_nodes.json (29 actors)
[05:05:38 +9m 39s | thequantuminsider_2023_10_26_tqi_exclusive_the_city_quantum_summit_experts_see_quantum_as_49856de5] Wrote 5_edges.json (4 interactions)
[05:05:38 +9m 39s | thequantuminsider_2023_10_26_tqi_exclusive_the_city_quantum_summit_experts_see_quantum_as_49856de5] Actor helix counts: {'Academia': 2, 'Civil Society': 4, 'Industry': 10, 'Intermediary': 2, 'Unknown': 11}
[05:05:38 +9m 39s | thequantuminsider_2023_10_26_tqi_exclusive_the_city_quantum_summit_experts_see_quantum_as_49856de5] Functional-space counts: {'Innovation': 3, 'Intra-helix / Not classified': 1}

[05:05:38 +9m 39s | thequantuminsider_2023_10_26_tqi_exclusive_the_city_quantum_summit_experts_see_quantum_as_49856de5] === 6 network visualisation ===
[05:05:39 +9m 39s | thequantuminsider_2023_10_26_tqi_exclusive_the_city_quantum_summit_experts_see_quantum_as_49856de5] Wrote quantum_network.html
[05:05:39 +9m 39s | thequantuminsider_2023_10_26_tqi_exclusive_the_city_quantum_summit_experts_see_quantum_as_49856de5] Nodes: 29
[05:05:39 +9m 39s | thequantuminsider_2023_10_26_tqi_exclusive_the_city_quantum_summit_experts_see_quantum_as_49856de5] Edges: 3

[05:05:39 +9m 39s | thequantuminsider_2023_10_26_tqi_exclusive_the_city_quantum_summit_experts_see_quantum_as_49856de5] Done. Outputs written to: /home/lv/IDP/idpdeeptech/pipeline/news_outputs/thequantuminsider_2023_10_26_tqi_exclusive_the_city_quantum_summit_experts_see_quantum_as_49856de5
[05:05:39 +9m 39s | thequantuminsider_2023_10_26_tqi_exclusive_the_city_quantum_summit_experts_see_quantum_as_49856de5] Log: /home/lv/IDP/idpdeeptech/pipeline/news_outputs/thequantuminsider_2023_10_26_tqi_exclusive_the_city_quantum_summit_experts_see_quantum_as_49856de5/run.log

========================================================================
RUN FINISHED 2026-07-05 05:05:39  (OK)
Started:     2026-07-05 04:56:34
Elapsed:     9m 39s
========================================================================
