
========================================================================
RUN STARTED  2026-07-04 23:37:42
site_pipeline.py https://thequantuminsider.com/2024/04/12/aliro-quantum-introduces-aliro-simulator-for-organizations-designing-and-building-quantum-networks/
========================================================================

[23:37:42 +0s | thequantuminsider_2024_04_12_aliro_quantum_introduces_aliro_simulator_for_organizations_d_bb680fe0] === 0 crawl site ===

========================================================================
RUN FINISHED 2026-07-04 23:37:43  (INTERRUPTED)
Started:     2026-07-04 23:37:42
Elapsed:     1s
========================================================================

========================================================================
RUN STARTED  2026-07-05 00:39:26
site_pipeline.py https://thequantuminsider.com/2024/04/12/aliro-quantum-introduces-aliro-simulator-for-organizations-designing-and-building-quantum-networks/
========================================================================

[00:39:26 +0s | thequantuminsider_2024_04_12_aliro_quantum_introduces_aliro_simulator_for_organizations_d_bb680fe0] === 0 crawl site ===
[00:39:28 +2s | thequantuminsider_2024_04_12_aliro_quantum_introduces_aliro_simulator_for_organizations_d_bb680fe0] [INIT].... → Crawl4AI 0.8.6 
[00:39:31 +5s | thequantuminsider_2024_04_12_aliro_quantum_introduces_aliro_simulator_for_organizations_d_bb680fe0] [FETCH]... ↓ https://thequantuminsider.com/2024/04/12/aliro-q...zations-designing-and-building-quantum-networks/  | ✓ | ⏱: 2.96s 
[00:39:32 +6s | thequantuminsider_2024_04_12_aliro_quantum_introduces_aliro_simulator_for_organizations_d_bb680fe0] [SCRAPE].. ◆ https://thequantuminsider.com/2024/04/12/aliro-q...zations-designing-and-building-quantum-networks/  | ✓ | ⏱: 0.20s 
[00:39:32 +6s | thequantuminsider_2024_04_12_aliro_quantum_introduces_aliro_simulator_for_organizations_d_bb680fe0] [COMPLETE] ● https://thequantuminsider.com/2024/04/12/aliro-q...zations-designing-and-building-quantum-networks/  | ✓ | ⏱: 3.20s 
[00:39:32 +6s | thequantuminsider_2024_04_12_aliro_quantum_introduces_aliro_simulator_for_organizations_d_bb680fe0] Saved: crawl_output/4950f25600_thequantuminsider.com_2024_04_12_aliro-quantum-introduces-aliro-simulator-for-organizations-designing-and-building-quantum-networks.json

[00:39:32 +6s | thequantuminsider_2024_04_12_aliro_quantum_introduces_aliro_simulator_for_organizations_d_bb680fe0] === 1 actor extraction ===
[00:39:32 +6s | thequantuminsider_2024_04_12_aliro_quantum_introduces_aliro_simulator_for_organizations_d_bb680fe0] Reading page (1/1): https://thequantuminsider.com/2024/04/12/aliro-quantum-introduces-aliro-simulator-for-organizations-designing-and-building-quantum-networks
[00:39:32 +6s | thequantuminsider_2024_04_12_aliro_quantum_introduces_aliro_simulator_for_organizations_d_bb680fe0] Extracting actors: https://thequantuminsider.com/2024/04/12/aliro-quantum-introduces-aliro-simulator-for-organizations-designing-and-building-quantum-networks (1/1), chunk 1/36
[00:39:56 +30s | thequantuminsider_2024_04_12_aliro_quantum_introduces_aliro_simulator_for_organizations_d_bb680fe0] Extracting actors: https://thequantuminsider.com/2024/04/12/aliro-quantum-introduces-aliro-simulator-for-organizations-designing-and-building-quantum-networks (1/1), chunk 2/36
[00:40:00 +35s | thequantuminsider_2024_04_12_aliro_quantum_introduces_aliro_simulator_for_organizations_d_bb680fe0] Extracting actors: https://thequantuminsider.com/2024/04/12/aliro-quantum-introduces-aliro-simulator-for-organizations-designing-and-building-quantum-networks (1/1), chunk 3/36
[00:40:10 +45s | thequantuminsider_2024_04_12_aliro_quantum_introduces_aliro_simulator_for_organizations_d_bb680fe0] Repaired malformed JSON.
[00:40:10 +45s | thequantuminsider_2024_04_12_aliro_quantum_introduces_aliro_simulator_for_organizations_d_bb680fe0] Extracting actors: https://thequantuminsider.com/2024/04/12/aliro-quantum-introduces-aliro-simulator-for-organizations-designing-and-building-quantum-networks (1/1), chunk 4/36
[00:40:16 +51s | thequantuminsider_2024_04_12_aliro_quantum_introduces_aliro_simulator_for_organizations_d_bb680fe0] Extracting actors: https://thequantuminsider.com/2024/04/12/aliro-quantum-introduces-aliro-simulator-for-organizations-designing-and-building-quantum-networks (1/1), chunk 5/36
[00:40:21 +56s | thequantuminsider_2024_04_12_aliro_quantum_introduces_aliro_simulator_for_organizations_d_bb680fe0] Extracting actors: https://thequantuminsider.com/2024/04/12/aliro-quantum-introduces-aliro-simulator-for-organizations-designing-and-building-quantum-networks (1/1), chunk 6/36
[00:40:28 +1m 3s | thequantuminsider_2024_04_12_aliro_quantum_introduces_aliro_simulator_for_organizations_d_bb680fe0] Extracting actors: https://thequantuminsider.com/2024/04/12/aliro-quantum-introduces-aliro-simulator-for-organizations-designing-and-building-quantum-networks (1/1), chunk 7/36
[00:40:35 +1m 11s | thequantuminsider_2024_04_12_aliro_quantum_introduces_aliro_simulator_for_organizations_d_bb680fe0] Extracting actors: https://thequantuminsider.com/2024/04/12/aliro-quantum-introduces-aliro-simulator-for-organizations-designing-and-building-quantum-networks (1/1), chunk 8/36
[00:40:43 +1m 19s | thequantuminsider_2024_04_12_aliro_quantum_introduces_aliro_simulator_for_organizations_d_bb680fe0] Extracting actors: https://thequantuminsider.com/2024/04/12/aliro-quantum-introduces-aliro-simulator-for-organizations-designing-and-building-quantum-networks (1/1), chunk 9/36
[00:40:53 +1m 29s | thequantuminsider_2024_04_12_aliro_quantum_introduces_aliro_simulator_for_organizations_d_bb680fe0] Repaired malformed JSON.
[00:40:53 +1m 29s | thequantuminsider_2024_04_12_aliro_quantum_introduces_aliro_simulator_for_organizations_d_bb680fe0] Extracting actors: https://thequantuminsider.com/2024/04/12/aliro-quantum-introduces-aliro-simulator-for-organizations-designing-and-building-quantum-networks (1/1), chunk 10/36
[00:41:38 +2m 16s | thequantuminsider_2024_04_12_aliro_quantum_introduces_aliro_simulator_for_organizations_d_bb680fe0] Extracting actors: https://thequantuminsider.com/2024/04/12/aliro-quantum-introduces-aliro-simulator-for-organizations-designing-and-building-quantum-networks (1/1), chunk 11/36
[00:41:47 +2m 25s | thequantuminsider_2024_04_12_aliro_quantum_introduces_aliro_simulator_for_organizations_d_bb680fe0] Repaired malformed JSON.
[00:41:47 +2m 25s | thequantuminsider_2024_04_12_aliro_quantum_introduces_aliro_simulator_for_organizations_d_bb680fe0] Extracting actors: https://thequantuminsider.com/2024/04/12/aliro-quantum-introduces-aliro-simulator-for-organizations-designing-and-building-quantum-networks (1/1), chunk 12/36
[00:41:54 +2m 32s | thequantuminsider_2024_04_12_aliro_quantum_introduces_aliro_simulator_for_organizations_d_bb680fe0] Repaired malformed JSON.
[00:41:54 +2m 32s | thequantuminsider_2024_04_12_aliro_quantum_introduces_aliro_simulator_for_organizations_d_bb680fe0] Extracting actors: https://thequantuminsider.com/2024/04/12/aliro-quantum-introduces-aliro-simulator-for-organizations-designing-and-building-quantum-networks (1/1), chunk 13/36
[00:42:03 +2m 41s | thequantuminsider_2024_04_12_aliro_quantum_introduces_aliro_simulator_for_organizations_d_bb680fe0] Repaired malformed JSON.
[00:42:03 +2m 41s | thequantuminsider_2024_04_12_aliro_quantum_introduces_aliro_simulator_for_organizations_d_bb680fe0] Extracting actors: https://thequantuminsider.com/2024/04/12/aliro-quantum-introduces-aliro-simulator-for-organizations-designing-and-building-quantum-networks (1/1), chunk 14/36
[00:42:11 +2m 49s | thequantuminsider_2024_04_12_aliro_quantum_introduces_aliro_simulator_for_organizations_d_bb680fe0] Repaired malformed JSON.
[00:42:11 +2m 49s | thequantuminsider_2024_04_12_aliro_quantum_introduces_aliro_simulator_for_organizations_d_bb680fe0] Extracting actors: https://thequantuminsider.com/2024/04/12/aliro-quantum-introduces-aliro-simulator-for-organizations-designing-and-building-quantum-networks (1/1), chunk 15/36
[00:42:18 +2m 56s | thequantuminsider_2024_04_12_aliro_quantum_introduces_aliro_simulator_for_organizations_d_bb680fe0] Repaired malformed JSON.
[00:42:18 +2m 56s | thequantuminsider_2024_04_12_aliro_quantum_introduces_aliro_simulator_for_organizations_d_bb680fe0] Extracting actors: https://thequantuminsider.com/2024/04/12/aliro-quantum-introduces-aliro-simulator-for-organizations-designing-and-building-quantum-networks (1/1), chunk 16/36
[00:42:28 +3m 6s | thequantuminsider_2024_04_12_aliro_quantum_introduces_aliro_simulator_for_organizations_d_bb680fe0] Repaired malformed JSON.
[00:42:28 +3m 6s | thequantuminsider_2024_04_12_aliro_quantum_introduces_aliro_simulator_for_organizations_d_bb680fe0] Extracting actors: https://thequantuminsider.com/2024/04/12/aliro-quantum-introduces-aliro-simulator-for-organizations-designing-and-building-quantum-networks (1/1), chunk 17/36
[00:42:35 +3m 14s | thequantuminsider_2024_04_12_aliro_quantum_introduces_aliro_simulator_for_organizations_d_bb680fe0] Repaired malformed JSON.
[00:42:35 +3m 14s | thequantuminsider_2024_04_12_aliro_quantum_introduces_aliro_simulator_for_organizations_d_bb680fe0] Extracting actors: https://thequantuminsider.com/2024/04/12/aliro-quantum-introduces-aliro-simulator-for-organizations-designing-and-building-quantum-networks (1/1), chunk 18/36
[00:42:45 +3m 25s | thequantuminsider_2024_04_12_aliro_quantum_introduces_aliro_simulator_for_organizations_d_bb680fe0] Repaired malformed JSON.
[00:42:45 +3m 25s | thequantuminsider_2024_04_12_aliro_quantum_introduces_aliro_simulator_for_organizations_d_bb680fe0] Extracting actors: https://thequantuminsider.com/2024/04/12/aliro-quantum-introduces-aliro-simulator-for-organizations-designing-and-building-quantum-networks (1/1), chunk 19/36
[00:42:51 +3m 31s | thequantuminsider_2024_04_12_aliro_quantum_introduces_aliro_simulator_for_organizations_d_bb680fe0] Repaired malformed JSON.
[00:42:51 +3m 31s | thequantuminsider_2024_04_12_aliro_quantum_introduces_aliro_simulator_for_organizations_d_bb680fe0] Extracting actors: https://thequantuminsider.com/2024/04/12/aliro-quantum-introduces-aliro-simulator-for-organizations-designing-and-building-quantum-networks (1/1), chunk 20/36
[00:42:58 +3m 37s | thequantuminsider_2024_04_12_aliro_quantum_introduces_aliro_simulator_for_organizations_d_bb680fe0] Repaired malformed JSON.
[00:42:58 +3m 37s | thequantuminsider_2024_04_12_aliro_quantum_introduces_aliro_simulator_for_organizations_d_bb680fe0] Extracting actors: https://thequantuminsider.com/2024/04/12/aliro-quantum-introduces-aliro-simulator-for-organizations-designing-and-building-quantum-networks (1/1), chunk 21/36
[00:43:07 +3m 47s | thequantuminsider_2024_04_12_aliro_quantum_introduces_aliro_simulator_for_organizations_d_bb680fe0] Repaired malformed JSON.
[00:43:07 +3m 47s | thequantuminsider_2024_04_12_aliro_quantum_introduces_aliro_simulator_for_organizations_d_bb680fe0] Extracting actors: https://thequantuminsider.com/2024/04/12/aliro-quantum-introduces-aliro-simulator-for-organizations-designing-and-building-quantum-networks (1/1), chunk 22/36
[00:43:17 +3m 57s | thequantuminsider_2024_04_12_aliro_quantum_introduces_aliro_simulator_for_organizations_d_bb680fe0] Repaired malformed JSON.
[00:43:17 +3m 57s | thequantuminsider_2024_04_12_aliro_quantum_introduces_aliro_simulator_for_organizations_d_bb680fe0] Extracting actors: https://thequantuminsider.com/2024/04/12/aliro-quantum-introduces-aliro-simulator-for-organizations-designing-and-building-quantum-networks (1/1), chunk 23/36
[00:43:25 +4m 5s | thequantuminsider_2024_04_12_aliro_quantum_introduces_aliro_simulator_for_organizations_d_bb680fe0] Repaired malformed JSON.
[00:43:25 +4m 5s | thequantuminsider_2024_04_12_aliro_quantum_introduces_aliro_simulator_for_organizations_d_bb680fe0] Extracting actors: https://thequantuminsider.com/2024/04/12/aliro-quantum-introduces-aliro-simulator-for-organizations-designing-and-building-quantum-networks (1/1), chunk 24/36
[00:43:32 +4m 12s | thequantuminsider_2024_04_12_aliro_quantum_introduces_aliro_simulator_for_organizations_d_bb680fe0] Extracting actors: https://thequantuminsider.com/2024/04/12/aliro-quantum-introduces-aliro-simulator-for-organizations-designing-and-building-quantum-networks (1/1), chunk 25/36
[00:43:39 +4m 20s | thequantuminsider_2024_04_12_aliro_quantum_introduces_aliro_simulator_for_organizations_d_bb680fe0] Repaired malformed JSON.
[00:43:39 +4m 20s | thequantuminsider_2024_04_12_aliro_quantum_introduces_aliro_simulator_for_organizations_d_bb680fe0] Extracting actors: https://thequantuminsider.com/2024/04/12/aliro-quantum-introduces-aliro-simulator-for-organizations-designing-and-building-quantum-networks (1/1), chunk 26/36
[00:43:57 +4m 38s | thequantuminsider_2024_04_12_aliro_quantum_introduces_aliro_simulator_for_organizations_d_bb680fe0] Extracting actors: https://thequantuminsider.com/2024/04/12/aliro-quantum-introduces-aliro-simulator-for-organizations-designing-and-building-quantum-networks (1/1), chunk 27/36
[00:44:20 +5m 1s | thequantuminsider_2024_04_12_aliro_quantum_introduces_aliro_simulator_for_organizations_d_bb680fe0] Extracting actors: https://thequantuminsider.com/2024/04/12/aliro-quantum-introduces-aliro-simulator-for-organizations-designing-and-building-quantum-networks (1/1), chunk 28/36
[00:44:31 +5m 13s | thequantuminsider_2024_04_12_aliro_quantum_introduces_aliro_simulator_for_organizations_d_bb680fe0] Repaired malformed JSON.
[00:44:31 +5m 13s | thequantuminsider_2024_04_12_aliro_quantum_introduces_aliro_simulator_for_organizations_d_bb680fe0] Extracting actors: https://thequantuminsider.com/2024/04/12/aliro-quantum-introduces-aliro-simulator-for-organizations-designing-and-building-quantum-networks (1/1), chunk 29/36
[00:44:41 +5m 23s | thequantuminsider_2024_04_12_aliro_quantum_introduces_aliro_simulator_for_organizations_d_bb680fe0] Repaired malformed JSON.
[00:44:41 +5m 23s | thequantuminsider_2024_04_12_aliro_quantum_introduces_aliro_simulator_for_organizations_d_bb680fe0] Extracting actors: https://thequantuminsider.com/2024/04/12/aliro-quantum-introduces-aliro-simulator-for-organizations-designing-and-building-quantum-networks (1/1), chunk 30/36
[00:44:52 +5m 35s | thequantuminsider_2024_04_12_aliro_quantum_introduces_aliro_simulator_for_organizations_d_bb680fe0] Repaired malformed JSON.
[00:44:52 +5m 35s | thequantuminsider_2024_04_12_aliro_quantum_introduces_aliro_simulator_for_organizations_d_bb680fe0] Extracting actors: https://thequantuminsider.com/2024/04/12/aliro-quantum-introduces-aliro-simulator-for-organizations-designing-and-building-quantum-networks (1/1), chunk 31/36
[00:44:58 +5m 40s | thequantuminsider_2024_04_12_aliro_quantum_introduces_aliro_simulator_for_organizations_d_bb680fe0] Extracting actors: https://thequantuminsider.com/2024/04/12/aliro-quantum-introduces-aliro-simulator-for-organizations-designing-and-building-quantum-networks (1/1), chunk 32/36
[00:45:24 +6m 7s | thequantuminsider_2024_04_12_aliro_quantum_introduces_aliro_simulator_for_organizations_d_bb680fe0] Repaired malformed JSON.
[00:45:24 +6m 7s | thequantuminsider_2024_04_12_aliro_quantum_introduces_aliro_simulator_for_organizations_d_bb680fe0] Extracting actors: https://thequantuminsider.com/2024/04/12/aliro-quantum-introduces-aliro-simulator-for-organizations-designing-and-building-quantum-networks (1/1), chunk 33/36
[00:45:33 +6m 16s | thequantuminsider_2024_04_12_aliro_quantum_introduces_aliro_simulator_for_organizations_d_bb680fe0] Repaired malformed JSON.
[00:45:33 +6m 16s | thequantuminsider_2024_04_12_aliro_quantum_introduces_aliro_simulator_for_organizations_d_bb680fe0] Extracting actors: https://thequantuminsider.com/2024/04/12/aliro-quantum-introduces-aliro-simulator-for-organizations-designing-and-building-quantum-networks (1/1), chunk 34/36
[00:45:42 +6m 26s | thequantuminsider_2024_04_12_aliro_quantum_introduces_aliro_simulator_for_organizations_d_bb680fe0] Repaired malformed JSON.
[00:45:42 +6m 26s | thequantuminsider_2024_04_12_aliro_quantum_introduces_aliro_simulator_for_organizations_d_bb680fe0] Extracting actors: https://thequantuminsider.com/2024/04/12/aliro-quantum-introduces-aliro-simulator-for-organizations-designing-and-building-quantum-networks (1/1), chunk 35/36
[00:45:53 +6m 37s | thequantuminsider_2024_04_12_aliro_quantum_introduces_aliro_simulator_for_organizations_d_bb680fe0] Repaired malformed JSON.
[00:45:53 +6m 37s | thequantuminsider_2024_04_12_aliro_quantum_introduces_aliro_simulator_for_organizations_d_bb680fe0] Extracting actors: https://thequantuminsider.com/2024/04/12/aliro-quantum-introduces-aliro-simulator-for-organizations-designing-and-building-quantum-networks (1/1), chunk 36/36
[00:46:02 +6m 45s | thequantuminsider_2024_04_12_aliro_quantum_introduces_aliro_simulator_for_organizations_d_bb680fe0] Repaired malformed JSON.
[00:46:02 +6m 45s | thequantuminsider_2024_04_12_aliro_quantum_introduces_aliro_simulator_for_organizations_d_bb680fe0] Saved 1_actor_results.json with 54 extracted records

[00:46:02 +6m 46s | thequantuminsider_2024_04_12_aliro_quantum_introduces_aliro_simulator_for_organizations_d_bb680fe0] === 2 clean actors ===
[00:46:02 +6m 46s | thequantuminsider_2024_04_12_aliro_quantum_introduces_aliro_simulator_for_organizations_d_bb680fe0] Loaded 54 extracted records
[00:46:02 +6m 46s | thequantuminsider_2024_04_12_aliro_quantum_introduces_aliro_simulator_for_organizations_d_bb680fe0] Saved 2_actor_nodes.json with 15 canonical actor nodes

[00:46:02 +6m 46s | thequantuminsider_2024_04_12_aliro_quantum_introduces_aliro_simulator_for_organizations_d_bb680fe0] === 3 interaction extraction ===
[00:46:02 +6m 46s | thequantuminsider_2024_04_12_aliro_quantum_introduces_aliro_simulator_for_organizations_d_bb680fe0] Extracting interactions: https://thequantuminsider.com/2024/04/12/aliro-quantum-introduces-aliro-simulator-for-organizations-designing-and-building-quantum-networks (1/1), chunk 11/36
[00:46:06 +6m 50s | thequantuminsider_2024_04_12_aliro_quantum_introduces_aliro_simulator_for_organizations_d_bb680fe0] Extracting interactions: https://thequantuminsider.com/2024/04/12/aliro-quantum-introduces-aliro-simulator-for-organizations-designing-and-building-quantum-networks (1/1), chunk 12/36
[00:46:16 +7m 0s | thequantuminsider_2024_04_12_aliro_quantum_introduces_aliro_simulator_for_organizations_d_bb680fe0] Extracting interactions: https://thequantuminsider.com/2024/04/12/aliro-quantum-introduces-aliro-simulator-for-organizations-designing-and-building-quantum-networks (1/1), chunk 13/36
[00:46:22 +7m 7s | thequantuminsider_2024_04_12_aliro_quantum_introduces_aliro_simulator_for_organizations_d_bb680fe0] Extracting interactions: https://thequantuminsider.com/2024/04/12/aliro-quantum-introduces-aliro-simulator-for-organizations-designing-and-building-quantum-networks (1/1), chunk 14/36
[00:46:45 +7m 31s | thequantuminsider_2024_04_12_aliro_quantum_introduces_aliro_simulator_for_organizations_d_bb680fe0] Extracting interactions: https://thequantuminsider.com/2024/04/12/aliro-quantum-introduces-aliro-simulator-for-organizations-designing-and-building-quantum-networks (1/1), chunk 15/36
[00:46:58 +7m 44s | thequantuminsider_2024_04_12_aliro_quantum_introduces_aliro_simulator_for_organizations_d_bb680fe0] Extracting interactions: https://thequantuminsider.com/2024/04/12/aliro-quantum-introduces-aliro-simulator-for-organizations-designing-and-building-quantum-networks (1/1), chunk 16/36
[00:47:01 +7m 46s | thequantuminsider_2024_04_12_aliro_quantum_introduces_aliro_simulator_for_organizations_d_bb680fe0] Extracting interactions: https://thequantuminsider.com/2024/04/12/aliro-quantum-introduces-aliro-simulator-for-organizations-designing-and-building-quantum-networks (1/1), chunk 18/36
[00:47:02 +7m 48s | thequantuminsider_2024_04_12_aliro_quantum_introduces_aliro_simulator_for_organizations_d_bb680fe0] Extracting interactions: https://thequantuminsider.com/2024/04/12/aliro-quantum-introduces-aliro-simulator-for-organizations-designing-and-building-quantum-networks (1/1), chunk 19/36
[00:47:04 +7m 49s | thequantuminsider_2024_04_12_aliro_quantum_introduces_aliro_simulator_for_organizations_d_bb680fe0] Extracting interactions: https://thequantuminsider.com/2024/04/12/aliro-quantum-introduces-aliro-simulator-for-organizations-designing-and-building-quantum-networks (1/1), chunk 20/36
[00:47:10 +7m 55s | thequantuminsider_2024_04_12_aliro_quantum_introduces_aliro_simulator_for_organizations_d_bb680fe0] Extracting interactions: https://thequantuminsider.com/2024/04/12/aliro-quantum-introduces-aliro-simulator-for-organizations-designing-and-building-quantum-networks (1/1), chunk 21/36
[00:47:14 +7m 59s | thequantuminsider_2024_04_12_aliro_quantum_introduces_aliro_simulator_for_organizations_d_bb680fe0] Extracting interactions: https://thequantuminsider.com/2024/04/12/aliro-quantum-introduces-aliro-simulator-for-organizations-designing-and-building-quantum-networks (1/1), chunk 25/36
[00:47:20 +8m 6s | thequantuminsider_2024_04_12_aliro_quantum_introduces_aliro_simulator_for_organizations_d_bb680fe0] Extracting interactions: https://thequantuminsider.com/2024/04/12/aliro-quantum-introduces-aliro-simulator-for-organizations-designing-and-building-quantum-networks (1/1), chunk 26/36
[00:47:23 +8m 9s | thequantuminsider_2024_04_12_aliro_quantum_introduces_aliro_simulator_for_organizations_d_bb680fe0] Extracting interactions: https://thequantuminsider.com/2024/04/12/aliro-quantum-introduces-aliro-simulator-for-organizations-designing-and-building-quantum-networks (1/1), chunk 27/36
[00:47:24 +8m 10s | thequantuminsider_2024_04_12_aliro_quantum_introduces_aliro_simulator_for_organizations_d_bb680fe0] Extracting interactions: https://thequantuminsider.com/2024/04/12/aliro-quantum-introduces-aliro-simulator-for-organizations-designing-and-building-quantum-networks (1/1), chunk 28/36
[00:47:26 +8m 12s | thequantuminsider_2024_04_12_aliro_quantum_introduces_aliro_simulator_for_organizations_d_bb680fe0] Extracting interactions: https://thequantuminsider.com/2024/04/12/aliro-quantum-introduces-aliro-simulator-for-organizations-designing-and-building-quantum-networks (1/1), chunk 29/36
[00:47:27 +8m 14s | thequantuminsider_2024_04_12_aliro_quantum_introduces_aliro_simulator_for_organizations_d_bb680fe0] Extracting interactions: https://thequantuminsider.com/2024/04/12/aliro-quantum-introduces-aliro-simulator-for-organizations-designing-and-building-quantum-networks (1/1), chunk 30/36
[00:47:29 +8m 15s | thequantuminsider_2024_04_12_aliro_quantum_introduces_aliro_simulator_for_organizations_d_bb680fe0] Extracting interactions: https://thequantuminsider.com/2024/04/12/aliro-quantum-introduces-aliro-simulator-for-organizations-designing-and-building-quantum-networks (1/1), chunk 31/36
[00:47:30 +8m 16s | thequantuminsider_2024_04_12_aliro_quantum_introduces_aliro_simulator_for_organizations_d_bb680fe0] Extracting interactions: https://thequantuminsider.com/2024/04/12/aliro-quantum-introduces-aliro-simulator-for-organizations-designing-and-building-quantum-networks (1/1), chunk 32/36
[00:47:33 +8m 19s | thequantuminsider_2024_04_12_aliro_quantum_introduces_aliro_simulator_for_organizations_d_bb680fe0] Extracting interactions: https://thequantuminsider.com/2024/04/12/aliro-quantum-introduces-aliro-simulator-for-organizations-designing-and-building-quantum-networks (1/1), chunk 34/36
[00:47:34 +8m 20s | thequantuminsider_2024_04_12_aliro_quantum_introduces_aliro_simulator_for_organizations_d_bb680fe0] Extracting interactions: https://thequantuminsider.com/2024/04/12/aliro-quantum-introduces-aliro-simulator-for-organizations-designing-and-building-quantum-networks (1/1), chunk 35/36
[00:47:36 +8m 22s | thequantuminsider_2024_04_12_aliro_quantum_introduces_aliro_simulator_for_organizations_d_bb680fe0] Extracting interactions: https://thequantuminsider.com/2024/04/12/aliro-quantum-introduces-aliro-simulator-for-organizations-designing-and-building-quantum-networks (1/1), chunk 36/36
[00:47:37 +8m 23s | thequantuminsider_2024_04_12_aliro_quantum_introduces_aliro_simulator_for_organizations_d_bb680fe0] Saved 3_interaction_results.json with 11 extracted interactions.

[00:47:37 +8m 24s | thequantuminsider_2024_04_12_aliro_quantum_introduces_aliro_simulator_for_organizations_d_bb680fe0] === 4 clean interactions ===
[00:47:37 +8m 24s | thequantuminsider_2024_04_12_aliro_quantum_introduces_aliro_simulator_for_organizations_d_bb680fe0] Saved 4_edges.json with 3 cleaned interactions.

[00:47:37 +8m 24s | thequantuminsider_2024_04_12_aliro_quantum_introduces_aliro_simulator_for_organizations_d_bb680fe0] === 5 helix enrichment ===
[00:47:37 +8m 24s | thequantuminsider_2024_04_12_aliro_quantum_introduces_aliro_simulator_for_organizations_d_bb680fe0] Wrote 5_nodes.json (15 actors)
[00:47:37 +8m 24s | thequantuminsider_2024_04_12_aliro_quantum_introduces_aliro_simulator_for_organizations_d_bb680fe0] Wrote 5_edges.json (3 interactions)
[00:47:37 +8m 24s | thequantuminsider_2024_04_12_aliro_quantum_introduces_aliro_simulator_for_organizations_d_bb680fe0] Actor helix counts: {'Academia': 1, 'Civil Society': 3, 'Industry': 4, 'Intermediary': 1, 'Unknown': 6}
[00:47:37 +8m 24s | thequantuminsider_2024_04_12_aliro_quantum_introduces_aliro_simulator_for_organizations_d_bb680fe0] Functional-space counts: {'Intra-helix / Not classified': 3}

[00:47:37 +8m 24s | thequantuminsider_2024_04_12_aliro_quantum_introduces_aliro_simulator_for_organizations_d_bb680fe0] === 6 network visualisation ===
[00:47:38 +8m 24s | thequantuminsider_2024_04_12_aliro_quantum_introduces_aliro_simulator_for_organizations_d_bb680fe0] Wrote quantum_network.html
[00:47:38 +8m 24s | thequantuminsider_2024_04_12_aliro_quantum_introduces_aliro_simulator_for_organizations_d_bb680fe0] Nodes: 15
[00:47:38 +8m 24s | thequantuminsider_2024_04_12_aliro_quantum_introduces_aliro_simulator_for_organizations_d_bb680fe0] Edges: 2

[00:47:38 +8m 24s | thequantuminsider_2024_04_12_aliro_quantum_introduces_aliro_simulator_for_organizations_d_bb680fe0] Done. Outputs written to: /home/lv/IDP/idpdeeptech/pipeline/news_outputs/thequantuminsider_2024_04_12_aliro_quantum_introduces_aliro_simulator_for_organizations_d_bb680fe0
[00:47:38 +8m 24s | thequantuminsider_2024_04_12_aliro_quantum_introduces_aliro_simulator_for_organizations_d_bb680fe0] Log: /home/lv/IDP/idpdeeptech/pipeline/news_outputs/thequantuminsider_2024_04_12_aliro_quantum_introduces_aliro_simulator_for_organizations_d_bb680fe0/run.log

========================================================================
RUN FINISHED 2026-07-05 00:47:38  (OK)
Started:     2026-07-05 00:39:26
Elapsed:     8m 24s
========================================================================
