
========================================================================
RUN STARTED  2026-07-04 22:53:10
site_pipeline.py https://thequantuminsider.com/2024/01/03/foundations-fund-tabletop-physics-to-probe-understanding-of-the-universe/
========================================================================

[22:53:10 +0s | thequantuminsider_2024_01_03_foundations_fund_tabletop_physics_to_probe_understanding_of_1971a432] === 0 crawl site ===
[22:53:11 +2s | thequantuminsider_2024_01_03_foundations_fund_tabletop_physics_to_probe_understanding_of_1971a432] [INIT].... → Crawl4AI 0.8.6 
[22:53:16 +6s | thequantuminsider_2024_01_03_foundations_fund_tabletop_physics_to_probe_understanding_of_1971a432] [FETCH]... ↓ https://thequantuminsider.com/2024/01/03/foundat...-physics-to-probe-understanding-of-the-universe/  | ✓ | ⏱: 4.05s 
[22:53:16 +6s | thequantuminsider_2024_01_03_foundations_fund_tabletop_physics_to_probe_understanding_of_1971a432] [SCRAPE].. ◆ https://thequantuminsider.com/2024/01/03/foundat...-physics-to-probe-understanding-of-the-universe/  | ✓ | ⏱: 0.12s 
[22:53:16 +6s | thequantuminsider_2024_01_03_foundations_fund_tabletop_physics_to_probe_understanding_of_1971a432] [COMPLETE] ● https://thequantuminsider.com/2024/01/03/foundat...-physics-to-probe-understanding-of-the-universe/  | ✓ | ⏱: 4.20s 
[22:53:16 +6s | thequantuminsider_2024_01_03_foundations_fund_tabletop_physics_to_probe_understanding_of_1971a432] Saved: crawl_output/fd1bf19a5b_thequantuminsider.com_2024_01_03_foundations-fund-tabletop-physics-to-probe-understanding-of-the-universe.json

[22:53:16 +6s | thequantuminsider_2024_01_03_foundations_fund_tabletop_physics_to_probe_understanding_of_1971a432] === 1 actor extraction ===
[22:53:16 +6s | thequantuminsider_2024_01_03_foundations_fund_tabletop_physics_to_probe_understanding_of_1971a432] Reading page (1/1): https://thequantuminsider.com/2024/01/03/foundations-fund-tabletop-physics-to-probe-understanding-of-the-universe
[22:53:16 +6s | thequantuminsider_2024_01_03_foundations_fund_tabletop_physics_to_probe_understanding_of_1971a432] Extracting actors: https://thequantuminsider.com/2024/01/03/foundations-fund-tabletop-physics-to-probe-understanding-of-the-universe (1/1), chunk 1/37
[22:53:21 +11s | thequantuminsider_2024_01_03_foundations_fund_tabletop_physics_to_probe_understanding_of_1971a432] Extracting actors: https://thequantuminsider.com/2024/01/03/foundations-fund-tabletop-physics-to-probe-understanding-of-the-universe (1/1), chunk 2/37
[22:53:27 +17s | thequantuminsider_2024_01_03_foundations_fund_tabletop_physics_to_probe_understanding_of_1971a432] Extracting actors: https://thequantuminsider.com/2024/01/03/foundations-fund-tabletop-physics-to-probe-understanding-of-the-universe (1/1), chunk 3/37
[22:53:33 +23s | thequantuminsider_2024_01_03_foundations_fund_tabletop_physics_to_probe_understanding_of_1971a432] Extracting actors: https://thequantuminsider.com/2024/01/03/foundations-fund-tabletop-physics-to-probe-understanding-of-the-universe (1/1), chunk 4/37
[22:53:37 +27s | thequantuminsider_2024_01_03_foundations_fund_tabletop_physics_to_probe_understanding_of_1971a432] Extracting actors: https://thequantuminsider.com/2024/01/03/foundations-fund-tabletop-physics-to-probe-understanding-of-the-universe (1/1), chunk 5/37
[22:53:42 +32s | thequantuminsider_2024_01_03_foundations_fund_tabletop_physics_to_probe_understanding_of_1971a432] Extracting actors: https://thequantuminsider.com/2024/01/03/foundations-fund-tabletop-physics-to-probe-understanding-of-the-universe (1/1), chunk 6/37
[22:53:51 +41s | thequantuminsider_2024_01_03_foundations_fund_tabletop_physics_to_probe_understanding_of_1971a432] Repaired malformed JSON.
[22:53:51 +41s | thequantuminsider_2024_01_03_foundations_fund_tabletop_physics_to_probe_understanding_of_1971a432] Extracting actors: https://thequantuminsider.com/2024/01/03/foundations-fund-tabletop-physics-to-probe-understanding-of-the-universe (1/1), chunk 7/37
[22:53:57 +47s | thequantuminsider_2024_01_03_foundations_fund_tabletop_physics_to_probe_understanding_of_1971a432] Extracting actors: https://thequantuminsider.com/2024/01/03/foundations-fund-tabletop-physics-to-probe-understanding-of-the-universe (1/1), chunk 8/37
[22:54:01 +51s | thequantuminsider_2024_01_03_foundations_fund_tabletop_physics_to_probe_understanding_of_1971a432] Extracting actors: https://thequantuminsider.com/2024/01/03/foundations-fund-tabletop-physics-to-probe-understanding-of-the-universe (1/1), chunk 9/37
[22:54:06 +56s | thequantuminsider_2024_01_03_foundations_fund_tabletop_physics_to_probe_understanding_of_1971a432] Extracting actors: https://thequantuminsider.com/2024/01/03/foundations-fund-tabletop-physics-to-probe-understanding-of-the-universe (1/1), chunk 10/37
[22:54:11 +1m 1s | thequantuminsider_2024_01_03_foundations_fund_tabletop_physics_to_probe_understanding_of_1971a432] Extracting actors: https://thequantuminsider.com/2024/01/03/foundations-fund-tabletop-physics-to-probe-understanding-of-the-universe (1/1), chunk 11/37
[22:54:20 +1m 10s | thequantuminsider_2024_01_03_foundations_fund_tabletop_physics_to_probe_understanding_of_1971a432] Repaired malformed JSON.
[22:54:20 +1m 10s | thequantuminsider_2024_01_03_foundations_fund_tabletop_physics_to_probe_understanding_of_1971a432] Extracting actors: https://thequantuminsider.com/2024/01/03/foundations-fund-tabletop-physics-to-probe-understanding-of-the-universe (1/1), chunk 12/37
[22:54:27 +1m 17s | thequantuminsider_2024_01_03_foundations_fund_tabletop_physics_to_probe_understanding_of_1971a432] Repaired malformed JSON.
[22:54:27 +1m 17s | thequantuminsider_2024_01_03_foundations_fund_tabletop_physics_to_probe_understanding_of_1971a432] Extracting actors: https://thequantuminsider.com/2024/01/03/foundations-fund-tabletop-physics-to-probe-understanding-of-the-universe (1/1), chunk 13/37
[22:54:35 +1m 25s | thequantuminsider_2024_01_03_foundations_fund_tabletop_physics_to_probe_understanding_of_1971a432] Repaired malformed JSON.
[22:54:35 +1m 25s | thequantuminsider_2024_01_03_foundations_fund_tabletop_physics_to_probe_understanding_of_1971a432] Extracting actors: https://thequantuminsider.com/2024/01/03/foundations-fund-tabletop-physics-to-probe-understanding-of-the-universe (1/1), chunk 14/37
[22:54:45 +1m 35s | thequantuminsider_2024_01_03_foundations_fund_tabletop_physics_to_probe_understanding_of_1971a432] Repaired malformed JSON.
[22:54:45 +1m 35s | thequantuminsider_2024_01_03_foundations_fund_tabletop_physics_to_probe_understanding_of_1971a432] Extracting actors: https://thequantuminsider.com/2024/01/03/foundations-fund-tabletop-physics-to-probe-understanding-of-the-universe (1/1), chunk 15/37
[22:54:54 +1m 45s | thequantuminsider_2024_01_03_foundations_fund_tabletop_physics_to_probe_understanding_of_1971a432] Repaired malformed JSON.
[22:54:54 +1m 45s | thequantuminsider_2024_01_03_foundations_fund_tabletop_physics_to_probe_understanding_of_1971a432] Extracting actors: https://thequantuminsider.com/2024/01/03/foundations-fund-tabletop-physics-to-probe-understanding-of-the-universe (1/1), chunk 16/37
[22:55:10 +2m 0s | thequantuminsider_2024_01_03_foundations_fund_tabletop_physics_to_probe_understanding_of_1971a432] Repaired malformed JSON.
[22:55:10 +2m 0s | thequantuminsider_2024_01_03_foundations_fund_tabletop_physics_to_probe_understanding_of_1971a432] Extracting actors: https://thequantuminsider.com/2024/01/03/foundations-fund-tabletop-physics-to-probe-understanding-of-the-universe (1/1), chunk 17/37
[22:55:20 +2m 10s | thequantuminsider_2024_01_03_foundations_fund_tabletop_physics_to_probe_understanding_of_1971a432] Repaired malformed JSON.
[22:55:20 +2m 10s | thequantuminsider_2024_01_03_foundations_fund_tabletop_physics_to_probe_understanding_of_1971a432] Extracting actors: https://thequantuminsider.com/2024/01/03/foundations-fund-tabletop-physics-to-probe-understanding-of-the-universe (1/1), chunk 18/37
[22:55:27 +2m 18s | thequantuminsider_2024_01_03_foundations_fund_tabletop_physics_to_probe_understanding_of_1971a432] Extracting actors: https://thequantuminsider.com/2024/01/03/foundations-fund-tabletop-physics-to-probe-understanding-of-the-universe (1/1), chunk 19/37
[22:55:52 +2m 42s | thequantuminsider_2024_01_03_foundations_fund_tabletop_physics_to_probe_understanding_of_1971a432] Repaired malformed JSON.
[22:55:52 +2m 42s | thequantuminsider_2024_01_03_foundations_fund_tabletop_physics_to_probe_understanding_of_1971a432] Extracting actors: https://thequantuminsider.com/2024/01/03/foundations-fund-tabletop-physics-to-probe-understanding-of-the-universe (1/1), chunk 20/37
[22:56:00 +2m 51s | thequantuminsider_2024_01_03_foundations_fund_tabletop_physics_to_probe_understanding_of_1971a432] Repaired malformed JSON.
[22:56:00 +2m 51s | thequantuminsider_2024_01_03_foundations_fund_tabletop_physics_to_probe_understanding_of_1971a432] Extracting actors: https://thequantuminsider.com/2024/01/03/foundations-fund-tabletop-physics-to-probe-understanding-of-the-universe (1/1), chunk 21/37
[22:56:09 +2m 59s | thequantuminsider_2024_01_03_foundations_fund_tabletop_physics_to_probe_understanding_of_1971a432] Repaired malformed JSON.
[22:56:09 +2m 59s | thequantuminsider_2024_01_03_foundations_fund_tabletop_physics_to_probe_understanding_of_1971a432] Extracting actors: https://thequantuminsider.com/2024/01/03/foundations-fund-tabletop-physics-to-probe-understanding-of-the-universe (1/1), chunk 22/37
[22:56:16 +3m 6s | thequantuminsider_2024_01_03_foundations_fund_tabletop_physics_to_probe_understanding_of_1971a432] Extracting actors: https://thequantuminsider.com/2024/01/03/foundations-fund-tabletop-physics-to-probe-understanding-of-the-universe (1/1), chunk 23/37
[22:56:22 +3m 13s | thequantuminsider_2024_01_03_foundations_fund_tabletop_physics_to_probe_understanding_of_1971a432] Repaired malformed JSON.
[22:56:22 +3m 13s | thequantuminsider_2024_01_03_foundations_fund_tabletop_physics_to_probe_understanding_of_1971a432] Extracting actors: https://thequantuminsider.com/2024/01/03/foundations-fund-tabletop-physics-to-probe-understanding-of-the-universe (1/1), chunk 24/37
[22:56:30 +3m 21s | thequantuminsider_2024_01_03_foundations_fund_tabletop_physics_to_probe_understanding_of_1971a432] Repaired malformed JSON.
[22:56:30 +3m 21s | thequantuminsider_2024_01_03_foundations_fund_tabletop_physics_to_probe_understanding_of_1971a432] Extracting actors: https://thequantuminsider.com/2024/01/03/foundations-fund-tabletop-physics-to-probe-understanding-of-the-universe (1/1), chunk 25/37
[22:56:41 +3m 31s | thequantuminsider_2024_01_03_foundations_fund_tabletop_physics_to_probe_understanding_of_1971a432] Extracting actors: https://thequantuminsider.com/2024/01/03/foundations-fund-tabletop-physics-to-probe-understanding-of-the-universe (1/1), chunk 26/37
[22:56:50 +3m 40s | thequantuminsider_2024_01_03_foundations_fund_tabletop_physics_to_probe_understanding_of_1971a432] Repaired malformed JSON.
[22:56:50 +3m 40s | thequantuminsider_2024_01_03_foundations_fund_tabletop_physics_to_probe_understanding_of_1971a432] Extracting actors: https://thequantuminsider.com/2024/01/03/foundations-fund-tabletop-physics-to-probe-understanding-of-the-universe (1/1), chunk 27/37
[22:56:55 +3m 45s | thequantuminsider_2024_01_03_foundations_fund_tabletop_physics_to_probe_understanding_of_1971a432] Extracting actors: https://thequantuminsider.com/2024/01/03/foundations-fund-tabletop-physics-to-probe-understanding-of-the-universe (1/1), chunk 28/37
[22:56:58 +3m 49s | thequantuminsider_2024_01_03_foundations_fund_tabletop_physics_to_probe_understanding_of_1971a432] Extracting actors: https://thequantuminsider.com/2024/01/03/foundations-fund-tabletop-physics-to-probe-understanding-of-the-universe (1/1), chunk 29/37
[22:57:20 +4m 10s | thequantuminsider_2024_01_03_foundations_fund_tabletop_physics_to_probe_understanding_of_1971a432] Repaired malformed JSON.
[22:57:20 +4m 10s | thequantuminsider_2024_01_03_foundations_fund_tabletop_physics_to_probe_understanding_of_1971a432] Extracting actors: https://thequantuminsider.com/2024/01/03/foundations-fund-tabletop-physics-to-probe-understanding-of-the-universe (1/1), chunk 30/37
[22:57:26 +4m 16s | thequantuminsider_2024_01_03_foundations_fund_tabletop_physics_to_probe_understanding_of_1971a432] Repaired malformed JSON.
[22:57:26 +4m 16s | thequantuminsider_2024_01_03_foundations_fund_tabletop_physics_to_probe_understanding_of_1971a432] Extracting actors: https://thequantuminsider.com/2024/01/03/foundations-fund-tabletop-physics-to-probe-understanding-of-the-universe (1/1), chunk 31/37
[22:57:33 +4m 24s | thequantuminsider_2024_01_03_foundations_fund_tabletop_physics_to_probe_understanding_of_1971a432] Repaired malformed JSON.
[22:57:33 +4m 24s | thequantuminsider_2024_01_03_foundations_fund_tabletop_physics_to_probe_understanding_of_1971a432] Extracting actors: https://thequantuminsider.com/2024/01/03/foundations-fund-tabletop-physics-to-probe-understanding-of-the-universe (1/1), chunk 32/37
[22:57:42 +4m 33s | thequantuminsider_2024_01_03_foundations_fund_tabletop_physics_to_probe_understanding_of_1971a432] Repaired malformed JSON.
[22:57:42 +4m 33s | thequantuminsider_2024_01_03_foundations_fund_tabletop_physics_to_probe_understanding_of_1971a432] Extracting actors: https://thequantuminsider.com/2024/01/03/foundations-fund-tabletop-physics-to-probe-understanding-of-the-universe (1/1), chunk 33/37
[22:57:51 +4m 41s | thequantuminsider_2024_01_03_foundations_fund_tabletop_physics_to_probe_understanding_of_1971a432] Repaired malformed JSON.
[22:57:51 +4m 41s | thequantuminsider_2024_01_03_foundations_fund_tabletop_physics_to_probe_understanding_of_1971a432] Extracting actors: https://thequantuminsider.com/2024/01/03/foundations-fund-tabletop-physics-to-probe-understanding-of-the-universe (1/1), chunk 34/37
[22:58:03 +4m 53s | thequantuminsider_2024_01_03_foundations_fund_tabletop_physics_to_probe_understanding_of_1971a432] Repaired malformed JSON.
[22:58:03 +4m 53s | thequantuminsider_2024_01_03_foundations_fund_tabletop_physics_to_probe_understanding_of_1971a432] Extracting actors: https://thequantuminsider.com/2024/01/03/foundations-fund-tabletop-physics-to-probe-understanding-of-the-universe (1/1), chunk 35/37
[22:58:14 +5m 4s | thequantuminsider_2024_01_03_foundations_fund_tabletop_physics_to_probe_understanding_of_1971a432] Repaired malformed JSON.
[22:58:14 +5m 4s | thequantuminsider_2024_01_03_foundations_fund_tabletop_physics_to_probe_understanding_of_1971a432] Extracting actors: https://thequantuminsider.com/2024/01/03/foundations-fund-tabletop-physics-to-probe-understanding-of-the-universe (1/1), chunk 36/37
[22:58:22 +5m 12s | thequantuminsider_2024_01_03_foundations_fund_tabletop_physics_to_probe_understanding_of_1971a432] Repaired malformed JSON.
[22:58:22 +5m 12s | thequantuminsider_2024_01_03_foundations_fund_tabletop_physics_to_probe_understanding_of_1971a432] Extracting actors: https://thequantuminsider.com/2024/01/03/foundations-fund-tabletop-physics-to-probe-understanding-of-the-universe (1/1), chunk 37/37
[22:58:30 +5m 20s | thequantuminsider_2024_01_03_foundations_fund_tabletop_physics_to_probe_understanding_of_1971a432] Repaired malformed JSON.
[22:58:30 +5m 20s | thequantuminsider_2024_01_03_foundations_fund_tabletop_physics_to_probe_understanding_of_1971a432] Saved 1_actor_results.json with 55 extracted records

[22:58:30 +5m 20s | thequantuminsider_2024_01_03_foundations_fund_tabletop_physics_to_probe_understanding_of_1971a432] === 2 clean actors ===
[22:58:30 +5m 20s | thequantuminsider_2024_01_03_foundations_fund_tabletop_physics_to_probe_understanding_of_1971a432] Traceback (most recent call last):
[22:58:30 +5m 20s | thequantuminsider_2024_01_03_foundations_fund_tabletop_physics_to_probe_understanding_of_1971a432]   File "/home/lv/IDP/idpdeeptech/pipeline/clean_actors.py", line 429, in <module>
[22:58:30 +5m 20s | thequantuminsider_2024_01_03_foundations_fund_tabletop_physics_to_probe_understanding_of_1971a432]     main()
[22:58:30 +5m 20s | thequantuminsider_2024_01_03_foundations_fund_tabletop_physics_to_probe_understanding_of_1971a432]   File "/home/lv/IDP/idpdeeptech/pipeline/clean_actors.py", line 416, in main
[22:58:30 +5m 20s | thequantuminsider_2024_01_03_foundations_fund_tabletop_physics_to_probe_understanding_of_1971a432]     records = json.loads(INPUT_JSON.read_text(encoding="utf-8"))
[22:58:30 +5m 20s | thequantuminsider_2024_01_03_foundations_fund_tabletop_physics_to_probe_understanding_of_1971a432]   File "/usr/lib/python3.10/pathlib.py", line 1134, in read_text
[22:58:30 +5m 20s | thequantuminsider_2024_01_03_foundations_fund_tabletop_physics_to_probe_understanding_of_1971a432]     with self.open(mode='r', encoding=encoding, errors=errors) as f:
[22:58:30 +5m 20s | thequantuminsider_2024_01_03_foundations_fund_tabletop_physics_to_probe_understanding_of_1971a432]   File "/usr/lib/python3.10/pathlib.py", line 1119, in open
[22:58:30 +5m 20s | thequantuminsider_2024_01_03_foundations_fund_tabletop_physics_to_probe_understanding_of_1971a432]     return self._accessor.open(self, mode, buffering, encoding, errors,
[22:58:30 +5m 20s | thequantuminsider_2024_01_03_foundations_fund_tabletop_physics_to_probe_understanding_of_1971a432] FileNotFoundError: [Errno 2] No such file or directory: 'site_outputs/psiquantum_com/1_actor_results_pdf.json'

========================================================================
RUN FINISHED 2026-07-04 22:58:30  (FAILED)
Started:     2026-07-04 22:53:10
Elapsed:     5m 20s
========================================================================

========================================================================
RUN STARTED  2026-07-04 23:56:16
site_pipeline.py https://thequantuminsider.com/2024/01/03/foundations-fund-tabletop-physics-to-probe-understanding-of-the-universe/
========================================================================

[23:56:16 +0s | thequantuminsider_2024_01_03_foundations_fund_tabletop_physics_to_probe_understanding_of_1971a432] === 0 crawl site (skipped via auto (actor data already exists; pass --force to re-crawl), reusing /home/lv/IDP/idpdeeptech/pipeline/news_outputs/thequantuminsider_2024_01_03_foundations_fund_tabletop_physics_to_probe_understanding_of_1971a432/crawl_output) ===

[23:56:16 +0s | thequantuminsider_2024_01_03_foundations_fund_tabletop_physics_to_probe_understanding_of_1971a432] === 1 actor extraction ===
[23:56:16 +0s | thequantuminsider_2024_01_03_foundations_fund_tabletop_physics_to_probe_understanding_of_1971a432] Auto-resume: 1 (url, ordinal) pairs already done, skipping them.
[23:56:16 +0s | thequantuminsider_2024_01_03_foundations_fund_tabletop_physics_to_probe_understanding_of_1971a432] All 1 pages/URLs already processed (per 1_actor_results.progress.json). Nothing to do.
[23:56:16 +0s | thequantuminsider_2024_01_03_foundations_fund_tabletop_physics_to_probe_understanding_of_1971a432] Delete the progress sidecar to force a full re-run, or pass --start-page N.

[23:56:16 +0s | thequantuminsider_2024_01_03_foundations_fund_tabletop_physics_to_probe_understanding_of_1971a432] === 2 clean actors ===
[23:56:16 +0s | thequantuminsider_2024_01_03_foundations_fund_tabletop_physics_to_probe_understanding_of_1971a432] Loaded 55 extracted records
[23:56:16 +0s | thequantuminsider_2024_01_03_foundations_fund_tabletop_physics_to_probe_understanding_of_1971a432] Saved 2_actor_nodes.json with 25 canonical actor nodes

[23:56:16 +0s | thequantuminsider_2024_01_03_foundations_fund_tabletop_physics_to_probe_understanding_of_1971a432] === 3 interaction extraction ===
[23:56:16 +0s | thequantuminsider_2024_01_03_foundations_fund_tabletop_physics_to_probe_understanding_of_1971a432] Extracting interactions: https://thequantuminsider.com/2024/01/03/foundations-fund-tabletop-physics-to-probe-understanding-of-the-universe (1/1), chunk 11/37
[23:56:46 +31s | thequantuminsider_2024_01_03_foundations_fund_tabletop_physics_to_probe_understanding_of_1971a432] Extracting interactions: https://thequantuminsider.com/2024/01/03/foundations-fund-tabletop-physics-to-probe-understanding-of-the-universe (1/1), chunk 12/37
[23:57:36 +1m 22s | thequantuminsider_2024_01_03_foundations_fund_tabletop_physics_to_probe_understanding_of_1971a432] Extracting interactions: https://thequantuminsider.com/2024/01/03/foundations-fund-tabletop-physics-to-probe-understanding-of-the-universe (1/1), chunk 13/37
[23:58:09 +1m 56s | thequantuminsider_2024_01_03_foundations_fund_tabletop_physics_to_probe_understanding_of_1971a432] Extracting interactions: https://thequantuminsider.com/2024/01/03/foundations-fund-tabletop-physics-to-probe-understanding-of-the-universe (1/1), chunk 14/37
[23:58:20 +2m 7s | thequantuminsider_2024_01_03_foundations_fund_tabletop_physics_to_probe_understanding_of_1971a432] Extracting interactions: https://thequantuminsider.com/2024/01/03/foundations-fund-tabletop-physics-to-probe-understanding-of-the-universe (1/1), chunk 15/37
[23:58:43 +2m 30s | thequantuminsider_2024_01_03_foundations_fund_tabletop_physics_to_probe_understanding_of_1971a432] Extracting interactions: https://thequantuminsider.com/2024/01/03/foundations-fund-tabletop-physics-to-probe-understanding-of-the-universe (1/1), chunk 16/37
[23:58:50 +2m 37s | thequantuminsider_2024_01_03_foundations_fund_tabletop_physics_to_probe_understanding_of_1971a432] Extracting interactions: https://thequantuminsider.com/2024/01/03/foundations-fund-tabletop-physics-to-probe-understanding-of-the-universe (1/1), chunk 17/37
[23:59:16 +3m 4s | thequantuminsider_2024_01_03_foundations_fund_tabletop_physics_to_probe_understanding_of_1971a432] Extracting interactions: https://thequantuminsider.com/2024/01/03/foundations-fund-tabletop-physics-to-probe-understanding-of-the-universe (1/1), chunk 19/37
[23:59:17 +3m 5s | thequantuminsider_2024_01_03_foundations_fund_tabletop_physics_to_probe_understanding_of_1971a432] Extracting interactions: https://thequantuminsider.com/2024/01/03/foundations-fund-tabletop-physics-to-probe-understanding-of-the-universe (1/1), chunk 20/37
[23:59:19 +3m 7s | thequantuminsider_2024_01_03_foundations_fund_tabletop_physics_to_probe_understanding_of_1971a432] Extracting interactions: https://thequantuminsider.com/2024/01/03/foundations-fund-tabletop-physics-to-probe-understanding-of-the-universe (1/1), chunk 21/37
[23:59:25 +3m 13s | thequantuminsider_2024_01_03_foundations_fund_tabletop_physics_to_probe_understanding_of_1971a432] Extracting interactions: https://thequantuminsider.com/2024/01/03/foundations-fund-tabletop-physics-to-probe-understanding-of-the-universe (1/1), chunk 22/37
[23:59:29 +3m 17s | thequantuminsider_2024_01_03_foundations_fund_tabletop_physics_to_probe_understanding_of_1971a432] Extracting interactions: https://thequantuminsider.com/2024/01/03/foundations-fund-tabletop-physics-to-probe-understanding-of-the-universe (1/1), chunk 24/37
[23:59:31 +3m 19s | thequantuminsider_2024_01_03_foundations_fund_tabletop_physics_to_probe_understanding_of_1971a432] Extracting interactions: https://thequantuminsider.com/2024/01/03/foundations-fund-tabletop-physics-to-probe-understanding-of-the-universe (1/1), chunk 26/37
[23:59:36 +3m 24s | thequantuminsider_2024_01_03_foundations_fund_tabletop_physics_to_probe_understanding_of_1971a432] Extracting interactions: https://thequantuminsider.com/2024/01/03/foundations-fund-tabletop-physics-to-probe-understanding-of-the-universe (1/1), chunk 27/37
[23:59:39 +3m 27s | thequantuminsider_2024_01_03_foundations_fund_tabletop_physics_to_probe_understanding_of_1971a432] Extracting interactions: https://thequantuminsider.com/2024/01/03/foundations-fund-tabletop-physics-to-probe-understanding-of-the-universe (1/1), chunk 28/37
[23:59:41 +3m 29s | thequantuminsider_2024_01_03_foundations_fund_tabletop_physics_to_probe_understanding_of_1971a432] Extracting interactions: https://thequantuminsider.com/2024/01/03/foundations-fund-tabletop-physics-to-probe-understanding-of-the-universe (1/1), chunk 29/37
[00:00:11 +4m 0s | thequantuminsider_2024_01_03_foundations_fund_tabletop_physics_to_probe_understanding_of_1971a432] Extracting interactions: https://thequantuminsider.com/2024/01/03/foundations-fund-tabletop-physics-to-probe-understanding-of-the-universe (1/1), chunk 30/37
[00:00:56 +4m 46s | thequantuminsider_2024_01_03_foundations_fund_tabletop_physics_to_probe_understanding_of_1971a432] Extracting interactions: https://thequantuminsider.com/2024/01/03/foundations-fund-tabletop-physics-to-probe-understanding-of-the-universe (1/1), chunk 31/37
[00:01:04 +4m 54s | thequantuminsider_2024_01_03_foundations_fund_tabletop_physics_to_probe_understanding_of_1971a432] Extracting interactions: https://thequantuminsider.com/2024/01/03/foundations-fund-tabletop-physics-to-probe-understanding-of-the-universe (1/1), chunk 32/37
[00:01:05 +4m 55s | thequantuminsider_2024_01_03_foundations_fund_tabletop_physics_to_probe_understanding_of_1971a432] Extracting interactions: https://thequantuminsider.com/2024/01/03/foundations-fund-tabletop-physics-to-probe-understanding-of-the-universe (1/1), chunk 33/37
[00:01:09 +4m 58s | thequantuminsider_2024_01_03_foundations_fund_tabletop_physics_to_probe_understanding_of_1971a432] Extracting interactions: https://thequantuminsider.com/2024/01/03/foundations-fund-tabletop-physics-to-probe-understanding-of-the-universe (1/1), chunk 34/37
[00:01:53 +5m 44s | thequantuminsider_2024_01_03_foundations_fund_tabletop_physics_to_probe_understanding_of_1971a432] Extracting interactions: https://thequantuminsider.com/2024/01/03/foundations-fund-tabletop-physics-to-probe-understanding-of-the-universe (1/1), chunk 35/37
[00:01:56 +5m 46s | thequantuminsider_2024_01_03_foundations_fund_tabletop_physics_to_probe_understanding_of_1971a432] Extracting interactions: https://thequantuminsider.com/2024/01/03/foundations-fund-tabletop-physics-to-probe-understanding-of-the-universe (1/1), chunk 36/37
[00:01:57 +5m 48s | thequantuminsider_2024_01_03_foundations_fund_tabletop_physics_to_probe_understanding_of_1971a432] Extracting interactions: https://thequantuminsider.com/2024/01/03/foundations-fund-tabletop-physics-to-probe-understanding-of-the-universe (1/1), chunk 37/37
[00:01:59 +5m 50s | thequantuminsider_2024_01_03_foundations_fund_tabletop_physics_to_probe_understanding_of_1971a432] Saved 3_interaction_results.json with 25 extracted interactions.

[00:01:59 +5m 50s | thequantuminsider_2024_01_03_foundations_fund_tabletop_physics_to_probe_understanding_of_1971a432] === 4 clean interactions ===
[00:01:59 +5m 50s | thequantuminsider_2024_01_03_foundations_fund_tabletop_physics_to_probe_understanding_of_1971a432] Saved 4_edges.json with 5 cleaned interactions.

[00:01:59 +5m 50s | thequantuminsider_2024_01_03_foundations_fund_tabletop_physics_to_probe_understanding_of_1971a432] === 5 helix enrichment ===
[00:01:59 +5m 50s | thequantuminsider_2024_01_03_foundations_fund_tabletop_physics_to_probe_understanding_of_1971a432] Wrote 5_nodes.json (25 actors)
[00:01:59 +5m 50s | thequantuminsider_2024_01_03_foundations_fund_tabletop_physics_to_probe_understanding_of_1971a432] Wrote 5_edges.json (5 interactions)
[00:01:59 +5m 50s | thequantuminsider_2024_01_03_foundations_fund_tabletop_physics_to_probe_understanding_of_1971a432] Actor helix counts: {'Academia': 6, 'Civil Society': 7, 'Industry': 2, 'Intermediary': 1, 'Unknown': 9}
[00:01:59 +5m 50s | thequantuminsider_2024_01_03_foundations_fund_tabletop_physics_to_probe_understanding_of_1971a432] Functional-space counts: {'Public': 5}

[00:01:59 +5m 50s | thequantuminsider_2024_01_03_foundations_fund_tabletop_physics_to_probe_understanding_of_1971a432] === 6 network visualisation ===
[00:02:00 +5m 51s | thequantuminsider_2024_01_03_foundations_fund_tabletop_physics_to_probe_understanding_of_1971a432] Wrote quantum_network.html
[00:02:00 +5m 51s | thequantuminsider_2024_01_03_foundations_fund_tabletop_physics_to_probe_understanding_of_1971a432] Nodes: 25
[00:02:00 +5m 51s | thequantuminsider_2024_01_03_foundations_fund_tabletop_physics_to_probe_understanding_of_1971a432] Edges: 3

[00:02:00 +5m 51s | thequantuminsider_2024_01_03_foundations_fund_tabletop_physics_to_probe_understanding_of_1971a432] Done. Outputs written to: /home/lv/IDP/idpdeeptech/pipeline/news_outputs/thequantuminsider_2024_01_03_foundations_fund_tabletop_physics_to_probe_understanding_of_1971a432
[00:02:00 +5m 51s | thequantuminsider_2024_01_03_foundations_fund_tabletop_physics_to_probe_understanding_of_1971a432] Log: /home/lv/IDP/idpdeeptech/pipeline/news_outputs/thequantuminsider_2024_01_03_foundations_fund_tabletop_physics_to_probe_understanding_of_1971a432/run.log

========================================================================
RUN FINISHED 2026-07-05 00:02:00  (OK)
Started:     2026-07-04 23:56:16
Elapsed:     5m 51s
========================================================================
