
========================================================================
RUN STARTED  2026-07-05 05:26:57
site_pipeline.py https://thequantuminsider.com/2023/10/24/qubits-ventures-to-host-inaugural-100000-quantum-startup-pitch-competition-at-q2b-2023-silicon-valley/
========================================================================

[05:26:57 +0s | thequantuminsider_2023_10_24_qubits_ventures_to_host_inaugural_100000_quantum_startup_pit_7d037f7c] === 0 crawl site ===
[05:26:59 +1s | thequantuminsider_2023_10_24_qubits_ventures_to_host_inaugural_100000_quantum_startup_pit_7d037f7c] [INIT].... → Crawl4AI 0.8.6 
[05:27:01 +4s | thequantuminsider_2023_10_24_qubits_ventures_to_host_inaugural_100000_quantum_startup_pit_7d037f7c] [FETCH]... ↓ https://thequantuminsider.com/2023/10/24/qubits-...up-pitch-competition-at-q2b-2023-silicon-valley/  | ✓ | ⏱: 2.11s 
[05:27:01 +4s | thequantuminsider_2023_10_24_qubits_ventures_to_host_inaugural_100000_quantum_startup_pit_7d037f7c] [SCRAPE].. ◆ https://thequantuminsider.com/2023/10/24/qubits-...up-pitch-competition-at-q2b-2023-silicon-valley/  | ✓ | ⏱: 0.12s 
[05:27:01 +4s | thequantuminsider_2023_10_24_qubits_ventures_to_host_inaugural_100000_quantum_startup_pit_7d037f7c] [COMPLETE] ● https://thequantuminsider.com/2023/10/24/qubits-...up-pitch-competition-at-q2b-2023-silicon-valley/  | ✓ | ⏱: 2.25s 
[05:27:01 +4s | thequantuminsider_2023_10_24_qubits_ventures_to_host_inaugural_100000_quantum_startup_pit_7d037f7c] Saved: crawl_output/95cfbb44df_thequantuminsider.com_2023_10_24_qubits-ventures-to-host-inaugural-100000-quantum-startup-pitch-competition-at-q2b-2023-silicon-valley.json

[05:27:01 +4s | thequantuminsider_2023_10_24_qubits_ventures_to_host_inaugural_100000_quantum_startup_pit_7d037f7c] === 1 actor extraction ===
[05:27:02 +4s | thequantuminsider_2023_10_24_qubits_ventures_to_host_inaugural_100000_quantum_startup_pit_7d037f7c] Reading page (1/1): https://thequantuminsider.com/2023/10/24/qubits-ventures-to-host-inaugural-100000-quantum-startup-pitch-competition-at-q2b-2023-silicon-valley
[05:27:02 +4s | thequantuminsider_2023_10_24_qubits_ventures_to_host_inaugural_100000_quantum_startup_pit_7d037f7c] Extracting actors: https://thequantuminsider.com/2023/10/24/qubits-ventures-to-host-inaugural-100000-quantum-startup-pitch-competition-at-q2b-2023-silicon-valley (1/1), chunk 1/36
[05:27:09 +12s | thequantuminsider_2023_10_24_qubits_ventures_to_host_inaugural_100000_quantum_startup_pit_7d037f7c] Repaired malformed JSON.
[05:27:09 +12s | thequantuminsider_2023_10_24_qubits_ventures_to_host_inaugural_100000_quantum_startup_pit_7d037f7c] Extracting actors: https://thequantuminsider.com/2023/10/24/qubits-ventures-to-host-inaugural-100000-quantum-startup-pitch-competition-at-q2b-2023-silicon-valley (1/1), chunk 2/36
[05:27:19 +21s | thequantuminsider_2023_10_24_qubits_ventures_to_host_inaugural_100000_quantum_startup_pit_7d037f7c] Repaired malformed JSON.
[05:27:19 +21s | thequantuminsider_2023_10_24_qubits_ventures_to_host_inaugural_100000_quantum_startup_pit_7d037f7c] Extracting actors: https://thequantuminsider.com/2023/10/24/qubits-ventures-to-host-inaugural-100000-quantum-startup-pitch-competition-at-q2b-2023-silicon-valley (1/1), chunk 3/36
[05:27:25 +28s | thequantuminsider_2023_10_24_qubits_ventures_to_host_inaugural_100000_quantum_startup_pit_7d037f7c] Repaired malformed JSON.
[05:27:25 +28s | thequantuminsider_2023_10_24_qubits_ventures_to_host_inaugural_100000_quantum_startup_pit_7d037f7c] Extracting actors: https://thequantuminsider.com/2023/10/24/qubits-ventures-to-host-inaugural-100000-quantum-startup-pitch-competition-at-q2b-2023-silicon-valley (1/1), chunk 4/36
[05:27:29 +34s | thequantuminsider_2023_10_24_qubits_ventures_to_host_inaugural_100000_quantum_startup_pit_7d037f7c] Repaired malformed JSON.
[05:27:29 +34s | thequantuminsider_2023_10_24_qubits_ventures_to_host_inaugural_100000_quantum_startup_pit_7d037f7c] Extracting actors: https://thequantuminsider.com/2023/10/24/qubits-ventures-to-host-inaugural-100000-quantum-startup-pitch-competition-at-q2b-2023-silicon-valley (1/1), chunk 5/36
[05:27:39 +44s | thequantuminsider_2023_10_24_qubits_ventures_to_host_inaugural_100000_quantum_startup_pit_7d037f7c] Repaired malformed JSON.
[05:27:39 +44s | thequantuminsider_2023_10_24_qubits_ventures_to_host_inaugural_100000_quantum_startup_pit_7d037f7c] Extracting actors: https://thequantuminsider.com/2023/10/24/qubits-ventures-to-host-inaugural-100000-quantum-startup-pitch-competition-at-q2b-2023-silicon-valley (1/1), chunk 6/36
[05:27:48 +53s | thequantuminsider_2023_10_24_qubits_ventures_to_host_inaugural_100000_quantum_startup_pit_7d037f7c] Repaired malformed JSON.
[05:27:48 +53s | thequantuminsider_2023_10_24_qubits_ventures_to_host_inaugural_100000_quantum_startup_pit_7d037f7c] Extracting actors: https://thequantuminsider.com/2023/10/24/qubits-ventures-to-host-inaugural-100000-quantum-startup-pitch-competition-at-q2b-2023-silicon-valley (1/1), chunk 7/36
[05:27:56 +1m 2s | thequantuminsider_2023_10_24_qubits_ventures_to_host_inaugural_100000_quantum_startup_pit_7d037f7c] Repaired malformed JSON.
[05:27:56 +1m 2s | thequantuminsider_2023_10_24_qubits_ventures_to_host_inaugural_100000_quantum_startup_pit_7d037f7c] Extracting actors: https://thequantuminsider.com/2023/10/24/qubits-ventures-to-host-inaugural-100000-quantum-startup-pitch-competition-at-q2b-2023-silicon-valley (1/1), chunk 8/36
[05:28:02 +1m 8s | thequantuminsider_2023_10_24_qubits_ventures_to_host_inaugural_100000_quantum_startup_pit_7d037f7c] Repaired malformed JSON.
[05:28:02 +1m 8s | thequantuminsider_2023_10_24_qubits_ventures_to_host_inaugural_100000_quantum_startup_pit_7d037f7c] Extracting actors: https://thequantuminsider.com/2023/10/24/qubits-ventures-to-host-inaugural-100000-quantum-startup-pitch-competition-at-q2b-2023-silicon-valley (1/1), chunk 9/36
[05:28:08 +1m 14s | thequantuminsider_2023_10_24_qubits_ventures_to_host_inaugural_100000_quantum_startup_pit_7d037f7c] Extracting actors: https://thequantuminsider.com/2023/10/24/qubits-ventures-to-host-inaugural-100000-quantum-startup-pitch-competition-at-q2b-2023-silicon-valley (1/1), chunk 10/36
[05:28:17 +1m 24s | thequantuminsider_2023_10_24_qubits_ventures_to_host_inaugural_100000_quantum_startup_pit_7d037f7c] Repaired malformed JSON.
[05:28:17 +1m 24s | thequantuminsider_2023_10_24_qubits_ventures_to_host_inaugural_100000_quantum_startup_pit_7d037f7c] Extracting actors: https://thequantuminsider.com/2023/10/24/qubits-ventures-to-host-inaugural-100000-quantum-startup-pitch-competition-at-q2b-2023-silicon-valley (1/1), chunk 11/36
[05:28:25 +1m 32s | thequantuminsider_2023_10_24_qubits_ventures_to_host_inaugural_100000_quantum_startup_pit_7d037f7c] Repaired malformed JSON.
[05:28:25 +1m 32s | thequantuminsider_2023_10_24_qubits_ventures_to_host_inaugural_100000_quantum_startup_pit_7d037f7c] Extracting actors: https://thequantuminsider.com/2023/10/24/qubits-ventures-to-host-inaugural-100000-quantum-startup-pitch-competition-at-q2b-2023-silicon-valley (1/1), chunk 12/36
[05:28:34 +1m 43s | thequantuminsider_2023_10_24_qubits_ventures_to_host_inaugural_100000_quantum_startup_pit_7d037f7c] Repaired malformed JSON.
[05:28:34 +1m 43s | thequantuminsider_2023_10_24_qubits_ventures_to_host_inaugural_100000_quantum_startup_pit_7d037f7c] Extracting actors: https://thequantuminsider.com/2023/10/24/qubits-ventures-to-host-inaugural-100000-quantum-startup-pitch-competition-at-q2b-2023-silicon-valley (1/1), chunk 13/36
[05:28:41 +1m 49s | thequantuminsider_2023_10_24_qubits_ventures_to_host_inaugural_100000_quantum_startup_pit_7d037f7c] Repaired malformed JSON.
[05:28:41 +1m 49s | thequantuminsider_2023_10_24_qubits_ventures_to_host_inaugural_100000_quantum_startup_pit_7d037f7c] Extracting actors: https://thequantuminsider.com/2023/10/24/qubits-ventures-to-host-inaugural-100000-quantum-startup-pitch-competition-at-q2b-2023-silicon-valley (1/1), chunk 14/36
[05:28:49 +1m 58s | thequantuminsider_2023_10_24_qubits_ventures_to_host_inaugural_100000_quantum_startup_pit_7d037f7c] Repaired malformed JSON.
[05:28:49 +1m 58s | thequantuminsider_2023_10_24_qubits_ventures_to_host_inaugural_100000_quantum_startup_pit_7d037f7c] Extracting actors: https://thequantuminsider.com/2023/10/24/qubits-ventures-to-host-inaugural-100000-quantum-startup-pitch-competition-at-q2b-2023-silicon-valley (1/1), chunk 15/36
[05:28:57 +2m 6s | thequantuminsider_2023_10_24_qubits_ventures_to_host_inaugural_100000_quantum_startup_pit_7d037f7c] Repaired malformed JSON.
[05:28:57 +2m 6s | thequantuminsider_2023_10_24_qubits_ventures_to_host_inaugural_100000_quantum_startup_pit_7d037f7c] Extracting actors: https://thequantuminsider.com/2023/10/24/qubits-ventures-to-host-inaugural-100000-quantum-startup-pitch-competition-at-q2b-2023-silicon-valley (1/1), chunk 16/36
[05:29:01 +2m 12s | thequantuminsider_2023_10_24_qubits_ventures_to_host_inaugural_100000_quantum_startup_pit_7d037f7c] Repaired malformed JSON.
[05:29:01 +2m 12s | thequantuminsider_2023_10_24_qubits_ventures_to_host_inaugural_100000_quantum_startup_pit_7d037f7c] Extracting actors: https://thequantuminsider.com/2023/10/24/qubits-ventures-to-host-inaugural-100000-quantum-startup-pitch-competition-at-q2b-2023-silicon-valley (1/1), chunk 17/36
[05:29:08 +2m 19s | thequantuminsider_2023_10_24_qubits_ventures_to_host_inaugural_100000_quantum_startup_pit_7d037f7c] Repaired malformed JSON.
[05:29:08 +2m 19s | thequantuminsider_2023_10_24_qubits_ventures_to_host_inaugural_100000_quantum_startup_pit_7d037f7c] Extracting actors: https://thequantuminsider.com/2023/10/24/qubits-ventures-to-host-inaugural-100000-quantum-startup-pitch-competition-at-q2b-2023-silicon-valley (1/1), chunk 18/36
[05:29:16 +2m 27s | thequantuminsider_2023_10_24_qubits_ventures_to_host_inaugural_100000_quantum_startup_pit_7d037f7c] Repaired malformed JSON.
[05:29:16 +2m 27s | thequantuminsider_2023_10_24_qubits_ventures_to_host_inaugural_100000_quantum_startup_pit_7d037f7c] Extracting actors: https://thequantuminsider.com/2023/10/24/qubits-ventures-to-host-inaugural-100000-quantum-startup-pitch-competition-at-q2b-2023-silicon-valley (1/1), chunk 19/36
[05:29:22 +2m 33s | thequantuminsider_2023_10_24_qubits_ventures_to_host_inaugural_100000_quantum_startup_pit_7d037f7c] Repaired malformed JSON.
[05:29:22 +2m 33s | thequantuminsider_2023_10_24_qubits_ventures_to_host_inaugural_100000_quantum_startup_pit_7d037f7c] Extracting actors: https://thequantuminsider.com/2023/10/24/qubits-ventures-to-host-inaugural-100000-quantum-startup-pitch-competition-at-q2b-2023-silicon-valley (1/1), chunk 20/36
[05:29:28 +2m 41s | thequantuminsider_2023_10_24_qubits_ventures_to_host_inaugural_100000_quantum_startup_pit_7d037f7c] Repaired malformed JSON.
[05:29:28 +2m 41s | thequantuminsider_2023_10_24_qubits_ventures_to_host_inaugural_100000_quantum_startup_pit_7d037f7c] Extracting actors: https://thequantuminsider.com/2023/10/24/qubits-ventures-to-host-inaugural-100000-quantum-startup-pitch-competition-at-q2b-2023-silicon-valley (1/1), chunk 21/36
[05:29:36 +2m 49s | thequantuminsider_2023_10_24_qubits_ventures_to_host_inaugural_100000_quantum_startup_pit_7d037f7c] Repaired malformed JSON.
[05:29:36 +2m 49s | thequantuminsider_2023_10_24_qubits_ventures_to_host_inaugural_100000_quantum_startup_pit_7d037f7c] Extracting actors: https://thequantuminsider.com/2023/10/24/qubits-ventures-to-host-inaugural-100000-quantum-startup-pitch-competition-at-q2b-2023-silicon-valley (1/1), chunk 22/36
[05:30:02 +3m 17s | thequantuminsider_2023_10_24_qubits_ventures_to_host_inaugural_100000_quantum_startup_pit_7d037f7c] Repaired malformed JSON.
[05:30:02 +3m 17s | thequantuminsider_2023_10_24_qubits_ventures_to_host_inaugural_100000_quantum_startup_pit_7d037f7c] Extracting actors: https://thequantuminsider.com/2023/10/24/qubits-ventures-to-host-inaugural-100000-quantum-startup-pitch-competition-at-q2b-2023-silicon-valley (1/1), chunk 23/36
[05:30:09 +3m 24s | thequantuminsider_2023_10_24_qubits_ventures_to_host_inaugural_100000_quantum_startup_pit_7d037f7c] Repaired malformed JSON.
[05:30:09 +3m 24s | thequantuminsider_2023_10_24_qubits_ventures_to_host_inaugural_100000_quantum_startup_pit_7d037f7c] Extracting actors: https://thequantuminsider.com/2023/10/24/qubits-ventures-to-host-inaugural-100000-quantum-startup-pitch-competition-at-q2b-2023-silicon-valley (1/1), chunk 24/36
[05:30:18 +3m 33s | thequantuminsider_2023_10_24_qubits_ventures_to_host_inaugural_100000_quantum_startup_pit_7d037f7c] Extracting actors: https://thequantuminsider.com/2023/10/24/qubits-ventures-to-host-inaugural-100000-quantum-startup-pitch-competition-at-q2b-2023-silicon-valley (1/1), chunk 25/36
[05:30:24 +3m 39s | thequantuminsider_2023_10_24_qubits_ventures_to_host_inaugural_100000_quantum_startup_pit_7d037f7c] Repaired malformed JSON.
[05:30:24 +3m 39s | thequantuminsider_2023_10_24_qubits_ventures_to_host_inaugural_100000_quantum_startup_pit_7d037f7c] Extracting actors: https://thequantuminsider.com/2023/10/24/qubits-ventures-to-host-inaugural-100000-quantum-startup-pitch-competition-at-q2b-2023-silicon-valley (1/1), chunk 26/36
[05:30:27 +3m 44s | thequantuminsider_2023_10_24_qubits_ventures_to_host_inaugural_100000_quantum_startup_pit_7d037f7c] Extracting actors: https://thequantuminsider.com/2023/10/24/qubits-ventures-to-host-inaugural-100000-quantum-startup-pitch-competition-at-q2b-2023-silicon-valley (1/1), chunk 27/36
[05:30:43 +4m 0s | thequantuminsider_2023_10_24_qubits_ventures_to_host_inaugural_100000_quantum_startup_pit_7d037f7c] Repaired malformed JSON.
[05:30:43 +4m 0s | thequantuminsider_2023_10_24_qubits_ventures_to_host_inaugural_100000_quantum_startup_pit_7d037f7c] Extracting actors: https://thequantuminsider.com/2023/10/24/qubits-ventures-to-host-inaugural-100000-quantum-startup-pitch-competition-at-q2b-2023-silicon-valley (1/1), chunk 28/36
[05:30:51 +4m 7s | thequantuminsider_2023_10_24_qubits_ventures_to_host_inaugural_100000_quantum_startup_pit_7d037f7c] Repaired malformed JSON.
[05:30:51 +4m 7s | thequantuminsider_2023_10_24_qubits_ventures_to_host_inaugural_100000_quantum_startup_pit_7d037f7c] Extracting actors: https://thequantuminsider.com/2023/10/24/qubits-ventures-to-host-inaugural-100000-quantum-startup-pitch-competition-at-q2b-2023-silicon-valley (1/1), chunk 29/36
[05:31:00 +4m 18s | thequantuminsider_2023_10_24_qubits_ventures_to_host_inaugural_100000_quantum_startup_pit_7d037f7c] Repaired malformed JSON.
[05:31:00 +4m 18s | thequantuminsider_2023_10_24_qubits_ventures_to_host_inaugural_100000_quantum_startup_pit_7d037f7c] Extracting actors: https://thequantuminsider.com/2023/10/24/qubits-ventures-to-host-inaugural-100000-quantum-startup-pitch-competition-at-q2b-2023-silicon-valley (1/1), chunk 30/36
[05:31:07 +4m 26s | thequantuminsider_2023_10_24_qubits_ventures_to_host_inaugural_100000_quantum_startup_pit_7d037f7c] Repaired malformed JSON.
[05:31:07 +4m 26s | thequantuminsider_2023_10_24_qubits_ventures_to_host_inaugural_100000_quantum_startup_pit_7d037f7c] Extracting actors: https://thequantuminsider.com/2023/10/24/qubits-ventures-to-host-inaugural-100000-quantum-startup-pitch-competition-at-q2b-2023-silicon-valley (1/1), chunk 31/36
[05:31:16 +4m 35s | thequantuminsider_2023_10_24_qubits_ventures_to_host_inaugural_100000_quantum_startup_pit_7d037f7c] Repaired malformed JSON.
[05:31:16 +4m 35s | thequantuminsider_2023_10_24_qubits_ventures_to_host_inaugural_100000_quantum_startup_pit_7d037f7c] Extracting actors: https://thequantuminsider.com/2023/10/24/qubits-ventures-to-host-inaugural-100000-quantum-startup-pitch-competition-at-q2b-2023-silicon-valley (1/1), chunk 32/36
[05:31:28 +4m 46s | thequantuminsider_2023_10_24_qubits_ventures_to_host_inaugural_100000_quantum_startup_pit_7d037f7c] Repaired malformed JSON.
[05:31:28 +4m 46s | thequantuminsider_2023_10_24_qubits_ventures_to_host_inaugural_100000_quantum_startup_pit_7d037f7c] Extracting actors: https://thequantuminsider.com/2023/10/24/qubits-ventures-to-host-inaugural-100000-quantum-startup-pitch-competition-at-q2b-2023-silicon-valley (1/1), chunk 33/36
[05:31:35 +4m 56s | thequantuminsider_2023_10_24_qubits_ventures_to_host_inaugural_100000_quantum_startup_pit_7d037f7c] Repaired malformed JSON.
[05:31:35 +4m 56s | thequantuminsider_2023_10_24_qubits_ventures_to_host_inaugural_100000_quantum_startup_pit_7d037f7c] Extracting actors: https://thequantuminsider.com/2023/10/24/qubits-ventures-to-host-inaugural-100000-quantum-startup-pitch-competition-at-q2b-2023-silicon-valley (1/1), chunk 34/36
[05:32:02 +5m 25s | thequantuminsider_2023_10_24_qubits_ventures_to_host_inaugural_100000_quantum_startup_pit_7d037f7c] Repaired malformed JSON.
[05:32:02 +5m 25s | thequantuminsider_2023_10_24_qubits_ventures_to_host_inaugural_100000_quantum_startup_pit_7d037f7c] Extracting actors: https://thequantuminsider.com/2023/10/24/qubits-ventures-to-host-inaugural-100000-quantum-startup-pitch-competition-at-q2b-2023-silicon-valley (1/1), chunk 35/36
[05:32:11 +5m 34s | thequantuminsider_2023_10_24_qubits_ventures_to_host_inaugural_100000_quantum_startup_pit_7d037f7c] Repaired malformed JSON.
[05:32:11 +5m 34s | thequantuminsider_2023_10_24_qubits_ventures_to_host_inaugural_100000_quantum_startup_pit_7d037f7c] Extracting actors: https://thequantuminsider.com/2023/10/24/qubits-ventures-to-host-inaugural-100000-quantum-startup-pitch-competition-at-q2b-2023-silicon-valley (1/1), chunk 36/36
[05:32:19 +5m 42s | thequantuminsider_2023_10_24_qubits_ventures_to_host_inaugural_100000_quantum_startup_pit_7d037f7c] Repaired malformed JSON.
[05:32:19 +5m 42s | thequantuminsider_2023_10_24_qubits_ventures_to_host_inaugural_100000_quantum_startup_pit_7d037f7c] Saved 1_actor_results.json with 65 extracted records

[05:32:19 +5m 42s | thequantuminsider_2023_10_24_qubits_ventures_to_host_inaugural_100000_quantum_startup_pit_7d037f7c] === 2 clean actors ===
[05:32:19 +5m 42s | thequantuminsider_2023_10_24_qubits_ventures_to_host_inaugural_100000_quantum_startup_pit_7d037f7c] Loaded 65 extracted records
[05:32:19 +5m 42s | thequantuminsider_2023_10_24_qubits_ventures_to_host_inaugural_100000_quantum_startup_pit_7d037f7c] Saved 2_actor_nodes.json with 10 canonical actor nodes

[05:32:19 +5m 42s | thequantuminsider_2023_10_24_qubits_ventures_to_host_inaugural_100000_quantum_startup_pit_7d037f7c] === 3 interaction extraction ===
[05:32:20 +5m 42s | thequantuminsider_2023_10_24_qubits_ventures_to_host_inaugural_100000_quantum_startup_pit_7d037f7c] Extracting interactions: https://thequantuminsider.com/2023/10/24/qubits-ventures-to-host-inaugural-100000-quantum-startup-pitch-competition-at-q2b-2023-silicon-valley (1/1), chunk 11/36
[05:32:25 +5m 47s | thequantuminsider_2023_10_24_qubits_ventures_to_host_inaugural_100000_quantum_startup_pit_7d037f7c] Extracting interactions: https://thequantuminsider.com/2023/10/24/qubits-ventures-to-host-inaugural-100000-quantum-startup-pitch-competition-at-q2b-2023-silicon-valley (1/1), chunk 15/36
[05:32:29 +5m 54s | thequantuminsider_2023_10_24_qubits_ventures_to_host_inaugural_100000_quantum_startup_pit_7d037f7c] Extracting interactions: https://thequantuminsider.com/2023/10/24/qubits-ventures-to-host-inaugural-100000-quantum-startup-pitch-competition-at-q2b-2023-silicon-valley (1/1), chunk 16/36
[05:32:35 +5m 59s | thequantuminsider_2023_10_24_qubits_ventures_to_host_inaugural_100000_quantum_startup_pit_7d037f7c] Extracting interactions: https://thequantuminsider.com/2023/10/24/qubits-ventures-to-host-inaugural-100000-quantum-startup-pitch-competition-at-q2b-2023-silicon-valley (1/1), chunk 19/36
[05:32:36 +6m 1s | thequantuminsider_2023_10_24_qubits_ventures_to_host_inaugural_100000_quantum_startup_pit_7d037f7c] Extracting interactions: https://thequantuminsider.com/2023/10/24/qubits-ventures-to-host-inaugural-100000-quantum-startup-pitch-competition-at-q2b-2023-silicon-valley (1/1), chunk 20/36
[05:32:41 +6m 6s | thequantuminsider_2023_10_24_qubits_ventures_to_host_inaugural_100000_quantum_startup_pit_7d037f7c] Extracting interactions: https://thequantuminsider.com/2023/10/24/qubits-ventures-to-host-inaugural-100000-quantum-startup-pitch-competition-at-q2b-2023-silicon-valley (1/1), chunk 25/36
[05:32:45 +6m 10s | thequantuminsider_2023_10_24_qubits_ventures_to_host_inaugural_100000_quantum_startup_pit_7d037f7c] Extracting interactions: https://thequantuminsider.com/2023/10/24/qubits-ventures-to-host-inaugural-100000-quantum-startup-pitch-competition-at-q2b-2023-silicon-valley (1/1), chunk 26/36
[05:32:47 +6m 11s | thequantuminsider_2023_10_24_qubits_ventures_to_host_inaugural_100000_quantum_startup_pit_7d037f7c] Extracting interactions: https://thequantuminsider.com/2023/10/24/qubits-ventures-to-host-inaugural-100000-quantum-startup-pitch-competition-at-q2b-2023-silicon-valley (1/1), chunk 29/36
[05:32:50 +6m 14s | thequantuminsider_2023_10_24_qubits_ventures_to_host_inaugural_100000_quantum_startup_pit_7d037f7c] Extracting interactions: https://thequantuminsider.com/2023/10/24/qubits-ventures-to-host-inaugural-100000-quantum-startup-pitch-competition-at-q2b-2023-silicon-valley (1/1), chunk 30/36
[05:32:52 +6m 17s | thequantuminsider_2023_10_24_qubits_ventures_to_host_inaugural_100000_quantum_startup_pit_7d037f7c] Extracting interactions: https://thequantuminsider.com/2023/10/24/qubits-ventures-to-host-inaugural-100000-quantum-startup-pitch-competition-at-q2b-2023-silicon-valley (1/1), chunk 31/36
[05:33:00 +6m 24s | thequantuminsider_2023_10_24_qubits_ventures_to_host_inaugural_100000_quantum_startup_pit_7d037f7c] Extracting interactions: https://thequantuminsider.com/2023/10/24/qubits-ventures-to-host-inaugural-100000-quantum-startup-pitch-competition-at-q2b-2023-silicon-valley (1/1), chunk 32/36
[05:32:59 +6m 26s | thequantuminsider_2023_10_24_qubits_ventures_to_host_inaugural_100000_quantum_startup_pit_7d037f7c] Extracting interactions: https://thequantuminsider.com/2023/10/24/qubits-ventures-to-host-inaugural-100000-quantum-startup-pitch-competition-at-q2b-2023-silicon-valley (1/1), chunk 34/36
[05:33:01 +6m 28s | thequantuminsider_2023_10_24_qubits_ventures_to_host_inaugural_100000_quantum_startup_pit_7d037f7c] Extracting interactions: https://thequantuminsider.com/2023/10/24/qubits-ventures-to-host-inaugural-100000-quantum-startup-pitch-competition-at-q2b-2023-silicon-valley (1/1), chunk 35/36
[05:33:05 +6m 31s | thequantuminsider_2023_10_24_qubits_ventures_to_host_inaugural_100000_quantum_startup_pit_7d037f7c] Saved 3_interaction_results.json with 5 extracted interactions.

[05:33:05 +6m 31s | thequantuminsider_2023_10_24_qubits_ventures_to_host_inaugural_100000_quantum_startup_pit_7d037f7c] === 4 clean interactions ===
[05:33:05 +6m 31s | thequantuminsider_2023_10_24_qubits_ventures_to_host_inaugural_100000_quantum_startup_pit_7d037f7c] Saved 4_edges.json with 0 cleaned interactions.

[05:33:05 +6m 31s | thequantuminsider_2023_10_24_qubits_ventures_to_host_inaugural_100000_quantum_startup_pit_7d037f7c] === 5 helix enrichment ===
[05:33:05 +6m 31s | thequantuminsider_2023_10_24_qubits_ventures_to_host_inaugural_100000_quantum_startup_pit_7d037f7c] Wrote 5_nodes.json (10 actors)
[05:33:05 +6m 31s | thequantuminsider_2023_10_24_qubits_ventures_to_host_inaugural_100000_quantum_startup_pit_7d037f7c] Wrote 5_edges.json (0 interactions)
[05:33:05 +6m 31s | thequantuminsider_2023_10_24_qubits_ventures_to_host_inaugural_100000_quantum_startup_pit_7d037f7c] Actor helix counts: {'Academia': 1, 'Civil Society': 2, 'Industry': 2, 'Unknown': 5}
[05:33:05 +6m 31s | thequantuminsider_2023_10_24_qubits_ventures_to_host_inaugural_100000_quantum_startup_pit_7d037f7c] Functional-space counts: {}

[05:33:05 +6m 31s | thequantuminsider_2023_10_24_qubits_ventures_to_host_inaugural_100000_quantum_startup_pit_7d037f7c] === 6 network visualisation ===
[05:33:05 +6m 32s | thequantuminsider_2023_10_24_qubits_ventures_to_host_inaugural_100000_quantum_startup_pit_7d037f7c] Wrote quantum_network.html
[05:33:05 +6m 32s | thequantuminsider_2023_10_24_qubits_ventures_to_host_inaugural_100000_quantum_startup_pit_7d037f7c] Nodes: 10
[05:33:05 +6m 32s | thequantuminsider_2023_10_24_qubits_ventures_to_host_inaugural_100000_quantum_startup_pit_7d037f7c] Edges: 0

[05:33:05 +6m 32s | thequantuminsider_2023_10_24_qubits_ventures_to_host_inaugural_100000_quantum_startup_pit_7d037f7c] Done. Outputs written to: /home/lv/IDP/idpdeeptech/pipeline/news_outputs/thequantuminsider_2023_10_24_qubits_ventures_to_host_inaugural_100000_quantum_startup_pit_7d037f7c
[05:33:05 +6m 32s | thequantuminsider_2023_10_24_qubits_ventures_to_host_inaugural_100000_quantum_startup_pit_7d037f7c] Log: /home/lv/IDP/idpdeeptech/pipeline/news_outputs/thequantuminsider_2023_10_24_qubits_ventures_to_host_inaugural_100000_quantum_startup_pit_7d037f7c/run.log

========================================================================
RUN FINISHED 2026-07-05 05:33:05  (OK)
Started:     2026-07-05 05:26:57
Elapsed:     6m 32s
========================================================================
