
========================================================================
RUN STARTED  2026-07-05 07:10:00
site_pipeline.py https://thequantuminsider.com/2023/10/02/quantinuums-h1-quantum-computer-executes-a-fully-fault-tolerant-algorithm-with-three-logically-encoded-qubits/
========================================================================

[07:10:00 +0s | thequantuminsider_2023_10_02_quantinuums_h1_quantum_computer_executes_a_fully_fault_toler_b853e233] === 0 crawl site ===
[07:10:01 +1s | thequantuminsider_2023_10_02_quantinuums_h1_quantum_computer_executes_a_fully_fault_toler_b853e233] [INIT].... → Crawl4AI 0.8.6 
[07:10:03 +3s | thequantuminsider_2023_10_02_quantinuums_h1_quantum_computer_executes_a_fully_fault_toler_b853e233] [FETCH]... ↓ https://thequantuminsider.com/2023/10/02/quantin...t-algorithm-with-three-logically-encoded-qubits/  | ✓ | ⏱: 1.82s 
[07:10:03 +3s | thequantuminsider_2023_10_02_quantinuums_h1_quantum_computer_executes_a_fully_fault_toler_b853e233] [SCRAPE].. ◆ https://thequantuminsider.com/2023/10/02/quantin...t-algorithm-with-three-logically-encoded-qubits/  | ✓ | ⏱: 0.12s 
[07:10:03 +3s | thequantuminsider_2023_10_02_quantinuums_h1_quantum_computer_executes_a_fully_fault_toler_b853e233] [COMPLETE] ● https://thequantuminsider.com/2023/10/02/quantin...t-algorithm-with-three-logically-encoded-qubits/  | ✓ | ⏱: 1.97s 
[07:10:03 +3s | thequantuminsider_2023_10_02_quantinuums_h1_quantum_computer_executes_a_fully_fault_toler_b853e233] Saved: crawl_output/ea7948ebb8_thequantuminsider.com_2023_10_02_quantinuums-h1-quantum-computer-executes-a-fully-fault-tolerant-algorithm-with-three-logically-encoded-qubits.json

[07:10:03 +4s | thequantuminsider_2023_10_02_quantinuums_h1_quantum_computer_executes_a_fully_fault_toler_b853e233] === 1 actor extraction ===
[07:10:03 +4s | thequantuminsider_2023_10_02_quantinuums_h1_quantum_computer_executes_a_fully_fault_toler_b853e233] Reading page (1/1): https://thequantuminsider.com/2023/10/02/quantinuums-h1-quantum-computer-executes-a-fully-fault-tolerant-algorithm-with-three-logically-encoded-qubits
[07:10:03 +4s | thequantuminsider_2023_10_02_quantinuums_h1_quantum_computer_executes_a_fully_fault_toler_b853e233] Extracting actors: https://thequantuminsider.com/2023/10/02/quantinuums-h1-quantum-computer-executes-a-fully-fault-tolerant-algorithm-with-three-logically-encoded-qubits (1/1), chunk 1/37
[07:10:10 +10s | thequantuminsider_2023_10_02_quantinuums_h1_quantum_computer_executes_a_fully_fault_toler_b853e233] Extracting actors: https://thequantuminsider.com/2023/10/02/quantinuums-h1-quantum-computer-executes-a-fully-fault-tolerant-algorithm-with-three-logically-encoded-qubits (1/1), chunk 2/37
[07:10:15 +15s | thequantuminsider_2023_10_02_quantinuums_h1_quantum_computer_executes_a_fully_fault_toler_b853e233] Extracting actors: https://thequantuminsider.com/2023/10/02/quantinuums-h1-quantum-computer-executes-a-fully-fault-tolerant-algorithm-with-three-logically-encoded-qubits (1/1), chunk 3/37
[07:10:21 +23s | thequantuminsider_2023_10_02_quantinuums_h1_quantum_computer_executes_a_fully_fault_toler_b853e233] Extracting actors: https://thequantuminsider.com/2023/10/02/quantinuums-h1-quantum-computer-executes-a-fully-fault-tolerant-algorithm-with-three-logically-encoded-qubits (1/1), chunk 4/37
[07:10:27 +30s | thequantuminsider_2023_10_02_quantinuums_h1_quantum_computer_executes_a_fully_fault_toler_b853e233] Extracting actors: https://thequantuminsider.com/2023/10/02/quantinuums-h1-quantum-computer-executes-a-fully-fault-tolerant-algorithm-with-three-logically-encoded-qubits (1/1), chunk 5/37
[07:10:32 +35s | thequantuminsider_2023_10_02_quantinuums_h1_quantum_computer_executes_a_fully_fault_toler_b853e233] Extracting actors: https://thequantuminsider.com/2023/10/02/quantinuums-h1-quantum-computer-executes-a-fully-fault-tolerant-algorithm-with-three-logically-encoded-qubits (1/1), chunk 6/37
[07:10:41 +44s | thequantuminsider_2023_10_02_quantinuums_h1_quantum_computer_executes_a_fully_fault_toler_b853e233] Repaired malformed JSON.
[07:10:41 +44s | thequantuminsider_2023_10_02_quantinuums_h1_quantum_computer_executes_a_fully_fault_toler_b853e233] Extracting actors: https://thequantuminsider.com/2023/10/02/quantinuums-h1-quantum-computer-executes-a-fully-fault-tolerant-algorithm-with-three-logically-encoded-qubits (1/1), chunk 7/37
[07:10:48 +51s | thequantuminsider_2023_10_02_quantinuums_h1_quantum_computer_executes_a_fully_fault_toler_b853e233] Extracting actors: https://thequantuminsider.com/2023/10/02/quantinuums-h1-quantum-computer-executes-a-fully-fault-tolerant-algorithm-with-three-logically-encoded-qubits (1/1), chunk 8/37
[07:11:11 +1m 16s | thequantuminsider_2023_10_02_quantinuums_h1_quantum_computer_executes_a_fully_fault_toler_b853e233] Extracting actors: https://thequantuminsider.com/2023/10/02/quantinuums-h1-quantum-computer-executes-a-fully-fault-tolerant-algorithm-with-three-logically-encoded-qubits (1/1), chunk 9/37
[07:11:17 +1m 22s | thequantuminsider_2023_10_02_quantinuums_h1_quantum_computer_executes_a_fully_fault_toler_b853e233] Extracting actors: https://thequantuminsider.com/2023/10/02/quantinuums-h1-quantum-computer-executes-a-fully-fault-tolerant-algorithm-with-three-logically-encoded-qubits (1/1), chunk 10/37
[07:11:22 +1m 29s | thequantuminsider_2023_10_02_quantinuums_h1_quantum_computer_executes_a_fully_fault_toler_b853e233] Extracting actors: https://thequantuminsider.com/2023/10/02/quantinuums-h1-quantum-computer-executes-a-fully-fault-tolerant-algorithm-with-three-logically-encoded-qubits (1/1), chunk 11/37
[07:11:33 +1m 40s | thequantuminsider_2023_10_02_quantinuums_h1_quantum_computer_executes_a_fully_fault_toler_b853e233] Repaired malformed JSON.
[07:11:33 +1m 40s | thequantuminsider_2023_10_02_quantinuums_h1_quantum_computer_executes_a_fully_fault_toler_b853e233] Extracting actors: https://thequantuminsider.com/2023/10/02/quantinuums-h1-quantum-computer-executes-a-fully-fault-tolerant-algorithm-with-three-logically-encoded-qubits (1/1), chunk 12/37
[07:11:42 +1m 49s | thequantuminsider_2023_10_02_quantinuums_h1_quantum_computer_executes_a_fully_fault_toler_b853e233] Repaired malformed JSON.
[07:11:42 +1m 49s | thequantuminsider_2023_10_02_quantinuums_h1_quantum_computer_executes_a_fully_fault_toler_b853e233] Extracting actors: https://thequantuminsider.com/2023/10/02/quantinuums-h1-quantum-computer-executes-a-fully-fault-tolerant-algorithm-with-three-logically-encoded-qubits (1/1), chunk 13/37
[07:11:51 +1m 58s | thequantuminsider_2023_10_02_quantinuums_h1_quantum_computer_executes_a_fully_fault_toler_b853e233] Repaired malformed JSON.
[07:11:51 +1m 58s | thequantuminsider_2023_10_02_quantinuums_h1_quantum_computer_executes_a_fully_fault_toler_b853e233] Extracting actors: https://thequantuminsider.com/2023/10/02/quantinuums-h1-quantum-computer-executes-a-fully-fault-tolerant-algorithm-with-three-logically-encoded-qubits (1/1), chunk 14/37
[07:11:54 +2m 4s | thequantuminsider_2023_10_02_quantinuums_h1_quantum_computer_executes_a_fully_fault_toler_b853e233] Repaired malformed JSON.
[07:11:54 +2m 4s | thequantuminsider_2023_10_02_quantinuums_h1_quantum_computer_executes_a_fully_fault_toler_b853e233] Extracting actors: https://thequantuminsider.com/2023/10/02/quantinuums-h1-quantum-computer-executes-a-fully-fault-tolerant-algorithm-with-three-logically-encoded-qubits (1/1), chunk 15/37
[07:12:00 +2m 10s | thequantuminsider_2023_10_02_quantinuums_h1_quantum_computer_executes_a_fully_fault_toler_b853e233] Repaired malformed JSON.
[07:12:00 +2m 10s | thequantuminsider_2023_10_02_quantinuums_h1_quantum_computer_executes_a_fully_fault_toler_b853e233] Extracting actors: https://thequantuminsider.com/2023/10/02/quantinuums-h1-quantum-computer-executes-a-fully-fault-tolerant-algorithm-with-three-logically-encoded-qubits (1/1), chunk 16/37
[07:12:11 +2m 21s | thequantuminsider_2023_10_02_quantinuums_h1_quantum_computer_executes_a_fully_fault_toler_b853e233] Repaired malformed JSON.
[07:12:11 +2m 21s | thequantuminsider_2023_10_02_quantinuums_h1_quantum_computer_executes_a_fully_fault_toler_b853e233] Extracting actors: https://thequantuminsider.com/2023/10/02/quantinuums-h1-quantum-computer-executes-a-fully-fault-tolerant-algorithm-with-three-logically-encoded-qubits (1/1), chunk 17/37
[07:12:20 +2m 30s | thequantuminsider_2023_10_02_quantinuums_h1_quantum_computer_executes_a_fully_fault_toler_b853e233] Repaired malformed JSON.
[07:12:20 +2m 30s | thequantuminsider_2023_10_02_quantinuums_h1_quantum_computer_executes_a_fully_fault_toler_b853e233] Extracting actors: https://thequantuminsider.com/2023/10/02/quantinuums-h1-quantum-computer-executes-a-fully-fault-tolerant-algorithm-with-three-logically-encoded-qubits (1/1), chunk 18/37
[07:12:24 +2m 36s | thequantuminsider_2023_10_02_quantinuums_h1_quantum_computer_executes_a_fully_fault_toler_b853e233] Extracting actors: https://thequantuminsider.com/2023/10/02/quantinuums-h1-quantum-computer-executes-a-fully-fault-tolerant-algorithm-with-three-logically-encoded-qubits (1/1), chunk 19/37
[07:12:34 +2m 46s | thequantuminsider_2023_10_02_quantinuums_h1_quantum_computer_executes_a_fully_fault_toler_b853e233] Repaired malformed JSON.
[07:12:34 +2m 46s | thequantuminsider_2023_10_02_quantinuums_h1_quantum_computer_executes_a_fully_fault_toler_b853e233] Extracting actors: https://thequantuminsider.com/2023/10/02/quantinuums-h1-quantum-computer-executes-a-fully-fault-tolerant-algorithm-with-three-logically-encoded-qubits (1/1), chunk 20/37
[07:12:41 +2m 53s | thequantuminsider_2023_10_02_quantinuums_h1_quantum_computer_executes_a_fully_fault_toler_b853e233] Repaired malformed JSON.
[07:12:41 +2m 53s | thequantuminsider_2023_10_02_quantinuums_h1_quantum_computer_executes_a_fully_fault_toler_b853e233] Extracting actors: https://thequantuminsider.com/2023/10/02/quantinuums-h1-quantum-computer-executes-a-fully-fault-tolerant-algorithm-with-three-logically-encoded-qubits (1/1), chunk 21/37
[07:12:47 +2m 59s | thequantuminsider_2023_10_02_quantinuums_h1_quantum_computer_executes_a_fully_fault_toler_b853e233] Repaired malformed JSON.
[07:12:47 +2m 59s | thequantuminsider_2023_10_02_quantinuums_h1_quantum_computer_executes_a_fully_fault_toler_b853e233] Extracting actors: https://thequantuminsider.com/2023/10/02/quantinuums-h1-quantum-computer-executes-a-fully-fault-tolerant-algorithm-with-three-logically-encoded-qubits (1/1), chunk 22/37
[07:12:54 +3m 8s | thequantuminsider_2023_10_02_quantinuums_h1_quantum_computer_executes_a_fully_fault_toler_b853e233] Extracting actors: https://thequantuminsider.com/2023/10/02/quantinuums-h1-quantum-computer-executes-a-fully-fault-tolerant-algorithm-with-three-logically-encoded-qubits (1/1), chunk 23/37
[07:13:02 +3m 16s | thequantuminsider_2023_10_02_quantinuums_h1_quantum_computer_executes_a_fully_fault_toler_b853e233] Repaired malformed JSON.
[07:13:02 +3m 16s | thequantuminsider_2023_10_02_quantinuums_h1_quantum_computer_executes_a_fully_fault_toler_b853e233] Extracting actors: https://thequantuminsider.com/2023/10/02/quantinuums-h1-quantum-computer-executes-a-fully-fault-tolerant-algorithm-with-three-logically-encoded-qubits (1/1), chunk 24/37
[07:13:09 +3m 23s | thequantuminsider_2023_10_02_quantinuums_h1_quantum_computer_executes_a_fully_fault_toler_b853e233] Repaired malformed JSON.
[07:13:09 +3m 23s | thequantuminsider_2023_10_02_quantinuums_h1_quantum_computer_executes_a_fully_fault_toler_b853e233] Extracting actors: https://thequantuminsider.com/2023/10/02/quantinuums-h1-quantum-computer-executes-a-fully-fault-tolerant-algorithm-with-three-logically-encoded-qubits (1/1), chunk 25/37
[07:13:18 +3m 33s | thequantuminsider_2023_10_02_quantinuums_h1_quantum_computer_executes_a_fully_fault_toler_b853e233] Extracting actors: https://thequantuminsider.com/2023/10/02/quantinuums-h1-quantum-computer-executes-a-fully-fault-tolerant-algorithm-with-three-logically-encoded-qubits (1/1), chunk 26/37
[07:13:26 +3m 42s | thequantuminsider_2023_10_02_quantinuums_h1_quantum_computer_executes_a_fully_fault_toler_b853e233] Repaired malformed JSON.
[07:13:26 +3m 42s | thequantuminsider_2023_10_02_quantinuums_h1_quantum_computer_executes_a_fully_fault_toler_b853e233] Extracting actors: https://thequantuminsider.com/2023/10/02/quantinuums-h1-quantum-computer-executes-a-fully-fault-tolerant-algorithm-with-three-logically-encoded-qubits (1/1), chunk 27/37
[07:13:50 +4m 9s | thequantuminsider_2023_10_02_quantinuums_h1_quantum_computer_executes_a_fully_fault_toler_b853e233] Extracting actors: https://thequantuminsider.com/2023/10/02/quantinuums-h1-quantum-computer-executes-a-fully-fault-tolerant-algorithm-with-three-logically-encoded-qubits (1/1), chunk 28/37
[07:13:56 +4m 14s | thequantuminsider_2023_10_02_quantinuums_h1_quantum_computer_executes_a_fully_fault_toler_b853e233] Extracting actors: https://thequantuminsider.com/2023/10/02/quantinuums-h1-quantum-computer-executes-a-fully-fault-tolerant-algorithm-with-three-logically-encoded-qubits (1/1), chunk 29/37
[07:14:19 +4m 40s | thequantuminsider_2023_10_02_quantinuums_h1_quantum_computer_executes_a_fully_fault_toler_b853e233] Repaired malformed JSON.
[07:14:19 +4m 40s | thequantuminsider_2023_10_02_quantinuums_h1_quantum_computer_executes_a_fully_fault_toler_b853e233] Extracting actors: https://thequantuminsider.com/2023/10/02/quantinuums-h1-quantum-computer-executes-a-fully-fault-tolerant-algorithm-with-three-logically-encoded-qubits (1/1), chunk 30/37
[07:14:26 +4m 47s | thequantuminsider_2023_10_02_quantinuums_h1_quantum_computer_executes_a_fully_fault_toler_b853e233] Repaired malformed JSON.
[07:14:26 +4m 47s | thequantuminsider_2023_10_02_quantinuums_h1_quantum_computer_executes_a_fully_fault_toler_b853e233] Extracting actors: https://thequantuminsider.com/2023/10/02/quantinuums-h1-quantum-computer-executes-a-fully-fault-tolerant-algorithm-with-three-logically-encoded-qubits (1/1), chunk 31/37
[07:14:32 +4m 53s | thequantuminsider_2023_10_02_quantinuums_h1_quantum_computer_executes_a_fully_fault_toler_b853e233] Repaired malformed JSON.
[07:14:32 +4m 53s | thequantuminsider_2023_10_02_quantinuums_h1_quantum_computer_executes_a_fully_fault_toler_b853e233] Extracting actors: https://thequantuminsider.com/2023/10/02/quantinuums-h1-quantum-computer-executes-a-fully-fault-tolerant-algorithm-with-three-logically-encoded-qubits (1/1), chunk 32/37
[07:14:51 +5m 15s | thequantuminsider_2023_10_02_quantinuums_h1_quantum_computer_executes_a_fully_fault_toler_b853e233] Repaired malformed JSON.
[07:14:51 +5m 15s | thequantuminsider_2023_10_02_quantinuums_h1_quantum_computer_executes_a_fully_fault_toler_b853e233] Extracting actors: https://thequantuminsider.com/2023/10/02/quantinuums-h1-quantum-computer-executes-a-fully-fault-tolerant-algorithm-with-three-logically-encoded-qubits (1/1), chunk 33/37
[07:14:58 +5m 21s | thequantuminsider_2023_10_02_quantinuums_h1_quantum_computer_executes_a_fully_fault_toler_b853e233] Repaired malformed JSON.
[07:14:58 +5m 21s | thequantuminsider_2023_10_02_quantinuums_h1_quantum_computer_executes_a_fully_fault_toler_b853e233] Extracting actors: https://thequantuminsider.com/2023/10/02/quantinuums-h1-quantum-computer-executes-a-fully-fault-tolerant-algorithm-with-three-logically-encoded-qubits (1/1), chunk 34/37
[07:15:15 +5m 38s | thequantuminsider_2023_10_02_quantinuums_h1_quantum_computer_executes_a_fully_fault_toler_b853e233] Repaired malformed JSON.
[07:15:15 +5m 38s | thequantuminsider_2023_10_02_quantinuums_h1_quantum_computer_executes_a_fully_fault_toler_b853e233] Extracting actors: https://thequantuminsider.com/2023/10/02/quantinuums-h1-quantum-computer-executes-a-fully-fault-tolerant-algorithm-with-three-logically-encoded-qubits (1/1), chunk 35/37
[07:15:20 +5m 46s | thequantuminsider_2023_10_02_quantinuums_h1_quantum_computer_executes_a_fully_fault_toler_b853e233] Repaired malformed JSON.
[07:15:20 +5m 46s | thequantuminsider_2023_10_02_quantinuums_h1_quantum_computer_executes_a_fully_fault_toler_b853e233] Extracting actors: https://thequantuminsider.com/2023/10/02/quantinuums-h1-quantum-computer-executes-a-fully-fault-tolerant-algorithm-with-three-logically-encoded-qubits (1/1), chunk 36/37
[07:15:29 +5m 55s | thequantuminsider_2023_10_02_quantinuums_h1_quantum_computer_executes_a_fully_fault_toler_b853e233] Repaired malformed JSON.
[07:15:29 +5m 55s | thequantuminsider_2023_10_02_quantinuums_h1_quantum_computer_executes_a_fully_fault_toler_b853e233] Extracting actors: https://thequantuminsider.com/2023/10/02/quantinuums-h1-quantum-computer-executes-a-fully-fault-tolerant-algorithm-with-three-logically-encoded-qubits (1/1), chunk 37/37
[07:15:39 +6m 5s | thequantuminsider_2023_10_02_quantinuums_h1_quantum_computer_executes_a_fully_fault_toler_b853e233] Repaired malformed JSON.
[07:15:39 +6m 5s | thequantuminsider_2023_10_02_quantinuums_h1_quantum_computer_executes_a_fully_fault_toler_b853e233] Saved 1_actor_results.json with 56 extracted records

[07:15:39 +6m 5s | thequantuminsider_2023_10_02_quantinuums_h1_quantum_computer_executes_a_fully_fault_toler_b853e233] === 2 clean actors ===
[07:15:39 +6m 5s | thequantuminsider_2023_10_02_quantinuums_h1_quantum_computer_executes_a_fully_fault_toler_b853e233] Loaded 56 extracted records
[07:15:39 +6m 5s | thequantuminsider_2023_10_02_quantinuums_h1_quantum_computer_executes_a_fully_fault_toler_b853e233] Saved 2_actor_nodes.json with 17 canonical actor nodes

[07:15:39 +6m 5s | thequantuminsider_2023_10_02_quantinuums_h1_quantum_computer_executes_a_fully_fault_toler_b853e233] === 3 interaction extraction ===
[07:15:39 +6m 5s | thequantuminsider_2023_10_02_quantinuums_h1_quantum_computer_executes_a_fully_fault_toler_b853e233] Extracting interactions: https://thequantuminsider.com/2023/10/02/quantinuums-h1-quantum-computer-executes-a-fully-fault-tolerant-algorithm-with-three-logically-encoded-qubits (1/1), chunk 11/37
[07:15:51 +6m 16s | thequantuminsider_2023_10_02_quantinuums_h1_quantum_computer_executes_a_fully_fault_toler_b853e233] Extracting interactions: https://thequantuminsider.com/2023/10/02/quantinuums-h1-quantum-computer-executes-a-fully-fault-tolerant-algorithm-with-three-logically-encoded-qubits (1/1), chunk 12/37
[07:16:14 +6m 41s | thequantuminsider_2023_10_02_quantinuums_h1_quantum_computer_executes_a_fully_fault_toler_b853e233] Extracting interactions: https://thequantuminsider.com/2023/10/02/quantinuums-h1-quantum-computer-executes-a-fully-fault-tolerant-algorithm-with-three-logically-encoded-qubits (1/1), chunk 13/37
[07:16:28 +6m 58s | thequantuminsider_2023_10_02_quantinuums_h1_quantum_computer_executes_a_fully_fault_toler_b853e233] Extracting interactions: https://thequantuminsider.com/2023/10/02/quantinuums-h1-quantum-computer-executes-a-fully-fault-tolerant-algorithm-with-three-logically-encoded-qubits (1/1), chunk 14/37
[07:16:38 +7m 8s | thequantuminsider_2023_10_02_quantinuums_h1_quantum_computer_executes_a_fully_fault_toler_b853e233] Extracting interactions: https://thequantuminsider.com/2023/10/02/quantinuums-h1-quantum-computer-executes-a-fully-fault-tolerant-algorithm-with-three-logically-encoded-qubits (1/1), chunk 15/37
[07:16:47 +7m 17s | thequantuminsider_2023_10_02_quantinuums_h1_quantum_computer_executes_a_fully_fault_toler_b853e233] Extracting interactions: https://thequantuminsider.com/2023/10/02/quantinuums-h1-quantum-computer-executes-a-fully-fault-tolerant-algorithm-with-three-logically-encoded-qubits (1/1), chunk 16/37
[07:16:54 +7m 27s | thequantuminsider_2023_10_02_quantinuums_h1_quantum_computer_executes_a_fully_fault_toler_b853e233] Extracting interactions: https://thequantuminsider.com/2023/10/02/quantinuums-h1-quantum-computer-executes-a-fully-fault-tolerant-algorithm-with-three-logically-encoded-qubits (1/1), chunk 17/37
[07:16:56 +7m 28s | thequantuminsider_2023_10_02_quantinuums_h1_quantum_computer_executes_a_fully_fault_toler_b853e233] Extracting interactions: https://thequantuminsider.com/2023/10/02/quantinuums-h1-quantum-computer-executes-a-fully-fault-tolerant-algorithm-with-three-logically-encoded-qubits (1/1), chunk 19/37
[07:17:01 +7m 33s | thequantuminsider_2023_10_02_quantinuums_h1_quantum_computer_executes_a_fully_fault_toler_b853e233] Extracting interactions: https://thequantuminsider.com/2023/10/02/quantinuums-h1-quantum-computer-executes-a-fully-fault-tolerant-algorithm-with-three-logically-encoded-qubits (1/1), chunk 20/37
[07:17:09 +7m 42s | thequantuminsider_2023_10_02_quantinuums_h1_quantum_computer_executes_a_fully_fault_toler_b853e233] Extracting interactions: https://thequantuminsider.com/2023/10/02/quantinuums-h1-quantum-computer-executes-a-fully-fault-tolerant-algorithm-with-three-logically-encoded-qubits (1/1), chunk 21/37
[07:17:18 +7m 50s | thequantuminsider_2023_10_02_quantinuums_h1_quantum_computer_executes_a_fully_fault_toler_b853e233] Extracting interactions: https://thequantuminsider.com/2023/10/02/quantinuums-h1-quantum-computer-executes-a-fully-fault-tolerant-algorithm-with-three-logically-encoded-qubits (1/1), chunk 22/37
[07:17:20 +7m 54s | thequantuminsider_2023_10_02_quantinuums_h1_quantum_computer_executes_a_fully_fault_toler_b853e233] Extracting interactions: https://thequantuminsider.com/2023/10/02/quantinuums-h1-quantum-computer-executes-a-fully-fault-tolerant-algorithm-with-three-logically-encoded-qubits (1/1), chunk 26/37
[07:17:23 +7m 58s | thequantuminsider_2023_10_02_quantinuums_h1_quantum_computer_executes_a_fully_fault_toler_b853e233] Extracting interactions: https://thequantuminsider.com/2023/10/02/quantinuums-h1-quantum-computer-executes-a-fully-fault-tolerant-algorithm-with-three-logically-encoded-qubits (1/1), chunk 27/37
[07:17:25 +7m 59s | thequantuminsider_2023_10_02_quantinuums_h1_quantum_computer_executes_a_fully_fault_toler_b853e233] Extracting interactions: https://thequantuminsider.com/2023/10/02/quantinuums-h1-quantum-computer-executes-a-fully-fault-tolerant-algorithm-with-three-logically-encoded-qubits (1/1), chunk 28/37
[07:17:27 +8m 2s | thequantuminsider_2023_10_02_quantinuums_h1_quantum_computer_executes_a_fully_fault_toler_b853e233] Extracting interactions: https://thequantuminsider.com/2023/10/02/quantinuums-h1-quantum-computer-executes-a-fully-fault-tolerant-algorithm-with-three-logically-encoded-qubits (1/1), chunk 29/37
[07:17:29 +8m 3s | thequantuminsider_2023_10_02_quantinuums_h1_quantum_computer_executes_a_fully_fault_toler_b853e233] Extracting interactions: https://thequantuminsider.com/2023/10/02/quantinuums-h1-quantum-computer-executes-a-fully-fault-tolerant-algorithm-with-three-logically-encoded-qubits (1/1), chunk 30/37
[07:17:30 +8m 5s | thequantuminsider_2023_10_02_quantinuums_h1_quantum_computer_executes_a_fully_fault_toler_b853e233] Extracting interactions: https://thequantuminsider.com/2023/10/02/quantinuums-h1-quantum-computer-executes-a-fully-fault-tolerant-algorithm-with-three-logically-encoded-qubits (1/1), chunk 31/37
[07:17:33 +8m 8s | thequantuminsider_2023_10_02_quantinuums_h1_quantum_computer_executes_a_fully_fault_toler_b853e233] Extracting interactions: https://thequantuminsider.com/2023/10/02/quantinuums-h1-quantum-computer-executes-a-fully-fault-tolerant-algorithm-with-three-logically-encoded-qubits (1/1), chunk 32/37
[07:17:35 +8m 10s | thequantuminsider_2023_10_02_quantinuums_h1_quantum_computer_executes_a_fully_fault_toler_b853e233] Extracting interactions: https://thequantuminsider.com/2023/10/02/quantinuums-h1-quantum-computer-executes-a-fully-fault-tolerant-algorithm-with-three-logically-encoded-qubits (1/1), chunk 33/37
[07:17:37 +8m 12s | thequantuminsider_2023_10_02_quantinuums_h1_quantum_computer_executes_a_fully_fault_toler_b853e233] Extracting interactions: https://thequantuminsider.com/2023/10/02/quantinuums-h1-quantum-computer-executes-a-fully-fault-tolerant-algorithm-with-three-logically-encoded-qubits (1/1), chunk 34/37
[07:17:38 +8m 13s | thequantuminsider_2023_10_02_quantinuums_h1_quantum_computer_executes_a_fully_fault_toler_b853e233] Extracting interactions: https://thequantuminsider.com/2023/10/02/quantinuums-h1-quantum-computer-executes-a-fully-fault-tolerant-algorithm-with-three-logically-encoded-qubits (1/1), chunk 35/37
[07:17:41 +8m 16s | thequantuminsider_2023_10_02_quantinuums_h1_quantum_computer_executes_a_fully_fault_toler_b853e233] Extracting interactions: https://thequantuminsider.com/2023/10/02/quantinuums-h1-quantum-computer-executes-a-fully-fault-tolerant-algorithm-with-three-logically-encoded-qubits (1/1), chunk 36/37
[07:17:43 +8m 18s | thequantuminsider_2023_10_02_quantinuums_h1_quantum_computer_executes_a_fully_fault_toler_b853e233] Extracting interactions: https://thequantuminsider.com/2023/10/02/quantinuums-h1-quantum-computer-executes-a-fully-fault-tolerant-algorithm-with-three-logically-encoded-qubits (1/1), chunk 37/37
[07:17:44 +8m 19s | thequantuminsider_2023_10_02_quantinuums_h1_quantum_computer_executes_a_fully_fault_toler_b853e233] Saved 3_interaction_results.json with 16 extracted interactions.

[07:17:44 +8m 19s | thequantuminsider_2023_10_02_quantinuums_h1_quantum_computer_executes_a_fully_fault_toler_b853e233] === 4 clean interactions ===
[07:17:44 +8m 19s | thequantuminsider_2023_10_02_quantinuums_h1_quantum_computer_executes_a_fully_fault_toler_b853e233] Saved 4_edges.json with 4 cleaned interactions.

[07:17:44 +8m 19s | thequantuminsider_2023_10_02_quantinuums_h1_quantum_computer_executes_a_fully_fault_toler_b853e233] === 5 helix enrichment ===
[07:17:44 +8m 19s | thequantuminsider_2023_10_02_quantinuums_h1_quantum_computer_executes_a_fully_fault_toler_b853e233] Wrote 5_nodes.json (17 actors)
[07:17:44 +8m 19s | thequantuminsider_2023_10_02_quantinuums_h1_quantum_computer_executes_a_fully_fault_toler_b853e233] Wrote 5_edges.json (4 interactions)
[07:17:44 +8m 19s | thequantuminsider_2023_10_02_quantinuums_h1_quantum_computer_executes_a_fully_fault_toler_b853e233] Actor helix counts: {'Academia': 3, 'Civil Society': 3, 'Industry': 3, 'Unknown': 8}
[07:17:44 +8m 19s | thequantuminsider_2023_10_02_quantinuums_h1_quantum_computer_executes_a_fully_fault_toler_b853e233] Functional-space counts: {'Innovation': 4}

[07:17:44 +8m 19s | thequantuminsider_2023_10_02_quantinuums_h1_quantum_computer_executes_a_fully_fault_toler_b853e233] === 6 network visualisation ===
[07:17:45 +8m 20s | thequantuminsider_2023_10_02_quantinuums_h1_quantum_computer_executes_a_fully_fault_toler_b853e233] Wrote quantum_network.html
[07:17:45 +8m 20s | thequantuminsider_2023_10_02_quantinuums_h1_quantum_computer_executes_a_fully_fault_toler_b853e233] Nodes: 17
[07:17:45 +8m 20s | thequantuminsider_2023_10_02_quantinuums_h1_quantum_computer_executes_a_fully_fault_toler_b853e233] Edges: 2

[07:17:45 +8m 20s | thequantuminsider_2023_10_02_quantinuums_h1_quantum_computer_executes_a_fully_fault_toler_b853e233] Done. Outputs written to: /home/lv/IDP/idpdeeptech/pipeline/news_outputs/thequantuminsider_2023_10_02_quantinuums_h1_quantum_computer_executes_a_fully_fault_toler_b853e233
[07:17:45 +8m 20s | thequantuminsider_2023_10_02_quantinuums_h1_quantum_computer_executes_a_fully_fault_toler_b853e233] Log: /home/lv/IDP/idpdeeptech/pipeline/news_outputs/thequantuminsider_2023_10_02_quantinuums_h1_quantum_computer_executes_a_fully_fault_toler_b853e233/run.log

========================================================================
RUN FINISHED 2026-07-05 07:17:45  (OK)
Started:     2026-07-05 07:10:00
Elapsed:     8m 20s
========================================================================
