
========================================================================
RUN STARTED  2026-07-04 22:46:10
site_pipeline.py https://thequantuminsider.com/2023/12/30/darpa-excited-about-microsoft-psiquantum-approaches-to-utility-scale-quantum-computing/
========================================================================

[22:46:10 +0s | thequantuminsider_2023_12_30_darpa_excited_about_microsoft_psiquantum_approaches_to_utili_96d89edd] === 0 crawl site ===
[22:46:15 +4s | thequantuminsider_2023_12_30_darpa_excited_about_microsoft_psiquantum_approaches_to_utili_96d89edd] [INIT].... → Crawl4AI 0.8.6 
[22:46:18 +8s | thequantuminsider_2023_12_30_darpa_excited_about_microsoft_psiquantum_approaches_to_utili_96d89edd] [FETCH]... ↓ https://thequantuminsider.com/2023/12/30/darpa-e...m-approaches-to-utility-scale-quantum-computing/  | ✓ | ⏱: 3.62s 
[22:46:19 +9s | thequantuminsider_2023_12_30_darpa_excited_about_microsoft_psiquantum_approaches_to_utili_96d89edd] [SCRAPE].. ◆ https://thequantuminsider.com/2023/12/30/darpa-e...m-approaches-to-utility-scale-quantum-computing/  | ✓ | ⏱: 0.40s 
[22:46:19 +9s | thequantuminsider_2023_12_30_darpa_excited_about_microsoft_psiquantum_approaches_to_utili_96d89edd] [COMPLETE] ● https://thequantuminsider.com/2023/12/30/darpa-e...m-approaches-to-utility-scale-quantum-computing/  | ✓ | ⏱: 4.09s 
[22:46:19 +9s | thequantuminsider_2023_12_30_darpa_excited_about_microsoft_psiquantum_approaches_to_utili_96d89edd] Saved: crawl_output/0cc071ee57_thequantuminsider.com_2023_12_30_darpa-excited-about-microsoft-psiquantum-approaches-to-utility-scale-quantum-computing.json

[22:46:21 +11s | thequantuminsider_2023_12_30_darpa_excited_about_microsoft_psiquantum_approaches_to_utili_96d89edd] === 1 actor extraction ===
[22:46:21 +11s | thequantuminsider_2023_12_30_darpa_excited_about_microsoft_psiquantum_approaches_to_utili_96d89edd] Reading page (1/1): https://thequantuminsider.com/2023/12/30/darpa-excited-about-microsoft-psiquantum-approaches-to-utility-scale-quantum-computing
[22:46:21 +11s | thequantuminsider_2023_12_30_darpa_excited_about_microsoft_psiquantum_approaches_to_utili_96d89edd] Extracting actors: https://thequantuminsider.com/2023/12/30/darpa-excited-about-microsoft-psiquantum-approaches-to-utility-scale-quantum-computing (1/1), chunk 1/36
[22:46:29 +19s | thequantuminsider_2023_12_30_darpa_excited_about_microsoft_psiquantum_approaches_to_utili_96d89edd] Repaired malformed JSON.
[22:46:29 +19s | thequantuminsider_2023_12_30_darpa_excited_about_microsoft_psiquantum_approaches_to_utili_96d89edd] Extracting actors: https://thequantuminsider.com/2023/12/30/darpa-excited-about-microsoft-psiquantum-approaches-to-utility-scale-quantum-computing (1/1), chunk 2/36
[22:46:37 +27s | thequantuminsider_2023_12_30_darpa_excited_about_microsoft_psiquantum_approaches_to_utili_96d89edd] Repaired malformed JSON.
[22:46:37 +27s | thequantuminsider_2023_12_30_darpa_excited_about_microsoft_psiquantum_approaches_to_utili_96d89edd] Extracting actors: https://thequantuminsider.com/2023/12/30/darpa-excited-about-microsoft-psiquantum-approaches-to-utility-scale-quantum-computing (1/1), chunk 3/36
[22:46:47 +37s | thequantuminsider_2023_12_30_darpa_excited_about_microsoft_psiquantum_approaches_to_utili_96d89edd] Repaired malformed JSON.
[22:46:47 +37s | thequantuminsider_2023_12_30_darpa_excited_about_microsoft_psiquantum_approaches_to_utili_96d89edd] Extracting actors: https://thequantuminsider.com/2023/12/30/darpa-excited-about-microsoft-psiquantum-approaches-to-utility-scale-quantum-computing (1/1), chunk 4/36
[22:47:08 +58s | thequantuminsider_2023_12_30_darpa_excited_about_microsoft_psiquantum_approaches_to_utili_96d89edd] Repaired malformed JSON.
[22:47:08 +58s | thequantuminsider_2023_12_30_darpa_excited_about_microsoft_psiquantum_approaches_to_utili_96d89edd] Extracting actors: https://thequantuminsider.com/2023/12/30/darpa-excited-about-microsoft-psiquantum-approaches-to-utility-scale-quantum-computing (1/1), chunk 5/36
[22:47:16 +1m 6s | thequantuminsider_2023_12_30_darpa_excited_about_microsoft_psiquantum_approaches_to_utili_96d89edd] Repaired malformed JSON.
[22:47:16 +1m 6s | thequantuminsider_2023_12_30_darpa_excited_about_microsoft_psiquantum_approaches_to_utili_96d89edd] Extracting actors: https://thequantuminsider.com/2023/12/30/darpa-excited-about-microsoft-psiquantum-approaches-to-utility-scale-quantum-computing (1/1), chunk 6/36
[22:47:25 +1m 15s | thequantuminsider_2023_12_30_darpa_excited_about_microsoft_psiquantum_approaches_to_utili_96d89edd] Repaired malformed JSON.
[22:47:25 +1m 15s | thequantuminsider_2023_12_30_darpa_excited_about_microsoft_psiquantum_approaches_to_utili_96d89edd] Extracting actors: https://thequantuminsider.com/2023/12/30/darpa-excited-about-microsoft-psiquantum-approaches-to-utility-scale-quantum-computing (1/1), chunk 7/36
[22:47:35 +1m 25s | thequantuminsider_2023_12_30_darpa_excited_about_microsoft_psiquantum_approaches_to_utili_96d89edd] Repaired malformed JSON.
[22:47:35 +1m 25s | thequantuminsider_2023_12_30_darpa_excited_about_microsoft_psiquantum_approaches_to_utili_96d89edd] Extracting actors: https://thequantuminsider.com/2023/12/30/darpa-excited-about-microsoft-psiquantum-approaches-to-utility-scale-quantum-computing (1/1), chunk 8/36
[22:47:44 +1m 34s | thequantuminsider_2023_12_30_darpa_excited_about_microsoft_psiquantum_approaches_to_utili_96d89edd] Repaired malformed JSON.
[22:47:44 +1m 34s | thequantuminsider_2023_12_30_darpa_excited_about_microsoft_psiquantum_approaches_to_utili_96d89edd] Extracting actors: https://thequantuminsider.com/2023/12/30/darpa-excited-about-microsoft-psiquantum-approaches-to-utility-scale-quantum-computing (1/1), chunk 9/36
[22:47:52 +1m 42s | thequantuminsider_2023_12_30_darpa_excited_about_microsoft_psiquantum_approaches_to_utili_96d89edd] Repaired malformed JSON.
[22:47:52 +1m 42s | thequantuminsider_2023_12_30_darpa_excited_about_microsoft_psiquantum_approaches_to_utili_96d89edd] Extracting actors: https://thequantuminsider.com/2023/12/30/darpa-excited-about-microsoft-psiquantum-approaches-to-utility-scale-quantum-computing (1/1), chunk 10/36
[22:48:01 +1m 51s | thequantuminsider_2023_12_30_darpa_excited_about_microsoft_psiquantum_approaches_to_utili_96d89edd] Repaired malformed JSON.
[22:48:01 +1m 51s | thequantuminsider_2023_12_30_darpa_excited_about_microsoft_psiquantum_approaches_to_utili_96d89edd] Extracting actors: https://thequantuminsider.com/2023/12/30/darpa-excited-about-microsoft-psiquantum-approaches-to-utility-scale-quantum-computing (1/1), chunk 11/36
[22:48:10 +2m 0s | thequantuminsider_2023_12_30_darpa_excited_about_microsoft_psiquantum_approaches_to_utili_96d89edd] Repaired malformed JSON.
[22:48:10 +2m 0s | thequantuminsider_2023_12_30_darpa_excited_about_microsoft_psiquantum_approaches_to_utili_96d89edd] Extracting actors: https://thequantuminsider.com/2023/12/30/darpa-excited-about-microsoft-psiquantum-approaches-to-utility-scale-quantum-computing (1/1), chunk 12/36
[22:48:18 +2m 8s | thequantuminsider_2023_12_30_darpa_excited_about_microsoft_psiquantum_approaches_to_utili_96d89edd] Repaired malformed JSON.
[22:48:18 +2m 8s | thequantuminsider_2023_12_30_darpa_excited_about_microsoft_psiquantum_approaches_to_utili_96d89edd] Extracting actors: https://thequantuminsider.com/2023/12/30/darpa-excited-about-microsoft-psiquantum-approaches-to-utility-scale-quantum-computing (1/1), chunk 13/36
[22:48:27 +2m 17s | thequantuminsider_2023_12_30_darpa_excited_about_microsoft_psiquantum_approaches_to_utili_96d89edd] Repaired malformed JSON.
[22:48:27 +2m 17s | thequantuminsider_2023_12_30_darpa_excited_about_microsoft_psiquantum_approaches_to_utili_96d89edd] Extracting actors: https://thequantuminsider.com/2023/12/30/darpa-excited-about-microsoft-psiquantum-approaches-to-utility-scale-quantum-computing (1/1), chunk 14/36
[22:48:33 +2m 23s | thequantuminsider_2023_12_30_darpa_excited_about_microsoft_psiquantum_approaches_to_utili_96d89edd] Repaired malformed JSON.
[22:48:33 +2m 23s | thequantuminsider_2023_12_30_darpa_excited_about_microsoft_psiquantum_approaches_to_utili_96d89edd] Extracting actors: https://thequantuminsider.com/2023/12/30/darpa-excited-about-microsoft-psiquantum-approaches-to-utility-scale-quantum-computing (1/1), chunk 15/36
[22:48:42 +2m 32s | thequantuminsider_2023_12_30_darpa_excited_about_microsoft_psiquantum_approaches_to_utili_96d89edd] Repaired malformed JSON.
[22:48:42 +2m 32s | thequantuminsider_2023_12_30_darpa_excited_about_microsoft_psiquantum_approaches_to_utili_96d89edd] Extracting actors: https://thequantuminsider.com/2023/12/30/darpa-excited-about-microsoft-psiquantum-approaches-to-utility-scale-quantum-computing (1/1), chunk 16/36
[22:48:47 +2m 37s | thequantuminsider_2023_12_30_darpa_excited_about_microsoft_psiquantum_approaches_to_utili_96d89edd] Repaired malformed JSON.
[22:48:47 +2m 37s | thequantuminsider_2023_12_30_darpa_excited_about_microsoft_psiquantum_approaches_to_utili_96d89edd] Extracting actors: https://thequantuminsider.com/2023/12/30/darpa-excited-about-microsoft-psiquantum-approaches-to-utility-scale-quantum-computing (1/1), chunk 17/36
[22:48:56 +2m 46s | thequantuminsider_2023_12_30_darpa_excited_about_microsoft_psiquantum_approaches_to_utili_96d89edd] Repaired malformed JSON.
[22:48:56 +2m 46s | thequantuminsider_2023_12_30_darpa_excited_about_microsoft_psiquantum_approaches_to_utili_96d89edd] Extracting actors: https://thequantuminsider.com/2023/12/30/darpa-excited-about-microsoft-psiquantum-approaches-to-utility-scale-quantum-computing (1/1), chunk 18/36
[22:49:09 +2m 59s | thequantuminsider_2023_12_30_darpa_excited_about_microsoft_psiquantum_approaches_to_utili_96d89edd] Repaired malformed JSON.
[22:49:09 +2m 59s | thequantuminsider_2023_12_30_darpa_excited_about_microsoft_psiquantum_approaches_to_utili_96d89edd] Extracting actors: https://thequantuminsider.com/2023/12/30/darpa-excited-about-microsoft-psiquantum-approaches-to-utility-scale-quantum-computing (1/1), chunk 19/36
[22:49:18 +3m 7s | thequantuminsider_2023_12_30_darpa_excited_about_microsoft_psiquantum_approaches_to_utili_96d89edd] Repaired malformed JSON.
[22:49:18 +3m 7s | thequantuminsider_2023_12_30_darpa_excited_about_microsoft_psiquantum_approaches_to_utili_96d89edd] Extracting actors: https://thequantuminsider.com/2023/12/30/darpa-excited-about-microsoft-psiquantum-approaches-to-utility-scale-quantum-computing (1/1), chunk 20/36
[22:49:29 +3m 19s | thequantuminsider_2023_12_30_darpa_excited_about_microsoft_psiquantum_approaches_to_utili_96d89edd] Repaired malformed JSON.
[22:49:29 +3m 19s | thequantuminsider_2023_12_30_darpa_excited_about_microsoft_psiquantum_approaches_to_utili_96d89edd] Extracting actors: https://thequantuminsider.com/2023/12/30/darpa-excited-about-microsoft-psiquantum-approaches-to-utility-scale-quantum-computing (1/1), chunk 21/36
[22:49:37 +3m 26s | thequantuminsider_2023_12_30_darpa_excited_about_microsoft_psiquantum_approaches_to_utili_96d89edd] Repaired malformed JSON.
[22:49:37 +3m 26s | thequantuminsider_2023_12_30_darpa_excited_about_microsoft_psiquantum_approaches_to_utili_96d89edd] Extracting actors: https://thequantuminsider.com/2023/12/30/darpa-excited-about-microsoft-psiquantum-approaches-to-utility-scale-quantum-computing (1/1), chunk 22/36
[22:49:44 +3m 34s | thequantuminsider_2023_12_30_darpa_excited_about_microsoft_psiquantum_approaches_to_utili_96d89edd] Repaired malformed JSON.
[22:49:44 +3m 34s | thequantuminsider_2023_12_30_darpa_excited_about_microsoft_psiquantum_approaches_to_utili_96d89edd] Extracting actors: https://thequantuminsider.com/2023/12/30/darpa-excited-about-microsoft-psiquantum-approaches-to-utility-scale-quantum-computing (1/1), chunk 23/36
[22:49:53 +3m 43s | thequantuminsider_2023_12_30_darpa_excited_about_microsoft_psiquantum_approaches_to_utili_96d89edd] Repaired malformed JSON.
[22:49:53 +3m 43s | thequantuminsider_2023_12_30_darpa_excited_about_microsoft_psiquantum_approaches_to_utili_96d89edd] Extracting actors: https://thequantuminsider.com/2023/12/30/darpa-excited-about-microsoft-psiquantum-approaches-to-utility-scale-quantum-computing (1/1), chunk 24/36
[22:50:01 +3m 50s | thequantuminsider_2023_12_30_darpa_excited_about_microsoft_psiquantum_approaches_to_utili_96d89edd] Repaired malformed JSON.
[22:50:01 +3m 50s | thequantuminsider_2023_12_30_darpa_excited_about_microsoft_psiquantum_approaches_to_utili_96d89edd] Extracting actors: https://thequantuminsider.com/2023/12/30/darpa-excited-about-microsoft-psiquantum-approaches-to-utility-scale-quantum-computing (1/1), chunk 25/36
[22:50:11 +4m 0s | thequantuminsider_2023_12_30_darpa_excited_about_microsoft_psiquantum_approaches_to_utili_96d89edd] Repaired malformed JSON.
[22:50:11 +4m 0s | thequantuminsider_2023_12_30_darpa_excited_about_microsoft_psiquantum_approaches_to_utili_96d89edd] Extracting actors: https://thequantuminsider.com/2023/12/30/darpa-excited-about-microsoft-psiquantum-approaches-to-utility-scale-quantum-computing (1/1), chunk 26/36
[22:50:17 +4m 7s | thequantuminsider_2023_12_30_darpa_excited_about_microsoft_psiquantum_approaches_to_utili_96d89edd] Extracting actors: https://thequantuminsider.com/2023/12/30/darpa-excited-about-microsoft-psiquantum-approaches-to-utility-scale-quantum-computing (1/1), chunk 27/36
[22:50:27 +4m 16s | thequantuminsider_2023_12_30_darpa_excited_about_microsoft_psiquantum_approaches_to_utili_96d89edd] Repaired malformed JSON.
[22:50:27 +4m 16s | thequantuminsider_2023_12_30_darpa_excited_about_microsoft_psiquantum_approaches_to_utili_96d89edd] Extracting actors: https://thequantuminsider.com/2023/12/30/darpa-excited-about-microsoft-psiquantum-approaches-to-utility-scale-quantum-computing (1/1), chunk 28/36
[22:50:35 +4m 25s | thequantuminsider_2023_12_30_darpa_excited_about_microsoft_psiquantum_approaches_to_utili_96d89edd] Repaired malformed JSON.
[22:50:35 +4m 25s | thequantuminsider_2023_12_30_darpa_excited_about_microsoft_psiquantum_approaches_to_utili_96d89edd] Extracting actors: https://thequantuminsider.com/2023/12/30/darpa-excited-about-microsoft-psiquantum-approaches-to-utility-scale-quantum-computing (1/1), chunk 29/36
[22:50:42 +4m 32s | thequantuminsider_2023_12_30_darpa_excited_about_microsoft_psiquantum_approaches_to_utili_96d89edd] Repaired malformed JSON.
[22:50:42 +4m 32s | thequantuminsider_2023_12_30_darpa_excited_about_microsoft_psiquantum_approaches_to_utili_96d89edd] Extracting actors: https://thequantuminsider.com/2023/12/30/darpa-excited-about-microsoft-psiquantum-approaches-to-utility-scale-quantum-computing (1/1), chunk 30/36
[22:50:52 +4m 42s | thequantuminsider_2023_12_30_darpa_excited_about_microsoft_psiquantum_approaches_to_utili_96d89edd] Repaired malformed JSON.
[22:50:52 +4m 42s | thequantuminsider_2023_12_30_darpa_excited_about_microsoft_psiquantum_approaches_to_utili_96d89edd] Extracting actors: https://thequantuminsider.com/2023/12/30/darpa-excited-about-microsoft-psiquantum-approaches-to-utility-scale-quantum-computing (1/1), chunk 31/36
[22:51:00 +4m 49s | thequantuminsider_2023_12_30_darpa_excited_about_microsoft_psiquantum_approaches_to_utili_96d89edd] Repaired malformed JSON.
[22:51:00 +4m 49s | thequantuminsider_2023_12_30_darpa_excited_about_microsoft_psiquantum_approaches_to_utili_96d89edd] Extracting actors: https://thequantuminsider.com/2023/12/30/darpa-excited-about-microsoft-psiquantum-approaches-to-utility-scale-quantum-computing (1/1), chunk 32/36
[22:51:06 +4m 56s | thequantuminsider_2023_12_30_darpa_excited_about_microsoft_psiquantum_approaches_to_utili_96d89edd] Repaired malformed JSON.
[22:51:06 +4m 56s | thequantuminsider_2023_12_30_darpa_excited_about_microsoft_psiquantum_approaches_to_utili_96d89edd] Extracting actors: https://thequantuminsider.com/2023/12/30/darpa-excited-about-microsoft-psiquantum-approaches-to-utility-scale-quantum-computing (1/1), chunk 33/36
[22:51:20 +5m 9s | thequantuminsider_2023_12_30_darpa_excited_about_microsoft_psiquantum_approaches_to_utili_96d89edd] Repaired malformed JSON.
[22:51:20 +5m 9s | thequantuminsider_2023_12_30_darpa_excited_about_microsoft_psiquantum_approaches_to_utili_96d89edd] Extracting actors: https://thequantuminsider.com/2023/12/30/darpa-excited-about-microsoft-psiquantum-approaches-to-utility-scale-quantum-computing (1/1), chunk 34/36
[22:51:30 +5m 19s | thequantuminsider_2023_12_30_darpa_excited_about_microsoft_psiquantum_approaches_to_utili_96d89edd] Repaired malformed JSON.
[22:51:30 +5m 19s | thequantuminsider_2023_12_30_darpa_excited_about_microsoft_psiquantum_approaches_to_utili_96d89edd] Extracting actors: https://thequantuminsider.com/2023/12/30/darpa-excited-about-microsoft-psiquantum-approaches-to-utility-scale-quantum-computing (1/1), chunk 35/36
[22:51:38 +5m 27s | thequantuminsider_2023_12_30_darpa_excited_about_microsoft_psiquantum_approaches_to_utili_96d89edd] Repaired malformed JSON.
[22:51:38 +5m 27s | thequantuminsider_2023_12_30_darpa_excited_about_microsoft_psiquantum_approaches_to_utili_96d89edd] Extracting actors: https://thequantuminsider.com/2023/12/30/darpa-excited-about-microsoft-psiquantum-approaches-to-utility-scale-quantum-computing (1/1), chunk 36/36
[22:52:04 +5m 54s | thequantuminsider_2023_12_30_darpa_excited_about_microsoft_psiquantum_approaches_to_utili_96d89edd] Repaired malformed JSON.
[22:52:04 +5m 54s | thequantuminsider_2023_12_30_darpa_excited_about_microsoft_psiquantum_approaches_to_utili_96d89edd] Saved 1_actor_results.json with 70 extracted records

[22:52:06 +5m 56s | thequantuminsider_2023_12_30_darpa_excited_about_microsoft_psiquantum_approaches_to_utili_96d89edd] === 2 clean actors ===
[22:52:06 +5m 56s | thequantuminsider_2023_12_30_darpa_excited_about_microsoft_psiquantum_approaches_to_utili_96d89edd] Traceback (most recent call last):
[22:52:06 +5m 56s | thequantuminsider_2023_12_30_darpa_excited_about_microsoft_psiquantum_approaches_to_utili_96d89edd]   File "/home/lv/IDP/idpdeeptech/pipeline/clean_actors.py", line 429, in <module>
[22:52:06 +5m 56s | thequantuminsider_2023_12_30_darpa_excited_about_microsoft_psiquantum_approaches_to_utili_96d89edd]     main()
[22:52:06 +5m 56s | thequantuminsider_2023_12_30_darpa_excited_about_microsoft_psiquantum_approaches_to_utili_96d89edd]   File "/home/lv/IDP/idpdeeptech/pipeline/clean_actors.py", line 416, in main
[22:52:06 +5m 56s | thequantuminsider_2023_12_30_darpa_excited_about_microsoft_psiquantum_approaches_to_utili_96d89edd]     records = json.loads(INPUT_JSON.read_text(encoding="utf-8"))
[22:52:06 +5m 56s | thequantuminsider_2023_12_30_darpa_excited_about_microsoft_psiquantum_approaches_to_utili_96d89edd]   File "/usr/lib/python3.10/pathlib.py", line 1134, in read_text
[22:52:06 +5m 56s | thequantuminsider_2023_12_30_darpa_excited_about_microsoft_psiquantum_approaches_to_utili_96d89edd]     with self.open(mode='r', encoding=encoding, errors=errors) as f:
[22:52:06 +5m 56s | thequantuminsider_2023_12_30_darpa_excited_about_microsoft_psiquantum_approaches_to_utili_96d89edd]   File "/usr/lib/python3.10/pathlib.py", line 1119, in open
[22:52:06 +5m 56s | thequantuminsider_2023_12_30_darpa_excited_about_microsoft_psiquantum_approaches_to_utili_96d89edd]     return self._accessor.open(self, mode, buffering, encoding, errors,
[22:52:06 +5m 56s | thequantuminsider_2023_12_30_darpa_excited_about_microsoft_psiquantum_approaches_to_utili_96d89edd] FileNotFoundError: [Errno 2] No such file or directory: 'site_outputs/psiquantum_com/1_actor_results_pdf.json'

========================================================================
RUN FINISHED 2026-07-04 22:52:06  (FAILED)
Started:     2026-07-04 22:46:10
Elapsed:     5m 56s
========================================================================

========================================================================
RUN STARTED  2026-07-04 23:53:50
site_pipeline.py https://thequantuminsider.com/2023/12/30/darpa-excited-about-microsoft-psiquantum-approaches-to-utility-scale-quantum-computing/
========================================================================

[23:53:50 +0s | thequantuminsider_2023_12_30_darpa_excited_about_microsoft_psiquantum_approaches_to_utili_96d89edd] === 0 crawl site (skipped via auto (actor data already exists; pass --force to re-crawl), reusing /home/lv/IDP/idpdeeptech/pipeline/news_outputs/thequantuminsider_2023_12_30_darpa_excited_about_microsoft_psiquantum_approaches_to_utili_96d89edd/crawl_output) ===

[23:53:50 +0s | thequantuminsider_2023_12_30_darpa_excited_about_microsoft_psiquantum_approaches_to_utili_96d89edd] === 1 actor extraction ===
[23:53:50 +0s | thequantuminsider_2023_12_30_darpa_excited_about_microsoft_psiquantum_approaches_to_utili_96d89edd] Auto-resume: 1 (url, ordinal) pairs already done, skipping them.
[23:53:50 +0s | thequantuminsider_2023_12_30_darpa_excited_about_microsoft_psiquantum_approaches_to_utili_96d89edd] All 1 pages/URLs already processed (per 1_actor_results.progress.json). Nothing to do.
[23:53:50 +0s | thequantuminsider_2023_12_30_darpa_excited_about_microsoft_psiquantum_approaches_to_utili_96d89edd] Delete the progress sidecar to force a full re-run, or pass --start-page N.

[23:53:50 +0s | thequantuminsider_2023_12_30_darpa_excited_about_microsoft_psiquantum_approaches_to_utili_96d89edd] === 2 clean actors ===
[23:53:50 +0s | thequantuminsider_2023_12_30_darpa_excited_about_microsoft_psiquantum_approaches_to_utili_96d89edd] Loaded 70 extracted records
[23:53:50 +0s | thequantuminsider_2023_12_30_darpa_excited_about_microsoft_psiquantum_approaches_to_utili_96d89edd] Saved 2_actor_nodes.json with 14 canonical actor nodes

[23:53:50 +0s | thequantuminsider_2023_12_30_darpa_excited_about_microsoft_psiquantum_approaches_to_utili_96d89edd] === 3 interaction extraction ===
[23:53:50 +1s | thequantuminsider_2023_12_30_darpa_excited_about_microsoft_psiquantum_approaches_to_utili_96d89edd] Extracting interactions: https://thequantuminsider.com/2023/12/30/darpa-excited-about-microsoft-psiquantum-approaches-to-utility-scale-quantum-computing (1/1), chunk 11/36
[23:54:00 +11s | thequantuminsider_2023_12_30_darpa_excited_about_microsoft_psiquantum_approaches_to_utili_96d89edd] Extracting interactions: https://thequantuminsider.com/2023/12/30/darpa-excited-about-microsoft-psiquantum-approaches-to-utility-scale-quantum-computing (1/1), chunk 12/36
[23:54:33 +44s | thequantuminsider_2023_12_30_darpa_excited_about_microsoft_psiquantum_approaches_to_utili_96d89edd] Extracting interactions: https://thequantuminsider.com/2023/12/30/darpa-excited-about-microsoft-psiquantum-approaches-to-utility-scale-quantum-computing (1/1), chunk 13/36
[23:55:08 +1m 19s | thequantuminsider_2023_12_30_darpa_excited_about_microsoft_psiquantum_approaches_to_utili_96d89edd] Extracting interactions: https://thequantuminsider.com/2023/12/30/darpa-excited-about-microsoft-psiquantum-approaches-to-utility-scale-quantum-computing (1/1), chunk 14/36
[23:55:30 +1m 43s | thequantuminsider_2023_12_30_darpa_excited_about_microsoft_psiquantum_approaches_to_utili_96d89edd] Extracting interactions: https://thequantuminsider.com/2023/12/30/darpa-excited-about-microsoft-psiquantum-approaches-to-utility-scale-quantum-computing (1/1), chunk 15/36
[23:55:45 +1m 57s | thequantuminsider_2023_12_30_darpa_excited_about_microsoft_psiquantum_approaches_to_utili_96d89edd] Extracting interactions: https://thequantuminsider.com/2023/12/30/darpa-excited-about-microsoft-psiquantum-approaches-to-utility-scale-quantum-computing (1/1), chunk 16/36
[23:55:46 +1m 58s | thequantuminsider_2023_12_30_darpa_excited_about_microsoft_psiquantum_approaches_to_utili_96d89edd] Extracting interactions: https://thequantuminsider.com/2023/12/30/darpa-excited-about-microsoft-psiquantum-approaches-to-utility-scale-quantum-computing (1/1), chunk 19/36
[23:55:49 +2m 1s | thequantuminsider_2023_12_30_darpa_excited_about_microsoft_psiquantum_approaches_to_utili_96d89edd] Extracting interactions: https://thequantuminsider.com/2023/12/30/darpa-excited-about-microsoft-psiquantum-approaches-to-utility-scale-quantum-computing (1/1), chunk 20/36
[23:55:55 +2m 7s | thequantuminsider_2023_12_30_darpa_excited_about_microsoft_psiquantum_approaches_to_utili_96d89edd] Extracting interactions: https://thequantuminsider.com/2023/12/30/darpa-excited-about-microsoft-psiquantum-approaches-to-utility-scale-quantum-computing (1/1), chunk 25/36
[23:56:00 +2m 12s | thequantuminsider_2023_12_30_darpa_excited_about_microsoft_psiquantum_approaches_to_utili_96d89edd] Extracting interactions: https://thequantuminsider.com/2023/12/30/darpa-excited-about-microsoft-psiquantum-approaches-to-utility-scale-quantum-computing (1/1), chunk 26/36
[23:56:01 +2m 14s | thequantuminsider_2023_12_30_darpa_excited_about_microsoft_psiquantum_approaches_to_utili_96d89edd] Extracting interactions: https://thequantuminsider.com/2023/12/30/darpa-excited-about-microsoft-psiquantum-approaches-to-utility-scale-quantum-computing (1/1), chunk 27/36
[23:56:03 +2m 16s | thequantuminsider_2023_12_30_darpa_excited_about_microsoft_psiquantum_approaches_to_utili_96d89edd] Extracting interactions: https://thequantuminsider.com/2023/12/30/darpa-excited-about-microsoft-psiquantum-approaches-to-utility-scale-quantum-computing (1/1), chunk 29/36
[23:56:04 +2m 17s | thequantuminsider_2023_12_30_darpa_excited_about_microsoft_psiquantum_approaches_to_utili_96d89edd] Extracting interactions: https://thequantuminsider.com/2023/12/30/darpa-excited-about-microsoft-psiquantum-approaches-to-utility-scale-quantum-computing (1/1), chunk 30/36
[23:56:06 +2m 19s | thequantuminsider_2023_12_30_darpa_excited_about_microsoft_psiquantum_approaches_to_utili_96d89edd] Extracting interactions: https://thequantuminsider.com/2023/12/30/darpa-excited-about-microsoft-psiquantum-approaches-to-utility-scale-quantum-computing (1/1), chunk 31/36
[23:56:08 +2m 21s | thequantuminsider_2023_12_30_darpa_excited_about_microsoft_psiquantum_approaches_to_utili_96d89edd] Extracting interactions: https://thequantuminsider.com/2023/12/30/darpa-excited-about-microsoft-psiquantum-approaches-to-utility-scale-quantum-computing (1/1), chunk 32/36
[23:56:10 +2m 23s | thequantuminsider_2023_12_30_darpa_excited_about_microsoft_psiquantum_approaches_to_utili_96d89edd] Extracting interactions: https://thequantuminsider.com/2023/12/30/darpa-excited-about-microsoft-psiquantum-approaches-to-utility-scale-quantum-computing (1/1), chunk 34/36
[23:56:12 +2m 24s | thequantuminsider_2023_12_30_darpa_excited_about_microsoft_psiquantum_approaches_to_utili_96d89edd] Extracting interactions: https://thequantuminsider.com/2023/12/30/darpa-excited-about-microsoft-psiquantum-approaches-to-utility-scale-quantum-computing (1/1), chunk 35/36
[23:56:15 +2m 27s | thequantuminsider_2023_12_30_darpa_excited_about_microsoft_psiquantum_approaches_to_utili_96d89edd] Saved 3_interaction_results.json with 22 extracted interactions.

[23:56:15 +2m 28s | thequantuminsider_2023_12_30_darpa_excited_about_microsoft_psiquantum_approaches_to_utili_96d89edd] === 4 clean interactions ===
[23:56:15 +2m 28s | thequantuminsider_2023_12_30_darpa_excited_about_microsoft_psiquantum_approaches_to_utili_96d89edd] Saved 4_edges.json with 0 cleaned interactions.

[23:56:15 +2m 28s | thequantuminsider_2023_12_30_darpa_excited_about_microsoft_psiquantum_approaches_to_utili_96d89edd] === 5 helix enrichment ===
[23:56:15 +2m 28s | thequantuminsider_2023_12_30_darpa_excited_about_microsoft_psiquantum_approaches_to_utili_96d89edd] Wrote 5_nodes.json (14 actors)
[23:56:15 +2m 28s | thequantuminsider_2023_12_30_darpa_excited_about_microsoft_psiquantum_approaches_to_utili_96d89edd] Wrote 5_edges.json (0 interactions)
[23:56:15 +2m 28s | thequantuminsider_2023_12_30_darpa_excited_about_microsoft_psiquantum_approaches_to_utili_96d89edd] Actor helix counts: {'Academia': 1, 'Civil Society': 3, 'Government': 1, 'Industry': 4, 'Unknown': 5}
[23:56:15 +2m 28s | thequantuminsider_2023_12_30_darpa_excited_about_microsoft_psiquantum_approaches_to_utili_96d89edd] Functional-space counts: {}

[23:56:15 +2m 28s | thequantuminsider_2023_12_30_darpa_excited_about_microsoft_psiquantum_approaches_to_utili_96d89edd] === 6 network visualisation ===
[23:56:15 +2m 28s | thequantuminsider_2023_12_30_darpa_excited_about_microsoft_psiquantum_approaches_to_utili_96d89edd] Wrote quantum_network.html
[23:56:15 +2m 28s | thequantuminsider_2023_12_30_darpa_excited_about_microsoft_psiquantum_approaches_to_utili_96d89edd] Nodes: 14
[23:56:15 +2m 28s | thequantuminsider_2023_12_30_darpa_excited_about_microsoft_psiquantum_approaches_to_utili_96d89edd] Edges: 0

[23:56:16 +2m 28s | thequantuminsider_2023_12_30_darpa_excited_about_microsoft_psiquantum_approaches_to_utili_96d89edd] Done. Outputs written to: /home/lv/IDP/idpdeeptech/pipeline/news_outputs/thequantuminsider_2023_12_30_darpa_excited_about_microsoft_psiquantum_approaches_to_utili_96d89edd
[23:56:16 +2m 28s | thequantuminsider_2023_12_30_darpa_excited_about_microsoft_psiquantum_approaches_to_utili_96d89edd] Log: /home/lv/IDP/idpdeeptech/pipeline/news_outputs/thequantuminsider_2023_12_30_darpa_excited_about_microsoft_psiquantum_approaches_to_utili_96d89edd/run.log

========================================================================
RUN FINISHED 2026-07-04 23:56:16  (OK)
Started:     2026-07-04 23:53:50
Elapsed:     2m 28s
========================================================================
