
========================================================================
RUN STARTED  2026-07-05 04:04:13
site_pipeline.py https://thequantuminsider.com/2023/11/09/international-collaboration-works-to-connect-two-error-corrected-qubits/
========================================================================

[04:04:13 +0s | thequantuminsider_2023_11_09_international_collaboration_works_to_connect_two_error_corre_481fbe16] === 0 crawl site ===
[04:04:14 +1s | thequantuminsider_2023_11_09_international_collaboration_works_to_connect_two_error_corre_481fbe16] [INIT].... → Crawl4AI 0.8.6 
[04:04:16 +3s | thequantuminsider_2023_11_09_international_collaboration_works_to_connect_two_error_corre_481fbe16] [FETCH]... ↓ https://thequantuminsider.com/2023/11/09/interna...ion-works-to-connect-two-error-corrected-qubits/  | ✓ | ⏱: 2.01s 
[04:04:16 +4s | thequantuminsider_2023_11_09_international_collaboration_works_to_connect_two_error_corre_481fbe16] [SCRAPE].. ◆ https://thequantuminsider.com/2023/11/09/interna...ion-works-to-connect-two-error-corrected-qubits/  | ✓ | ⏱: 0.12s 
[04:04:16 +4s | thequantuminsider_2023_11_09_international_collaboration_works_to_connect_two_error_corre_481fbe16] [COMPLETE] ● https://thequantuminsider.com/2023/11/09/interna...ion-works-to-connect-two-error-corrected-qubits/  | ✓ | ⏱: 2.14s 
[04:04:16 +4s | thequantuminsider_2023_11_09_international_collaboration_works_to_connect_two_error_corre_481fbe16] Saved: crawl_output/d649cff6f4_thequantuminsider.com_2023_11_09_international-collaboration-works-to-connect-two-error-corrected-qubits.json

[04:04:17 +4s | thequantuminsider_2023_11_09_international_collaboration_works_to_connect_two_error_corre_481fbe16] === 1 actor extraction ===
[04:04:17 +4s | thequantuminsider_2023_11_09_international_collaboration_works_to_connect_two_error_corre_481fbe16] Reading page (1/1): https://thequantuminsider.com/2023/11/09/international-collaboration-works-to-connect-two-error-corrected-qubits
[04:04:17 +4s | thequantuminsider_2023_11_09_international_collaboration_works_to_connect_two_error_corre_481fbe16] Extracting actors: https://thequantuminsider.com/2023/11/09/international-collaboration-works-to-connect-two-error-corrected-qubits (1/1), chunk 1/37
[04:04:20 +9s | thequantuminsider_2023_11_09_international_collaboration_works_to_connect_two_error_corre_481fbe16] Extracting actors: https://thequantuminsider.com/2023/11/09/international-collaboration-works-to-connect-two-error-corrected-qubits (1/1), chunk 2/37
[04:04:26 +14s | thequantuminsider_2023_11_09_international_collaboration_works_to_connect_two_error_corre_481fbe16] Extracting actors: https://thequantuminsider.com/2023/11/09/international-collaboration-works-to-connect-two-error-corrected-qubits (1/1), chunk 3/37
[04:04:33 +22s | thequantuminsider_2023_11_09_international_collaboration_works_to_connect_two_error_corre_481fbe16] Extracting actors: https://thequantuminsider.com/2023/11/09/international-collaboration-works-to-connect-two-error-corrected-qubits (1/1), chunk 4/37
[04:04:38 +27s | thequantuminsider_2023_11_09_international_collaboration_works_to_connect_two_error_corre_481fbe16] Extracting actors: https://thequantuminsider.com/2023/11/09/international-collaboration-works-to-connect-two-error-corrected-qubits (1/1), chunk 5/37
[04:04:44 +33s | thequantuminsider_2023_11_09_international_collaboration_works_to_connect_two_error_corre_481fbe16] Extracting actors: https://thequantuminsider.com/2023/11/09/international-collaboration-works-to-connect-two-error-corrected-qubits (1/1), chunk 6/37
[04:04:48 +37s | thequantuminsider_2023_11_09_international_collaboration_works_to_connect_two_error_corre_481fbe16] Extracting actors: https://thequantuminsider.com/2023/11/09/international-collaboration-works-to-connect-two-error-corrected-qubits (1/1), chunk 7/37
[04:04:51 +42s | thequantuminsider_2023_11_09_international_collaboration_works_to_connect_two_error_corre_481fbe16] Extracting actors: https://thequantuminsider.com/2023/11/09/international-collaboration-works-to-connect-two-error-corrected-qubits (1/1), chunk 8/37
[04:04:56 +47s | thequantuminsider_2023_11_09_international_collaboration_works_to_connect_two_error_corre_481fbe16] Extracting actors: https://thequantuminsider.com/2023/11/09/international-collaboration-works-to-connect-two-error-corrected-qubits (1/1), chunk 9/37
[04:05:01 +52s | thequantuminsider_2023_11_09_international_collaboration_works_to_connect_two_error_corre_481fbe16] Extracting actors: https://thequantuminsider.com/2023/11/09/international-collaboration-works-to-connect-two-error-corrected-qubits (1/1), chunk 10/37
[04:05:09 +1m 0s | thequantuminsider_2023_11_09_international_collaboration_works_to_connect_two_error_corre_481fbe16] Extracting actors: https://thequantuminsider.com/2023/11/09/international-collaboration-works-to-connect-two-error-corrected-qubits (1/1), chunk 11/37
[04:05:16 +1m 7s | thequantuminsider_2023_11_09_international_collaboration_works_to_connect_two_error_corre_481fbe16] Repaired malformed JSON.
[04:05:16 +1m 7s | thequantuminsider_2023_11_09_international_collaboration_works_to_connect_two_error_corre_481fbe16] Extracting actors: https://thequantuminsider.com/2023/11/09/international-collaboration-works-to-connect-two-error-corrected-qubits (1/1), chunk 12/37
[04:05:22 +1m 14s | thequantuminsider_2023_11_09_international_collaboration_works_to_connect_two_error_corre_481fbe16] Repaired malformed JSON.
[04:05:22 +1m 14s | thequantuminsider_2023_11_09_international_collaboration_works_to_connect_two_error_corre_481fbe16] Extracting actors: https://thequantuminsider.com/2023/11/09/international-collaboration-works-to-connect-two-error-corrected-qubits (1/1), chunk 13/37
[04:05:28 +1m 21s | thequantuminsider_2023_11_09_international_collaboration_works_to_connect_two_error_corre_481fbe16] Repaired malformed JSON.
[04:05:28 +1m 21s | thequantuminsider_2023_11_09_international_collaboration_works_to_connect_two_error_corre_481fbe16] Extracting actors: https://thequantuminsider.com/2023/11/09/international-collaboration-works-to-connect-two-error-corrected-qubits (1/1), chunk 14/37
[04:05:36 +1m 28s | thequantuminsider_2023_11_09_international_collaboration_works_to_connect_two_error_corre_481fbe16] Repaired malformed JSON.
[04:05:36 +1m 28s | thequantuminsider_2023_11_09_international_collaboration_works_to_connect_two_error_corre_481fbe16] Extracting actors: https://thequantuminsider.com/2023/11/09/international-collaboration-works-to-connect-two-error-corrected-qubits (1/1), chunk 15/37
[04:05:42 +1m 35s | thequantuminsider_2023_11_09_international_collaboration_works_to_connect_two_error_corre_481fbe16] Repaired malformed JSON.
[04:05:42 +1m 35s | thequantuminsider_2023_11_09_international_collaboration_works_to_connect_two_error_corre_481fbe16] Extracting actors: https://thequantuminsider.com/2023/11/09/international-collaboration-works-to-connect-two-error-corrected-qubits (1/1), chunk 16/37
[04:05:48 +1m 40s | thequantuminsider_2023_11_09_international_collaboration_works_to_connect_two_error_corre_481fbe16] Repaired malformed JSON.
[04:05:48 +1m 40s | thequantuminsider_2023_11_09_international_collaboration_works_to_connect_two_error_corre_481fbe16] Extracting actors: https://thequantuminsider.com/2023/11/09/international-collaboration-works-to-connect-two-error-corrected-qubits (1/1), chunk 17/37
[04:05:54 +1m 48s | thequantuminsider_2023_11_09_international_collaboration_works_to_connect_two_error_corre_481fbe16] Repaired malformed JSON.
[04:05:54 +1m 48s | thequantuminsider_2023_11_09_international_collaboration_works_to_connect_two_error_corre_481fbe16] Extracting actors: https://thequantuminsider.com/2023/11/09/international-collaboration-works-to-connect-two-error-corrected-qubits (1/1), chunk 18/37
[04:06:01 +1m 55s | thequantuminsider_2023_11_09_international_collaboration_works_to_connect_two_error_corre_481fbe16] Repaired malformed JSON.
[04:06:01 +1m 55s | thequantuminsider_2023_11_09_international_collaboration_works_to_connect_two_error_corre_481fbe16] Extracting actors: https://thequantuminsider.com/2023/11/09/international-collaboration-works-to-connect-two-error-corrected-qubits (1/1), chunk 19/37
[04:06:29 +2m 24s | thequantuminsider_2023_11_09_international_collaboration_works_to_connect_two_error_corre_481fbe16] Repaired malformed JSON.
[04:06:29 +2m 24s | thequantuminsider_2023_11_09_international_collaboration_works_to_connect_two_error_corre_481fbe16] Extracting actors: https://thequantuminsider.com/2023/11/09/international-collaboration-works-to-connect-two-error-corrected-qubits (1/1), chunk 20/37
[04:06:35 +2m 31s | thequantuminsider_2023_11_09_international_collaboration_works_to_connect_two_error_corre_481fbe16] Repaired malformed JSON.
[04:06:35 +2m 31s | thequantuminsider_2023_11_09_international_collaboration_works_to_connect_two_error_corre_481fbe16] Extracting actors: https://thequantuminsider.com/2023/11/09/international-collaboration-works-to-connect-two-error-corrected-qubits (1/1), chunk 21/37
[04:06:44 +2m 40s | thequantuminsider_2023_11_09_international_collaboration_works_to_connect_two_error_corre_481fbe16] Repaired malformed JSON.
[04:06:44 +2m 40s | thequantuminsider_2023_11_09_international_collaboration_works_to_connect_two_error_corre_481fbe16] Extracting actors: https://thequantuminsider.com/2023/11/09/international-collaboration-works-to-connect-two-error-corrected-qubits (1/1), chunk 22/37
[04:06:52 +2m 48s | thequantuminsider_2023_11_09_international_collaboration_works_to_connect_two_error_corre_481fbe16] Extracting actors: https://thequantuminsider.com/2023/11/09/international-collaboration-works-to-connect-two-error-corrected-qubits (1/1), chunk 23/37
[04:07:16 +3m 14s | thequantuminsider_2023_11_09_international_collaboration_works_to_connect_two_error_corre_481fbe16] Repaired malformed JSON.
[04:07:16 +3m 14s | thequantuminsider_2023_11_09_international_collaboration_works_to_connect_two_error_corre_481fbe16] Extracting actors: https://thequantuminsider.com/2023/11/09/international-collaboration-works-to-connect-two-error-corrected-qubits (1/1), chunk 24/37
[04:07:23 +3m 22s | thequantuminsider_2023_11_09_international_collaboration_works_to_connect_two_error_corre_481fbe16] Repaired malformed JSON.
[04:07:23 +3m 22s | thequantuminsider_2023_11_09_international_collaboration_works_to_connect_two_error_corre_481fbe16] Extracting actors: https://thequantuminsider.com/2023/11/09/international-collaboration-works-to-connect-two-error-corrected-qubits (1/1), chunk 25/37
[04:07:29 +3m 28s | thequantuminsider_2023_11_09_international_collaboration_works_to_connect_two_error_corre_481fbe16] Extracting actors: https://thequantuminsider.com/2023/11/09/international-collaboration-works-to-connect-two-error-corrected-qubits (1/1), chunk 26/37
[04:07:38 +3m 37s | thequantuminsider_2023_11_09_international_collaboration_works_to_connect_two_error_corre_481fbe16] Repaired malformed JSON.
[04:07:38 +3m 37s | thequantuminsider_2023_11_09_international_collaboration_works_to_connect_two_error_corre_481fbe16] Extracting actors: https://thequantuminsider.com/2023/11/09/international-collaboration-works-to-connect-two-error-corrected-qubits (1/1), chunk 27/37
[04:07:45 +3m 44s | thequantuminsider_2023_11_09_international_collaboration_works_to_connect_two_error_corre_481fbe16] Extracting actors: https://thequantuminsider.com/2023/11/09/international-collaboration-works-to-connect-two-error-corrected-qubits (1/1), chunk 28/37
[04:07:47 +3m 46s | thequantuminsider_2023_11_09_international_collaboration_works_to_connect_two_error_corre_481fbe16] Extracting actors: https://thequantuminsider.com/2023/11/09/international-collaboration-works-to-connect-two-error-corrected-qubits (1/1), chunk 29/37
[04:07:55 +3m 54s | thequantuminsider_2023_11_09_international_collaboration_works_to_connect_two_error_corre_481fbe16] Repaired malformed JSON.
[04:07:55 +3m 54s | thequantuminsider_2023_11_09_international_collaboration_works_to_connect_two_error_corre_481fbe16] Extracting actors: https://thequantuminsider.com/2023/11/09/international-collaboration-works-to-connect-two-error-corrected-qubits (1/1), chunk 30/37
[04:08:00 +4m 1s | thequantuminsider_2023_11_09_international_collaboration_works_to_connect_two_error_corre_481fbe16] Repaired malformed JSON.
[04:08:00 +4m 1s | thequantuminsider_2023_11_09_international_collaboration_works_to_connect_two_error_corre_481fbe16] Extracting actors: https://thequantuminsider.com/2023/11/09/international-collaboration-works-to-connect-two-error-corrected-qubits (1/1), chunk 31/37
[04:08:08 +4m 9s | thequantuminsider_2023_11_09_international_collaboration_works_to_connect_two_error_corre_481fbe16] Repaired malformed JSON.
[04:08:08 +4m 9s | thequantuminsider_2023_11_09_international_collaboration_works_to_connect_two_error_corre_481fbe16] Extracting actors: https://thequantuminsider.com/2023/11/09/international-collaboration-works-to-connect-two-error-corrected-qubits (1/1), chunk 32/37
[04:08:32 +4m 35s | thequantuminsider_2023_11_09_international_collaboration_works_to_connect_two_error_corre_481fbe16] Repaired malformed JSON.
[04:08:32 +4m 35s | thequantuminsider_2023_11_09_international_collaboration_works_to_connect_two_error_corre_481fbe16] Extracting actors: https://thequantuminsider.com/2023/11/09/international-collaboration-works-to-connect-two-error-corrected-qubits (1/1), chunk 33/37
[04:08:40 +4m 42s | thequantuminsider_2023_11_09_international_collaboration_works_to_connect_two_error_corre_481fbe16] Repaired malformed JSON.
[04:08:40 +4m 42s | thequantuminsider_2023_11_09_international_collaboration_works_to_connect_two_error_corre_481fbe16] Extracting actors: https://thequantuminsider.com/2023/11/09/international-collaboration-works-to-connect-two-error-corrected-qubits (1/1), chunk 34/37
[04:08:49 +4m 51s | thequantuminsider_2023_11_09_international_collaboration_works_to_connect_two_error_corre_481fbe16] Repaired malformed JSON.
[04:08:49 +4m 51s | thequantuminsider_2023_11_09_international_collaboration_works_to_connect_two_error_corre_481fbe16] Extracting actors: https://thequantuminsider.com/2023/11/09/international-collaboration-works-to-connect-two-error-corrected-qubits (1/1), chunk 35/37
[04:09:09 +5m 13s | thequantuminsider_2023_11_09_international_collaboration_works_to_connect_two_error_corre_481fbe16] Repaired malformed JSON.
[04:09:09 +5m 13s | thequantuminsider_2023_11_09_international_collaboration_works_to_connect_two_error_corre_481fbe16] Extracting actors: https://thequantuminsider.com/2023/11/09/international-collaboration-works-to-connect-two-error-corrected-qubits (1/1), chunk 36/37
[04:09:15 +5m 19s | thequantuminsider_2023_11_09_international_collaboration_works_to_connect_two_error_corre_481fbe16] Repaired malformed JSON.
[04:09:15 +5m 19s | thequantuminsider_2023_11_09_international_collaboration_works_to_connect_two_error_corre_481fbe16] Extracting actors: https://thequantuminsider.com/2023/11/09/international-collaboration-works-to-connect-two-error-corrected-qubits (1/1), chunk 37/37
[04:09:39 +5m 45s | thequantuminsider_2023_11_09_international_collaboration_works_to_connect_two_error_corre_481fbe16] Repaired malformed JSON.
[04:09:39 +5m 45s | thequantuminsider_2023_11_09_international_collaboration_works_to_connect_two_error_corre_481fbe16] Saved 1_actor_results.json with 52 extracted records

[04:09:39 +5m 45s | thequantuminsider_2023_11_09_international_collaboration_works_to_connect_two_error_corre_481fbe16] === 2 clean actors ===
[04:09:39 +5m 45s | thequantuminsider_2023_11_09_international_collaboration_works_to_connect_two_error_corre_481fbe16] Loaded 52 extracted records
[04:09:39 +5m 45s | thequantuminsider_2023_11_09_international_collaboration_works_to_connect_two_error_corre_481fbe16] Saved 2_actor_nodes.json with 19 canonical actor nodes

[04:09:39 +5m 45s | thequantuminsider_2023_11_09_international_collaboration_works_to_connect_two_error_corre_481fbe16] === 3 interaction extraction ===
[04:09:40 +5m 45s | thequantuminsider_2023_11_09_international_collaboration_works_to_connect_two_error_corre_481fbe16] Extracting interactions: https://thequantuminsider.com/2023/11/09/international-collaboration-works-to-connect-two-error-corrected-qubits (1/1), chunk 11/37
[04:09:49 +5m 54s | thequantuminsider_2023_11_09_international_collaboration_works_to_connect_two_error_corre_481fbe16] Extracting interactions: https://thequantuminsider.com/2023/11/09/international-collaboration-works-to-connect-two-error-corrected-qubits (1/1), chunk 12/37
[04:10:01 +6m 9s | thequantuminsider_2023_11_09_international_collaboration_works_to_connect_two_error_corre_481fbe16] Extracting interactions: https://thequantuminsider.com/2023/11/09/international-collaboration-works-to-connect-two-error-corrected-qubits (1/1), chunk 13/37
[04:10:13 +6m 21s | thequantuminsider_2023_11_09_international_collaboration_works_to_connect_two_error_corre_481fbe16] Extracting interactions: https://thequantuminsider.com/2023/11/09/international-collaboration-works-to-connect-two-error-corrected-qubits (1/1), chunk 14/37
[04:10:19 +6m 26s | thequantuminsider_2023_11_09_international_collaboration_works_to_connect_two_error_corre_481fbe16] Extracting interactions: https://thequantuminsider.com/2023/11/09/international-collaboration-works-to-connect-two-error-corrected-qubits (1/1), chunk 15/37
[04:10:25 +6m 32s | thequantuminsider_2023_11_09_international_collaboration_works_to_connect_two_error_corre_481fbe16] Extracting interactions: https://thequantuminsider.com/2023/11/09/international-collaboration-works-to-connect-two-error-corrected-qubits (1/1), chunk 16/37
[04:10:26 +6m 34s | thequantuminsider_2023_11_09_international_collaboration_works_to_connect_two_error_corre_481fbe16] Extracting interactions: https://thequantuminsider.com/2023/11/09/international-collaboration-works-to-connect-two-error-corrected-qubits (1/1), chunk 17/37
[04:10:26 +6m 35s | thequantuminsider_2023_11_09_international_collaboration_works_to_connect_two_error_corre_481fbe16] Extracting interactions: https://thequantuminsider.com/2023/11/09/international-collaboration-works-to-connect-two-error-corrected-qubits (1/1), chunk 18/37
[04:10:46 +6m 55s | thequantuminsider_2023_11_09_international_collaboration_works_to_connect_two_error_corre_481fbe16] Extracting interactions: https://thequantuminsider.com/2023/11/09/international-collaboration-works-to-connect-two-error-corrected-qubits (1/1), chunk 19/37
[04:11:05 +7m 16s | thequantuminsider_2023_11_09_international_collaboration_works_to_connect_two_error_corre_481fbe16] Extracting interactions: https://thequantuminsider.com/2023/11/09/international-collaboration-works-to-connect-two-error-corrected-qubits (1/1), chunk 20/37
[04:11:07 +7m 18s | thequantuminsider_2023_11_09_international_collaboration_works_to_connect_two_error_corre_481fbe16] Extracting interactions: https://thequantuminsider.com/2023/11/09/international-collaboration-works-to-connect-two-error-corrected-qubits (1/1), chunk 21/37
[04:11:17 +7m 28s | thequantuminsider_2023_11_09_international_collaboration_works_to_connect_two_error_corre_481fbe16] Extracting interactions: https://thequantuminsider.com/2023/11/09/international-collaboration-works-to-connect-two-error-corrected-qubits (1/1), chunk 22/37
[04:11:22 +7m 33s | thequantuminsider_2023_11_09_international_collaboration_works_to_connect_two_error_corre_481fbe16] Extracting interactions: https://thequantuminsider.com/2023/11/09/international-collaboration-works-to-connect-two-error-corrected-qubits (1/1), chunk 26/37
[04:11:25 +7m 37s | thequantuminsider_2023_11_09_international_collaboration_works_to_connect_two_error_corre_481fbe16] Extracting interactions: https://thequantuminsider.com/2023/11/09/international-collaboration-works-to-connect-two-error-corrected-qubits (1/1), chunk 27/37
[04:11:59 +8m 11s | thequantuminsider_2023_11_09_international_collaboration_works_to_connect_two_error_corre_481fbe16] Extracting interactions: https://thequantuminsider.com/2023/11/09/international-collaboration-works-to-connect-two-error-corrected-qubits (1/1), chunk 28/37
[04:11:58 +8m 13s | thequantuminsider_2023_11_09_international_collaboration_works_to_connect_two_error_corre_481fbe16] Extracting interactions: https://thequantuminsider.com/2023/11/09/international-collaboration-works-to-connect-two-error-corrected-qubits (1/1), chunk 29/37
[04:12:00 +8m 14s | thequantuminsider_2023_11_09_international_collaboration_works_to_connect_two_error_corre_481fbe16] Extracting interactions: https://thequantuminsider.com/2023/11/09/international-collaboration-works-to-connect-two-error-corrected-qubits (1/1), chunk 30/37
[04:12:02 +8m 17s | thequantuminsider_2023_11_09_international_collaboration_works_to_connect_two_error_corre_481fbe16] Extracting interactions: https://thequantuminsider.com/2023/11/09/international-collaboration-works-to-connect-two-error-corrected-qubits (1/1), chunk 31/37
[04:12:17 +8m 32s | thequantuminsider_2023_11_09_international_collaboration_works_to_connect_two_error_corre_481fbe16] Extracting interactions: https://thequantuminsider.com/2023/11/09/international-collaboration-works-to-connect-two-error-corrected-qubits (1/1), chunk 32/37
[04:12:19 +8m 33s | thequantuminsider_2023_11_09_international_collaboration_works_to_connect_two_error_corre_481fbe16] Extracting interactions: https://thequantuminsider.com/2023/11/09/international-collaboration-works-to-connect-two-error-corrected-qubits (1/1), chunk 33/37
[04:12:20 +8m 35s | thequantuminsider_2023_11_09_international_collaboration_works_to_connect_two_error_corre_481fbe16] Extracting interactions: https://thequantuminsider.com/2023/11/09/international-collaboration-works-to-connect-two-error-corrected-qubits (1/1), chunk 35/37
[04:12:24 +8m 38s | thequantuminsider_2023_11_09_international_collaboration_works_to_connect_two_error_corre_481fbe16] Extracting interactions: https://thequantuminsider.com/2023/11/09/international-collaboration-works-to-connect-two-error-corrected-qubits (1/1), chunk 36/37
[04:12:25 +8m 40s | thequantuminsider_2023_11_09_international_collaboration_works_to_connect_two_error_corre_481fbe16] Extracting interactions: https://thequantuminsider.com/2023/11/09/international-collaboration-works-to-connect-two-error-corrected-qubits (1/1), chunk 37/37
[04:12:39 +8m 55s | thequantuminsider_2023_11_09_international_collaboration_works_to_connect_two_error_corre_481fbe16] Saved 3_interaction_results.json with 22 extracted interactions.

[04:12:39 +8m 55s | thequantuminsider_2023_11_09_international_collaboration_works_to_connect_two_error_corre_481fbe16] === 4 clean interactions ===
[04:12:39 +8m 55s | thequantuminsider_2023_11_09_international_collaboration_works_to_connect_two_error_corre_481fbe16] Saved 4_edges.json with 12 cleaned interactions.

[04:12:39 +8m 55s | thequantuminsider_2023_11_09_international_collaboration_works_to_connect_two_error_corre_481fbe16] === 5 helix enrichment ===
[04:12:39 +8m 55s | thequantuminsider_2023_11_09_international_collaboration_works_to_connect_two_error_corre_481fbe16] Wrote 5_nodes.json (19 actors)
[04:12:39 +8m 55s | thequantuminsider_2023_11_09_international_collaboration_works_to_connect_two_error_corre_481fbe16] Wrote 5_edges.json (12 interactions)
[04:12:39 +8m 55s | thequantuminsider_2023_11_09_international_collaboration_works_to_connect_two_error_corre_481fbe16] Actor helix counts: {'Academia': 3, 'Civil Society': 3, 'Industry': 3, 'Unknown': 10}
[04:12:39 +8m 55s | thequantuminsider_2023_11_09_international_collaboration_works_to_connect_two_error_corre_481fbe16] Functional-space counts: {'Innovation': 3, 'Intra-helix / Not classified': 3, 'Unknown': 6}

[04:12:39 +8m 55s | thequantuminsider_2023_11_09_international_collaboration_works_to_connect_two_error_corre_481fbe16] === 6 network visualisation ===
[04:12:39 +8m 55s | thequantuminsider_2023_11_09_international_collaboration_works_to_connect_two_error_corre_481fbe16] Wrote quantum_network.html
[04:12:39 +8m 55s | thequantuminsider_2023_11_09_international_collaboration_works_to_connect_two_error_corre_481fbe16] Nodes: 19
[04:12:39 +8m 55s | thequantuminsider_2023_11_09_international_collaboration_works_to_connect_two_error_corre_481fbe16] Edges: 5

[04:12:39 +8m 55s | thequantuminsider_2023_11_09_international_collaboration_works_to_connect_two_error_corre_481fbe16] Done. Outputs written to: /home/lv/IDP/idpdeeptech/pipeline/news_outputs/thequantuminsider_2023_11_09_international_collaboration_works_to_connect_two_error_corre_481fbe16
[04:12:39 +8m 55s | thequantuminsider_2023_11_09_international_collaboration_works_to_connect_two_error_corre_481fbe16] Log: /home/lv/IDP/idpdeeptech/pipeline/news_outputs/thequantuminsider_2023_11_09_international_collaboration_works_to_connect_two_error_corre_481fbe16/run.log

========================================================================
RUN FINISHED 2026-07-05 04:12:39  (OK)
Started:     2026-07-05 04:04:13
Elapsed:     8m 55s
========================================================================
