
========================================================================
RUN STARTED  2026-07-04 23:37:42
site_pipeline.py https://thequantuminsider.com/2023/12/12/infleqtion-selected-to-join-japans-quantum-moonshot-program/
========================================================================

[23:37:42 +0s | thequantuminsider_2023_12_12_infleqtion_selected_to_join_japans_quantum_moonshot_program] === 0 crawl site ===

========================================================================
RUN FINISHED 2026-07-04 23:37:43  (INTERRUPTED)
Started:     2026-07-04 23:37:42
Elapsed:     1s
========================================================================

========================================================================
RUN STARTED  2026-07-05 00:44:27
site_pipeline.py https://thequantuminsider.com/2023/12/12/infleqtion-selected-to-join-japans-quantum-moonshot-program/
========================================================================

[00:44:27 +0s | thequantuminsider_2023_12_12_infleqtion_selected_to_join_japans_quantum_moonshot_program] === 0 crawl site ===
[00:44:29 +2s | thequantuminsider_2023_12_12_infleqtion_selected_to_join_japans_quantum_moonshot_program] [INIT].... → Crawl4AI 0.8.6 
[00:44:31 +4s | thequantuminsider_2023_12_12_infleqtion_selected_to_join_japans_quantum_moonshot_program] [FETCH]... ↓ https://thequantuminsider.com/2023/12/12/infleqt...elected-to-join-japans-quantum-moonshot-program/  | ✓ | ⏱: 2.22s 
[00:44:31 +4s | thequantuminsider_2023_12_12_infleqtion_selected_to_join_japans_quantum_moonshot_program] [SCRAPE].. ◆ https://thequantuminsider.com/2023/12/12/infleqt...elected-to-join-japans-quantum-moonshot-program/  | ✓ | ⏱: 0.13s 
[00:44:31 +4s | thequantuminsider_2023_12_12_infleqtion_selected_to_join_japans_quantum_moonshot_program] [COMPLETE] ● https://thequantuminsider.com/2023/12/12/infleqt...elected-to-join-japans-quantum-moonshot-program/  | ✓ | ⏱: 2.38s 
[00:44:31 +4s | thequantuminsider_2023_12_12_infleqtion_selected_to_join_japans_quantum_moonshot_program] Saved: crawl_output/cc4da244df_thequantuminsider.com_2023_12_12_infleqtion-selected-to-join-japans-quantum-moonshot-program.json

[00:44:31 +5s | thequantuminsider_2023_12_12_infleqtion_selected_to_join_japans_quantum_moonshot_program] === 1 actor extraction ===
[00:44:32 +5s | thequantuminsider_2023_12_12_infleqtion_selected_to_join_japans_quantum_moonshot_program] Reading page (1/1): https://thequantuminsider.com/2023/12/12/infleqtion-selected-to-join-japans-quantum-moonshot-program
[00:44:32 +5s | thequantuminsider_2023_12_12_infleqtion_selected_to_join_japans_quantum_moonshot_program] Extracting actors: https://thequantuminsider.com/2023/12/12/infleqtion-selected-to-join-japans-quantum-moonshot-program (1/1), chunk 1/37
[00:44:40 +14s | thequantuminsider_2023_12_12_infleqtion_selected_to_join_japans_quantum_moonshot_program] Repaired malformed JSON.
[00:44:40 +14s | thequantuminsider_2023_12_12_infleqtion_selected_to_join_japans_quantum_moonshot_program] Extracting actors: https://thequantuminsider.com/2023/12/12/infleqtion-selected-to-join-japans-quantum-moonshot-program (1/1), chunk 2/37
[00:44:47 +21s | thequantuminsider_2023_12_12_infleqtion_selected_to_join_japans_quantum_moonshot_program] Repaired malformed JSON.
[00:44:47 +21s | thequantuminsider_2023_12_12_infleqtion_selected_to_join_japans_quantum_moonshot_program] Extracting actors: https://thequantuminsider.com/2023/12/12/infleqtion-selected-to-join-japans-quantum-moonshot-program (1/1), chunk 3/37
[00:44:56 +30s | thequantuminsider_2023_12_12_infleqtion_selected_to_join_japans_quantum_moonshot_program] Repaired malformed JSON.
[00:44:56 +30s | thequantuminsider_2023_12_12_infleqtion_selected_to_join_japans_quantum_moonshot_program] Extracting actors: https://thequantuminsider.com/2023/12/12/infleqtion-selected-to-join-japans-quantum-moonshot-program (1/1), chunk 4/37
[00:45:10 +44s | thequantuminsider_2023_12_12_infleqtion_selected_to_join_japans_quantum_moonshot_program] Extracting actors: https://thequantuminsider.com/2023/12/12/infleqtion-selected-to-join-japans-quantum-moonshot-program (1/1), chunk 5/37
[00:45:19 +54s | thequantuminsider_2023_12_12_infleqtion_selected_to_join_japans_quantum_moonshot_program] Repaired malformed JSON.
[00:45:19 +54s | thequantuminsider_2023_12_12_infleqtion_selected_to_join_japans_quantum_moonshot_program] Extracting actors: https://thequantuminsider.com/2023/12/12/infleqtion-selected-to-join-japans-quantum-moonshot-program (1/1), chunk 6/37
[00:45:39 +1m 14s | thequantuminsider_2023_12_12_infleqtion_selected_to_join_japans_quantum_moonshot_program] Repaired malformed JSON.
[00:45:39 +1m 14s | thequantuminsider_2023_12_12_infleqtion_selected_to_join_japans_quantum_moonshot_program] Extracting actors: https://thequantuminsider.com/2023/12/12/infleqtion-selected-to-join-japans-quantum-moonshot-program (1/1), chunk 7/37
[00:45:47 +1m 22s | thequantuminsider_2023_12_12_infleqtion_selected_to_join_japans_quantum_moonshot_program] Repaired malformed JSON.
[00:45:47 +1m 22s | thequantuminsider_2023_12_12_infleqtion_selected_to_join_japans_quantum_moonshot_program] Extracting actors: https://thequantuminsider.com/2023/12/12/infleqtion-selected-to-join-japans-quantum-moonshot-program (1/1), chunk 8/37
[00:45:54 +1m 29s | thequantuminsider_2023_12_12_infleqtion_selected_to_join_japans_quantum_moonshot_program] Repaired malformed JSON.
[00:45:54 +1m 29s | thequantuminsider_2023_12_12_infleqtion_selected_to_join_japans_quantum_moonshot_program] Extracting actors: https://thequantuminsider.com/2023/12/12/infleqtion-selected-to-join-japans-quantum-moonshot-program (1/1), chunk 9/37
[00:46:18 +1m 55s | thequantuminsider_2023_12_12_infleqtion_selected_to_join_japans_quantum_moonshot_program] Extracting actors: https://thequantuminsider.com/2023/12/12/infleqtion-selected-to-join-japans-quantum-moonshot-program (1/1), chunk 10/37
[00:46:30 +2m 7s | thequantuminsider_2023_12_12_infleqtion_selected_to_join_japans_quantum_moonshot_program] Repaired malformed JSON.
[00:46:30 +2m 7s | thequantuminsider_2023_12_12_infleqtion_selected_to_join_japans_quantum_moonshot_program] Extracting actors: https://thequantuminsider.com/2023/12/12/infleqtion-selected-to-join-japans-quantum-moonshot-program (1/1), chunk 11/37
[00:46:37 +2m 14s | thequantuminsider_2023_12_12_infleqtion_selected_to_join_japans_quantum_moonshot_program] Repaired malformed JSON.
[00:46:37 +2m 14s | thequantuminsider_2023_12_12_infleqtion_selected_to_join_japans_quantum_moonshot_program] Extracting actors: https://thequantuminsider.com/2023/12/12/infleqtion-selected-to-join-japans-quantum-moonshot-program (1/1), chunk 12/37
[00:46:45 +2m 21s | thequantuminsider_2023_12_12_infleqtion_selected_to_join_japans_quantum_moonshot_program] Repaired malformed JSON.
[00:46:45 +2m 21s | thequantuminsider_2023_12_12_infleqtion_selected_to_join_japans_quantum_moonshot_program] Extracting actors: https://thequantuminsider.com/2023/12/12/infleqtion-selected-to-join-japans-quantum-moonshot-program (1/1), chunk 13/37
[00:46:52 +2m 30s | thequantuminsider_2023_12_12_infleqtion_selected_to_join_japans_quantum_moonshot_program] Repaired malformed JSON.
[00:46:52 +2m 30s | thequantuminsider_2023_12_12_infleqtion_selected_to_join_japans_quantum_moonshot_program] Extracting actors: https://thequantuminsider.com/2023/12/12/infleqtion-selected-to-join-japans-quantum-moonshot-program (1/1), chunk 14/37
[00:46:59 +2m 36s | thequantuminsider_2023_12_12_infleqtion_selected_to_join_japans_quantum_moonshot_program] Repaired malformed JSON.
[00:46:59 +2m 36s | thequantuminsider_2023_12_12_infleqtion_selected_to_join_japans_quantum_moonshot_program] Extracting actors: https://thequantuminsider.com/2023/12/12/infleqtion-selected-to-join-japans-quantum-moonshot-program (1/1), chunk 15/37
[00:47:08 +2m 45s | thequantuminsider_2023_12_12_infleqtion_selected_to_join_japans_quantum_moonshot_program] Repaired malformed JSON.
[00:47:08 +2m 45s | thequantuminsider_2023_12_12_infleqtion_selected_to_join_japans_quantum_moonshot_program] Extracting actors: https://thequantuminsider.com/2023/12/12/infleqtion-selected-to-join-japans-quantum-moonshot-program (1/1), chunk 16/37
[00:47:15 +2m 52s | thequantuminsider_2023_12_12_infleqtion_selected_to_join_japans_quantum_moonshot_program] Repaired malformed JSON.
[00:47:15 +2m 52s | thequantuminsider_2023_12_12_infleqtion_selected_to_join_japans_quantum_moonshot_program] Extracting actors: https://thequantuminsider.com/2023/12/12/infleqtion-selected-to-join-japans-quantum-moonshot-program (1/1), chunk 17/37
[00:47:24 +3m 2s | thequantuminsider_2023_12_12_infleqtion_selected_to_join_japans_quantum_moonshot_program] Repaired malformed JSON.
[00:47:24 +3m 2s | thequantuminsider_2023_12_12_infleqtion_selected_to_join_japans_quantum_moonshot_program] Extracting actors: https://thequantuminsider.com/2023/12/12/infleqtion-selected-to-join-japans-quantum-moonshot-program (1/1), chunk 18/37
[00:47:33 +3m 11s | thequantuminsider_2023_12_12_infleqtion_selected_to_join_japans_quantum_moonshot_program] Repaired malformed JSON.
[00:47:33 +3m 11s | thequantuminsider_2023_12_12_infleqtion_selected_to_join_japans_quantum_moonshot_program] Extracting actors: https://thequantuminsider.com/2023/12/12/infleqtion-selected-to-join-japans-quantum-moonshot-program (1/1), chunk 19/37
[00:47:42 +3m 20s | thequantuminsider_2023_12_12_infleqtion_selected_to_join_japans_quantum_moonshot_program] Repaired malformed JSON.
[00:47:42 +3m 20s | thequantuminsider_2023_12_12_infleqtion_selected_to_join_japans_quantum_moonshot_program] Extracting actors: https://thequantuminsider.com/2023/12/12/infleqtion-selected-to-join-japans-quantum-moonshot-program (1/1), chunk 20/37
[00:47:59 +3m 37s | thequantuminsider_2023_12_12_infleqtion_selected_to_join_japans_quantum_moonshot_program] Repaired malformed JSON.
[00:47:59 +3m 37s | thequantuminsider_2023_12_12_infleqtion_selected_to_join_japans_quantum_moonshot_program] Extracting actors: https://thequantuminsider.com/2023/12/12/infleqtion-selected-to-join-japans-quantum-moonshot-program (1/1), chunk 21/37
[00:48:09 +3m 47s | thequantuminsider_2023_12_12_infleqtion_selected_to_join_japans_quantum_moonshot_program] Repaired malformed JSON.
[00:48:09 +3m 47s | thequantuminsider_2023_12_12_infleqtion_selected_to_join_japans_quantum_moonshot_program] Extracting actors: https://thequantuminsider.com/2023/12/12/infleqtion-selected-to-join-japans-quantum-moonshot-program (1/1), chunk 22/37
[00:48:17 +3m 56s | thequantuminsider_2023_12_12_infleqtion_selected_to_join_japans_quantum_moonshot_program] Repaired malformed JSON.
[00:48:17 +3m 56s | thequantuminsider_2023_12_12_infleqtion_selected_to_join_japans_quantum_moonshot_program] Extracting actors: https://thequantuminsider.com/2023/12/12/infleqtion-selected-to-join-japans-quantum-moonshot-program (1/1), chunk 23/37
[00:48:23 +4m 2s | thequantuminsider_2023_12_12_infleqtion_selected_to_join_japans_quantum_moonshot_program] Repaired malformed JSON.
[00:48:23 +4m 2s | thequantuminsider_2023_12_12_infleqtion_selected_to_join_japans_quantum_moonshot_program] Extracting actors: https://thequantuminsider.com/2023/12/12/infleqtion-selected-to-join-japans-quantum-moonshot-program (1/1), chunk 24/37
[00:48:32 +4m 12s | thequantuminsider_2023_12_12_infleqtion_selected_to_join_japans_quantum_moonshot_program] Repaired malformed JSON.
[00:48:32 +4m 12s | thequantuminsider_2023_12_12_infleqtion_selected_to_join_japans_quantum_moonshot_program] Extracting actors: https://thequantuminsider.com/2023/12/12/infleqtion-selected-to-join-japans-quantum-moonshot-program (1/1), chunk 25/37
[00:48:39 +4m 19s | thequantuminsider_2023_12_12_infleqtion_selected_to_join_japans_quantum_moonshot_program] Repaired malformed JSON.
[00:48:39 +4m 19s | thequantuminsider_2023_12_12_infleqtion_selected_to_join_japans_quantum_moonshot_program] Extracting actors: https://thequantuminsider.com/2023/12/12/infleqtion-selected-to-join-japans-quantum-moonshot-program (1/1), chunk 26/37
[00:48:49 +4m 28s | thequantuminsider_2023_12_12_infleqtion_selected_to_join_japans_quantum_moonshot_program] Repaired malformed JSON.
[00:48:49 +4m 28s | thequantuminsider_2023_12_12_infleqtion_selected_to_join_japans_quantum_moonshot_program] Extracting actors: https://thequantuminsider.com/2023/12/12/infleqtion-selected-to-join-japans-quantum-moonshot-program (1/1), chunk 27/37
[00:49:09 +4m 50s | thequantuminsider_2023_12_12_infleqtion_selected_to_join_japans_quantum_moonshot_program] Extracting actors: https://thequantuminsider.com/2023/12/12/infleqtion-selected-to-join-japans-quantum-moonshot-program (1/1), chunk 28/37
[00:49:17 +4m 58s | thequantuminsider_2023_12_12_infleqtion_selected_to_join_japans_quantum_moonshot_program] Repaired malformed JSON.
[00:49:17 +4m 58s | thequantuminsider_2023_12_12_infleqtion_selected_to_join_japans_quantum_moonshot_program] Extracting actors: https://thequantuminsider.com/2023/12/12/infleqtion-selected-to-join-japans-quantum-moonshot-program (1/1), chunk 29/37
[00:49:23 +5m 4s | thequantuminsider_2023_12_12_infleqtion_selected_to_join_japans_quantum_moonshot_program] Repaired malformed JSON.
[00:49:23 +5m 4s | thequantuminsider_2023_12_12_infleqtion_selected_to_join_japans_quantum_moonshot_program] Extracting actors: https://thequantuminsider.com/2023/12/12/infleqtion-selected-to-join-japans-quantum-moonshot-program (1/1), chunk 30/37
[00:49:32 +5m 14s | thequantuminsider_2023_12_12_infleqtion_selected_to_join_japans_quantum_moonshot_program] Repaired malformed JSON.
[00:49:32 +5m 14s | thequantuminsider_2023_12_12_infleqtion_selected_to_join_japans_quantum_moonshot_program] Extracting actors: https://thequantuminsider.com/2023/12/12/infleqtion-selected-to-join-japans-quantum-moonshot-program (1/1), chunk 31/37
[00:49:40 +5m 21s | thequantuminsider_2023_12_12_infleqtion_selected_to_join_japans_quantum_moonshot_program] Repaired malformed JSON.
[00:49:40 +5m 21s | thequantuminsider_2023_12_12_infleqtion_selected_to_join_japans_quantum_moonshot_program] Extracting actors: https://thequantuminsider.com/2023/12/12/infleqtion-selected-to-join-japans-quantum-moonshot-program (1/1), chunk 32/37
[00:49:50 +5m 31s | thequantuminsider_2023_12_12_infleqtion_selected_to_join_japans_quantum_moonshot_program] Repaired malformed JSON.
[00:49:50 +5m 31s | thequantuminsider_2023_12_12_infleqtion_selected_to_join_japans_quantum_moonshot_program] Extracting actors: https://thequantuminsider.com/2023/12/12/infleqtion-selected-to-join-japans-quantum-moonshot-program (1/1), chunk 33/37
[00:49:57 +5m 39s | thequantuminsider_2023_12_12_infleqtion_selected_to_join_japans_quantum_moonshot_program] Repaired malformed JSON.
[00:49:57 +5m 39s | thequantuminsider_2023_12_12_infleqtion_selected_to_join_japans_quantum_moonshot_program] Extracting actors: https://thequantuminsider.com/2023/12/12/infleqtion-selected-to-join-japans-quantum-moonshot-program (1/1), chunk 34/37
[00:50:05 +5m 47s | thequantuminsider_2023_12_12_infleqtion_selected_to_join_japans_quantum_moonshot_program] Repaired malformed JSON.
[00:50:05 +5m 47s | thequantuminsider_2023_12_12_infleqtion_selected_to_join_japans_quantum_moonshot_program] Extracting actors: https://thequantuminsider.com/2023/12/12/infleqtion-selected-to-join-japans-quantum-moonshot-program (1/1), chunk 35/37
[00:50:12 +5m 54s | thequantuminsider_2023_12_12_infleqtion_selected_to_join_japans_quantum_moonshot_program] Repaired malformed JSON.
[00:50:12 +5m 54s | thequantuminsider_2023_12_12_infleqtion_selected_to_join_japans_quantum_moonshot_program] Extracting actors: https://thequantuminsider.com/2023/12/12/infleqtion-selected-to-join-japans-quantum-moonshot-program (1/1), chunk 36/37
[00:50:23 +6m 5s | thequantuminsider_2023_12_12_infleqtion_selected_to_join_japans_quantum_moonshot_program] Repaired malformed JSON.
[00:50:23 +6m 5s | thequantuminsider_2023_12_12_infleqtion_selected_to_join_japans_quantum_moonshot_program] Extracting actors: https://thequantuminsider.com/2023/12/12/infleqtion-selected-to-join-japans-quantum-moonshot-program (1/1), chunk 37/37
[00:50:32 +6m 15s | thequantuminsider_2023_12_12_infleqtion_selected_to_join_japans_quantum_moonshot_program] Repaired malformed JSON.
[00:50:32 +6m 15s | thequantuminsider_2023_12_12_infleqtion_selected_to_join_japans_quantum_moonshot_program] Saved 1_actor_results.json with 70 extracted records

[00:50:32 +6m 15s | thequantuminsider_2023_12_12_infleqtion_selected_to_join_japans_quantum_moonshot_program] === 2 clean actors ===
[00:50:32 +6m 15s | thequantuminsider_2023_12_12_infleqtion_selected_to_join_japans_quantum_moonshot_program] Loaded 70 extracted records
[00:50:32 +6m 15s | thequantuminsider_2023_12_12_infleqtion_selected_to_join_japans_quantum_moonshot_program] Saved 2_actor_nodes.json with 10 canonical actor nodes

[00:50:32 +6m 15s | thequantuminsider_2023_12_12_infleqtion_selected_to_join_japans_quantum_moonshot_program] === 3 interaction extraction ===
[00:50:33 +6m 15s | thequantuminsider_2023_12_12_infleqtion_selected_to_join_japans_quantum_moonshot_program] Extracting interactions: https://thequantuminsider.com/2023/12/12/infleqtion-selected-to-join-japans-quantum-moonshot-program (1/1), chunk 11/37
[00:50:41 +6m 24s | thequantuminsider_2023_12_12_infleqtion_selected_to_join_japans_quantum_moonshot_program] Extracting interactions: https://thequantuminsider.com/2023/12/12/infleqtion-selected-to-join-japans-quantum-moonshot-program (1/1), chunk 12/37
[00:51:07 +6m 51s | thequantuminsider_2023_12_12_infleqtion_selected_to_join_japans_quantum_moonshot_program] Extracting interactions: https://thequantuminsider.com/2023/12/12/infleqtion-selected-to-join-japans-quantum-moonshot-program (1/1), chunk 13/37
[00:51:15 +6m 59s | thequantuminsider_2023_12_12_infleqtion_selected_to_join_japans_quantum_moonshot_program] Extracting interactions: https://thequantuminsider.com/2023/12/12/infleqtion-selected-to-join-japans-quantum-moonshot-program (1/1), chunk 14/37
[00:51:23 +7m 7s | thequantuminsider_2023_12_12_infleqtion_selected_to_join_japans_quantum_moonshot_program] Extracting interactions: https://thequantuminsider.com/2023/12/12/infleqtion-selected-to-join-japans-quantum-moonshot-program (1/1), chunk 15/37
[00:51:31 +7m 16s | thequantuminsider_2023_12_12_infleqtion_selected_to_join_japans_quantum_moonshot_program] Extracting interactions: https://thequantuminsider.com/2023/12/12/infleqtion-selected-to-join-japans-quantum-moonshot-program (1/1), chunk 16/37
[00:51:39 +7m 24s | thequantuminsider_2023_12_12_infleqtion_selected_to_join_japans_quantum_moonshot_program] Extracting interactions: https://thequantuminsider.com/2023/12/12/infleqtion-selected-to-join-japans-quantum-moonshot-program (1/1), chunk 17/37
[00:51:44 +7m 28s | thequantuminsider_2023_12_12_infleqtion_selected_to_join_japans_quantum_moonshot_program] Extracting interactions: https://thequantuminsider.com/2023/12/12/infleqtion-selected-to-join-japans-quantum-moonshot-program (1/1), chunk 20/37
[00:51:45 +7m 30s | thequantuminsider_2023_12_12_infleqtion_selected_to_join_japans_quantum_moonshot_program] Extracting interactions: https://thequantuminsider.com/2023/12/12/infleqtion-selected-to-join-japans-quantum-moonshot-program (1/1), chunk 21/37
[00:51:52 +7m 37s | thequantuminsider_2023_12_12_infleqtion_selected_to_join_japans_quantum_moonshot_program] Extracting interactions: https://thequantuminsider.com/2023/12/12/infleqtion-selected-to-join-japans-quantum-moonshot-program (1/1), chunk 26/37
[00:52:02 +7m 47s | thequantuminsider_2023_12_12_infleqtion_selected_to_join_japans_quantum_moonshot_program] Saved 3_interaction_results.json with 15 extracted interactions.

[00:52:02 +7m 47s | thequantuminsider_2023_12_12_infleqtion_selected_to_join_japans_quantum_moonshot_program] === 4 clean interactions ===
[00:52:02 +7m 47s | thequantuminsider_2023_12_12_infleqtion_selected_to_join_japans_quantum_moonshot_program] Saved 4_edges.json with 5 cleaned interactions.

[00:52:02 +7m 47s | thequantuminsider_2023_12_12_infleqtion_selected_to_join_japans_quantum_moonshot_program] === 5 helix enrichment ===
[00:52:02 +7m 47s | thequantuminsider_2023_12_12_infleqtion_selected_to_join_japans_quantum_moonshot_program] Wrote 5_nodes.json (10 actors)
[00:52:02 +7m 47s | thequantuminsider_2023_12_12_infleqtion_selected_to_join_japans_quantum_moonshot_program] Wrote 5_edges.json (5 interactions)
[00:52:02 +7m 47s | thequantuminsider_2023_12_12_infleqtion_selected_to_join_japans_quantum_moonshot_program] Actor helix counts: {'Academia': 1, 'Civil Society': 3, 'Industry': 2, 'Intermediary': 1, 'Unknown': 3}
[00:52:02 +7m 47s | thequantuminsider_2023_12_12_infleqtion_selected_to_join_japans_quantum_moonshot_program] Functional-space counts: {'Unknown': 5}

[00:52:02 +7m 47s | thequantuminsider_2023_12_12_infleqtion_selected_to_join_japans_quantum_moonshot_program] === 6 network visualisation ===
[00:52:02 +7m 48s | thequantuminsider_2023_12_12_infleqtion_selected_to_join_japans_quantum_moonshot_program] Wrote quantum_network.html
[00:52:02 +7m 48s | thequantuminsider_2023_12_12_infleqtion_selected_to_join_japans_quantum_moonshot_program] Nodes: 10
[00:52:02 +7m 48s | thequantuminsider_2023_12_12_infleqtion_selected_to_join_japans_quantum_moonshot_program] Edges: 1

[00:52:02 +7m 48s | thequantuminsider_2023_12_12_infleqtion_selected_to_join_japans_quantum_moonshot_program] Done. Outputs written to: /home/lv/IDP/idpdeeptech/pipeline/news_outputs/thequantuminsider_2023_12_12_infleqtion_selected_to_join_japans_quantum_moonshot_program
[00:52:02 +7m 48s | thequantuminsider_2023_12_12_infleqtion_selected_to_join_japans_quantum_moonshot_program] Log: /home/lv/IDP/idpdeeptech/pipeline/news_outputs/thequantuminsider_2023_12_12_infleqtion_selected_to_join_japans_quantum_moonshot_program/run.log

========================================================================
RUN FINISHED 2026-07-05 00:52:02  (OK)
Started:     2026-07-05 00:44:27
Elapsed:     7m 48s
========================================================================
