
========================================================================
RUN STARTED  2026-07-05 06:15:04
site_pipeline.py https://thequantuminsider.com/2023/10/10/finland-launches-a-20-qubit-quantum-computer/
========================================================================

[06:15:04 +0s | thequantuminsider_2023_10_10_finland_launches_a_20_qubit_quantum_computer] === 0 crawl site ===
[06:15:06 +1s | thequantuminsider_2023_10_10_finland_launches_a_20_qubit_quantum_computer] [INIT].... → Crawl4AI 0.8.6 
[06:15:09 +4s | thequantuminsider_2023_10_10_finland_launches_a_20_qubit_quantum_computer] [FETCH]... ↓ https://thequantuminsider.com/2023/10/10/finland-launches-a-20-qubit-quantum-computer/               | ✓ | ⏱: 2.70s 
[06:15:09 +4s | thequantuminsider_2023_10_10_finland_launches_a_20_qubit_quantum_computer] [SCRAPE].. ◆ https://thequantuminsider.com/2023/10/10/finland-launches-a-20-qubit-quantum-computer/               | ✓ | ⏱: 0.13s 
[06:15:09 +4s | thequantuminsider_2023_10_10_finland_launches_a_20_qubit_quantum_computer] [COMPLETE] ● https://thequantuminsider.com/2023/10/10/finland-launches-a-20-qubit-quantum-computer/               | ✓ | ⏱: 2.86s 
[06:15:09 +4s | thequantuminsider_2023_10_10_finland_launches_a_20_qubit_quantum_computer] Saved: crawl_output/b9039bbf91_thequantuminsider.com_2023_10_10_finland-launches-a-20-qubit-quantum-computer.json

[06:15:09 +5s | thequantuminsider_2023_10_10_finland_launches_a_20_qubit_quantum_computer] === 1 actor extraction ===
[06:15:09 +5s | thequantuminsider_2023_10_10_finland_launches_a_20_qubit_quantum_computer] Reading page (1/1): https://thequantuminsider.com/2023/10/10/finland-launches-a-20-qubit-quantum-computer
[06:15:09 +5s | thequantuminsider_2023_10_10_finland_launches_a_20_qubit_quantum_computer] Extracting actors: https://thequantuminsider.com/2023/10/10/finland-launches-a-20-qubit-quantum-computer (1/1), chunk 1/37
[06:15:15 +11s | thequantuminsider_2023_10_10_finland_launches_a_20_qubit_quantum_computer] Extracting actors: https://thequantuminsider.com/2023/10/10/finland-launches-a-20-qubit-quantum-computer (1/1), chunk 2/37
[06:15:18 +16s | thequantuminsider_2023_10_10_finland_launches_a_20_qubit_quantum_computer] Extracting actors: https://thequantuminsider.com/2023/10/10/finland-launches-a-20-qubit-quantum-computer (1/1), chunk 3/37
[06:15:22 +20s | thequantuminsider_2023_10_10_finland_launches_a_20_qubit_quantum_computer] Extracting actors: https://thequantuminsider.com/2023/10/10/finland-launches-a-20-qubit-quantum-computer (1/1), chunk 4/37
[06:15:28 +26s | thequantuminsider_2023_10_10_finland_launches_a_20_qubit_quantum_computer] Extracting actors: https://thequantuminsider.com/2023/10/10/finland-launches-a-20-qubit-quantum-computer (1/1), chunk 5/37
[06:15:36 +33s | thequantuminsider_2023_10_10_finland_launches_a_20_qubit_quantum_computer] Repaired malformed JSON.
[06:15:36 +33s | thequantuminsider_2023_10_10_finland_launches_a_20_qubit_quantum_computer] Extracting actors: https://thequantuminsider.com/2023/10/10/finland-launches-a-20-qubit-quantum-computer (1/1), chunk 6/37
[06:15:40 +38s | thequantuminsider_2023_10_10_finland_launches_a_20_qubit_quantum_computer] Extracting actors: https://thequantuminsider.com/2023/10/10/finland-launches-a-20-qubit-quantum-computer (1/1), chunk 7/37
[06:15:47 +47s | thequantuminsider_2023_10_10_finland_launches_a_20_qubit_quantum_computer] Repaired malformed JSON.
[06:15:47 +47s | thequantuminsider_2023_10_10_finland_launches_a_20_qubit_quantum_computer] Extracting actors: https://thequantuminsider.com/2023/10/10/finland-launches-a-20-qubit-quantum-computer (1/1), chunk 8/37
[06:15:51 +51s | thequantuminsider_2023_10_10_finland_launches_a_20_qubit_quantum_computer] Extracting actors: https://thequantuminsider.com/2023/10/10/finland-launches-a-20-qubit-quantum-computer (1/1), chunk 9/37
[06:15:56 +56s | thequantuminsider_2023_10_10_finland_launches_a_20_qubit_quantum_computer] Extracting actors: https://thequantuminsider.com/2023/10/10/finland-launches-a-20-qubit-quantum-computer (1/1), chunk 10/37
[06:16:19 +1m 21s | thequantuminsider_2023_10_10_finland_launches_a_20_qubit_quantum_computer] Repaired malformed JSON.
[06:16:19 +1m 21s | thequantuminsider_2023_10_10_finland_launches_a_20_qubit_quantum_computer] Extracting actors: https://thequantuminsider.com/2023/10/10/finland-launches-a-20-qubit-quantum-computer (1/1), chunk 11/37
[06:16:31 +1m 33s | thequantuminsider_2023_10_10_finland_launches_a_20_qubit_quantum_computer] Repaired malformed JSON.
[06:16:31 +1m 33s | thequantuminsider_2023_10_10_finland_launches_a_20_qubit_quantum_computer] Extracting actors: https://thequantuminsider.com/2023/10/10/finland-launches-a-20-qubit-quantum-computer (1/1), chunk 12/37
[06:16:41 +1m 43s | thequantuminsider_2023_10_10_finland_launches_a_20_qubit_quantum_computer] Repaired malformed JSON.
[06:16:41 +1m 43s | thequantuminsider_2023_10_10_finland_launches_a_20_qubit_quantum_computer] Extracting actors: https://thequantuminsider.com/2023/10/10/finland-launches-a-20-qubit-quantum-computer (1/1), chunk 13/37
[06:16:46 +1m 51s | thequantuminsider_2023_10_10_finland_launches_a_20_qubit_quantum_computer] Repaired malformed JSON.
[06:16:46 +1m 51s | thequantuminsider_2023_10_10_finland_launches_a_20_qubit_quantum_computer] Extracting actors: https://thequantuminsider.com/2023/10/10/finland-launches-a-20-qubit-quantum-computer (1/1), chunk 14/37
[06:16:54 +1m 58s | thequantuminsider_2023_10_10_finland_launches_a_20_qubit_quantum_computer] Repaired malformed JSON.
[06:16:54 +1m 58s | thequantuminsider_2023_10_10_finland_launches_a_20_qubit_quantum_computer] Extracting actors: https://thequantuminsider.com/2023/10/10/finland-launches-a-20-qubit-quantum-computer (1/1), chunk 15/37
[06:17:00 +2m 4s | thequantuminsider_2023_10_10_finland_launches_a_20_qubit_quantum_computer] Repaired malformed JSON.
[06:17:00 +2m 4s | thequantuminsider_2023_10_10_finland_launches_a_20_qubit_quantum_computer] Extracting actors: https://thequantuminsider.com/2023/10/10/finland-launches-a-20-qubit-quantum-computer (1/1), chunk 16/37
[06:17:07 +2m 11s | thequantuminsider_2023_10_10_finland_launches_a_20_qubit_quantum_computer] Repaired malformed JSON.
[06:17:07 +2m 11s | thequantuminsider_2023_10_10_finland_launches_a_20_qubit_quantum_computer] Extracting actors: https://thequantuminsider.com/2023/10/10/finland-launches-a-20-qubit-quantum-computer (1/1), chunk 17/37
[06:17:14 +2m 20s | thequantuminsider_2023_10_10_finland_launches_a_20_qubit_quantum_computer] Repaired malformed JSON.
[06:17:14 +2m 20s | thequantuminsider_2023_10_10_finland_launches_a_20_qubit_quantum_computer] Extracting actors: https://thequantuminsider.com/2023/10/10/finland-launches-a-20-qubit-quantum-computer (1/1), chunk 18/37
[06:17:20 +2m 26s | thequantuminsider_2023_10_10_finland_launches_a_20_qubit_quantum_computer] Extracting actors: https://thequantuminsider.com/2023/10/10/finland-launches-a-20-qubit-quantum-computer (1/1), chunk 19/37
[06:17:30 +2m 36s | thequantuminsider_2023_10_10_finland_launches_a_20_qubit_quantum_computer] Repaired malformed JSON.
[06:17:30 +2m 36s | thequantuminsider_2023_10_10_finland_launches_a_20_qubit_quantum_computer] Extracting actors: https://thequantuminsider.com/2023/10/10/finland-launches-a-20-qubit-quantum-computer (1/1), chunk 20/37
[06:17:56 +3m 5s | thequantuminsider_2023_10_10_finland_launches_a_20_qubit_quantum_computer] Repaired malformed JSON.
[06:17:56 +3m 5s | thequantuminsider_2023_10_10_finland_launches_a_20_qubit_quantum_computer] Extracting actors: https://thequantuminsider.com/2023/10/10/finland-launches-a-20-qubit-quantum-computer (1/1), chunk 21/37
[06:18:05 +3m 14s | thequantuminsider_2023_10_10_finland_launches_a_20_qubit_quantum_computer] Repaired malformed JSON.
[06:18:05 +3m 14s | thequantuminsider_2023_10_10_finland_launches_a_20_qubit_quantum_computer] Extracting actors: https://thequantuminsider.com/2023/10/10/finland-launches-a-20-qubit-quantum-computer (1/1), chunk 22/37
[06:18:32 +3m 43s | thequantuminsider_2023_10_10_finland_launches_a_20_qubit_quantum_computer] Repaired malformed JSON.
[06:18:32 +3m 43s | thequantuminsider_2023_10_10_finland_launches_a_20_qubit_quantum_computer] Extracting actors: https://thequantuminsider.com/2023/10/10/finland-launches-a-20-qubit-quantum-computer (1/1), chunk 23/37
[06:18:42 +3m 53s | thequantuminsider_2023_10_10_finland_launches_a_20_qubit_quantum_computer] Repaired malformed JSON.
[06:18:42 +3m 53s | thequantuminsider_2023_10_10_finland_launches_a_20_qubit_quantum_computer] Extracting actors: https://thequantuminsider.com/2023/10/10/finland-launches-a-20-qubit-quantum-computer (1/1), chunk 24/37
[06:18:50 +4m 3s | thequantuminsider_2023_10_10_finland_launches_a_20_qubit_quantum_computer] Repaired malformed JSON.
[06:18:50 +4m 3s | thequantuminsider_2023_10_10_finland_launches_a_20_qubit_quantum_computer] Extracting actors: https://thequantuminsider.com/2023/10/10/finland-launches-a-20-qubit-quantum-computer (1/1), chunk 25/37
[06:18:58 +4m 10s | thequantuminsider_2023_10_10_finland_launches_a_20_qubit_quantum_computer] Repaired malformed JSON.
[06:18:58 +4m 10s | thequantuminsider_2023_10_10_finland_launches_a_20_qubit_quantum_computer] Extracting actors: https://thequantuminsider.com/2023/10/10/finland-launches-a-20-qubit-quantum-computer (1/1), chunk 26/37
[06:19:04 +4m 17s | thequantuminsider_2023_10_10_finland_launches_a_20_qubit_quantum_computer] Repaired malformed JSON.
[06:19:04 +4m 17s | thequantuminsider_2023_10_10_finland_launches_a_20_qubit_quantum_computer] Extracting actors: https://thequantuminsider.com/2023/10/10/finland-launches-a-20-qubit-quantum-computer (1/1), chunk 27/37
[06:19:13 +4m 26s | thequantuminsider_2023_10_10_finland_launches_a_20_qubit_quantum_computer] Repaired malformed JSON.
[06:19:13 +4m 26s | thequantuminsider_2023_10_10_finland_launches_a_20_qubit_quantum_computer] Extracting actors: https://thequantuminsider.com/2023/10/10/finland-launches-a-20-qubit-quantum-computer (1/1), chunk 28/37
[06:19:15 +4m 30s | thequantuminsider_2023_10_10_finland_launches_a_20_qubit_quantum_computer] Extracting actors: https://thequantuminsider.com/2023/10/10/finland-launches-a-20-qubit-quantum-computer (1/1), chunk 29/37
[06:19:21 +4m 36s | thequantuminsider_2023_10_10_finland_launches_a_20_qubit_quantum_computer] Extracting actors: https://thequantuminsider.com/2023/10/10/finland-launches-a-20-qubit-quantum-computer (1/1), chunk 30/37
[06:19:25 +4m 40s | thequantuminsider_2023_10_10_finland_launches_a_20_qubit_quantum_computer] Extracting actors: https://thequantuminsider.com/2023/10/10/finland-launches-a-20-qubit-quantum-computer (1/1), chunk 31/37
[06:19:31 +4m 46s | thequantuminsider_2023_10_10_finland_launches_a_20_qubit_quantum_computer] Extracting actors: https://thequantuminsider.com/2023/10/10/finland-launches-a-20-qubit-quantum-computer (1/1), chunk 32/37
[06:19:37 +4m 51s | thequantuminsider_2023_10_10_finland_launches_a_20_qubit_quantum_computer] Extracting actors: https://thequantuminsider.com/2023/10/10/finland-launches-a-20-qubit-quantum-computer (1/1), chunk 33/37
[06:19:41 +4m 56s | thequantuminsider_2023_10_10_finland_launches_a_20_qubit_quantum_computer] Extracting actors: https://thequantuminsider.com/2023/10/10/finland-launches-a-20-qubit-quantum-computer (1/1), chunk 34/37
[06:19:47 +5m 4s | thequantuminsider_2023_10_10_finland_launches_a_20_qubit_quantum_computer] Extracting actors: https://thequantuminsider.com/2023/10/10/finland-launches-a-20-qubit-quantum-computer (1/1), chunk 35/37
[06:19:55 +5m 12s | thequantuminsider_2023_10_10_finland_launches_a_20_qubit_quantum_computer] Extracting actors: https://thequantuminsider.com/2023/10/10/finland-launches-a-20-qubit-quantum-computer (1/1), chunk 36/37
[06:20:03 +5m 20s | thequantuminsider_2023_10_10_finland_launches_a_20_qubit_quantum_computer] Repaired malformed JSON.
[06:20:03 +5m 20s | thequantuminsider_2023_10_10_finland_launches_a_20_qubit_quantum_computer] Extracting actors: https://thequantuminsider.com/2023/10/10/finland-launches-a-20-qubit-quantum-computer (1/1), chunk 37/37
[06:20:10 +5m 26s | thequantuminsider_2023_10_10_finland_launches_a_20_qubit_quantum_computer] Repaired malformed JSON.
[06:20:10 +5m 26s | thequantuminsider_2023_10_10_finland_launches_a_20_qubit_quantum_computer] Saved 1_actor_results.json with 56 extracted records

[06:20:10 +5m 27s | thequantuminsider_2023_10_10_finland_launches_a_20_qubit_quantum_computer] === 2 clean actors ===
[06:20:10 +5m 27s | thequantuminsider_2023_10_10_finland_launches_a_20_qubit_quantum_computer] Loaded 56 extracted records
[06:20:10 +5m 27s | thequantuminsider_2023_10_10_finland_launches_a_20_qubit_quantum_computer] Saved 2_actor_nodes.json with 15 canonical actor nodes

[06:20:10 +5m 27s | thequantuminsider_2023_10_10_finland_launches_a_20_qubit_quantum_computer] === 3 interaction extraction ===
[06:20:10 +5m 27s | thequantuminsider_2023_10_10_finland_launches_a_20_qubit_quantum_computer] Extracting interactions: https://thequantuminsider.com/2023/10/10/finland-launches-a-20-qubit-quantum-computer (1/1), chunk 11/37
[06:20:16 +5m 33s | thequantuminsider_2023_10_10_finland_launches_a_20_qubit_quantum_computer] Extracting interactions: https://thequantuminsider.com/2023/10/10/finland-launches-a-20-qubit-quantum-computer (1/1), chunk 12/37
[06:20:34 +5m 53s | thequantuminsider_2023_10_10_finland_launches_a_20_qubit_quantum_computer] Extracting interactions: https://thequantuminsider.com/2023/10/10/finland-launches-a-20-qubit-quantum-computer (1/1), chunk 13/37
[06:20:54 +6m 16s | thequantuminsider_2023_10_10_finland_launches_a_20_qubit_quantum_computer] Extracting interactions: https://thequantuminsider.com/2023/10/10/finland-launches-a-20-qubit-quantum-computer (1/1), chunk 14/37
[06:21:11 +6m 33s | thequantuminsider_2023_10_10_finland_launches_a_20_qubit_quantum_computer] Extracting interactions: https://thequantuminsider.com/2023/10/10/finland-launches-a-20-qubit-quantum-computer (1/1), chunk 15/37
[06:21:19 +6m 42s | thequantuminsider_2023_10_10_finland_launches_a_20_qubit_quantum_computer] Extracting interactions: https://thequantuminsider.com/2023/10/10/finland-launches-a-20-qubit-quantum-computer (1/1), chunk 16/37
[06:21:40 +7m 3s | thequantuminsider_2023_10_10_finland_launches_a_20_qubit_quantum_computer] Extracting interactions: https://thequantuminsider.com/2023/10/10/finland-launches-a-20-qubit-quantum-computer (1/1), chunk 17/37
[06:21:57 +7m 22s | thequantuminsider_2023_10_10_finland_launches_a_20_qubit_quantum_computer] Extracting interactions: https://thequantuminsider.com/2023/10/10/finland-launches-a-20-qubit-quantum-computer (1/1), chunk 18/37
[06:22:01 +7m 26s | thequantuminsider_2023_10_10_finland_launches_a_20_qubit_quantum_computer] Extracting interactions: https://thequantuminsider.com/2023/10/10/finland-launches-a-20-qubit-quantum-computer (1/1), chunk 19/37
[06:22:02 +7m 27s | thequantuminsider_2023_10_10_finland_launches_a_20_qubit_quantum_computer] Extracting interactions: https://thequantuminsider.com/2023/10/10/finland-launches-a-20-qubit-quantum-computer (1/1), chunk 20/37
[06:22:04 +7m 29s | thequantuminsider_2023_10_10_finland_launches_a_20_qubit_quantum_computer] Extracting interactions: https://thequantuminsider.com/2023/10/10/finland-launches-a-20-qubit-quantum-computer (1/1), chunk 21/37
[06:22:12 +7m 38s | thequantuminsider_2023_10_10_finland_launches_a_20_qubit_quantum_computer] Extracting interactions: https://thequantuminsider.com/2023/10/10/finland-launches-a-20-qubit-quantum-computer (1/1), chunk 22/37
[06:22:15 +7m 43s | thequantuminsider_2023_10_10_finland_launches_a_20_qubit_quantum_computer] Extracting interactions: https://thequantuminsider.com/2023/10/10/finland-launches-a-20-qubit-quantum-computer (1/1), chunk 26/37
[06:22:22 +7m 50s | thequantuminsider_2023_10_10_finland_launches_a_20_qubit_quantum_computer] Extracting interactions: https://thequantuminsider.com/2023/10/10/finland-launches-a-20-qubit-quantum-computer (1/1), chunk 27/37
[06:22:28 +7m 55s | thequantuminsider_2023_10_10_finland_launches_a_20_qubit_quantum_computer] Extracting interactions: https://thequantuminsider.com/2023/10/10/finland-launches-a-20-qubit-quantum-computer (1/1), chunk 28/37
[06:22:30 +7m 57s | thequantuminsider_2023_10_10_finland_launches_a_20_qubit_quantum_computer] Extracting interactions: https://thequantuminsider.com/2023/10/10/finland-launches-a-20-qubit-quantum-computer (1/1), chunk 31/37
[06:22:31 +7m 59s | thequantuminsider_2023_10_10_finland_launches_a_20_qubit_quantum_computer] Extracting interactions: https://thequantuminsider.com/2023/10/10/finland-launches-a-20-qubit-quantum-computer (1/1), chunk 33/37
[06:22:44 +8m 11s | thequantuminsider_2023_10_10_finland_launches_a_20_qubit_quantum_computer] Extracting interactions: https://thequantuminsider.com/2023/10/10/finland-launches-a-20-qubit-quantum-computer (1/1), chunk 34/37
[06:22:54 +8m 23s | thequantuminsider_2023_10_10_finland_launches_a_20_qubit_quantum_computer] Extracting interactions: https://thequantuminsider.com/2023/10/10/finland-launches-a-20-qubit-quantum-computer (1/1), chunk 36/37
[06:23:19 +8m 51s | thequantuminsider_2023_10_10_finland_launches_a_20_qubit_quantum_computer] Saved 3_interaction_results.json with 29 extracted interactions.

[06:23:20 +8m 51s | thequantuminsider_2023_10_10_finland_launches_a_20_qubit_quantum_computer] === 4 clean interactions ===
[06:23:20 +8m 51s | thequantuminsider_2023_10_10_finland_launches_a_20_qubit_quantum_computer] Saved 4_edges.json with 6 cleaned interactions.

[06:23:20 +8m 51s | thequantuminsider_2023_10_10_finland_launches_a_20_qubit_quantum_computer] === 5 helix enrichment ===
[06:23:20 +8m 51s | thequantuminsider_2023_10_10_finland_launches_a_20_qubit_quantum_computer] Wrote 5_nodes.json (15 actors)
[06:23:20 +8m 51s | thequantuminsider_2023_10_10_finland_launches_a_20_qubit_quantum_computer] Wrote 5_edges.json (6 interactions)
[06:23:20 +8m 51s | thequantuminsider_2023_10_10_finland_launches_a_20_qubit_quantum_computer] Actor helix counts: {'Academia': 3, 'Civil Society': 3, 'Industry': 3, 'Intermediary': 2, 'Unknown': 4}
[06:23:20 +8m 51s | thequantuminsider_2023_10_10_finland_launches_a_20_qubit_quantum_computer] Functional-space counts: {'Innovation': 4, 'Unknown': 2}

[06:23:20 +8m 51s | thequantuminsider_2023_10_10_finland_launches_a_20_qubit_quantum_computer] === 6 network visualisation ===
[06:23:20 +8m 52s | thequantuminsider_2023_10_10_finland_launches_a_20_qubit_quantum_computer] Wrote quantum_network.html
[06:23:20 +8m 52s | thequantuminsider_2023_10_10_finland_launches_a_20_qubit_quantum_computer] Nodes: 15
[06:23:20 +8m 52s | thequantuminsider_2023_10_10_finland_launches_a_20_qubit_quantum_computer] Edges: 5

[06:23:20 +8m 52s | thequantuminsider_2023_10_10_finland_launches_a_20_qubit_quantum_computer] Done. Outputs written to: /home/lv/IDP/idpdeeptech/pipeline/news_outputs/thequantuminsider_2023_10_10_finland_launches_a_20_qubit_quantum_computer
[06:23:20 +8m 52s | thequantuminsider_2023_10_10_finland_launches_a_20_qubit_quantum_computer] Log: /home/lv/IDP/idpdeeptech/pipeline/news_outputs/thequantuminsider_2023_10_10_finland_launches_a_20_qubit_quantum_computer/run.log

========================================================================
RUN FINISHED 2026-07-05 06:23:20  (OK)
Started:     2026-07-05 06:15:04
Elapsed:     8m 52s
========================================================================
