
========================================================================
RUN STARTED  2026-07-05 07:46:21
site_pipeline.py https://thequantuminsider.com/2023/09/26/claudia-felser-awarded-the-2023-europhysics-prize/
========================================================================

[07:46:21 +0s | thequantuminsider_2023_09_26_claudia_felser_awarded_the_2023_europhysics_prize] === 0 crawl site ===
[07:46:22 +1s | thequantuminsider_2023_09_26_claudia_felser_awarded_the_2023_europhysics_prize] [INIT].... → Crawl4AI 0.8.6 
[07:46:25 +4s | thequantuminsider_2023_09_26_claudia_felser_awarded_the_2023_europhysics_prize] [FETCH]... ↓ https://thequantuminsider.com/2023/09/26/claudia-felser-awarded-the-2023-europhysics-prize/          | ✓ | ⏱: 2.97s 
[07:46:25 +5s | thequantuminsider_2023_09_26_claudia_felser_awarded_the_2023_europhysics_prize] [SCRAPE].. ◆ https://thequantuminsider.com/2023/09/26/claudia-felser-awarded-the-2023-europhysics-prize/          | ✓ | ⏱: 0.13s 
[07:46:25 +5s | thequantuminsider_2023_09_26_claudia_felser_awarded_the_2023_europhysics_prize] [COMPLETE] ● https://thequantuminsider.com/2023/09/26/claudia-felser-awarded-the-2023-europhysics-prize/          | ✓ | ⏱: 3.12s 
[07:46:25 +5s | thequantuminsider_2023_09_26_claudia_felser_awarded_the_2023_europhysics_prize] Saved: crawl_output/1b70e04250_thequantuminsider.com_2023_09_26_claudia-felser-awarded-the-2023-europhysics-prize.json

[07:46:26 +5s | thequantuminsider_2023_09_26_claudia_felser_awarded_the_2023_europhysics_prize] === 1 actor extraction ===
[07:46:26 +5s | thequantuminsider_2023_09_26_claudia_felser_awarded_the_2023_europhysics_prize] Reading page (1/1): https://thequantuminsider.com/2023/09/26/claudia-felser-awarded-the-2023-europhysics-prize
[07:46:26 +5s | thequantuminsider_2023_09_26_claudia_felser_awarded_the_2023_europhysics_prize] Extracting actors: https://thequantuminsider.com/2023/09/26/claudia-felser-awarded-the-2023-europhysics-prize (1/1), chunk 1/36
[07:46:37 +16s | thequantuminsider_2023_09_26_claudia_felser_awarded_the_2023_europhysics_prize] Extracting actors: https://thequantuminsider.com/2023/09/26/claudia-felser-awarded-the-2023-europhysics-prize (1/1), chunk 2/36
[07:46:42 +21s | thequantuminsider_2023_09_26_claudia_felser_awarded_the_2023_europhysics_prize] Extracting actors: https://thequantuminsider.com/2023/09/26/claudia-felser-awarded-the-2023-europhysics-prize (1/1), chunk 3/36
[07:46:44 +26s | thequantuminsider_2023_09_26_claudia_felser_awarded_the_2023_europhysics_prize] Extracting actors: https://thequantuminsider.com/2023/09/26/claudia-felser-awarded-the-2023-europhysics-prize (1/1), chunk 4/36
[07:47:10 +51s | thequantuminsider_2023_09_26_claudia_felser_awarded_the_2023_europhysics_prize] Extracting actors: https://thequantuminsider.com/2023/09/26/claudia-felser-awarded-the-2023-europhysics-prize (1/1), chunk 5/36
[07:47:50 +1m 37s | thequantuminsider_2023_09_26_claudia_felser_awarded_the_2023_europhysics_prize] Repaired malformed JSON.
[07:47:50 +1m 37s | thequantuminsider_2023_09_26_claudia_felser_awarded_the_2023_europhysics_prize] Extracting actors: https://thequantuminsider.com/2023/09/26/claudia-felser-awarded-the-2023-europhysics-prize (1/1), chunk 6/36
[07:47:59 +1m 45s | thequantuminsider_2023_09_26_claudia_felser_awarded_the_2023_europhysics_prize] Repaired malformed JSON.
[07:47:59 +1m 45s | thequantuminsider_2023_09_26_claudia_felser_awarded_the_2023_europhysics_prize] Extracting actors: https://thequantuminsider.com/2023/09/26/claudia-felser-awarded-the-2023-europhysics-prize (1/1), chunk 7/36
[07:48:03 +1m 49s | thequantuminsider_2023_09_26_claudia_felser_awarded_the_2023_europhysics_prize] Extracting actors: https://thequantuminsider.com/2023/09/26/claudia-felser-awarded-the-2023-europhysics-prize (1/1), chunk 8/36
[07:48:08 +1m 55s | thequantuminsider_2023_09_26_claudia_felser_awarded_the_2023_europhysics_prize] Extracting actors: https://thequantuminsider.com/2023/09/26/claudia-felser-awarded-the-2023-europhysics-prize (1/1), chunk 9/36
[07:48:16 +2m 5s | thequantuminsider_2023_09_26_claudia_felser_awarded_the_2023_europhysics_prize] Extracting actors: https://thequantuminsider.com/2023/09/26/claudia-felser-awarded-the-2023-europhysics-prize (1/1), chunk 10/36
[07:48:24 +2m 13s | thequantuminsider_2023_09_26_claudia_felser_awarded_the_2023_europhysics_prize] Extracting actors: https://thequantuminsider.com/2023/09/26/claudia-felser-awarded-the-2023-europhysics-prize (1/1), chunk 11/36
[07:48:30 +2m 19s | thequantuminsider_2023_09_26_claudia_felser_awarded_the_2023_europhysics_prize] Repaired malformed JSON.
[07:48:30 +2m 19s | thequantuminsider_2023_09_26_claudia_felser_awarded_the_2023_europhysics_prize] Extracting actors: https://thequantuminsider.com/2023/09/26/claudia-felser-awarded-the-2023-europhysics-prize (1/1), chunk 12/36
[07:48:36 +2m 25s | thequantuminsider_2023_09_26_claudia_felser_awarded_the_2023_europhysics_prize] Repaired malformed JSON.
[07:48:36 +2m 25s | thequantuminsider_2023_09_26_claudia_felser_awarded_the_2023_europhysics_prize] Extracting actors: https://thequantuminsider.com/2023/09/26/claudia-felser-awarded-the-2023-europhysics-prize (1/1), chunk 13/36
[07:48:43 +2m 34s | thequantuminsider_2023_09_26_claudia_felser_awarded_the_2023_europhysics_prize] Repaired malformed JSON.
[07:48:43 +2m 34s | thequantuminsider_2023_09_26_claudia_felser_awarded_the_2023_europhysics_prize] Extracting actors: https://thequantuminsider.com/2023/09/26/claudia-felser-awarded-the-2023-europhysics-prize (1/1), chunk 14/36
[07:48:49 +2m 40s | thequantuminsider_2023_09_26_claudia_felser_awarded_the_2023_europhysics_prize] Repaired malformed JSON.
[07:48:49 +2m 40s | thequantuminsider_2023_09_26_claudia_felser_awarded_the_2023_europhysics_prize] Extracting actors: https://thequantuminsider.com/2023/09/26/claudia-felser-awarded-the-2023-europhysics-prize (1/1), chunk 15/36
[07:48:56 +2m 48s | thequantuminsider_2023_09_26_claudia_felser_awarded_the_2023_europhysics_prize] Repaired malformed JSON.
[07:48:56 +2m 48s | thequantuminsider_2023_09_26_claudia_felser_awarded_the_2023_europhysics_prize] Extracting actors: https://thequantuminsider.com/2023/09/26/claudia-felser-awarded-the-2023-europhysics-prize (1/1), chunk 16/36
[07:49:03 +2m 55s | thequantuminsider_2023_09_26_claudia_felser_awarded_the_2023_europhysics_prize] Repaired malformed JSON.
[07:49:03 +2m 55s | thequantuminsider_2023_09_26_claudia_felser_awarded_the_2023_europhysics_prize] Extracting actors: https://thequantuminsider.com/2023/09/26/claudia-felser-awarded-the-2023-europhysics-prize (1/1), chunk 17/36
[07:49:13 +3m 4s | thequantuminsider_2023_09_26_claudia_felser_awarded_the_2023_europhysics_prize] Repaired malformed JSON.
[07:49:13 +3m 4s | thequantuminsider_2023_09_26_claudia_felser_awarded_the_2023_europhysics_prize] Extracting actors: https://thequantuminsider.com/2023/09/26/claudia-felser-awarded-the-2023-europhysics-prize (1/1), chunk 18/36
[07:49:21 +3m 15s | thequantuminsider_2023_09_26_claudia_felser_awarded_the_2023_europhysics_prize] Repaired malformed JSON.
[07:49:21 +3m 15s | thequantuminsider_2023_09_26_claudia_felser_awarded_the_2023_europhysics_prize] Extracting actors: https://thequantuminsider.com/2023/09/26/claudia-felser-awarded-the-2023-europhysics-prize (1/1), chunk 19/36
[07:49:32 +3m 25s | thequantuminsider_2023_09_26_claudia_felser_awarded_the_2023_europhysics_prize] Repaired malformed JSON.
[07:49:32 +3m 25s | thequantuminsider_2023_09_26_claudia_felser_awarded_the_2023_europhysics_prize] Extracting actors: https://thequantuminsider.com/2023/09/26/claudia-felser-awarded-the-2023-europhysics-prize (1/1), chunk 20/36
[07:49:40 +3m 34s | thequantuminsider_2023_09_26_claudia_felser_awarded_the_2023_europhysics_prize] Repaired malformed JSON.
[07:49:40 +3m 34s | thequantuminsider_2023_09_26_claudia_felser_awarded_the_2023_europhysics_prize] Extracting actors: https://thequantuminsider.com/2023/09/26/claudia-felser-awarded-the-2023-europhysics-prize (1/1), chunk 21/36
[07:49:44 +3m 41s | thequantuminsider_2023_09_26_claudia_felser_awarded_the_2023_europhysics_prize] Repaired malformed JSON.
[07:49:44 +3m 41s | thequantuminsider_2023_09_26_claudia_felser_awarded_the_2023_europhysics_prize] Extracting actors: https://thequantuminsider.com/2023/09/26/claudia-felser-awarded-the-2023-europhysics-prize (1/1), chunk 22/36
[07:49:52 +3m 48s | thequantuminsider_2023_09_26_claudia_felser_awarded_the_2023_europhysics_prize] Repaired malformed JSON.
[07:49:52 +3m 48s | thequantuminsider_2023_09_26_claudia_felser_awarded_the_2023_europhysics_prize] Extracting actors: https://thequantuminsider.com/2023/09/26/claudia-felser-awarded-the-2023-europhysics-prize (1/1), chunk 23/36
[07:50:24 +4m 22s | thequantuminsider_2023_09_26_claudia_felser_awarded_the_2023_europhysics_prize] Repaired malformed JSON.
[07:50:24 +4m 22s | thequantuminsider_2023_09_26_claudia_felser_awarded_the_2023_europhysics_prize] Extracting actors: https://thequantuminsider.com/2023/09/26/claudia-felser-awarded-the-2023-europhysics-prize (1/1), chunk 24/36
[07:50:32 +4m 31s | thequantuminsider_2023_09_26_claudia_felser_awarded_the_2023_europhysics_prize] Extracting actors: https://thequantuminsider.com/2023/09/26/claudia-felser-awarded-the-2023-europhysics-prize (1/1), chunk 25/36
[07:50:42 +4m 41s | thequantuminsider_2023_09_26_claudia_felser_awarded_the_2023_europhysics_prize] Repaired malformed JSON.
[07:50:42 +4m 41s | thequantuminsider_2023_09_26_claudia_felser_awarded_the_2023_europhysics_prize] Extracting actors: https://thequantuminsider.com/2023/09/26/claudia-felser-awarded-the-2023-europhysics-prize (1/1), chunk 26/36
[07:50:43 +4m 44s | thequantuminsider_2023_09_26_claudia_felser_awarded_the_2023_europhysics_prize] Extracting actors: https://thequantuminsider.com/2023/09/26/claudia-felser-awarded-the-2023-europhysics-prize (1/1), chunk 27/36
[07:50:47 +4m 49s | thequantuminsider_2023_09_26_claudia_felser_awarded_the_2023_europhysics_prize] Extracting actors: https://thequantuminsider.com/2023/09/26/claudia-felser-awarded-the-2023-europhysics-prize (1/1), chunk 28/36
[07:50:56 +4m 57s | thequantuminsider_2023_09_26_claudia_felser_awarded_the_2023_europhysics_prize] Repaired malformed JSON.
[07:50:56 +4m 57s | thequantuminsider_2023_09_26_claudia_felser_awarded_the_2023_europhysics_prize] Extracting actors: https://thequantuminsider.com/2023/09/26/claudia-felser-awarded-the-2023-europhysics-prize (1/1), chunk 29/36
[07:51:04 +5m 5s | thequantuminsider_2023_09_26_claudia_felser_awarded_the_2023_europhysics_prize] Repaired malformed JSON.
[07:51:04 +5m 5s | thequantuminsider_2023_09_26_claudia_felser_awarded_the_2023_europhysics_prize] Extracting actors: https://thequantuminsider.com/2023/09/26/claudia-felser-awarded-the-2023-europhysics-prize (1/1), chunk 30/36
[07:51:12 +5m 13s | thequantuminsider_2023_09_26_claudia_felser_awarded_the_2023_europhysics_prize] Repaired malformed JSON.
[07:51:12 +5m 13s | thequantuminsider_2023_09_26_claudia_felser_awarded_the_2023_europhysics_prize] Extracting actors: https://thequantuminsider.com/2023/09/26/claudia-felser-awarded-the-2023-europhysics-prize (1/1), chunk 31/36
[07:51:16 +5m 19s | thequantuminsider_2023_09_26_claudia_felser_awarded_the_2023_europhysics_prize] Extracting actors: https://thequantuminsider.com/2023/09/26/claudia-felser-awarded-the-2023-europhysics-prize (1/1), chunk 32/36
[07:51:25 +5m 28s | thequantuminsider_2023_09_26_claudia_felser_awarded_the_2023_europhysics_prize] Repaired malformed JSON.
[07:51:25 +5m 28s | thequantuminsider_2023_09_26_claudia_felser_awarded_the_2023_europhysics_prize] Extracting actors: https://thequantuminsider.com/2023/09/26/claudia-felser-awarded-the-2023-europhysics-prize (1/1), chunk 33/36
[07:51:33 +5m 37s | thequantuminsider_2023_09_26_claudia_felser_awarded_the_2023_europhysics_prize] Repaired malformed JSON.
[07:51:33 +5m 37s | thequantuminsider_2023_09_26_claudia_felser_awarded_the_2023_europhysics_prize] Extracting actors: https://thequantuminsider.com/2023/09/26/claudia-felser-awarded-the-2023-europhysics-prize (1/1), chunk 34/36
[07:51:42 +5m 45s | thequantuminsider_2023_09_26_claudia_felser_awarded_the_2023_europhysics_prize] Repaired malformed JSON.
[07:51:42 +5m 45s | thequantuminsider_2023_09_26_claudia_felser_awarded_the_2023_europhysics_prize] Extracting actors: https://thequantuminsider.com/2023/09/26/claudia-felser-awarded-the-2023-europhysics-prize (1/1), chunk 35/36
[07:51:48 +5m 54s | thequantuminsider_2023_09_26_claudia_felser_awarded_the_2023_europhysics_prize] Repaired malformed JSON.
[07:51:48 +5m 54s | thequantuminsider_2023_09_26_claudia_felser_awarded_the_2023_europhysics_prize] Extracting actors: https://thequantuminsider.com/2023/09/26/claudia-felser-awarded-the-2023-europhysics-prize (1/1), chunk 36/36
[07:51:56 +6m 2s | thequantuminsider_2023_09_26_claudia_felser_awarded_the_2023_europhysics_prize] Repaired malformed JSON.
[07:51:56 +6m 2s | thequantuminsider_2023_09_26_claudia_felser_awarded_the_2023_europhysics_prize] Saved 1_actor_results.json with 54 extracted records

[07:51:57 +6m 3s | thequantuminsider_2023_09_26_claudia_felser_awarded_the_2023_europhysics_prize] === 2 clean actors ===
[07:51:57 +6m 3s | thequantuminsider_2023_09_26_claudia_felser_awarded_the_2023_europhysics_prize] Loaded 54 extracted records
[07:51:57 +6m 3s | thequantuminsider_2023_09_26_claudia_felser_awarded_the_2023_europhysics_prize] Saved 2_actor_nodes.json with 22 canonical actor nodes

[07:51:57 +6m 3s | thequantuminsider_2023_09_26_claudia_felser_awarded_the_2023_europhysics_prize] === 3 interaction extraction ===
[07:51:57 +6m 3s | thequantuminsider_2023_09_26_claudia_felser_awarded_the_2023_europhysics_prize] Extracting interactions: https://thequantuminsider.com/2023/09/26/claudia-felser-awarded-the-2023-europhysics-prize (1/1), chunk 11/36
[07:51:59 +6m 5s | thequantuminsider_2023_09_26_claudia_felser_awarded_the_2023_europhysics_prize] Extracting interactions: https://thequantuminsider.com/2023/09/26/claudia-felser-awarded-the-2023-europhysics-prize (1/1), chunk 12/36
[07:52:12 +6m 18s | thequantuminsider_2023_09_26_claudia_felser_awarded_the_2023_europhysics_prize] Extracting interactions: https://thequantuminsider.com/2023/09/26/claudia-felser-awarded-the-2023-europhysics-prize (1/1), chunk 13/36
[07:52:34 +6m 43s | thequantuminsider_2023_09_26_claudia_felser_awarded_the_2023_europhysics_prize] Extracting interactions: https://thequantuminsider.com/2023/09/26/claudia-felser-awarded-the-2023-europhysics-prize (1/1), chunk 14/36
[07:52:42 +6m 51s | thequantuminsider_2023_09_26_claudia_felser_awarded_the_2023_europhysics_prize] Extracting interactions: https://thequantuminsider.com/2023/09/26/claudia-felser-awarded-the-2023-europhysics-prize (1/1), chunk 15/36
[07:53:02 +7m 13s | thequantuminsider_2023_09_26_claudia_felser_awarded_the_2023_europhysics_prize] Extracting interactions: https://thequantuminsider.com/2023/09/26/claudia-felser-awarded-the-2023-europhysics-prize (1/1), chunk 16/36
[07:53:30 +7m 43s | thequantuminsider_2023_09_26_claudia_felser_awarded_the_2023_europhysics_prize] Extracting interactions: https://thequantuminsider.com/2023/09/26/claudia-felser-awarded-the-2023-europhysics-prize (1/1), chunk 17/36
[07:53:34 +7m 47s | thequantuminsider_2023_09_26_claudia_felser_awarded_the_2023_europhysics_prize] Extracting interactions: https://thequantuminsider.com/2023/09/26/claudia-felser-awarded-the-2023-europhysics-prize (1/1), chunk 18/36
[07:53:35 +7m 48s | thequantuminsider_2023_09_26_claudia_felser_awarded_the_2023_europhysics_prize] Extracting interactions: https://thequantuminsider.com/2023/09/26/claudia-felser-awarded-the-2023-europhysics-prize (1/1), chunk 19/36
[07:53:38 +7m 51s | thequantuminsider_2023_09_26_claudia_felser_awarded_the_2023_europhysics_prize] Extracting interactions: https://thequantuminsider.com/2023/09/26/claudia-felser-awarded-the-2023-europhysics-prize (1/1), chunk 20/36
[07:53:45 +8m 1s | thequantuminsider_2023_09_26_claudia_felser_awarded_the_2023_europhysics_prize] Extracting interactions: https://thequantuminsider.com/2023/09/26/claudia-felser-awarded-the-2023-europhysics-prize (1/1), chunk 21/36
[07:53:52 +8m 8s | thequantuminsider_2023_09_26_claudia_felser_awarded_the_2023_europhysics_prize] Extracting interactions: https://thequantuminsider.com/2023/09/26/claudia-felser-awarded-the-2023-europhysics-prize (1/1), chunk 22/36
[07:53:56 +8m 12s | thequantuminsider_2023_09_26_claudia_felser_awarded_the_2023_europhysics_prize] Extracting interactions: https://thequantuminsider.com/2023/09/26/claudia-felser-awarded-the-2023-europhysics-prize (1/1), chunk 24/36
[07:54:20 +8m 38s | thequantuminsider_2023_09_26_claudia_felser_awarded_the_2023_europhysics_prize] Extracting interactions: https://thequantuminsider.com/2023/09/26/claudia-felser-awarded-the-2023-europhysics-prize (1/1), chunk 25/36
[07:54:28 +8m 46s | thequantuminsider_2023_09_26_claudia_felser_awarded_the_2023_europhysics_prize] Extracting interactions: https://thequantuminsider.com/2023/09/26/claudia-felser-awarded-the-2023-europhysics-prize (1/1), chunk 26/36
[07:54:34 +8m 52s | thequantuminsider_2023_09_26_claudia_felser_awarded_the_2023_europhysics_prize] Extracting interactions: https://thequantuminsider.com/2023/09/26/claudia-felser-awarded-the-2023-europhysics-prize (1/1), chunk 27/36
[07:54:39 +8m 58s | thequantuminsider_2023_09_26_claudia_felser_awarded_the_2023_europhysics_prize] Extracting interactions: https://thequantuminsider.com/2023/09/26/claudia-felser-awarded-the-2023-europhysics-prize (1/1), chunk 28/36
[07:54:54 +9m 15s | thequantuminsider_2023_09_26_claudia_felser_awarded_the_2023_europhysics_prize] Extracting interactions: https://thequantuminsider.com/2023/09/26/claudia-felser-awarded-the-2023-europhysics-prize (1/1), chunk 29/36
[07:54:57 +9m 17s | thequantuminsider_2023_09_26_claudia_felser_awarded_the_2023_europhysics_prize] Extracting interactions: https://thequantuminsider.com/2023/09/26/claudia-felser-awarded-the-2023-europhysics-prize (1/1), chunk 30/36
[07:54:58 +9m 19s | thequantuminsider_2023_09_26_claudia_felser_awarded_the_2023_europhysics_prize] Extracting interactions: https://thequantuminsider.com/2023/09/26/claudia-felser-awarded-the-2023-europhysics-prize (1/1), chunk 31/36
[07:55:00 +9m 20s | thequantuminsider_2023_09_26_claudia_felser_awarded_the_2023_europhysics_prize] Extracting interactions: https://thequantuminsider.com/2023/09/26/claudia-felser-awarded-the-2023-europhysics-prize (1/1), chunk 32/36
[07:55:01 +9m 22s | thequantuminsider_2023_09_26_claudia_felser_awarded_the_2023_europhysics_prize] Extracting interactions: https://thequantuminsider.com/2023/09/26/claudia-felser-awarded-the-2023-europhysics-prize (1/1), chunk 34/36
[07:55:03 +9m 24s | thequantuminsider_2023_09_26_claudia_felser_awarded_the_2023_europhysics_prize] Extracting interactions: https://thequantuminsider.com/2023/09/26/claudia-felser-awarded-the-2023-europhysics-prize (1/1), chunk 35/36
[07:55:04 +9m 25s | thequantuminsider_2023_09_26_claudia_felser_awarded_the_2023_europhysics_prize] Extracting interactions: https://thequantuminsider.com/2023/09/26/claudia-felser-awarded-the-2023-europhysics-prize (1/1), chunk 36/36
[07:55:06 +9m 27s | thequantuminsider_2023_09_26_claudia_felser_awarded_the_2023_europhysics_prize] Saved 3_interaction_results.json with 26 extracted interactions.

[07:55:06 +9m 27s | thequantuminsider_2023_09_26_claudia_felser_awarded_the_2023_europhysics_prize] === 4 clean interactions ===
[07:55:06 +9m 27s | thequantuminsider_2023_09_26_claudia_felser_awarded_the_2023_europhysics_prize] Saved 4_edges.json with 1 cleaned interactions.

[07:55:06 +9m 27s | thequantuminsider_2023_09_26_claudia_felser_awarded_the_2023_europhysics_prize] === 5 helix enrichment ===
[07:55:06 +9m 27s | thequantuminsider_2023_09_26_claudia_felser_awarded_the_2023_europhysics_prize] Wrote 5_nodes.json (22 actors)
[07:55:06 +9m 27s | thequantuminsider_2023_09_26_claudia_felser_awarded_the_2023_europhysics_prize] Wrote 5_edges.json (1 interactions)
[07:55:06 +9m 27s | thequantuminsider_2023_09_26_claudia_felser_awarded_the_2023_europhysics_prize] Actor helix counts: {'Academia': 4, 'Civil Society': 4, 'Government': 1, 'Industry': 2, 'Intermediary': 1, 'Unknown': 10}
[07:55:06 +9m 27s | thequantuminsider_2023_09_26_claudia_felser_awarded_the_2023_europhysics_prize] Functional-space counts: {'Unknown': 1}

[07:55:06 +9m 27s | thequantuminsider_2023_09_26_claudia_felser_awarded_the_2023_europhysics_prize] === 6 network visualisation ===
[07:55:06 +9m 27s | thequantuminsider_2023_09_26_claudia_felser_awarded_the_2023_europhysics_prize] Wrote quantum_network.html
[07:55:06 +9m 27s | thequantuminsider_2023_09_26_claudia_felser_awarded_the_2023_europhysics_prize] Nodes: 22
[07:55:06 +9m 27s | thequantuminsider_2023_09_26_claudia_felser_awarded_the_2023_europhysics_prize] Edges: 1

[07:55:07 +9m 27s | thequantuminsider_2023_09_26_claudia_felser_awarded_the_2023_europhysics_prize] Done. Outputs written to: /home/lv/IDP/idpdeeptech/pipeline/news_outputs/thequantuminsider_2023_09_26_claudia_felser_awarded_the_2023_europhysics_prize
[07:55:07 +9m 27s | thequantuminsider_2023_09_26_claudia_felser_awarded_the_2023_europhysics_prize] Log: /home/lv/IDP/idpdeeptech/pipeline/news_outputs/thequantuminsider_2023_09_26_claudia_felser_awarded_the_2023_europhysics_prize/run.log

========================================================================
RUN FINISHED 2026-07-05 07:55:07  (OK)
Started:     2026-07-05 07:46:21
Elapsed:     9m 27s
========================================================================
