
========================================================================
RUN STARTED  2026-07-05 05:43:40
site_pipeline.py https://thequantuminsider.com/2023/10/24/first-quandela-quantum-computer-delivered-and-installed-in-ovhcloud-datacenter/
========================================================================

[05:43:40 +0s | thequantuminsider_2023_10_24_first_quandela_quantum_computer_delivered_and_installed_in_o_bde4a96b] === 0 crawl site ===
[05:43:41 +1s | thequantuminsider_2023_10_24_first_quandela_quantum_computer_delivered_and_installed_in_o_bde4a96b] [INIT].... → Crawl4AI 0.8.6 
[05:43:43 +3s | thequantuminsider_2023_10_24_first_quandela_quantum_computer_delivered_and_installed_in_o_bde4a96b] [FETCH]... ↓ https://thequantuminsider.com/2023/10/24/first-q...-delivered-and-installed-in-ovhcloud-datacenter/  | ✓ | ⏱: 1.98s 
[05:43:44 +4s | thequantuminsider_2023_10_24_first_quandela_quantum_computer_delivered_and_installed_in_o_bde4a96b] [SCRAPE].. ◆ https://thequantuminsider.com/2023/10/24/first-q...-delivered-and-installed-in-ovhcloud-datacenter/  | ✓ | ⏱: 0.14s 
[05:43:44 +4s | thequantuminsider_2023_10_24_first_quandela_quantum_computer_delivered_and_installed_in_o_bde4a96b] [COMPLETE] ● https://thequantuminsider.com/2023/10/24/first-q...-delivered-and-installed-in-ovhcloud-datacenter/  | ✓ | ⏱: 2.14s 
[05:43:44 +4s | thequantuminsider_2023_10_24_first_quandela_quantum_computer_delivered_and_installed_in_o_bde4a96b] Saved: crawl_output/a86fa3ed9d_thequantuminsider.com_2023_10_24_first-quandela-quantum-computer-delivered-and-installed-in-ovhcloud-datacenter.json

[05:43:44 +4s | thequantuminsider_2023_10_24_first_quandela_quantum_computer_delivered_and_installed_in_o_bde4a96b] === 1 actor extraction ===
[05:43:44 +4s | thequantuminsider_2023_10_24_first_quandela_quantum_computer_delivered_and_installed_in_o_bde4a96b] Reading page (1/1): https://thequantuminsider.com/2023/10/24/first-quandela-quantum-computer-delivered-and-installed-in-ovhcloud-datacenter
[05:43:44 +4s | thequantuminsider_2023_10_24_first_quandela_quantum_computer_delivered_and_installed_in_o_bde4a96b] Extracting actors: https://thequantuminsider.com/2023/10/24/first-quandela-quantum-computer-delivered-and-installed-in-ovhcloud-datacenter (1/1), chunk 1/36
[05:44:07 +29s | thequantuminsider_2023_10_24_first_quandela_quantum_computer_delivered_and_installed_in_o_bde4a96b] Repaired malformed JSON.
[05:44:07 +29s | thequantuminsider_2023_10_24_first_quandela_quantum_computer_delivered_and_installed_in_o_bde4a96b] Extracting actors: https://thequantuminsider.com/2023/10/24/first-quandela-quantum-computer-delivered-and-installed-in-ovhcloud-datacenter (1/1), chunk 2/36
[05:44:21 +43s | thequantuminsider_2023_10_24_first_quandela_quantum_computer_delivered_and_installed_in_o_bde4a96b] Repaired malformed JSON.
[05:44:21 +43s | thequantuminsider_2023_10_24_first_quandela_quantum_computer_delivered_and_installed_in_o_bde4a96b] Extracting actors: https://thequantuminsider.com/2023/10/24/first-quandela-quantum-computer-delivered-and-installed-in-ovhcloud-datacenter (1/1), chunk 3/36
[05:44:30 +52s | thequantuminsider_2023_10_24_first_quandela_quantum_computer_delivered_and_installed_in_o_bde4a96b] Repaired malformed JSON.
[05:44:30 +52s | thequantuminsider_2023_10_24_first_quandela_quantum_computer_delivered_and_installed_in_o_bde4a96b] Extracting actors: https://thequantuminsider.com/2023/10/24/first-quandela-quantum-computer-delivered-and-installed-in-ovhcloud-datacenter (1/1), chunk 4/36
[05:44:54 +1m 18s | thequantuminsider_2023_10_24_first_quandela_quantum_computer_delivered_and_installed_in_o_bde4a96b] Repaired malformed JSON.
[05:44:54 +1m 18s | thequantuminsider_2023_10_24_first_quandela_quantum_computer_delivered_and_installed_in_o_bde4a96b] Extracting actors: https://thequantuminsider.com/2023/10/24/first-quandela-quantum-computer-delivered-and-installed-in-ovhcloud-datacenter (1/1), chunk 5/36
[05:45:03 +1m 27s | thequantuminsider_2023_10_24_first_quandela_quantum_computer_delivered_and_installed_in_o_bde4a96b] Repaired malformed JSON.
[05:45:03 +1m 27s | thequantuminsider_2023_10_24_first_quandela_quantum_computer_delivered_and_installed_in_o_bde4a96b] Extracting actors: https://thequantuminsider.com/2023/10/24/first-quandela-quantum-computer-delivered-and-installed-in-ovhcloud-datacenter (1/1), chunk 6/36
[05:45:12 +1m 38s | thequantuminsider_2023_10_24_first_quandela_quantum_computer_delivered_and_installed_in_o_bde4a96b] Repaired malformed JSON.
[05:45:12 +1m 38s | thequantuminsider_2023_10_24_first_quandela_quantum_computer_delivered_and_installed_in_o_bde4a96b] Extracting actors: https://thequantuminsider.com/2023/10/24/first-quandela-quantum-computer-delivered-and-installed-in-ovhcloud-datacenter (1/1), chunk 7/36
[05:45:21 +1m 47s | thequantuminsider_2023_10_24_first_quandela_quantum_computer_delivered_and_installed_in_o_bde4a96b] Repaired malformed JSON.
[05:45:21 +1m 47s | thequantuminsider_2023_10_24_first_quandela_quantum_computer_delivered_and_installed_in_o_bde4a96b] Extracting actors: https://thequantuminsider.com/2023/10/24/first-quandela-quantum-computer-delivered-and-installed-in-ovhcloud-datacenter (1/1), chunk 8/36
[05:45:30 +1m 56s | thequantuminsider_2023_10_24_first_quandela_quantum_computer_delivered_and_installed_in_o_bde4a96b] Repaired malformed JSON.
[05:45:30 +1m 56s | thequantuminsider_2023_10_24_first_quandela_quantum_computer_delivered_and_installed_in_o_bde4a96b] Extracting actors: https://thequantuminsider.com/2023/10/24/first-quandela-quantum-computer-delivered-and-installed-in-ovhcloud-datacenter (1/1), chunk 9/36
[05:45:35 +2m 3s | thequantuminsider_2023_10_24_first_quandela_quantum_computer_delivered_and_installed_in_o_bde4a96b] Repaired malformed JSON.
[05:45:35 +2m 3s | thequantuminsider_2023_10_24_first_quandela_quantum_computer_delivered_and_installed_in_o_bde4a96b] Extracting actors: https://thequantuminsider.com/2023/10/24/first-quandela-quantum-computer-delivered-and-installed-in-ovhcloud-datacenter (1/1), chunk 10/36
[05:45:59 +2m 27s | thequantuminsider_2023_10_24_first_quandela_quantum_computer_delivered_and_installed_in_o_bde4a96b] Extracting actors: https://thequantuminsider.com/2023/10/24/first-quandela-quantum-computer-delivered-and-installed-in-ovhcloud-datacenter (1/1), chunk 11/36
[05:46:07 +2m 38s | thequantuminsider_2023_10_24_first_quandela_quantum_computer_delivered_and_installed_in_o_bde4a96b] Repaired malformed JSON.
[05:46:07 +2m 38s | thequantuminsider_2023_10_24_first_quandela_quantum_computer_delivered_and_installed_in_o_bde4a96b] Extracting actors: https://thequantuminsider.com/2023/10/24/first-quandela-quantum-computer-delivered-and-installed-in-ovhcloud-datacenter (1/1), chunk 12/36
[05:46:35 +3m 5s | thequantuminsider_2023_10_24_first_quandela_quantum_computer_delivered_and_installed_in_o_bde4a96b] Repaired malformed JSON.
[05:46:35 +3m 5s | thequantuminsider_2023_10_24_first_quandela_quantum_computer_delivered_and_installed_in_o_bde4a96b] Extracting actors: https://thequantuminsider.com/2023/10/24/first-quandela-quantum-computer-delivered-and-installed-in-ovhcloud-datacenter (1/1), chunk 13/36
[05:46:41 +3m 14s | thequantuminsider_2023_10_24_first_quandela_quantum_computer_delivered_and_installed_in_o_bde4a96b] Repaired malformed JSON.
[05:46:41 +3m 14s | thequantuminsider_2023_10_24_first_quandela_quantum_computer_delivered_and_installed_in_o_bde4a96b] Extracting actors: https://thequantuminsider.com/2023/10/24/first-quandela-quantum-computer-delivered-and-installed-in-ovhcloud-datacenter (1/1), chunk 14/36
[05:46:50 +3m 22s | thequantuminsider_2023_10_24_first_quandela_quantum_computer_delivered_and_installed_in_o_bde4a96b] Repaired malformed JSON.
[05:46:50 +3m 22s | thequantuminsider_2023_10_24_first_quandela_quantum_computer_delivered_and_installed_in_o_bde4a96b] Extracting actors: https://thequantuminsider.com/2023/10/24/first-quandela-quantum-computer-delivered-and-installed-in-ovhcloud-datacenter (1/1), chunk 15/36
[05:47:01 +3m 33s | thequantuminsider_2023_10_24_first_quandela_quantum_computer_delivered_and_installed_in_o_bde4a96b] Repaired malformed JSON.
[05:47:01 +3m 33s | thequantuminsider_2023_10_24_first_quandela_quantum_computer_delivered_and_installed_in_o_bde4a96b] Extracting actors: https://thequantuminsider.com/2023/10/24/first-quandela-quantum-computer-delivered-and-installed-in-ovhcloud-datacenter (1/1), chunk 16/36
[05:47:06 +3m 40s | thequantuminsider_2023_10_24_first_quandela_quantum_computer_delivered_and_installed_in_o_bde4a96b] Repaired malformed JSON.
[05:47:06 +3m 40s | thequantuminsider_2023_10_24_first_quandela_quantum_computer_delivered_and_installed_in_o_bde4a96b] Extracting actors: https://thequantuminsider.com/2023/10/24/first-quandela-quantum-computer-delivered-and-installed-in-ovhcloud-datacenter (1/1), chunk 17/36
[05:47:12 +3m 47s | thequantuminsider_2023_10_24_first_quandela_quantum_computer_delivered_and_installed_in_o_bde4a96b] Repaired malformed JSON.
[05:47:12 +3m 47s | thequantuminsider_2023_10_24_first_quandela_quantum_computer_delivered_and_installed_in_o_bde4a96b] Extracting actors: https://thequantuminsider.com/2023/10/24/first-quandela-quantum-computer-delivered-and-installed-in-ovhcloud-datacenter (1/1), chunk 18/36
[05:47:19 +3m 54s | thequantuminsider_2023_10_24_first_quandela_quantum_computer_delivered_and_installed_in_o_bde4a96b] Repaired malformed JSON.
[05:47:19 +3m 54s | thequantuminsider_2023_10_24_first_quandela_quantum_computer_delivered_and_installed_in_o_bde4a96b] Extracting actors: https://thequantuminsider.com/2023/10/24/first-quandela-quantum-computer-delivered-and-installed-in-ovhcloud-datacenter (1/1), chunk 19/36
[05:47:30 +4m 4s | thequantuminsider_2023_10_24_first_quandela_quantum_computer_delivered_and_installed_in_o_bde4a96b] Repaired malformed JSON.
[05:47:30 +4m 4s | thequantuminsider_2023_10_24_first_quandela_quantum_computer_delivered_and_installed_in_o_bde4a96b] Extracting actors: https://thequantuminsider.com/2023/10/24/first-quandela-quantum-computer-delivered-and-installed-in-ovhcloud-datacenter (1/1), chunk 20/36
[05:47:55 +4m 31s | thequantuminsider_2023_10_24_first_quandela_quantum_computer_delivered_and_installed_in_o_bde4a96b] Repaired malformed JSON.
[05:47:55 +4m 31s | thequantuminsider_2023_10_24_first_quandela_quantum_computer_delivered_and_installed_in_o_bde4a96b] Extracting actors: https://thequantuminsider.com/2023/10/24/first-quandela-quantum-computer-delivered-and-installed-in-ovhcloud-datacenter (1/1), chunk 21/36
[05:48:05 +4m 41s | thequantuminsider_2023_10_24_first_quandela_quantum_computer_delivered_and_installed_in_o_bde4a96b] Repaired malformed JSON.
[05:48:05 +4m 41s | thequantuminsider_2023_10_24_first_quandela_quantum_computer_delivered_and_installed_in_o_bde4a96b] Extracting actors: https://thequantuminsider.com/2023/10/24/first-quandela-quantum-computer-delivered-and-installed-in-ovhcloud-datacenter (1/1), chunk 22/36
[05:48:11 +4m 50s | thequantuminsider_2023_10_24_first_quandela_quantum_computer_delivered_and_installed_in_o_bde4a96b] Repaired malformed JSON.
[05:48:11 +4m 50s | thequantuminsider_2023_10_24_first_quandela_quantum_computer_delivered_and_installed_in_o_bde4a96b] Extracting actors: https://thequantuminsider.com/2023/10/24/first-quandela-quantum-computer-delivered-and-installed-in-ovhcloud-datacenter (1/1), chunk 23/36
[05:48:37 +5m 18s | thequantuminsider_2023_10_24_first_quandela_quantum_computer_delivered_and_installed_in_o_bde4a96b] Repaired malformed JSON.
[05:48:37 +5m 18s | thequantuminsider_2023_10_24_first_quandela_quantum_computer_delivered_and_installed_in_o_bde4a96b] Extracting actors: https://thequantuminsider.com/2023/10/24/first-quandela-quantum-computer-delivered-and-installed-in-ovhcloud-datacenter (1/1), chunk 24/36
[05:48:53 +5m 34s | thequantuminsider_2023_10_24_first_quandela_quantum_computer_delivered_and_installed_in_o_bde4a96b] Extracting actors: https://thequantuminsider.com/2023/10/24/first-quandela-quantum-computer-delivered-and-installed-in-ovhcloud-datacenter (1/1), chunk 25/36
[05:49:01 +5m 41s | thequantuminsider_2023_10_24_first_quandela_quantum_computer_delivered_and_installed_in_o_bde4a96b] Repaired malformed JSON.
[05:49:01 +5m 41s | thequantuminsider_2023_10_24_first_quandela_quantum_computer_delivered_and_installed_in_o_bde4a96b] Extracting actors: https://thequantuminsider.com/2023/10/24/first-quandela-quantum-computer-delivered-and-installed-in-ovhcloud-datacenter (1/1), chunk 26/36
[05:49:02 +5m 43s | thequantuminsider_2023_10_24_first_quandela_quantum_computer_delivered_and_installed_in_o_bde4a96b] Extracting actors: https://thequantuminsider.com/2023/10/24/first-quandela-quantum-computer-delivered-and-installed-in-ovhcloud-datacenter (1/1), chunk 27/36
[05:49:08 +5m 50s | thequantuminsider_2023_10_24_first_quandela_quantum_computer_delivered_and_installed_in_o_bde4a96b] Extracting actors: https://thequantuminsider.com/2023/10/24/first-quandela-quantum-computer-delivered-and-installed-in-ovhcloud-datacenter (1/1), chunk 28/36
[05:49:15 +5m 57s | thequantuminsider_2023_10_24_first_quandela_quantum_computer_delivered_and_installed_in_o_bde4a96b] Repaired malformed JSON.
[05:49:15 +5m 57s | thequantuminsider_2023_10_24_first_quandela_quantum_computer_delivered_and_installed_in_o_bde4a96b] Extracting actors: https://thequantuminsider.com/2023/10/24/first-quandela-quantum-computer-delivered-and-installed-in-ovhcloud-datacenter (1/1), chunk 29/36
[05:49:23 +6m 5s | thequantuminsider_2023_10_24_first_quandela_quantum_computer_delivered_and_installed_in_o_bde4a96b] Repaired malformed JSON.
[05:49:23 +6m 5s | thequantuminsider_2023_10_24_first_quandela_quantum_computer_delivered_and_installed_in_o_bde4a96b] Extracting actors: https://thequantuminsider.com/2023/10/24/first-quandela-quantum-computer-delivered-and-installed-in-ovhcloud-datacenter (1/1), chunk 30/36
[05:49:29 +6m 12s | thequantuminsider_2023_10_24_first_quandela_quantum_computer_delivered_and_installed_in_o_bde4a96b] Repaired malformed JSON.
[05:49:29 +6m 12s | thequantuminsider_2023_10_24_first_quandela_quantum_computer_delivered_and_installed_in_o_bde4a96b] Extracting actors: https://thequantuminsider.com/2023/10/24/first-quandela-quantum-computer-delivered-and-installed-in-ovhcloud-datacenter (1/1), chunk 31/36
[05:49:36 +6m 20s | thequantuminsider_2023_10_24_first_quandela_quantum_computer_delivered_and_installed_in_o_bde4a96b] Repaired malformed JSON.
[05:49:36 +6m 20s | thequantuminsider_2023_10_24_first_quandela_quantum_computer_delivered_and_installed_in_o_bde4a96b] Extracting actors: https://thequantuminsider.com/2023/10/24/first-quandela-quantum-computer-delivered-and-installed-in-ovhcloud-datacenter (1/1), chunk 32/36
[05:49:43 +6m 27s | thequantuminsider_2023_10_24_first_quandela_quantum_computer_delivered_and_installed_in_o_bde4a96b] Repaired malformed JSON.
[05:49:43 +6m 27s | thequantuminsider_2023_10_24_first_quandela_quantum_computer_delivered_and_installed_in_o_bde4a96b] Extracting actors: https://thequantuminsider.com/2023/10/24/first-quandela-quantum-computer-delivered-and-installed-in-ovhcloud-datacenter (1/1), chunk 33/36
[05:49:50 +6m 35s | thequantuminsider_2023_10_24_first_quandela_quantum_computer_delivered_and_installed_in_o_bde4a96b] Repaired malformed JSON.
[05:49:50 +6m 35s | thequantuminsider_2023_10_24_first_quandela_quantum_computer_delivered_and_installed_in_o_bde4a96b] Extracting actors: https://thequantuminsider.com/2023/10/24/first-quandela-quantum-computer-delivered-and-installed-in-ovhcloud-datacenter (1/1), chunk 34/36
[05:49:59 +6m 43s | thequantuminsider_2023_10_24_first_quandela_quantum_computer_delivered_and_installed_in_o_bde4a96b] Repaired malformed JSON.
[05:49:59 +6m 43s | thequantuminsider_2023_10_24_first_quandela_quantum_computer_delivered_and_installed_in_o_bde4a96b] Extracting actors: https://thequantuminsider.com/2023/10/24/first-quandela-quantum-computer-delivered-and-installed-in-ovhcloud-datacenter (1/1), chunk 35/36
[05:50:06 +6m 50s | thequantuminsider_2023_10_24_first_quandela_quantum_computer_delivered_and_installed_in_o_bde4a96b] Repaired malformed JSON.
[05:50:06 +6m 50s | thequantuminsider_2023_10_24_first_quandela_quantum_computer_delivered_and_installed_in_o_bde4a96b] Extracting actors: https://thequantuminsider.com/2023/10/24/first-quandela-quantum-computer-delivered-and-installed-in-ovhcloud-datacenter (1/1), chunk 36/36
[05:50:10 +6m 57s | thequantuminsider_2023_10_24_first_quandela_quantum_computer_delivered_and_installed_in_o_bde4a96b] Repaired malformed JSON.
[05:50:10 +6m 57s | thequantuminsider_2023_10_24_first_quandela_quantum_computer_delivered_and_installed_in_o_bde4a96b] Saved 1_actor_results.json with 63 extracted records

[05:50:10 +6m 57s | thequantuminsider_2023_10_24_first_quandela_quantum_computer_delivered_and_installed_in_o_bde4a96b] === 2 clean actors ===
[05:50:10 +6m 57s | thequantuminsider_2023_10_24_first_quandela_quantum_computer_delivered_and_installed_in_o_bde4a96b] Loaded 63 extracted records
[05:50:10 +6m 57s | thequantuminsider_2023_10_24_first_quandela_quantum_computer_delivered_and_installed_in_o_bde4a96b] Saved 2_actor_nodes.json with 16 canonical actor nodes

[05:50:10 +6m 57s | thequantuminsider_2023_10_24_first_quandela_quantum_computer_delivered_and_installed_in_o_bde4a96b] === 3 interaction extraction ===
[05:50:10 +6m 57s | thequantuminsider_2023_10_24_first_quandela_quantum_computer_delivered_and_installed_in_o_bde4a96b] Extracting interactions: https://thequantuminsider.com/2023/10/24/first-quandela-quantum-computer-delivered-and-installed-in-ovhcloud-datacenter (1/1), chunk 11/36
[05:50:19 +7m 5s | thequantuminsider_2023_10_24_first_quandela_quantum_computer_delivered_and_installed_in_o_bde4a96b] Extracting interactions: https://thequantuminsider.com/2023/10/24/first-quandela-quantum-computer-delivered-and-installed-in-ovhcloud-datacenter (1/1), chunk 12/36
[05:50:57 +7m 45s | thequantuminsider_2023_10_24_first_quandela_quantum_computer_delivered_and_installed_in_o_bde4a96b] Extracting interactions: https://thequantuminsider.com/2023/10/24/first-quandela-quantum-computer-delivered-and-installed-in-ovhcloud-datacenter (1/1), chunk 13/36
[05:51:27 +8m 18s | thequantuminsider_2023_10_24_first_quandela_quantum_computer_delivered_and_installed_in_o_bde4a96b] Extracting interactions: https://thequantuminsider.com/2023/10/24/first-quandela-quantum-computer-delivered-and-installed-in-ovhcloud-datacenter (1/1), chunk 14/36
[05:51:35 +8m 26s | thequantuminsider_2023_10_24_first_quandela_quantum_computer_delivered_and_installed_in_o_bde4a96b] Extracting interactions: https://thequantuminsider.com/2023/10/24/first-quandela-quantum-computer-delivered-and-installed-in-ovhcloud-datacenter (1/1), chunk 15/36
[05:51:39 +8m 32s | thequantuminsider_2023_10_24_first_quandela_quantum_computer_delivered_and_installed_in_o_bde4a96b] Extracting interactions: https://thequantuminsider.com/2023/10/24/first-quandela-quantum-computer-delivered-and-installed-in-ovhcloud-datacenter (1/1), chunk 16/36
[05:51:40 +8m 33s | thequantuminsider_2023_10_24_first_quandela_quantum_computer_delivered_and_installed_in_o_bde4a96b] Extracting interactions: https://thequantuminsider.com/2023/10/24/first-quandela-quantum-computer-delivered-and-installed-in-ovhcloud-datacenter (1/1), chunk 18/36
[05:51:42 +8m 35s | thequantuminsider_2023_10_24_first_quandela_quantum_computer_delivered_and_installed_in_o_bde4a96b] Extracting interactions: https://thequantuminsider.com/2023/10/24/first-quandela-quantum-computer-delivered-and-installed-in-ovhcloud-datacenter (1/1), chunk 19/36
[05:51:44 +8m 37s | thequantuminsider_2023_10_24_first_quandela_quantum_computer_delivered_and_installed_in_o_bde4a96b] Extracting interactions: https://thequantuminsider.com/2023/10/24/first-quandela-quantum-computer-delivered-and-installed-in-ovhcloud-datacenter (1/1), chunk 20/36
[05:51:51 +8m 44s | thequantuminsider_2023_10_24_first_quandela_quantum_computer_delivered_and_installed_in_o_bde4a96b] Extracting interactions: https://thequantuminsider.com/2023/10/24/first-quandela-quantum-computer-delivered-and-installed-in-ovhcloud-datacenter (1/1), chunk 21/36
[05:51:59 +8m 52s | thequantuminsider_2023_10_24_first_quandela_quantum_computer_delivered_and_installed_in_o_bde4a96b] Extracting interactions: https://thequantuminsider.com/2023/10/24/first-quandela-quantum-computer-delivered-and-installed-in-ovhcloud-datacenter (1/1), chunk 25/36
[05:52:04 +8m 56s | thequantuminsider_2023_10_24_first_quandela_quantum_computer_delivered_and_installed_in_o_bde4a96b] Extracting interactions: https://thequantuminsider.com/2023/10/24/first-quandela-quantum-computer-delivered-and-installed-in-ovhcloud-datacenter (1/1), chunk 26/36
[05:52:22 +9m 16s | thequantuminsider_2023_10_24_first_quandela_quantum_computer_delivered_and_installed_in_o_bde4a96b] Extracting interactions: https://thequantuminsider.com/2023/10/24/first-quandela-quantum-computer-delivered-and-installed-in-ovhcloud-datacenter (1/1), chunk 27/36
[05:52:23 +9m 18s | thequantuminsider_2023_10_24_first_quandela_quantum_computer_delivered_and_installed_in_o_bde4a96b] Extracting interactions: https://thequantuminsider.com/2023/10/24/first-quandela-quantum-computer-delivered-and-installed-in-ovhcloud-datacenter (1/1), chunk 28/36
[05:52:26 +9m 21s | thequantuminsider_2023_10_24_first_quandela_quantum_computer_delivered_and_installed_in_o_bde4a96b] Extracting interactions: https://thequantuminsider.com/2023/10/24/first-quandela-quantum-computer-delivered-and-installed-in-ovhcloud-datacenter (1/1), chunk 29/36
[05:52:39 +9m 36s | thequantuminsider_2023_10_24_first_quandela_quantum_computer_delivered_and_installed_in_o_bde4a96b] Extracting interactions: https://thequantuminsider.com/2023/10/24/first-quandela-quantum-computer-delivered-and-installed-in-ovhcloud-datacenter (1/1), chunk 30/36
[05:52:41 +9m 38s | thequantuminsider_2023_10_24_first_quandela_quantum_computer_delivered_and_installed_in_o_bde4a96b] Extracting interactions: https://thequantuminsider.com/2023/10/24/first-quandela-quantum-computer-delivered-and-installed-in-ovhcloud-datacenter (1/1), chunk 31/36
[05:52:43 +9m 40s | thequantuminsider_2023_10_24_first_quandela_quantum_computer_delivered_and_installed_in_o_bde4a96b] Extracting interactions: https://thequantuminsider.com/2023/10/24/first-quandela-quantum-computer-delivered-and-installed-in-ovhcloud-datacenter (1/1), chunk 32/36
[05:52:48 +9m 45s | thequantuminsider_2023_10_24_first_quandela_quantum_computer_delivered_and_installed_in_o_bde4a96b] Extracting interactions: https://thequantuminsider.com/2023/10/24/first-quandela-quantum-computer-delivered-and-installed-in-ovhcloud-datacenter (1/1), chunk 34/36
[05:52:58 +9m 55s | thequantuminsider_2023_10_24_first_quandela_quantum_computer_delivered_and_installed_in_o_bde4a96b] Extracting interactions: https://thequantuminsider.com/2023/10/24/first-quandela-quantum-computer-delivered-and-installed-in-ovhcloud-datacenter (1/1), chunk 35/36
[05:53:00 +9m 57s | thequantuminsider_2023_10_24_first_quandela_quantum_computer_delivered_and_installed_in_o_bde4a96b] Extracting interactions: https://thequantuminsider.com/2023/10/24/first-quandela-quantum-computer-delivered-and-installed-in-ovhcloud-datacenter (1/1), chunk 36/36
[05:53:04 +10m 1s | thequantuminsider_2023_10_24_first_quandela_quantum_computer_delivered_and_installed_in_o_bde4a96b] Saved 3_interaction_results.json with 20 extracted interactions.

[05:53:04 +10m 1s | thequantuminsider_2023_10_24_first_quandela_quantum_computer_delivered_and_installed_in_o_bde4a96b] === 4 clean interactions ===
[05:53:04 +10m 1s | thequantuminsider_2023_10_24_first_quandela_quantum_computer_delivered_and_installed_in_o_bde4a96b] Saved 4_edges.json with 5 cleaned interactions.

[05:53:04 +10m 1s | thequantuminsider_2023_10_24_first_quandela_quantum_computer_delivered_and_installed_in_o_bde4a96b] === 5 helix enrichment ===
[05:53:04 +10m 1s | thequantuminsider_2023_10_24_first_quandela_quantum_computer_delivered_and_installed_in_o_bde4a96b] Wrote 5_nodes.json (16 actors)
[05:53:04 +10m 1s | thequantuminsider_2023_10_24_first_quandela_quantum_computer_delivered_and_installed_in_o_bde4a96b] Wrote 5_edges.json (5 interactions)
[05:53:04 +10m 1s | thequantuminsider_2023_10_24_first_quandela_quantum_computer_delivered_and_installed_in_o_bde4a96b] Actor helix counts: {'Academia': 1, 'Civil Society': 4, 'Industry': 3, 'Unknown': 8}
[05:53:04 +10m 1s | thequantuminsider_2023_10_24_first_quandela_quantum_computer_delivered_and_installed_in_o_bde4a96b] Functional-space counts: {'Intra-helix / Not classified': 4, 'Unknown': 1}

[05:53:04 +10m 1s | thequantuminsider_2023_10_24_first_quandela_quantum_computer_delivered_and_installed_in_o_bde4a96b] === 6 network visualisation ===
[05:53:04 +10m 1s | thequantuminsider_2023_10_24_first_quandela_quantum_computer_delivered_and_installed_in_o_bde4a96b] Wrote quantum_network.html
[05:53:04 +10m 1s | thequantuminsider_2023_10_24_first_quandela_quantum_computer_delivered_and_installed_in_o_bde4a96b] Nodes: 16
[05:53:04 +10m 1s | thequantuminsider_2023_10_24_first_quandela_quantum_computer_delivered_and_installed_in_o_bde4a96b] Edges: 2

[05:53:04 +10m 1s | thequantuminsider_2023_10_24_first_quandela_quantum_computer_delivered_and_installed_in_o_bde4a96b] Done. Outputs written to: /home/lv/IDP/idpdeeptech/pipeline/news_outputs/thequantuminsider_2023_10_24_first_quandela_quantum_computer_delivered_and_installed_in_o_bde4a96b
[05:53:04 +10m 1s | thequantuminsider_2023_10_24_first_quandela_quantum_computer_delivered_and_installed_in_o_bde4a96b] Log: /home/lv/IDP/idpdeeptech/pipeline/news_outputs/thequantuminsider_2023_10_24_first_quandela_quantum_computer_delivered_and_installed_in_o_bde4a96b/run.log

========================================================================
RUN FINISHED 2026-07-05 05:53:04  (OK)
Started:     2026-07-05 05:43:40
Elapsed:     10m 1s
========================================================================
