
========================================================================
RUN STARTED  2026-07-05 01:36:57
site_pipeline.py https://thequantuminsider.com/2023/12/05/extropic-announces-14-1-million-seed-round-building-entropy-computer-for-generative-ai/
========================================================================

[01:36:57 +0s | thequantuminsider_2023_12_05_extropic_announces_14_1_million_seed_round_building_entropy_6d496772] === 0 crawl site ===
[01:36:58 +1s | thequantuminsider_2023_12_05_extropic_announces_14_1_million_seed_round_building_entropy_6d496772] [INIT].... → Crawl4AI 0.8.6 
[01:37:00 +3s | thequantuminsider_2023_12_05_extropic_announces_14_1_million_seed_round_building_entropy_6d496772] [FETCH]... ↓ https://thequantuminsider.com/2023/12/05/extropi...und-building-entropy-computer-for-generative-ai/  | ✓ | ⏱: 1.95s 
[01:37:00 +3s | thequantuminsider_2023_12_05_extropic_announces_14_1_million_seed_round_building_entropy_6d496772] [SCRAPE].. ◆ https://thequantuminsider.com/2023/12/05/extropi...und-building-entropy-computer-for-generative-ai/  | ✓ | ⏱: 0.13s 
[01:37:00 +4s | thequantuminsider_2023_12_05_extropic_announces_14_1_million_seed_round_building_entropy_6d496772] [COMPLETE] ● https://thequantuminsider.com/2023/12/05/extropi...und-building-entropy-computer-for-generative-ai/  | ✓ | ⏱: 2.10s 
[01:37:00 +4s | thequantuminsider_2023_12_05_extropic_announces_14_1_million_seed_round_building_entropy_6d496772] Saved: crawl_output/52ff2b8b4a_thequantuminsider.com_2023_12_05_extropic-announces-14-1-million-seed-round-building-entropy-computer-for-generative-ai.json

[01:37:01 +4s | thequantuminsider_2023_12_05_extropic_announces_14_1_million_seed_round_building_entropy_6d496772] === 1 actor extraction ===
[01:37:01 +4s | thequantuminsider_2023_12_05_extropic_announces_14_1_million_seed_round_building_entropy_6d496772] Reading page (1/1): https://thequantuminsider.com/2023/12/05/extropic-announces-14-1-million-seed-round-building-entropy-computer-for-generative-ai
[01:37:01 +4s | thequantuminsider_2023_12_05_extropic_announces_14_1_million_seed_round_building_entropy_6d496772] Extracting actors: https://thequantuminsider.com/2023/12/05/extropic-announces-14-1-million-seed-round-building-entropy-computer-for-generative-ai (1/1), chunk 1/37
[01:37:05 +9s | thequantuminsider_2023_12_05_extropic_announces_14_1_million_seed_round_building_entropy_6d496772] Extracting actors: https://thequantuminsider.com/2023/12/05/extropic-announces-14-1-million-seed-round-building-entropy-computer-for-generative-ai (1/1), chunk 2/37
[01:37:23 +26s | thequantuminsider_2023_12_05_extropic_announces_14_1_million_seed_round_building_entropy_6d496772] Extracting actors: https://thequantuminsider.com/2023/12/05/extropic-announces-14-1-million-seed-round-building-entropy-computer-for-generative-ai (1/1), chunk 3/37
[01:37:33 +37s | thequantuminsider_2023_12_05_extropic_announces_14_1_million_seed_round_building_entropy_6d496772] Extracting actors: https://thequantuminsider.com/2023/12/05/extropic-announces-14-1-million-seed-round-building-entropy-computer-for-generative-ai (1/1), chunk 4/37
[01:37:42 +46s | thequantuminsider_2023_12_05_extropic_announces_14_1_million_seed_round_building_entropy_6d496772] Repaired malformed JSON.
[01:37:42 +46s | thequantuminsider_2023_12_05_extropic_announces_14_1_million_seed_round_building_entropy_6d496772] Extracting actors: https://thequantuminsider.com/2023/12/05/extropic-announces-14-1-million-seed-round-building-entropy-computer-for-generative-ai (1/1), chunk 5/37
[01:37:48 +52s | thequantuminsider_2023_12_05_extropic_announces_14_1_million_seed_round_building_entropy_6d496772] Extracting actors: https://thequantuminsider.com/2023/12/05/extropic-announces-14-1-million-seed-round-building-entropy-computer-for-generative-ai (1/1), chunk 6/37
[01:37:55 +1m 0s | thequantuminsider_2023_12_05_extropic_announces_14_1_million_seed_round_building_entropy_6d496772] Extracting actors: https://thequantuminsider.com/2023/12/05/extropic-announces-14-1-million-seed-round-building-entropy-computer-for-generative-ai (1/1), chunk 7/37
[01:38:03 +1m 8s | thequantuminsider_2023_12_05_extropic_announces_14_1_million_seed_round_building_entropy_6d496772] Extracting actors: https://thequantuminsider.com/2023/12/05/extropic-announces-14-1-million-seed-round-building-entropy-computer-for-generative-ai (1/1), chunk 8/37
[01:38:08 +1m 13s | thequantuminsider_2023_12_05_extropic_announces_14_1_million_seed_round_building_entropy_6d496772] Extracting actors: https://thequantuminsider.com/2023/12/05/extropic-announces-14-1-million-seed-round-building-entropy-computer-for-generative-ai (1/1), chunk 9/37
[01:38:12 +1m 17s | thequantuminsider_2023_12_05_extropic_announces_14_1_million_seed_round_building_entropy_6d496772] Extracting actors: https://thequantuminsider.com/2023/12/05/extropic-announces-14-1-million-seed-round-building-entropy-computer-for-generative-ai (1/1), chunk 10/37
[01:38:18 +1m 24s | thequantuminsider_2023_12_05_extropic_announces_14_1_million_seed_round_building_entropy_6d496772] Extracting actors: https://thequantuminsider.com/2023/12/05/extropic-announces-14-1-million-seed-round-building-entropy-computer-for-generative-ai (1/1), chunk 11/37
[01:38:26 +1m 31s | thequantuminsider_2023_12_05_extropic_announces_14_1_million_seed_round_building_entropy_6d496772] Repaired malformed JSON.
[01:38:26 +1m 31s | thequantuminsider_2023_12_05_extropic_announces_14_1_million_seed_round_building_entropy_6d496772] Extracting actors: https://thequantuminsider.com/2023/12/05/extropic-announces-14-1-million-seed-round-building-entropy-computer-for-generative-ai (1/1), chunk 12/37
[01:38:33 +1m 39s | thequantuminsider_2023_12_05_extropic_announces_14_1_million_seed_round_building_entropy_6d496772] Repaired malformed JSON.
[01:38:33 +1m 39s | thequantuminsider_2023_12_05_extropic_announces_14_1_million_seed_round_building_entropy_6d496772] Extracting actors: https://thequantuminsider.com/2023/12/05/extropic-announces-14-1-million-seed-round-building-entropy-computer-for-generative-ai (1/1), chunk 13/37
[01:38:40 +1m 47s | thequantuminsider_2023_12_05_extropic_announces_14_1_million_seed_round_building_entropy_6d496772] Repaired malformed JSON.
[01:38:40 +1m 47s | thequantuminsider_2023_12_05_extropic_announces_14_1_million_seed_round_building_entropy_6d496772] Extracting actors: https://thequantuminsider.com/2023/12/05/extropic-announces-14-1-million-seed-round-building-entropy-computer-for-generative-ai (1/1), chunk 14/37
[01:38:46 +1m 53s | thequantuminsider_2023_12_05_extropic_announces_14_1_million_seed_round_building_entropy_6d496772] Repaired malformed JSON.
[01:38:46 +1m 53s | thequantuminsider_2023_12_05_extropic_announces_14_1_million_seed_round_building_entropy_6d496772] Extracting actors: https://thequantuminsider.com/2023/12/05/extropic-announces-14-1-million-seed-round-building-entropy-computer-for-generative-ai (1/1), chunk 15/37
[01:38:56 +2m 2s | thequantuminsider_2023_12_05_extropic_announces_14_1_million_seed_round_building_entropy_6d496772] Repaired malformed JSON.
[01:38:56 +2m 2s | thequantuminsider_2023_12_05_extropic_announces_14_1_million_seed_round_building_entropy_6d496772] Extracting actors: https://thequantuminsider.com/2023/12/05/extropic-announces-14-1-million-seed-round-building-entropy-computer-for-generative-ai (1/1), chunk 16/37
[01:39:02 +2m 10s | thequantuminsider_2023_12_05_extropic_announces_14_1_million_seed_round_building_entropy_6d496772] Repaired malformed JSON.
[01:39:02 +2m 10s | thequantuminsider_2023_12_05_extropic_announces_14_1_million_seed_round_building_entropy_6d496772] Extracting actors: https://thequantuminsider.com/2023/12/05/extropic-announces-14-1-million-seed-round-building-entropy-computer-for-generative-ai (1/1), chunk 17/37
[01:39:10 +2m 18s | thequantuminsider_2023_12_05_extropic_announces_14_1_million_seed_round_building_entropy_6d496772] Repaired malformed JSON.
[01:39:10 +2m 18s | thequantuminsider_2023_12_05_extropic_announces_14_1_million_seed_round_building_entropy_6d496772] Extracting actors: https://thequantuminsider.com/2023/12/05/extropic-announces-14-1-million-seed-round-building-entropy-computer-for-generative-ai (1/1), chunk 18/37
[01:39:16 +2m 24s | thequantuminsider_2023_12_05_extropic_announces_14_1_million_seed_round_building_entropy_6d496772] Repaired malformed JSON.
[01:39:16 +2m 24s | thequantuminsider_2023_12_05_extropic_announces_14_1_million_seed_round_building_entropy_6d496772] Extracting actors: https://thequantuminsider.com/2023/12/05/extropic-announces-14-1-million-seed-round-building-entropy-computer-for-generative-ai (1/1), chunk 19/37
[01:39:22 +2m 30s | thequantuminsider_2023_12_05_extropic_announces_14_1_million_seed_round_building_entropy_6d496772] Repaired malformed JSON.
[01:39:22 +2m 30s | thequantuminsider_2023_12_05_extropic_announces_14_1_million_seed_round_building_entropy_6d496772] Extracting actors: https://thequantuminsider.com/2023/12/05/extropic-announces-14-1-million-seed-round-building-entropy-computer-for-generative-ai (1/1), chunk 20/37
[01:39:28 +2m 36s | thequantuminsider_2023_12_05_extropic_announces_14_1_million_seed_round_building_entropy_6d496772] Repaired malformed JSON.
[01:39:28 +2m 36s | thequantuminsider_2023_12_05_extropic_announces_14_1_million_seed_round_building_entropy_6d496772] Extracting actors: https://thequantuminsider.com/2023/12/05/extropic-announces-14-1-million-seed-round-building-entropy-computer-for-generative-ai (1/1), chunk 21/37
[01:39:34 +2m 42s | thequantuminsider_2023_12_05_extropic_announces_14_1_million_seed_round_building_entropy_6d496772] Repaired malformed JSON.
[01:39:34 +2m 42s | thequantuminsider_2023_12_05_extropic_announces_14_1_million_seed_round_building_entropy_6d496772] Extracting actors: https://thequantuminsider.com/2023/12/05/extropic-announces-14-1-million-seed-round-building-entropy-computer-for-generative-ai (1/1), chunk 22/37
[01:39:39 +2m 48s | thequantuminsider_2023_12_05_extropic_announces_14_1_million_seed_round_building_entropy_6d496772] Repaired malformed JSON.
[01:39:39 +2m 48s | thequantuminsider_2023_12_05_extropic_announces_14_1_million_seed_round_building_entropy_6d496772] Extracting actors: https://thequantuminsider.com/2023/12/05/extropic-announces-14-1-million-seed-round-building-entropy-computer-for-generative-ai (1/1), chunk 23/37
[01:39:45 +2m 54s | thequantuminsider_2023_12_05_extropic_announces_14_1_million_seed_round_building_entropy_6d496772] Repaired malformed JSON.
[01:39:45 +2m 54s | thequantuminsider_2023_12_05_extropic_announces_14_1_million_seed_round_building_entropy_6d496772] Extracting actors: https://thequantuminsider.com/2023/12/05/extropic-announces-14-1-million-seed-round-building-entropy-computer-for-generative-ai (1/1), chunk 24/37
[01:39:52 +3m 1s | thequantuminsider_2023_12_05_extropic_announces_14_1_million_seed_round_building_entropy_6d496772] Repaired malformed JSON.
[01:39:52 +3m 1s | thequantuminsider_2023_12_05_extropic_announces_14_1_million_seed_round_building_entropy_6d496772] Extracting actors: https://thequantuminsider.com/2023/12/05/extropic-announces-14-1-million-seed-round-building-entropy-computer-for-generative-ai (1/1), chunk 25/37
[01:40:00 +3m 8s | thequantuminsider_2023_12_05_extropic_announces_14_1_million_seed_round_building_entropy_6d496772] Extracting actors: https://thequantuminsider.com/2023/12/05/extropic-announces-14-1-million-seed-round-building-entropy-computer-for-generative-ai (1/1), chunk 26/37
[01:40:05 +3m 15s | thequantuminsider_2023_12_05_extropic_announces_14_1_million_seed_round_building_entropy_6d496772] Repaired malformed JSON.
[01:40:05 +3m 15s | thequantuminsider_2023_12_05_extropic_announces_14_1_million_seed_round_building_entropy_6d496772] Extracting actors: https://thequantuminsider.com/2023/12/05/extropic-announces-14-1-million-seed-round-building-entropy-computer-for-generative-ai (1/1), chunk 27/37
[01:40:11 +3m 21s | thequantuminsider_2023_12_05_extropic_announces_14_1_million_seed_round_building_entropy_6d496772] Extracting actors: https://thequantuminsider.com/2023/12/05/extropic-announces-14-1-million-seed-round-building-entropy-computer-for-generative-ai (1/1), chunk 28/37
[01:40:15 +3m 25s | thequantuminsider_2023_12_05_extropic_announces_14_1_million_seed_round_building_entropy_6d496772] Extracting actors: https://thequantuminsider.com/2023/12/05/extropic-announces-14-1-million-seed-round-building-entropy-computer-for-generative-ai (1/1), chunk 29/37
[01:40:24 +3m 34s | thequantuminsider_2023_12_05_extropic_announces_14_1_million_seed_round_building_entropy_6d496772] Repaired malformed JSON.
[01:40:24 +3m 34s | thequantuminsider_2023_12_05_extropic_announces_14_1_million_seed_round_building_entropy_6d496772] Extracting actors: https://thequantuminsider.com/2023/12/05/extropic-announces-14-1-million-seed-round-building-entropy-computer-for-generative-ai (1/1), chunk 30/37
[01:40:31 +3m 40s | thequantuminsider_2023_12_05_extropic_announces_14_1_million_seed_round_building_entropy_6d496772] Repaired malformed JSON.
[01:40:31 +3m 40s | thequantuminsider_2023_12_05_extropic_announces_14_1_million_seed_round_building_entropy_6d496772] Extracting actors: https://thequantuminsider.com/2023/12/05/extropic-announces-14-1-million-seed-round-building-entropy-computer-for-generative-ai (1/1), chunk 31/37
[01:40:39 +3m 50s | thequantuminsider_2023_12_05_extropic_announces_14_1_million_seed_round_building_entropy_6d496772] Repaired malformed JSON.
[01:40:39 +3m 50s | thequantuminsider_2023_12_05_extropic_announces_14_1_million_seed_round_building_entropy_6d496772] Extracting actors: https://thequantuminsider.com/2023/12/05/extropic-announces-14-1-million-seed-round-building-entropy-computer-for-generative-ai (1/1), chunk 32/37
[01:40:50 +4m 0s | thequantuminsider_2023_12_05_extropic_announces_14_1_million_seed_round_building_entropy_6d496772] Repaired malformed JSON.
[01:40:50 +4m 0s | thequantuminsider_2023_12_05_extropic_announces_14_1_million_seed_round_building_entropy_6d496772] Extracting actors: https://thequantuminsider.com/2023/12/05/extropic-announces-14-1-million-seed-round-building-entropy-computer-for-generative-ai (1/1), chunk 33/37
[01:41:00 +4m 10s | thequantuminsider_2023_12_05_extropic_announces_14_1_million_seed_round_building_entropy_6d496772] Repaired malformed JSON.
[01:41:00 +4m 10s | thequantuminsider_2023_12_05_extropic_announces_14_1_million_seed_round_building_entropy_6d496772] Extracting actors: https://thequantuminsider.com/2023/12/05/extropic-announces-14-1-million-seed-round-building-entropy-computer-for-generative-ai (1/1), chunk 34/37
[01:41:27 +4m 39s | thequantuminsider_2023_12_05_extropic_announces_14_1_million_seed_round_building_entropy_6d496772] Repaired malformed JSON.
[01:41:27 +4m 39s | thequantuminsider_2023_12_05_extropic_announces_14_1_million_seed_round_building_entropy_6d496772] Extracting actors: https://thequantuminsider.com/2023/12/05/extropic-announces-14-1-million-seed-round-building-entropy-computer-for-generative-ai (1/1), chunk 35/37
[01:41:46 +4m 59s | thequantuminsider_2023_12_05_extropic_announces_14_1_million_seed_round_building_entropy_6d496772] Repaired malformed JSON.
[01:41:46 +4m 59s | thequantuminsider_2023_12_05_extropic_announces_14_1_million_seed_round_building_entropy_6d496772] Extracting actors: https://thequantuminsider.com/2023/12/05/extropic-announces-14-1-million-seed-round-building-entropy-computer-for-generative-ai (1/1), chunk 36/37
[01:41:54 +5m 6s | thequantuminsider_2023_12_05_extropic_announces_14_1_million_seed_round_building_entropy_6d496772] Repaired malformed JSON.
[01:41:54 +5m 6s | thequantuminsider_2023_12_05_extropic_announces_14_1_million_seed_round_building_entropy_6d496772] Extracting actors: https://thequantuminsider.com/2023/12/05/extropic-announces-14-1-million-seed-round-building-entropy-computer-for-generative-ai (1/1), chunk 37/37
[01:42:02 +5m 15s | thequantuminsider_2023_12_05_extropic_announces_14_1_million_seed_round_building_entropy_6d496772] Repaired malformed JSON.
[01:42:02 +5m 15s | thequantuminsider_2023_12_05_extropic_announces_14_1_million_seed_round_building_entropy_6d496772] Saved 1_actor_results.json with 56 extracted records

[01:42:02 +5m 15s | thequantuminsider_2023_12_05_extropic_announces_14_1_million_seed_round_building_entropy_6d496772] === 2 clean actors ===
[01:42:02 +5m 15s | thequantuminsider_2023_12_05_extropic_announces_14_1_million_seed_round_building_entropy_6d496772] Loaded 56 extracted records
[01:42:02 +5m 15s | thequantuminsider_2023_12_05_extropic_announces_14_1_million_seed_round_building_entropy_6d496772] Saved 2_actor_nodes.json with 20 canonical actor nodes

[01:42:02 +5m 15s | thequantuminsider_2023_12_05_extropic_announces_14_1_million_seed_round_building_entropy_6d496772] === 3 interaction extraction ===
[01:42:02 +5m 15s | thequantuminsider_2023_12_05_extropic_announces_14_1_million_seed_round_building_entropy_6d496772] Extracting interactions: https://thequantuminsider.com/2023/12/05/extropic-announces-14-1-million-seed-round-building-entropy-computer-for-generative-ai (1/1), chunk 11/37
[01:42:28 +5m 42s | thequantuminsider_2023_12_05_extropic_announces_14_1_million_seed_round_building_entropy_6d496772] Extracting interactions: https://thequantuminsider.com/2023/12/05/extropic-announces-14-1-million-seed-round-building-entropy-computer-for-generative-ai (1/1), chunk 12/37
[01:42:36 +5m 50s | thequantuminsider_2023_12_05_extropic_announces_14_1_million_seed_round_building_entropy_6d496772] Extracting interactions: https://thequantuminsider.com/2023/12/05/extropic-announces-14-1-million-seed-round-building-entropy-computer-for-generative-ai (1/1), chunk 13/37
[01:43:03 +6m 18s | thequantuminsider_2023_12_05_extropic_announces_14_1_million_seed_round_building_entropy_6d496772] Extracting interactions: https://thequantuminsider.com/2023/12/05/extropic-announces-14-1-million-seed-round-building-entropy-computer-for-generative-ai (1/1), chunk 14/37
[01:43:11 +6m 27s | thequantuminsider_2023_12_05_extropic_announces_14_1_million_seed_round_building_entropy_6d496772] Extracting interactions: https://thequantuminsider.com/2023/12/05/extropic-announces-14-1-million-seed-round-building-entropy-computer-for-generative-ai (1/1), chunk 15/37
[01:43:17 +6m 33s | thequantuminsider_2023_12_05_extropic_announces_14_1_million_seed_round_building_entropy_6d496772] Extracting interactions: https://thequantuminsider.com/2023/12/05/extropic-announces-14-1-million-seed-round-building-entropy-computer-for-generative-ai (1/1), chunk 16/37
[01:43:22 +6m 37s | thequantuminsider_2023_12_05_extropic_announces_14_1_million_seed_round_building_entropy_6d496772] Extracting interactions: https://thequantuminsider.com/2023/12/05/extropic-announces-14-1-million-seed-round-building-entropy-computer-for-generative-ai (1/1), chunk 17/37
[01:43:23 +6m 39s | thequantuminsider_2023_12_05_extropic_announces_14_1_million_seed_round_building_entropy_6d496772] Extracting interactions: https://thequantuminsider.com/2023/12/05/extropic-announces-14-1-million-seed-round-building-entropy-computer-for-generative-ai (1/1), chunk 19/37
[01:43:26 +6m 42s | thequantuminsider_2023_12_05_extropic_announces_14_1_million_seed_round_building_entropy_6d496772] Extracting interactions: https://thequantuminsider.com/2023/12/05/extropic-announces-14-1-million-seed-round-building-entropy-computer-for-generative-ai (1/1), chunk 20/37
[01:43:29 +6m 45s | thequantuminsider_2023_12_05_extropic_announces_14_1_million_seed_round_building_entropy_6d496772] Extracting interactions: https://thequantuminsider.com/2023/12/05/extropic-announces-14-1-million-seed-round-building-entropy-computer-for-generative-ai (1/1), chunk 21/37
[01:43:35 +6m 51s | thequantuminsider_2023_12_05_extropic_announces_14_1_million_seed_round_building_entropy_6d496772] Extracting interactions: https://thequantuminsider.com/2023/12/05/extropic-announces-14-1-million-seed-round-building-entropy-computer-for-generative-ai (1/1), chunk 22/37
[01:43:38 +6m 55s | thequantuminsider_2023_12_05_extropic_announces_14_1_million_seed_round_building_entropy_6d496772] Extracting interactions: https://thequantuminsider.com/2023/12/05/extropic-announces-14-1-million-seed-round-building-entropy-computer-for-generative-ai (1/1), chunk 26/37
[01:43:44 +7m 1s | thequantuminsider_2023_12_05_extropic_announces_14_1_million_seed_round_building_entropy_6d496772] Extracting interactions: https://thequantuminsider.com/2023/12/05/extropic-announces-14-1-million-seed-round-building-entropy-computer-for-generative-ai (1/1), chunk 27/37
[01:43:46 +7m 3s | thequantuminsider_2023_12_05_extropic_announces_14_1_million_seed_round_building_entropy_6d496772] Extracting interactions: https://thequantuminsider.com/2023/12/05/extropic-announces-14-1-million-seed-round-building-entropy-computer-for-generative-ai (1/1), chunk 28/37
[01:43:48 +7m 5s | thequantuminsider_2023_12_05_extropic_announces_14_1_million_seed_round_building_entropy_6d496772] Extracting interactions: https://thequantuminsider.com/2023/12/05/extropic-announces-14-1-million-seed-round-building-entropy-computer-for-generative-ai (1/1), chunk 29/37
[01:43:52 +7m 8s | thequantuminsider_2023_12_05_extropic_announces_14_1_million_seed_round_building_entropy_6d496772] Extracting interactions: https://thequantuminsider.com/2023/12/05/extropic-announces-14-1-million-seed-round-building-entropy-computer-for-generative-ai (1/1), chunk 30/37
[01:43:53 +7m 10s | thequantuminsider_2023_12_05_extropic_announces_14_1_million_seed_round_building_entropy_6d496772] Extracting interactions: https://thequantuminsider.com/2023/12/05/extropic-announces-14-1-million-seed-round-building-entropy-computer-for-generative-ai (1/1), chunk 31/37
[01:44:12 +7m 30s | thequantuminsider_2023_12_05_extropic_announces_14_1_million_seed_round_building_entropy_6d496772] Extracting interactions: https://thequantuminsider.com/2023/12/05/extropic-announces-14-1-million-seed-round-building-entropy-computer-for-generative-ai (1/1), chunk 32/37
[01:44:14 +7m 32s | thequantuminsider_2023_12_05_extropic_announces_14_1_million_seed_round_building_entropy_6d496772] Extracting interactions: https://thequantuminsider.com/2023/12/05/extropic-announces-14-1-million-seed-round-building-entropy-computer-for-generative-ai (1/1), chunk 33/37
[01:44:15 +7m 33s | thequantuminsider_2023_12_05_extropic_announces_14_1_million_seed_round_building_entropy_6d496772] Extracting interactions: https://thequantuminsider.com/2023/12/05/extropic-announces-14-1-million-seed-round-building-entropy-computer-for-generative-ai (1/1), chunk 34/37
[01:44:17 +7m 35s | thequantuminsider_2023_12_05_extropic_announces_14_1_million_seed_round_building_entropy_6d496772] Extracting interactions: https://thequantuminsider.com/2023/12/05/extropic-announces-14-1-million-seed-round-building-entropy-computer-for-generative-ai (1/1), chunk 35/37
[01:44:18 +7m 36s | thequantuminsider_2023_12_05_extropic_announces_14_1_million_seed_round_building_entropy_6d496772] Extracting interactions: https://thequantuminsider.com/2023/12/05/extropic-announces-14-1-million-seed-round-building-entropy-computer-for-generative-ai (1/1), chunk 36/37
[01:44:21 +7m 39s | thequantuminsider_2023_12_05_extropic_announces_14_1_million_seed_round_building_entropy_6d496772] Extracting interactions: https://thequantuminsider.com/2023/12/05/extropic-announces-14-1-million-seed-round-building-entropy-computer-for-generative-ai (1/1), chunk 37/37
[01:44:22 +7m 40s | thequantuminsider_2023_12_05_extropic_announces_14_1_million_seed_round_building_entropy_6d496772] Saved 3_interaction_results.json with 13 extracted interactions.

[01:44:22 +7m 41s | thequantuminsider_2023_12_05_extropic_announces_14_1_million_seed_round_building_entropy_6d496772] === 4 clean interactions ===
[01:44:23 +7m 41s | thequantuminsider_2023_12_05_extropic_announces_14_1_million_seed_round_building_entropy_6d496772] Saved 4_edges.json with 7 cleaned interactions.

[01:44:23 +7m 41s | thequantuminsider_2023_12_05_extropic_announces_14_1_million_seed_round_building_entropy_6d496772] === 5 helix enrichment ===
[01:44:23 +7m 41s | thequantuminsider_2023_12_05_extropic_announces_14_1_million_seed_round_building_entropy_6d496772] Wrote 5_nodes.json (20 actors)
[01:44:23 +7m 41s | thequantuminsider_2023_12_05_extropic_announces_14_1_million_seed_round_building_entropy_6d496772] Wrote 5_edges.json (7 interactions)
[01:44:23 +7m 41s | thequantuminsider_2023_12_05_extropic_announces_14_1_million_seed_round_building_entropy_6d496772] Actor helix counts: {'Academia': 1, 'Civil Society': 3, 'Industry': 6, 'Intermediary': 3, 'Unknown': 7}
[01:44:23 +7m 41s | thequantuminsider_2023_12_05_extropic_announces_14_1_million_seed_round_building_entropy_6d496772] Functional-space counts: {'Innovation': 4, 'Intra-helix / Not classified': 2, 'Public': 1}

[01:44:23 +7m 41s | thequantuminsider_2023_12_05_extropic_announces_14_1_million_seed_round_building_entropy_6d496772] === 6 network visualisation ===
[01:44:23 +7m 41s | thequantuminsider_2023_12_05_extropic_announces_14_1_million_seed_round_building_entropy_6d496772] Wrote quantum_network.html
[01:44:23 +7m 41s | thequantuminsider_2023_12_05_extropic_announces_14_1_million_seed_round_building_entropy_6d496772] Nodes: 20
[01:44:23 +7m 41s | thequantuminsider_2023_12_05_extropic_announces_14_1_million_seed_round_building_entropy_6d496772] Edges: 3

[01:44:23 +7m 41s | thequantuminsider_2023_12_05_extropic_announces_14_1_million_seed_round_building_entropy_6d496772] Done. Outputs written to: /home/lv/IDP/idpdeeptech/pipeline/news_outputs/thequantuminsider_2023_12_05_extropic_announces_14_1_million_seed_round_building_entropy_6d496772
[01:44:23 +7m 41s | thequantuminsider_2023_12_05_extropic_announces_14_1_million_seed_round_building_entropy_6d496772] Log: /home/lv/IDP/idpdeeptech/pipeline/news_outputs/thequantuminsider_2023_12_05_extropic_announces_14_1_million_seed_round_building_entropy_6d496772/run.log

========================================================================
RUN FINISHED 2026-07-05 01:44:23  (OK)
Started:     2026-07-05 01:36:57
Elapsed:     7m 41s
========================================================================
