
========================================================================
RUN STARTED  2026-07-05 02:06:17
site_pipeline.py https://thequantuminsider.com/2023/11/27/qsimulate-closes-a-2-5-million-financing-round-to-boost-businesses-in-europe-and-asia/
========================================================================

[02:06:17 +0s | thequantuminsider_2023_11_27_qsimulate_closes_a_2_5_million_financing_round_to_boost_busi_17b8d026] === 0 crawl site ===
[02:06:18 +1s | thequantuminsider_2023_11_27_qsimulate_closes_a_2_5_million_financing_round_to_boost_busi_17b8d026] [INIT].... → Crawl4AI 0.8.6 
[02:06:21 +4s | thequantuminsider_2023_11_27_qsimulate_closes_a_2_5_million_financing_round_to_boost_busi_17b8d026] [FETCH]... ↓ https://thequantuminsider.com/2023/11/27/qsimula...ng-round-to-boost-businesses-in-europe-and-asia/  | ✓ | ⏱: 2.72s 
[02:06:21 +4s | thequantuminsider_2023_11_27_qsimulate_closes_a_2_5_million_financing_round_to_boost_busi_17b8d026] [SCRAPE].. ◆ https://thequantuminsider.com/2023/11/27/qsimula...ng-round-to-boost-businesses-in-europe-and-asia/  | ✓ | ⏱: 0.12s 
[02:06:21 +4s | thequantuminsider_2023_11_27_qsimulate_closes_a_2_5_million_financing_round_to_boost_busi_17b8d026] [COMPLETE] ● https://thequantuminsider.com/2023/11/27/qsimula...ng-round-to-boost-businesses-in-europe-and-asia/  | ✓ | ⏱: 2.87s 
[02:06:21 +4s | thequantuminsider_2023_11_27_qsimulate_closes_a_2_5_million_financing_round_to_boost_busi_17b8d026] Saved: crawl_output/b786f601f7_thequantuminsider.com_2023_11_27_qsimulate-closes-a-2-5-million-financing-round-to-boost-businesses-in-europe-and-asia.json

[02:06:21 +5s | thequantuminsider_2023_11_27_qsimulate_closes_a_2_5_million_financing_round_to_boost_busi_17b8d026] === 1 actor extraction ===
[02:06:22 +5s | thequantuminsider_2023_11_27_qsimulate_closes_a_2_5_million_financing_round_to_boost_busi_17b8d026] Reading page (1/1): https://thequantuminsider.com/2023/11/27/qsimulate-closes-a-2-5-million-financing-round-to-boost-businesses-in-europe-and-asia
[02:06:22 +5s | thequantuminsider_2023_11_27_qsimulate_closes_a_2_5_million_financing_round_to_boost_busi_17b8d026] Extracting actors: https://thequantuminsider.com/2023/11/27/qsimulate-closes-a-2-5-million-financing-round-to-boost-businesses-in-europe-and-asia (1/1), chunk 1/37
[02:06:33 +16s | thequantuminsider_2023_11_27_qsimulate_closes_a_2_5_million_financing_round_to_boost_busi_17b8d026] Repaired malformed JSON.
[02:06:33 +16s | thequantuminsider_2023_11_27_qsimulate_closes_a_2_5_million_financing_round_to_boost_busi_17b8d026] Extracting actors: https://thequantuminsider.com/2023/11/27/qsimulate-closes-a-2-5-million-financing-round-to-boost-businesses-in-europe-and-asia (1/1), chunk 2/37
[02:06:40 +23s | thequantuminsider_2023_11_27_qsimulate_closes_a_2_5_million_financing_round_to_boost_busi_17b8d026] Repaired malformed JSON.
[02:06:40 +23s | thequantuminsider_2023_11_27_qsimulate_closes_a_2_5_million_financing_round_to_boost_busi_17b8d026] Extracting actors: https://thequantuminsider.com/2023/11/27/qsimulate-closes-a-2-5-million-financing-round-to-boost-businesses-in-europe-and-asia (1/1), chunk 3/37
[02:06:46 +30s | thequantuminsider_2023_11_27_qsimulate_closes_a_2_5_million_financing_round_to_boost_busi_17b8d026] Repaired malformed JSON.
[02:06:46 +30s | thequantuminsider_2023_11_27_qsimulate_closes_a_2_5_million_financing_round_to_boost_busi_17b8d026] Extracting actors: https://thequantuminsider.com/2023/11/27/qsimulate-closes-a-2-5-million-financing-round-to-boost-businesses-in-europe-and-asia (1/1), chunk 4/37
[02:06:52 +36s | thequantuminsider_2023_11_27_qsimulate_closes_a_2_5_million_financing_round_to_boost_busi_17b8d026] Repaired malformed JSON.
[02:06:52 +36s | thequantuminsider_2023_11_27_qsimulate_closes_a_2_5_million_financing_round_to_boost_busi_17b8d026] Extracting actors: https://thequantuminsider.com/2023/11/27/qsimulate-closes-a-2-5-million-financing-round-to-boost-businesses-in-europe-and-asia (1/1), chunk 5/37
[02:06:57 +41s | thequantuminsider_2023_11_27_qsimulate_closes_a_2_5_million_financing_round_to_boost_busi_17b8d026] Extracting actors: https://thequantuminsider.com/2023/11/27/qsimulate-closes-a-2-5-million-financing-round-to-boost-businesses-in-europe-and-asia (1/1), chunk 6/37
[02:07:02 +47s | thequantuminsider_2023_11_27_qsimulate_closes_a_2_5_million_financing_round_to_boost_busi_17b8d026] Repaired malformed JSON.
[02:07:02 +47s | thequantuminsider_2023_11_27_qsimulate_closes_a_2_5_million_financing_round_to_boost_busi_17b8d026] Extracting actors: https://thequantuminsider.com/2023/11/27/qsimulate-closes-a-2-5-million-financing-round-to-boost-businesses-in-europe-and-asia (1/1), chunk 7/37
[02:07:08 +52s | thequantuminsider_2023_11_27_qsimulate_closes_a_2_5_million_financing_round_to_boost_busi_17b8d026] Extracting actors: https://thequantuminsider.com/2023/11/27/qsimulate-closes-a-2-5-million-financing-round-to-boost-businesses-in-europe-and-asia (1/1), chunk 8/37
[02:07:15 +1m 0s | thequantuminsider_2023_11_27_qsimulate_closes_a_2_5_million_financing_round_to_boost_busi_17b8d026] Repaired malformed JSON.
[02:07:15 +1m 0s | thequantuminsider_2023_11_27_qsimulate_closes_a_2_5_million_financing_round_to_boost_busi_17b8d026] Extracting actors: https://thequantuminsider.com/2023/11/27/qsimulate-closes-a-2-5-million-financing-round-to-boost-businesses-in-europe-and-asia (1/1), chunk 9/37
[02:07:22 +1m 8s | thequantuminsider_2023_11_27_qsimulate_closes_a_2_5_million_financing_round_to_boost_busi_17b8d026] Repaired malformed JSON.
[02:07:22 +1m 8s | thequantuminsider_2023_11_27_qsimulate_closes_a_2_5_million_financing_round_to_boost_busi_17b8d026] Extracting actors: https://thequantuminsider.com/2023/11/27/qsimulate-closes-a-2-5-million-financing-round-to-boost-businesses-in-europe-and-asia (1/1), chunk 10/37
[02:07:32 +1m 17s | thequantuminsider_2023_11_27_qsimulate_closes_a_2_5_million_financing_round_to_boost_busi_17b8d026] Repaired malformed JSON.
[02:07:32 +1m 17s | thequantuminsider_2023_11_27_qsimulate_closes_a_2_5_million_financing_round_to_boost_busi_17b8d026] Extracting actors: https://thequantuminsider.com/2023/11/27/qsimulate-closes-a-2-5-million-financing-round-to-boost-businesses-in-europe-and-asia (1/1), chunk 11/37
[02:07:59 +1m 45s | thequantuminsider_2023_11_27_qsimulate_closes_a_2_5_million_financing_round_to_boost_busi_17b8d026] Repaired malformed JSON.
[02:07:59 +1m 45s | thequantuminsider_2023_11_27_qsimulate_closes_a_2_5_million_financing_round_to_boost_busi_17b8d026] Extracting actors: https://thequantuminsider.com/2023/11/27/qsimulate-closes-a-2-5-million-financing-round-to-boost-businesses-in-europe-and-asia (1/1), chunk 12/37
[02:08:06 +1m 53s | thequantuminsider_2023_11_27_qsimulate_closes_a_2_5_million_financing_round_to_boost_busi_17b8d026] Repaired malformed JSON.
[02:08:06 +1m 53s | thequantuminsider_2023_11_27_qsimulate_closes_a_2_5_million_financing_round_to_boost_busi_17b8d026] Extracting actors: https://thequantuminsider.com/2023/11/27/qsimulate-closes-a-2-5-million-financing-round-to-boost-businesses-in-europe-and-asia (1/1), chunk 13/37
[02:08:14 +2m 0s | thequantuminsider_2023_11_27_qsimulate_closes_a_2_5_million_financing_round_to_boost_busi_17b8d026] Repaired malformed JSON.
[02:08:14 +2m 0s | thequantuminsider_2023_11_27_qsimulate_closes_a_2_5_million_financing_round_to_boost_busi_17b8d026] Extracting actors: https://thequantuminsider.com/2023/11/27/qsimulate-closes-a-2-5-million-financing-round-to-boost-businesses-in-europe-and-asia (1/1), chunk 14/37
[02:08:33 +2m 21s | thequantuminsider_2023_11_27_qsimulate_closes_a_2_5_million_financing_round_to_boost_busi_17b8d026] Repaired malformed JSON.
[02:08:33 +2m 21s | thequantuminsider_2023_11_27_qsimulate_closes_a_2_5_million_financing_round_to_boost_busi_17b8d026] Extracting actors: https://thequantuminsider.com/2023/11/27/qsimulate-closes-a-2-5-million-financing-round-to-boost-businesses-in-europe-and-asia (1/1), chunk 15/37
[02:09:00 +2m 49s | thequantuminsider_2023_11_27_qsimulate_closes_a_2_5_million_financing_round_to_boost_busi_17b8d026] Repaired malformed JSON.
[02:09:00 +2m 49s | thequantuminsider_2023_11_27_qsimulate_closes_a_2_5_million_financing_round_to_boost_busi_17b8d026] Extracting actors: https://thequantuminsider.com/2023/11/27/qsimulate-closes-a-2-5-million-financing-round-to-boost-businesses-in-europe-and-asia (1/1), chunk 16/37
[02:09:06 +2m 55s | thequantuminsider_2023_11_27_qsimulate_closes_a_2_5_million_financing_round_to_boost_busi_17b8d026] Repaired malformed JSON.
[02:09:06 +2m 55s | thequantuminsider_2023_11_27_qsimulate_closes_a_2_5_million_financing_round_to_boost_busi_17b8d026] Extracting actors: https://thequantuminsider.com/2023/11/27/qsimulate-closes-a-2-5-million-financing-round-to-boost-businesses-in-europe-and-asia (1/1), chunk 17/37
[02:09:15 +3m 4s | thequantuminsider_2023_11_27_qsimulate_closes_a_2_5_million_financing_round_to_boost_busi_17b8d026] Repaired malformed JSON.
[02:09:15 +3m 4s | thequantuminsider_2023_11_27_qsimulate_closes_a_2_5_million_financing_round_to_boost_busi_17b8d026] Extracting actors: https://thequantuminsider.com/2023/11/27/qsimulate-closes-a-2-5-million-financing-round-to-boost-businesses-in-europe-and-asia (1/1), chunk 18/37
[02:09:20 +3m 10s | thequantuminsider_2023_11_27_qsimulate_closes_a_2_5_million_financing_round_to_boost_busi_17b8d026] Repaired malformed JSON.
[02:09:20 +3m 10s | thequantuminsider_2023_11_27_qsimulate_closes_a_2_5_million_financing_round_to_boost_busi_17b8d026] Extracting actors: https://thequantuminsider.com/2023/11/27/qsimulate-closes-a-2-5-million-financing-round-to-boost-businesses-in-europe-and-asia (1/1), chunk 19/37
[02:09:26 +3m 17s | thequantuminsider_2023_11_27_qsimulate_closes_a_2_5_million_financing_round_to_boost_busi_17b8d026] Repaired malformed JSON.
[02:09:26 +3m 17s | thequantuminsider_2023_11_27_qsimulate_closes_a_2_5_million_financing_round_to_boost_busi_17b8d026] Extracting actors: https://thequantuminsider.com/2023/11/27/qsimulate-closes-a-2-5-million-financing-round-to-boost-businesses-in-europe-and-asia (1/1), chunk 20/37
[02:09:47 +3m 37s | thequantuminsider_2023_11_27_qsimulate_closes_a_2_5_million_financing_round_to_boost_busi_17b8d026] Repaired malformed JSON.
[02:09:47 +3m 37s | thequantuminsider_2023_11_27_qsimulate_closes_a_2_5_million_financing_round_to_boost_busi_17b8d026] Extracting actors: https://thequantuminsider.com/2023/11/27/qsimulate-closes-a-2-5-million-financing-round-to-boost-businesses-in-europe-and-asia (1/1), chunk 21/37
[02:09:57 +3m 48s | thequantuminsider_2023_11_27_qsimulate_closes_a_2_5_million_financing_round_to_boost_busi_17b8d026] Repaired malformed JSON.
[02:09:57 +3m 48s | thequantuminsider_2023_11_27_qsimulate_closes_a_2_5_million_financing_round_to_boost_busi_17b8d026] Extracting actors: https://thequantuminsider.com/2023/11/27/qsimulate-closes-a-2-5-million-financing-round-to-boost-businesses-in-europe-and-asia (1/1), chunk 22/37
[02:10:06 +3m 58s | thequantuminsider_2023_11_27_qsimulate_closes_a_2_5_million_financing_round_to_boost_busi_17b8d026] Repaired malformed JSON.
[02:10:06 +3m 58s | thequantuminsider_2023_11_27_qsimulate_closes_a_2_5_million_financing_round_to_boost_busi_17b8d026] Extracting actors: https://thequantuminsider.com/2023/11/27/qsimulate-closes-a-2-5-million-financing-round-to-boost-businesses-in-europe-and-asia (1/1), chunk 23/37
[02:10:16 +4m 7s | thequantuminsider_2023_11_27_qsimulate_closes_a_2_5_million_financing_round_to_boost_busi_17b8d026] Repaired malformed JSON.
[02:10:16 +4m 7s | thequantuminsider_2023_11_27_qsimulate_closes_a_2_5_million_financing_round_to_boost_busi_17b8d026] Extracting actors: https://thequantuminsider.com/2023/11/27/qsimulate-closes-a-2-5-million-financing-round-to-boost-businesses-in-europe-and-asia (1/1), chunk 24/37
[02:10:20 +4m 13s | thequantuminsider_2023_11_27_qsimulate_closes_a_2_5_million_financing_round_to_boost_busi_17b8d026] Repaired malformed JSON.
[02:10:20 +4m 13s | thequantuminsider_2023_11_27_qsimulate_closes_a_2_5_million_financing_round_to_boost_busi_17b8d026] Extracting actors: https://thequantuminsider.com/2023/11/27/qsimulate-closes-a-2-5-million-financing-round-to-boost-businesses-in-europe-and-asia (1/1), chunk 25/37
[02:10:29 +4m 21s | thequantuminsider_2023_11_27_qsimulate_closes_a_2_5_million_financing_round_to_boost_busi_17b8d026] Extracting actors: https://thequantuminsider.com/2023/11/27/qsimulate-closes-a-2-5-million-financing-round-to-boost-businesses-in-europe-and-asia (1/1), chunk 26/37
[02:10:36 +4m 28s | thequantuminsider_2023_11_27_qsimulate_closes_a_2_5_million_financing_round_to_boost_busi_17b8d026] Extracting actors: https://thequantuminsider.com/2023/11/27/qsimulate-closes-a-2-5-million-financing-round-to-boost-businesses-in-europe-and-asia (1/1), chunk 27/37
[02:10:52 +4m 45s | thequantuminsider_2023_11_27_qsimulate_closes_a_2_5_million_financing_round_to_boost_busi_17b8d026] Extracting actors: https://thequantuminsider.com/2023/11/27/qsimulate-closes-a-2-5-million-financing-round-to-boost-businesses-in-europe-and-asia (1/1), chunk 28/37
[02:10:58 +4m 52s | thequantuminsider_2023_11_27_qsimulate_closes_a_2_5_million_financing_round_to_boost_busi_17b8d026] Extracting actors: https://thequantuminsider.com/2023/11/27/qsimulate-closes-a-2-5-million-financing-round-to-boost-businesses-in-europe-and-asia (1/1), chunk 29/37
[02:11:07 +5m 1s | thequantuminsider_2023_11_27_qsimulate_closes_a_2_5_million_financing_round_to_boost_busi_17b8d026] Repaired malformed JSON.
[02:11:07 +5m 1s | thequantuminsider_2023_11_27_qsimulate_closes_a_2_5_million_financing_round_to_boost_busi_17b8d026] Extracting actors: https://thequantuminsider.com/2023/11/27/qsimulate-closes-a-2-5-million-financing-round-to-boost-businesses-in-europe-and-asia (1/1), chunk 30/37
[02:11:23 +5m 18s | thequantuminsider_2023_11_27_qsimulate_closes_a_2_5_million_financing_round_to_boost_busi_17b8d026] Repaired malformed JSON.
[02:11:23 +5m 18s | thequantuminsider_2023_11_27_qsimulate_closes_a_2_5_million_financing_round_to_boost_busi_17b8d026] Extracting actors: https://thequantuminsider.com/2023/11/27/qsimulate-closes-a-2-5-million-financing-round-to-boost-businesses-in-europe-and-asia (1/1), chunk 31/37
[02:11:30 +5m 25s | thequantuminsider_2023_11_27_qsimulate_closes_a_2_5_million_financing_round_to_boost_busi_17b8d026] Repaired malformed JSON.
[02:11:30 +5m 25s | thequantuminsider_2023_11_27_qsimulate_closes_a_2_5_million_financing_round_to_boost_busi_17b8d026] Extracting actors: https://thequantuminsider.com/2023/11/27/qsimulate-closes-a-2-5-million-financing-round-to-boost-businesses-in-europe-and-asia (1/1), chunk 32/37
[02:11:41 +5m 36s | thequantuminsider_2023_11_27_qsimulate_closes_a_2_5_million_financing_round_to_boost_busi_17b8d026] Repaired malformed JSON.
[02:11:41 +5m 36s | thequantuminsider_2023_11_27_qsimulate_closes_a_2_5_million_financing_round_to_boost_busi_17b8d026] Extracting actors: https://thequantuminsider.com/2023/11/27/qsimulate-closes-a-2-5-million-financing-round-to-boost-businesses-in-europe-and-asia (1/1), chunk 33/37
[02:11:51 +5m 46s | thequantuminsider_2023_11_27_qsimulate_closes_a_2_5_million_financing_round_to_boost_busi_17b8d026] Repaired malformed JSON.
[02:11:51 +5m 46s | thequantuminsider_2023_11_27_qsimulate_closes_a_2_5_million_financing_round_to_boost_busi_17b8d026] Extracting actors: https://thequantuminsider.com/2023/11/27/qsimulate-closes-a-2-5-million-financing-round-to-boost-businesses-in-europe-and-asia (1/1), chunk 34/37
[02:11:59 +5m 55s | thequantuminsider_2023_11_27_qsimulate_closes_a_2_5_million_financing_round_to_boost_busi_17b8d026] Repaired malformed JSON.
[02:11:59 +5m 55s | thequantuminsider_2023_11_27_qsimulate_closes_a_2_5_million_financing_round_to_boost_busi_17b8d026] Extracting actors: https://thequantuminsider.com/2023/11/27/qsimulate-closes-a-2-5-million-financing-round-to-boost-businesses-in-europe-and-asia (1/1), chunk 35/37
[02:12:07 +6m 3s | thequantuminsider_2023_11_27_qsimulate_closes_a_2_5_million_financing_round_to_boost_busi_17b8d026] Repaired malformed JSON.
[02:12:07 +6m 3s | thequantuminsider_2023_11_27_qsimulate_closes_a_2_5_million_financing_round_to_boost_busi_17b8d026] Extracting actors: https://thequantuminsider.com/2023/11/27/qsimulate-closes-a-2-5-million-financing-round-to-boost-businesses-in-europe-and-asia (1/1), chunk 36/37
[02:12:16 +6m 12s | thequantuminsider_2023_11_27_qsimulate_closes_a_2_5_million_financing_round_to_boost_busi_17b8d026] Repaired malformed JSON.
[02:12:16 +6m 12s | thequantuminsider_2023_11_27_qsimulate_closes_a_2_5_million_financing_round_to_boost_busi_17b8d026] Extracting actors: https://thequantuminsider.com/2023/11/27/qsimulate-closes-a-2-5-million-financing-round-to-boost-businesses-in-europe-and-asia (1/1), chunk 37/37
[02:12:22 +6m 18s | thequantuminsider_2023_11_27_qsimulate_closes_a_2_5_million_financing_round_to_boost_busi_17b8d026] Repaired malformed JSON.
[02:12:22 +6m 18s | thequantuminsider_2023_11_27_qsimulate_closes_a_2_5_million_financing_round_to_boost_busi_17b8d026] Saved 1_actor_results.json with 64 extracted records

[02:12:22 +6m 18s | thequantuminsider_2023_11_27_qsimulate_closes_a_2_5_million_financing_round_to_boost_busi_17b8d026] === 2 clean actors ===
[02:12:22 +6m 18s | thequantuminsider_2023_11_27_qsimulate_closes_a_2_5_million_financing_round_to_boost_busi_17b8d026] Loaded 64 extracted records
[02:12:22 +6m 18s | thequantuminsider_2023_11_27_qsimulate_closes_a_2_5_million_financing_round_to_boost_busi_17b8d026] Saved 2_actor_nodes.json with 21 canonical actor nodes

[02:12:22 +6m 18s | thequantuminsider_2023_11_27_qsimulate_closes_a_2_5_million_financing_round_to_boost_busi_17b8d026] === 3 interaction extraction ===
[02:12:22 +6m 18s | thequantuminsider_2023_11_27_qsimulate_closes_a_2_5_million_financing_round_to_boost_busi_17b8d026] Extracting interactions: https://thequantuminsider.com/2023/11/27/qsimulate-closes-a-2-5-million-financing-round-to-boost-businesses-in-europe-and-asia (1/1), chunk 11/37
[02:12:26 +6m 23s | thequantuminsider_2023_11_27_qsimulate_closes_a_2_5_million_financing_round_to_boost_busi_17b8d026] Extracting interactions: https://thequantuminsider.com/2023/11/27/qsimulate-closes-a-2-5-million-financing-round-to-boost-businesses-in-europe-and-asia (1/1), chunk 12/37
[02:12:50 +6m 47s | thequantuminsider_2023_11_27_qsimulate_closes_a_2_5_million_financing_round_to_boost_busi_17b8d026] Extracting interactions: https://thequantuminsider.com/2023/11/27/qsimulate-closes-a-2-5-million-financing-round-to-boost-businesses-in-europe-and-asia (1/1), chunk 13/37
[02:13:00 +6m 58s | thequantuminsider_2023_11_27_qsimulate_closes_a_2_5_million_financing_round_to_boost_busi_17b8d026] Extracting interactions: https://thequantuminsider.com/2023/11/27/qsimulate-closes-a-2-5-million-financing-round-to-boost-businesses-in-europe-and-asia (1/1), chunk 14/37
[02:13:14 +7m 12s | thequantuminsider_2023_11_27_qsimulate_closes_a_2_5_million_financing_round_to_boost_busi_17b8d026] Extracting interactions: https://thequantuminsider.com/2023/11/27/qsimulate-closes-a-2-5-million-financing-round-to-boost-businesses-in-europe-and-asia (1/1), chunk 15/37
[02:13:24 +7m 22s | thequantuminsider_2023_11_27_qsimulate_closes_a_2_5_million_financing_round_to_boost_busi_17b8d026] Extracting interactions: https://thequantuminsider.com/2023/11/27/qsimulate-closes-a-2-5-million-financing-round-to-boost-businesses-in-europe-and-asia (1/1), chunk 16/37
[02:13:31 +7m 31s | thequantuminsider_2023_11_27_qsimulate_closes_a_2_5_million_financing_round_to_boost_busi_17b8d026] Extracting interactions: https://thequantuminsider.com/2023/11/27/qsimulate-closes-a-2-5-million-financing-round-to-boost-businesses-in-europe-and-asia (1/1), chunk 17/37
[02:13:38 +7m 38s | thequantuminsider_2023_11_27_qsimulate_closes_a_2_5_million_financing_round_to_boost_busi_17b8d026] Extracting interactions: https://thequantuminsider.com/2023/11/27/qsimulate-closes-a-2-5-million-financing-round-to-boost-businesses-in-europe-and-asia (1/1), chunk 19/37
[02:13:40 +7m 40s | thequantuminsider_2023_11_27_qsimulate_closes_a_2_5_million_financing_round_to_boost_busi_17b8d026] Extracting interactions: https://thequantuminsider.com/2023/11/27/qsimulate-closes-a-2-5-million-financing-round-to-boost-businesses-in-europe-and-asia (1/1), chunk 20/37
[02:13:41 +7m 41s | thequantuminsider_2023_11_27_qsimulate_closes_a_2_5_million_financing_round_to_boost_busi_17b8d026] Extracting interactions: https://thequantuminsider.com/2023/11/27/qsimulate-closes-a-2-5-million-financing-round-to-boost-businesses-in-europe-and-asia (1/1), chunk 21/37
[02:13:50 +7m 50s | thequantuminsider_2023_11_27_qsimulate_closes_a_2_5_million_financing_round_to_boost_busi_17b8d026] Extracting interactions: https://thequantuminsider.com/2023/11/27/qsimulate-closes-a-2-5-million-financing-round-to-boost-businesses-in-europe-and-asia (1/1), chunk 22/37
[02:13:55 +7m 55s | thequantuminsider_2023_11_27_qsimulate_closes_a_2_5_million_financing_round_to_boost_busi_17b8d026] Extracting interactions: https://thequantuminsider.com/2023/11/27/qsimulate-closes-a-2-5-million-financing-round-to-boost-businesses-in-europe-and-asia (1/1), chunk 24/37
[02:13:57 +7m 57s | thequantuminsider_2023_11_27_qsimulate_closes_a_2_5_million_financing_round_to_boost_busi_17b8d026] Extracting interactions: https://thequantuminsider.com/2023/11/27/qsimulate-closes-a-2-5-million-financing-round-to-boost-businesses-in-europe-and-asia (1/1), chunk 26/37
[02:14:05 +8m 6s | thequantuminsider_2023_11_27_qsimulate_closes_a_2_5_million_financing_round_to_boost_busi_17b8d026] Extracting interactions: https://thequantuminsider.com/2023/11/27/qsimulate-closes-a-2-5-million-financing-round-to-boost-businesses-in-europe-and-asia (1/1), chunk 27/37
[02:14:13 +8m 14s | thequantuminsider_2023_11_27_qsimulate_closes_a_2_5_million_financing_round_to_boost_busi_17b8d026] Extracting interactions: https://thequantuminsider.com/2023/11/27/qsimulate-closes-a-2-5-million-financing-round-to-boost-businesses-in-europe-and-asia (1/1), chunk 28/37
[02:14:15 +8m 16s | thequantuminsider_2023_11_27_qsimulate_closes_a_2_5_million_financing_round_to_boost_busi_17b8d026] Extracting interactions: https://thequantuminsider.com/2023/11/27/qsimulate-closes-a-2-5-million-financing-round-to-boost-businesses-in-europe-and-asia (1/1), chunk 30/37
[02:14:19 +8m 20s | thequantuminsider_2023_11_27_qsimulate_closes_a_2_5_million_financing_round_to_boost_busi_17b8d026] Extracting interactions: https://thequantuminsider.com/2023/11/27/qsimulate-closes-a-2-5-million-financing-round-to-boost-businesses-in-europe-and-asia (1/1), chunk 31/37
[02:14:23 +8m 24s | thequantuminsider_2023_11_27_qsimulate_closes_a_2_5_million_financing_round_to_boost_busi_17b8d026] Extracting interactions: https://thequantuminsider.com/2023/11/27/qsimulate-closes-a-2-5-million-financing-round-to-boost-businesses-in-europe-and-asia (1/1), chunk 32/37
[02:14:25 +8m 26s | thequantuminsider_2023_11_27_qsimulate_closes_a_2_5_million_financing_round_to_boost_busi_17b8d026] Extracting interactions: https://thequantuminsider.com/2023/11/27/qsimulate-closes-a-2-5-million-financing-round-to-boost-businesses-in-europe-and-asia (1/1), chunk 33/37
[02:14:26 +8m 27s | thequantuminsider_2023_11_27_qsimulate_closes_a_2_5_million_financing_round_to_boost_busi_17b8d026] Extracting interactions: https://thequantuminsider.com/2023/11/27/qsimulate-closes-a-2-5-million-financing-round-to-boost-businesses-in-europe-and-asia (1/1), chunk 35/37
[02:14:40 +8m 42s | thequantuminsider_2023_11_27_qsimulate_closes_a_2_5_million_financing_round_to_boost_busi_17b8d026] Extracting interactions: https://thequantuminsider.com/2023/11/27/qsimulate-closes-a-2-5-million-financing-round-to-boost-businesses-in-europe-and-asia (1/1), chunk 36/37
[02:14:45 +8m 47s | thequantuminsider_2023_11_27_qsimulate_closes_a_2_5_million_financing_round_to_boost_busi_17b8d026] Extracting interactions: https://thequantuminsider.com/2023/11/27/qsimulate-closes-a-2-5-million-financing-round-to-boost-businesses-in-europe-and-asia (1/1), chunk 37/37
[02:14:47 +8m 49s | thequantuminsider_2023_11_27_qsimulate_closes_a_2_5_million_financing_round_to_boost_busi_17b8d026] Saved 3_interaction_results.json with 13 extracted interactions.

[02:14:47 +8m 49s | thequantuminsider_2023_11_27_qsimulate_closes_a_2_5_million_financing_round_to_boost_busi_17b8d026] === 4 clean interactions ===
[02:14:47 +8m 49s | thequantuminsider_2023_11_27_qsimulate_closes_a_2_5_million_financing_round_to_boost_busi_17b8d026] Saved 4_edges.json with 3 cleaned interactions.

[02:14:47 +8m 49s | thequantuminsider_2023_11_27_qsimulate_closes_a_2_5_million_financing_round_to_boost_busi_17b8d026] === 5 helix enrichment ===
[02:14:47 +8m 49s | thequantuminsider_2023_11_27_qsimulate_closes_a_2_5_million_financing_round_to_boost_busi_17b8d026] Wrote 5_nodes.json (21 actors)
[02:14:47 +8m 49s | thequantuminsider_2023_11_27_qsimulate_closes_a_2_5_million_financing_round_to_boost_busi_17b8d026] Wrote 5_edges.json (3 interactions)
[02:14:47 +8m 49s | thequantuminsider_2023_11_27_qsimulate_closes_a_2_5_million_financing_round_to_boost_busi_17b8d026] Actor helix counts: {'Academia': 2, 'Civil Society': 3, 'Industry': 6, 'Intermediary': 2, 'Unknown': 8}
[02:14:47 +8m 49s | thequantuminsider_2023_11_27_qsimulate_closes_a_2_5_million_financing_round_to_boost_busi_17b8d026] Functional-space counts: {'Innovation': 1, 'Intra-helix / Not classified': 2}

[02:14:47 +8m 49s | thequantuminsider_2023_11_27_qsimulate_closes_a_2_5_million_financing_round_to_boost_busi_17b8d026] === 6 network visualisation ===
[02:14:47 +8m 49s | thequantuminsider_2023_11_27_qsimulate_closes_a_2_5_million_financing_round_to_boost_busi_17b8d026] Wrote quantum_network.html
[02:14:47 +8m 49s | thequantuminsider_2023_11_27_qsimulate_closes_a_2_5_million_financing_round_to_boost_busi_17b8d026] Nodes: 21
[02:14:47 +8m 49s | thequantuminsider_2023_11_27_qsimulate_closes_a_2_5_million_financing_round_to_boost_busi_17b8d026] Edges: 3

[02:14:47 +8m 49s | thequantuminsider_2023_11_27_qsimulate_closes_a_2_5_million_financing_round_to_boost_busi_17b8d026] Done. Outputs written to: /home/lv/IDP/idpdeeptech/pipeline/news_outputs/thequantuminsider_2023_11_27_qsimulate_closes_a_2_5_million_financing_round_to_boost_busi_17b8d026
[02:14:47 +8m 49s | thequantuminsider_2023_11_27_qsimulate_closes_a_2_5_million_financing_round_to_boost_busi_17b8d026] Log: /home/lv/IDP/idpdeeptech/pipeline/news_outputs/thequantuminsider_2023_11_27_qsimulate_closes_a_2_5_million_financing_round_to_boost_busi_17b8d026/run.log

========================================================================
RUN FINISHED 2026-07-05 02:14:47  (OK)
Started:     2026-07-05 02:06:17
Elapsed:     8m 49s
========================================================================
