
========================================================================
RUN STARTED  2026-07-05 02:23:32
site_pipeline.py https://thequantuminsider.com/2023/11/27/oqc-announces-100-million-series-b-availability-of-oqc-toshiko/
========================================================================

[02:23:32 +0s | thequantuminsider_2023_11_27_oqc_announces_100_million_series_b_availability_of_oqc_toshiko] === 0 crawl site ===
[02:23:34 +1s | thequantuminsider_2023_11_27_oqc_announces_100_million_series_b_availability_of_oqc_toshiko] [INIT].... → Crawl4AI 0.8.6 
[02:23:35 +3s | thequantuminsider_2023_11_27_oqc_announces_100_million_series_b_availability_of_oqc_toshiko] [FETCH]... ↓ https://thequantuminsider.com/2023/11/27/oqc-ann...00-million-series-b-availability-of-oqc-toshiko/  | ✓ | ⏱: 1.83s 
[02:23:36 +3s | thequantuminsider_2023_11_27_oqc_announces_100_million_series_b_availability_of_oqc_toshiko] [SCRAPE].. ◆ https://thequantuminsider.com/2023/11/27/oqc-ann...00-million-series-b-availability-of-oqc-toshiko/  | ✓ | ⏱: 0.13s 
[02:23:36 +3s | thequantuminsider_2023_11_27_oqc_announces_100_million_series_b_availability_of_oqc_toshiko] [COMPLETE] ● https://thequantuminsider.com/2023/11/27/oqc-ann...00-million-series-b-availability-of-oqc-toshiko/  | ✓ | ⏱: 1.99s 
[02:23:36 +3s | thequantuminsider_2023_11_27_oqc_announces_100_million_series_b_availability_of_oqc_toshiko] Saved: crawl_output/a001bc4d55_thequantuminsider.com_2023_11_27_oqc-announces-100-million-series-b-availability-of-oqc-toshiko.json

[02:23:36 +4s | thequantuminsider_2023_11_27_oqc_announces_100_million_series_b_availability_of_oqc_toshiko] === 1 actor extraction ===
[02:23:36 +4s | thequantuminsider_2023_11_27_oqc_announces_100_million_series_b_availability_of_oqc_toshiko] Reading page (1/1): https://thequantuminsider.com/2023/11/27/oqc-announces-100-million-series-b-availability-of-oqc-toshiko
[02:23:36 +4s | thequantuminsider_2023_11_27_oqc_announces_100_million_series_b_availability_of_oqc_toshiko] Extracting actors: https://thequantuminsider.com/2023/11/27/oqc-announces-100-million-series-b-availability-of-oqc-toshiko (1/1), chunk 1/40
[02:23:44 +12s | thequantuminsider_2023_11_27_oqc_announces_100_million_series_b_availability_of_oqc_toshiko] Extracting actors: https://thequantuminsider.com/2023/11/27/oqc-announces-100-million-series-b-availability-of-oqc-toshiko (1/1), chunk 2/40
[02:23:47 +16s | thequantuminsider_2023_11_27_oqc_announces_100_million_series_b_availability_of_oqc_toshiko] Extracting actors: https://thequantuminsider.com/2023/11/27/oqc-announces-100-million-series-b-availability-of-oqc-toshiko (1/1), chunk 3/40
[02:23:52 +21s | thequantuminsider_2023_11_27_oqc_announces_100_million_series_b_availability_of_oqc_toshiko] Extracting actors: https://thequantuminsider.com/2023/11/27/oqc-announces-100-million-series-b-availability-of-oqc-toshiko (1/1), chunk 4/40
[02:23:58 +27s | thequantuminsider_2023_11_27_oqc_announces_100_million_series_b_availability_of_oqc_toshiko] Extracting actors: https://thequantuminsider.com/2023/11/27/oqc-announces-100-million-series-b-availability-of-oqc-toshiko (1/1), chunk 5/40
[02:24:07 +36s | thequantuminsider_2023_11_27_oqc_announces_100_million_series_b_availability_of_oqc_toshiko] Extracting actors: https://thequantuminsider.com/2023/11/27/oqc-announces-100-million-series-b-availability-of-oqc-toshiko (1/1), chunk 6/40
[02:24:12 +41s | thequantuminsider_2023_11_27_oqc_announces_100_million_series_b_availability_of_oqc_toshiko] Extracting actors: https://thequantuminsider.com/2023/11/27/oqc-announces-100-million-series-b-availability-of-oqc-toshiko (1/1), chunk 7/40
[02:24:18 +48s | thequantuminsider_2023_11_27_oqc_announces_100_million_series_b_availability_of_oqc_toshiko] Extracting actors: https://thequantuminsider.com/2023/11/27/oqc-announces-100-million-series-b-availability-of-oqc-toshiko (1/1), chunk 8/40
[02:24:41 +1m 12s | thequantuminsider_2023_11_27_oqc_announces_100_million_series_b_availability_of_oqc_toshiko] Extracting actors: https://thequantuminsider.com/2023/11/27/oqc-announces-100-million-series-b-availability-of-oqc-toshiko (1/1), chunk 9/40
[02:24:46 +1m 16s | thequantuminsider_2023_11_27_oqc_announces_100_million_series_b_availability_of_oqc_toshiko] Extracting actors: https://thequantuminsider.com/2023/11/27/oqc-announces-100-million-series-b-availability-of-oqc-toshiko (1/1), chunk 10/40
[02:24:51 +1m 22s | thequantuminsider_2023_11_27_oqc_announces_100_million_series_b_availability_of_oqc_toshiko] Extracting actors: https://thequantuminsider.com/2023/11/27/oqc-announces-100-million-series-b-availability-of-oqc-toshiko (1/1), chunk 11/40
[02:24:58 +1m 29s | thequantuminsider_2023_11_27_oqc_announces_100_million_series_b_availability_of_oqc_toshiko] Repaired malformed JSON.
[02:24:58 +1m 29s | thequantuminsider_2023_11_27_oqc_announces_100_million_series_b_availability_of_oqc_toshiko] Extracting actors: https://thequantuminsider.com/2023/11/27/oqc-announces-100-million-series-b-availability-of-oqc-toshiko (1/1), chunk 12/40
[02:25:07 +1m 38s | thequantuminsider_2023_11_27_oqc_announces_100_million_series_b_availability_of_oqc_toshiko] Repaired malformed JSON.
[02:25:07 +1m 38s | thequantuminsider_2023_11_27_oqc_announces_100_million_series_b_availability_of_oqc_toshiko] Extracting actors: https://thequantuminsider.com/2023/11/27/oqc-announces-100-million-series-b-availability-of-oqc-toshiko (1/1), chunk 13/40
[02:25:15 +1m 47s | thequantuminsider_2023_11_27_oqc_announces_100_million_series_b_availability_of_oqc_toshiko] Repaired malformed JSON.
[02:25:15 +1m 47s | thequantuminsider_2023_11_27_oqc_announces_100_million_series_b_availability_of_oqc_toshiko] Extracting actors: https://thequantuminsider.com/2023/11/27/oqc-announces-100-million-series-b-availability-of-oqc-toshiko (1/1), chunk 14/40
[02:25:23 +1m 56s | thequantuminsider_2023_11_27_oqc_announces_100_million_series_b_availability_of_oqc_toshiko] Repaired malformed JSON.
[02:25:23 +1m 56s | thequantuminsider_2023_11_27_oqc_announces_100_million_series_b_availability_of_oqc_toshiko] Extracting actors: https://thequantuminsider.com/2023/11/27/oqc-announces-100-million-series-b-availability-of-oqc-toshiko (1/1), chunk 15/40
[02:25:31 +2m 4s | thequantuminsider_2023_11_27_oqc_announces_100_million_series_b_availability_of_oqc_toshiko] Repaired malformed JSON.
[02:25:31 +2m 4s | thequantuminsider_2023_11_27_oqc_announces_100_million_series_b_availability_of_oqc_toshiko] Extracting actors: https://thequantuminsider.com/2023/11/27/oqc-announces-100-million-series-b-availability-of-oqc-toshiko (1/1), chunk 16/40
[02:25:40 +2m 12s | thequantuminsider_2023_11_27_oqc_announces_100_million_series_b_availability_of_oqc_toshiko] Repaired malformed JSON.
[02:25:40 +2m 12s | thequantuminsider_2023_11_27_oqc_announces_100_million_series_b_availability_of_oqc_toshiko] Extracting actors: https://thequantuminsider.com/2023/11/27/oqc-announces-100-million-series-b-availability-of-oqc-toshiko (1/1), chunk 17/40
[02:25:51 +2m 24s | thequantuminsider_2023_11_27_oqc_announces_100_million_series_b_availability_of_oqc_toshiko] Repaired malformed JSON.
[02:25:51 +2m 24s | thequantuminsider_2023_11_27_oqc_announces_100_million_series_b_availability_of_oqc_toshiko] Extracting actors: https://thequantuminsider.com/2023/11/27/oqc-announces-100-million-series-b-availability-of-oqc-toshiko (1/1), chunk 18/40
[02:25:57 +2m 32s | thequantuminsider_2023_11_27_oqc_announces_100_million_series_b_availability_of_oqc_toshiko] Repaired malformed JSON.
[02:25:57 +2m 32s | thequantuminsider_2023_11_27_oqc_announces_100_million_series_b_availability_of_oqc_toshiko] Extracting actors: https://thequantuminsider.com/2023/11/27/oqc-announces-100-million-series-b-availability-of-oqc-toshiko (1/1), chunk 19/40
[02:26:05 +2m 39s | thequantuminsider_2023_11_27_oqc_announces_100_million_series_b_availability_of_oqc_toshiko] Repaired malformed JSON.
[02:26:05 +2m 39s | thequantuminsider_2023_11_27_oqc_announces_100_million_series_b_availability_of_oqc_toshiko] Extracting actors: https://thequantuminsider.com/2023/11/27/oqc-announces-100-million-series-b-availability-of-oqc-toshiko (1/1), chunk 20/40
[02:26:13 +2m 47s | thequantuminsider_2023_11_27_oqc_announces_100_million_series_b_availability_of_oqc_toshiko] Repaired malformed JSON.
[02:26:13 +2m 47s | thequantuminsider_2023_11_27_oqc_announces_100_million_series_b_availability_of_oqc_toshiko] Extracting actors: https://thequantuminsider.com/2023/11/27/oqc-announces-100-million-series-b-availability-of-oqc-toshiko (1/1), chunk 21/40
[02:26:21 +2m 55s | thequantuminsider_2023_11_27_oqc_announces_100_million_series_b_availability_of_oqc_toshiko] Repaired malformed JSON.
[02:26:21 +2m 55s | thequantuminsider_2023_11_27_oqc_announces_100_million_series_b_availability_of_oqc_toshiko] Extracting actors: https://thequantuminsider.com/2023/11/27/oqc-announces-100-million-series-b-availability-of-oqc-toshiko (1/1), chunk 22/40
[02:26:28 +3m 3s | thequantuminsider_2023_11_27_oqc_announces_100_million_series_b_availability_of_oqc_toshiko] Repaired malformed JSON.
[02:26:28 +3m 3s | thequantuminsider_2023_11_27_oqc_announces_100_million_series_b_availability_of_oqc_toshiko] Extracting actors: https://thequantuminsider.com/2023/11/27/oqc-announces-100-million-series-b-availability-of-oqc-toshiko (1/1), chunk 23/40
[02:26:35 +3m 10s | thequantuminsider_2023_11_27_oqc_announces_100_million_series_b_availability_of_oqc_toshiko] Repaired malformed JSON.
[02:26:35 +3m 10s | thequantuminsider_2023_11_27_oqc_announces_100_million_series_b_availability_of_oqc_toshiko] Extracting actors: https://thequantuminsider.com/2023/11/27/oqc-announces-100-million-series-b-availability-of-oqc-toshiko (1/1), chunk 24/40
[02:26:42 +3m 17s | thequantuminsider_2023_11_27_oqc_announces_100_million_series_b_availability_of_oqc_toshiko] Repaired malformed JSON.
[02:26:42 +3m 17s | thequantuminsider_2023_11_27_oqc_announces_100_million_series_b_availability_of_oqc_toshiko] Extracting actors: https://thequantuminsider.com/2023/11/27/oqc-announces-100-million-series-b-availability-of-oqc-toshiko (1/1), chunk 25/40
[02:26:50 +3m 26s | thequantuminsider_2023_11_27_oqc_announces_100_million_series_b_availability_of_oqc_toshiko] Repaired malformed JSON.
[02:26:50 +3m 26s | thequantuminsider_2023_11_27_oqc_announces_100_million_series_b_availability_of_oqc_toshiko] Extracting actors: https://thequantuminsider.com/2023/11/27/oqc-announces-100-million-series-b-availability-of-oqc-toshiko (1/1), chunk 26/40
[02:26:57 +3m 33s | thequantuminsider_2023_11_27_oqc_announces_100_million_series_b_availability_of_oqc_toshiko] Repaired malformed JSON.
[02:26:57 +3m 33s | thequantuminsider_2023_11_27_oqc_announces_100_million_series_b_availability_of_oqc_toshiko] Extracting actors: https://thequantuminsider.com/2023/11/27/oqc-announces-100-million-series-b-availability-of-oqc-toshiko (1/1), chunk 27/40
[02:27:05 +3m 42s | thequantuminsider_2023_11_27_oqc_announces_100_million_series_b_availability_of_oqc_toshiko] Repaired malformed JSON.
[02:27:05 +3m 42s | thequantuminsider_2023_11_27_oqc_announces_100_million_series_b_availability_of_oqc_toshiko] Extracting actors: https://thequantuminsider.com/2023/11/27/oqc-announces-100-million-series-b-availability-of-oqc-toshiko (1/1), chunk 28/40
[02:27:12 +3m 49s | thequantuminsider_2023_11_27_oqc_announces_100_million_series_b_availability_of_oqc_toshiko] Extracting actors: https://thequantuminsider.com/2023/11/27/oqc-announces-100-million-series-b-availability-of-oqc-toshiko (1/1), chunk 29/40
[02:27:19 +3m 55s | thequantuminsider_2023_11_27_oqc_announces_100_million_series_b_availability_of_oqc_toshiko] Repaired malformed JSON.
[02:27:19 +3m 55s | thequantuminsider_2023_11_27_oqc_announces_100_million_series_b_availability_of_oqc_toshiko] Extracting actors: https://thequantuminsider.com/2023/11/27/oqc-announces-100-million-series-b-availability-of-oqc-toshiko (1/1), chunk 30/40
[02:27:23 +4m 1s | thequantuminsider_2023_11_27_oqc_announces_100_million_series_b_availability_of_oqc_toshiko] Extracting actors: https://thequantuminsider.com/2023/11/27/oqc-announces-100-million-series-b-availability-of-oqc-toshiko (1/1), chunk 31/40
[02:27:28 +4m 6s | thequantuminsider_2023_11_27_oqc_announces_100_million_series_b_availability_of_oqc_toshiko] Extracting actors: https://thequantuminsider.com/2023/11/27/oqc-announces-100-million-series-b-availability-of-oqc-toshiko (1/1), chunk 32/40
[02:27:38 +4m 16s | thequantuminsider_2023_11_27_oqc_announces_100_million_series_b_availability_of_oqc_toshiko] Repaired malformed JSON.
[02:27:38 +4m 16s | thequantuminsider_2023_11_27_oqc_announces_100_million_series_b_availability_of_oqc_toshiko] Extracting actors: https://thequantuminsider.com/2023/11/27/oqc-announces-100-million-series-b-availability-of-oqc-toshiko (1/1), chunk 33/40
[02:27:49 +4m 27s | thequantuminsider_2023_11_27_oqc_announces_100_million_series_b_availability_of_oqc_toshiko] Repaired malformed JSON.
[02:27:49 +4m 27s | thequantuminsider_2023_11_27_oqc_announces_100_million_series_b_availability_of_oqc_toshiko] Extracting actors: https://thequantuminsider.com/2023/11/27/oqc-announces-100-million-series-b-availability-of-oqc-toshiko (1/1), chunk 34/40
[02:27:55 +4m 34s | thequantuminsider_2023_11_27_oqc_announces_100_million_series_b_availability_of_oqc_toshiko] Repaired malformed JSON.
[02:27:55 +4m 34s | thequantuminsider_2023_11_27_oqc_announces_100_million_series_b_availability_of_oqc_toshiko] Extracting actors: https://thequantuminsider.com/2023/11/27/oqc-announces-100-million-series-b-availability-of-oqc-toshiko (1/1), chunk 35/40
[02:28:02 +4m 41s | thequantuminsider_2023_11_27_oqc_announces_100_million_series_b_availability_of_oqc_toshiko] Repaired malformed JSON.
[02:28:02 +4m 41s | thequantuminsider_2023_11_27_oqc_announces_100_million_series_b_availability_of_oqc_toshiko] Extracting actors: https://thequantuminsider.com/2023/11/27/oqc-announces-100-million-series-b-availability-of-oqc-toshiko (1/1), chunk 36/40
[02:28:12 +4m 51s | thequantuminsider_2023_11_27_oqc_announces_100_million_series_b_availability_of_oqc_toshiko] Repaired malformed JSON.
[02:28:12 +4m 51s | thequantuminsider_2023_11_27_oqc_announces_100_million_series_b_availability_of_oqc_toshiko] Extracting actors: https://thequantuminsider.com/2023/11/27/oqc-announces-100-million-series-b-availability-of-oqc-toshiko (1/1), chunk 37/40
[02:28:20 +4m 59s | thequantuminsider_2023_11_27_oqc_announces_100_million_series_b_availability_of_oqc_toshiko] Repaired malformed JSON.
[02:28:20 +4m 59s | thequantuminsider_2023_11_27_oqc_announces_100_million_series_b_availability_of_oqc_toshiko] Extracting actors: https://thequantuminsider.com/2023/11/27/oqc-announces-100-million-series-b-availability-of-oqc-toshiko (1/1), chunk 38/40
[02:28:27 +5m 7s | thequantuminsider_2023_11_27_oqc_announces_100_million_series_b_availability_of_oqc_toshiko] Repaired malformed JSON.
[02:28:27 +5m 7s | thequantuminsider_2023_11_27_oqc_announces_100_million_series_b_availability_of_oqc_toshiko] Extracting actors: https://thequantuminsider.com/2023/11/27/oqc-announces-100-million-series-b-availability-of-oqc-toshiko (1/1), chunk 39/40
[02:28:58 +5m 39s | thequantuminsider_2023_11_27_oqc_announces_100_million_series_b_availability_of_oqc_toshiko] Repaired malformed JSON.
[02:28:58 +5m 39s | thequantuminsider_2023_11_27_oqc_announces_100_million_series_b_availability_of_oqc_toshiko] Extracting actors: https://thequantuminsider.com/2023/11/27/oqc-announces-100-million-series-b-availability-of-oqc-toshiko (1/1), chunk 40/40
[02:29:17 +5m 58s | thequantuminsider_2023_11_27_oqc_announces_100_million_series_b_availability_of_oqc_toshiko] Repaired malformed JSON.
[02:29:17 +5m 58s | thequantuminsider_2023_11_27_oqc_announces_100_million_series_b_availability_of_oqc_toshiko] Saved 1_actor_results.json with 61 extracted records

[02:29:17 +5m 58s | thequantuminsider_2023_11_27_oqc_announces_100_million_series_b_availability_of_oqc_toshiko] === 2 clean actors ===
[02:29:17 +5m 59s | thequantuminsider_2023_11_27_oqc_announces_100_million_series_b_availability_of_oqc_toshiko] Loaded 61 extracted records
[02:29:17 +5m 59s | thequantuminsider_2023_11_27_oqc_announces_100_million_series_b_availability_of_oqc_toshiko] Saved 2_actor_nodes.json with 20 canonical actor nodes

[02:29:17 +5m 59s | thequantuminsider_2023_11_27_oqc_announces_100_million_series_b_availability_of_oqc_toshiko] === 3 interaction extraction ===
[02:29:17 +5m 59s | thequantuminsider_2023_11_27_oqc_announces_100_million_series_b_availability_of_oqc_toshiko] Extracting interactions: https://thequantuminsider.com/2023/11/27/oqc-announces-100-million-series-b-availability-of-oqc-toshiko (1/1), chunk 11/40
[02:29:27 +6m 8s | thequantuminsider_2023_11_27_oqc_announces_100_million_series_b_availability_of_oqc_toshiko] Extracting interactions: https://thequantuminsider.com/2023/11/27/oqc-announces-100-million-series-b-availability-of-oqc-toshiko (1/1), chunk 12/40
[02:29:33 +6m 16s | thequantuminsider_2023_11_27_oqc_announces_100_million_series_b_availability_of_oqc_toshiko] Extracting interactions: https://thequantuminsider.com/2023/11/27/oqc-announces-100-million-series-b-availability-of-oqc-toshiko (1/1), chunk 13/40
[02:29:45 +6m 28s | thequantuminsider_2023_11_27_oqc_announces_100_million_series_b_availability_of_oqc_toshiko] Extracting interactions: https://thequantuminsider.com/2023/11/27/oqc-announces-100-million-series-b-availability-of-oqc-toshiko (1/1), chunk 14/40
[02:30:01 +6m 45s | thequantuminsider_2023_11_27_oqc_announces_100_million_series_b_availability_of_oqc_toshiko] Extracting interactions: https://thequantuminsider.com/2023/11/27/oqc-announces-100-million-series-b-availability-of-oqc-toshiko (1/1), chunk 15/40
[02:30:36 +7m 21s | thequantuminsider_2023_11_27_oqc_announces_100_million_series_b_availability_of_oqc_toshiko] Extracting interactions: https://thequantuminsider.com/2023/11/27/oqc-announces-100-million-series-b-availability-of-oqc-toshiko (1/1), chunk 16/40
[02:30:54 +7m 39s | thequantuminsider_2023_11_27_oqc_announces_100_million_series_b_availability_of_oqc_toshiko] Extracting interactions: https://thequantuminsider.com/2023/11/27/oqc-announces-100-million-series-b-availability-of-oqc-toshiko (1/1), chunk 17/40
[02:31:00 +7m 45s | thequantuminsider_2023_11_27_oqc_announces_100_million_series_b_availability_of_oqc_toshiko] Extracting interactions: https://thequantuminsider.com/2023/11/27/oqc-announces-100-million-series-b-availability-of-oqc-toshiko (1/1), chunk 18/40
[02:31:03 +7m 50s | thequantuminsider_2023_11_27_oqc_announces_100_million_series_b_availability_of_oqc_toshiko] Extracting interactions: https://thequantuminsider.com/2023/11/27/oqc-announces-100-million-series-b-availability-of-oqc-toshiko (1/1), chunk 19/40
[02:31:08 +7m 55s | thequantuminsider_2023_11_27_oqc_announces_100_million_series_b_availability_of_oqc_toshiko] Extracting interactions: https://thequantuminsider.com/2023/11/27/oqc-announces-100-million-series-b-availability-of-oqc-toshiko (1/1), chunk 20/40
[02:31:11 +7m 57s | thequantuminsider_2023_11_27_oqc_announces_100_million_series_b_availability_of_oqc_toshiko] Extracting interactions: https://thequantuminsider.com/2023/11/27/oqc-announces-100-million-series-b-availability-of-oqc-toshiko (1/1), chunk 21/40
[02:31:12 +7m 59s | thequantuminsider_2023_11_27_oqc_announces_100_million_series_b_availability_of_oqc_toshiko] Extracting interactions: https://thequantuminsider.com/2023/11/27/oqc-announces-100-million-series-b-availability-of-oqc-toshiko (1/1), chunk 22/40
[02:31:14 +8m 1s | thequantuminsider_2023_11_27_oqc_announces_100_million_series_b_availability_of_oqc_toshiko] Extracting interactions: https://thequantuminsider.com/2023/11/27/oqc-announces-100-million-series-b-availability-of-oqc-toshiko (1/1), chunk 23/40
[02:31:16 +8m 2s | thequantuminsider_2023_11_27_oqc_announces_100_million_series_b_availability_of_oqc_toshiko] Extracting interactions: https://thequantuminsider.com/2023/11/27/oqc-announces-100-million-series-b-availability-of-oqc-toshiko (1/1), chunk 24/40
[02:31:25 +8m 11s | thequantuminsider_2023_11_27_oqc_announces_100_million_series_b_availability_of_oqc_toshiko] Extracting interactions: https://thequantuminsider.com/2023/11/27/oqc-announces-100-million-series-b-availability-of-oqc-toshiko (1/1), chunk 25/40
[02:31:29 +8m 16s | thequantuminsider_2023_11_27_oqc_announces_100_million_series_b_availability_of_oqc_toshiko] Extracting interactions: https://thequantuminsider.com/2023/11/27/oqc-announces-100-million-series-b-availability-of-oqc-toshiko (1/1), chunk 29/40
[02:31:35 +8m 23s | thequantuminsider_2023_11_27_oqc_announces_100_million_series_b_availability_of_oqc_toshiko] Extracting interactions: https://thequantuminsider.com/2023/11/27/oqc-announces-100-million-series-b-availability-of-oqc-toshiko (1/1), chunk 30/40
[02:32:16 +9m 5s | thequantuminsider_2023_11_27_oqc_announces_100_million_series_b_availability_of_oqc_toshiko] Extracting interactions: https://thequantuminsider.com/2023/11/27/oqc-announces-100-million-series-b-availability-of-oqc-toshiko (1/1), chunk 31/40
[02:32:26 +9m 15s | thequantuminsider_2023_11_27_oqc_announces_100_million_series_b_availability_of_oqc_toshiko] Extracting interactions: https://thequantuminsider.com/2023/11/27/oqc-announces-100-million-series-b-availability-of-oqc-toshiko (1/1), chunk 33/40
[02:32:28 +9m 17s | thequantuminsider_2023_11_27_oqc_announces_100_million_series_b_availability_of_oqc_toshiko] Extracting interactions: https://thequantuminsider.com/2023/11/27/oqc-announces-100-million-series-b-availability-of-oqc-toshiko (1/1), chunk 34/40
[02:33:09 +10m 1s | thequantuminsider_2023_11_27_oqc_announces_100_million_series_b_availability_of_oqc_toshiko] Extracting interactions: https://thequantuminsider.com/2023/11/27/oqc-announces-100-million-series-b-availability-of-oqc-toshiko (1/1), chunk 35/40
[02:33:11 +10m 3s | thequantuminsider_2023_11_27_oqc_announces_100_million_series_b_availability_of_oqc_toshiko] Extracting interactions: https://thequantuminsider.com/2023/11/27/oqc-announces-100-million-series-b-availability-of-oqc-toshiko (1/1), chunk 36/40
[02:33:14 +10m 5s | thequantuminsider_2023_11_27_oqc_announces_100_million_series_b_availability_of_oqc_toshiko] Extracting interactions: https://thequantuminsider.com/2023/11/27/oqc-announces-100-million-series-b-availability-of-oqc-toshiko (1/1), chunk 37/40
[02:33:15 +10m 7s | thequantuminsider_2023_11_27_oqc_announces_100_million_series_b_availability_of_oqc_toshiko] Extracting interactions: https://thequantuminsider.com/2023/11/27/oqc-announces-100-million-series-b-availability-of-oqc-toshiko (1/1), chunk 38/40
[02:33:17 +10m 8s | thequantuminsider_2023_11_27_oqc_announces_100_million_series_b_availability_of_oqc_toshiko] Extracting interactions: https://thequantuminsider.com/2023/11/27/oqc-announces-100-million-series-b-availability-of-oqc-toshiko (1/1), chunk 39/40
[02:33:19 +10m 10s | thequantuminsider_2023_11_27_oqc_announces_100_million_series_b_availability_of_oqc_toshiko] Extracting interactions: https://thequantuminsider.com/2023/11/27/oqc-announces-100-million-series-b-availability-of-oqc-toshiko (1/1), chunk 40/40
[02:33:20 +10m 12s | thequantuminsider_2023_11_27_oqc_announces_100_million_series_b_availability_of_oqc_toshiko] Saved 3_interaction_results.json with 32 extracted interactions.

[02:33:20 +10m 12s | thequantuminsider_2023_11_27_oqc_announces_100_million_series_b_availability_of_oqc_toshiko] === 4 clean interactions ===
[02:33:20 +10m 12s | thequantuminsider_2023_11_27_oqc_announces_100_million_series_b_availability_of_oqc_toshiko] Saved 4_edges.json with 4 cleaned interactions.

[02:33:20 +10m 12s | thequantuminsider_2023_11_27_oqc_announces_100_million_series_b_availability_of_oqc_toshiko] === 5 helix enrichment ===
[02:33:20 +10m 12s | thequantuminsider_2023_11_27_oqc_announces_100_million_series_b_availability_of_oqc_toshiko] Wrote 5_nodes.json (20 actors)
[02:33:20 +10m 12s | thequantuminsider_2023_11_27_oqc_announces_100_million_series_b_availability_of_oqc_toshiko] Wrote 5_edges.json (4 interactions)
[02:33:20 +10m 12s | thequantuminsider_2023_11_27_oqc_announces_100_million_series_b_availability_of_oqc_toshiko] Actor helix counts: {'Academia': 1, 'Civil Society': 3, 'Industry': 5, 'Intermediary': 3, 'Unknown': 8}
[02:33:20 +10m 12s | thequantuminsider_2023_11_27_oqc_announces_100_million_series_b_availability_of_oqc_toshiko] Functional-space counts: {'Innovation': 2, 'Unknown': 2}

[02:33:20 +10m 12s | thequantuminsider_2023_11_27_oqc_announces_100_million_series_b_availability_of_oqc_toshiko] === 6 network visualisation ===
[02:33:21 +10m 13s | thequantuminsider_2023_11_27_oqc_announces_100_million_series_b_availability_of_oqc_toshiko] Wrote quantum_network.html
[02:33:21 +10m 13s | thequantuminsider_2023_11_27_oqc_announces_100_million_series_b_availability_of_oqc_toshiko] Nodes: 20
[02:33:21 +10m 13s | thequantuminsider_2023_11_27_oqc_announces_100_million_series_b_availability_of_oqc_toshiko] Edges: 3

[02:33:21 +10m 13s | thequantuminsider_2023_11_27_oqc_announces_100_million_series_b_availability_of_oqc_toshiko] Done. Outputs written to: /home/lv/IDP/idpdeeptech/pipeline/news_outputs/thequantuminsider_2023_11_27_oqc_announces_100_million_series_b_availability_of_oqc_toshiko
[02:33:21 +10m 13s | thequantuminsider_2023_11_27_oqc_announces_100_million_series_b_availability_of_oqc_toshiko] Log: /home/lv/IDP/idpdeeptech/pipeline/news_outputs/thequantuminsider_2023_11_27_oqc_announces_100_million_series_b_availability_of_oqc_toshiko/run.log

========================================================================
RUN FINISHED 2026-07-05 02:33:21  (OK)
Started:     2026-07-05 02:23:32
Elapsed:     10m 13s
========================================================================
