
========================================================================
RUN STARTED  2026-07-05 07:00:50
site_pipeline.py https://thequantuminsider.com/2023/10/04/adtran-orange-demo-400g-transmission-of-qkd-secured-data-across-184km-end-to-end-system/
========================================================================

[07:00:50 +0s | thequantuminsider_2023_10_04_adtran_orange_demo_400g_transmission_of_qkd_secured_data_acr_99e08374] === 0 crawl site ===
[07:00:52 +1s | thequantuminsider_2023_10_04_adtran_orange_demo_400g_transmission_of_qkd_secured_data_acr_99e08374] [INIT].... → Crawl4AI 0.8.6 
[07:00:52 +4s | thequantuminsider_2023_10_04_adtran_orange_demo_400g_transmission_of_qkd_secured_data_acr_99e08374] [FETCH]... ↓ https://thequantuminsider.com/2023/10/04/adtran-...qkd-secured-data-across-184km-end-to-end-system/  | ✓ | ⏱: 2.35s 
[07:00:52 +4s | thequantuminsider_2023_10_04_adtran_orange_demo_400g_transmission_of_qkd_secured_data_acr_99e08374] [SCRAPE].. ◆ https://thequantuminsider.com/2023/10/04/adtran-...qkd-secured-data-across-184km-end-to-end-system/  | ✓ | ⏱: 0.14s 
[07:00:52 +4s | thequantuminsider_2023_10_04_adtran_orange_demo_400g_transmission_of_qkd_secured_data_acr_99e08374] [COMPLETE] ● https://thequantuminsider.com/2023/10/04/adtran-...qkd-secured-data-across-184km-end-to-end-system/  | ✓ | ⏱: 2.51s 
[07:00:52 +4s | thequantuminsider_2023_10_04_adtran_orange_demo_400g_transmission_of_qkd_secured_data_acr_99e08374] Saved: crawl_output/f9aba6345b_thequantuminsider.com_2023_10_04_adtran-orange-demo-400g-transmission-of-qkd-secured-data-across-184km-end-to-end-system.json

[07:00:52 +4s | thequantuminsider_2023_10_04_adtran_orange_demo_400g_transmission_of_qkd_secured_data_acr_99e08374] === 1 actor extraction ===
[07:00:52 +5s | thequantuminsider_2023_10_04_adtran_orange_demo_400g_transmission_of_qkd_secured_data_acr_99e08374] Reading page (1/1): https://thequantuminsider.com/2023/10/04/adtran-orange-demo-400g-transmission-of-qkd-secured-data-across-184km-end-to-end-system
[07:00:52 +5s | thequantuminsider_2023_10_04_adtran_orange_demo_400g_transmission_of_qkd_secured_data_acr_99e08374] Extracting actors: https://thequantuminsider.com/2023/10/04/adtran-orange-demo-400g-transmission-of-qkd-secured-data-across-184km-end-to-end-system (1/1), chunk 1/41
[07:01:03 +15s | thequantuminsider_2023_10_04_adtran_orange_demo_400g_transmission_of_qkd_secured_data_acr_99e08374] Repaired malformed JSON.
[07:01:03 +15s | thequantuminsider_2023_10_04_adtran_orange_demo_400g_transmission_of_qkd_secured_data_acr_99e08374] Extracting actors: https://thequantuminsider.com/2023/10/04/adtran-orange-demo-400g-transmission-of-qkd-secured-data-across-184km-end-to-end-system (1/1), chunk 2/41
[07:01:12 +24s | thequantuminsider_2023_10_04_adtran_orange_demo_400g_transmission_of_qkd_secured_data_acr_99e08374] Repaired malformed JSON.
[07:01:12 +24s | thequantuminsider_2023_10_04_adtran_orange_demo_400g_transmission_of_qkd_secured_data_acr_99e08374] Extracting actors: https://thequantuminsider.com/2023/10/04/adtran-orange-demo-400g-transmission-of-qkd-secured-data-across-184km-end-to-end-system (1/1), chunk 3/41
[07:01:20 +32s | thequantuminsider_2023_10_04_adtran_orange_demo_400g_transmission_of_qkd_secured_data_acr_99e08374] Extracting actors: https://thequantuminsider.com/2023/10/04/adtran-orange-demo-400g-transmission-of-qkd-secured-data-across-184km-end-to-end-system (1/1), chunk 4/41
[07:01:23 +37s | thequantuminsider_2023_10_04_adtran_orange_demo_400g_transmission_of_qkd_secured_data_acr_99e08374] Extracting actors: https://thequantuminsider.com/2023/10/04/adtran-orange-demo-400g-transmission-of-qkd-secured-data-across-184km-end-to-end-system (1/1), chunk 5/41
[07:01:31 +45s | thequantuminsider_2023_10_04_adtran_orange_demo_400g_transmission_of_qkd_secured_data_acr_99e08374] Repaired malformed JSON.
[07:01:31 +45s | thequantuminsider_2023_10_04_adtran_orange_demo_400g_transmission_of_qkd_secured_data_acr_99e08374] Extracting actors: https://thequantuminsider.com/2023/10/04/adtran-orange-demo-400g-transmission-of-qkd-secured-data-across-184km-end-to-end-system (1/1), chunk 6/41
[07:01:38 +53s | thequantuminsider_2023_10_04_adtran_orange_demo_400g_transmission_of_qkd_secured_data_acr_99e08374] Extracting actors: https://thequantuminsider.com/2023/10/04/adtran-orange-demo-400g-transmission-of-qkd-secured-data-across-184km-end-to-end-system (1/1), chunk 7/41
[07:01:48 +1m 2s | thequantuminsider_2023_10_04_adtran_orange_demo_400g_transmission_of_qkd_secured_data_acr_99e08374] Repaired malformed JSON.
[07:01:48 +1m 2s | thequantuminsider_2023_10_04_adtran_orange_demo_400g_transmission_of_qkd_secured_data_acr_99e08374] Extracting actors: https://thequantuminsider.com/2023/10/04/adtran-orange-demo-400g-transmission-of-qkd-secured-data-across-184km-end-to-end-system (1/1), chunk 8/41
[07:02:14 +1m 31s | thequantuminsider_2023_10_04_adtran_orange_demo_400g_transmission_of_qkd_secured_data_acr_99e08374] Repaired malformed JSON.
[07:02:14 +1m 31s | thequantuminsider_2023_10_04_adtran_orange_demo_400g_transmission_of_qkd_secured_data_acr_99e08374] Extracting actors: https://thequantuminsider.com/2023/10/04/adtran-orange-demo-400g-transmission-of-qkd-secured-data-across-184km-end-to-end-system (1/1), chunk 9/41
[07:02:21 +1m 37s | thequantuminsider_2023_10_04_adtran_orange_demo_400g_transmission_of_qkd_secured_data_acr_99e08374] Extracting actors: https://thequantuminsider.com/2023/10/04/adtran-orange-demo-400g-transmission-of-qkd-secured-data-across-184km-end-to-end-system (1/1), chunk 10/41
[07:02:24 +1m 42s | thequantuminsider_2023_10_04_adtran_orange_demo_400g_transmission_of_qkd_secured_data_acr_99e08374] Extracting actors: https://thequantuminsider.com/2023/10/04/adtran-orange-demo-400g-transmission-of-qkd-secured-data-across-184km-end-to-end-system (1/1), chunk 11/41
[07:02:49 +2m 8s | thequantuminsider_2023_10_04_adtran_orange_demo_400g_transmission_of_qkd_secured_data_acr_99e08374] Repaired malformed JSON.
[07:02:49 +2m 8s | thequantuminsider_2023_10_04_adtran_orange_demo_400g_transmission_of_qkd_secured_data_acr_99e08374] Extracting actors: https://thequantuminsider.com/2023/10/04/adtran-orange-demo-400g-transmission-of-qkd-secured-data-across-184km-end-to-end-system (1/1), chunk 12/41
[07:02:57 +2m 18s | thequantuminsider_2023_10_04_adtran_orange_demo_400g_transmission_of_qkd_secured_data_acr_99e08374] Repaired malformed JSON.
[07:02:57 +2m 18s | thequantuminsider_2023_10_04_adtran_orange_demo_400g_transmission_of_qkd_secured_data_acr_99e08374] Extracting actors: https://thequantuminsider.com/2023/10/04/adtran-orange-demo-400g-transmission-of-qkd-secured-data-across-184km-end-to-end-system (1/1), chunk 13/41
[07:03:23 +2m 47s | thequantuminsider_2023_10_04_adtran_orange_demo_400g_transmission_of_qkd_secured_data_acr_99e08374] Repaired malformed JSON.
[07:03:23 +2m 47s | thequantuminsider_2023_10_04_adtran_orange_demo_400g_transmission_of_qkd_secured_data_acr_99e08374] Extracting actors: https://thequantuminsider.com/2023/10/04/adtran-orange-demo-400g-transmission-of-qkd-secured-data-across-184km-end-to-end-system (1/1), chunk 14/41
[07:03:31 +2m 54s | thequantuminsider_2023_10_04_adtran_orange_demo_400g_transmission_of_qkd_secured_data_acr_99e08374] Repaired malformed JSON.
[07:03:31 +2m 54s | thequantuminsider_2023_10_04_adtran_orange_demo_400g_transmission_of_qkd_secured_data_acr_99e08374] Extracting actors: https://thequantuminsider.com/2023/10/04/adtran-orange-demo-400g-transmission-of-qkd-secured-data-across-184km-end-to-end-system (1/1), chunk 15/41
[07:03:39 +3m 2s | thequantuminsider_2023_10_04_adtran_orange_demo_400g_transmission_of_qkd_secured_data_acr_99e08374] Repaired malformed JSON.
[07:03:39 +3m 2s | thequantuminsider_2023_10_04_adtran_orange_demo_400g_transmission_of_qkd_secured_data_acr_99e08374] Extracting actors: https://thequantuminsider.com/2023/10/04/adtran-orange-demo-400g-transmission-of-qkd-secured-data-across-184km-end-to-end-system (1/1), chunk 16/41
[07:03:47 +3m 10s | thequantuminsider_2023_10_04_adtran_orange_demo_400g_transmission_of_qkd_secured_data_acr_99e08374] Repaired malformed JSON.
[07:03:47 +3m 10s | thequantuminsider_2023_10_04_adtran_orange_demo_400g_transmission_of_qkd_secured_data_acr_99e08374] Extracting actors: https://thequantuminsider.com/2023/10/04/adtran-orange-demo-400g-transmission-of-qkd-secured-data-across-184km-end-to-end-system (1/1), chunk 17/41
[07:03:53 +3m 19s | thequantuminsider_2023_10_04_adtran_orange_demo_400g_transmission_of_qkd_secured_data_acr_99e08374] Repaired malformed JSON.
[07:03:53 +3m 19s | thequantuminsider_2023_10_04_adtran_orange_demo_400g_transmission_of_qkd_secured_data_acr_99e08374] Extracting actors: https://thequantuminsider.com/2023/10/04/adtran-orange-demo-400g-transmission-of-qkd-secured-data-across-184km-end-to-end-system (1/1), chunk 18/41
[07:04:01 +3m 26s | thequantuminsider_2023_10_04_adtran_orange_demo_400g_transmission_of_qkd_secured_data_acr_99e08374] Repaired malformed JSON.
[07:04:01 +3m 26s | thequantuminsider_2023_10_04_adtran_orange_demo_400g_transmission_of_qkd_secured_data_acr_99e08374] Extracting actors: https://thequantuminsider.com/2023/10/04/adtran-orange-demo-400g-transmission-of-qkd-secured-data-across-184km-end-to-end-system (1/1), chunk 19/41
[07:04:27 +3m 55s | thequantuminsider_2023_10_04_adtran_orange_demo_400g_transmission_of_qkd_secured_data_acr_99e08374] Repaired malformed JSON.
[07:04:27 +3m 55s | thequantuminsider_2023_10_04_adtran_orange_demo_400g_transmission_of_qkd_secured_data_acr_99e08374] Extracting actors: https://thequantuminsider.com/2023/10/04/adtran-orange-demo-400g-transmission-of-qkd-secured-data-across-184km-end-to-end-system (1/1), chunk 20/41
[07:04:37 +4m 5s | thequantuminsider_2023_10_04_adtran_orange_demo_400g_transmission_of_qkd_secured_data_acr_99e08374] Repaired malformed JSON.
[07:04:37 +4m 5s | thequantuminsider_2023_10_04_adtran_orange_demo_400g_transmission_of_qkd_secured_data_acr_99e08374] Extracting actors: https://thequantuminsider.com/2023/10/04/adtran-orange-demo-400g-transmission-of-qkd-secured-data-across-184km-end-to-end-system (1/1), chunk 21/41
[07:04:44 +4m 12s | thequantuminsider_2023_10_04_adtran_orange_demo_400g_transmission_of_qkd_secured_data_acr_99e08374] Repaired malformed JSON.
[07:04:44 +4m 12s | thequantuminsider_2023_10_04_adtran_orange_demo_400g_transmission_of_qkd_secured_data_acr_99e08374] Extracting actors: https://thequantuminsider.com/2023/10/04/adtran-orange-demo-400g-transmission-of-qkd-secured-data-across-184km-end-to-end-system (1/1), chunk 22/41
[07:04:50 +4m 18s | thequantuminsider_2023_10_04_adtran_orange_demo_400g_transmission_of_qkd_secured_data_acr_99e08374] Repaired malformed JSON.
[07:04:50 +4m 18s | thequantuminsider_2023_10_04_adtran_orange_demo_400g_transmission_of_qkd_secured_data_acr_99e08374] Extracting actors: https://thequantuminsider.com/2023/10/04/adtran-orange-demo-400g-transmission-of-qkd-secured-data-across-184km-end-to-end-system (1/1), chunk 23/41
[07:04:57 +4m 27s | thequantuminsider_2023_10_04_adtran_orange_demo_400g_transmission_of_qkd_secured_data_acr_99e08374] Repaired malformed JSON.
[07:04:57 +4m 27s | thequantuminsider_2023_10_04_adtran_orange_demo_400g_transmission_of_qkd_secured_data_acr_99e08374] Extracting actors: https://thequantuminsider.com/2023/10/04/adtran-orange-demo-400g-transmission-of-qkd-secured-data-across-184km-end-to-end-system (1/1), chunk 24/41
[07:05:06 +4m 37s | thequantuminsider_2023_10_04_adtran_orange_demo_400g_transmission_of_qkd_secured_data_acr_99e08374] Repaired malformed JSON.
[07:05:06 +4m 37s | thequantuminsider_2023_10_04_adtran_orange_demo_400g_transmission_of_qkd_secured_data_acr_99e08374] Extracting actors: https://thequantuminsider.com/2023/10/04/adtran-orange-demo-400g-transmission-of-qkd-secured-data-across-184km-end-to-end-system (1/1), chunk 25/41
[07:05:15 +4m 46s | thequantuminsider_2023_10_04_adtran_orange_demo_400g_transmission_of_qkd_secured_data_acr_99e08374] Repaired malformed JSON.
[07:05:15 +4m 46s | thequantuminsider_2023_10_04_adtran_orange_demo_400g_transmission_of_qkd_secured_data_acr_99e08374] Extracting actors: https://thequantuminsider.com/2023/10/04/adtran-orange-demo-400g-transmission-of-qkd-secured-data-across-184km-end-to-end-system (1/1), chunk 26/41
[07:05:20 +4m 52s | thequantuminsider_2023_10_04_adtran_orange_demo_400g_transmission_of_qkd_secured_data_acr_99e08374] Repaired malformed JSON.
[07:05:20 +4m 52s | thequantuminsider_2023_10_04_adtran_orange_demo_400g_transmission_of_qkd_secured_data_acr_99e08374] Extracting actors: https://thequantuminsider.com/2023/10/04/adtran-orange-demo-400g-transmission-of-qkd-secured-data-across-184km-end-to-end-system (1/1), chunk 27/41
[07:05:30 +5m 3s | thequantuminsider_2023_10_04_adtran_orange_demo_400g_transmission_of_qkd_secured_data_acr_99e08374] Repaired malformed JSON.
[07:05:30 +5m 3s | thequantuminsider_2023_10_04_adtran_orange_demo_400g_transmission_of_qkd_secured_data_acr_99e08374] Extracting actors: https://thequantuminsider.com/2023/10/04/adtran-orange-demo-400g-transmission-of-qkd-secured-data-across-184km-end-to-end-system (1/1), chunk 28/41
[07:05:38 +5m 11s | thequantuminsider_2023_10_04_adtran_orange_demo_400g_transmission_of_qkd_secured_data_acr_99e08374] Repaired malformed JSON.
[07:05:38 +5m 11s | thequantuminsider_2023_10_04_adtran_orange_demo_400g_transmission_of_qkd_secured_data_acr_99e08374] Extracting actors: https://thequantuminsider.com/2023/10/04/adtran-orange-demo-400g-transmission-of-qkd-secured-data-across-184km-end-to-end-system (1/1), chunk 29/41
[07:05:48 +5m 21s | thequantuminsider_2023_10_04_adtran_orange_demo_400g_transmission_of_qkd_secured_data_acr_99e08374] Extracting actors: https://thequantuminsider.com/2023/10/04/adtran-orange-demo-400g-transmission-of-qkd-secured-data-across-184km-end-to-end-system (1/1), chunk 30/41
[07:05:54 +5m 29s | thequantuminsider_2023_10_04_adtran_orange_demo_400g_transmission_of_qkd_secured_data_acr_99e08374] Repaired malformed JSON.
[07:05:54 +5m 29s | thequantuminsider_2023_10_04_adtran_orange_demo_400g_transmission_of_qkd_secured_data_acr_99e08374] Extracting actors: https://thequantuminsider.com/2023/10/04/adtran-orange-demo-400g-transmission-of-qkd-secured-data-across-184km-end-to-end-system (1/1), chunk 31/41
[07:06:01 +5m 36s | thequantuminsider_2023_10_04_adtran_orange_demo_400g_transmission_of_qkd_secured_data_acr_99e08374] Extracting actors: https://thequantuminsider.com/2023/10/04/adtran-orange-demo-400g-transmission-of-qkd-secured-data-across-184km-end-to-end-system (1/1), chunk 32/41
[07:06:03 +5m 38s | thequantuminsider_2023_10_04_adtran_orange_demo_400g_transmission_of_qkd_secured_data_acr_99e08374] Extracting actors: https://thequantuminsider.com/2023/10/04/adtran-orange-demo-400g-transmission-of-qkd-secured-data-across-184km-end-to-end-system (1/1), chunk 33/41
[07:06:09 +5m 44s | thequantuminsider_2023_10_04_adtran_orange_demo_400g_transmission_of_qkd_secured_data_acr_99e08374] Repaired malformed JSON.
[07:06:09 +5m 44s | thequantuminsider_2023_10_04_adtran_orange_demo_400g_transmission_of_qkd_secured_data_acr_99e08374] Extracting actors: https://thequantuminsider.com/2023/10/04/adtran-orange-demo-400g-transmission-of-qkd-secured-data-across-184km-end-to-end-system (1/1), chunk 34/41
[07:06:21 +5m 58s | thequantuminsider_2023_10_04_adtran_orange_demo_400g_transmission_of_qkd_secured_data_acr_99e08374] Repaired malformed JSON.
[07:06:21 +5m 58s | thequantuminsider_2023_10_04_adtran_orange_demo_400g_transmission_of_qkd_secured_data_acr_99e08374] Extracting actors: https://thequantuminsider.com/2023/10/04/adtran-orange-demo-400g-transmission-of-qkd-secured-data-across-184km-end-to-end-system (1/1), chunk 35/41
[07:06:32 +6m 9s | thequantuminsider_2023_10_04_adtran_orange_demo_400g_transmission_of_qkd_secured_data_acr_99e08374] Repaired malformed JSON.
[07:06:32 +6m 9s | thequantuminsider_2023_10_04_adtran_orange_demo_400g_transmission_of_qkd_secured_data_acr_99e08374] Extracting actors: https://thequantuminsider.com/2023/10/04/adtran-orange-demo-400g-transmission-of-qkd-secured-data-across-184km-end-to-end-system (1/1), chunk 36/41
[07:06:41 +6m 18s | thequantuminsider_2023_10_04_adtran_orange_demo_400g_transmission_of_qkd_secured_data_acr_99e08374] Repaired malformed JSON.
[07:06:41 +6m 18s | thequantuminsider_2023_10_04_adtran_orange_demo_400g_transmission_of_qkd_secured_data_acr_99e08374] Extracting actors: https://thequantuminsider.com/2023/10/04/adtran-orange-demo-400g-transmission-of-qkd-secured-data-across-184km-end-to-end-system (1/1), chunk 37/41
[07:06:48 +6m 25s | thequantuminsider_2023_10_04_adtran_orange_demo_400g_transmission_of_qkd_secured_data_acr_99e08374] Repaired malformed JSON.
[07:06:48 +6m 25s | thequantuminsider_2023_10_04_adtran_orange_demo_400g_transmission_of_qkd_secured_data_acr_99e08374] Extracting actors: https://thequantuminsider.com/2023/10/04/adtran-orange-demo-400g-transmission-of-qkd-secured-data-across-184km-end-to-end-system (1/1), chunk 38/41
[07:06:53 +6m 32s | thequantuminsider_2023_10_04_adtran_orange_demo_400g_transmission_of_qkd_secured_data_acr_99e08374] Repaired malformed JSON.
[07:06:53 +6m 32s | thequantuminsider_2023_10_04_adtran_orange_demo_400g_transmission_of_qkd_secured_data_acr_99e08374] Extracting actors: https://thequantuminsider.com/2023/10/04/adtran-orange-demo-400g-transmission-of-qkd-secured-data-across-184km-end-to-end-system (1/1), chunk 39/41
[07:07:03 +6m 42s | thequantuminsider_2023_10_04_adtran_orange_demo_400g_transmission_of_qkd_secured_data_acr_99e08374] Repaired malformed JSON.
[07:07:03 +6m 42s | thequantuminsider_2023_10_04_adtran_orange_demo_400g_transmission_of_qkd_secured_data_acr_99e08374] Extracting actors: https://thequantuminsider.com/2023/10/04/adtran-orange-demo-400g-transmission-of-qkd-secured-data-across-184km-end-to-end-system (1/1), chunk 40/41
[07:07:11 +6m 51s | thequantuminsider_2023_10_04_adtran_orange_demo_400g_transmission_of_qkd_secured_data_acr_99e08374] Repaired malformed JSON.
[07:07:11 +6m 51s | thequantuminsider_2023_10_04_adtran_orange_demo_400g_transmission_of_qkd_secured_data_acr_99e08374] Extracting actors: https://thequantuminsider.com/2023/10/04/adtran-orange-demo-400g-transmission-of-qkd-secured-data-across-184km-end-to-end-system (1/1), chunk 41/41
[07:07:18 +6m 57s | thequantuminsider_2023_10_04_adtran_orange_demo_400g_transmission_of_qkd_secured_data_acr_99e08374] Repaired malformed JSON.
[07:07:18 +6m 57s | thequantuminsider_2023_10_04_adtran_orange_demo_400g_transmission_of_qkd_secured_data_acr_99e08374] Saved 1_actor_results.json with 68 extracted records

[07:07:18 +6m 57s | thequantuminsider_2023_10_04_adtran_orange_demo_400g_transmission_of_qkd_secured_data_acr_99e08374] === 2 clean actors ===
[07:07:18 +6m 57s | thequantuminsider_2023_10_04_adtran_orange_demo_400g_transmission_of_qkd_secured_data_acr_99e08374] Loaded 68 extracted records
[07:07:18 +6m 57s | thequantuminsider_2023_10_04_adtran_orange_demo_400g_transmission_of_qkd_secured_data_acr_99e08374] Saved 2_actor_nodes.json with 21 canonical actor nodes

[07:07:18 +6m 57s | thequantuminsider_2023_10_04_adtran_orange_demo_400g_transmission_of_qkd_secured_data_acr_99e08374] === 3 interaction extraction ===
[07:07:18 +6m 57s | thequantuminsider_2023_10_04_adtran_orange_demo_400g_transmission_of_qkd_secured_data_acr_99e08374] Extracting interactions: https://thequantuminsider.com/2023/10/04/adtran-orange-demo-400g-transmission-of-qkd-secured-data-across-184km-end-to-end-system (1/1), chunk 11/41
[07:07:21 +7m 3s | thequantuminsider_2023_10_04_adtran_orange_demo_400g_transmission_of_qkd_secured_data_acr_99e08374] Extracting interactions: https://thequantuminsider.com/2023/10/04/adtran-orange-demo-400g-transmission-of-qkd-secured-data-across-184km-end-to-end-system (1/1), chunk 12/41
[07:07:28 +7m 9s | thequantuminsider_2023_10_04_adtran_orange_demo_400g_transmission_of_qkd_secured_data_acr_99e08374] Extracting interactions: https://thequantuminsider.com/2023/10/04/adtran-orange-demo-400g-transmission-of-qkd-secured-data-across-184km-end-to-end-system (1/1), chunk 13/41
[07:07:36 +7m 17s | thequantuminsider_2023_10_04_adtran_orange_demo_400g_transmission_of_qkd_secured_data_acr_99e08374] Extracting interactions: https://thequantuminsider.com/2023/10/04/adtran-orange-demo-400g-transmission-of-qkd-secured-data-across-184km-end-to-end-system (1/1), chunk 14/41
[07:07:43 +7m 25s | thequantuminsider_2023_10_04_adtran_orange_demo_400g_transmission_of_qkd_secured_data_acr_99e08374] Extracting interactions: https://thequantuminsider.com/2023/10/04/adtran-orange-demo-400g-transmission-of-qkd-secured-data-across-184km-end-to-end-system (1/1), chunk 15/41
[07:07:55 +7m 39s | thequantuminsider_2023_10_04_adtran_orange_demo_400g_transmission_of_qkd_secured_data_acr_99e08374] Extracting interactions: https://thequantuminsider.com/2023/10/04/adtran-orange-demo-400g-transmission-of-qkd-secured-data-across-184km-end-to-end-system (1/1), chunk 16/41
[07:08:01 +7m 45s | thequantuminsider_2023_10_04_adtran_orange_demo_400g_transmission_of_qkd_secured_data_acr_99e08374] Extracting interactions: https://thequantuminsider.com/2023/10/04/adtran-orange-demo-400g-transmission-of-qkd-secured-data-across-184km-end-to-end-system (1/1), chunk 17/41
[07:08:05 +7m 49s | thequantuminsider_2023_10_04_adtran_orange_demo_400g_transmission_of_qkd_secured_data_acr_99e08374] Extracting interactions: https://thequantuminsider.com/2023/10/04/adtran-orange-demo-400g-transmission-of-qkd-secured-data-across-184km-end-to-end-system (1/1), chunk 18/41
[07:08:13 +7m 57s | thequantuminsider_2023_10_04_adtran_orange_demo_400g_transmission_of_qkd_secured_data_acr_99e08374] Extracting interactions: https://thequantuminsider.com/2023/10/04/adtran-orange-demo-400g-transmission-of-qkd-secured-data-across-184km-end-to-end-system (1/1), chunk 19/41
[07:08:18 +8m 2s | thequantuminsider_2023_10_04_adtran_orange_demo_400g_transmission_of_qkd_secured_data_acr_99e08374] Extracting interactions: https://thequantuminsider.com/2023/10/04/adtran-orange-demo-400g-transmission-of-qkd-secured-data-across-184km-end-to-end-system (1/1), chunk 20/41
[07:08:22 +8m 8s | thequantuminsider_2023_10_04_adtran_orange_demo_400g_transmission_of_qkd_secured_data_acr_99e08374] Extracting interactions: https://thequantuminsider.com/2023/10/04/adtran-orange-demo-400g-transmission-of-qkd-secured-data-across-184km-end-to-end-system (1/1), chunk 21/41
[07:08:26 +8m 12s | thequantuminsider_2023_10_04_adtran_orange_demo_400g_transmission_of_qkd_secured_data_acr_99e08374] Extracting interactions: https://thequantuminsider.com/2023/10/04/adtran-orange-demo-400g-transmission-of-qkd-secured-data-across-184km-end-to-end-system (1/1), chunk 22/41
[07:08:27 +8m 13s | thequantuminsider_2023_10_04_adtran_orange_demo_400g_transmission_of_qkd_secured_data_acr_99e08374] Extracting interactions: https://thequantuminsider.com/2023/10/04/adtran-orange-demo-400g-transmission-of-qkd-secured-data-across-184km-end-to-end-system (1/1), chunk 23/41
[07:08:29 +8m 15s | thequantuminsider_2023_10_04_adtran_orange_demo_400g_transmission_of_qkd_secured_data_acr_99e08374] Extracting interactions: https://thequantuminsider.com/2023/10/04/adtran-orange-demo-400g-transmission-of-qkd-secured-data-across-184km-end-to-end-system (1/1), chunk 24/41
[07:08:31 +8m 17s | thequantuminsider_2023_10_04_adtran_orange_demo_400g_transmission_of_qkd_secured_data_acr_99e08374] Extracting interactions: https://thequantuminsider.com/2023/10/04/adtran-orange-demo-400g-transmission-of-qkd-secured-data-across-184km-end-to-end-system (1/1), chunk 25/41
[07:08:39 +8m 25s | thequantuminsider_2023_10_04_adtran_orange_demo_400g_transmission_of_qkd_secured_data_acr_99e08374] Extracting interactions: https://thequantuminsider.com/2023/10/04/adtran-orange-demo-400g-transmission-of-qkd-secured-data-across-184km-end-to-end-system (1/1), chunk 26/41
[07:09:21 +9m 11s | thequantuminsider_2023_10_04_adtran_orange_demo_400g_transmission_of_qkd_secured_data_acr_99e08374] Extracting interactions: https://thequantuminsider.com/2023/10/04/adtran-orange-demo-400g-transmission-of-qkd-secured-data-across-184km-end-to-end-system (1/1), chunk 30/41
[07:09:27 +9m 17s | thequantuminsider_2023_10_04_adtran_orange_demo_400g_transmission_of_qkd_secured_data_acr_99e08374] Extracting interactions: https://thequantuminsider.com/2023/10/04/adtran-orange-demo-400g-transmission-of-qkd-secured-data-across-184km-end-to-end-system (1/1), chunk 31/41
[07:10:05 +9m 58s | thequantuminsider_2023_10_04_adtran_orange_demo_400g_transmission_of_qkd_secured_data_acr_99e08374] Extracting interactions: https://thequantuminsider.com/2023/10/04/adtran-orange-demo-400g-transmission-of-qkd-secured-data-across-184km-end-to-end-system (1/1), chunk 32/41
[07:10:08 +10m 1s | thequantuminsider_2023_10_04_adtran_orange_demo_400g_transmission_of_qkd_secured_data_acr_99e08374] Extracting interactions: https://thequantuminsider.com/2023/10/04/adtran-orange-demo-400g-transmission-of-qkd-secured-data-across-184km-end-to-end-system (1/1), chunk 33/41
[07:10:10 +10m 3s | thequantuminsider_2023_10_04_adtran_orange_demo_400g_transmission_of_qkd_secured_data_acr_99e08374] Extracting interactions: https://thequantuminsider.com/2023/10/04/adtran-orange-demo-400g-transmission-of-qkd-secured-data-across-184km-end-to-end-system (1/1), chunk 34/41
[07:10:12 +10m 5s | thequantuminsider_2023_10_04_adtran_orange_demo_400g_transmission_of_qkd_secured_data_acr_99e08374] Extracting interactions: https://thequantuminsider.com/2023/10/04/adtran-orange-demo-400g-transmission-of-qkd-secured-data-across-184km-end-to-end-system (1/1), chunk 35/41
[07:10:13 +10m 6s | thequantuminsider_2023_10_04_adtran_orange_demo_400g_transmission_of_qkd_secured_data_acr_99e08374] Extracting interactions: https://thequantuminsider.com/2023/10/04/adtran-orange-demo-400g-transmission-of-qkd-secured-data-across-184km-end-to-end-system (1/1), chunk 36/41
[07:10:15 +10m 8s | thequantuminsider_2023_10_04_adtran_orange_demo_400g_transmission_of_qkd_secured_data_acr_99e08374] Extracting interactions: https://thequantuminsider.com/2023/10/04/adtran-orange-demo-400g-transmission-of-qkd-secured-data-across-184km-end-to-end-system (1/1), chunk 37/41
[07:10:18 +10m 11s | thequantuminsider_2023_10_04_adtran_orange_demo_400g_transmission_of_qkd_secured_data_acr_99e08374] Extracting interactions: https://thequantuminsider.com/2023/10/04/adtran-orange-demo-400g-transmission-of-qkd-secured-data-across-184km-end-to-end-system (1/1), chunk 38/41
[07:10:20 +10m 13s | thequantuminsider_2023_10_04_adtran_orange_demo_400g_transmission_of_qkd_secured_data_acr_99e08374] Extracting interactions: https://thequantuminsider.com/2023/10/04/adtran-orange-demo-400g-transmission-of-qkd-secured-data-across-184km-end-to-end-system (1/1), chunk 39/41
[07:10:21 +10m 14s | thequantuminsider_2023_10_04_adtran_orange_demo_400g_transmission_of_qkd_secured_data_acr_99e08374] Extracting interactions: https://thequantuminsider.com/2023/10/04/adtran-orange-demo-400g-transmission-of-qkd-secured-data-across-184km-end-to-end-system (1/1), chunk 40/41
[07:10:21 +10m 16s | thequantuminsider_2023_10_04_adtran_orange_demo_400g_transmission_of_qkd_secured_data_acr_99e08374] Extracting interactions: https://thequantuminsider.com/2023/10/04/adtran-orange-demo-400g-transmission-of-qkd-secured-data-across-184km-end-to-end-system (1/1), chunk 41/41
[07:10:22 +10m 17s | thequantuminsider_2023_10_04_adtran_orange_demo_400g_transmission_of_qkd_secured_data_acr_99e08374] Saved 3_interaction_results.json with 21 extracted interactions.

[07:10:22 +10m 17s | thequantuminsider_2023_10_04_adtran_orange_demo_400g_transmission_of_qkd_secured_data_acr_99e08374] === 4 clean interactions ===
[07:10:22 +10m 18s | thequantuminsider_2023_10_04_adtran_orange_demo_400g_transmission_of_qkd_secured_data_acr_99e08374] Saved 4_edges.json with 3 cleaned interactions.

[07:10:22 +10m 18s | thequantuminsider_2023_10_04_adtran_orange_demo_400g_transmission_of_qkd_secured_data_acr_99e08374] === 5 helix enrichment ===
[07:10:22 +10m 18s | thequantuminsider_2023_10_04_adtran_orange_demo_400g_transmission_of_qkd_secured_data_acr_99e08374] Wrote 5_nodes.json (21 actors)
[07:10:22 +10m 18s | thequantuminsider_2023_10_04_adtran_orange_demo_400g_transmission_of_qkd_secured_data_acr_99e08374] Wrote 5_edges.json (3 interactions)
[07:10:22 +10m 18s | thequantuminsider_2023_10_04_adtran_orange_demo_400g_transmission_of_qkd_secured_data_acr_99e08374] Actor helix counts: {'Civil Society': 3, 'Industry': 7, 'Unknown': 11}
[07:10:22 +10m 18s | thequantuminsider_2023_10_04_adtran_orange_demo_400g_transmission_of_qkd_secured_data_acr_99e08374] Functional-space counts: {'Intra-helix / Not classified': 3}

[07:10:22 +10m 18s | thequantuminsider_2023_10_04_adtran_orange_demo_400g_transmission_of_qkd_secured_data_acr_99e08374] === 6 network visualisation ===
[07:10:23 +10m 18s | thequantuminsider_2023_10_04_adtran_orange_demo_400g_transmission_of_qkd_secured_data_acr_99e08374] Wrote quantum_network.html
[07:10:23 +10m 18s | thequantuminsider_2023_10_04_adtran_orange_demo_400g_transmission_of_qkd_secured_data_acr_99e08374] Nodes: 21
[07:10:23 +10m 18s | thequantuminsider_2023_10_04_adtran_orange_demo_400g_transmission_of_qkd_secured_data_acr_99e08374] Edges: 2

[07:10:23 +10m 18s | thequantuminsider_2023_10_04_adtran_orange_demo_400g_transmission_of_qkd_secured_data_acr_99e08374] Done. Outputs written to: /home/lv/IDP/idpdeeptech/pipeline/news_outputs/thequantuminsider_2023_10_04_adtran_orange_demo_400g_transmission_of_qkd_secured_data_acr_99e08374
[07:10:23 +10m 18s | thequantuminsider_2023_10_04_adtran_orange_demo_400g_transmission_of_qkd_secured_data_acr_99e08374] Log: /home/lv/IDP/idpdeeptech/pipeline/news_outputs/thequantuminsider_2023_10_04_adtran_orange_demo_400g_transmission_of_qkd_secured_data_acr_99e08374/run.log

========================================================================
RUN FINISHED 2026-07-05 07:10:23  (OK)
Started:     2026-07-05 07:00:50
Elapsed:     10m 18s
========================================================================
