
========================================================================
RUN STARTED  2026-07-05 06:59:07
site_pipeline.py https://thequantuminsider.com/2023/10/05/high-school-student-collaborates-with-fermilab-expert-to-release-study/
========================================================================

[06:59:07 +0s | thequantuminsider_2023_10_05_high_school_student_collaborates_with_fermilab_expert_to_rel_cf18ea35] === 0 crawl site ===
[06:59:08 +2s | thequantuminsider_2023_10_05_high_school_student_collaborates_with_fermilab_expert_to_rel_cf18ea35] [INIT].... → Crawl4AI 0.8.6 
[06:59:11 +4s | thequantuminsider_2023_10_05_high_school_student_collaborates_with_fermilab_expert_to_rel_cf18ea35] [FETCH]... ↓ https://thequantuminsider.com/2023/10/05/high-sc...laborates-with-fermilab-expert-to-release-study/  | ✓ | ⏱: 2.78s 
[06:59:11 +4s | thequantuminsider_2023_10_05_high_school_student_collaborates_with_fermilab_expert_to_rel_cf18ea35] [SCRAPE].. ◆ https://thequantuminsider.com/2023/10/05/high-sc...laborates-with-fermilab-expert-to-release-study/  | ✓ | ⏱: 0.13s 
[06:59:11 +4s | thequantuminsider_2023_10_05_high_school_student_collaborates_with_fermilab_expert_to_rel_cf18ea35] [COMPLETE] ● https://thequantuminsider.com/2023/10/05/high-sc...laborates-with-fermilab-expert-to-release-study/  | ✓ | ⏱: 2.93s 
[06:59:11 +4s | thequantuminsider_2023_10_05_high_school_student_collaborates_with_fermilab_expert_to_rel_cf18ea35] Saved: crawl_output/8bdbb26d47_thequantuminsider.com_2023_10_05_high-school-student-collaborates-with-fermilab-expert-to-release-study.json

[06:59:11 +5s | thequantuminsider_2023_10_05_high_school_student_collaborates_with_fermilab_expert_to_rel_cf18ea35] === 1 actor extraction ===
[06:59:12 +5s | thequantuminsider_2023_10_05_high_school_student_collaborates_with_fermilab_expert_to_rel_cf18ea35] Reading page (1/1): https://thequantuminsider.com/2023/10/05/high-school-student-collaborates-with-fermilab-expert-to-release-study
[06:59:12 +5s | thequantuminsider_2023_10_05_high_school_student_collaborates_with_fermilab_expert_to_rel_cf18ea35] Extracting actors: https://thequantuminsider.com/2023/10/05/high-school-student-collaborates-with-fermilab-expert-to-release-study (1/1), chunk 1/37
[06:59:17 +11s | thequantuminsider_2023_10_05_high_school_student_collaborates_with_fermilab_expert_to_rel_cf18ea35] Extracting actors: https://thequantuminsider.com/2023/10/05/high-school-student-collaborates-with-fermilab-expert-to-release-study (1/1), chunk 2/37
[06:59:23 +18s | thequantuminsider_2023_10_05_high_school_student_collaborates_with_fermilab_expert_to_rel_cf18ea35] Extracting actors: https://thequantuminsider.com/2023/10/05/high-school-student-collaborates-with-fermilab-expert-to-release-study (1/1), chunk 3/37
[06:59:29 +25s | thequantuminsider_2023_10_05_high_school_student_collaborates_with_fermilab_expert_to_rel_cf18ea35] Extracting actors: https://thequantuminsider.com/2023/10/05/high-school-student-collaborates-with-fermilab-expert-to-release-study (1/1), chunk 4/37
[06:59:40 +35s | thequantuminsider_2023_10_05_high_school_student_collaborates_with_fermilab_expert_to_rel_cf18ea35] Extracting actors: https://thequantuminsider.com/2023/10/05/high-school-student-collaborates-with-fermilab-expert-to-release-study (1/1), chunk 5/37
[06:59:46 +42s | thequantuminsider_2023_10_05_high_school_student_collaborates_with_fermilab_expert_to_rel_cf18ea35] Extracting actors: https://thequantuminsider.com/2023/10/05/high-school-student-collaborates-with-fermilab-expert-to-release-study (1/1), chunk 6/37
[06:59:50 +48s | thequantuminsider_2023_10_05_high_school_student_collaborates_with_fermilab_expert_to_rel_cf18ea35] Extracting actors: https://thequantuminsider.com/2023/10/05/high-school-student-collaborates-with-fermilab-expert-to-release-study (1/1), chunk 7/37
[06:59:55 +53s | thequantuminsider_2023_10_05_high_school_student_collaborates_with_fermilab_expert_to_rel_cf18ea35] Extracting actors: https://thequantuminsider.com/2023/10/05/high-school-student-collaborates-with-fermilab-expert-to-release-study (1/1), chunk 8/37
[07:00:19 +1m 17s | thequantuminsider_2023_10_05_high_school_student_collaborates_with_fermilab_expert_to_rel_cf18ea35] Extracting actors: https://thequantuminsider.com/2023/10/05/high-school-student-collaborates-with-fermilab-expert-to-release-study (1/1), chunk 9/37
[07:00:22 +1m 22s | thequantuminsider_2023_10_05_high_school_student_collaborates_with_fermilab_expert_to_rel_cf18ea35] Extracting actors: https://thequantuminsider.com/2023/10/05/high-school-student-collaborates-with-fermilab-expert-to-release-study (1/1), chunk 10/37
[07:00:27 +1m 27s | thequantuminsider_2023_10_05_high_school_student_collaborates_with_fermilab_expert_to_rel_cf18ea35] Extracting actors: https://thequantuminsider.com/2023/10/05/high-school-student-collaborates-with-fermilab-expert-to-release-study (1/1), chunk 11/37
[07:00:33 +1m 34s | thequantuminsider_2023_10_05_high_school_student_collaborates_with_fermilab_expert_to_rel_cf18ea35] Repaired malformed JSON.
[07:00:33 +1m 34s | thequantuminsider_2023_10_05_high_school_student_collaborates_with_fermilab_expert_to_rel_cf18ea35] Extracting actors: https://thequantuminsider.com/2023/10/05/high-school-student-collaborates-with-fermilab-expert-to-release-study (1/1), chunk 12/37
[07:00:41 +1m 42s | thequantuminsider_2023_10_05_high_school_student_collaborates_with_fermilab_expert_to_rel_cf18ea35] Repaired malformed JSON.
[07:00:41 +1m 42s | thequantuminsider_2023_10_05_high_school_student_collaborates_with_fermilab_expert_to_rel_cf18ea35] Extracting actors: https://thequantuminsider.com/2023/10/05/high-school-student-collaborates-with-fermilab-expert-to-release-study (1/1), chunk 13/37
[07:00:49 +1m 49s | thequantuminsider_2023_10_05_high_school_student_collaborates_with_fermilab_expert_to_rel_cf18ea35] Repaired malformed JSON.
[07:00:49 +1m 49s | thequantuminsider_2023_10_05_high_school_student_collaborates_with_fermilab_expert_to_rel_cf18ea35] Extracting actors: https://thequantuminsider.com/2023/10/05/high-school-student-collaborates-with-fermilab-expert-to-release-study (1/1), chunk 14/37
[07:00:55 +1m 58s | thequantuminsider_2023_10_05_high_school_student_collaborates_with_fermilab_expert_to_rel_cf18ea35] Repaired malformed JSON.
[07:00:55 +1m 58s | thequantuminsider_2023_10_05_high_school_student_collaborates_with_fermilab_expert_to_rel_cf18ea35] Extracting actors: https://thequantuminsider.com/2023/10/05/high-school-student-collaborates-with-fermilab-expert-to-release-study (1/1), chunk 15/37
[07:01:03 +2m 5s | thequantuminsider_2023_10_05_high_school_student_collaborates_with_fermilab_expert_to_rel_cf18ea35] Repaired malformed JSON.
[07:01:03 +2m 5s | thequantuminsider_2023_10_05_high_school_student_collaborates_with_fermilab_expert_to_rel_cf18ea35] Extracting actors: https://thequantuminsider.com/2023/10/05/high-school-student-collaborates-with-fermilab-expert-to-release-study (1/1), chunk 16/37
[07:01:25 +2m 29s | thequantuminsider_2023_10_05_high_school_student_collaborates_with_fermilab_expert_to_rel_cf18ea35] Repaired malformed JSON.
[07:01:25 +2m 29s | thequantuminsider_2023_10_05_high_school_student_collaborates_with_fermilab_expert_to_rel_cf18ea35] Extracting actors: https://thequantuminsider.com/2023/10/05/high-school-student-collaborates-with-fermilab-expert-to-release-study (1/1), chunk 17/37
[07:01:33 +2m 38s | thequantuminsider_2023_10_05_high_school_student_collaborates_with_fermilab_expert_to_rel_cf18ea35] Repaired malformed JSON.
[07:01:33 +2m 38s | thequantuminsider_2023_10_05_high_school_student_collaborates_with_fermilab_expert_to_rel_cf18ea35] Extracting actors: https://thequantuminsider.com/2023/10/05/high-school-student-collaborates-with-fermilab-expert-to-release-study (1/1), chunk 18/37
[07:01:41 +2m 45s | thequantuminsider_2023_10_05_high_school_student_collaborates_with_fermilab_expert_to_rel_cf18ea35] Repaired malformed JSON.
[07:01:41 +2m 45s | thequantuminsider_2023_10_05_high_school_student_collaborates_with_fermilab_expert_to_rel_cf18ea35] Extracting actors: https://thequantuminsider.com/2023/10/05/high-school-student-collaborates-with-fermilab-expert-to-release-study (1/1), chunk 19/37
[07:01:46 +2m 51s | thequantuminsider_2023_10_05_high_school_student_collaborates_with_fermilab_expert_to_rel_cf18ea35] Extracting actors: https://thequantuminsider.com/2023/10/05/high-school-student-collaborates-with-fermilab-expert-to-release-study (1/1), chunk 20/37
[07:01:55 +3m 2s | thequantuminsider_2023_10_05_high_school_student_collaborates_with_fermilab_expert_to_rel_cf18ea35] Repaired malformed JSON.
[07:01:55 +3m 2s | thequantuminsider_2023_10_05_high_school_student_collaborates_with_fermilab_expert_to_rel_cf18ea35] Extracting actors: https://thequantuminsider.com/2023/10/05/high-school-student-collaborates-with-fermilab-expert-to-release-study (1/1), chunk 21/37
[07:02:04 +3m 11s | thequantuminsider_2023_10_05_high_school_student_collaborates_with_fermilab_expert_to_rel_cf18ea35] Repaired malformed JSON.
[07:02:04 +3m 11s | thequantuminsider_2023_10_05_high_school_student_collaborates_with_fermilab_expert_to_rel_cf18ea35] Extracting actors: https://thequantuminsider.com/2023/10/05/high-school-student-collaborates-with-fermilab-expert-to-release-study (1/1), chunk 22/37
[07:02:13 +3m 20s | thequantuminsider_2023_10_05_high_school_student_collaborates_with_fermilab_expert_to_rel_cf18ea35] Repaired malformed JSON.
[07:02:13 +3m 20s | thequantuminsider_2023_10_05_high_school_student_collaborates_with_fermilab_expert_to_rel_cf18ea35] Extracting actors: https://thequantuminsider.com/2023/10/05/high-school-student-collaborates-with-fermilab-expert-to-release-study (1/1), chunk 23/37
[07:02:21 +3m 30s | thequantuminsider_2023_10_05_high_school_student_collaborates_with_fermilab_expert_to_rel_cf18ea35] Repaired malformed JSON.
[07:02:21 +3m 30s | thequantuminsider_2023_10_05_high_school_student_collaborates_with_fermilab_expert_to_rel_cf18ea35] Extracting actors: https://thequantuminsider.com/2023/10/05/high-school-student-collaborates-with-fermilab-expert-to-release-study (1/1), chunk 24/37
[07:02:26 +3m 35s | thequantuminsider_2023_10_05_high_school_student_collaborates_with_fermilab_expert_to_rel_cf18ea35] Extracting actors: https://thequantuminsider.com/2023/10/05/high-school-student-collaborates-with-fermilab-expert-to-release-study (1/1), chunk 25/37
[07:02:32 +3m 41s | thequantuminsider_2023_10_05_high_school_student_collaborates_with_fermilab_expert_to_rel_cf18ea35] Repaired malformed JSON.
[07:02:32 +3m 41s | thequantuminsider_2023_10_05_high_school_student_collaborates_with_fermilab_expert_to_rel_cf18ea35] Extracting actors: https://thequantuminsider.com/2023/10/05/high-school-student-collaborates-with-fermilab-expert-to-release-study (1/1), chunk 26/37
[07:02:58 +4m 9s | thequantuminsider_2023_10_05_high_school_student_collaborates_with_fermilab_expert_to_rel_cf18ea35] Repaired malformed JSON.
[07:02:58 +4m 9s | thequantuminsider_2023_10_05_high_school_student_collaborates_with_fermilab_expert_to_rel_cf18ea35] Extracting actors: https://thequantuminsider.com/2023/10/05/high-school-student-collaborates-with-fermilab-expert-to-release-study (1/1), chunk 27/37
[07:03:05 +4m 17s | thequantuminsider_2023_10_05_high_school_student_collaborates_with_fermilab_expert_to_rel_cf18ea35] Repaired malformed JSON.
[07:03:05 +4m 17s | thequantuminsider_2023_10_05_high_school_student_collaborates_with_fermilab_expert_to_rel_cf18ea35] Extracting actors: https://thequantuminsider.com/2023/10/05/high-school-student-collaborates-with-fermilab-expert-to-release-study (1/1), chunk 28/37
[07:03:09 +4m 20s | thequantuminsider_2023_10_05_high_school_student_collaborates_with_fermilab_expert_to_rel_cf18ea35] Extracting actors: https://thequantuminsider.com/2023/10/05/high-school-student-collaborates-with-fermilab-expert-to-release-study (1/1), chunk 29/37
[07:03:11 +4m 22s | thequantuminsider_2023_10_05_high_school_student_collaborates_with_fermilab_expert_to_rel_cf18ea35] Extracting actors: https://thequantuminsider.com/2023/10/05/high-school-student-collaborates-with-fermilab-expert-to-release-study (1/1), chunk 30/37
[07:03:17 +4m 29s | thequantuminsider_2023_10_05_high_school_student_collaborates_with_fermilab_expert_to_rel_cf18ea35] Repaired malformed JSON.
[07:03:17 +4m 29s | thequantuminsider_2023_10_05_high_school_student_collaborates_with_fermilab_expert_to_rel_cf18ea35] Extracting actors: https://thequantuminsider.com/2023/10/05/high-school-student-collaborates-with-fermilab-expert-to-release-study (1/1), chunk 31/37
[07:03:22 +4m 33s | thequantuminsider_2023_10_05_high_school_student_collaborates_with_fermilab_expert_to_rel_cf18ea35] Extracting actors: https://thequantuminsider.com/2023/10/05/high-school-student-collaborates-with-fermilab-expert-to-release-study (1/1), chunk 32/37
[07:03:27 +4m 41s | thequantuminsider_2023_10_05_high_school_student_collaborates_with_fermilab_expert_to_rel_cf18ea35] Repaired malformed JSON.
[07:03:27 +4m 41s | thequantuminsider_2023_10_05_high_school_student_collaborates_with_fermilab_expert_to_rel_cf18ea35] Extracting actors: https://thequantuminsider.com/2023/10/05/high-school-student-collaborates-with-fermilab-expert-to-release-study (1/1), chunk 33/37
[07:03:34 +4m 47s | thequantuminsider_2023_10_05_high_school_student_collaborates_with_fermilab_expert_to_rel_cf18ea35] Repaired malformed JSON.
[07:03:34 +4m 47s | thequantuminsider_2023_10_05_high_school_student_collaborates_with_fermilab_expert_to_rel_cf18ea35] Extracting actors: https://thequantuminsider.com/2023/10/05/high-school-student-collaborates-with-fermilab-expert-to-release-study (1/1), chunk 34/37
[07:03:43 +4m 56s | thequantuminsider_2023_10_05_high_school_student_collaborates_with_fermilab_expert_to_rel_cf18ea35] Repaired malformed JSON.
[07:03:43 +4m 56s | thequantuminsider_2023_10_05_high_school_student_collaborates_with_fermilab_expert_to_rel_cf18ea35] Extracting actors: https://thequantuminsider.com/2023/10/05/high-school-student-collaborates-with-fermilab-expert-to-release-study (1/1), chunk 35/37
[07:03:50 +5m 6s | thequantuminsider_2023_10_05_high_school_student_collaborates_with_fermilab_expert_to_rel_cf18ea35] Repaired malformed JSON.
[07:03:50 +5m 6s | thequantuminsider_2023_10_05_high_school_student_collaborates_with_fermilab_expert_to_rel_cf18ea35] Extracting actors: https://thequantuminsider.com/2023/10/05/high-school-student-collaborates-with-fermilab-expert-to-release-study (1/1), chunk 36/37
[07:03:58 +5m 14s | thequantuminsider_2023_10_05_high_school_student_collaborates_with_fermilab_expert_to_rel_cf18ea35] Repaired malformed JSON.
[07:03:58 +5m 14s | thequantuminsider_2023_10_05_high_school_student_collaborates_with_fermilab_expert_to_rel_cf18ea35] Extracting actors: https://thequantuminsider.com/2023/10/05/high-school-student-collaborates-with-fermilab-expert-to-release-study (1/1), chunk 37/37
[07:04:05 +5m 21s | thequantuminsider_2023_10_05_high_school_student_collaborates_with_fermilab_expert_to_rel_cf18ea35] Saved 1_actor_results.json with 55 extracted records

[07:04:05 +5m 21s | thequantuminsider_2023_10_05_high_school_student_collaborates_with_fermilab_expert_to_rel_cf18ea35] === 2 clean actors ===
[07:04:05 +5m 21s | thequantuminsider_2023_10_05_high_school_student_collaborates_with_fermilab_expert_to_rel_cf18ea35] Loaded 55 extracted records
[07:04:05 +5m 21s | thequantuminsider_2023_10_05_high_school_student_collaborates_with_fermilab_expert_to_rel_cf18ea35] Saved 2_actor_nodes.json with 16 canonical actor nodes

[07:04:05 +5m 21s | thequantuminsider_2023_10_05_high_school_student_collaborates_with_fermilab_expert_to_rel_cf18ea35] === 3 interaction extraction ===
[07:04:05 +5m 21s | thequantuminsider_2023_10_05_high_school_student_collaborates_with_fermilab_expert_to_rel_cf18ea35] Extracting interactions: https://thequantuminsider.com/2023/10/05/high-school-student-collaborates-with-fermilab-expert-to-release-study (1/1), chunk 11/37
[07:04:09 +5m 25s | thequantuminsider_2023_10_05_high_school_student_collaborates_with_fermilab_expert_to_rel_cf18ea35] Extracting interactions: https://thequantuminsider.com/2023/10/05/high-school-student-collaborates-with-fermilab-expert-to-release-study (1/1), chunk 12/37
[07:04:21 +5m 36s | thequantuminsider_2023_10_05_high_school_student_collaborates_with_fermilab_expert_to_rel_cf18ea35] Extracting interactions: https://thequantuminsider.com/2023/10/05/high-school-student-collaborates-with-fermilab-expert-to-release-study (1/1), chunk 13/37
[07:04:36 +5m 55s | thequantuminsider_2023_10_05_high_school_student_collaborates_with_fermilab_expert_to_rel_cf18ea35] Extracting interactions: https://thequantuminsider.com/2023/10/05/high-school-student-collaborates-with-fermilab-expert-to-release-study (1/1), chunk 14/37
[07:05:24 +6m 47s | thequantuminsider_2023_10_05_high_school_student_collaborates_with_fermilab_expert_to_rel_cf18ea35] Extracting interactions: https://thequantuminsider.com/2023/10/05/high-school-student-collaborates-with-fermilab-expert-to-release-study (1/1), chunk 15/37
[07:05:38 +7m 0s | thequantuminsider_2023_10_05_high_school_student_collaborates_with_fermilab_expert_to_rel_cf18ea35] Extracting interactions: https://thequantuminsider.com/2023/10/05/high-school-student-collaborates-with-fermilab-expert-to-release-study (1/1), chunk 16/37
[07:05:57 +7m 22s | thequantuminsider_2023_10_05_high_school_student_collaborates_with_fermilab_expert_to_rel_cf18ea35] Extracting interactions: https://thequantuminsider.com/2023/10/05/high-school-student-collaborates-with-fermilab-expert-to-release-study (1/1), chunk 17/37
[07:06:01 +7m 26s | thequantuminsider_2023_10_05_high_school_student_collaborates_with_fermilab_expert_to_rel_cf18ea35] Extracting interactions: https://thequantuminsider.com/2023/10/05/high-school-student-collaborates-with-fermilab-expert-to-release-study (1/1), chunk 18/37
[07:06:03 +7m 28s | thequantuminsider_2023_10_05_high_school_student_collaborates_with_fermilab_expert_to_rel_cf18ea35] Extracting interactions: https://thequantuminsider.com/2023/10/05/high-school-student-collaborates-with-fermilab-expert-to-release-study (1/1), chunk 20/37
[07:06:04 +7m 29s | thequantuminsider_2023_10_05_high_school_student_collaborates_with_fermilab_expert_to_rel_cf18ea35] Extracting interactions: https://thequantuminsider.com/2023/10/05/high-school-student-collaborates-with-fermilab-expert-to-release-study (1/1), chunk 21/37
[07:06:09 +7m 34s | thequantuminsider_2023_10_05_high_school_student_collaborates_with_fermilab_expert_to_rel_cf18ea35] Extracting interactions: https://thequantuminsider.com/2023/10/05/high-school-student-collaborates-with-fermilab-expert-to-release-study (1/1), chunk 26/37
[07:06:15 +7m 40s | thequantuminsider_2023_10_05_high_school_student_collaborates_with_fermilab_expert_to_rel_cf18ea35] Extracting interactions: https://thequantuminsider.com/2023/10/05/high-school-student-collaborates-with-fermilab-expert-to-release-study (1/1), chunk 30/37
[07:06:16 +7m 41s | thequantuminsider_2023_10_05_high_school_student_collaborates_with_fermilab_expert_to_rel_cf18ea35] Extracting interactions: https://thequantuminsider.com/2023/10/05/high-school-student-collaborates-with-fermilab-expert-to-release-study (1/1), chunk 31/37
[07:06:21 +7m 46s | thequantuminsider_2023_10_05_high_school_student_collaborates_with_fermilab_expert_to_rel_cf18ea35] Extracting interactions: https://thequantuminsider.com/2023/10/05/high-school-student-collaborates-with-fermilab-expert-to-release-study (1/1), chunk 35/37
[07:06:23 +7m 51s | thequantuminsider_2023_10_05_high_school_student_collaborates_with_fermilab_expert_to_rel_cf18ea35] Extracting interactions: https://thequantuminsider.com/2023/10/05/high-school-student-collaborates-with-fermilab-expert-to-release-study (1/1), chunk 36/37
[07:06:25 +7m 52s | thequantuminsider_2023_10_05_high_school_student_collaborates_with_fermilab_expert_to_rel_cf18ea35] Saved 3_interaction_results.json with 24 extracted interactions.

[07:06:25 +7m 52s | thequantuminsider_2023_10_05_high_school_student_collaborates_with_fermilab_expert_to_rel_cf18ea35] === 4 clean interactions ===
[07:06:25 +7m 52s | thequantuminsider_2023_10_05_high_school_student_collaborates_with_fermilab_expert_to_rel_cf18ea35] Saved 4_edges.json with 0 cleaned interactions.

[07:06:25 +7m 52s | thequantuminsider_2023_10_05_high_school_student_collaborates_with_fermilab_expert_to_rel_cf18ea35] === 5 helix enrichment ===
[07:06:25 +7m 52s | thequantuminsider_2023_10_05_high_school_student_collaborates_with_fermilab_expert_to_rel_cf18ea35] Wrote 5_nodes.json (16 actors)
[07:06:25 +7m 52s | thequantuminsider_2023_10_05_high_school_student_collaborates_with_fermilab_expert_to_rel_cf18ea35] Wrote 5_edges.json (0 interactions)
[07:06:25 +7m 52s | thequantuminsider_2023_10_05_high_school_student_collaborates_with_fermilab_expert_to_rel_cf18ea35] Actor helix counts: {'Academia': 4, 'Civil Society': 4, 'Government': 1, 'Unknown': 7}
[07:06:25 +7m 52s | thequantuminsider_2023_10_05_high_school_student_collaborates_with_fermilab_expert_to_rel_cf18ea35] Functional-space counts: {}

[07:06:25 +7m 52s | thequantuminsider_2023_10_05_high_school_student_collaborates_with_fermilab_expert_to_rel_cf18ea35] === 6 network visualisation ===
[07:06:25 +7m 52s | thequantuminsider_2023_10_05_high_school_student_collaborates_with_fermilab_expert_to_rel_cf18ea35] Wrote quantum_network.html
[07:06:25 +7m 52s | thequantuminsider_2023_10_05_high_school_student_collaborates_with_fermilab_expert_to_rel_cf18ea35] Nodes: 16
[07:06:25 +7m 52s | thequantuminsider_2023_10_05_high_school_student_collaborates_with_fermilab_expert_to_rel_cf18ea35] Edges: 0

[07:06:25 +7m 53s | thequantuminsider_2023_10_05_high_school_student_collaborates_with_fermilab_expert_to_rel_cf18ea35] Done. Outputs written to: /home/lv/IDP/idpdeeptech/pipeline/news_outputs/thequantuminsider_2023_10_05_high_school_student_collaborates_with_fermilab_expert_to_rel_cf18ea35
[07:06:25 +7m 53s | thequantuminsider_2023_10_05_high_school_student_collaborates_with_fermilab_expert_to_rel_cf18ea35] Log: /home/lv/IDP/idpdeeptech/pipeline/news_outputs/thequantuminsider_2023_10_05_high_school_student_collaborates_with_fermilab_expert_to_rel_cf18ea35/run.log

========================================================================
RUN FINISHED 2026-07-05 07:06:25  (OK)
Started:     2026-07-05 06:59:07
Elapsed:     7m 53s
========================================================================
