
========================================================================
RUN STARTED  2026-07-05 07:17:45
site_pipeline.py https://thequantuminsider.com/2023/09/28/redstone-launches-chf-50-million-quantum-technology-venture-capital-fund-to-drive-quantum-revolution/
========================================================================

[07:17:45 +0s | thequantuminsider_2023_09_28_redstone_launches_chf_50_million_quantum_technology_venture_45dc7c5c] === 0 crawl site ===
[07:17:46 +1s | thequantuminsider_2023_09_28_redstone_launches_chf_50_million_quantum_technology_venture_45dc7c5c] [INIT].... → Crawl4AI 0.8.6 
[07:17:49 +4s | thequantuminsider_2023_09_28_redstone_launches_chf_50_million_quantum_technology_venture_45dc7c5c] [FETCH]... ↓ https://thequantuminsider.com/2023/09/28/redston...enture-capital-fund-to-drive-quantum-revolution/  | ✓ | ⏱: 2.76s 
[07:17:49 +4s | thequantuminsider_2023_09_28_redstone_launches_chf_50_million_quantum_technology_venture_45dc7c5c] [SCRAPE].. ◆ https://thequantuminsider.com/2023/09/28/redston...enture-capital-fund-to-drive-quantum-revolution/  | ✓ | ⏱: 0.13s 
[07:17:49 +4s | thequantuminsider_2023_09_28_redstone_launches_chf_50_million_quantum_technology_venture_45dc7c5c] [COMPLETE] ● https://thequantuminsider.com/2023/09/28/redston...enture-capital-fund-to-drive-quantum-revolution/  | ✓ | ⏱: 2.91s 
[07:17:49 +4s | thequantuminsider_2023_09_28_redstone_launches_chf_50_million_quantum_technology_venture_45dc7c5c] Saved: crawl_output/90f9889482_thequantuminsider.com_2023_09_28_redstone-launches-chf-50-million-quantum-technology-venture-capital-fund-to-drive-quantum-revolution.json

[07:17:50 +5s | thequantuminsider_2023_09_28_redstone_launches_chf_50_million_quantum_technology_venture_45dc7c5c] === 1 actor extraction ===
[07:17:50 +5s | thequantuminsider_2023_09_28_redstone_launches_chf_50_million_quantum_technology_venture_45dc7c5c] Reading page (1/1): https://thequantuminsider.com/2023/09/28/redstone-launches-chf-50-million-quantum-technology-venture-capital-fund-to-drive-quantum-revolution
[07:17:50 +5s | thequantuminsider_2023_09_28_redstone_launches_chf_50_million_quantum_technology_venture_45dc7c5c] Extracting actors: https://thequantuminsider.com/2023/09/28/redstone-launches-chf-50-million-quantum-technology-venture-capital-fund-to-drive-quantum-revolution (1/1), chunk 1/36
[07:17:55 +12s | thequantuminsider_2023_09_28_redstone_launches_chf_50_million_quantum_technology_venture_45dc7c5c] Extracting actors: https://thequantuminsider.com/2023/09/28/redstone-launches-chf-50-million-quantum-technology-venture-capital-fund-to-drive-quantum-revolution (1/1), chunk 2/36
[07:17:59 +17s | thequantuminsider_2023_09_28_redstone_launches_chf_50_million_quantum_technology_venture_45dc7c5c] Extracting actors: https://thequantuminsider.com/2023/09/28/redstone-launches-chf-50-million-quantum-technology-venture-capital-fund-to-drive-quantum-revolution (1/1), chunk 3/36
[07:18:15 +32s | thequantuminsider_2023_09_28_redstone_launches_chf_50_million_quantum_technology_venture_45dc7c5c] Repaired malformed JSON.
[07:18:15 +32s | thequantuminsider_2023_09_28_redstone_launches_chf_50_million_quantum_technology_venture_45dc7c5c] Extracting actors: https://thequantuminsider.com/2023/09/28/redstone-launches-chf-50-million-quantum-technology-venture-capital-fund-to-drive-quantum-revolution (1/1), chunk 4/36
[07:18:19 +37s | thequantuminsider_2023_09_28_redstone_launches_chf_50_million_quantum_technology_venture_45dc7c5c] Extracting actors: https://thequantuminsider.com/2023/09/28/redstone-launches-chf-50-million-quantum-technology-venture-capital-fund-to-drive-quantum-revolution (1/1), chunk 5/36
[07:18:24 +43s | thequantuminsider_2023_09_28_redstone_launches_chf_50_million_quantum_technology_venture_45dc7c5c] Extracting actors: https://thequantuminsider.com/2023/09/28/redstone-launches-chf-50-million-quantum-technology-venture-capital-fund-to-drive-quantum-revolution (1/1), chunk 6/36
[07:18:31 +51s | thequantuminsider_2023_09_28_redstone_launches_chf_50_million_quantum_technology_venture_45dc7c5c] Extracting actors: https://thequantuminsider.com/2023/09/28/redstone-launches-chf-50-million-quantum-technology-venture-capital-fund-to-drive-quantum-revolution (1/1), chunk 7/36
[07:18:39 +59s | thequantuminsider_2023_09_28_redstone_launches_chf_50_million_quantum_technology_venture_45dc7c5c] Extracting actors: https://thequantuminsider.com/2023/09/28/redstone-launches-chf-50-million-quantum-technology-venture-capital-fund-to-drive-quantum-revolution (1/1), chunk 8/36
[07:18:46 +1m 6s | thequantuminsider_2023_09_28_redstone_launches_chf_50_million_quantum_technology_venture_45dc7c5c] Extracting actors: https://thequantuminsider.com/2023/09/28/redstone-launches-chf-50-million-quantum-technology-venture-capital-fund-to-drive-quantum-revolution (1/1), chunk 9/36
[07:18:49 +1m 11s | thequantuminsider_2023_09_28_redstone_launches_chf_50_million_quantum_technology_venture_45dc7c5c] Extracting actors: https://thequantuminsider.com/2023/09/28/redstone-launches-chf-50-million-quantum-technology-venture-capital-fund-to-drive-quantum-revolution (1/1), chunk 10/36
[07:19:11 +1m 33s | thequantuminsider_2023_09_28_redstone_launches_chf_50_million_quantum_technology_venture_45dc7c5c] Extracting actors: https://thequantuminsider.com/2023/09/28/redstone-launches-chf-50-million-quantum-technology-venture-capital-fund-to-drive-quantum-revolution (1/1), chunk 11/36
[07:19:21 +1m 43s | thequantuminsider_2023_09_28_redstone_launches_chf_50_million_quantum_technology_venture_45dc7c5c] Repaired malformed JSON.
[07:19:21 +1m 43s | thequantuminsider_2023_09_28_redstone_launches_chf_50_million_quantum_technology_venture_45dc7c5c] Extracting actors: https://thequantuminsider.com/2023/09/28/redstone-launches-chf-50-million-quantum-technology-venture-capital-fund-to-drive-quantum-revolution (1/1), chunk 12/36
[07:19:26 +1m 50s | thequantuminsider_2023_09_28_redstone_launches_chf_50_million_quantum_technology_venture_45dc7c5c] Repaired malformed JSON.
[07:19:26 +1m 50s | thequantuminsider_2023_09_28_redstone_launches_chf_50_million_quantum_technology_venture_45dc7c5c] Extracting actors: https://thequantuminsider.com/2023/09/28/redstone-launches-chf-50-million-quantum-technology-venture-capital-fund-to-drive-quantum-revolution (1/1), chunk 13/36
[07:19:33 +1m 58s | thequantuminsider_2023_09_28_redstone_launches_chf_50_million_quantum_technology_venture_45dc7c5c] Repaired malformed JSON.
[07:19:33 +1m 58s | thequantuminsider_2023_09_28_redstone_launches_chf_50_million_quantum_technology_venture_45dc7c5c] Extracting actors: https://thequantuminsider.com/2023/09/28/redstone-launches-chf-50-million-quantum-technology-venture-capital-fund-to-drive-quantum-revolution (1/1), chunk 14/36
[07:19:58 +2m 24s | thequantuminsider_2023_09_28_redstone_launches_chf_50_million_quantum_technology_venture_45dc7c5c] Repaired malformed JSON.
[07:19:58 +2m 24s | thequantuminsider_2023_09_28_redstone_launches_chf_50_million_quantum_technology_venture_45dc7c5c] Extracting actors: https://thequantuminsider.com/2023/09/28/redstone-launches-chf-50-million-quantum-technology-venture-capital-fund-to-drive-quantum-revolution (1/1), chunk 15/36
[07:20:07 +2m 34s | thequantuminsider_2023_09_28_redstone_launches_chf_50_million_quantum_technology_venture_45dc7c5c] Repaired malformed JSON.
[07:20:07 +2m 34s | thequantuminsider_2023_09_28_redstone_launches_chf_50_million_quantum_technology_venture_45dc7c5c] Extracting actors: https://thequantuminsider.com/2023/09/28/redstone-launches-chf-50-million-quantum-technology-venture-capital-fund-to-drive-quantum-revolution (1/1), chunk 16/36
[07:20:31 +3m 0s | thequantuminsider_2023_09_28_redstone_launches_chf_50_million_quantum_technology_venture_45dc7c5c] Repaired malformed JSON.
[07:20:31 +3m 0s | thequantuminsider_2023_09_28_redstone_launches_chf_50_million_quantum_technology_venture_45dc7c5c] Extracting actors: https://thequantuminsider.com/2023/09/28/redstone-launches-chf-50-million-quantum-technology-venture-capital-fund-to-drive-quantum-revolution (1/1), chunk 17/36
[07:20:53 +3m 24s | thequantuminsider_2023_09_28_redstone_launches_chf_50_million_quantum_technology_venture_45dc7c5c] Extracting actors: https://thequantuminsider.com/2023/09/28/redstone-launches-chf-50-million-quantum-technology-venture-capital-fund-to-drive-quantum-revolution (1/1), chunk 18/36
[07:21:01 +3m 32s | thequantuminsider_2023_09_28_redstone_launches_chf_50_million_quantum_technology_venture_45dc7c5c] Repaired malformed JSON.
[07:21:01 +3m 32s | thequantuminsider_2023_09_28_redstone_launches_chf_50_million_quantum_technology_venture_45dc7c5c] Extracting actors: https://thequantuminsider.com/2023/09/28/redstone-launches-chf-50-million-quantum-technology-venture-capital-fund-to-drive-quantum-revolution (1/1), chunk 19/36
[07:21:11 +3m 42s | thequantuminsider_2023_09_28_redstone_launches_chf_50_million_quantum_technology_venture_45dc7c5c] Repaired malformed JSON.
[07:21:11 +3m 42s | thequantuminsider_2023_09_28_redstone_launches_chf_50_million_quantum_technology_venture_45dc7c5c] Extracting actors: https://thequantuminsider.com/2023/09/28/redstone-launches-chf-50-million-quantum-technology-venture-capital-fund-to-drive-quantum-revolution (1/1), chunk 20/36
[07:21:18 +3m 49s | thequantuminsider_2023_09_28_redstone_launches_chf_50_million_quantum_technology_venture_45dc7c5c] Repaired malformed JSON.
[07:21:18 +3m 49s | thequantuminsider_2023_09_28_redstone_launches_chf_50_million_quantum_technology_venture_45dc7c5c] Extracting actors: https://thequantuminsider.com/2023/09/28/redstone-launches-chf-50-million-quantum-technology-venture-capital-fund-to-drive-quantum-revolution (1/1), chunk 21/36
[07:21:20 +3m 54s | thequantuminsider_2023_09_28_redstone_launches_chf_50_million_quantum_technology_venture_45dc7c5c] Extracting actors: https://thequantuminsider.com/2023/09/28/redstone-launches-chf-50-million-quantum-technology-venture-capital-fund-to-drive-quantum-revolution (1/1), chunk 22/36
[07:21:47 +4m 21s | thequantuminsider_2023_09_28_redstone_launches_chf_50_million_quantum_technology_venture_45dc7c5c] Repaired malformed JSON.
[07:21:47 +4m 21s | thequantuminsider_2023_09_28_redstone_launches_chf_50_million_quantum_technology_venture_45dc7c5c] Extracting actors: https://thequantuminsider.com/2023/09/28/redstone-launches-chf-50-million-quantum-technology-venture-capital-fund-to-drive-quantum-revolution (1/1), chunk 23/36
[07:21:55 +4m 31s | thequantuminsider_2023_09_28_redstone_launches_chf_50_million_quantum_technology_venture_45dc7c5c] Repaired malformed JSON.
[07:21:55 +4m 31s | thequantuminsider_2023_09_28_redstone_launches_chf_50_million_quantum_technology_venture_45dc7c5c] Extracting actors: https://thequantuminsider.com/2023/09/28/redstone-launches-chf-50-million-quantum-technology-venture-capital-fund-to-drive-quantum-revolution (1/1), chunk 24/36
[07:22:04 +4m 39s | thequantuminsider_2023_09_28_redstone_launches_chf_50_million_quantum_technology_venture_45dc7c5c] Repaired malformed JSON.
[07:22:04 +4m 39s | thequantuminsider_2023_09_28_redstone_launches_chf_50_million_quantum_technology_venture_45dc7c5c] Extracting actors: https://thequantuminsider.com/2023/09/28/redstone-launches-chf-50-million-quantum-technology-venture-capital-fund-to-drive-quantum-revolution (1/1), chunk 25/36
[07:22:11 +4m 46s | thequantuminsider_2023_09_28_redstone_launches_chf_50_million_quantum_technology_venture_45dc7c5c] Repaired malformed JSON.
[07:22:11 +4m 46s | thequantuminsider_2023_09_28_redstone_launches_chf_50_million_quantum_technology_venture_45dc7c5c] Extracting actors: https://thequantuminsider.com/2023/09/28/redstone-launches-chf-50-million-quantum-technology-venture-capital-fund-to-drive-quantum-revolution (1/1), chunk 26/36
[07:22:15 +4m 51s | thequantuminsider_2023_09_28_redstone_launches_chf_50_million_quantum_technology_venture_45dc7c5c] Extracting actors: https://thequantuminsider.com/2023/09/28/redstone-launches-chf-50-million-quantum-technology-venture-capital-fund-to-drive-quantum-revolution (1/1), chunk 27/36
[07:22:19 +4m 58s | thequantuminsider_2023_09_28_redstone_launches_chf_50_million_quantum_technology_venture_45dc7c5c] Extracting actors: https://thequantuminsider.com/2023/09/28/redstone-launches-chf-50-million-quantum-technology-venture-capital-fund-to-drive-quantum-revolution (1/1), chunk 28/36
[07:22:28 +5m 6s | thequantuminsider_2023_09_28_redstone_launches_chf_50_million_quantum_technology_venture_45dc7c5c] Repaired malformed JSON.
[07:22:28 +5m 6s | thequantuminsider_2023_09_28_redstone_launches_chf_50_million_quantum_technology_venture_45dc7c5c] Extracting actors: https://thequantuminsider.com/2023/09/28/redstone-launches-chf-50-million-quantum-technology-venture-capital-fund-to-drive-quantum-revolution (1/1), chunk 29/36
[07:22:36 +5m 14s | thequantuminsider_2023_09_28_redstone_launches_chf_50_million_quantum_technology_venture_45dc7c5c] Extracting actors: https://thequantuminsider.com/2023/09/28/redstone-launches-chf-50-million-quantum-technology-venture-capital-fund-to-drive-quantum-revolution (1/1), chunk 30/36
[07:22:44 +5m 22s | thequantuminsider_2023_09_28_redstone_launches_chf_50_million_quantum_technology_venture_45dc7c5c] Repaired malformed JSON.
[07:22:44 +5m 22s | thequantuminsider_2023_09_28_redstone_launches_chf_50_million_quantum_technology_venture_45dc7c5c] Extracting actors: https://thequantuminsider.com/2023/09/28/redstone-launches-chf-50-million-quantum-technology-venture-capital-fund-to-drive-quantum-revolution (1/1), chunk 31/36
[07:22:49 +5m 30s | thequantuminsider_2023_09_28_redstone_launches_chf_50_million_quantum_technology_venture_45dc7c5c] Extracting actors: https://thequantuminsider.com/2023/09/28/redstone-launches-chf-50-million-quantum-technology-venture-capital-fund-to-drive-quantum-revolution (1/1), chunk 32/36
[07:23:00 +5m 40s | thequantuminsider_2023_09_28_redstone_launches_chf_50_million_quantum_technology_venture_45dc7c5c] Repaired malformed JSON.
[07:23:00 +5m 40s | thequantuminsider_2023_09_28_redstone_launches_chf_50_million_quantum_technology_venture_45dc7c5c] Extracting actors: https://thequantuminsider.com/2023/09/28/redstone-launches-chf-50-million-quantum-technology-venture-capital-fund-to-drive-quantum-revolution (1/1), chunk 33/36
[07:23:06 +5m 47s | thequantuminsider_2023_09_28_redstone_launches_chf_50_million_quantum_technology_venture_45dc7c5c] Extracting actors: https://thequantuminsider.com/2023/09/28/redstone-launches-chf-50-million-quantum-technology-venture-capital-fund-to-drive-quantum-revolution (1/1), chunk 34/36
[07:23:14 +5m 55s | thequantuminsider_2023_09_28_redstone_launches_chf_50_million_quantum_technology_venture_45dc7c5c] Repaired malformed JSON.
[07:23:14 +5m 55s | thequantuminsider_2023_09_28_redstone_launches_chf_50_million_quantum_technology_venture_45dc7c5c] Extracting actors: https://thequantuminsider.com/2023/09/28/redstone-launches-chf-50-million-quantum-technology-venture-capital-fund-to-drive-quantum-revolution (1/1), chunk 35/36
[07:23:21 +6m 4s | thequantuminsider_2023_09_28_redstone_launches_chf_50_million_quantum_technology_venture_45dc7c5c] Repaired malformed JSON.
[07:23:21 +6m 4s | thequantuminsider_2023_09_28_redstone_launches_chf_50_million_quantum_technology_venture_45dc7c5c] Extracting actors: https://thequantuminsider.com/2023/09/28/redstone-launches-chf-50-million-quantum-technology-venture-capital-fund-to-drive-quantum-revolution (1/1), chunk 36/36
[07:23:26 +6m 9s | thequantuminsider_2023_09_28_redstone_launches_chf_50_million_quantum_technology_venture_45dc7c5c] Saved 1_actor_results.json with 52 extracted records

[07:23:26 +6m 9s | thequantuminsider_2023_09_28_redstone_launches_chf_50_million_quantum_technology_venture_45dc7c5c] === 2 clean actors ===
[07:23:26 +6m 9s | thequantuminsider_2023_09_28_redstone_launches_chf_50_million_quantum_technology_venture_45dc7c5c] Loaded 52 extracted records
[07:23:26 +6m 9s | thequantuminsider_2023_09_28_redstone_launches_chf_50_million_quantum_technology_venture_45dc7c5c] Saved 2_actor_nodes.json with 19 canonical actor nodes

[07:23:26 +6m 9s | thequantuminsider_2023_09_28_redstone_launches_chf_50_million_quantum_technology_venture_45dc7c5c] === 3 interaction extraction ===
[07:23:26 +6m 9s | thequantuminsider_2023_09_28_redstone_launches_chf_50_million_quantum_technology_venture_45dc7c5c] Extracting interactions: https://thequantuminsider.com/2023/09/28/redstone-launches-chf-50-million-quantum-technology-venture-capital-fund-to-drive-quantum-revolution (1/1), chunk 11/36
[07:23:34 +6m 17s | thequantuminsider_2023_09_28_redstone_launches_chf_50_million_quantum_technology_venture_45dc7c5c] Extracting interactions: https://thequantuminsider.com/2023/09/28/redstone-launches-chf-50-million-quantum-technology-venture-capital-fund-to-drive-quantum-revolution (1/1), chunk 12/36
[07:24:14 +6m 59s | thequantuminsider_2023_09_28_redstone_launches_chf_50_million_quantum_technology_venture_45dc7c5c] Extracting interactions: https://thequantuminsider.com/2023/09/28/redstone-launches-chf-50-million-quantum-technology-venture-capital-fund-to-drive-quantum-revolution (1/1), chunk 13/36
[07:24:36 +7m 23s | thequantuminsider_2023_09_28_redstone_launches_chf_50_million_quantum_technology_venture_45dc7c5c] Extracting interactions: https://thequantuminsider.com/2023/09/28/redstone-launches-chf-50-million-quantum-technology-venture-capital-fund-to-drive-quantum-revolution (1/1), chunk 14/36
[07:24:54 +7m 43s | thequantuminsider_2023_09_28_redstone_launches_chf_50_million_quantum_technology_venture_45dc7c5c] Extracting interactions: https://thequantuminsider.com/2023/09/28/redstone-launches-chf-50-million-quantum-technology-venture-capital-fund-to-drive-quantum-revolution (1/1), chunk 15/36
[07:25:03 +7m 53s | thequantuminsider_2023_09_28_redstone_launches_chf_50_million_quantum_technology_venture_45dc7c5c] Extracting interactions: https://thequantuminsider.com/2023/09/28/redstone-launches-chf-50-million-quantum-technology-venture-capital-fund-to-drive-quantum-revolution (1/1), chunk 16/36
[07:25:09 +7m 58s | thequantuminsider_2023_09_28_redstone_launches_chf_50_million_quantum_technology_venture_45dc7c5c] Extracting interactions: https://thequantuminsider.com/2023/09/28/redstone-launches-chf-50-million-quantum-technology-venture-capital-fund-to-drive-quantum-revolution (1/1), chunk 18/36
[07:25:10 +8m 0s | thequantuminsider_2023_09_28_redstone_launches_chf_50_million_quantum_technology_venture_45dc7c5c] Extracting interactions: https://thequantuminsider.com/2023/09/28/redstone-launches-chf-50-million-quantum-technology-venture-capital-fund-to-drive-quantum-revolution (1/1), chunk 19/36
[07:25:35 +8m 27s | thequantuminsider_2023_09_28_redstone_launches_chf_50_million_quantum_technology_venture_45dc7c5c] Extracting interactions: https://thequantuminsider.com/2023/09/28/redstone-launches-chf-50-million-quantum-technology-venture-capital-fund-to-drive-quantum-revolution (1/1), chunk 20/36
[07:26:02 +8m 56s | thequantuminsider_2023_09_28_redstone_launches_chf_50_million_quantum_technology_venture_45dc7c5c] Extracting interactions: https://thequantuminsider.com/2023/09/28/redstone-launches-chf-50-million-quantum-technology-venture-capital-fund-to-drive-quantum-revolution (1/1), chunk 21/36
[07:26:06 +9m 0s | thequantuminsider_2023_09_28_redstone_launches_chf_50_million_quantum_technology_venture_45dc7c5c] Extracting interactions: https://thequantuminsider.com/2023/09/28/redstone-launches-chf-50-million-quantum-technology-venture-capital-fund-to-drive-quantum-revolution (1/1), chunk 25/36
[07:26:29 +9m 25s | thequantuminsider_2023_09_28_redstone_launches_chf_50_million_quantum_technology_venture_45dc7c5c] Extracting interactions: https://thequantuminsider.com/2023/09/28/redstone-launches-chf-50-million-quantum-technology-venture-capital-fund-to-drive-quantum-revolution (1/1), chunk 26/36
[07:26:30 +9m 27s | thequantuminsider_2023_09_28_redstone_launches_chf_50_million_quantum_technology_venture_45dc7c5c] Extracting interactions: https://thequantuminsider.com/2023/09/28/redstone-launches-chf-50-million-quantum-technology-venture-capital-fund-to-drive-quantum-revolution (1/1), chunk 27/36
[07:26:32 +9m 29s | thequantuminsider_2023_09_28_redstone_launches_chf_50_million_quantum_technology_venture_45dc7c5c] Extracting interactions: https://thequantuminsider.com/2023/09/28/redstone-launches-chf-50-million-quantum-technology-venture-capital-fund-to-drive-quantum-revolution (1/1), chunk 29/36
[07:26:37 +9m 34s | thequantuminsider_2023_09_28_redstone_launches_chf_50_million_quantum_technology_venture_45dc7c5c] Extracting interactions: https://thequantuminsider.com/2023/09/28/redstone-launches-chf-50-million-quantum-technology-venture-capital-fund-to-drive-quantum-revolution (1/1), chunk 30/36
[07:27:04 +10m 3s | thequantuminsider_2023_09_28_redstone_launches_chf_50_million_quantum_technology_venture_45dc7c5c] Extracting interactions: https://thequantuminsider.com/2023/09/28/redstone-launches-chf-50-million-quantum-technology-venture-capital-fund-to-drive-quantum-revolution (1/1), chunk 31/36
[07:27:05 +10m 5s | thequantuminsider_2023_09_28_redstone_launches_chf_50_million_quantum_technology_venture_45dc7c5c] Extracting interactions: https://thequantuminsider.com/2023/09/28/redstone-launches-chf-50-million-quantum-technology-venture-capital-fund-to-drive-quantum-revolution (1/1), chunk 32/36
[07:27:07 +10m 6s | thequantuminsider_2023_09_28_redstone_launches_chf_50_million_quantum_technology_venture_45dc7c5c] Extracting interactions: https://thequantuminsider.com/2023/09/28/redstone-launches-chf-50-million-quantum-technology-venture-capital-fund-to-drive-quantum-revolution (1/1), chunk 33/36
[07:27:09 +10m 8s | thequantuminsider_2023_09_28_redstone_launches_chf_50_million_quantum_technology_venture_45dc7c5c] Extracting interactions: https://thequantuminsider.com/2023/09/28/redstone-launches-chf-50-million-quantum-technology-venture-capital-fund-to-drive-quantum-revolution (1/1), chunk 34/36
[07:27:14 +10m 13s | thequantuminsider_2023_09_28_redstone_launches_chf_50_million_quantum_technology_venture_45dc7c5c] Extracting interactions: https://thequantuminsider.com/2023/09/28/redstone-launches-chf-50-million-quantum-technology-venture-capital-fund-to-drive-quantum-revolution (1/1), chunk 35/36
[07:27:52 +10m 56s | thequantuminsider_2023_09_28_redstone_launches_chf_50_million_quantum_technology_venture_45dc7c5c] Extracting interactions: https://thequantuminsider.com/2023/09/28/redstone-launches-chf-50-million-quantum-technology-venture-capital-fund-to-drive-quantum-revolution (1/1), chunk 36/36
[07:27:54 +10m 58s | thequantuminsider_2023_09_28_redstone_launches_chf_50_million_quantum_technology_venture_45dc7c5c] Saved 3_interaction_results.json with 34 extracted interactions.

[07:27:54 +10m 58s | thequantuminsider_2023_09_28_redstone_launches_chf_50_million_quantum_technology_venture_45dc7c5c] === 4 clean interactions ===
[07:27:54 +10m 58s | thequantuminsider_2023_09_28_redstone_launches_chf_50_million_quantum_technology_venture_45dc7c5c] Saved 4_edges.json with 2 cleaned interactions.

[07:27:54 +10m 58s | thequantuminsider_2023_09_28_redstone_launches_chf_50_million_quantum_technology_venture_45dc7c5c] === 5 helix enrichment ===
[07:27:54 +10m 58s | thequantuminsider_2023_09_28_redstone_launches_chf_50_million_quantum_technology_venture_45dc7c5c] Wrote 5_nodes.json (19 actors)
[07:27:54 +10m 58s | thequantuminsider_2023_09_28_redstone_launches_chf_50_million_quantum_technology_venture_45dc7c5c] Wrote 5_edges.json (2 interactions)
[07:27:54 +10m 58s | thequantuminsider_2023_09_28_redstone_launches_chf_50_million_quantum_technology_venture_45dc7c5c] Actor helix counts: {'Academia': 1, 'Civil Society': 3, 'Industry': 2, 'Intermediary': 6, 'Unknown': 7}
[07:27:54 +10m 58s | thequantuminsider_2023_09_28_redstone_launches_chf_50_million_quantum_technology_venture_45dc7c5c] Functional-space counts: {'Innovation': 2}

[07:27:54 +10m 58s | thequantuminsider_2023_09_28_redstone_launches_chf_50_million_quantum_technology_venture_45dc7c5c] === 6 network visualisation ===
[07:27:55 +10m 59s | thequantuminsider_2023_09_28_redstone_launches_chf_50_million_quantum_technology_venture_45dc7c5c] Wrote quantum_network.html
[07:27:55 +10m 59s | thequantuminsider_2023_09_28_redstone_launches_chf_50_million_quantum_technology_venture_45dc7c5c] Nodes: 19
[07:27:55 +10m 59s | thequantuminsider_2023_09_28_redstone_launches_chf_50_million_quantum_technology_venture_45dc7c5c] Edges: 1

[07:27:55 +10m 59s | thequantuminsider_2023_09_28_redstone_launches_chf_50_million_quantum_technology_venture_45dc7c5c] Done. Outputs written to: /home/lv/IDP/idpdeeptech/pipeline/news_outputs/thequantuminsider_2023_09_28_redstone_launches_chf_50_million_quantum_technology_venture_45dc7c5c
[07:27:55 +10m 59s | thequantuminsider_2023_09_28_redstone_launches_chf_50_million_quantum_technology_venture_45dc7c5c] Log: /home/lv/IDP/idpdeeptech/pipeline/news_outputs/thequantuminsider_2023_09_28_redstone_launches_chf_50_million_quantum_technology_venture_45dc7c5c/run.log

========================================================================
RUN FINISHED 2026-07-05 07:27:55  (OK)
Started:     2026-07-05 07:17:45
Elapsed:     10m 59s
========================================================================
