
========================================================================
RUN STARTED  2026-07-04 22:40:59
site_pipeline.py https://thequantuminsider.com/2024/01/03/researchers-securely-teleport-images-across-a-network-using-only-light/
========================================================================

[22:40:59 +0s | thequantuminsider_2024_01_03_researchers_securely_teleport_images_across_a_network_using_99164e1b] === 0 crawl site ===
[22:41:00 +1s | thequantuminsider_2024_01_03_researchers_securely_teleport_images_across_a_network_using_99164e1b] [INIT].... → Crawl4AI 0.8.6 
[22:41:02 +4s | thequantuminsider_2024_01_03_researchers_securely_teleport_images_across_a_network_using_99164e1b] [FETCH]... ↓ https://thequantuminsider.com/2024/01/03/researc...leport-images-across-a-network-using-only-light/  | ✓ | ⏱: 2.26s 
[22:41:03 +4s | thequantuminsider_2024_01_03_researchers_securely_teleport_images_across_a_network_using_99164e1b] [SCRAPE].. ◆ https://thequantuminsider.com/2024/01/03/researc...leport-images-across-a-network-using-only-light/  | ✓ | ⏱: 0.13s 
[22:41:03 +4s | thequantuminsider_2024_01_03_researchers_securely_teleport_images_across_a_network_using_99164e1b] [COMPLETE] ● https://thequantuminsider.com/2024/01/03/researc...leport-images-across-a-network-using-only-light/  | ✓ | ⏱: 2.41s 
[22:41:03 +4s | thequantuminsider_2024_01_03_researchers_securely_teleport_images_across_a_network_using_99164e1b] Saved: crawl_output/852f216b44_thequantuminsider.com_2024_01_03_researchers-securely-teleport-images-across-a-network-using-only-light.json

[22:41:03 +4s | thequantuminsider_2024_01_03_researchers_securely_teleport_images_across_a_network_using_99164e1b] === 1 actor extraction ===
[22:41:03 +4s | thequantuminsider_2024_01_03_researchers_securely_teleport_images_across_a_network_using_99164e1b] Reading page (1/1): https://thequantuminsider.com/2024/01/03/researchers-securely-teleport-images-across-a-network-using-only-light
[22:41:03 +4s | thequantuminsider_2024_01_03_researchers_securely_teleport_images_across_a_network_using_99164e1b] Extracting actors: https://thequantuminsider.com/2024/01/03/researchers-securely-teleport-images-across-a-network-using-only-light (1/1), chunk 1/39
[22:41:08 +9s | thequantuminsider_2024_01_03_researchers_securely_teleport_images_across_a_network_using_99164e1b] Extracting actors: https://thequantuminsider.com/2024/01/03/researchers-securely-teleport-images-across-a-network-using-only-light (1/1), chunk 2/39
[22:41:14 +15s | thequantuminsider_2024_01_03_researchers_securely_teleport_images_across_a_network_using_99164e1b] Extracting actors: https://thequantuminsider.com/2024/01/03/researchers-securely-teleport-images-across-a-network-using-only-light (1/1), chunk 3/39
[22:41:24 +25s | thequantuminsider_2024_01_03_researchers_securely_teleport_images_across_a_network_using_99164e1b] Extracting actors: https://thequantuminsider.com/2024/01/03/researchers-securely-teleport-images-across-a-network-using-only-light (1/1), chunk 4/39
[22:41:30 +31s | thequantuminsider_2024_01_03_researchers_securely_teleport_images_across_a_network_using_99164e1b] Extracting actors: https://thequantuminsider.com/2024/01/03/researchers-securely-teleport-images-across-a-network-using-only-light (1/1), chunk 5/39
[22:41:37 +38s | thequantuminsider_2024_01_03_researchers_securely_teleport_images_across_a_network_using_99164e1b] Extracting actors: https://thequantuminsider.com/2024/01/03/researchers-securely-teleport-images-across-a-network-using-only-light (1/1), chunk 6/39
[22:41:45 +46s | thequantuminsider_2024_01_03_researchers_securely_teleport_images_across_a_network_using_99164e1b] Extracting actors: https://thequantuminsider.com/2024/01/03/researchers-securely-teleport-images-across-a-network-using-only-light (1/1), chunk 7/39
[22:41:51 +52s | thequantuminsider_2024_01_03_researchers_securely_teleport_images_across_a_network_using_99164e1b] Extracting actors: https://thequantuminsider.com/2024/01/03/researchers-securely-teleport-images-across-a-network-using-only-light (1/1), chunk 8/39
[22:42:13 +1m 14s | thequantuminsider_2024_01_03_researchers_securely_teleport_images_across_a_network_using_99164e1b] Extracting actors: https://thequantuminsider.com/2024/01/03/researchers-securely-teleport-images-across-a-network-using-only-light (1/1), chunk 9/39
[22:42:19 +1m 20s | thequantuminsider_2024_01_03_researchers_securely_teleport_images_across_a_network_using_99164e1b] Extracting actors: https://thequantuminsider.com/2024/01/03/researchers-securely-teleport-images-across-a-network-using-only-light (1/1), chunk 10/39
[22:42:24 +1m 25s | thequantuminsider_2024_01_03_researchers_securely_teleport_images_across_a_network_using_99164e1b] Extracting actors: https://thequantuminsider.com/2024/01/03/researchers-securely-teleport-images-across-a-network-using-only-light (1/1), chunk 11/39
[22:42:27 +1m 28s | thequantuminsider_2024_01_03_researchers_securely_teleport_images_across_a_network_using_99164e1b] Extracting actors: https://thequantuminsider.com/2024/01/03/researchers-securely-teleport-images-across-a-network-using-only-light (1/1), chunk 12/39
[22:42:37 +1m 38s | thequantuminsider_2024_01_03_researchers_securely_teleport_images_across_a_network_using_99164e1b] Repaired malformed JSON.
[22:42:37 +1m 38s | thequantuminsider_2024_01_03_researchers_securely_teleport_images_across_a_network_using_99164e1b] Extracting actors: https://thequantuminsider.com/2024/01/03/researchers-securely-teleport-images-across-a-network-using-only-light (1/1), chunk 13/39
[22:42:44 +1m 45s | thequantuminsider_2024_01_03_researchers_securely_teleport_images_across_a_network_using_99164e1b] Repaired malformed JSON.
[22:42:44 +1m 45s | thequantuminsider_2024_01_03_researchers_securely_teleport_images_across_a_network_using_99164e1b] Extracting actors: https://thequantuminsider.com/2024/01/03/researchers-securely-teleport-images-across-a-network-using-only-light (1/1), chunk 14/39
[22:42:53 +1m 54s | thequantuminsider_2024_01_03_researchers_securely_teleport_images_across_a_network_using_99164e1b] Repaired malformed JSON.
[22:42:53 +1m 54s | thequantuminsider_2024_01_03_researchers_securely_teleport_images_across_a_network_using_99164e1b] Extracting actors: https://thequantuminsider.com/2024/01/03/researchers-securely-teleport-images-across-a-network-using-only-light (1/1), chunk 15/39
[22:43:15 +2m 16s | thequantuminsider_2024_01_03_researchers_securely_teleport_images_across_a_network_using_99164e1b] Repaired malformed JSON.
[22:43:15 +2m 16s | thequantuminsider_2024_01_03_researchers_securely_teleport_images_across_a_network_using_99164e1b] Extracting actors: https://thequantuminsider.com/2024/01/03/researchers-securely-teleport-images-across-a-network-using-only-light (1/1), chunk 16/39
[22:43:21 +2m 22s | thequantuminsider_2024_01_03_researchers_securely_teleport_images_across_a_network_using_99164e1b] Repaired malformed JSON.
[22:43:21 +2m 22s | thequantuminsider_2024_01_03_researchers_securely_teleport_images_across_a_network_using_99164e1b] Extracting actors: https://thequantuminsider.com/2024/01/03/researchers-securely-teleport-images-across-a-network-using-only-light (1/1), chunk 17/39
[22:43:47 +2m 48s | thequantuminsider_2024_01_03_researchers_securely_teleport_images_across_a_network_using_99164e1b] Repaired malformed JSON.
[22:43:47 +2m 48s | thequantuminsider_2024_01_03_researchers_securely_teleport_images_across_a_network_using_99164e1b] Extracting actors: https://thequantuminsider.com/2024/01/03/researchers-securely-teleport-images-across-a-network-using-only-light (1/1), chunk 18/39
[22:43:54 +2m 55s | thequantuminsider_2024_01_03_researchers_securely_teleport_images_across_a_network_using_99164e1b] Repaired malformed JSON.
[22:43:54 +2m 55s | thequantuminsider_2024_01_03_researchers_securely_teleport_images_across_a_network_using_99164e1b] Extracting actors: https://thequantuminsider.com/2024/01/03/researchers-securely-teleport-images-across-a-network-using-only-light (1/1), chunk 19/39
[22:44:01 +3m 2s | thequantuminsider_2024_01_03_researchers_securely_teleport_images_across_a_network_using_99164e1b] Repaired malformed JSON.
[22:44:01 +3m 2s | thequantuminsider_2024_01_03_researchers_securely_teleport_images_across_a_network_using_99164e1b] Extracting actors: https://thequantuminsider.com/2024/01/03/researchers-securely-teleport-images-across-a-network-using-only-light (1/1), chunk 20/39
[22:44:06 +3m 7s | thequantuminsider_2024_01_03_researchers_securely_teleport_images_across_a_network_using_99164e1b] Extracting actors: https://thequantuminsider.com/2024/01/03/researchers-securely-teleport-images-across-a-network-using-only-light (1/1), chunk 21/39
[22:44:13 +3m 14s | thequantuminsider_2024_01_03_researchers_securely_teleport_images_across_a_network_using_99164e1b] Repaired malformed JSON.
[22:44:13 +3m 14s | thequantuminsider_2024_01_03_researchers_securely_teleport_images_across_a_network_using_99164e1b] Extracting actors: https://thequantuminsider.com/2024/01/03/researchers-securely-teleport-images-across-a-network-using-only-light (1/1), chunk 22/39
[22:44:30 +3m 31s | thequantuminsider_2024_01_03_researchers_securely_teleport_images_across_a_network_using_99164e1b] Repaired malformed JSON.
[22:44:30 +3m 31s | thequantuminsider_2024_01_03_researchers_securely_teleport_images_across_a_network_using_99164e1b] Extracting actors: https://thequantuminsider.com/2024/01/03/researchers-securely-teleport-images-across-a-network-using-only-light (1/1), chunk 23/39
[22:44:39 +3m 40s | thequantuminsider_2024_01_03_researchers_securely_teleport_images_across_a_network_using_99164e1b] Repaired malformed JSON.
[22:44:39 +3m 40s | thequantuminsider_2024_01_03_researchers_securely_teleport_images_across_a_network_using_99164e1b] Extracting actors: https://thequantuminsider.com/2024/01/03/researchers-securely-teleport-images-across-a-network-using-only-light (1/1), chunk 24/39
[22:44:47 +3m 48s | thequantuminsider_2024_01_03_researchers_securely_teleport_images_across_a_network_using_99164e1b] Extracting actors: https://thequantuminsider.com/2024/01/03/researchers-securely-teleport-images-across-a-network-using-only-light (1/1), chunk 25/39
[22:44:55 +3m 56s | thequantuminsider_2024_01_03_researchers_securely_teleport_images_across_a_network_using_99164e1b] Repaired malformed JSON.
[22:44:55 +3m 56s | thequantuminsider_2024_01_03_researchers_securely_teleport_images_across_a_network_using_99164e1b] Extracting actors: https://thequantuminsider.com/2024/01/03/researchers-securely-teleport-images-across-a-network-using-only-light (1/1), chunk 26/39
[22:45:03 +4m 5s | thequantuminsider_2024_01_03_researchers_securely_teleport_images_across_a_network_using_99164e1b] Repaired malformed JSON.
[22:45:03 +4m 5s | thequantuminsider_2024_01_03_researchers_securely_teleport_images_across_a_network_using_99164e1b] Extracting actors: https://thequantuminsider.com/2024/01/03/researchers-securely-teleport-images-across-a-network-using-only-light (1/1), chunk 27/39
[22:45:09 +4m 10s | thequantuminsider_2024_01_03_researchers_securely_teleport_images_across_a_network_using_99164e1b] Extracting actors: https://thequantuminsider.com/2024/01/03/researchers-securely-teleport-images-across-a-network-using-only-light (1/1), chunk 28/39
[22:45:16 +4m 17s | thequantuminsider_2024_01_03_researchers_securely_teleport_images_across_a_network_using_99164e1b] Repaired malformed JSON.
[22:45:16 +4m 17s | thequantuminsider_2024_01_03_researchers_securely_teleport_images_across_a_network_using_99164e1b] Extracting actors: https://thequantuminsider.com/2024/01/03/researchers-securely-teleport-images-across-a-network-using-only-light (1/1), chunk 29/39
[22:45:23 +4m 24s | thequantuminsider_2024_01_03_researchers_securely_teleport_images_across_a_network_using_99164e1b] Extracting actors: https://thequantuminsider.com/2024/01/03/researchers-securely-teleport-images-across-a-network-using-only-light (1/1), chunk 30/39
[22:45:28 +4m 30s | thequantuminsider_2024_01_03_researchers_securely_teleport_images_across_a_network_using_99164e1b] Extracting actors: https://thequantuminsider.com/2024/01/03/researchers-securely-teleport-images-across-a-network-using-only-light (1/1), chunk 31/39
[22:45:38 +4m 39s | thequantuminsider_2024_01_03_researchers_securely_teleport_images_across_a_network_using_99164e1b] Repaired malformed JSON.
[22:45:38 +4m 39s | thequantuminsider_2024_01_03_researchers_securely_teleport_images_across_a_network_using_99164e1b] Extracting actors: https://thequantuminsider.com/2024/01/03/researchers-securely-teleport-images-across-a-network-using-only-light (1/1), chunk 32/39
[22:45:46 +4m 48s | thequantuminsider_2024_01_03_researchers_securely_teleport_images_across_a_network_using_99164e1b] Repaired malformed JSON.
[22:45:46 +4m 48s | thequantuminsider_2024_01_03_researchers_securely_teleport_images_across_a_network_using_99164e1b] Extracting actors: https://thequantuminsider.com/2024/01/03/researchers-securely-teleport-images-across-a-network-using-only-light (1/1), chunk 33/39
[22:45:55 +4m 56s | thequantuminsider_2024_01_03_researchers_securely_teleport_images_across_a_network_using_99164e1b] Repaired malformed JSON.
[22:45:55 +4m 56s | thequantuminsider_2024_01_03_researchers_securely_teleport_images_across_a_network_using_99164e1b] Extracting actors: https://thequantuminsider.com/2024/01/03/researchers-securely-teleport-images-across-a-network-using-only-light (1/1), chunk 34/39
[22:46:00 +5m 2s | thequantuminsider_2024_01_03_researchers_securely_teleport_images_across_a_network_using_99164e1b] Repaired malformed JSON.
[22:46:00 +5m 2s | thequantuminsider_2024_01_03_researchers_securely_teleport_images_across_a_network_using_99164e1b] Extracting actors: https://thequantuminsider.com/2024/01/03/researchers-securely-teleport-images-across-a-network-using-only-light (1/1), chunk 35/39
[22:46:17 +5m 18s | thequantuminsider_2024_01_03_researchers_securely_teleport_images_across_a_network_using_99164e1b] Repaired malformed JSON.
[22:46:17 +5m 18s | thequantuminsider_2024_01_03_researchers_securely_teleport_images_across_a_network_using_99164e1b] Extracting actors: https://thequantuminsider.com/2024/01/03/researchers-securely-teleport-images-across-a-network-using-only-light (1/1), chunk 36/39
[22:46:44 +5m 45s | thequantuminsider_2024_01_03_researchers_securely_teleport_images_across_a_network_using_99164e1b] Repaired malformed JSON.
[22:46:44 +5m 45s | thequantuminsider_2024_01_03_researchers_securely_teleport_images_across_a_network_using_99164e1b] Extracting actors: https://thequantuminsider.com/2024/01/03/researchers-securely-teleport-images-across-a-network-using-only-light (1/1), chunk 37/39
[22:46:52 +5m 53s | thequantuminsider_2024_01_03_researchers_securely_teleport_images_across_a_network_using_99164e1b] Repaired malformed JSON.
[22:46:52 +5m 53s | thequantuminsider_2024_01_03_researchers_securely_teleport_images_across_a_network_using_99164e1b] Extracting actors: https://thequantuminsider.com/2024/01/03/researchers-securely-teleport-images-across-a-network-using-only-light (1/1), chunk 38/39
[22:47:01 +6m 2s | thequantuminsider_2024_01_03_researchers_securely_teleport_images_across_a_network_using_99164e1b] Repaired malformed JSON.
[22:47:01 +6m 2s | thequantuminsider_2024_01_03_researchers_securely_teleport_images_across_a_network_using_99164e1b] Extracting actors: https://thequantuminsider.com/2024/01/03/researchers-securely-teleport-images-across-a-network-using-only-light (1/1), chunk 39/39
[22:47:08 +6m 9s | thequantuminsider_2024_01_03_researchers_securely_teleport_images_across_a_network_using_99164e1b] Repaired malformed JSON.
[22:47:08 +6m 9s | thequantuminsider_2024_01_03_researchers_securely_teleport_images_across_a_network_using_99164e1b] Saved 1_actor_results.json with 55 extracted records

[22:47:10 +6m 11s | thequantuminsider_2024_01_03_researchers_securely_teleport_images_across_a_network_using_99164e1b] === 2 clean actors ===
[22:47:10 +6m 11s | thequantuminsider_2024_01_03_researchers_securely_teleport_images_across_a_network_using_99164e1b] Traceback (most recent call last):
[22:47:10 +6m 11s | thequantuminsider_2024_01_03_researchers_securely_teleport_images_across_a_network_using_99164e1b]   File "/home/lv/IDP/idpdeeptech/pipeline/clean_actors.py", line 429, in <module>
[22:47:10 +6m 11s | thequantuminsider_2024_01_03_researchers_securely_teleport_images_across_a_network_using_99164e1b]     main()
[22:47:10 +6m 11s | thequantuminsider_2024_01_03_researchers_securely_teleport_images_across_a_network_using_99164e1b]   File "/home/lv/IDP/idpdeeptech/pipeline/clean_actors.py", line 416, in main
[22:47:10 +6m 11s | thequantuminsider_2024_01_03_researchers_securely_teleport_images_across_a_network_using_99164e1b]     records = json.loads(INPUT_JSON.read_text(encoding="utf-8"))
[22:47:10 +6m 11s | thequantuminsider_2024_01_03_researchers_securely_teleport_images_across_a_network_using_99164e1b]   File "/usr/lib/python3.10/pathlib.py", line 1134, in read_text
[22:47:10 +6m 11s | thequantuminsider_2024_01_03_researchers_securely_teleport_images_across_a_network_using_99164e1b]     with self.open(mode='r', encoding=encoding, errors=errors) as f:
[22:47:10 +6m 11s | thequantuminsider_2024_01_03_researchers_securely_teleport_images_across_a_network_using_99164e1b]   File "/usr/lib/python3.10/pathlib.py", line 1119, in open
[22:47:10 +6m 11s | thequantuminsider_2024_01_03_researchers_securely_teleport_images_across_a_network_using_99164e1b]     return self._accessor.open(self, mode, buffering, encoding, errors,
[22:47:10 +6m 11s | thequantuminsider_2024_01_03_researchers_securely_teleport_images_across_a_network_using_99164e1b] FileNotFoundError: [Errno 2] No such file or directory: 'site_outputs/psiquantum_com/1_actor_results_pdf.json'

========================================================================
RUN FINISHED 2026-07-04 22:47:10  (FAILED)
Started:     2026-07-04 22:40:59
Elapsed:     6m 11s
========================================================================

========================================================================
RUN STARTED  2026-07-04 23:53:17
site_pipeline.py https://thequantuminsider.com/2024/01/03/researchers-securely-teleport-images-across-a-network-using-only-light/
========================================================================

[23:53:17 +0s | thequantuminsider_2024_01_03_researchers_securely_teleport_images_across_a_network_using_99164e1b] === 0 crawl site (skipped via auto (actor data already exists; pass --force to re-crawl), reusing /home/lv/IDP/idpdeeptech/pipeline/news_outputs/thequantuminsider_2024_01_03_researchers_securely_teleport_images_across_a_network_using_99164e1b/crawl_output) ===

[23:53:17 +0s | thequantuminsider_2024_01_03_researchers_securely_teleport_images_across_a_network_using_99164e1b] === 1 actor extraction ===
[23:53:17 +0s | thequantuminsider_2024_01_03_researchers_securely_teleport_images_across_a_network_using_99164e1b] Auto-resume: 1 (url, ordinal) pairs already done, skipping them.
[23:53:17 +0s | thequantuminsider_2024_01_03_researchers_securely_teleport_images_across_a_network_using_99164e1b] All 1 pages/URLs already processed (per 1_actor_results.progress.json). Nothing to do.
[23:53:17 +0s | thequantuminsider_2024_01_03_researchers_securely_teleport_images_across_a_network_using_99164e1b] Delete the progress sidecar to force a full re-run, or pass --start-page N.

[23:53:17 +0s | thequantuminsider_2024_01_03_researchers_securely_teleport_images_across_a_network_using_99164e1b] === 2 clean actors ===
[23:53:17 +0s | thequantuminsider_2024_01_03_researchers_securely_teleport_images_across_a_network_using_99164e1b] Loaded 55 extracted records
[23:53:17 +0s | thequantuminsider_2024_01_03_researchers_securely_teleport_images_across_a_network_using_99164e1b] Saved 2_actor_nodes.json with 18 canonical actor nodes

[23:53:17 +0s | thequantuminsider_2024_01_03_researchers_securely_teleport_images_across_a_network_using_99164e1b] === 3 interaction extraction ===
[23:53:17 +0s | thequantuminsider_2024_01_03_researchers_securely_teleport_images_across_a_network_using_99164e1b] Extracting interactions: https://thequantuminsider.com/2024/01/03/researchers-securely-teleport-images-across-a-network-using-only-light (1/1), chunk 12/39
[23:53:28 +12s | thequantuminsider_2024_01_03_researchers_securely_teleport_images_across_a_network_using_99164e1b] Extracting interactions: https://thequantuminsider.com/2024/01/03/researchers-securely-teleport-images-across-a-network-using-only-light (1/1), chunk 13/39
[23:54:01 +46s | thequantuminsider_2024_01_03_researchers_securely_teleport_images_across_a_network_using_99164e1b] Extracting interactions: https://thequantuminsider.com/2024/01/03/researchers-securely-teleport-images-across-a-network-using-only-light (1/1), chunk 14/39
[23:54:11 +56s | thequantuminsider_2024_01_03_researchers_securely_teleport_images_across_a_network_using_99164e1b] Extracting interactions: https://thequantuminsider.com/2024/01/03/researchers-securely-teleport-images-across-a-network-using-only-light (1/1), chunk 15/39
[23:54:20 +1m 4s | thequantuminsider_2024_01_03_researchers_securely_teleport_images_across_a_network_using_99164e1b] Extracting interactions: https://thequantuminsider.com/2024/01/03/researchers-securely-teleport-images-across-a-network-using-only-light (1/1), chunk 16/39
[23:54:27 +1m 12s | thequantuminsider_2024_01_03_researchers_securely_teleport_images_across_a_network_using_99164e1b] Extracting interactions: https://thequantuminsider.com/2024/01/03/researchers-securely-teleport-images-across-a-network-using-only-light (1/1), chunk 17/39
[23:54:53 +1m 38s | thequantuminsider_2024_01_03_researchers_securely_teleport_images_across_a_network_using_99164e1b] Extracting interactions: https://thequantuminsider.com/2024/01/03/researchers-securely-teleport-images-across-a-network-using-only-light (1/1), chunk 18/39
[23:55:03 +1m 49s | thequantuminsider_2024_01_03_researchers_securely_teleport_images_across_a_network_using_99164e1b] Extracting interactions: https://thequantuminsider.com/2024/01/03/researchers-securely-teleport-images-across-a-network-using-only-light (1/1), chunk 19/39
[23:55:14 +1m 59s | thequantuminsider_2024_01_03_researchers_securely_teleport_images_across_a_network_using_99164e1b] Extracting interactions: https://thequantuminsider.com/2024/01/03/researchers-securely-teleport-images-across-a-network-using-only-light (1/1), chunk 21/39
[23:55:16 +2m 1s | thequantuminsider_2024_01_03_researchers_securely_teleport_images_across_a_network_using_99164e1b] Extracting interactions: https://thequantuminsider.com/2024/01/03/researchers-securely-teleport-images-across-a-network-using-only-light (1/1), chunk 22/39
[23:55:18 +2m 3s | thequantuminsider_2024_01_03_researchers_securely_teleport_images_across_a_network_using_99164e1b] Extracting interactions: https://thequantuminsider.com/2024/01/03/researchers-securely-teleport-images-across-a-network-using-only-light (1/1), chunk 23/39
[23:55:24 +2m 10s | thequantuminsider_2024_01_03_researchers_securely_teleport_images_across_a_network_using_99164e1b] Extracting interactions: https://thequantuminsider.com/2024/01/03/researchers-securely-teleport-images-across-a-network-using-only-light (1/1), chunk 24/39
[23:55:29 +2m 14s | thequantuminsider_2024_01_03_researchers_securely_teleport_images_across_a_network_using_99164e1b] Extracting interactions: https://thequantuminsider.com/2024/01/03/researchers-securely-teleport-images-across-a-network-using-only-light (1/1), chunk 28/39
[23:55:45 +2m 31s | thequantuminsider_2024_01_03_researchers_securely_teleport_images_across_a_network_using_99164e1b] Extracting interactions: https://thequantuminsider.com/2024/01/03/researchers-securely-teleport-images-across-a-network-using-only-light (1/1), chunk 29/39
[23:55:55 +2m 40s | thequantuminsider_2024_01_03_researchers_securely_teleport_images_across_a_network_using_99164e1b] Extracting interactions: https://thequantuminsider.com/2024/01/03/researchers-securely-teleport-images-across-a-network-using-only-light (1/1), chunk 30/39
[23:55:57 +2m 43s | thequantuminsider_2024_01_03_researchers_securely_teleport_images_across_a_network_using_99164e1b] Extracting interactions: https://thequantuminsider.com/2024/01/03/researchers-securely-teleport-images-across-a-network-using-only-light (1/1), chunk 31/39
[23:55:59 +2m 45s | thequantuminsider_2024_01_03_researchers_securely_teleport_images_across_a_network_using_99164e1b] Extracting interactions: https://thequantuminsider.com/2024/01/03/researchers-securely-teleport-images-across-a-network-using-only-light (1/1), chunk 32/39
[23:56:00 +2m 46s | thequantuminsider_2024_01_03_researchers_securely_teleport_images_across_a_network_using_99164e1b] Extracting interactions: https://thequantuminsider.com/2024/01/03/researchers-securely-teleport-images-across-a-network-using-only-light (1/1), chunk 33/39
[23:56:02 +2m 48s | thequantuminsider_2024_01_03_researchers_securely_teleport_images_across_a_network_using_99164e1b] Extracting interactions: https://thequantuminsider.com/2024/01/03/researchers-securely-teleport-images-across-a-network-using-only-light (1/1), chunk 34/39
[23:56:03 +2m 50s | thequantuminsider_2024_01_03_researchers_securely_teleport_images_across_a_network_using_99164e1b] Extracting interactions: https://thequantuminsider.com/2024/01/03/researchers-securely-teleport-images-across-a-network-using-only-light (1/1), chunk 35/39
[23:56:05 +2m 52s | thequantuminsider_2024_01_03_researchers_securely_teleport_images_across_a_network_using_99164e1b] Extracting interactions: https://thequantuminsider.com/2024/01/03/researchers-securely-teleport-images-across-a-network-using-only-light (1/1), chunk 37/39
[23:56:08 +2m 55s | thequantuminsider_2024_01_03_researchers_securely_teleport_images_across_a_network_using_99164e1b] Extracting interactions: https://thequantuminsider.com/2024/01/03/researchers-securely-teleport-images-across-a-network-using-only-light (1/1), chunk 38/39
[23:56:10 +2m 57s | thequantuminsider_2024_01_03_researchers_securely_teleport_images_across_a_network_using_99164e1b] Extracting interactions: https://thequantuminsider.com/2024/01/03/researchers-securely-teleport-images-across-a-network-using-only-light (1/1), chunk 39/39
[23:56:12 +2m 58s | thequantuminsider_2024_01_03_researchers_securely_teleport_images_across_a_network_using_99164e1b] Saved 3_interaction_results.json with 18 extracted interactions.

[23:56:12 +2m 59s | thequantuminsider_2024_01_03_researchers_securely_teleport_images_across_a_network_using_99164e1b] === 4 clean interactions ===
[23:56:12 +2m 59s | thequantuminsider_2024_01_03_researchers_securely_teleport_images_across_a_network_using_99164e1b] Saved 4_edges.json with 3 cleaned interactions.

[23:56:12 +2m 59s | thequantuminsider_2024_01_03_researchers_securely_teleport_images_across_a_network_using_99164e1b] === 5 helix enrichment ===
[23:56:12 +2m 59s | thequantuminsider_2024_01_03_researchers_securely_teleport_images_across_a_network_using_99164e1b] Wrote 5_nodes.json (18 actors)
[23:56:12 +2m 59s | thequantuminsider_2024_01_03_researchers_securely_teleport_images_across_a_network_using_99164e1b] Wrote 5_edges.json (3 interactions)
[23:56:12 +2m 59s | thequantuminsider_2024_01_03_researchers_securely_teleport_images_across_a_network_using_99164e1b] Actor helix counts: {'Academia': 6, 'Civil Society': 3, 'Industry': 3, 'Unknown': 6}
[23:56:12 +2m 59s | thequantuminsider_2024_01_03_researchers_securely_teleport_images_across_a_network_using_99164e1b] Functional-space counts: {'Intra-helix / Not classified': 3}

[23:56:12 +2m 59s | thequantuminsider_2024_01_03_researchers_securely_teleport_images_across_a_network_using_99164e1b] === 6 network visualisation ===
[23:56:12 +2m 59s | thequantuminsider_2024_01_03_researchers_securely_teleport_images_across_a_network_using_99164e1b] Wrote quantum_network.html
[23:56:12 +2m 59s | thequantuminsider_2024_01_03_researchers_securely_teleport_images_across_a_network_using_99164e1b] Nodes: 18
[23:56:12 +2m 59s | thequantuminsider_2024_01_03_researchers_securely_teleport_images_across_a_network_using_99164e1b] Edges: 2

[23:56:13 +2m 59s | thequantuminsider_2024_01_03_researchers_securely_teleport_images_across_a_network_using_99164e1b] Done. Outputs written to: /home/lv/IDP/idpdeeptech/pipeline/news_outputs/thequantuminsider_2024_01_03_researchers_securely_teleport_images_across_a_network_using_99164e1b
[23:56:13 +2m 59s | thequantuminsider_2024_01_03_researchers_securely_teleport_images_across_a_network_using_99164e1b] Log: /home/lv/IDP/idpdeeptech/pipeline/news_outputs/thequantuminsider_2024_01_03_researchers_securely_teleport_images_across_a_network_using_99164e1b/run.log

========================================================================
RUN FINISHED 2026-07-04 23:56:13  (OK)
Started:     2026-07-04 23:53:17
Elapsed:     2m 59s
========================================================================
