
========================================================================
RUN STARTED  2026-07-05 02:36:16
site_pipeline.py https://thequantuminsider.com/2023/11/21/2023-acm-gordon-bell-prize-awarded-for-materials-simulations-with-quantum-accuracy-at-scale/
========================================================================

[02:36:16 +0s | thequantuminsider_2023_11_21_2023_acm_gordon_bell_prize_awarded_for_materials_simulations_af4bf0d6] === 0 crawl site ===
[02:36:17 +1s | thequantuminsider_2023_11_21_2023_acm_gordon_bell_prize_awarded_for_materials_simulations_af4bf0d6] [INIT].... → Crawl4AI 0.8.6 
[02:36:19 +4s | thequantuminsider_2023_11_21_2023_acm_gordon_bell_prize_awarded_for_materials_simulations_af4bf0d6] [FETCH]... ↓ https://thequantuminsider.com/2023/11/21/2023-ac...ials-simulations-with-quantum-accuracy-at-scale/  | ✓ | ⏱: 2.15s 
[02:36:19 +4s | thequantuminsider_2023_11_21_2023_acm_gordon_bell_prize_awarded_for_materials_simulations_af4bf0d6] [SCRAPE].. ◆ https://thequantuminsider.com/2023/11/21/2023-ac...ials-simulations-with-quantum-accuracy-at-scale/  | ✓ | ⏱: 0.09s 
[02:36:20 +4s | thequantuminsider_2023_11_21_2023_acm_gordon_bell_prize_awarded_for_materials_simulations_af4bf0d6] [COMPLETE] ● https://thequantuminsider.com/2023/11/21/2023-ac...ials-simulations-with-quantum-accuracy-at-scale/  | ✓ | ⏱: 2.25s 
[02:36:20 +4s | thequantuminsider_2023_11_21_2023_acm_gordon_bell_prize_awarded_for_materials_simulations_af4bf0d6] Saved: crawl_output/aaeb16f3db_thequantuminsider.com_2023_11_21_2023-acm-gordon-bell-prize-awarded-for-materials-simulations-with-quantum-accuracy-at-scale.json

[02:36:20 +4s | thequantuminsider_2023_11_21_2023_acm_gordon_bell_prize_awarded_for_materials_simulations_af4bf0d6] === 1 actor extraction ===
[02:36:20 +4s | thequantuminsider_2023_11_21_2023_acm_gordon_bell_prize_awarded_for_materials_simulations_af4bf0d6] Reading page (1/1): https://thequantuminsider.com/2023/11/21/2023-acm-gordon-bell-prize-awarded-for-materials-simulations-with-quantum-accuracy-at-scale
[02:36:20 +4s | thequantuminsider_2023_11_21_2023_acm_gordon_bell_prize_awarded_for_materials_simulations_af4bf0d6] Extracting actors: https://thequantuminsider.com/2023/11/21/2023-acm-gordon-bell-prize-awarded-for-materials-simulations-with-quantum-accuracy-at-scale (1/1), chunk 1/27
[02:36:45 +30s | thequantuminsider_2023_11_21_2023_acm_gordon_bell_prize_awarded_for_materials_simulations_af4bf0d6] Extracting actors: https://thequantuminsider.com/2023/11/21/2023-acm-gordon-bell-prize-awarded-for-materials-simulations-with-quantum-accuracy-at-scale (1/1), chunk 2/27
[02:36:49 +35s | thequantuminsider_2023_11_21_2023_acm_gordon_bell_prize_awarded_for_materials_simulations_af4bf0d6] Extracting actors: https://thequantuminsider.com/2023/11/21/2023-acm-gordon-bell-prize-awarded-for-materials-simulations-with-quantum-accuracy-at-scale (1/1), chunk 3/27
[02:37:29 +1m 16s | thequantuminsider_2023_11_21_2023_acm_gordon_bell_prize_awarded_for_materials_simulations_af4bf0d6] Extracting actors: https://thequantuminsider.com/2023/11/21/2023-acm-gordon-bell-prize-awarded-for-materials-simulations-with-quantum-accuracy-at-scale (1/1), chunk 4/27
[02:37:36 +1m 23s | thequantuminsider_2023_11_21_2023_acm_gordon_bell_prize_awarded_for_materials_simulations_af4bf0d6] Extracting actors: https://thequantuminsider.com/2023/11/21/2023-acm-gordon-bell-prize-awarded-for-materials-simulations-with-quantum-accuracy-at-scale (1/1), chunk 5/27
[02:37:47 +1m 35s | thequantuminsider_2023_11_21_2023_acm_gordon_bell_prize_awarded_for_materials_simulations_af4bf0d6] Extracting actors: https://thequantuminsider.com/2023/11/21/2023-acm-gordon-bell-prize-awarded-for-materials-simulations-with-quantum-accuracy-at-scale (1/1), chunk 6/27
[02:37:55 +1m 43s | thequantuminsider_2023_11_21_2023_acm_gordon_bell_prize_awarded_for_materials_simulations_af4bf0d6] Extracting actors: https://thequantuminsider.com/2023/11/21/2023-acm-gordon-bell-prize-awarded-for-materials-simulations-with-quantum-accuracy-at-scale (1/1), chunk 7/27
[02:38:01 +1m 50s | thequantuminsider_2023_11_21_2023_acm_gordon_bell_prize_awarded_for_materials_simulations_af4bf0d6] Extracting actors: https://thequantuminsider.com/2023/11/21/2023-acm-gordon-bell-prize-awarded-for-materials-simulations-with-quantum-accuracy-at-scale (1/1), chunk 8/27
[02:38:09 +1m 57s | thequantuminsider_2023_11_21_2023_acm_gordon_bell_prize_awarded_for_materials_simulations_af4bf0d6] Repaired malformed JSON.
[02:38:09 +1m 57s | thequantuminsider_2023_11_21_2023_acm_gordon_bell_prize_awarded_for_materials_simulations_af4bf0d6] Extracting actors: https://thequantuminsider.com/2023/11/21/2023-acm-gordon-bell-prize-awarded-for-materials-simulations-with-quantum-accuracy-at-scale (1/1), chunk 9/27
[02:38:15 +2m 5s | thequantuminsider_2023_11_21_2023_acm_gordon_bell_prize_awarded_for_materials_simulations_af4bf0d6] Extracting actors: https://thequantuminsider.com/2023/11/21/2023-acm-gordon-bell-prize-awarded-for-materials-simulations-with-quantum-accuracy-at-scale (1/1), chunk 10/27
[02:38:22 +2m 12s | thequantuminsider_2023_11_21_2023_acm_gordon_bell_prize_awarded_for_materials_simulations_af4bf0d6] Extracting actors: https://thequantuminsider.com/2023/11/21/2023-acm-gordon-bell-prize-awarded-for-materials-simulations-with-quantum-accuracy-at-scale (1/1), chunk 11/27
[02:38:29 +2m 18s | thequantuminsider_2023_11_21_2023_acm_gordon_bell_prize_awarded_for_materials_simulations_af4bf0d6] Repaired malformed JSON.
[02:38:29 +2m 18s | thequantuminsider_2023_11_21_2023_acm_gordon_bell_prize_awarded_for_materials_simulations_af4bf0d6] Extracting actors: https://thequantuminsider.com/2023/11/21/2023-acm-gordon-bell-prize-awarded-for-materials-simulations-with-quantum-accuracy-at-scale (1/1), chunk 12/27
[02:38:38 +2m 27s | thequantuminsider_2023_11_21_2023_acm_gordon_bell_prize_awarded_for_materials_simulations_af4bf0d6] Repaired malformed JSON.
[02:38:38 +2m 27s | thequantuminsider_2023_11_21_2023_acm_gordon_bell_prize_awarded_for_materials_simulations_af4bf0d6] Extracting actors: https://thequantuminsider.com/2023/11/21/2023-acm-gordon-bell-prize-awarded-for-materials-simulations-with-quantum-accuracy-at-scale (1/1), chunk 13/27
[02:38:45 +2m 36s | thequantuminsider_2023_11_21_2023_acm_gordon_bell_prize_awarded_for_materials_simulations_af4bf0d6] Repaired malformed JSON.
[02:38:45 +2m 36s | thequantuminsider_2023_11_21_2023_acm_gordon_bell_prize_awarded_for_materials_simulations_af4bf0d6] Extracting actors: https://thequantuminsider.com/2023/11/21/2023-acm-gordon-bell-prize-awarded-for-materials-simulations-with-quantum-accuracy-at-scale (1/1), chunk 14/27
[02:38:55 +2m 46s | thequantuminsider_2023_11_21_2023_acm_gordon_bell_prize_awarded_for_materials_simulations_af4bf0d6] Repaired malformed JSON.
[02:38:55 +2m 46s | thequantuminsider_2023_11_21_2023_acm_gordon_bell_prize_awarded_for_materials_simulations_af4bf0d6] Extracting actors: https://thequantuminsider.com/2023/11/21/2023-acm-gordon-bell-prize-awarded-for-materials-simulations-with-quantum-accuracy-at-scale (1/1), chunk 15/27
[02:39:03 +2m 54s | thequantuminsider_2023_11_21_2023_acm_gordon_bell_prize_awarded_for_materials_simulations_af4bf0d6] Repaired malformed JSON.
[02:39:03 +2m 54s | thequantuminsider_2023_11_21_2023_acm_gordon_bell_prize_awarded_for_materials_simulations_af4bf0d6] Extracting actors: https://thequantuminsider.com/2023/11/21/2023-acm-gordon-bell-prize-awarded-for-materials-simulations-with-quantum-accuracy-at-scale (1/1), chunk 16/27
[02:39:12 +3m 3s | thequantuminsider_2023_11_21_2023_acm_gordon_bell_prize_awarded_for_materials_simulations_af4bf0d6] Repaired malformed JSON.
[02:39:12 +3m 3s | thequantuminsider_2023_11_21_2023_acm_gordon_bell_prize_awarded_for_materials_simulations_af4bf0d6] Extracting actors: https://thequantuminsider.com/2023/11/21/2023-acm-gordon-bell-prize-awarded-for-materials-simulations-with-quantum-accuracy-at-scale (1/1), chunk 17/27
[02:39:20 +3m 12s | thequantuminsider_2023_11_21_2023_acm_gordon_bell_prize_awarded_for_materials_simulations_af4bf0d6] Repaired malformed JSON.
[02:39:20 +3m 12s | thequantuminsider_2023_11_21_2023_acm_gordon_bell_prize_awarded_for_materials_simulations_af4bf0d6] Extracting actors: https://thequantuminsider.com/2023/11/21/2023-acm-gordon-bell-prize-awarded-for-materials-simulations-with-quantum-accuracy-at-scale (1/1), chunk 18/27
[02:39:26 +3m 17s | thequantuminsider_2023_11_21_2023_acm_gordon_bell_prize_awarded_for_materials_simulations_af4bf0d6] Extracting actors: https://thequantuminsider.com/2023/11/21/2023-acm-gordon-bell-prize-awarded-for-materials-simulations-with-quantum-accuracy-at-scale (1/1), chunk 19/27
[02:39:34 +3m 26s | thequantuminsider_2023_11_21_2023_acm_gordon_bell_prize_awarded_for_materials_simulations_af4bf0d6] Repaired malformed JSON.
[02:39:34 +3m 26s | thequantuminsider_2023_11_21_2023_acm_gordon_bell_prize_awarded_for_materials_simulations_af4bf0d6] Extracting actors: https://thequantuminsider.com/2023/11/21/2023-acm-gordon-bell-prize-awarded-for-materials-simulations-with-quantum-accuracy-at-scale (1/1), chunk 20/27
[02:39:44 +3m 36s | thequantuminsider_2023_11_21_2023_acm_gordon_bell_prize_awarded_for_materials_simulations_af4bf0d6] Repaired malformed JSON.
[02:39:44 +3m 36s | thequantuminsider_2023_11_21_2023_acm_gordon_bell_prize_awarded_for_materials_simulations_af4bf0d6] Extracting actors: https://thequantuminsider.com/2023/11/21/2023-acm-gordon-bell-prize-awarded-for-materials-simulations-with-quantum-accuracy-at-scale (1/1), chunk 21/27
[02:39:50 +3m 43s | thequantuminsider_2023_11_21_2023_acm_gordon_bell_prize_awarded_for_materials_simulations_af4bf0d6] Repaired malformed JSON.
[02:39:50 +3m 43s | thequantuminsider_2023_11_21_2023_acm_gordon_bell_prize_awarded_for_materials_simulations_af4bf0d6] Extracting actors: https://thequantuminsider.com/2023/11/21/2023-acm-gordon-bell-prize-awarded-for-materials-simulations-with-quantum-accuracy-at-scale (1/1), chunk 22/27
[02:39:55 +3m 48s | thequantuminsider_2023_11_21_2023_acm_gordon_bell_prize_awarded_for_materials_simulations_af4bf0d6] Extracting actors: https://thequantuminsider.com/2023/11/21/2023-acm-gordon-bell-prize-awarded-for-materials-simulations-with-quantum-accuracy-at-scale (1/1), chunk 23/27
[02:40:00 +3m 54s | thequantuminsider_2023_11_21_2023_acm_gordon_bell_prize_awarded_for_materials_simulations_af4bf0d6] Repaired malformed JSON.
[02:40:00 +3m 54s | thequantuminsider_2023_11_21_2023_acm_gordon_bell_prize_awarded_for_materials_simulations_af4bf0d6] Extracting actors: https://thequantuminsider.com/2023/11/21/2023-acm-gordon-bell-prize-awarded-for-materials-simulations-with-quantum-accuracy-at-scale (1/1), chunk 24/27
[02:40:06 +4m 0s | thequantuminsider_2023_11_21_2023_acm_gordon_bell_prize_awarded_for_materials_simulations_af4bf0d6] Repaired malformed JSON.
[02:40:06 +4m 0s | thequantuminsider_2023_11_21_2023_acm_gordon_bell_prize_awarded_for_materials_simulations_af4bf0d6] Extracting actors: https://thequantuminsider.com/2023/11/21/2023-acm-gordon-bell-prize-awarded-for-materials-simulations-with-quantum-accuracy-at-scale (1/1), chunk 25/27
[02:40:18 +4m 11s | thequantuminsider_2023_11_21_2023_acm_gordon_bell_prize_awarded_for_materials_simulations_af4bf0d6] Extracting actors: https://thequantuminsider.com/2023/11/21/2023-acm-gordon-bell-prize-awarded-for-materials-simulations-with-quantum-accuracy-at-scale (1/1), chunk 26/27
[02:40:25 +4m 19s | thequantuminsider_2023_11_21_2023_acm_gordon_bell_prize_awarded_for_materials_simulations_af4bf0d6] Repaired malformed JSON.
[02:40:25 +4m 19s | thequantuminsider_2023_11_21_2023_acm_gordon_bell_prize_awarded_for_materials_simulations_af4bf0d6] Extracting actors: https://thequantuminsider.com/2023/11/21/2023-acm-gordon-bell-prize-awarded-for-materials-simulations-with-quantum-accuracy-at-scale (1/1), chunk 27/27
[02:40:57 +4m 53s | thequantuminsider_2023_11_21_2023_acm_gordon_bell_prize_awarded_for_materials_simulations_af4bf0d6] Repaired malformed JSON.
[02:40:57 +4m 53s | thequantuminsider_2023_11_21_2023_acm_gordon_bell_prize_awarded_for_materials_simulations_af4bf0d6] Saved 1_actor_results.json with 41 extracted records

[02:40:57 +4m 53s | thequantuminsider_2023_11_21_2023_acm_gordon_bell_prize_awarded_for_materials_simulations_af4bf0d6] === 2 clean actors ===
[02:40:57 +4m 53s | thequantuminsider_2023_11_21_2023_acm_gordon_bell_prize_awarded_for_materials_simulations_af4bf0d6] Loaded 41 extracted records
[02:40:57 +4m 53s | thequantuminsider_2023_11_21_2023_acm_gordon_bell_prize_awarded_for_materials_simulations_af4bf0d6] Saved 2_actor_nodes.json with 12 canonical actor nodes

[02:40:57 +4m 53s | thequantuminsider_2023_11_21_2023_acm_gordon_bell_prize_awarded_for_materials_simulations_af4bf0d6] === 3 interaction extraction ===
[02:40:57 +4m 53s | thequantuminsider_2023_11_21_2023_acm_gordon_bell_prize_awarded_for_materials_simulations_af4bf0d6] Extracting interactions: https://thequantuminsider.com/2023/11/21/2023-acm-gordon-bell-prize-awarded-for-materials-simulations-with-quantum-accuracy-at-scale (1/1), chunk 11/27
[02:41:01 +4m 57s | thequantuminsider_2023_11_21_2023_acm_gordon_bell_prize_awarded_for_materials_simulations_af4bf0d6] Extracting interactions: https://thequantuminsider.com/2023/11/21/2023-acm-gordon-bell-prize-awarded-for-materials-simulations-with-quantum-accuracy-at-scale (1/1), chunk 16/27
[02:41:07 +5m 3s | thequantuminsider_2023_11_21_2023_acm_gordon_bell_prize_awarded_for_materials_simulations_af4bf0d6] Extracting interactions: https://thequantuminsider.com/2023/11/21/2023-acm-gordon-bell-prize-awarded-for-materials-simulations-with-quantum-accuracy-at-scale (1/1), chunk 17/27
[02:41:14 +5m 10s | thequantuminsider_2023_11_21_2023_acm_gordon_bell_prize_awarded_for_materials_simulations_af4bf0d6] Extracting interactions: https://thequantuminsider.com/2023/11/21/2023-acm-gordon-bell-prize-awarded-for-materials-simulations-with-quantum-accuracy-at-scale (1/1), chunk 18/27
[02:41:23 +5m 20s | thequantuminsider_2023_11_21_2023_acm_gordon_bell_prize_awarded_for_materials_simulations_af4bf0d6] Extracting interactions: https://thequantuminsider.com/2023/11/21/2023-acm-gordon-bell-prize-awarded-for-materials-simulations-with-quantum-accuracy-at-scale (1/1), chunk 19/27
[02:41:25 +5m 22s | thequantuminsider_2023_11_21_2023_acm_gordon_bell_prize_awarded_for_materials_simulations_af4bf0d6] Extracting interactions: https://thequantuminsider.com/2023/11/21/2023-acm-gordon-bell-prize-awarded-for-materials-simulations-with-quantum-accuracy-at-scale (1/1), chunk 20/27
[02:41:35 +5m 32s | thequantuminsider_2023_11_21_2023_acm_gordon_bell_prize_awarded_for_materials_simulations_af4bf0d6] Extracting interactions: https://thequantuminsider.com/2023/11/21/2023-acm-gordon-bell-prize-awarded-for-materials-simulations-with-quantum-accuracy-at-scale (1/1), chunk 21/27
[02:41:48 +5m 45s | thequantuminsider_2023_11_21_2023_acm_gordon_bell_prize_awarded_for_materials_simulations_af4bf0d6] Extracting interactions: https://thequantuminsider.com/2023/11/21/2023-acm-gordon-bell-prize-awarded-for-materials-simulations-with-quantum-accuracy-at-scale (1/1), chunk 22/27
[02:41:54 +5m 53s | thequantuminsider_2023_11_21_2023_acm_gordon_bell_prize_awarded_for_materials_simulations_af4bf0d6] Extracting interactions: https://thequantuminsider.com/2023/11/21/2023-acm-gordon-bell-prize-awarded-for-materials-simulations-with-quantum-accuracy-at-scale (1/1), chunk 24/27
[02:41:56 +5m 54s | thequantuminsider_2023_11_21_2023_acm_gordon_bell_prize_awarded_for_materials_simulations_af4bf0d6] Extracting interactions: https://thequantuminsider.com/2023/11/21/2023-acm-gordon-bell-prize-awarded-for-materials-simulations-with-quantum-accuracy-at-scale (1/1), chunk 26/27
[02:41:57 +5m 56s | thequantuminsider_2023_11_21_2023_acm_gordon_bell_prize_awarded_for_materials_simulations_af4bf0d6] Extracting interactions: https://thequantuminsider.com/2023/11/21/2023-acm-gordon-bell-prize-awarded-for-materials-simulations-with-quantum-accuracy-at-scale (1/1), chunk 27/27
[02:42:20 +6m 19s | thequantuminsider_2023_11_21_2023_acm_gordon_bell_prize_awarded_for_materials_simulations_af4bf0d6] Saved 3_interaction_results.json with 9 extracted interactions.

[02:42:20 +6m 19s | thequantuminsider_2023_11_21_2023_acm_gordon_bell_prize_awarded_for_materials_simulations_af4bf0d6] === 4 clean interactions ===
[02:42:20 +6m 19s | thequantuminsider_2023_11_21_2023_acm_gordon_bell_prize_awarded_for_materials_simulations_af4bf0d6] Saved 4_edges.json with 0 cleaned interactions.

[02:42:20 +6m 19s | thequantuminsider_2023_11_21_2023_acm_gordon_bell_prize_awarded_for_materials_simulations_af4bf0d6] === 5 helix enrichment ===
[02:42:20 +6m 19s | thequantuminsider_2023_11_21_2023_acm_gordon_bell_prize_awarded_for_materials_simulations_af4bf0d6] Wrote 5_nodes.json (12 actors)
[02:42:20 +6m 19s | thequantuminsider_2023_11_21_2023_acm_gordon_bell_prize_awarded_for_materials_simulations_af4bf0d6] Wrote 5_edges.json (0 interactions)
[02:42:20 +6m 19s | thequantuminsider_2023_11_21_2023_acm_gordon_bell_prize_awarded_for_materials_simulations_af4bf0d6] Actor helix counts: {'Academia': 2, 'Civil Society': 4, 'Industry': 3, 'Intermediary': 1, 'Unknown': 2}
[02:42:20 +6m 19s | thequantuminsider_2023_11_21_2023_acm_gordon_bell_prize_awarded_for_materials_simulations_af4bf0d6] Functional-space counts: {}

[02:42:20 +6m 19s | thequantuminsider_2023_11_21_2023_acm_gordon_bell_prize_awarded_for_materials_simulations_af4bf0d6] === 6 network visualisation ===
[02:42:21 +6m 19s | thequantuminsider_2023_11_21_2023_acm_gordon_bell_prize_awarded_for_materials_simulations_af4bf0d6] Wrote quantum_network.html
[02:42:21 +6m 19s | thequantuminsider_2023_11_21_2023_acm_gordon_bell_prize_awarded_for_materials_simulations_af4bf0d6] Nodes: 12
[02:42:21 +6m 19s | thequantuminsider_2023_11_21_2023_acm_gordon_bell_prize_awarded_for_materials_simulations_af4bf0d6] Edges: 0

[02:42:21 +6m 19s | thequantuminsider_2023_11_21_2023_acm_gordon_bell_prize_awarded_for_materials_simulations_af4bf0d6] Done. Outputs written to: /home/lv/IDP/idpdeeptech/pipeline/news_outputs/thequantuminsider_2023_11_21_2023_acm_gordon_bell_prize_awarded_for_materials_simulations_af4bf0d6
[02:42:21 +6m 19s | thequantuminsider_2023_11_21_2023_acm_gordon_bell_prize_awarded_for_materials_simulations_af4bf0d6] Log: /home/lv/IDP/idpdeeptech/pipeline/news_outputs/thequantuminsider_2023_11_21_2023_acm_gordon_bell_prize_awarded_for_materials_simulations_af4bf0d6/run.log

========================================================================
RUN FINISHED 2026-07-05 02:42:21  (OK)
Started:     2026-07-05 02:36:16
Elapsed:     6m 19s
========================================================================
