
========================================================================
RUN STARTED  2026-07-05 07:47:33
site_pipeline.py https://thequantuminsider.com/2023/09/26/infleqtion-wins-award-for-defense-data-analysis-using-ai-and-quantum/
========================================================================

[07:47:33 +0s | thequantuminsider_2023_09_26_infleqtion_wins_award_for_defense_data_analysis_using_ai_and_quantum] === 0 crawl site ===
[07:47:35 +2s | thequantuminsider_2023_09_26_infleqtion_wins_award_for_defense_data_analysis_using_ai_and_quantum] [INIT].... → Crawl4AI 0.8.6 
[07:47:37 +3s | thequantuminsider_2023_09_26_infleqtion_wins_award_for_defense_data_analysis_using_ai_and_quantum] [FETCH]... ↓ https://thequantuminsider.com/2023/09/26/infleqt...-for-defense-data-analysis-using-ai-and-quantum/  | ✓ | ⏱: 1.69s 
[07:47:37 +3s | thequantuminsider_2023_09_26_infleqtion_wins_award_for_defense_data_analysis_using_ai_and_quantum] [SCRAPE].. ◆ https://thequantuminsider.com/2023/09/26/infleqt...-for-defense-data-analysis-using-ai-and-quantum/  | ✓ | ⏱: 0.11s 
[07:47:37 +3s | thequantuminsider_2023_09_26_infleqtion_wins_award_for_defense_data_analysis_using_ai_and_quantum] [COMPLETE] ● https://thequantuminsider.com/2023/09/26/infleqt...-for-defense-data-analysis-using-ai-and-quantum/  | ✓ | ⏱: 1.82s 
[07:47:37 +3s | thequantuminsider_2023_09_26_infleqtion_wins_award_for_defense_data_analysis_using_ai_and_quantum] Saved: crawl_output/57631b8db4_thequantuminsider.com_2023_09_26_infleqtion-wins-award-for-defense-data-analysis-using-ai-and-quantum.json

[07:47:37 +4s | thequantuminsider_2023_09_26_infleqtion_wins_award_for_defense_data_analysis_using_ai_and_quantum] === 1 actor extraction ===
[07:47:37 +4s | thequantuminsider_2023_09_26_infleqtion_wins_award_for_defense_data_analysis_using_ai_and_quantum] Reading page (1/1): https://thequantuminsider.com/2023/09/26/infleqtion-wins-award-for-defense-data-analysis-using-ai-and-quantum
[07:47:37 +4s | thequantuminsider_2023_09_26_infleqtion_wins_award_for_defense_data_analysis_using_ai_and_quantum] Extracting actors: https://thequantuminsider.com/2023/09/26/infleqtion-wins-award-for-defense-data-analysis-using-ai-and-quantum (1/1), chunk 1/32
[07:47:42 +9s | thequantuminsider_2023_09_26_infleqtion_wins_award_for_defense_data_analysis_using_ai_and_quantum] Extracting actors: https://thequantuminsider.com/2023/09/26/infleqtion-wins-award-for-defense-data-analysis-using-ai-and-quantum (1/1), chunk 2/32
[07:47:46 +15s | thequantuminsider_2023_09_26_infleqtion_wins_award_for_defense_data_analysis_using_ai_and_quantum] Extracting actors: https://thequantuminsider.com/2023/09/26/infleqtion-wins-award-for-defense-data-analysis-using-ai-and-quantum (1/1), chunk 3/32
[07:47:52 +21s | thequantuminsider_2023_09_26_infleqtion_wins_award_for_defense_data_analysis_using_ai_and_quantum] Extracting actors: https://thequantuminsider.com/2023/09/26/infleqtion-wins-award-for-defense-data-analysis-using-ai-and-quantum (1/1), chunk 4/32
[07:47:57 +26s | thequantuminsider_2023_09_26_infleqtion_wins_award_for_defense_data_analysis_using_ai_and_quantum] Extracting actors: https://thequantuminsider.com/2023/09/26/infleqtion-wins-award-for-defense-data-analysis-using-ai-and-quantum (1/1), chunk 5/32
[07:48:01 +30s | thequantuminsider_2023_09_26_infleqtion_wins_award_for_defense_data_analysis_using_ai_and_quantum] Extracting actors: https://thequantuminsider.com/2023/09/26/infleqtion-wins-award-for-defense-data-analysis-using-ai-and-quantum (1/1), chunk 6/32
[07:48:24 +56s | thequantuminsider_2023_09_26_infleqtion_wins_award_for_defense_data_analysis_using_ai_and_quantum] Extracting actors: https://thequantuminsider.com/2023/09/26/infleqtion-wins-award-for-defense-data-analysis-using-ai-and-quantum (1/1), chunk 7/32
[07:48:29 +1m 0s | thequantuminsider_2023_09_26_infleqtion_wins_award_for_defense_data_analysis_using_ai_and_quantum] Extracting actors: https://thequantuminsider.com/2023/09/26/infleqtion-wins-award-for-defense-data-analysis-using-ai-and-quantum (1/1), chunk 8/32
[07:48:35 +1m 7s | thequantuminsider_2023_09_26_infleqtion_wins_award_for_defense_data_analysis_using_ai_and_quantum] Extracting actors: https://thequantuminsider.com/2023/09/26/infleqtion-wins-award-for-defense-data-analysis-using-ai-and-quantum (1/1), chunk 9/32
[07:48:41 +1m 12s | thequantuminsider_2023_09_26_infleqtion_wins_award_for_defense_data_analysis_using_ai_and_quantum] Extracting actors: https://thequantuminsider.com/2023/09/26/infleqtion-wins-award-for-defense-data-analysis-using-ai-and-quantum (1/1), chunk 10/32
[07:48:45 +1m 19s | thequantuminsider_2023_09_26_infleqtion_wins_award_for_defense_data_analysis_using_ai_and_quantum] Extracting actors: https://thequantuminsider.com/2023/09/26/infleqtion-wins-award-for-defense-data-analysis-using-ai-and-quantum (1/1), chunk 11/32
[07:48:55 +1m 29s | thequantuminsider_2023_09_26_infleqtion_wins_award_for_defense_data_analysis_using_ai_and_quantum] Repaired malformed JSON.
[07:48:55 +1m 29s | thequantuminsider_2023_09_26_infleqtion_wins_award_for_defense_data_analysis_using_ai_and_quantum] Extracting actors: https://thequantuminsider.com/2023/09/26/infleqtion-wins-award-for-defense-data-analysis-using-ai-and-quantum (1/1), chunk 12/32
[07:49:03 +1m 37s | thequantuminsider_2023_09_26_infleqtion_wins_award_for_defense_data_analysis_using_ai_and_quantum] Repaired malformed JSON.
[07:49:03 +1m 37s | thequantuminsider_2023_09_26_infleqtion_wins_award_for_defense_data_analysis_using_ai_and_quantum] Extracting actors: https://thequantuminsider.com/2023/09/26/infleqtion-wins-award-for-defense-data-analysis-using-ai-and-quantum (1/1), chunk 13/32
[07:49:10 +1m 44s | thequantuminsider_2023_09_26_infleqtion_wins_award_for_defense_data_analysis_using_ai_and_quantum] Repaired malformed JSON.
[07:49:10 +1m 44s | thequantuminsider_2023_09_26_infleqtion_wins_award_for_defense_data_analysis_using_ai_and_quantum] Extracting actors: https://thequantuminsider.com/2023/09/26/infleqtion-wins-award-for-defense-data-analysis-using-ai-and-quantum (1/1), chunk 14/32
[07:49:17 +1m 54s | thequantuminsider_2023_09_26_infleqtion_wins_award_for_defense_data_analysis_using_ai_and_quantum] Repaired malformed JSON.
[07:49:17 +1m 54s | thequantuminsider_2023_09_26_infleqtion_wins_award_for_defense_data_analysis_using_ai_and_quantum] Extracting actors: https://thequantuminsider.com/2023/09/26/infleqtion-wins-award-for-defense-data-analysis-using-ai-and-quantum (1/1), chunk 15/32
[07:49:28 +2m 5s | thequantuminsider_2023_09_26_infleqtion_wins_award_for_defense_data_analysis_using_ai_and_quantum] Repaired malformed JSON.
[07:49:28 +2m 5s | thequantuminsider_2023_09_26_infleqtion_wins_award_for_defense_data_analysis_using_ai_and_quantum] Extracting actors: https://thequantuminsider.com/2023/09/26/infleqtion-wins-award-for-defense-data-analysis-using-ai-and-quantum (1/1), chunk 16/32
[07:49:36 +2m 13s | thequantuminsider_2023_09_26_infleqtion_wins_award_for_defense_data_analysis_using_ai_and_quantum] Repaired malformed JSON.
[07:49:36 +2m 13s | thequantuminsider_2023_09_26_infleqtion_wins_award_for_defense_data_analysis_using_ai_and_quantum] Extracting actors: https://thequantuminsider.com/2023/09/26/infleqtion-wins-award-for-defense-data-analysis-using-ai-and-quantum (1/1), chunk 17/32
[07:49:43 +2m 22s | thequantuminsider_2023_09_26_infleqtion_wins_award_for_defense_data_analysis_using_ai_and_quantum] Repaired malformed JSON.
[07:49:43 +2m 22s | thequantuminsider_2023_09_26_infleqtion_wins_award_for_defense_data_analysis_using_ai_and_quantum] Extracting actors: https://thequantuminsider.com/2023/09/26/infleqtion-wins-award-for-defense-data-analysis-using-ai-and-quantum (1/1), chunk 18/32
[07:50:08 +2m 47s | thequantuminsider_2023_09_26_infleqtion_wins_award_for_defense_data_analysis_using_ai_and_quantum] Extracting actors: https://thequantuminsider.com/2023/09/26/infleqtion-wins-award-for-defense-data-analysis-using-ai-and-quantum (1/1), chunk 19/32
[07:50:15 +2m 56s | thequantuminsider_2023_09_26_infleqtion_wins_award_for_defense_data_analysis_using_ai_and_quantum] Repaired malformed JSON.
[07:50:15 +2m 56s | thequantuminsider_2023_09_26_infleqtion_wins_award_for_defense_data_analysis_using_ai_and_quantum] Extracting actors: https://thequantuminsider.com/2023/09/26/infleqtion-wins-award-for-defense-data-analysis-using-ai-and-quantum (1/1), chunk 20/32
[07:50:25 +3m 6s | thequantuminsider_2023_09_26_infleqtion_wins_award_for_defense_data_analysis_using_ai_and_quantum] Repaired malformed JSON.
[07:50:25 +3m 6s | thequantuminsider_2023_09_26_infleqtion_wins_award_for_defense_data_analysis_using_ai_and_quantum] Extracting actors: https://thequantuminsider.com/2023/09/26/infleqtion-wins-award-for-defense-data-analysis-using-ai-and-quantum (1/1), chunk 21/32
[07:50:35 +3m 16s | thequantuminsider_2023_09_26_infleqtion_wins_award_for_defense_data_analysis_using_ai_and_quantum] Repaired malformed JSON.
[07:50:35 +3m 16s | thequantuminsider_2023_09_26_infleqtion_wins_award_for_defense_data_analysis_using_ai_and_quantum] Extracting actors: https://thequantuminsider.com/2023/09/26/infleqtion-wins-award-for-defense-data-analysis-using-ai-and-quantum (1/1), chunk 22/32
[07:50:42 +3m 23s | thequantuminsider_2023_09_26_infleqtion_wins_award_for_defense_data_analysis_using_ai_and_quantum] Repaired malformed JSON.
[07:50:42 +3m 23s | thequantuminsider_2023_09_26_infleqtion_wins_award_for_defense_data_analysis_using_ai_and_quantum] Extracting actors: https://thequantuminsider.com/2023/09/26/infleqtion-wins-award-for-defense-data-analysis-using-ai-and-quantum (1/1), chunk 23/32
[07:50:46 +3m 30s | thequantuminsider_2023_09_26_infleqtion_wins_award_for_defense_data_analysis_using_ai_and_quantum] Repaired malformed JSON.
[07:50:46 +3m 30s | thequantuminsider_2023_09_26_infleqtion_wins_award_for_defense_data_analysis_using_ai_and_quantum] Extracting actors: https://thequantuminsider.com/2023/09/26/infleqtion-wins-award-for-defense-data-analysis-using-ai-and-quantum (1/1), chunk 24/32
[07:50:55 +3m 39s | thequantuminsider_2023_09_26_infleqtion_wins_award_for_defense_data_analysis_using_ai_and_quantum] Repaired malformed JSON.
[07:50:55 +3m 39s | thequantuminsider_2023_09_26_infleqtion_wins_award_for_defense_data_analysis_using_ai_and_quantum] Extracting actors: https://thequantuminsider.com/2023/09/26/infleqtion-wins-award-for-defense-data-analysis-using-ai-and-quantum (1/1), chunk 25/32
[07:51:04 +3m 48s | thequantuminsider_2023_09_26_infleqtion_wins_award_for_defense_data_analysis_using_ai_and_quantum] Extracting actors: https://thequantuminsider.com/2023/09/26/infleqtion-wins-award-for-defense-data-analysis-using-ai-and-quantum (1/1), chunk 26/32
[07:51:12 +3m 55s | thequantuminsider_2023_09_26_infleqtion_wins_award_for_defense_data_analysis_using_ai_and_quantum] Repaired malformed JSON.
[07:51:12 +3m 55s | thequantuminsider_2023_09_26_infleqtion_wins_award_for_defense_data_analysis_using_ai_and_quantum] Extracting actors: https://thequantuminsider.com/2023/09/26/infleqtion-wins-award-for-defense-data-analysis-using-ai-and-quantum (1/1), chunk 27/32
[07:51:14 +4m 0s | thequantuminsider_2023_09_26_infleqtion_wins_award_for_defense_data_analysis_using_ai_and_quantum] Extracting actors: https://thequantuminsider.com/2023/09/26/infleqtion-wins-award-for-defense-data-analysis-using-ai-and-quantum (1/1), chunk 28/32
[07:51:19 +4m 5s | thequantuminsider_2023_09_26_infleqtion_wins_award_for_defense_data_analysis_using_ai_and_quantum] Extracting actors: https://thequantuminsider.com/2023/09/26/infleqtion-wins-award-for-defense-data-analysis-using-ai-and-quantum (1/1), chunk 29/32
[07:51:26 +4m 12s | thequantuminsider_2023_09_26_infleqtion_wins_award_for_defense_data_analysis_using_ai_and_quantum] Repaired malformed JSON.
[07:51:26 +4m 12s | thequantuminsider_2023_09_26_infleqtion_wins_award_for_defense_data_analysis_using_ai_and_quantum] Extracting actors: https://thequantuminsider.com/2023/09/26/infleqtion-wins-award-for-defense-data-analysis-using-ai-and-quantum (1/1), chunk 30/32
[07:51:34 +4m 20s | thequantuminsider_2023_09_26_infleqtion_wins_award_for_defense_data_analysis_using_ai_and_quantum] Repaired malformed JSON.
[07:51:34 +4m 20s | thequantuminsider_2023_09_26_infleqtion_wins_award_for_defense_data_analysis_using_ai_and_quantum] Extracting actors: https://thequantuminsider.com/2023/09/26/infleqtion-wins-award-for-defense-data-analysis-using-ai-and-quantum (1/1), chunk 31/32
[07:51:40 +4m 26s | thequantuminsider_2023_09_26_infleqtion_wins_award_for_defense_data_analysis_using_ai_and_quantum] Repaired malformed JSON.
[07:51:40 +4m 26s | thequantuminsider_2023_09_26_infleqtion_wins_award_for_defense_data_analysis_using_ai_and_quantum] Extracting actors: https://thequantuminsider.com/2023/09/26/infleqtion-wins-award-for-defense-data-analysis-using-ai-and-quantum (1/1), chunk 32/32
[07:51:45 +4m 34s | thequantuminsider_2023_09_26_infleqtion_wins_award_for_defense_data_analysis_using_ai_and_quantum] Repaired malformed JSON.
[07:51:45 +4m 34s | thequantuminsider_2023_09_26_infleqtion_wins_award_for_defense_data_analysis_using_ai_and_quantum] Saved 1_actor_results.json with 45 extracted records

[07:51:46 +4m 34s | thequantuminsider_2023_09_26_infleqtion_wins_award_for_defense_data_analysis_using_ai_and_quantum] === 2 clean actors ===
[07:51:46 +4m 34s | thequantuminsider_2023_09_26_infleqtion_wins_award_for_defense_data_analysis_using_ai_and_quantum] Loaded 45 extracted records
[07:51:46 +4m 34s | thequantuminsider_2023_09_26_infleqtion_wins_award_for_defense_data_analysis_using_ai_and_quantum] Saved 2_actor_nodes.json with 15 canonical actor nodes

[07:51:46 +4m 34s | thequantuminsider_2023_09_26_infleqtion_wins_award_for_defense_data_analysis_using_ai_and_quantum] === 3 interaction extraction ===
[07:51:46 +4m 34s | thequantuminsider_2023_09_26_infleqtion_wins_award_for_defense_data_analysis_using_ai_and_quantum] Extracting interactions: https://thequantuminsider.com/2023/09/26/infleqtion-wins-award-for-defense-data-analysis-using-ai-and-quantum (1/1), chunk 11/32
[07:51:49 +4m 38s | thequantuminsider_2023_09_26_infleqtion_wins_award_for_defense_data_analysis_using_ai_and_quantum] Extracting interactions: https://thequantuminsider.com/2023/09/26/infleqtion-wins-award-for-defense-data-analysis-using-ai-and-quantum (1/1), chunk 12/32
[07:51:58 +4m 47s | thequantuminsider_2023_09_26_infleqtion_wins_award_for_defense_data_analysis_using_ai_and_quantum] Extracting interactions: https://thequantuminsider.com/2023/09/26/infleqtion-wins-award-for-defense-data-analysis-using-ai-and-quantum (1/1), chunk 13/32
[07:52:29 +5m 20s | thequantuminsider_2023_09_26_infleqtion_wins_award_for_defense_data_analysis_using_ai_and_quantum] Extracting interactions: https://thequantuminsider.com/2023/09/26/infleqtion-wins-award-for-defense-data-analysis-using-ai-and-quantum (1/1), chunk 14/32
[07:52:39 +5m 30s | thequantuminsider_2023_09_26_infleqtion_wins_award_for_defense_data_analysis_using_ai_and_quantum] Extracting interactions: https://thequantuminsider.com/2023/09/26/infleqtion-wins-award-for-defense-data-analysis-using-ai-and-quantum (1/1), chunk 15/32
[07:52:45 +5m 38s | thequantuminsider_2023_09_26_infleqtion_wins_award_for_defense_data_analysis_using_ai_and_quantum] Extracting interactions: https://thequantuminsider.com/2023/09/26/infleqtion-wins-award-for-defense-data-analysis-using-ai-and-quantum (1/1), chunk 16/32
[07:52:51 +5m 44s | thequantuminsider_2023_09_26_infleqtion_wins_award_for_defense_data_analysis_using_ai_and_quantum] Extracting interactions: https://thequantuminsider.com/2023/09/26/infleqtion-wins-award-for-defense-data-analysis-using-ai-and-quantum (1/1), chunk 17/32
[07:52:54 +5m 48s | thequantuminsider_2023_09_26_infleqtion_wins_award_for_defense_data_analysis_using_ai_and_quantum] Extracting interactions: https://thequantuminsider.com/2023/09/26/infleqtion-wins-award-for-defense-data-analysis-using-ai-and-quantum (1/1), chunk 19/32
[07:52:56 +5m 49s | thequantuminsider_2023_09_26_infleqtion_wins_award_for_defense_data_analysis_using_ai_and_quantum] Extracting interactions: https://thequantuminsider.com/2023/09/26/infleqtion-wins-award-for-defense-data-analysis-using-ai-and-quantum (1/1), chunk 20/32
[07:52:58 +5m 52s | thequantuminsider_2023_09_26_infleqtion_wins_award_for_defense_data_analysis_using_ai_and_quantum] Extracting interactions: https://thequantuminsider.com/2023/09/26/infleqtion-wins-award-for-defense-data-analysis-using-ai-and-quantum (1/1), chunk 21/32
[07:53:05 +5m 59s | thequantuminsider_2023_09_26_infleqtion_wins_award_for_defense_data_analysis_using_ai_and_quantum] Extracting interactions: https://thequantuminsider.com/2023/09/26/infleqtion-wins-award-for-defense-data-analysis-using-ai-and-quantum (1/1), chunk 22/32
[07:53:10 +6m 4s | thequantuminsider_2023_09_26_infleqtion_wins_award_for_defense_data_analysis_using_ai_and_quantum] Extracting interactions: https://thequantuminsider.com/2023/09/26/infleqtion-wins-award-for-defense-data-analysis-using-ai-and-quantum (1/1), chunk 26/32
[07:53:13 +6m 9s | thequantuminsider_2023_09_26_infleqtion_wins_award_for_defense_data_analysis_using_ai_and_quantum] Extracting interactions: https://thequantuminsider.com/2023/09/26/infleqtion-wins-award-for-defense-data-analysis-using-ai-and-quantum (1/1), chunk 28/32
[07:53:15 +6m 10s | thequantuminsider_2023_09_26_infleqtion_wins_award_for_defense_data_analysis_using_ai_and_quantum] Extracting interactions: https://thequantuminsider.com/2023/09/26/infleqtion-wins-award-for-defense-data-analysis-using-ai-and-quantum (1/1), chunk 29/32
[07:53:16 +6m 12s | thequantuminsider_2023_09_26_infleqtion_wins_award_for_defense_data_analysis_using_ai_and_quantum] Extracting interactions: https://thequantuminsider.com/2023/09/26/infleqtion-wins-award-for-defense-data-analysis-using-ai-and-quantum (1/1), chunk 30/32
[07:53:18 +6m 14s | thequantuminsider_2023_09_26_infleqtion_wins_award_for_defense_data_analysis_using_ai_and_quantum] Extracting interactions: https://thequantuminsider.com/2023/09/26/infleqtion-wins-award-for-defense-data-analysis-using-ai-and-quantum (1/1), chunk 31/32
[07:53:20 +6m 16s | thequantuminsider_2023_09_26_infleqtion_wins_award_for_defense_data_analysis_using_ai_and_quantum] Extracting interactions: https://thequantuminsider.com/2023/09/26/infleqtion-wins-award-for-defense-data-analysis-using-ai-and-quantum (1/1), chunk 32/32
[07:53:22 +6m 18s | thequantuminsider_2023_09_26_infleqtion_wins_award_for_defense_data_analysis_using_ai_and_quantum] Saved 3_interaction_results.json with 11 extracted interactions.

[07:53:22 +6m 18s | thequantuminsider_2023_09_26_infleqtion_wins_award_for_defense_data_analysis_using_ai_and_quantum] === 4 clean interactions ===
[07:53:22 +6m 18s | thequantuminsider_2023_09_26_infleqtion_wins_award_for_defense_data_analysis_using_ai_and_quantum] Saved 4_edges.json with 0 cleaned interactions.

[07:53:22 +6m 18s | thequantuminsider_2023_09_26_infleqtion_wins_award_for_defense_data_analysis_using_ai_and_quantum] === 5 helix enrichment ===
[07:53:22 +6m 18s | thequantuminsider_2023_09_26_infleqtion_wins_award_for_defense_data_analysis_using_ai_and_quantum] Wrote 5_nodes.json (15 actors)
[07:53:22 +6m 18s | thequantuminsider_2023_09_26_infleqtion_wins_award_for_defense_data_analysis_using_ai_and_quantum] Wrote 5_edges.json (0 interactions)
[07:53:22 +6m 18s | thequantuminsider_2023_09_26_infleqtion_wins_award_for_defense_data_analysis_using_ai_and_quantum] Actor helix counts: {'Academia': 1, 'Civil Society': 2, 'Government': 1, 'Industry': 3, 'Intermediary': 1, 'Unknown': 7}
[07:53:22 +6m 18s | thequantuminsider_2023_09_26_infleqtion_wins_award_for_defense_data_analysis_using_ai_and_quantum] Functional-space counts: {}

[07:53:22 +6m 18s | thequantuminsider_2023_09_26_infleqtion_wins_award_for_defense_data_analysis_using_ai_and_quantum] === 6 network visualisation ===
[07:53:22 +6m 18s | thequantuminsider_2023_09_26_infleqtion_wins_award_for_defense_data_analysis_using_ai_and_quantum] Wrote quantum_network.html
[07:53:22 +6m 18s | thequantuminsider_2023_09_26_infleqtion_wins_award_for_defense_data_analysis_using_ai_and_quantum] Nodes: 15
[07:53:22 +6m 18s | thequantuminsider_2023_09_26_infleqtion_wins_award_for_defense_data_analysis_using_ai_and_quantum] Edges: 0

[07:53:22 +6m 18s | thequantuminsider_2023_09_26_infleqtion_wins_award_for_defense_data_analysis_using_ai_and_quantum] Done. Outputs written to: /home/lv/IDP/idpdeeptech/pipeline/news_outputs/thequantuminsider_2023_09_26_infleqtion_wins_award_for_defense_data_analysis_using_ai_and_quantum
[07:53:22 +6m 18s | thequantuminsider_2023_09_26_infleqtion_wins_award_for_defense_data_analysis_using_ai_and_quantum] Log: /home/lv/IDP/idpdeeptech/pipeline/news_outputs/thequantuminsider_2023_09_26_infleqtion_wins_award_for_defense_data_analysis_using_ai_and_quantum/run.log

========================================================================
RUN FINISHED 2026-07-05 07:53:22  (OK)
Started:     2026-07-05 07:47:33
Elapsed:     6m 18s
========================================================================
