
========================================================================
RUN STARTED  2026-07-05 08:29:07
site_pipeline.py https://thequantuminsider.com/2023/09/18/tno-joins-european-collaboration-to-develop-space-based-global-quantum-internet/
========================================================================

[08:29:07 +0s | thequantuminsider_2023_09_18_tno_joins_european_collaboration_to_develop_space_based_glob_e386f699] === 0 crawl site ===
[08:29:09 +1s | thequantuminsider_2023_09_18_tno_joins_european_collaboration_to_develop_space_based_glob_e386f699] [INIT].... → Crawl4AI 0.8.6 
[08:29:11 +4s | thequantuminsider_2023_09_18_tno_joins_european_collaboration_to_develop_space_based_glob_e386f699] [FETCH]... ↓ https://thequantuminsider.com/2023/09/18/tno-joi...-to-develop-space-based-global-quantum-internet/  | ✓ | ⏱: 2.02s 
[08:29:11 +4s | thequantuminsider_2023_09_18_tno_joins_european_collaboration_to_develop_space_based_glob_e386f699] [SCRAPE].. ◆ https://thequantuminsider.com/2023/09/18/tno-joi...-to-develop-space-based-global-quantum-internet/  | ✓ | ⏱: 0.14s 
[08:29:11 +4s | thequantuminsider_2023_09_18_tno_joins_european_collaboration_to_develop_space_based_glob_e386f699] [COMPLETE] ● https://thequantuminsider.com/2023/09/18/tno-joi...-to-develop-space-based-global-quantum-internet/  | ✓ | ⏱: 2.18s 
[08:29:11 +4s | thequantuminsider_2023_09_18_tno_joins_european_collaboration_to_develop_space_based_glob_e386f699] Saved: crawl_output/f4172b9d90_thequantuminsider.com_2023_09_18_tno-joins-european-collaboration-to-develop-space-based-global-quantum-internet.json

[08:29:11 +4s | thequantuminsider_2023_09_18_tno_joins_european_collaboration_to_develop_space_based_glob_e386f699] === 1 actor extraction ===
[08:29:11 +4s | thequantuminsider_2023_09_18_tno_joins_european_collaboration_to_develop_space_based_glob_e386f699] Reading page (1/1): https://thequantuminsider.com/2023/09/18/tno-joins-european-collaboration-to-develop-space-based-global-quantum-internet
[08:29:11 +4s | thequantuminsider_2023_09_18_tno_joins_european_collaboration_to_develop_space_based_glob_e386f699] Extracting actors: https://thequantuminsider.com/2023/09/18/tno-joins-european-collaboration-to-develop-space-based-global-quantum-internet (1/1), chunk 1/37
[08:29:18 +11s | thequantuminsider_2023_09_18_tno_joins_european_collaboration_to_develop_space_based_glob_e386f699] Extracting actors: https://thequantuminsider.com/2023/09/18/tno-joins-european-collaboration-to-develop-space-based-global-quantum-internet (1/1), chunk 2/37
[08:29:24 +16s | thequantuminsider_2023_09_18_tno_joins_european_collaboration_to_develop_space_based_glob_e386f699] Extracting actors: https://thequantuminsider.com/2023/09/18/tno-joins-european-collaboration-to-develop-space-based-global-quantum-internet (1/1), chunk 3/37
[08:29:28 +23s | thequantuminsider_2023_09_18_tno_joins_european_collaboration_to_develop_space_based_glob_e386f699] Extracting actors: https://thequantuminsider.com/2023/09/18/tno-joins-european-collaboration-to-develop-space-based-global-quantum-internet (1/1), chunk 4/37
[08:29:36 +32s | thequantuminsider_2023_09_18_tno_joins_european_collaboration_to_develop_space_based_glob_e386f699] Extracting actors: https://thequantuminsider.com/2023/09/18/tno-joins-european-collaboration-to-develop-space-based-global-quantum-internet (1/1), chunk 5/37
[08:29:46 +41s | thequantuminsider_2023_09_18_tno_joins_european_collaboration_to_develop_space_based_glob_e386f699] Repaired malformed JSON.
[08:29:46 +41s | thequantuminsider_2023_09_18_tno_joins_european_collaboration_to_develop_space_based_glob_e386f699] Extracting actors: https://thequantuminsider.com/2023/09/18/tno-joins-european-collaboration-to-develop-space-based-global-quantum-internet (1/1), chunk 6/37
[08:30:00 +58s | thequantuminsider_2023_09_18_tno_joins_european_collaboration_to_develop_space_based_glob_e386f699] Extracting actors: https://thequantuminsider.com/2023/09/18/tno-joins-european-collaboration-to-develop-space-based-global-quantum-internet (1/1), chunk 7/37
[08:30:06 +1m 4s | thequantuminsider_2023_09_18_tno_joins_european_collaboration_to_develop_space_based_glob_e386f699] Extracting actors: https://thequantuminsider.com/2023/09/18/tno-joins-european-collaboration-to-develop-space-based-global-quantum-internet (1/1), chunk 8/37
[08:30:15 +1m 13s | thequantuminsider_2023_09_18_tno_joins_european_collaboration_to_develop_space_based_glob_e386f699] Repaired malformed JSON.
[08:30:15 +1m 13s | thequantuminsider_2023_09_18_tno_joins_european_collaboration_to_develop_space_based_glob_e386f699] Extracting actors: https://thequantuminsider.com/2023/09/18/tno-joins-european-collaboration-to-develop-space-based-global-quantum-internet (1/1), chunk 9/37
[08:30:22 +1m 20s | thequantuminsider_2023_09_18_tno_joins_european_collaboration_to_develop_space_based_glob_e386f699] Extracting actors: https://thequantuminsider.com/2023/09/18/tno-joins-european-collaboration-to-develop-space-based-global-quantum-internet (1/1), chunk 10/37
[08:30:27 +1m 28s | thequantuminsider_2023_09_18_tno_joins_european_collaboration_to_develop_space_based_glob_e386f699] Extracting actors: https://thequantuminsider.com/2023/09/18/tno-joins-european-collaboration-to-develop-space-based-global-quantum-internet (1/1), chunk 11/37
[08:30:37 +1m 37s | thequantuminsider_2023_09_18_tno_joins_european_collaboration_to_develop_space_based_glob_e386f699] Repaired malformed JSON.
[08:30:37 +1m 37s | thequantuminsider_2023_09_18_tno_joins_european_collaboration_to_develop_space_based_glob_e386f699] Extracting actors: https://thequantuminsider.com/2023/09/18/tno-joins-european-collaboration-to-develop-space-based-global-quantum-internet (1/1), chunk 12/37
[08:30:46 +1m 47s | thequantuminsider_2023_09_18_tno_joins_european_collaboration_to_develop_space_based_glob_e386f699] Repaired malformed JSON.
[08:30:46 +1m 47s | thequantuminsider_2023_09_18_tno_joins_european_collaboration_to_develop_space_based_glob_e386f699] Extracting actors: https://thequantuminsider.com/2023/09/18/tno-joins-european-collaboration-to-develop-space-based-global-quantum-internet (1/1), chunk 13/37
[08:30:54 +1m 55s | thequantuminsider_2023_09_18_tno_joins_european_collaboration_to_develop_space_based_glob_e386f699] Repaired malformed JSON.
[08:30:54 +1m 55s | thequantuminsider_2023_09_18_tno_joins_european_collaboration_to_develop_space_based_glob_e386f699] Extracting actors: https://thequantuminsider.com/2023/09/18/tno-joins-european-collaboration-to-develop-space-based-global-quantum-internet (1/1), chunk 14/37
[08:31:01 +2m 4s | thequantuminsider_2023_09_18_tno_joins_european_collaboration_to_develop_space_based_glob_e386f699] Repaired malformed JSON.
[08:31:01 +2m 4s | thequantuminsider_2023_09_18_tno_joins_european_collaboration_to_develop_space_based_glob_e386f699] Extracting actors: https://thequantuminsider.com/2023/09/18/tno-joins-european-collaboration-to-develop-space-based-global-quantum-internet (1/1), chunk 15/37
[08:31:11 +2m 14s | thequantuminsider_2023_09_18_tno_joins_european_collaboration_to_develop_space_based_glob_e386f699] Repaired malformed JSON.
[08:31:11 +2m 14s | thequantuminsider_2023_09_18_tno_joins_european_collaboration_to_develop_space_based_glob_e386f699] Extracting actors: https://thequantuminsider.com/2023/09/18/tno-joins-european-collaboration-to-develop-space-based-global-quantum-internet (1/1), chunk 16/37
[08:31:19 +2m 22s | thequantuminsider_2023_09_18_tno_joins_european_collaboration_to_develop_space_based_glob_e386f699] Repaired malformed JSON.
[08:31:19 +2m 22s | thequantuminsider_2023_09_18_tno_joins_european_collaboration_to_develop_space_based_glob_e386f699] Extracting actors: https://thequantuminsider.com/2023/09/18/tno-joins-european-collaboration-to-develop-space-based-global-quantum-internet (1/1), chunk 17/37
[08:31:26 +2m 31s | thequantuminsider_2023_09_18_tno_joins_european_collaboration_to_develop_space_based_glob_e386f699] Extracting actors: https://thequantuminsider.com/2023/09/18/tno-joins-european-collaboration-to-develop-space-based-global-quantum-internet (1/1), chunk 18/37
[08:31:35 +2m 41s | thequantuminsider_2023_09_18_tno_joins_european_collaboration_to_develop_space_based_glob_e386f699] Repaired malformed JSON.
[08:31:35 +2m 41s | thequantuminsider_2023_09_18_tno_joins_european_collaboration_to_develop_space_based_glob_e386f699] Extracting actors: https://thequantuminsider.com/2023/09/18/tno-joins-european-collaboration-to-develop-space-based-global-quantum-internet (1/1), chunk 19/37
[08:31:51 +2m 56s | thequantuminsider_2023_09_18_tno_joins_european_collaboration_to_develop_space_based_glob_e386f699] Repaired malformed JSON.
[08:31:51 +2m 56s | thequantuminsider_2023_09_18_tno_joins_european_collaboration_to_develop_space_based_glob_e386f699] Extracting actors: https://thequantuminsider.com/2023/09/18/tno-joins-european-collaboration-to-develop-space-based-global-quantum-internet (1/1), chunk 20/37
[08:31:57 +3m 5s | thequantuminsider_2023_09_18_tno_joins_european_collaboration_to_develop_space_based_glob_e386f699] Repaired malformed JSON.
[08:31:57 +3m 5s | thequantuminsider_2023_09_18_tno_joins_european_collaboration_to_develop_space_based_glob_e386f699] Extracting actors: https://thequantuminsider.com/2023/09/18/tno-joins-european-collaboration-to-develop-space-based-global-quantum-internet (1/1), chunk 21/37
[08:32:05 +3m 13s | thequantuminsider_2023_09_18_tno_joins_european_collaboration_to_develop_space_based_glob_e386f699] Repaired malformed JSON.
[08:32:05 +3m 13s | thequantuminsider_2023_09_18_tno_joins_european_collaboration_to_develop_space_based_glob_e386f699] Extracting actors: https://thequantuminsider.com/2023/09/18/tno-joins-european-collaboration-to-develop-space-based-global-quantum-internet (1/1), chunk 22/37
[08:32:13 +3m 21s | thequantuminsider_2023_09_18_tno_joins_european_collaboration_to_develop_space_based_glob_e386f699] Extracting actors: https://thequantuminsider.com/2023/09/18/tno-joins-european-collaboration-to-develop-space-based-global-quantum-internet (1/1), chunk 23/37
[08:32:20 +3m 28s | thequantuminsider_2023_09_18_tno_joins_european_collaboration_to_develop_space_based_glob_e386f699] Repaired malformed JSON.
[08:32:20 +3m 28s | thequantuminsider_2023_09_18_tno_joins_european_collaboration_to_develop_space_based_glob_e386f699] Extracting actors: https://thequantuminsider.com/2023/09/18/tno-joins-european-collaboration-to-develop-space-based-global-quantum-internet (1/1), chunk 24/37
[08:32:24 +3m 35s | thequantuminsider_2023_09_18_tno_joins_european_collaboration_to_develop_space_based_glob_e386f699] Repaired malformed JSON.
[08:32:24 +3m 35s | thequantuminsider_2023_09_18_tno_joins_european_collaboration_to_develop_space_based_glob_e386f699] Extracting actors: https://thequantuminsider.com/2023/09/18/tno-joins-european-collaboration-to-develop-space-based-global-quantum-internet (1/1), chunk 25/37
[08:32:32 +3m 42s | thequantuminsider_2023_09_18_tno_joins_european_collaboration_to_develop_space_based_glob_e386f699] Repaired malformed JSON.
[08:32:32 +3m 42s | thequantuminsider_2023_09_18_tno_joins_european_collaboration_to_develop_space_based_glob_e386f699] Extracting actors: https://thequantuminsider.com/2023/09/18/tno-joins-european-collaboration-to-develop-space-based-global-quantum-internet (1/1), chunk 26/37
[08:32:39 +3m 49s | thequantuminsider_2023_09_18_tno_joins_european_collaboration_to_develop_space_based_glob_e386f699] Repaired malformed JSON.
[08:32:39 +3m 49s | thequantuminsider_2023_09_18_tno_joins_european_collaboration_to_develop_space_based_glob_e386f699] Extracting actors: https://thequantuminsider.com/2023/09/18/tno-joins-european-collaboration-to-develop-space-based-global-quantum-internet (1/1), chunk 27/37
[08:32:43 +3m 54s | thequantuminsider_2023_09_18_tno_joins_european_collaboration_to_develop_space_based_glob_e386f699] Extracting actors: https://thequantuminsider.com/2023/09/18/tno-joins-european-collaboration-to-develop-space-based-global-quantum-internet (1/1), chunk 28/37
[08:32:50 +4m 1s | thequantuminsider_2023_09_18_tno_joins_european_collaboration_to_develop_space_based_glob_e386f699] Repaired malformed JSON.
[08:32:50 +4m 1s | thequantuminsider_2023_09_18_tno_joins_european_collaboration_to_develop_space_based_glob_e386f699] Extracting actors: https://thequantuminsider.com/2023/09/18/tno-joins-european-collaboration-to-develop-space-based-global-quantum-internet (1/1), chunk 29/37
[08:32:57 +4m 10s | thequantuminsider_2023_09_18_tno_joins_european_collaboration_to_develop_space_based_glob_e386f699] Repaired malformed JSON.
[08:32:57 +4m 10s | thequantuminsider_2023_09_18_tno_joins_european_collaboration_to_develop_space_based_glob_e386f699] Extracting actors: https://thequantuminsider.com/2023/09/18/tno-joins-european-collaboration-to-develop-space-based-global-quantum-internet (1/1), chunk 30/37
[08:33:03 +4m 16s | thequantuminsider_2023_09_18_tno_joins_european_collaboration_to_develop_space_based_glob_e386f699] Repaired malformed JSON.
[08:33:03 +4m 16s | thequantuminsider_2023_09_18_tno_joins_european_collaboration_to_develop_space_based_glob_e386f699] Extracting actors: https://thequantuminsider.com/2023/09/18/tno-joins-european-collaboration-to-develop-space-based-global-quantum-internet (1/1), chunk 31/37
[08:33:10 +4m 23s | thequantuminsider_2023_09_18_tno_joins_european_collaboration_to_develop_space_based_glob_e386f699] Repaired malformed JSON.
[08:33:10 +4m 23s | thequantuminsider_2023_09_18_tno_joins_european_collaboration_to_develop_space_based_glob_e386f699] Extracting actors: https://thequantuminsider.com/2023/09/18/tno-joins-european-collaboration-to-develop-space-based-global-quantum-internet (1/1), chunk 32/37
[08:33:17 +4m 30s | thequantuminsider_2023_09_18_tno_joins_european_collaboration_to_develop_space_based_glob_e386f699] Repaired malformed JSON.
[08:33:17 +4m 30s | thequantuminsider_2023_09_18_tno_joins_european_collaboration_to_develop_space_based_glob_e386f699] Extracting actors: https://thequantuminsider.com/2023/09/18/tno-joins-european-collaboration-to-develop-space-based-global-quantum-internet (1/1), chunk 33/37
[08:33:21 +4m 37s | thequantuminsider_2023_09_18_tno_joins_european_collaboration_to_develop_space_based_glob_e386f699] Repaired malformed JSON.
[08:33:21 +4m 37s | thequantuminsider_2023_09_18_tno_joins_european_collaboration_to_develop_space_based_glob_e386f699] Extracting actors: https://thequantuminsider.com/2023/09/18/tno-joins-european-collaboration-to-develop-space-based-global-quantum-internet (1/1), chunk 34/37
[08:33:26 +4m 41s | thequantuminsider_2023_09_18_tno_joins_european_collaboration_to_develop_space_based_glob_e386f699] Extracting actors: https://thequantuminsider.com/2023/09/18/tno-joins-european-collaboration-to-develop-space-based-global-quantum-internet (1/1), chunk 35/37
[08:33:33 +4m 49s | thequantuminsider_2023_09_18_tno_joins_european_collaboration_to_develop_space_based_glob_e386f699] Repaired malformed JSON.
[08:33:33 +4m 49s | thequantuminsider_2023_09_18_tno_joins_european_collaboration_to_develop_space_based_glob_e386f699] Extracting actors: https://thequantuminsider.com/2023/09/18/tno-joins-european-collaboration-to-develop-space-based-global-quantum-internet (1/1), chunk 36/37
[08:33:41 +4m 57s | thequantuminsider_2023_09_18_tno_joins_european_collaboration_to_develop_space_based_glob_e386f699] Repaired malformed JSON.
[08:33:41 +4m 57s | thequantuminsider_2023_09_18_tno_joins_european_collaboration_to_develop_space_based_glob_e386f699] Extracting actors: https://thequantuminsider.com/2023/09/18/tno-joins-european-collaboration-to-develop-space-based-global-quantum-internet (1/1), chunk 37/37
[08:33:50 +5m 5s | thequantuminsider_2023_09_18_tno_joins_european_collaboration_to_develop_space_based_glob_e386f699] Repaired malformed JSON.
[08:33:50 +5m 5s | thequantuminsider_2023_09_18_tno_joins_european_collaboration_to_develop_space_based_glob_e386f699] Saved 1_actor_results.json with 59 extracted records

[08:33:50 +5m 5s | thequantuminsider_2023_09_18_tno_joins_european_collaboration_to_develop_space_based_glob_e386f699] === 2 clean actors ===
[08:33:50 +5m 5s | thequantuminsider_2023_09_18_tno_joins_european_collaboration_to_develop_space_based_glob_e386f699] Loaded 59 extracted records
[08:33:50 +5m 5s | thequantuminsider_2023_09_18_tno_joins_european_collaboration_to_develop_space_based_glob_e386f699] Saved 2_actor_nodes.json with 16 canonical actor nodes

[08:33:50 +5m 5s | thequantuminsider_2023_09_18_tno_joins_european_collaboration_to_develop_space_based_glob_e386f699] === 3 interaction extraction ===
[08:33:50 +5m 6s | thequantuminsider_2023_09_18_tno_joins_european_collaboration_to_develop_space_based_glob_e386f699] Extracting interactions: https://thequantuminsider.com/2023/09/18/tno-joins-european-collaboration-to-develop-space-based-global-quantum-internet (1/1), chunk 11/37
[08:33:56 +5m 15s | thequantuminsider_2023_09_18_tno_joins_european_collaboration_to_develop_space_based_glob_e386f699] Extracting interactions: https://thequantuminsider.com/2023/09/18/tno-joins-european-collaboration-to-develop-space-based-global-quantum-internet (1/1), chunk 16/37
[08:34:00 +5m 19s | thequantuminsider_2023_09_18_tno_joins_european_collaboration_to_develop_space_based_glob_e386f699] Extracting interactions: https://thequantuminsider.com/2023/09/18/tno-joins-european-collaboration-to-develop-space-based-global-quantum-internet (1/1), chunk 17/37
[08:34:02 +5m 20s | thequantuminsider_2023_09_18_tno_joins_european_collaboration_to_develop_space_based_glob_e386f699] Extracting interactions: https://thequantuminsider.com/2023/09/18/tno-joins-european-collaboration-to-develop-space-based-global-quantum-internet (1/1), chunk 20/37
[08:34:10 +5m 29s | thequantuminsider_2023_09_18_tno_joins_european_collaboration_to_develop_space_based_glob_e386f699] Extracting interactions: https://thequantuminsider.com/2023/09/18/tno-joins-european-collaboration-to-develop-space-based-global-quantum-internet (1/1), chunk 21/37
[08:34:14 +5m 33s | thequantuminsider_2023_09_18_tno_joins_european_collaboration_to_develop_space_based_glob_e386f699] Extracting interactions: https://thequantuminsider.com/2023/09/18/tno-joins-european-collaboration-to-develop-space-based-global-quantum-internet (1/1), chunk 22/37
[08:34:16 +5m 35s | thequantuminsider_2023_09_18_tno_joins_european_collaboration_to_develop_space_based_glob_e386f699] Extracting interactions: https://thequantuminsider.com/2023/09/18/tno-joins-european-collaboration-to-develop-space-based-global-quantum-internet (1/1), chunk 25/37
[08:34:18 +5m 36s | thequantuminsider_2023_09_18_tno_joins_european_collaboration_to_develop_space_based_glob_e386f699] Extracting interactions: https://thequantuminsider.com/2023/09/18/tno-joins-european-collaboration-to-develop-space-based-global-quantum-internet (1/1), chunk 26/37
[08:34:20 +5m 41s | thequantuminsider_2023_09_18_tno_joins_european_collaboration_to_develop_space_based_glob_e386f699] Extracting interactions: https://thequantuminsider.com/2023/09/18/tno-joins-european-collaboration-to-develop-space-based-global-quantum-internet (1/1), chunk 27/37
[08:34:23 +5m 44s | thequantuminsider_2023_09_18_tno_joins_european_collaboration_to_develop_space_based_glob_e386f699] Extracting interactions: https://thequantuminsider.com/2023/09/18/tno-joins-european-collaboration-to-develop-space-based-global-quantum-internet (1/1), chunk 28/37
[08:34:25 +5m 46s | thequantuminsider_2023_09_18_tno_joins_european_collaboration_to_develop_space_based_glob_e386f699] Extracting interactions: https://thequantuminsider.com/2023/09/18/tno-joins-european-collaboration-to-develop-space-based-global-quantum-internet (1/1), chunk 29/37
[08:34:32 +5m 53s | thequantuminsider_2023_09_18_tno_joins_european_collaboration_to_develop_space_based_glob_e386f699] Extracting interactions: https://thequantuminsider.com/2023/09/18/tno-joins-european-collaboration-to-develop-space-based-global-quantum-internet (1/1), chunk 30/37
[08:34:33 +5m 54s | thequantuminsider_2023_09_18_tno_joins_european_collaboration_to_develop_space_based_glob_e386f699] Extracting interactions: https://thequantuminsider.com/2023/09/18/tno-joins-european-collaboration-to-develop-space-based-global-quantum-internet (1/1), chunk 31/37
[08:34:35 +5m 56s | thequantuminsider_2023_09_18_tno_joins_european_collaboration_to_develop_space_based_glob_e386f699] Extracting interactions: https://thequantuminsider.com/2023/09/18/tno-joins-european-collaboration-to-develop-space-based-global-quantum-internet (1/1), chunk 32/37
[08:34:38 +5m 58s | thequantuminsider_2023_09_18_tno_joins_european_collaboration_to_develop_space_based_glob_e386f699] Extracting interactions: https://thequantuminsider.com/2023/09/18/tno-joins-european-collaboration-to-develop-space-based-global-quantum-internet (1/1), chunk 33/37
[08:34:40 +6m 1s | thequantuminsider_2023_09_18_tno_joins_european_collaboration_to_develop_space_based_glob_e386f699] Extracting interactions: https://thequantuminsider.com/2023/09/18/tno-joins-european-collaboration-to-develop-space-based-global-quantum-internet (1/1), chunk 34/37
[08:34:43 +6m 3s | thequantuminsider_2023_09_18_tno_joins_european_collaboration_to_develop_space_based_glob_e386f699] Extracting interactions: https://thequantuminsider.com/2023/09/18/tno-joins-european-collaboration-to-develop-space-based-global-quantum-internet (1/1), chunk 35/37
[08:34:44 +6m 5s | thequantuminsider_2023_09_18_tno_joins_european_collaboration_to_develop_space_based_glob_e386f699] Extracting interactions: https://thequantuminsider.com/2023/09/18/tno-joins-european-collaboration-to-develop-space-based-global-quantum-internet (1/1), chunk 36/37
[08:34:51 +6m 15s | thequantuminsider_2023_09_18_tno_joins_european_collaboration_to_develop_space_based_glob_e386f699] Extracting interactions: https://thequantuminsider.com/2023/09/18/tno-joins-european-collaboration-to-develop-space-based-global-quantum-internet (1/1), chunk 37/37
[08:34:54 +6m 17s | thequantuminsider_2023_09_18_tno_joins_european_collaboration_to_develop_space_based_glob_e386f699] Saved 3_interaction_results.json with 8 extracted interactions.

[08:34:54 +6m 17s | thequantuminsider_2023_09_18_tno_joins_european_collaboration_to_develop_space_based_glob_e386f699] === 4 clean interactions ===
[08:34:54 +6m 17s | thequantuminsider_2023_09_18_tno_joins_european_collaboration_to_develop_space_based_glob_e386f699] Saved 4_edges.json with 0 cleaned interactions.

[08:34:54 +6m 17s | thequantuminsider_2023_09_18_tno_joins_european_collaboration_to_develop_space_based_glob_e386f699] === 5 helix enrichment ===
[08:34:54 +6m 17s | thequantuminsider_2023_09_18_tno_joins_european_collaboration_to_develop_space_based_glob_e386f699] Wrote 5_nodes.json (16 actors)
[08:34:54 +6m 17s | thequantuminsider_2023_09_18_tno_joins_european_collaboration_to_develop_space_based_glob_e386f699] Wrote 5_edges.json (0 interactions)
[08:34:54 +6m 17s | thequantuminsider_2023_09_18_tno_joins_european_collaboration_to_develop_space_based_glob_e386f699] Actor helix counts: {'Academia': 2, 'Civil Society': 4, 'Industry': 1, 'Intermediary': 1, 'Unknown': 8}
[08:34:54 +6m 17s | thequantuminsider_2023_09_18_tno_joins_european_collaboration_to_develop_space_based_glob_e386f699] Functional-space counts: {}

[08:34:54 +6m 17s | thequantuminsider_2023_09_18_tno_joins_european_collaboration_to_develop_space_based_glob_e386f699] === 6 network visualisation ===
[08:34:54 +6m 18s | thequantuminsider_2023_09_18_tno_joins_european_collaboration_to_develop_space_based_glob_e386f699] Wrote quantum_network.html
[08:34:54 +6m 18s | thequantuminsider_2023_09_18_tno_joins_european_collaboration_to_develop_space_based_glob_e386f699] Nodes: 16
[08:34:54 +6m 18s | thequantuminsider_2023_09_18_tno_joins_european_collaboration_to_develop_space_based_glob_e386f699] Edges: 0

[08:34:54 +6m 18s | thequantuminsider_2023_09_18_tno_joins_european_collaboration_to_develop_space_based_glob_e386f699] Done. Outputs written to: /home/lv/IDP/idpdeeptech/pipeline/news_outputs/thequantuminsider_2023_09_18_tno_joins_european_collaboration_to_develop_space_based_glob_e386f699
[08:34:54 +6m 18s | thequantuminsider_2023_09_18_tno_joins_european_collaboration_to_develop_space_based_glob_e386f699] Log: /home/lv/IDP/idpdeeptech/pipeline/news_outputs/thequantuminsider_2023_09_18_tno_joins_european_collaboration_to_develop_space_based_glob_e386f699/run.log

========================================================================
RUN FINISHED 2026-07-05 08:34:54  (OK)
Started:     2026-07-05 08:29:07
Elapsed:     6m 18s
========================================================================
