
========================================================================
RUN STARTED  2026-07-05 05:35:30
site_pipeline.py https://thequantuminsider.com/2023/10/23/ucf-project-is-harnessing-virtual-reality-to-teach-quantum-computing/
========================================================================

[05:35:30 +0s | thequantuminsider_2023_10_23_ucf_project_is_harnessing_virtual_reality_to_teach_quantum_computing] === 0 crawl site ===
[05:35:32 +1s | thequantuminsider_2023_10_23_ucf_project_is_harnessing_virtual_reality_to_teach_quantum_computing] [INIT].... → Crawl4AI 0.8.6 
[05:35:34 +3s | thequantuminsider_2023_10_23_ucf_project_is_harnessing_virtual_reality_to_teach_quantum_computing] [FETCH]... ↓ https://thequantuminsider.com/2023/10/23/ucf-pro...sing-virtual-reality-to-teach-quantum-computing/  | ✓ | ⏱: 2.01s 
[05:35:34 +4s | thequantuminsider_2023_10_23_ucf_project_is_harnessing_virtual_reality_to_teach_quantum_computing] [SCRAPE].. ◆ https://thequantuminsider.com/2023/10/23/ucf-pro...sing-virtual-reality-to-teach-quantum-computing/  | ✓ | ⏱: 0.15s 
[05:35:34 +4s | thequantuminsider_2023_10_23_ucf_project_is_harnessing_virtual_reality_to_teach_quantum_computing] [COMPLETE] ● https://thequantuminsider.com/2023/10/23/ucf-pro...sing-virtual-reality-to-teach-quantum-computing/  | ✓ | ⏱: 2.19s 
[05:35:34 +4s | thequantuminsider_2023_10_23_ucf_project_is_harnessing_virtual_reality_to_teach_quantum_computing] Saved: crawl_output/06a2a59223_thequantuminsider.com_2023_10_23_ucf-project-is-harnessing-virtual-reality-to-teach-quantum-computing.json

[05:35:34 +4s | thequantuminsider_2023_10_23_ucf_project_is_harnessing_virtual_reality_to_teach_quantum_computing] === 1 actor extraction ===
[05:35:34 +4s | thequantuminsider_2023_10_23_ucf_project_is_harnessing_virtual_reality_to_teach_quantum_computing] Reading page (1/1): https://thequantuminsider.com/2023/10/23/ucf-project-is-harnessing-virtual-reality-to-teach-quantum-computing
[05:35:34 +4s | thequantuminsider_2023_10_23_ucf_project_is_harnessing_virtual_reality_to_teach_quantum_computing] Extracting actors: https://thequantuminsider.com/2023/10/23/ucf-project-is-harnessing-virtual-reality-to-teach-quantum-computing (1/1), chunk 1/39
[05:35:39 +9s | thequantuminsider_2023_10_23_ucf_project_is_harnessing_virtual_reality_to_teach_quantum_computing] Extracting actors: https://thequantuminsider.com/2023/10/23/ucf-project-is-harnessing-virtual-reality-to-teach-quantum-computing (1/1), chunk 2/39
[05:35:44 +14s | thequantuminsider_2023_10_23_ucf_project_is_harnessing_virtual_reality_to_teach_quantum_computing] Extracting actors: https://thequantuminsider.com/2023/10/23/ucf-project-is-harnessing-virtual-reality-to-teach-quantum-computing (1/1), chunk 3/39
[05:35:49 +19s | thequantuminsider_2023_10_23_ucf_project_is_harnessing_virtual_reality_to_teach_quantum_computing] Extracting actors: https://thequantuminsider.com/2023/10/23/ucf-project-is-harnessing-virtual-reality-to-teach-quantum-computing (1/1), chunk 4/39
[05:35:54 +23s | thequantuminsider_2023_10_23_ucf_project_is_harnessing_virtual_reality_to_teach_quantum_computing] Extracting actors: https://thequantuminsider.com/2023/10/23/ucf-project-is-harnessing-virtual-reality-to-teach-quantum-computing (1/1), chunk 5/39
[05:35:58 +28s | thequantuminsider_2023_10_23_ucf_project_is_harnessing_virtual_reality_to_teach_quantum_computing] Extracting actors: https://thequantuminsider.com/2023/10/23/ucf-project-is-harnessing-virtual-reality-to-teach-quantum-computing (1/1), chunk 6/39
[05:36:05 +36s | thequantuminsider_2023_10_23_ucf_project_is_harnessing_virtual_reality_to_teach_quantum_computing] Repaired malformed JSON.
[05:36:05 +36s | thequantuminsider_2023_10_23_ucf_project_is_harnessing_virtual_reality_to_teach_quantum_computing] Extracting actors: https://thequantuminsider.com/2023/10/23/ucf-project-is-harnessing-virtual-reality-to-teach-quantum-computing (1/1), chunk 7/39
[05:36:10 +41s | thequantuminsider_2023_10_23_ucf_project_is_harnessing_virtual_reality_to_teach_quantum_computing] Extracting actors: https://thequantuminsider.com/2023/10/23/ucf-project-is-harnessing-virtual-reality-to-teach-quantum-computing (1/1), chunk 8/39
[05:36:15 +47s | thequantuminsider_2023_10_23_ucf_project_is_harnessing_virtual_reality_to_teach_quantum_computing] Extracting actors: https://thequantuminsider.com/2023/10/23/ucf-project-is-harnessing-virtual-reality-to-teach-quantum-computing (1/1), chunk 9/39
[05:36:20 +52s | thequantuminsider_2023_10_23_ucf_project_is_harnessing_virtual_reality_to_teach_quantum_computing] Extracting actors: https://thequantuminsider.com/2023/10/23/ucf-project-is-harnessing-virtual-reality-to-teach-quantum-computing (1/1), chunk 10/39
[05:36:25 +56s | thequantuminsider_2023_10_23_ucf_project_is_harnessing_virtual_reality_to_teach_quantum_computing] Extracting actors: https://thequantuminsider.com/2023/10/23/ucf-project-is-harnessing-virtual-reality-to-teach-quantum-computing (1/1), chunk 11/39
[05:36:30 +1m 4s | thequantuminsider_2023_10_23_ucf_project_is_harnessing_virtual_reality_to_teach_quantum_computing] Repaired malformed JSON.
[05:36:30 +1m 4s | thequantuminsider_2023_10_23_ucf_project_is_harnessing_virtual_reality_to_teach_quantum_computing] Extracting actors: https://thequantuminsider.com/2023/10/23/ucf-project-is-harnessing-virtual-reality-to-teach-quantum-computing (1/1), chunk 12/39
[05:36:36 +1m 10s | thequantuminsider_2023_10_23_ucf_project_is_harnessing_virtual_reality_to_teach_quantum_computing] Repaired malformed JSON.
[05:36:36 +1m 10s | thequantuminsider_2023_10_23_ucf_project_is_harnessing_virtual_reality_to_teach_quantum_computing] Extracting actors: https://thequantuminsider.com/2023/10/23/ucf-project-is-harnessing-virtual-reality-to-teach-quantum-computing (1/1), chunk 13/39
[05:36:42 +1m 16s | thequantuminsider_2023_10_23_ucf_project_is_harnessing_virtual_reality_to_teach_quantum_computing] Repaired malformed JSON.
[05:36:42 +1m 16s | thequantuminsider_2023_10_23_ucf_project_is_harnessing_virtual_reality_to_teach_quantum_computing] Extracting actors: https://thequantuminsider.com/2023/10/23/ucf-project-is-harnessing-virtual-reality-to-teach-quantum-computing (1/1), chunk 14/39
[05:36:48 +1m 22s | thequantuminsider_2023_10_23_ucf_project_is_harnessing_virtual_reality_to_teach_quantum_computing] Repaired malformed JSON.
[05:36:48 +1m 22s | thequantuminsider_2023_10_23_ucf_project_is_harnessing_virtual_reality_to_teach_quantum_computing] Extracting actors: https://thequantuminsider.com/2023/10/23/ucf-project-is-harnessing-virtual-reality-to-teach-quantum-computing (1/1), chunk 15/39
[05:36:55 +1m 29s | thequantuminsider_2023_10_23_ucf_project_is_harnessing_virtual_reality_to_teach_quantum_computing] Repaired malformed JSON.
[05:36:55 +1m 29s | thequantuminsider_2023_10_23_ucf_project_is_harnessing_virtual_reality_to_teach_quantum_computing] Extracting actors: https://thequantuminsider.com/2023/10/23/ucf-project-is-harnessing-virtual-reality-to-teach-quantum-computing (1/1), chunk 16/39
[05:37:00 +1m 35s | thequantuminsider_2023_10_23_ucf_project_is_harnessing_virtual_reality_to_teach_quantum_computing] Repaired malformed JSON.
[05:37:00 +1m 35s | thequantuminsider_2023_10_23_ucf_project_is_harnessing_virtual_reality_to_teach_quantum_computing] Extracting actors: https://thequantuminsider.com/2023/10/23/ucf-project-is-harnessing-virtual-reality-to-teach-quantum-computing (1/1), chunk 17/39
[05:37:08 +1m 44s | thequantuminsider_2023_10_23_ucf_project_is_harnessing_virtual_reality_to_teach_quantum_computing] Repaired malformed JSON.
[05:37:08 +1m 44s | thequantuminsider_2023_10_23_ucf_project_is_harnessing_virtual_reality_to_teach_quantum_computing] Extracting actors: https://thequantuminsider.com/2023/10/23/ucf-project-is-harnessing-virtual-reality-to-teach-quantum-computing (1/1), chunk 18/39
[05:37:43 +2m 21s | thequantuminsider_2023_10_23_ucf_project_is_harnessing_virtual_reality_to_teach_quantum_computing] Repaired malformed JSON.
[05:37:43 +2m 21s | thequantuminsider_2023_10_23_ucf_project_is_harnessing_virtual_reality_to_teach_quantum_computing] Extracting actors: https://thequantuminsider.com/2023/10/23/ucf-project-is-harnessing-virtual-reality-to-teach-quantum-computing (1/1), chunk 19/39
[05:38:14 +2m 54s | thequantuminsider_2023_10_23_ucf_project_is_harnessing_virtual_reality_to_teach_quantum_computing] Repaired malformed JSON.
[05:38:14 +2m 54s | thequantuminsider_2023_10_23_ucf_project_is_harnessing_virtual_reality_to_teach_quantum_computing] Extracting actors: https://thequantuminsider.com/2023/10/23/ucf-project-is-harnessing-virtual-reality-to-teach-quantum-computing (1/1), chunk 20/39
[05:38:18 +2m 58s | thequantuminsider_2023_10_23_ucf_project_is_harnessing_virtual_reality_to_teach_quantum_computing] Extracting actors: https://thequantuminsider.com/2023/10/23/ucf-project-is-harnessing-virtual-reality-to-teach-quantum-computing (1/1), chunk 21/39
[05:38:25 +3m 4s | thequantuminsider_2023_10_23_ucf_project_is_harnessing_virtual_reality_to_teach_quantum_computing] Repaired malformed JSON.
[05:38:25 +3m 4s | thequantuminsider_2023_10_23_ucf_project_is_harnessing_virtual_reality_to_teach_quantum_computing] Extracting actors: https://thequantuminsider.com/2023/10/23/ucf-project-is-harnessing-virtual-reality-to-teach-quantum-computing (1/1), chunk 22/39
[05:38:31 +3m 13s | thequantuminsider_2023_10_23_ucf_project_is_harnessing_virtual_reality_to_teach_quantum_computing] Repaired malformed JSON.
[05:38:31 +3m 13s | thequantuminsider_2023_10_23_ucf_project_is_harnessing_virtual_reality_to_teach_quantum_computing] Extracting actors: https://thequantuminsider.com/2023/10/23/ucf-project-is-harnessing-virtual-reality-to-teach-quantum-computing (1/1), chunk 23/39
[05:38:39 +3m 21s | thequantuminsider_2023_10_23_ucf_project_is_harnessing_virtual_reality_to_teach_quantum_computing] Repaired malformed JSON.
[05:38:39 +3m 21s | thequantuminsider_2023_10_23_ucf_project_is_harnessing_virtual_reality_to_teach_quantum_computing] Extracting actors: https://thequantuminsider.com/2023/10/23/ucf-project-is-harnessing-virtual-reality-to-teach-quantum-computing (1/1), chunk 24/39
[05:38:47 +3m 29s | thequantuminsider_2023_10_23_ucf_project_is_harnessing_virtual_reality_to_teach_quantum_computing] Repaired malformed JSON.
[05:38:47 +3m 29s | thequantuminsider_2023_10_23_ucf_project_is_harnessing_virtual_reality_to_teach_quantum_computing] Extracting actors: https://thequantuminsider.com/2023/10/23/ucf-project-is-harnessing-virtual-reality-to-teach-quantum-computing (1/1), chunk 25/39
[05:38:57 +3m 39s | thequantuminsider_2023_10_23_ucf_project_is_harnessing_virtual_reality_to_teach_quantum_computing] Repaired malformed JSON.
[05:38:57 +3m 39s | thequantuminsider_2023_10_23_ucf_project_is_harnessing_virtual_reality_to_teach_quantum_computing] Extracting actors: https://thequantuminsider.com/2023/10/23/ucf-project-is-harnessing-virtual-reality-to-teach-quantum-computing (1/1), chunk 26/39
[05:39:02 +3m 46s | thequantuminsider_2023_10_23_ucf_project_is_harnessing_virtual_reality_to_teach_quantum_computing] Repaired malformed JSON.
[05:39:02 +3m 46s | thequantuminsider_2023_10_23_ucf_project_is_harnessing_virtual_reality_to_teach_quantum_computing] Extracting actors: https://thequantuminsider.com/2023/10/23/ucf-project-is-harnessing-virtual-reality-to-teach-quantum-computing (1/1), chunk 27/39
[05:39:11 +3m 55s | thequantuminsider_2023_10_23_ucf_project_is_harnessing_virtual_reality_to_teach_quantum_computing] Repaired malformed JSON.
[05:39:11 +3m 55s | thequantuminsider_2023_10_23_ucf_project_is_harnessing_virtual_reality_to_teach_quantum_computing] Extracting actors: https://thequantuminsider.com/2023/10/23/ucf-project-is-harnessing-virtual-reality-to-teach-quantum-computing (1/1), chunk 28/39
[05:39:29 +4m 13s | thequantuminsider_2023_10_23_ucf_project_is_harnessing_virtual_reality_to_teach_quantum_computing] Repaired malformed JSON.
[05:39:29 +4m 13s | thequantuminsider_2023_10_23_ucf_project_is_harnessing_virtual_reality_to_teach_quantum_computing] Extracting actors: https://thequantuminsider.com/2023/10/23/ucf-project-is-harnessing-virtual-reality-to-teach-quantum-computing (1/1), chunk 29/39
[05:39:42 +4m 28s | thequantuminsider_2023_10_23_ucf_project_is_harnessing_virtual_reality_to_teach_quantum_computing] Extracting actors: https://thequantuminsider.com/2023/10/23/ucf-project-is-harnessing-virtual-reality-to-teach-quantum-computing (1/1), chunk 30/39
[05:39:44 +4m 30s | thequantuminsider_2023_10_23_ucf_project_is_harnessing_virtual_reality_to_teach_quantum_computing] Extracting actors: https://thequantuminsider.com/2023/10/23/ucf-project-is-harnessing-virtual-reality-to-teach-quantum-computing (1/1), chunk 31/39
[05:39:51 +4m 37s | thequantuminsider_2023_10_23_ucf_project_is_harnessing_virtual_reality_to_teach_quantum_computing] Repaired malformed JSON.
[05:39:51 +4m 37s | thequantuminsider_2023_10_23_ucf_project_is_harnessing_virtual_reality_to_teach_quantum_computing] Extracting actors: https://thequantuminsider.com/2023/10/23/ucf-project-is-harnessing-virtual-reality-to-teach-quantum-computing (1/1), chunk 32/39
[05:39:57 +4m 43s | thequantuminsider_2023_10_23_ucf_project_is_harnessing_virtual_reality_to_teach_quantum_computing] Repaired malformed JSON.
[05:39:57 +4m 43s | thequantuminsider_2023_10_23_ucf_project_is_harnessing_virtual_reality_to_teach_quantum_computing] Extracting actors: https://thequantuminsider.com/2023/10/23/ucf-project-is-harnessing-virtual-reality-to-teach-quantum-computing (1/1), chunk 33/39
[05:40:04 +4m 51s | thequantuminsider_2023_10_23_ucf_project_is_harnessing_virtual_reality_to_teach_quantum_computing] Repaired malformed JSON.
[05:40:04 +4m 51s | thequantuminsider_2023_10_23_ucf_project_is_harnessing_virtual_reality_to_teach_quantum_computing] Extracting actors: https://thequantuminsider.com/2023/10/23/ucf-project-is-harnessing-virtual-reality-to-teach-quantum-computing (1/1), chunk 34/39
[05:40:08 +4m 56s | thequantuminsider_2023_10_23_ucf_project_is_harnessing_virtual_reality_to_teach_quantum_computing] Extracting actors: https://thequantuminsider.com/2023/10/23/ucf-project-is-harnessing-virtual-reality-to-teach-quantum-computing (1/1), chunk 35/39
[05:40:14 +5m 2s | thequantuminsider_2023_10_23_ucf_project_is_harnessing_virtual_reality_to_teach_quantum_computing] Repaired malformed JSON.
[05:40:14 +5m 2s | thequantuminsider_2023_10_23_ucf_project_is_harnessing_virtual_reality_to_teach_quantum_computing] Extracting actors: https://thequantuminsider.com/2023/10/23/ucf-project-is-harnessing-virtual-reality-to-teach-quantum-computing (1/1), chunk 36/39
[05:40:24 +5m 12s | thequantuminsider_2023_10_23_ucf_project_is_harnessing_virtual_reality_to_teach_quantum_computing] Repaired malformed JSON.
[05:40:24 +5m 12s | thequantuminsider_2023_10_23_ucf_project_is_harnessing_virtual_reality_to_teach_quantum_computing] Extracting actors: https://thequantuminsider.com/2023/10/23/ucf-project-is-harnessing-virtual-reality-to-teach-quantum-computing (1/1), chunk 37/39
[05:40:32 +5m 20s | thequantuminsider_2023_10_23_ucf_project_is_harnessing_virtual_reality_to_teach_quantum_computing] Repaired malformed JSON.
[05:40:32 +5m 20s | thequantuminsider_2023_10_23_ucf_project_is_harnessing_virtual_reality_to_teach_quantum_computing] Extracting actors: https://thequantuminsider.com/2023/10/23/ucf-project-is-harnessing-virtual-reality-to-teach-quantum-computing (1/1), chunk 38/39
[05:40:42 +5m 32s | thequantuminsider_2023_10_23_ucf_project_is_harnessing_virtual_reality_to_teach_quantum_computing] Repaired malformed JSON.
[05:40:42 +5m 32s | thequantuminsider_2023_10_23_ucf_project_is_harnessing_virtual_reality_to_teach_quantum_computing] Extracting actors: https://thequantuminsider.com/2023/10/23/ucf-project-is-harnessing-virtual-reality-to-teach-quantum-computing (1/1), chunk 39/39
[05:40:46 +5m 36s | thequantuminsider_2023_10_23_ucf_project_is_harnessing_virtual_reality_to_teach_quantum_computing] Saved 1_actor_results.json with 59 extracted records

[05:40:46 +5m 36s | thequantuminsider_2023_10_23_ucf_project_is_harnessing_virtual_reality_to_teach_quantum_computing] === 2 clean actors ===
[05:40:47 +5m 37s | thequantuminsider_2023_10_23_ucf_project_is_harnessing_virtual_reality_to_teach_quantum_computing] Loaded 59 extracted records
[05:40:47 +5m 37s | thequantuminsider_2023_10_23_ucf_project_is_harnessing_virtual_reality_to_teach_quantum_computing] Saved 2_actor_nodes.json with 18 canonical actor nodes

[05:40:47 +5m 37s | thequantuminsider_2023_10_23_ucf_project_is_harnessing_virtual_reality_to_teach_quantum_computing] === 3 interaction extraction ===
[05:40:47 +5m 37s | thequantuminsider_2023_10_23_ucf_project_is_harnessing_virtual_reality_to_teach_quantum_computing] Extracting interactions: https://thequantuminsider.com/2023/10/23/ucf-project-is-harnessing-virtual-reality-to-teach-quantum-computing (1/1), chunk 11/39
[05:41:07 +5m 59s | thequantuminsider_2023_10_23_ucf_project_is_harnessing_virtual_reality_to_teach_quantum_computing] Extracting interactions: https://thequantuminsider.com/2023/10/23/ucf-project-is-harnessing-virtual-reality-to-teach-quantum-computing (1/1), chunk 12/39
[05:41:35 +6m 29s | thequantuminsider_2023_10_23_ucf_project_is_harnessing_virtual_reality_to_teach_quantum_computing] Extracting interactions: https://thequantuminsider.com/2023/10/23/ucf-project-is-harnessing-virtual-reality-to-teach-quantum-computing (1/1), chunk 13/39
[05:42:02 +6m 56s | thequantuminsider_2023_10_23_ucf_project_is_harnessing_virtual_reality_to_teach_quantum_computing] Extracting interactions: https://thequantuminsider.com/2023/10/23/ucf-project-is-harnessing-virtual-reality-to-teach-quantum-computing (1/1), chunk 14/39
[05:42:21 +7m 17s | thequantuminsider_2023_10_23_ucf_project_is_harnessing_virtual_reality_to_teach_quantum_computing] Extracting interactions: https://thequantuminsider.com/2023/10/23/ucf-project-is-harnessing-virtual-reality-to-teach-quantum-computing (1/1), chunk 15/39
[05:42:34 +7m 30s | thequantuminsider_2023_10_23_ucf_project_is_harnessing_virtual_reality_to_teach_quantum_computing] Extracting interactions: https://thequantuminsider.com/2023/10/23/ucf-project-is-harnessing-virtual-reality-to-teach-quantum-computing (1/1), chunk 16/39
[05:42:41 +7m 39s | thequantuminsider_2023_10_23_ucf_project_is_harnessing_virtual_reality_to_teach_quantum_computing] Extracting interactions: https://thequantuminsider.com/2023/10/23/ucf-project-is-harnessing-virtual-reality-to-teach-quantum-computing (1/1), chunk 17/39
[05:42:48 +7m 46s | thequantuminsider_2023_10_23_ucf_project_is_harnessing_virtual_reality_to_teach_quantum_computing] Extracting interactions: https://thequantuminsider.com/2023/10/23/ucf-project-is-harnessing-virtual-reality-to-teach-quantum-computing (1/1), chunk 18/39
[05:42:53 +7m 52s | thequantuminsider_2023_10_23_ucf_project_is_harnessing_virtual_reality_to_teach_quantum_computing] Extracting interactions: https://thequantuminsider.com/2023/10/23/ucf-project-is-harnessing-virtual-reality-to-teach-quantum-computing (1/1), chunk 19/39
[05:42:56 +7m 54s | thequantuminsider_2023_10_23_ucf_project_is_harnessing_virtual_reality_to_teach_quantum_computing] Extracting interactions: https://thequantuminsider.com/2023/10/23/ucf-project-is-harnessing-virtual-reality-to-teach-quantum-computing (1/1), chunk 21/39
[05:42:57 +7m 55s | thequantuminsider_2023_10_23_ucf_project_is_harnessing_virtual_reality_to_teach_quantum_computing] Extracting interactions: https://thequantuminsider.com/2023/10/23/ucf-project-is-harnessing-virtual-reality-to-teach-quantum-computing (1/1), chunk 22/39
[05:42:58 +7m 57s | thequantuminsider_2023_10_23_ucf_project_is_harnessing_virtual_reality_to_teach_quantum_computing] Extracting interactions: https://thequantuminsider.com/2023/10/23/ucf-project-is-harnessing-virtual-reality-to-teach-quantum-computing (1/1), chunk 23/39
[05:43:05 +8m 6s | thequantuminsider_2023_10_23_ucf_project_is_harnessing_virtual_reality_to_teach_quantum_computing] Extracting interactions: https://thequantuminsider.com/2023/10/23/ucf-project-is-harnessing-virtual-reality-to-teach-quantum-computing (1/1), chunk 24/39
[05:43:12 +8m 12s | thequantuminsider_2023_10_23_ucf_project_is_harnessing_virtual_reality_to_teach_quantum_computing] Extracting interactions: https://thequantuminsider.com/2023/10/23/ucf-project-is-harnessing-virtual-reality-to-teach-quantum-computing (1/1), chunk 25/39
[05:43:13 +8m 13s | thequantuminsider_2023_10_23_ucf_project_is_harnessing_virtual_reality_to_teach_quantum_computing] Extracting interactions: https://thequantuminsider.com/2023/10/23/ucf-project-is-harnessing-virtual-reality-to-teach-quantum-computing (1/1), chunk 27/39
[05:43:21 +8m 22s | thequantuminsider_2023_10_23_ucf_project_is_harnessing_virtual_reality_to_teach_quantum_computing] Extracting interactions: https://thequantuminsider.com/2023/10/23/ucf-project-is-harnessing-virtual-reality-to-teach-quantum-computing (1/1), chunk 28/39
[05:43:25 +8m 25s | thequantuminsider_2023_10_23_ucf_project_is_harnessing_virtual_reality_to_teach_quantum_computing] Extracting interactions: https://thequantuminsider.com/2023/10/23/ucf-project-is-harnessing-virtual-reality-to-teach-quantum-computing (1/1), chunk 29/39
[05:43:28 +8m 29s | thequantuminsider_2023_10_23_ucf_project_is_harnessing_virtual_reality_to_teach_quantum_computing] Extracting interactions: https://thequantuminsider.com/2023/10/23/ucf-project-is-harnessing-virtual-reality-to-teach-quantum-computing (1/1), chunk 30/39
[05:43:30 +8m 30s | thequantuminsider_2023_10_23_ucf_project_is_harnessing_virtual_reality_to_teach_quantum_computing] Extracting interactions: https://thequantuminsider.com/2023/10/23/ucf-project-is-harnessing-virtual-reality-to-teach-quantum-computing (1/1), chunk 32/39
[05:43:31 +8m 32s | thequantuminsider_2023_10_23_ucf_project_is_harnessing_virtual_reality_to_teach_quantum_computing] Extracting interactions: https://thequantuminsider.com/2023/10/23/ucf-project-is-harnessing-virtual-reality-to-teach-quantum-computing (1/1), chunk 33/39
[05:43:33 +8m 33s | thequantuminsider_2023_10_23_ucf_project_is_harnessing_virtual_reality_to_teach_quantum_computing] Extracting interactions: https://thequantuminsider.com/2023/10/23/ucf-project-is-harnessing-virtual-reality-to-teach-quantum-computing (1/1), chunk 34/39
[05:43:34 +8m 34s | thequantuminsider_2023_10_23_ucf_project_is_harnessing_virtual_reality_to_teach_quantum_computing] Extracting interactions: https://thequantuminsider.com/2023/10/23/ucf-project-is-harnessing-virtual-reality-to-teach-quantum-computing (1/1), chunk 35/39
[05:43:34 +8m 36s | thequantuminsider_2023_10_23_ucf_project_is_harnessing_virtual_reality_to_teach_quantum_computing] Extracting interactions: https://thequantuminsider.com/2023/10/23/ucf-project-is-harnessing-virtual-reality-to-teach-quantum-computing (1/1), chunk 36/39
[05:43:35 +8m 38s | thequantuminsider_2023_10_23_ucf_project_is_harnessing_virtual_reality_to_teach_quantum_computing] Extracting interactions: https://thequantuminsider.com/2023/10/23/ucf-project-is-harnessing-virtual-reality-to-teach-quantum-computing (1/1), chunk 37/39
[05:43:38 +8m 40s | thequantuminsider_2023_10_23_ucf_project_is_harnessing_virtual_reality_to_teach_quantum_computing] Extracting interactions: https://thequantuminsider.com/2023/10/23/ucf-project-is-harnessing-virtual-reality-to-teach-quantum-computing (1/1), chunk 38/39
[05:43:39 +8m 42s | thequantuminsider_2023_10_23_ucf_project_is_harnessing_virtual_reality_to_teach_quantum_computing] Saved 3_interaction_results.json with 19 extracted interactions.

[05:43:39 +8m 42s | thequantuminsider_2023_10_23_ucf_project_is_harnessing_virtual_reality_to_teach_quantum_computing] === 4 clean interactions ===
[05:43:39 +8m 42s | thequantuminsider_2023_10_23_ucf_project_is_harnessing_virtual_reality_to_teach_quantum_computing] Saved 4_edges.json with 0 cleaned interactions.

[05:43:39 +8m 42s | thequantuminsider_2023_10_23_ucf_project_is_harnessing_virtual_reality_to_teach_quantum_computing] === 5 helix enrichment ===
[05:43:39 +8m 42s | thequantuminsider_2023_10_23_ucf_project_is_harnessing_virtual_reality_to_teach_quantum_computing] Wrote 5_nodes.json (18 actors)
[05:43:39 +8m 42s | thequantuminsider_2023_10_23_ucf_project_is_harnessing_virtual_reality_to_teach_quantum_computing] Wrote 5_edges.json (0 interactions)
[05:43:39 +8m 42s | thequantuminsider_2023_10_23_ucf_project_is_harnessing_virtual_reality_to_teach_quantum_computing] Actor helix counts: {'Academia': 4, 'Civil Society': 5, 'Industry': 1, 'Intermediary': 1, 'Unknown': 7}
[05:43:39 +8m 42s | thequantuminsider_2023_10_23_ucf_project_is_harnessing_virtual_reality_to_teach_quantum_computing] Functional-space counts: {}

[05:43:39 +8m 42s | thequantuminsider_2023_10_23_ucf_project_is_harnessing_virtual_reality_to_teach_quantum_computing] === 6 network visualisation ===
[05:43:40 +8m 42s | thequantuminsider_2023_10_23_ucf_project_is_harnessing_virtual_reality_to_teach_quantum_computing] Wrote quantum_network.html
[05:43:40 +8m 42s | thequantuminsider_2023_10_23_ucf_project_is_harnessing_virtual_reality_to_teach_quantum_computing] Nodes: 18
[05:43:40 +8m 42s | thequantuminsider_2023_10_23_ucf_project_is_harnessing_virtual_reality_to_teach_quantum_computing] Edges: 0

[05:43:40 +8m 42s | thequantuminsider_2023_10_23_ucf_project_is_harnessing_virtual_reality_to_teach_quantum_computing] Done. Outputs written to: /home/lv/IDP/idpdeeptech/pipeline/news_outputs/thequantuminsider_2023_10_23_ucf_project_is_harnessing_virtual_reality_to_teach_quantum_computing
[05:43:40 +8m 42s | thequantuminsider_2023_10_23_ucf_project_is_harnessing_virtual_reality_to_teach_quantum_computing] Log: /home/lv/IDP/idpdeeptech/pipeline/news_outputs/thequantuminsider_2023_10_23_ucf_project_is_harnessing_virtual_reality_to_teach_quantum_computing/run.log

========================================================================
RUN FINISHED 2026-07-05 05:43:40  (OK)
Started:     2026-07-05 05:35:30
Elapsed:     8m 42s
========================================================================
