
========================================================================
RUN STARTED  2026-07-05 03:00:48
site_pipeline.py https://thequantuminsider.com/2023/11/17/new-detector-system-for-quantum-computing-developed-by-engineers-physicists-from-the-thomas-jefferson-national-accelerator-facility-the-university-of-virginia/
========================================================================

[03:00:48 +0s | thequantuminsider_2023_11_17_new_detector_system_for_quantum_computing_developed_by_engin_2f22024f] === 0 crawl site ===
[03:00:49 +1s | thequantuminsider_2023_11_17_new_detector_system_for_quantum_computing_developed_by_engin_2f22024f] [INIT].... → Crawl4AI 0.8.6 
[03:00:51 +3s | thequantuminsider_2023_11_17_new_detector_system_for_quantum_computing_developed_by_engin_2f22024f] [FETCH]... ↓ https://thequantuminsider.com/2023/11/17/new-det...accelerator-facility-the-university-of-virginia/  | ✓ | ⏱: 1.73s 
[03:00:51 +3s | thequantuminsider_2023_11_17_new_detector_system_for_quantum_computing_developed_by_engin_2f22024f] [SCRAPE].. ◆ https://thequantuminsider.com/2023/11/17/new-det...accelerator-facility-the-university-of-virginia/  | ✓ | ⏱: 0.11s 
[03:00:51 +3s | thequantuminsider_2023_11_17_new_detector_system_for_quantum_computing_developed_by_engin_2f22024f] [COMPLETE] ● https://thequantuminsider.com/2023/11/17/new-det...accelerator-facility-the-university-of-virginia/  | ✓ | ⏱: 1.86s 
[03:00:51 +3s | thequantuminsider_2023_11_17_new_detector_system_for_quantum_computing_developed_by_engin_2f22024f] Saved: crawl_output/b2b929e64e_thequantuminsider.com_2023_11_17_new-detector-system-for-quantum-computing-developed-by-engineers-physicists-from-the-thomas-jefferson-national-accelerator-facility-the-university-of-virginia.json

[03:00:52 +4s | thequantuminsider_2023_11_17_new_detector_system_for_quantum_computing_developed_by_engin_2f22024f] === 1 actor extraction ===
[03:00:52 +4s | thequantuminsider_2023_11_17_new_detector_system_for_quantum_computing_developed_by_engin_2f22024f] Reading page (1/1): https://thequantuminsider.com/2023/11/17/new-detector-system-for-quantum-computing-developed-by-engineers-physicists-from-the-thomas-jefferson-national-accelerator-facility-the-university-of-virginia
[03:00:52 +4s | thequantuminsider_2023_11_17_new_detector_system_for_quantum_computing_developed_by_engin_2f22024f] Extracting actors: https://thequantuminsider.com/2023/11/17/new-detector-system-for-quantum-computing-developed-by-engineers-physicists-from-the-thomas-jefferson-national-accelerator-facility-the-university-of-virginia (1/1), chunk 1/36
[03:01:16 +30s | thequantuminsider_2023_11_17_new_detector_system_for_quantum_computing_developed_by_engin_2f22024f] Repaired malformed JSON.
[03:01:16 +30s | thequantuminsider_2023_11_17_new_detector_system_for_quantum_computing_developed_by_engin_2f22024f] Extracting actors: https://thequantuminsider.com/2023/11/17/new-detector-system-for-quantum-computing-developed-by-engineers-physicists-from-the-thomas-jefferson-national-accelerator-facility-the-university-of-virginia (1/1), chunk 2/36
[03:01:24 +39s | thequantuminsider_2023_11_17_new_detector_system_for_quantum_computing_developed_by_engin_2f22024f] Repaired malformed JSON.
[03:01:24 +39s | thequantuminsider_2023_11_17_new_detector_system_for_quantum_computing_developed_by_engin_2f22024f] Extracting actors: https://thequantuminsider.com/2023/11/17/new-detector-system-for-quantum-computing-developed-by-engineers-physicists-from-the-thomas-jefferson-national-accelerator-facility-the-university-of-virginia (1/1), chunk 3/36
[03:01:31 +46s | thequantuminsider_2023_11_17_new_detector_system_for_quantum_computing_developed_by_engin_2f22024f] Repaired malformed JSON.
[03:01:31 +46s | thequantuminsider_2023_11_17_new_detector_system_for_quantum_computing_developed_by_engin_2f22024f] Extracting actors: https://thequantuminsider.com/2023/11/17/new-detector-system-for-quantum-computing-developed-by-engineers-physicists-from-the-thomas-jefferson-national-accelerator-facility-the-university-of-virginia (1/1), chunk 4/36
[03:01:38 +54s | thequantuminsider_2023_11_17_new_detector_system_for_quantum_computing_developed_by_engin_2f22024f] Repaired malformed JSON.
[03:01:38 +54s | thequantuminsider_2023_11_17_new_detector_system_for_quantum_computing_developed_by_engin_2f22024f] Extracting actors: https://thequantuminsider.com/2023/11/17/new-detector-system-for-quantum-computing-developed-by-engineers-physicists-from-the-thomas-jefferson-national-accelerator-facility-the-university-of-virginia (1/1), chunk 5/36
[03:01:48 +1m 4s | thequantuminsider_2023_11_17_new_detector_system_for_quantum_computing_developed_by_engin_2f22024f] Repaired malformed JSON.
[03:01:48 +1m 4s | thequantuminsider_2023_11_17_new_detector_system_for_quantum_computing_developed_by_engin_2f22024f] Extracting actors: https://thequantuminsider.com/2023/11/17/new-detector-system-for-quantum-computing-developed-by-engineers-physicists-from-the-thomas-jefferson-national-accelerator-facility-the-university-of-virginia (1/1), chunk 6/36
[03:01:54 +1m 9s | thequantuminsider_2023_11_17_new_detector_system_for_quantum_computing_developed_by_engin_2f22024f] Repaired malformed JSON.
[03:01:54 +1m 9s | thequantuminsider_2023_11_17_new_detector_system_for_quantum_computing_developed_by_engin_2f22024f] Extracting actors: https://thequantuminsider.com/2023/11/17/new-detector-system-for-quantum-computing-developed-by-engineers-physicists-from-the-thomas-jefferson-national-accelerator-facility-the-university-of-virginia (1/1), chunk 7/36
[03:02:01 +1m 18s | thequantuminsider_2023_11_17_new_detector_system_for_quantum_computing_developed_by_engin_2f22024f] Repaired malformed JSON.
[03:02:01 +1m 18s | thequantuminsider_2023_11_17_new_detector_system_for_quantum_computing_developed_by_engin_2f22024f] Extracting actors: https://thequantuminsider.com/2023/11/17/new-detector-system-for-quantum-computing-developed-by-engineers-physicists-from-the-thomas-jefferson-national-accelerator-facility-the-university-of-virginia (1/1), chunk 8/36
[03:02:09 +1m 26s | thequantuminsider_2023_11_17_new_detector_system_for_quantum_computing_developed_by_engin_2f22024f] Repaired malformed JSON.
[03:02:09 +1m 26s | thequantuminsider_2023_11_17_new_detector_system_for_quantum_computing_developed_by_engin_2f22024f] Extracting actors: https://thequantuminsider.com/2023/11/17/new-detector-system-for-quantum-computing-developed-by-engineers-physicists-from-the-thomas-jefferson-national-accelerator-facility-the-university-of-virginia (1/1), chunk 9/36
[03:02:25 +1m 41s | thequantuminsider_2023_11_17_new_detector_system_for_quantum_computing_developed_by_engin_2f22024f] Repaired malformed JSON.
[03:02:25 +1m 41s | thequantuminsider_2023_11_17_new_detector_system_for_quantum_computing_developed_by_engin_2f22024f] Extracting actors: https://thequantuminsider.com/2023/11/17/new-detector-system-for-quantum-computing-developed-by-engineers-physicists-from-the-thomas-jefferson-national-accelerator-facility-the-university-of-virginia (1/1), chunk 10/36
[03:02:31 +1m 49s | thequantuminsider_2023_11_17_new_detector_system_for_quantum_computing_developed_by_engin_2f22024f] Repaired malformed JSON.
[03:02:31 +1m 49s | thequantuminsider_2023_11_17_new_detector_system_for_quantum_computing_developed_by_engin_2f22024f] Extracting actors: https://thequantuminsider.com/2023/11/17/new-detector-system-for-quantum-computing-developed-by-engineers-physicists-from-the-thomas-jefferson-national-accelerator-facility-the-university-of-virginia (1/1), chunk 11/36
[03:02:39 +1m 57s | thequantuminsider_2023_11_17_new_detector_system_for_quantum_computing_developed_by_engin_2f22024f] Repaired malformed JSON.
[03:02:39 +1m 57s | thequantuminsider_2023_11_17_new_detector_system_for_quantum_computing_developed_by_engin_2f22024f] Extracting actors: https://thequantuminsider.com/2023/11/17/new-detector-system-for-quantum-computing-developed-by-engineers-physicists-from-the-thomas-jefferson-national-accelerator-facility-the-university-of-virginia (1/1), chunk 12/36
[03:02:46 +2m 4s | thequantuminsider_2023_11_17_new_detector_system_for_quantum_computing_developed_by_engin_2f22024f] Repaired malformed JSON.
[03:02:46 +2m 4s | thequantuminsider_2023_11_17_new_detector_system_for_quantum_computing_developed_by_engin_2f22024f] Extracting actors: https://thequantuminsider.com/2023/11/17/new-detector-system-for-quantum-computing-developed-by-engineers-physicists-from-the-thomas-jefferson-national-accelerator-facility-the-university-of-virginia (1/1), chunk 13/36
[03:02:52 +2m 10s | thequantuminsider_2023_11_17_new_detector_system_for_quantum_computing_developed_by_engin_2f22024f] Repaired malformed JSON.
[03:02:52 +2m 10s | thequantuminsider_2023_11_17_new_detector_system_for_quantum_computing_developed_by_engin_2f22024f] Extracting actors: https://thequantuminsider.com/2023/11/17/new-detector-system-for-quantum-computing-developed-by-engineers-physicists-from-the-thomas-jefferson-national-accelerator-facility-the-university-of-virginia (1/1), chunk 14/36
[03:02:59 +2m 19s | thequantuminsider_2023_11_17_new_detector_system_for_quantum_computing_developed_by_engin_2f22024f] Repaired malformed JSON.
[03:02:59 +2m 19s | thequantuminsider_2023_11_17_new_detector_system_for_quantum_computing_developed_by_engin_2f22024f] Extracting actors: https://thequantuminsider.com/2023/11/17/new-detector-system-for-quantum-computing-developed-by-engineers-physicists-from-the-thomas-jefferson-national-accelerator-facility-the-university-of-virginia (1/1), chunk 15/36
[03:03:07 +2m 26s | thequantuminsider_2023_11_17_new_detector_system_for_quantum_computing_developed_by_engin_2f22024f] Repaired malformed JSON.
[03:03:07 +2m 26s | thequantuminsider_2023_11_17_new_detector_system_for_quantum_computing_developed_by_engin_2f22024f] Extracting actors: https://thequantuminsider.com/2023/11/17/new-detector-system-for-quantum-computing-developed-by-engineers-physicists-from-the-thomas-jefferson-national-accelerator-facility-the-university-of-virginia (1/1), chunk 16/36
[03:03:14 +2m 33s | thequantuminsider_2023_11_17_new_detector_system_for_quantum_computing_developed_by_engin_2f22024f] Repaired malformed JSON.
[03:03:14 +2m 33s | thequantuminsider_2023_11_17_new_detector_system_for_quantum_computing_developed_by_engin_2f22024f] Extracting actors: https://thequantuminsider.com/2023/11/17/new-detector-system-for-quantum-computing-developed-by-engineers-physicists-from-the-thomas-jefferson-national-accelerator-facility-the-university-of-virginia (1/1), chunk 17/36
[03:03:20 +2m 39s | thequantuminsider_2023_11_17_new_detector_system_for_quantum_computing_developed_by_engin_2f22024f] Repaired malformed JSON.
[03:03:20 +2m 39s | thequantuminsider_2023_11_17_new_detector_system_for_quantum_computing_developed_by_engin_2f22024f] Extracting actors: https://thequantuminsider.com/2023/11/17/new-detector-system-for-quantum-computing-developed-by-engineers-physicists-from-the-thomas-jefferson-national-accelerator-facility-the-university-of-virginia (1/1), chunk 18/36
[03:03:37 +2m 58s | thequantuminsider_2023_11_17_new_detector_system_for_quantum_computing_developed_by_engin_2f22024f] Repaired malformed JSON.
[03:03:37 +2m 58s | thequantuminsider_2023_11_17_new_detector_system_for_quantum_computing_developed_by_engin_2f22024f] Extracting actors: https://thequantuminsider.com/2023/11/17/new-detector-system-for-quantum-computing-developed-by-engineers-physicists-from-the-thomas-jefferson-national-accelerator-facility-the-university-of-virginia (1/1), chunk 19/36
[03:03:45 +3m 6s | thequantuminsider_2023_11_17_new_detector_system_for_quantum_computing_developed_by_engin_2f22024f] Repaired malformed JSON.
[03:03:45 +3m 6s | thequantuminsider_2023_11_17_new_detector_system_for_quantum_computing_developed_by_engin_2f22024f] Extracting actors: https://thequantuminsider.com/2023/11/17/new-detector-system-for-quantum-computing-developed-by-engineers-physicists-from-the-thomas-jefferson-national-accelerator-facility-the-university-of-virginia (1/1), chunk 20/36
[03:03:52 +3m 13s | thequantuminsider_2023_11_17_new_detector_system_for_quantum_computing_developed_by_engin_2f22024f] Repaired malformed JSON.
[03:03:52 +3m 13s | thequantuminsider_2023_11_17_new_detector_system_for_quantum_computing_developed_by_engin_2f22024f] Extracting actors: https://thequantuminsider.com/2023/11/17/new-detector-system-for-quantum-computing-developed-by-engineers-physicists-from-the-thomas-jefferson-national-accelerator-facility-the-university-of-virginia (1/1), chunk 21/36
[03:04:10 +3m 32s | thequantuminsider_2023_11_17_new_detector_system_for_quantum_computing_developed_by_engin_2f22024f] Repaired malformed JSON.
[03:04:10 +3m 32s | thequantuminsider_2023_11_17_new_detector_system_for_quantum_computing_developed_by_engin_2f22024f] Extracting actors: https://thequantuminsider.com/2023/11/17/new-detector-system-for-quantum-computing-developed-by-engineers-physicists-from-the-thomas-jefferson-national-accelerator-facility-the-university-of-virginia (1/1), chunk 22/36
[03:04:16 +3m 38s | thequantuminsider_2023_11_17_new_detector_system_for_quantum_computing_developed_by_engin_2f22024f] Repaired malformed JSON.
[03:04:16 +3m 38s | thequantuminsider_2023_11_17_new_detector_system_for_quantum_computing_developed_by_engin_2f22024f] Extracting actors: https://thequantuminsider.com/2023/11/17/new-detector-system-for-quantum-computing-developed-by-engineers-physicists-from-the-thomas-jefferson-national-accelerator-facility-the-university-of-virginia (1/1), chunk 23/36
[03:04:22 +3m 45s | thequantuminsider_2023_11_17_new_detector_system_for_quantum_computing_developed_by_engin_2f22024f] Repaired malformed JSON.
[03:04:22 +3m 45s | thequantuminsider_2023_11_17_new_detector_system_for_quantum_computing_developed_by_engin_2f22024f] Extracting actors: https://thequantuminsider.com/2023/11/17/new-detector-system-for-quantum-computing-developed-by-engineers-physicists-from-the-thomas-jefferson-national-accelerator-facility-the-university-of-virginia (1/1), chunk 24/36
[03:05:04 +4m 29s | thequantuminsider_2023_11_17_new_detector_system_for_quantum_computing_developed_by_engin_2f22024f] Repaired malformed JSON.
[03:05:04 +4m 29s | thequantuminsider_2023_11_17_new_detector_system_for_quantum_computing_developed_by_engin_2f22024f] Extracting actors: https://thequantuminsider.com/2023/11/17/new-detector-system-for-quantum-computing-developed-by-engineers-physicists-from-the-thomas-jefferson-national-accelerator-facility-the-university-of-virginia (1/1), chunk 25/36
[03:05:13 +4m 38s | thequantuminsider_2023_11_17_new_detector_system_for_quantum_computing_developed_by_engin_2f22024f] Repaired malformed JSON.
[03:05:13 +4m 38s | thequantuminsider_2023_11_17_new_detector_system_for_quantum_computing_developed_by_engin_2f22024f] Extracting actors: https://thequantuminsider.com/2023/11/17/new-detector-system-for-quantum-computing-developed-by-engineers-physicists-from-the-thomas-jefferson-national-accelerator-facility-the-university-of-virginia (1/1), chunk 26/36
[03:05:22 +4m 47s | thequantuminsider_2023_11_17_new_detector_system_for_quantum_computing_developed_by_engin_2f22024f] Repaired malformed JSON.
[03:05:22 +4m 47s | thequantuminsider_2023_11_17_new_detector_system_for_quantum_computing_developed_by_engin_2f22024f] Extracting actors: https://thequantuminsider.com/2023/11/17/new-detector-system-for-quantum-computing-developed-by-engineers-physicists-from-the-thomas-jefferson-national-accelerator-facility-the-university-of-virginia (1/1), chunk 27/36
[03:05:30 +4m 55s | thequantuminsider_2023_11_17_new_detector_system_for_quantum_computing_developed_by_engin_2f22024f] Repaired malformed JSON.
[03:05:30 +4m 55s | thequantuminsider_2023_11_17_new_detector_system_for_quantum_computing_developed_by_engin_2f22024f] Extracting actors: https://thequantuminsider.com/2023/11/17/new-detector-system-for-quantum-computing-developed-by-engineers-physicists-from-the-thomas-jefferson-national-accelerator-facility-the-university-of-virginia (1/1), chunk 28/36
[03:05:38 +5m 4s | thequantuminsider_2023_11_17_new_detector_system_for_quantum_computing_developed_by_engin_2f22024f] Repaired malformed JSON.
[03:05:38 +5m 4s | thequantuminsider_2023_11_17_new_detector_system_for_quantum_computing_developed_by_engin_2f22024f] Extracting actors: https://thequantuminsider.com/2023/11/17/new-detector-system-for-quantum-computing-developed-by-engineers-physicists-from-the-thomas-jefferson-national-accelerator-facility-the-university-of-virginia (1/1), chunk 29/36
[03:05:50 +5m 16s | thequantuminsider_2023_11_17_new_detector_system_for_quantum_computing_developed_by_engin_2f22024f] Repaired malformed JSON.
[03:05:50 +5m 16s | thequantuminsider_2023_11_17_new_detector_system_for_quantum_computing_developed_by_engin_2f22024f] Extracting actors: https://thequantuminsider.com/2023/11/17/new-detector-system-for-quantum-computing-developed-by-engineers-physicists-from-the-thomas-jefferson-national-accelerator-facility-the-university-of-virginia (1/1), chunk 30/36
[03:05:56 +5m 22s | thequantuminsider_2023_11_17_new_detector_system_for_quantum_computing_developed_by_engin_2f22024f] Repaired malformed JSON.
[03:05:56 +5m 22s | thequantuminsider_2023_11_17_new_detector_system_for_quantum_computing_developed_by_engin_2f22024f] Extracting actors: https://thequantuminsider.com/2023/11/17/new-detector-system-for-quantum-computing-developed-by-engineers-physicists-from-the-thomas-jefferson-national-accelerator-facility-the-university-of-virginia (1/1), chunk 31/36
[03:06:01 +5m 29s | thequantuminsider_2023_11_17_new_detector_system_for_quantum_computing_developed_by_engin_2f22024f] Repaired malformed JSON.
[03:06:01 +5m 29s | thequantuminsider_2023_11_17_new_detector_system_for_quantum_computing_developed_by_engin_2f22024f] Extracting actors: https://thequantuminsider.com/2023/11/17/new-detector-system-for-quantum-computing-developed-by-engineers-physicists-from-the-thomas-jefferson-national-accelerator-facility-the-university-of-virginia (1/1), chunk 32/36
[03:06:10 +5m 38s | thequantuminsider_2023_11_17_new_detector_system_for_quantum_computing_developed_by_engin_2f22024f] Repaired malformed JSON.
[03:06:10 +5m 38s | thequantuminsider_2023_11_17_new_detector_system_for_quantum_computing_developed_by_engin_2f22024f] Extracting actors: https://thequantuminsider.com/2023/11/17/new-detector-system-for-quantum-computing-developed-by-engineers-physicists-from-the-thomas-jefferson-national-accelerator-facility-the-university-of-virginia (1/1), chunk 33/36
[03:06:16 +5m 44s | thequantuminsider_2023_11_17_new_detector_system_for_quantum_computing_developed_by_engin_2f22024f] Repaired malformed JSON.
[03:06:16 +5m 44s | thequantuminsider_2023_11_17_new_detector_system_for_quantum_computing_developed_by_engin_2f22024f] Extracting actors: https://thequantuminsider.com/2023/11/17/new-detector-system-for-quantum-computing-developed-by-engineers-physicists-from-the-thomas-jefferson-national-accelerator-facility-the-university-of-virginia (1/1), chunk 34/36
[03:06:23 +5m 51s | thequantuminsider_2023_11_17_new_detector_system_for_quantum_computing_developed_by_engin_2f22024f] Repaired malformed JSON.
[03:06:23 +5m 51s | thequantuminsider_2023_11_17_new_detector_system_for_quantum_computing_developed_by_engin_2f22024f] Extracting actors: https://thequantuminsider.com/2023/11/17/new-detector-system-for-quantum-computing-developed-by-engineers-physicists-from-the-thomas-jefferson-national-accelerator-facility-the-university-of-virginia (1/1), chunk 35/36
[03:06:30 +5m 58s | thequantuminsider_2023_11_17_new_detector_system_for_quantum_computing_developed_by_engin_2f22024f] Repaired malformed JSON.
[03:06:30 +5m 58s | thequantuminsider_2023_11_17_new_detector_system_for_quantum_computing_developed_by_engin_2f22024f] Extracting actors: https://thequantuminsider.com/2023/11/17/new-detector-system-for-quantum-computing-developed-by-engineers-physicists-from-the-thomas-jefferson-national-accelerator-facility-the-university-of-virginia (1/1), chunk 36/36
[03:06:36 +6m 6s | thequantuminsider_2023_11_17_new_detector_system_for_quantum_computing_developed_by_engin_2f22024f] Repaired malformed JSON.
[03:06:36 +6m 6s | thequantuminsider_2023_11_17_new_detector_system_for_quantum_computing_developed_by_engin_2f22024f] Saved 1_actor_results.json with 71 extracted records

[03:06:37 +6m 6s | thequantuminsider_2023_11_17_new_detector_system_for_quantum_computing_developed_by_engin_2f22024f] === 2 clean actors ===
[03:06:37 +6m 6s | thequantuminsider_2023_11_17_new_detector_system_for_quantum_computing_developed_by_engin_2f22024f] Loaded 71 extracted records
[03:06:37 +6m 6s | thequantuminsider_2023_11_17_new_detector_system_for_quantum_computing_developed_by_engin_2f22024f] Saved 2_actor_nodes.json with 5 canonical actor nodes

[03:06:37 +6m 6s | thequantuminsider_2023_11_17_new_detector_system_for_quantum_computing_developed_by_engin_2f22024f] === 3 interaction extraction ===
[03:06:37 +6m 6s | thequantuminsider_2023_11_17_new_detector_system_for_quantum_computing_developed_by_engin_2f22024f] Extracting interactions: https://thequantuminsider.com/2023/11/17/new-detector-system-for-quantum-computing-developed-by-engineers-physicists-from-the-thomas-jefferson-national-accelerator-facility-the-university-of-virginia (1/1), chunk 9/36
[03:06:45 +6m 14s | thequantuminsider_2023_11_17_new_detector_system_for_quantum_computing_developed_by_engin_2f22024f] Extracting interactions: https://thequantuminsider.com/2023/11/17/new-detector-system-for-quantum-computing-developed-by-engineers-physicists-from-the-thomas-jefferson-national-accelerator-facility-the-university-of-virginia (1/1), chunk 11/36
[03:06:53 +6m 23s | thequantuminsider_2023_11_17_new_detector_system_for_quantum_computing_developed_by_engin_2f22024f] Extracting interactions: https://thequantuminsider.com/2023/11/17/new-detector-system-for-quantum-computing-developed-by-engineers-physicists-from-the-thomas-jefferson-national-accelerator-facility-the-university-of-virginia (1/1), chunk 12/36
[03:07:06 +6m 37s | thequantuminsider_2023_11_17_new_detector_system_for_quantum_computing_developed_by_engin_2f22024f] Extracting interactions: https://thequantuminsider.com/2023/11/17/new-detector-system-for-quantum-computing-developed-by-engineers-physicists-from-the-thomas-jefferson-national-accelerator-facility-the-university-of-virginia (1/1), chunk 13/36
[03:07:14 +6m 45s | thequantuminsider_2023_11_17_new_detector_system_for_quantum_computing_developed_by_engin_2f22024f] Extracting interactions: https://thequantuminsider.com/2023/11/17/new-detector-system-for-quantum-computing-developed-by-engineers-physicists-from-the-thomas-jefferson-national-accelerator-facility-the-university-of-virginia (1/1), chunk 15/36
[03:07:37 +7m 9s | thequantuminsider_2023_11_17_new_detector_system_for_quantum_computing_developed_by_engin_2f22024f] Extracting interactions: https://thequantuminsider.com/2023/11/17/new-detector-system-for-quantum-computing-developed-by-engineers-physicists-from-the-thomas-jefferson-national-accelerator-facility-the-university-of-virginia (1/1), chunk 16/36
[03:07:42 +7m 14s | thequantuminsider_2023_11_17_new_detector_system_for_quantum_computing_developed_by_engin_2f22024f] Extracting interactions: https://thequantuminsider.com/2023/11/17/new-detector-system-for-quantum-computing-developed-by-engineers-physicists-from-the-thomas-jefferson-national-accelerator-facility-the-university-of-virginia (1/1), chunk 17/36
[03:07:47 +7m 19s | thequantuminsider_2023_11_17_new_detector_system_for_quantum_computing_developed_by_engin_2f22024f] Extracting interactions: https://thequantuminsider.com/2023/11/17/new-detector-system-for-quantum-computing-developed-by-engineers-physicists-from-the-thomas-jefferson-national-accelerator-facility-the-university-of-virginia (1/1), chunk 19/36
[03:07:51 +7m 23s | thequantuminsider_2023_11_17_new_detector_system_for_quantum_computing_developed_by_engin_2f22024f] Extracting interactions: https://thequantuminsider.com/2023/11/17/new-detector-system-for-quantum-computing-developed-by-engineers-physicists-from-the-thomas-jefferson-national-accelerator-facility-the-university-of-virginia (1/1), chunk 20/36
[03:08:01 +7m 34s | thequantuminsider_2023_11_17_new_detector_system_for_quantum_computing_developed_by_engin_2f22024f] Saved 3_interaction_results.json with 9 extracted interactions.

[03:08:01 +7m 34s | thequantuminsider_2023_11_17_new_detector_system_for_quantum_computing_developed_by_engin_2f22024f] === 4 clean interactions ===
[03:08:01 +7m 34s | thequantuminsider_2023_11_17_new_detector_system_for_quantum_computing_developed_by_engin_2f22024f] Saved 4_edges.json with 5 cleaned interactions.

[03:08:01 +7m 34s | thequantuminsider_2023_11_17_new_detector_system_for_quantum_computing_developed_by_engin_2f22024f] === 5 helix enrichment ===
[03:08:01 +7m 34s | thequantuminsider_2023_11_17_new_detector_system_for_quantum_computing_developed_by_engin_2f22024f] Wrote 5_nodes.json (5 actors)
[03:08:01 +7m 34s | thequantuminsider_2023_11_17_new_detector_system_for_quantum_computing_developed_by_engin_2f22024f] Wrote 5_edges.json (5 interactions)
[03:08:01 +7m 34s | thequantuminsider_2023_11_17_new_detector_system_for_quantum_computing_developed_by_engin_2f22024f] Actor helix counts: {'Academia': 2, 'Civil Society': 1, 'Unknown': 2}
[03:08:01 +7m 34s | thequantuminsider_2023_11_17_new_detector_system_for_quantum_computing_developed_by_engin_2f22024f] Functional-space counts: {'Intra-helix / Not classified': 5}

[03:08:01 +7m 34s | thequantuminsider_2023_11_17_new_detector_system_for_quantum_computing_developed_by_engin_2f22024f] === 6 network visualisation ===
[03:08:02 +7m 34s | thequantuminsider_2023_11_17_new_detector_system_for_quantum_computing_developed_by_engin_2f22024f] Wrote quantum_network.html
[03:08:02 +7m 34s | thequantuminsider_2023_11_17_new_detector_system_for_quantum_computing_developed_by_engin_2f22024f] Nodes: 5
[03:08:02 +7m 34s | thequantuminsider_2023_11_17_new_detector_system_for_quantum_computing_developed_by_engin_2f22024f] Edges: 1

[03:08:02 +7m 34s | thequantuminsider_2023_11_17_new_detector_system_for_quantum_computing_developed_by_engin_2f22024f] Done. Outputs written to: /home/lv/IDP/idpdeeptech/pipeline/news_outputs/thequantuminsider_2023_11_17_new_detector_system_for_quantum_computing_developed_by_engin_2f22024f
[03:08:02 +7m 34s | thequantuminsider_2023_11_17_new_detector_system_for_quantum_computing_developed_by_engin_2f22024f] Log: /home/lv/IDP/idpdeeptech/pipeline/news_outputs/thequantuminsider_2023_11_17_new_detector_system_for_quantum_computing_developed_by_engin_2f22024f/run.log

========================================================================
RUN FINISHED 2026-07-05 03:08:02  (OK)
Started:     2026-07-05 03:00:48
Elapsed:     7m 34s
========================================================================
