
========================================================================
RUN STARTED  2026-07-05 06:37:15
site_pipeline.py https://thequantuminsider.com/2023/10/05/quantum-dots-focus-of-2023-nobel-prize-in-chemistry/
========================================================================

[06:37:15 +0s | thequantuminsider_2023_10_05_quantum_dots_focus_of_2023_nobel_prize_in_chemistry] === 0 crawl site ===
[06:37:17 +2s | thequantuminsider_2023_10_05_quantum_dots_focus_of_2023_nobel_prize_in_chemistry] [INIT].... → Crawl4AI 0.8.6 
[06:37:19 +4s | thequantuminsider_2023_10_05_quantum_dots_focus_of_2023_nobel_prize_in_chemistry] [FETCH]... ↓ https://thequantuminsider.com/2023/10/05/quantum-dots-focus-of-2023-nobel-prize-in-chemistry/        | ✓ | ⏱: 2.57s 
[06:37:19 +4s | thequantuminsider_2023_10_05_quantum_dots_focus_of_2023_nobel_prize_in_chemistry] [SCRAPE].. ◆ https://thequantuminsider.com/2023/10/05/quantum-dots-focus-of-2023-nobel-prize-in-chemistry/        | ✓ | ⏱: 0.13s 
[06:37:19 +4s | thequantuminsider_2023_10_05_quantum_dots_focus_of_2023_nobel_prize_in_chemistry] [COMPLETE] ● https://thequantuminsider.com/2023/10/05/quantum-dots-focus-of-2023-nobel-prize-in-chemistry/        | ✓ | ⏱: 2.72s 
[06:37:19 +4s | thequantuminsider_2023_10_05_quantum_dots_focus_of_2023_nobel_prize_in_chemistry] Saved: crawl_output/a4616d2e75_thequantuminsider.com_2023_10_05_quantum-dots-focus-of-2023-nobel-prize-in-chemistry.json

[06:37:20 +5s | thequantuminsider_2023_10_05_quantum_dots_focus_of_2023_nobel_prize_in_chemistry] === 1 actor extraction ===
[06:37:20 +5s | thequantuminsider_2023_10_05_quantum_dots_focus_of_2023_nobel_prize_in_chemistry] Reading page (1/1): https://thequantuminsider.com/2023/10/05/quantum-dots-focus-of-2023-nobel-prize-in-chemistry
[06:37:20 +5s | thequantuminsider_2023_10_05_quantum_dots_focus_of_2023_nobel_prize_in_chemistry] Extracting actors: https://thequantuminsider.com/2023/10/05/quantum-dots-focus-of-2023-nobel-prize-in-chemistry (1/1), chunk 1/36
[06:37:22 +9s | thequantuminsider_2023_10_05_quantum_dots_focus_of_2023_nobel_prize_in_chemistry] Extracting actors: https://thequantuminsider.com/2023/10/05/quantum-dots-focus-of-2023-nobel-prize-in-chemistry (1/1), chunk 2/36
[06:37:27 +14s | thequantuminsider_2023_10_05_quantum_dots_focus_of_2023_nobel_prize_in_chemistry] Extracting actors: https://thequantuminsider.com/2023/10/05/quantum-dots-focus-of-2023-nobel-prize-in-chemistry (1/1), chunk 3/36
[06:37:32 +19s | thequantuminsider_2023_10_05_quantum_dots_focus_of_2023_nobel_prize_in_chemistry] Extracting actors: https://thequantuminsider.com/2023/10/05/quantum-dots-focus-of-2023-nobel-prize-in-chemistry (1/1), chunk 4/36
[06:37:41 +28s | thequantuminsider_2023_10_05_quantum_dots_focus_of_2023_nobel_prize_in_chemistry] Extracting actors: https://thequantuminsider.com/2023/10/05/quantum-dots-focus-of-2023-nobel-prize-in-chemistry (1/1), chunk 5/36
[06:37:47 +34s | thequantuminsider_2023_10_05_quantum_dots_focus_of_2023_nobel_prize_in_chemistry] Extracting actors: https://thequantuminsider.com/2023/10/05/quantum-dots-focus-of-2023-nobel-prize-in-chemistry (1/1), chunk 6/36
[06:37:50 +39s | thequantuminsider_2023_10_05_quantum_dots_focus_of_2023_nobel_prize_in_chemistry] Extracting actors: https://thequantuminsider.com/2023/10/05/quantum-dots-focus-of-2023-nobel-prize-in-chemistry (1/1), chunk 7/36
[06:37:55 +44s | thequantuminsider_2023_10_05_quantum_dots_focus_of_2023_nobel_prize_in_chemistry] Extracting actors: https://thequantuminsider.com/2023/10/05/quantum-dots-focus-of-2023-nobel-prize-in-chemistry (1/1), chunk 8/36
[06:38:01 +51s | thequantuminsider_2023_10_05_quantum_dots_focus_of_2023_nobel_prize_in_chemistry] Extracting actors: https://thequantuminsider.com/2023/10/05/quantum-dots-focus-of-2023-nobel-prize-in-chemistry (1/1), chunk 9/36
[06:38:08 +57s | thequantuminsider_2023_10_05_quantum_dots_focus_of_2023_nobel_prize_in_chemistry] Extracting actors: https://thequantuminsider.com/2023/10/05/quantum-dots-focus-of-2023-nobel-prize-in-chemistry (1/1), chunk 10/36
[06:38:12 +1m 1s | thequantuminsider_2023_10_05_quantum_dots_focus_of_2023_nobel_prize_in_chemistry] Extracting actors: https://thequantuminsider.com/2023/10/05/quantum-dots-focus-of-2023-nobel-prize-in-chemistry (1/1), chunk 11/36
[06:38:20 +1m 11s | thequantuminsider_2023_10_05_quantum_dots_focus_of_2023_nobel_prize_in_chemistry] Repaired malformed JSON.
[06:38:20 +1m 11s | thequantuminsider_2023_10_05_quantum_dots_focus_of_2023_nobel_prize_in_chemistry] Extracting actors: https://thequantuminsider.com/2023/10/05/quantum-dots-focus-of-2023-nobel-prize-in-chemistry (1/1), chunk 12/36
[06:38:28 +1m 20s | thequantuminsider_2023_10_05_quantum_dots_focus_of_2023_nobel_prize_in_chemistry] Repaired malformed JSON.
[06:38:28 +1m 20s | thequantuminsider_2023_10_05_quantum_dots_focus_of_2023_nobel_prize_in_chemistry] Extracting actors: https://thequantuminsider.com/2023/10/05/quantum-dots-focus-of-2023-nobel-prize-in-chemistry (1/1), chunk 13/36
[06:38:39 +1m 31s | thequantuminsider_2023_10_05_quantum_dots_focus_of_2023_nobel_prize_in_chemistry] Repaired malformed JSON.
[06:38:39 +1m 31s | thequantuminsider_2023_10_05_quantum_dots_focus_of_2023_nobel_prize_in_chemistry] Extracting actors: https://thequantuminsider.com/2023/10/05/quantum-dots-focus-of-2023-nobel-prize-in-chemistry (1/1), chunk 14/36
[06:38:46 +1m 38s | thequantuminsider_2023_10_05_quantum_dots_focus_of_2023_nobel_prize_in_chemistry] Repaired malformed JSON.
[06:38:46 +1m 38s | thequantuminsider_2023_10_05_quantum_dots_focus_of_2023_nobel_prize_in_chemistry] Extracting actors: https://thequantuminsider.com/2023/10/05/quantum-dots-focus-of-2023-nobel-prize-in-chemistry (1/1), chunk 15/36
[06:38:52 +1m 46s | thequantuminsider_2023_10_05_quantum_dots_focus_of_2023_nobel_prize_in_chemistry] Repaired malformed JSON.
[06:38:52 +1m 46s | thequantuminsider_2023_10_05_quantum_dots_focus_of_2023_nobel_prize_in_chemistry] Extracting actors: https://thequantuminsider.com/2023/10/05/quantum-dots-focus-of-2023-nobel-prize-in-chemistry (1/1), chunk 16/36
[06:38:59 +1m 52s | thequantuminsider_2023_10_05_quantum_dots_focus_of_2023_nobel_prize_in_chemistry] Repaired malformed JSON.
[06:38:59 +1m 52s | thequantuminsider_2023_10_05_quantum_dots_focus_of_2023_nobel_prize_in_chemistry] Extracting actors: https://thequantuminsider.com/2023/10/05/quantum-dots-focus-of-2023-nobel-prize-in-chemistry (1/1), chunk 17/36
[06:39:04 +1m 58s | thequantuminsider_2023_10_05_quantum_dots_focus_of_2023_nobel_prize_in_chemistry] Extracting actors: https://thequantuminsider.com/2023/10/05/quantum-dots-focus-of-2023-nobel-prize-in-chemistry (1/1), chunk 18/36
[06:39:11 +2m 5s | thequantuminsider_2023_10_05_quantum_dots_focus_of_2023_nobel_prize_in_chemistry] Repaired malformed JSON.
[06:39:11 +2m 5s | thequantuminsider_2023_10_05_quantum_dots_focus_of_2023_nobel_prize_in_chemistry] Extracting actors: https://thequantuminsider.com/2023/10/05/quantum-dots-focus-of-2023-nobel-prize-in-chemistry (1/1), chunk 19/36
[06:39:18 +2m 12s | thequantuminsider_2023_10_05_quantum_dots_focus_of_2023_nobel_prize_in_chemistry] Repaired malformed JSON.
[06:39:18 +2m 12s | thequantuminsider_2023_10_05_quantum_dots_focus_of_2023_nobel_prize_in_chemistry] Extracting actors: https://thequantuminsider.com/2023/10/05/quantum-dots-focus-of-2023-nobel-prize-in-chemistry (1/1), chunk 20/36
[06:39:24 +2m 20s | thequantuminsider_2023_10_05_quantum_dots_focus_of_2023_nobel_prize_in_chemistry] Repaired malformed JSON.
[06:39:24 +2m 20s | thequantuminsider_2023_10_05_quantum_dots_focus_of_2023_nobel_prize_in_chemistry] Extracting actors: https://thequantuminsider.com/2023/10/05/quantum-dots-focus-of-2023-nobel-prize-in-chemistry (1/1), chunk 21/36
[06:39:34 +2m 29s | thequantuminsider_2023_10_05_quantum_dots_focus_of_2023_nobel_prize_in_chemistry] Repaired malformed JSON.
[06:39:34 +2m 29s | thequantuminsider_2023_10_05_quantum_dots_focus_of_2023_nobel_prize_in_chemistry] Extracting actors: https://thequantuminsider.com/2023/10/05/quantum-dots-focus-of-2023-nobel-prize-in-chemistry (1/1), chunk 22/36
[06:39:42 +2m 38s | thequantuminsider_2023_10_05_quantum_dots_focus_of_2023_nobel_prize_in_chemistry] Repaired malformed JSON.
[06:39:42 +2m 38s | thequantuminsider_2023_10_05_quantum_dots_focus_of_2023_nobel_prize_in_chemistry] Extracting actors: https://thequantuminsider.com/2023/10/05/quantum-dots-focus-of-2023-nobel-prize-in-chemistry (1/1), chunk 23/36
[06:39:49 +2m 45s | thequantuminsider_2023_10_05_quantum_dots_focus_of_2023_nobel_prize_in_chemistry] Repaired malformed JSON.
[06:39:49 +2m 45s | thequantuminsider_2023_10_05_quantum_dots_focus_of_2023_nobel_prize_in_chemistry] Extracting actors: https://thequantuminsider.com/2023/10/05/quantum-dots-focus-of-2023-nobel-prize-in-chemistry (1/1), chunk 24/36
[06:39:53 +2m 51s | thequantuminsider_2023_10_05_quantum_dots_focus_of_2023_nobel_prize_in_chemistry] Extracting actors: https://thequantuminsider.com/2023/10/05/quantum-dots-focus-of-2023-nobel-prize-in-chemistry (1/1), chunk 25/36
[06:40:01 +2m 59s | thequantuminsider_2023_10_05_quantum_dots_focus_of_2023_nobel_prize_in_chemistry] Repaired malformed JSON.
[06:40:01 +2m 59s | thequantuminsider_2023_10_05_quantum_dots_focus_of_2023_nobel_prize_in_chemistry] Extracting actors: https://thequantuminsider.com/2023/10/05/quantum-dots-focus-of-2023-nobel-prize-in-chemistry (1/1), chunk 26/36
[06:40:10 +3m 8s | thequantuminsider_2023_10_05_quantum_dots_focus_of_2023_nobel_prize_in_chemistry] Extracting actors: https://thequantuminsider.com/2023/10/05/quantum-dots-focus-of-2023-nobel-prize-in-chemistry (1/1), chunk 27/36
[06:40:18 +3m 15s | thequantuminsider_2023_10_05_quantum_dots_focus_of_2023_nobel_prize_in_chemistry] Repaired malformed JSON.
[06:40:18 +3m 15s | thequantuminsider_2023_10_05_quantum_dots_focus_of_2023_nobel_prize_in_chemistry] Extracting actors: https://thequantuminsider.com/2023/10/05/quantum-dots-focus-of-2023-nobel-prize-in-chemistry (1/1), chunk 28/36
[06:40:23 +3m 24s | thequantuminsider_2023_10_05_quantum_dots_focus_of_2023_nobel_prize_in_chemistry] Repaired malformed JSON.
[06:40:23 +3m 24s | thequantuminsider_2023_10_05_quantum_dots_focus_of_2023_nobel_prize_in_chemistry] Extracting actors: https://thequantuminsider.com/2023/10/05/quantum-dots-focus-of-2023-nobel-prize-in-chemistry (1/1), chunk 29/36
[06:40:32 +3m 32s | thequantuminsider_2023_10_05_quantum_dots_focus_of_2023_nobel_prize_in_chemistry] Repaired malformed JSON.
[06:40:32 +3m 32s | thequantuminsider_2023_10_05_quantum_dots_focus_of_2023_nobel_prize_in_chemistry] Extracting actors: https://thequantuminsider.com/2023/10/05/quantum-dots-focus-of-2023-nobel-prize-in-chemistry (1/1), chunk 30/36
[06:40:41 +3m 41s | thequantuminsider_2023_10_05_quantum_dots_focus_of_2023_nobel_prize_in_chemistry] Repaired malformed JSON.
[06:40:41 +3m 41s | thequantuminsider_2023_10_05_quantum_dots_focus_of_2023_nobel_prize_in_chemistry] Extracting actors: https://thequantuminsider.com/2023/10/05/quantum-dots-focus-of-2023-nobel-prize-in-chemistry (1/1), chunk 31/36
[06:41:04 +4m 6s | thequantuminsider_2023_10_05_quantum_dots_focus_of_2023_nobel_prize_in_chemistry] Repaired malformed JSON.
[06:41:04 +4m 6s | thequantuminsider_2023_10_05_quantum_dots_focus_of_2023_nobel_prize_in_chemistry] Extracting actors: https://thequantuminsider.com/2023/10/05/quantum-dots-focus-of-2023-nobel-prize-in-chemistry (1/1), chunk 32/36
[06:41:13 +4m 15s | thequantuminsider_2023_10_05_quantum_dots_focus_of_2023_nobel_prize_in_chemistry] Repaired malformed JSON.
[06:41:13 +4m 15s | thequantuminsider_2023_10_05_quantum_dots_focus_of_2023_nobel_prize_in_chemistry] Extracting actors: https://thequantuminsider.com/2023/10/05/quantum-dots-focus-of-2023-nobel-prize-in-chemistry (1/1), chunk 33/36
[06:41:20 +4m 22s | thequantuminsider_2023_10_05_quantum_dots_focus_of_2023_nobel_prize_in_chemistry] Repaired malformed JSON.
[06:41:20 +4m 22s | thequantuminsider_2023_10_05_quantum_dots_focus_of_2023_nobel_prize_in_chemistry] Extracting actors: https://thequantuminsider.com/2023/10/05/quantum-dots-focus-of-2023-nobel-prize-in-chemistry (1/1), chunk 34/36
[06:41:40 +4m 44s | thequantuminsider_2023_10_05_quantum_dots_focus_of_2023_nobel_prize_in_chemistry] Repaired malformed JSON.
[06:41:40 +4m 44s | thequantuminsider_2023_10_05_quantum_dots_focus_of_2023_nobel_prize_in_chemistry] Extracting actors: https://thequantuminsider.com/2023/10/05/quantum-dots-focus-of-2023-nobel-prize-in-chemistry (1/1), chunk 35/36
[06:41:46 +4m 50s | thequantuminsider_2023_10_05_quantum_dots_focus_of_2023_nobel_prize_in_chemistry] Repaired malformed JSON.
[06:41:46 +4m 50s | thequantuminsider_2023_10_05_quantum_dots_focus_of_2023_nobel_prize_in_chemistry] Extracting actors: https://thequantuminsider.com/2023/10/05/quantum-dots-focus-of-2023-nobel-prize-in-chemistry (1/1), chunk 36/36
[06:41:50 +4m 56s | thequantuminsider_2023_10_05_quantum_dots_focus_of_2023_nobel_prize_in_chemistry] Repaired malformed JSON.
[06:41:50 +4m 56s | thequantuminsider_2023_10_05_quantum_dots_focus_of_2023_nobel_prize_in_chemistry] Saved 1_actor_results.json with 54 extracted records

[06:41:50 +4m 56s | thequantuminsider_2023_10_05_quantum_dots_focus_of_2023_nobel_prize_in_chemistry] === 2 clean actors ===
[06:41:50 +4m 56s | thequantuminsider_2023_10_05_quantum_dots_focus_of_2023_nobel_prize_in_chemistry] Loaded 54 extracted records
[06:41:50 +4m 56s | thequantuminsider_2023_10_05_quantum_dots_focus_of_2023_nobel_prize_in_chemistry] Saved 2_actor_nodes.json with 24 canonical actor nodes

[06:41:50 +4m 56s | thequantuminsider_2023_10_05_quantum_dots_focus_of_2023_nobel_prize_in_chemistry] === 3 interaction extraction ===
[06:41:50 +4m 57s | thequantuminsider_2023_10_05_quantum_dots_focus_of_2023_nobel_prize_in_chemistry] Extracting interactions: https://thequantuminsider.com/2023/10/05/quantum-dots-focus-of-2023-nobel-prize-in-chemistry (1/1), chunk 11/36
[06:42:04 +5m 11s | thequantuminsider_2023_10_05_quantum_dots_focus_of_2023_nobel_prize_in_chemistry] Extracting interactions: https://thequantuminsider.com/2023/10/05/quantum-dots-focus-of-2023-nobel-prize-in-chemistry (1/1), chunk 12/36
[06:42:12 +5m 18s | thequantuminsider_2023_10_05_quantum_dots_focus_of_2023_nobel_prize_in_chemistry] Extracting interactions: https://thequantuminsider.com/2023/10/05/quantum-dots-focus-of-2023-nobel-prize-in-chemistry (1/1), chunk 13/36
[06:42:20 +5m 27s | thequantuminsider_2023_10_05_quantum_dots_focus_of_2023_nobel_prize_in_chemistry] Extracting interactions: https://thequantuminsider.com/2023/10/05/quantum-dots-focus-of-2023-nobel-prize-in-chemistry (1/1), chunk 14/36
[06:42:25 +5m 34s | thequantuminsider_2023_10_05_quantum_dots_focus_of_2023_nobel_prize_in_chemistry] Extracting interactions: https://thequantuminsider.com/2023/10/05/quantum-dots-focus-of-2023-nobel-prize-in-chemistry (1/1), chunk 15/36
[06:42:45 +5m 54s | thequantuminsider_2023_10_05_quantum_dots_focus_of_2023_nobel_prize_in_chemistry] Extracting interactions: https://thequantuminsider.com/2023/10/05/quantum-dots-focus-of-2023-nobel-prize-in-chemistry (1/1), chunk 16/36
[06:42:51 +5m 59s | thequantuminsider_2023_10_05_quantum_dots_focus_of_2023_nobel_prize_in_chemistry] Extracting interactions: https://thequantuminsider.com/2023/10/05/quantum-dots-focus-of-2023-nobel-prize-in-chemistry (1/1), chunk 19/36
[06:43:08 +6m 20s | thequantuminsider_2023_10_05_quantum_dots_focus_of_2023_nobel_prize_in_chemistry] Extracting interactions: https://thequantuminsider.com/2023/10/05/quantum-dots-focus-of-2023-nobel-prize-in-chemistry (1/1), chunk 20/36
[06:43:17 +6m 28s | thequantuminsider_2023_10_05_quantum_dots_focus_of_2023_nobel_prize_in_chemistry] Extracting interactions: https://thequantuminsider.com/2023/10/05/quantum-dots-focus-of-2023-nobel-prize-in-chemistry (1/1), chunk 21/36
[06:43:18 +6m 29s | thequantuminsider_2023_10_05_quantum_dots_focus_of_2023_nobel_prize_in_chemistry] Extracting interactions: https://thequantuminsider.com/2023/10/05/quantum-dots-focus-of-2023-nobel-prize-in-chemistry (1/1), chunk 23/36
[06:43:20 +6m 31s | thequantuminsider_2023_10_05_quantum_dots_focus_of_2023_nobel_prize_in_chemistry] Extracting interactions: https://thequantuminsider.com/2023/10/05/quantum-dots-focus-of-2023-nobel-prize-in-chemistry (1/1), chunk 24/36
[06:43:27 +6m 40s | thequantuminsider_2023_10_05_quantum_dots_focus_of_2023_nobel_prize_in_chemistry] Extracting interactions: https://thequantuminsider.com/2023/10/05/quantum-dots-focus-of-2023-nobel-prize-in-chemistry (1/1), chunk 25/36
[06:43:36 +6m 49s | thequantuminsider_2023_10_05_quantum_dots_focus_of_2023_nobel_prize_in_chemistry] Extracting interactions: https://thequantuminsider.com/2023/10/05/quantum-dots-focus-of-2023-nobel-prize-in-chemistry (1/1), chunk 26/36
[06:43:39 +6m 53s | thequantuminsider_2023_10_05_quantum_dots_focus_of_2023_nobel_prize_in_chemistry] Extracting interactions: https://thequantuminsider.com/2023/10/05/quantum-dots-focus-of-2023-nobel-prize-in-chemistry (1/1), chunk 27/36
[06:43:41 +6m 55s | thequantuminsider_2023_10_05_quantum_dots_focus_of_2023_nobel_prize_in_chemistry] Extracting interactions: https://thequantuminsider.com/2023/10/05/quantum-dots-focus-of-2023-nobel-prize-in-chemistry (1/1), chunk 28/36
[06:43:44 +6m 57s | thequantuminsider_2023_10_05_quantum_dots_focus_of_2023_nobel_prize_in_chemistry] Extracting interactions: https://thequantuminsider.com/2023/10/05/quantum-dots-focus-of-2023-nobel-prize-in-chemistry (1/1), chunk 29/36
[06:43:46 +6m 59s | thequantuminsider_2023_10_05_quantum_dots_focus_of_2023_nobel_prize_in_chemistry] Extracting interactions: https://thequantuminsider.com/2023/10/05/quantum-dots-focus-of-2023-nobel-prize-in-chemistry (1/1), chunk 30/36
[06:44:19 +7m 35s | thequantuminsider_2023_10_05_quantum_dots_focus_of_2023_nobel_prize_in_chemistry] Extracting interactions: https://thequantuminsider.com/2023/10/05/quantum-dots-focus-of-2023-nobel-prize-in-chemistry (1/1), chunk 31/36
[06:44:19 +7m 37s | thequantuminsider_2023_10_05_quantum_dots_focus_of_2023_nobel_prize_in_chemistry] Extracting interactions: https://thequantuminsider.com/2023/10/05/quantum-dots-focus-of-2023-nobel-prize-in-chemistry (1/1), chunk 32/36
[06:44:21 +7m 38s | thequantuminsider_2023_10_05_quantum_dots_focus_of_2023_nobel_prize_in_chemistry] Extracting interactions: https://thequantuminsider.com/2023/10/05/quantum-dots-focus-of-2023-nobel-prize-in-chemistry (1/1), chunk 33/36
[06:44:23 +7m 40s | thequantuminsider_2023_10_05_quantum_dots_focus_of_2023_nobel_prize_in_chemistry] Extracting interactions: https://thequantuminsider.com/2023/10/05/quantum-dots-focus-of-2023-nobel-prize-in-chemistry (1/1), chunk 34/36
[06:44:26 +7m 43s | thequantuminsider_2023_10_05_quantum_dots_focus_of_2023_nobel_prize_in_chemistry] Extracting interactions: https://thequantuminsider.com/2023/10/05/quantum-dots-focus-of-2023-nobel-prize-in-chemistry (1/1), chunk 35/36
[06:44:29 +7m 47s | thequantuminsider_2023_10_05_quantum_dots_focus_of_2023_nobel_prize_in_chemistry] Extracting interactions: https://thequantuminsider.com/2023/10/05/quantum-dots-focus-of-2023-nobel-prize-in-chemistry (1/1), chunk 36/36
[06:44:31 +7m 48s | thequantuminsider_2023_10_05_quantum_dots_focus_of_2023_nobel_prize_in_chemistry] Saved 3_interaction_results.json with 18 extracted interactions.

[06:44:31 +7m 49s | thequantuminsider_2023_10_05_quantum_dots_focus_of_2023_nobel_prize_in_chemistry] === 4 clean interactions ===
[06:44:31 +7m 49s | thequantuminsider_2023_10_05_quantum_dots_focus_of_2023_nobel_prize_in_chemistry] Saved 4_edges.json with 1 cleaned interactions.

[06:44:31 +7m 49s | thequantuminsider_2023_10_05_quantum_dots_focus_of_2023_nobel_prize_in_chemistry] === 5 helix enrichment ===
[06:44:31 +7m 49s | thequantuminsider_2023_10_05_quantum_dots_focus_of_2023_nobel_prize_in_chemistry] Wrote 5_nodes.json (24 actors)
[06:44:31 +7m 49s | thequantuminsider_2023_10_05_quantum_dots_focus_of_2023_nobel_prize_in_chemistry] Wrote 5_edges.json (1 interactions)
[06:44:31 +7m 49s | thequantuminsider_2023_10_05_quantum_dots_focus_of_2023_nobel_prize_in_chemistry] Actor helix counts: {'Academia': 3, 'Civil Society': 4, 'Industry': 2, 'Intermediary': 1, 'Unknown': 14}
[06:44:31 +7m 49s | thequantuminsider_2023_10_05_quantum_dots_focus_of_2023_nobel_prize_in_chemistry] Functional-space counts: {'Intra-helix / Not classified': 1}

[06:44:31 +7m 49s | thequantuminsider_2023_10_05_quantum_dots_focus_of_2023_nobel_prize_in_chemistry] === 6 network visualisation ===
[06:44:31 +7m 49s | thequantuminsider_2023_10_05_quantum_dots_focus_of_2023_nobel_prize_in_chemistry] Wrote quantum_network.html
[06:44:31 +7m 49s | thequantuminsider_2023_10_05_quantum_dots_focus_of_2023_nobel_prize_in_chemistry] Nodes: 24
[06:44:31 +7m 49s | thequantuminsider_2023_10_05_quantum_dots_focus_of_2023_nobel_prize_in_chemistry] Edges: 1

[06:44:31 +7m 49s | thequantuminsider_2023_10_05_quantum_dots_focus_of_2023_nobel_prize_in_chemistry] Done. Outputs written to: /home/lv/IDP/idpdeeptech/pipeline/news_outputs/thequantuminsider_2023_10_05_quantum_dots_focus_of_2023_nobel_prize_in_chemistry
[06:44:31 +7m 49s | thequantuminsider_2023_10_05_quantum_dots_focus_of_2023_nobel_prize_in_chemistry] Log: /home/lv/IDP/idpdeeptech/pipeline/news_outputs/thequantuminsider_2023_10_05_quantum_dots_focus_of_2023_nobel_prize_in_chemistry/run.log

========================================================================
RUN FINISHED 2026-07-05 06:44:31  (OK)
Started:     2026-07-05 06:37:15
Elapsed:     7m 49s
========================================================================
