
========================================================================
RUN STARTED  2026-07-05 06:52:33
site_pipeline.py https://thequantuminsider.com/2023/10/02/nasa-deputy-administrator-pam-melroy-announces-at-quantum-world-congress-the-agency-intends-to-explore-quantum-tech-for-sensor-applications/
========================================================================

[06:52:33 +0s | thequantuminsider_2023_10_02_nasa_deputy_administrator_pam_melroy_announces_at_quantum_wo_0fe51ca2] === 0 crawl site ===
[06:52:34 +1s | thequantuminsider_2023_10_02_nasa_deputy_administrator_pam_melroy_announces_at_quantum_wo_0fe51ca2] [INIT].... → Crawl4AI 0.8.6 
[06:52:37 +4s | thequantuminsider_2023_10_02_nasa_deputy_administrator_pam_melroy_announces_at_quantum_wo_0fe51ca2] [FETCH]... ↓ https://thequantuminsider.com/2023/10/02/nasa-de...to-explore-quantum-tech-for-sensor-applications/  | ✓ | ⏱: 2.59s 
[06:52:37 +4s | thequantuminsider_2023_10_02_nasa_deputy_administrator_pam_melroy_announces_at_quantum_wo_0fe51ca2] [SCRAPE].. ◆ https://thequantuminsider.com/2023/10/02/nasa-de...to-explore-quantum-tech-for-sensor-applications/  | ✓ | ⏱: 0.14s 
[06:52:37 +4s | thequantuminsider_2023_10_02_nasa_deputy_administrator_pam_melroy_announces_at_quantum_wo_0fe51ca2] [COMPLETE] ● https://thequantuminsider.com/2023/10/02/nasa-de...to-explore-quantum-tech-for-sensor-applications/  | ✓ | ⏱: 2.76s 
[06:52:37 +4s | thequantuminsider_2023_10_02_nasa_deputy_administrator_pam_melroy_announces_at_quantum_wo_0fe51ca2] Saved: crawl_output/ad7349a8de_thequantuminsider.com_2023_10_02_nasa-deputy-administrator-pam-melroy-announces-at-quantum-world-congress-the-agency-intends-to-explore-quantum-tech-for-sensor-applications.json

[06:52:37 +5s | thequantuminsider_2023_10_02_nasa_deputy_administrator_pam_melroy_announces_at_quantum_wo_0fe51ca2] === 1 actor extraction ===
[06:52:37 +5s | thequantuminsider_2023_10_02_nasa_deputy_administrator_pam_melroy_announces_at_quantum_wo_0fe51ca2] Reading page (1/1): https://thequantuminsider.com/2023/10/02/nasa-deputy-administrator-pam-melroy-announces-at-quantum-world-congress-the-agency-intends-to-explore-quantum-tech-for-sensor-applications
[06:52:37 +5s | thequantuminsider_2023_10_02_nasa_deputy_administrator_pam_melroy_announces_at_quantum_wo_0fe51ca2] Extracting actors: https://thequantuminsider.com/2023/10/02/nasa-deputy-administrator-pam-melroy-announces-at-quantum-world-congress-the-agency-intends-to-explore-quantum-tech-for-sensor-applications (1/1), chunk 1/36
[06:52:46 +14s | thequantuminsider_2023_10_02_nasa_deputy_administrator_pam_melroy_announces_at_quantum_wo_0fe51ca2] Repaired malformed JSON.
[06:52:46 +14s | thequantuminsider_2023_10_02_nasa_deputy_administrator_pam_melroy_announces_at_quantum_wo_0fe51ca2] Extracting actors: https://thequantuminsider.com/2023/10/02/nasa-deputy-administrator-pam-melroy-announces-at-quantum-world-congress-the-agency-intends-to-explore-quantum-tech-for-sensor-applications (1/1), chunk 2/36
[06:52:51 +21s | thequantuminsider_2023_10_02_nasa_deputy_administrator_pam_melroy_announces_at_quantum_wo_0fe51ca2] Repaired malformed JSON.
[06:52:51 +21s | thequantuminsider_2023_10_02_nasa_deputy_administrator_pam_melroy_announces_at_quantum_wo_0fe51ca2] Extracting actors: https://thequantuminsider.com/2023/10/02/nasa-deputy-administrator-pam-melroy-announces-at-quantum-world-congress-the-agency-intends-to-explore-quantum-tech-for-sensor-applications (1/1), chunk 3/36
[06:52:58 +28s | thequantuminsider_2023_10_02_nasa_deputy_administrator_pam_melroy_announces_at_quantum_wo_0fe51ca2] Repaired malformed JSON.
[06:52:58 +28s | thequantuminsider_2023_10_02_nasa_deputy_administrator_pam_melroy_announces_at_quantum_wo_0fe51ca2] Extracting actors: https://thequantuminsider.com/2023/10/02/nasa-deputy-administrator-pam-melroy-announces-at-quantum-world-congress-the-agency-intends-to-explore-quantum-tech-for-sensor-applications (1/1), chunk 4/36
[06:53:07 +37s | thequantuminsider_2023_10_02_nasa_deputy_administrator_pam_melroy_announces_at_quantum_wo_0fe51ca2] Repaired malformed JSON.
[06:53:07 +37s | thequantuminsider_2023_10_02_nasa_deputy_administrator_pam_melroy_announces_at_quantum_wo_0fe51ca2] Extracting actors: https://thequantuminsider.com/2023/10/02/nasa-deputy-administrator-pam-melroy-announces-at-quantum-world-congress-the-agency-intends-to-explore-quantum-tech-for-sensor-applications (1/1), chunk 5/36
[06:53:27 +59s | thequantuminsider_2023_10_02_nasa_deputy_administrator_pam_melroy_announces_at_quantum_wo_0fe51ca2] Repaired malformed JSON.
[06:53:27 +59s | thequantuminsider_2023_10_02_nasa_deputy_administrator_pam_melroy_announces_at_quantum_wo_0fe51ca2] Extracting actors: https://thequantuminsider.com/2023/10/02/nasa-deputy-administrator-pam-melroy-announces-at-quantum-world-congress-the-agency-intends-to-explore-quantum-tech-for-sensor-applications (1/1), chunk 6/36
[06:53:37 +1m 9s | thequantuminsider_2023_10_02_nasa_deputy_administrator_pam_melroy_announces_at_quantum_wo_0fe51ca2] Repaired malformed JSON.
[06:53:37 +1m 9s | thequantuminsider_2023_10_02_nasa_deputy_administrator_pam_melroy_announces_at_quantum_wo_0fe51ca2] Extracting actors: https://thequantuminsider.com/2023/10/02/nasa-deputy-administrator-pam-melroy-announces-at-quantum-world-congress-the-agency-intends-to-explore-quantum-tech-for-sensor-applications (1/1), chunk 7/36
[06:53:49 +1m 21s | thequantuminsider_2023_10_02_nasa_deputy_administrator_pam_melroy_announces_at_quantum_wo_0fe51ca2] Repaired malformed JSON.
[06:53:49 +1m 21s | thequantuminsider_2023_10_02_nasa_deputy_administrator_pam_melroy_announces_at_quantum_wo_0fe51ca2] Extracting actors: https://thequantuminsider.com/2023/10/02/nasa-deputy-administrator-pam-melroy-announces-at-quantum-world-congress-the-agency-intends-to-explore-quantum-tech-for-sensor-applications (1/1), chunk 8/36
[06:53:54 +1m 28s | thequantuminsider_2023_10_02_nasa_deputy_administrator_pam_melroy_announces_at_quantum_wo_0fe51ca2] Repaired malformed JSON.
[06:53:54 +1m 28s | thequantuminsider_2023_10_02_nasa_deputy_administrator_pam_melroy_announces_at_quantum_wo_0fe51ca2] Extracting actors: https://thequantuminsider.com/2023/10/02/nasa-deputy-administrator-pam-melroy-announces-at-quantum-world-congress-the-agency-intends-to-explore-quantum-tech-for-sensor-applications (1/1), chunk 9/36
[06:54:04 +1m 39s | thequantuminsider_2023_10_02_nasa_deputy_administrator_pam_melroy_announces_at_quantum_wo_0fe51ca2] Repaired malformed JSON.
[06:54:04 +1m 39s | thequantuminsider_2023_10_02_nasa_deputy_administrator_pam_melroy_announces_at_quantum_wo_0fe51ca2] Extracting actors: https://thequantuminsider.com/2023/10/02/nasa-deputy-administrator-pam-melroy-announces-at-quantum-world-congress-the-agency-intends-to-explore-quantum-tech-for-sensor-applications (1/1), chunk 10/36
[06:54:26 +2m 3s | thequantuminsider_2023_10_02_nasa_deputy_administrator_pam_melroy_announces_at_quantum_wo_0fe51ca2] Repaired malformed JSON.
[06:54:26 +2m 3s | thequantuminsider_2023_10_02_nasa_deputy_administrator_pam_melroy_announces_at_quantum_wo_0fe51ca2] Extracting actors: https://thequantuminsider.com/2023/10/02/nasa-deputy-administrator-pam-melroy-announces-at-quantum-world-congress-the-agency-intends-to-explore-quantum-tech-for-sensor-applications (1/1), chunk 11/36
[06:54:37 +2m 13s | thequantuminsider_2023_10_02_nasa_deputy_administrator_pam_melroy_announces_at_quantum_wo_0fe51ca2] Repaired malformed JSON.
[06:54:37 +2m 13s | thequantuminsider_2023_10_02_nasa_deputy_administrator_pam_melroy_announces_at_quantum_wo_0fe51ca2] Extracting actors: https://thequantuminsider.com/2023/10/02/nasa-deputy-administrator-pam-melroy-announces-at-quantum-world-congress-the-agency-intends-to-explore-quantum-tech-for-sensor-applications (1/1), chunk 12/36
[06:54:45 +2m 21s | thequantuminsider_2023_10_02_nasa_deputy_administrator_pam_melroy_announces_at_quantum_wo_0fe51ca2] Repaired malformed JSON.
[06:54:45 +2m 21s | thequantuminsider_2023_10_02_nasa_deputy_administrator_pam_melroy_announces_at_quantum_wo_0fe51ca2] Extracting actors: https://thequantuminsider.com/2023/10/02/nasa-deputy-administrator-pam-melroy-announces-at-quantum-world-congress-the-agency-intends-to-explore-quantum-tech-for-sensor-applications (1/1), chunk 13/36
[06:55:11 +2m 50s | thequantuminsider_2023_10_02_nasa_deputy_administrator_pam_melroy_announces_at_quantum_wo_0fe51ca2] Repaired malformed JSON.
[06:55:11 +2m 50s | thequantuminsider_2023_10_02_nasa_deputy_administrator_pam_melroy_announces_at_quantum_wo_0fe51ca2] Extracting actors: https://thequantuminsider.com/2023/10/02/nasa-deputy-administrator-pam-melroy-announces-at-quantum-world-congress-the-agency-intends-to-explore-quantum-tech-for-sensor-applications (1/1), chunk 14/36
[06:55:20 +2m 59s | thequantuminsider_2023_10_02_nasa_deputy_administrator_pam_melroy_announces_at_quantum_wo_0fe51ca2] Repaired malformed JSON.
[06:55:20 +2m 59s | thequantuminsider_2023_10_02_nasa_deputy_administrator_pam_melroy_announces_at_quantum_wo_0fe51ca2] Extracting actors: https://thequantuminsider.com/2023/10/02/nasa-deputy-administrator-pam-melroy-announces-at-quantum-world-congress-the-agency-intends-to-explore-quantum-tech-for-sensor-applications (1/1), chunk 15/36
[06:55:25 +3m 6s | thequantuminsider_2023_10_02_nasa_deputy_administrator_pam_melroy_announces_at_quantum_wo_0fe51ca2] Repaired malformed JSON.
[06:55:25 +3m 6s | thequantuminsider_2023_10_02_nasa_deputy_administrator_pam_melroy_announces_at_quantum_wo_0fe51ca2] Extracting actors: https://thequantuminsider.com/2023/10/02/nasa-deputy-administrator-pam-melroy-announces-at-quantum-world-congress-the-agency-intends-to-explore-quantum-tech-for-sensor-applications (1/1), chunk 16/36
[06:55:34 +3m 14s | thequantuminsider_2023_10_02_nasa_deputy_administrator_pam_melroy_announces_at_quantum_wo_0fe51ca2] Repaired malformed JSON.
[06:55:34 +3m 14s | thequantuminsider_2023_10_02_nasa_deputy_administrator_pam_melroy_announces_at_quantum_wo_0fe51ca2] Extracting actors: https://thequantuminsider.com/2023/10/02/nasa-deputy-administrator-pam-melroy-announces-at-quantum-world-congress-the-agency-intends-to-explore-quantum-tech-for-sensor-applications (1/1), chunk 17/36
[06:55:44 +3m 25s | thequantuminsider_2023_10_02_nasa_deputy_administrator_pam_melroy_announces_at_quantum_wo_0fe51ca2] Repaired malformed JSON.
[06:55:44 +3m 25s | thequantuminsider_2023_10_02_nasa_deputy_administrator_pam_melroy_announces_at_quantum_wo_0fe51ca2] Extracting actors: https://thequantuminsider.com/2023/10/02/nasa-deputy-administrator-pam-melroy-announces-at-quantum-world-congress-the-agency-intends-to-explore-quantum-tech-for-sensor-applications (1/1), chunk 18/36
[06:56:12 +3m 55s | thequantuminsider_2023_10_02_nasa_deputy_administrator_pam_melroy_announces_at_quantum_wo_0fe51ca2] Repaired malformed JSON.
[06:56:12 +3m 55s | thequantuminsider_2023_10_02_nasa_deputy_administrator_pam_melroy_announces_at_quantum_wo_0fe51ca2] Extracting actors: https://thequantuminsider.com/2023/10/02/nasa-deputy-administrator-pam-melroy-announces-at-quantum-world-congress-the-agency-intends-to-explore-quantum-tech-for-sensor-applications (1/1), chunk 19/36
[06:56:20 +4m 3s | thequantuminsider_2023_10_02_nasa_deputy_administrator_pam_melroy_announces_at_quantum_wo_0fe51ca2] Repaired malformed JSON.
[06:56:20 +4m 3s | thequantuminsider_2023_10_02_nasa_deputy_administrator_pam_melroy_announces_at_quantum_wo_0fe51ca2] Extracting actors: https://thequantuminsider.com/2023/10/02/nasa-deputy-administrator-pam-melroy-announces-at-quantum-world-congress-the-agency-intends-to-explore-quantum-tech-for-sensor-applications (1/1), chunk 20/36
[06:56:24 +4m 9s | thequantuminsider_2023_10_02_nasa_deputy_administrator_pam_melroy_announces_at_quantum_wo_0fe51ca2] Repaired malformed JSON.
[06:56:24 +4m 9s | thequantuminsider_2023_10_02_nasa_deputy_administrator_pam_melroy_announces_at_quantum_wo_0fe51ca2] Extracting actors: https://thequantuminsider.com/2023/10/02/nasa-deputy-administrator-pam-melroy-announces-at-quantum-world-congress-the-agency-intends-to-explore-quantum-tech-for-sensor-applications (1/1), chunk 21/36
[06:56:33 +4m 18s | thequantuminsider_2023_10_02_nasa_deputy_administrator_pam_melroy_announces_at_quantum_wo_0fe51ca2] Repaired malformed JSON.
[06:56:33 +4m 18s | thequantuminsider_2023_10_02_nasa_deputy_administrator_pam_melroy_announces_at_quantum_wo_0fe51ca2] Extracting actors: https://thequantuminsider.com/2023/10/02/nasa-deputy-administrator-pam-melroy-announces-at-quantum-world-congress-the-agency-intends-to-explore-quantum-tech-for-sensor-applications (1/1), chunk 22/36
[06:56:42 +4m 27s | thequantuminsider_2023_10_02_nasa_deputy_administrator_pam_melroy_announces_at_quantum_wo_0fe51ca2] Repaired malformed JSON.
[06:56:42 +4m 27s | thequantuminsider_2023_10_02_nasa_deputy_administrator_pam_melroy_announces_at_quantum_wo_0fe51ca2] Extracting actors: https://thequantuminsider.com/2023/10/02/nasa-deputy-administrator-pam-melroy-announces-at-quantum-world-congress-the-agency-intends-to-explore-quantum-tech-for-sensor-applications (1/1), chunk 23/36
[06:56:50 +4m 36s | thequantuminsider_2023_10_02_nasa_deputy_administrator_pam_melroy_announces_at_quantum_wo_0fe51ca2] Repaired malformed JSON.
[06:56:50 +4m 36s | thequantuminsider_2023_10_02_nasa_deputy_administrator_pam_melroy_announces_at_quantum_wo_0fe51ca2] Extracting actors: https://thequantuminsider.com/2023/10/02/nasa-deputy-administrator-pam-melroy-announces-at-quantum-world-congress-the-agency-intends-to-explore-quantum-tech-for-sensor-applications (1/1), chunk 24/36
[06:56:55 +4m 42s | thequantuminsider_2023_10_02_nasa_deputy_administrator_pam_melroy_announces_at_quantum_wo_0fe51ca2] Repaired malformed JSON.
[06:56:55 +4m 42s | thequantuminsider_2023_10_02_nasa_deputy_administrator_pam_melroy_announces_at_quantum_wo_0fe51ca2] Extracting actors: https://thequantuminsider.com/2023/10/02/nasa-deputy-administrator-pam-melroy-announces-at-quantum-world-congress-the-agency-intends-to-explore-quantum-tech-for-sensor-applications (1/1), chunk 25/36
[06:57:09 +4m 57s | thequantuminsider_2023_10_02_nasa_deputy_administrator_pam_melroy_announces_at_quantum_wo_0fe51ca2] Repaired malformed JSON.
[06:57:09 +4m 57s | thequantuminsider_2023_10_02_nasa_deputy_administrator_pam_melroy_announces_at_quantum_wo_0fe51ca2] Extracting actors: https://thequantuminsider.com/2023/10/02/nasa-deputy-administrator-pam-melroy-announces-at-quantum-world-congress-the-agency-intends-to-explore-quantum-tech-for-sensor-applications (1/1), chunk 26/36
[06:57:16 +5m 3s | thequantuminsider_2023_10_02_nasa_deputy_administrator_pam_melroy_announces_at_quantum_wo_0fe51ca2] Repaired malformed JSON.
[06:57:16 +5m 3s | thequantuminsider_2023_10_02_nasa_deputy_administrator_pam_melroy_announces_at_quantum_wo_0fe51ca2] Extracting actors: https://thequantuminsider.com/2023/10/02/nasa-deputy-administrator-pam-melroy-announces-at-quantum-world-congress-the-agency-intends-to-explore-quantum-tech-for-sensor-applications (1/1), chunk 27/36
[06:57:22 +5m 12s | thequantuminsider_2023_10_02_nasa_deputy_administrator_pam_melroy_announces_at_quantum_wo_0fe51ca2] Repaired malformed JSON.
[06:57:22 +5m 12s | thequantuminsider_2023_10_02_nasa_deputy_administrator_pam_melroy_announces_at_quantum_wo_0fe51ca2] Extracting actors: https://thequantuminsider.com/2023/10/02/nasa-deputy-administrator-pam-melroy-announces-at-quantum-world-congress-the-agency-intends-to-explore-quantum-tech-for-sensor-applications (1/1), chunk 28/36
[06:57:30 +5m 19s | thequantuminsider_2023_10_02_nasa_deputy_administrator_pam_melroy_announces_at_quantum_wo_0fe51ca2] Repaired malformed JSON.
[06:57:30 +5m 19s | thequantuminsider_2023_10_02_nasa_deputy_administrator_pam_melroy_announces_at_quantum_wo_0fe51ca2] Extracting actors: https://thequantuminsider.com/2023/10/02/nasa-deputy-administrator-pam-melroy-announces-at-quantum-world-congress-the-agency-intends-to-explore-quantum-tech-for-sensor-applications (1/1), chunk 29/36
[06:57:36 +5m 26s | thequantuminsider_2023_10_02_nasa_deputy_administrator_pam_melroy_announces_at_quantum_wo_0fe51ca2] Repaired malformed JSON.
[06:57:36 +5m 26s | thequantuminsider_2023_10_02_nasa_deputy_administrator_pam_melroy_announces_at_quantum_wo_0fe51ca2] Extracting actors: https://thequantuminsider.com/2023/10/02/nasa-deputy-administrator-pam-melroy-announces-at-quantum-world-congress-the-agency-intends-to-explore-quantum-tech-for-sensor-applications (1/1), chunk 30/36
[06:57:43 +5m 33s | thequantuminsider_2023_10_02_nasa_deputy_administrator_pam_melroy_announces_at_quantum_wo_0fe51ca2] Repaired malformed JSON.
[06:57:43 +5m 33s | thequantuminsider_2023_10_02_nasa_deputy_administrator_pam_melroy_announces_at_quantum_wo_0fe51ca2] Extracting actors: https://thequantuminsider.com/2023/10/02/nasa-deputy-administrator-pam-melroy-announces-at-quantum-world-congress-the-agency-intends-to-explore-quantum-tech-for-sensor-applications (1/1), chunk 31/36
[06:57:50 +5m 42s | thequantuminsider_2023_10_02_nasa_deputy_administrator_pam_melroy_announces_at_quantum_wo_0fe51ca2] Repaired malformed JSON.
[06:57:50 +5m 42s | thequantuminsider_2023_10_02_nasa_deputy_administrator_pam_melroy_announces_at_quantum_wo_0fe51ca2] Extracting actors: https://thequantuminsider.com/2023/10/02/nasa-deputy-administrator-pam-melroy-announces-at-quantum-world-congress-the-agency-intends-to-explore-quantum-tech-for-sensor-applications (1/1), chunk 32/36
[06:57:59 +5m 51s | thequantuminsider_2023_10_02_nasa_deputy_administrator_pam_melroy_announces_at_quantum_wo_0fe51ca2] Repaired malformed JSON.
[06:57:59 +5m 51s | thequantuminsider_2023_10_02_nasa_deputy_administrator_pam_melroy_announces_at_quantum_wo_0fe51ca2] Extracting actors: https://thequantuminsider.com/2023/10/02/nasa-deputy-administrator-pam-melroy-announces-at-quantum-world-congress-the-agency-intends-to-explore-quantum-tech-for-sensor-applications (1/1), chunk 33/36
[06:58:06 +5m 57s | thequantuminsider_2023_10_02_nasa_deputy_administrator_pam_melroy_announces_at_quantum_wo_0fe51ca2] Repaired malformed JSON.
[06:58:06 +5m 57s | thequantuminsider_2023_10_02_nasa_deputy_administrator_pam_melroy_announces_at_quantum_wo_0fe51ca2] Extracting actors: https://thequantuminsider.com/2023/10/02/nasa-deputy-administrator-pam-melroy-announces-at-quantum-world-congress-the-agency-intends-to-explore-quantum-tech-for-sensor-applications (1/1), chunk 34/36
[06:58:15 +6m 7s | thequantuminsider_2023_10_02_nasa_deputy_administrator_pam_melroy_announces_at_quantum_wo_0fe51ca2] Repaired malformed JSON.
[06:58:15 +6m 7s | thequantuminsider_2023_10_02_nasa_deputy_administrator_pam_melroy_announces_at_quantum_wo_0fe51ca2] Extracting actors: https://thequantuminsider.com/2023/10/02/nasa-deputy-administrator-pam-melroy-announces-at-quantum-world-congress-the-agency-intends-to-explore-quantum-tech-for-sensor-applications (1/1), chunk 35/36
[06:58:23 +6m 17s | thequantuminsider_2023_10_02_nasa_deputy_administrator_pam_melroy_announces_at_quantum_wo_0fe51ca2] Repaired malformed JSON.
[06:58:23 +6m 17s | thequantuminsider_2023_10_02_nasa_deputy_administrator_pam_melroy_announces_at_quantum_wo_0fe51ca2] Extracting actors: https://thequantuminsider.com/2023/10/02/nasa-deputy-administrator-pam-melroy-announces-at-quantum-world-congress-the-agency-intends-to-explore-quantum-tech-for-sensor-applications (1/1), chunk 36/36
[06:58:32 +6m 27s | thequantuminsider_2023_10_02_nasa_deputy_administrator_pam_melroy_announces_at_quantum_wo_0fe51ca2] Repaired malformed JSON.
[06:58:32 +6m 27s | thequantuminsider_2023_10_02_nasa_deputy_administrator_pam_melroy_announces_at_quantum_wo_0fe51ca2] Saved 1_actor_results.json with 71 extracted records

[06:58:33 +6m 27s | thequantuminsider_2023_10_02_nasa_deputy_administrator_pam_melroy_announces_at_quantum_wo_0fe51ca2] === 2 clean actors ===
[06:58:33 +6m 27s | thequantuminsider_2023_10_02_nasa_deputy_administrator_pam_melroy_announces_at_quantum_wo_0fe51ca2] Loaded 71 extracted records
[06:58:33 +6m 27s | thequantuminsider_2023_10_02_nasa_deputy_administrator_pam_melroy_announces_at_quantum_wo_0fe51ca2] Saved 2_actor_nodes.json with 11 canonical actor nodes

[06:58:33 +6m 27s | thequantuminsider_2023_10_02_nasa_deputy_administrator_pam_melroy_announces_at_quantum_wo_0fe51ca2] === 3 interaction extraction ===
[06:58:33 +6m 27s | thequantuminsider_2023_10_02_nasa_deputy_administrator_pam_melroy_announces_at_quantum_wo_0fe51ca2] Extracting interactions: https://thequantuminsider.com/2023/10/02/nasa-deputy-administrator-pam-melroy-announces-at-quantum-world-congress-the-agency-intends-to-explore-quantum-tech-for-sensor-applications (1/1), chunk 7/36
[06:58:39 +6m 33s | thequantuminsider_2023_10_02_nasa_deputy_administrator_pam_melroy_announces_at_quantum_wo_0fe51ca2] Extracting interactions: https://thequantuminsider.com/2023/10/02/nasa-deputy-administrator-pam-melroy-announces-at-quantum-world-congress-the-agency-intends-to-explore-quantum-tech-for-sensor-applications (1/1), chunk 11/36
[06:58:45 +6m 39s | thequantuminsider_2023_10_02_nasa_deputy_administrator_pam_melroy_announces_at_quantum_wo_0fe51ca2] Extracting interactions: https://thequantuminsider.com/2023/10/02/nasa-deputy-administrator-pam-melroy-announces-at-quantum-world-congress-the-agency-intends-to-explore-quantum-tech-for-sensor-applications (1/1), chunk 12/36
[06:58:54 +6m 51s | thequantuminsider_2023_10_02_nasa_deputy_administrator_pam_melroy_announces_at_quantum_wo_0fe51ca2] Extracting interactions: https://thequantuminsider.com/2023/10/02/nasa-deputy-administrator-pam-melroy-announces-at-quantum-world-congress-the-agency-intends-to-explore-quantum-tech-for-sensor-applications (1/1), chunk 13/36
[06:59:09 +7m 6s | thequantuminsider_2023_10_02_nasa_deputy_administrator_pam_melroy_announces_at_quantum_wo_0fe51ca2] Extracting interactions: https://thequantuminsider.com/2023/10/02/nasa-deputy-administrator-pam-melroy-announces-at-quantum-world-congress-the-agency-intends-to-explore-quantum-tech-for-sensor-applications (1/1), chunk 14/36
[06:59:16 +7m 13s | thequantuminsider_2023_10_02_nasa_deputy_administrator_pam_melroy_announces_at_quantum_wo_0fe51ca2] Extracting interactions: https://thequantuminsider.com/2023/10/02/nasa-deputy-administrator-pam-melroy-announces-at-quantum-world-congress-the-agency-intends-to-explore-quantum-tech-for-sensor-applications (1/1), chunk 15/36
[06:59:24 +7m 23s | thequantuminsider_2023_10_02_nasa_deputy_administrator_pam_melroy_announces_at_quantum_wo_0fe51ca2] Extracting interactions: https://thequantuminsider.com/2023/10/02/nasa-deputy-administrator-pam-melroy-announces-at-quantum-world-congress-the-agency-intends-to-explore-quantum-tech-for-sensor-applications (1/1), chunk 16/36
[06:59:34 +7m 32s | thequantuminsider_2023_10_02_nasa_deputy_administrator_pam_melroy_announces_at_quantum_wo_0fe51ca2] Extracting interactions: https://thequantuminsider.com/2023/10/02/nasa-deputy-administrator-pam-melroy-announces-at-quantum-world-congress-the-agency-intends-to-explore-quantum-tech-for-sensor-applications (1/1), chunk 17/36
[06:59:35 +7m 34s | thequantuminsider_2023_10_02_nasa_deputy_administrator_pam_melroy_announces_at_quantum_wo_0fe51ca2] Extracting interactions: https://thequantuminsider.com/2023/10/02/nasa-deputy-administrator-pam-melroy-announces-at-quantum-world-congress-the-agency-intends-to-explore-quantum-tech-for-sensor-applications (1/1), chunk 19/36
[06:59:46 +7m 44s | thequantuminsider_2023_10_02_nasa_deputy_administrator_pam_melroy_announces_at_quantum_wo_0fe51ca2] Extracting interactions: https://thequantuminsider.com/2023/10/02/nasa-deputy-administrator-pam-melroy-announces-at-quantum-world-congress-the-agency-intends-to-explore-quantum-tech-for-sensor-applications (1/1), chunk 20/36
[06:59:51 +7m 52s | thequantuminsider_2023_10_02_nasa_deputy_administrator_pam_melroy_announces_at_quantum_wo_0fe51ca2] Extracting interactions: https://thequantuminsider.com/2023/10/02/nasa-deputy-administrator-pam-melroy-announces-at-quantum-world-congress-the-agency-intends-to-explore-quantum-tech-for-sensor-applications (1/1), chunk 25/36
[06:59:59 +8m 0s | thequantuminsider_2023_10_02_nasa_deputy_administrator_pam_melroy_announces_at_quantum_wo_0fe51ca2] Extracting interactions: https://thequantuminsider.com/2023/10/02/nasa-deputy-administrator-pam-melroy-announces-at-quantum-world-congress-the-agency-intends-to-explore-quantum-tech-for-sensor-applications (1/1), chunk 29/36
[07:00:00 +8m 1s | thequantuminsider_2023_10_02_nasa_deputy_administrator_pam_melroy_announces_at_quantum_wo_0fe51ca2] Extracting interactions: https://thequantuminsider.com/2023/10/02/nasa-deputy-administrator-pam-melroy-announces-at-quantum-world-congress-the-agency-intends-to-explore-quantum-tech-for-sensor-applications (1/1), chunk 30/36
[07:00:17 +8m 18s | thequantuminsider_2023_10_02_nasa_deputy_administrator_pam_melroy_announces_at_quantum_wo_0fe51ca2] Extracting interactions: https://thequantuminsider.com/2023/10/02/nasa-deputy-administrator-pam-melroy-announces-at-quantum-world-congress-the-agency-intends-to-explore-quantum-tech-for-sensor-applications (1/1), chunk 34/36
[07:00:19 +8m 20s | thequantuminsider_2023_10_02_nasa_deputy_administrator_pam_melroy_announces_at_quantum_wo_0fe51ca2] Extracting interactions: https://thequantuminsider.com/2023/10/02/nasa-deputy-administrator-pam-melroy-announces-at-quantum-world-congress-the-agency-intends-to-explore-quantum-tech-for-sensor-applications (1/1), chunk 35/36
[07:00:49 +8m 53s | thequantuminsider_2023_10_02_nasa_deputy_administrator_pam_melroy_announces_at_quantum_wo_0fe51ca2] Saved 3_interaction_results.json with 14 extracted interactions.

[07:00:50 +8m 53s | thequantuminsider_2023_10_02_nasa_deputy_administrator_pam_melroy_announces_at_quantum_wo_0fe51ca2] === 4 clean interactions ===
[07:00:50 +8m 53s | thequantuminsider_2023_10_02_nasa_deputy_administrator_pam_melroy_announces_at_quantum_wo_0fe51ca2] Saved 4_edges.json with 2 cleaned interactions.

[07:00:50 +8m 53s | thequantuminsider_2023_10_02_nasa_deputy_administrator_pam_melroy_announces_at_quantum_wo_0fe51ca2] === 5 helix enrichment ===
[07:00:50 +8m 53s | thequantuminsider_2023_10_02_nasa_deputy_administrator_pam_melroy_announces_at_quantum_wo_0fe51ca2] Wrote 5_nodes.json (11 actors)
[07:00:50 +8m 53s | thequantuminsider_2023_10_02_nasa_deputy_administrator_pam_melroy_announces_at_quantum_wo_0fe51ca2] Wrote 5_edges.json (2 interactions)
[07:00:50 +8m 53s | thequantuminsider_2023_10_02_nasa_deputy_administrator_pam_melroy_announces_at_quantum_wo_0fe51ca2] Actor helix counts: {'Academia': 1, 'Civil Society': 2, 'Government': 1, 'Industry': 1, 'Unknown': 6}
[07:00:50 +8m 53s | thequantuminsider_2023_10_02_nasa_deputy_administrator_pam_melroy_announces_at_quantum_wo_0fe51ca2] Functional-space counts: {'Unknown': 2}

[07:00:50 +8m 53s | thequantuminsider_2023_10_02_nasa_deputy_administrator_pam_melroy_announces_at_quantum_wo_0fe51ca2] === 6 network visualisation ===
[07:00:50 +8m 53s | thequantuminsider_2023_10_02_nasa_deputy_administrator_pam_melroy_announces_at_quantum_wo_0fe51ca2] Wrote quantum_network.html
[07:00:50 +8m 53s | thequantuminsider_2023_10_02_nasa_deputy_administrator_pam_melroy_announces_at_quantum_wo_0fe51ca2] Nodes: 11
[07:00:50 +8m 53s | thequantuminsider_2023_10_02_nasa_deputy_administrator_pam_melroy_announces_at_quantum_wo_0fe51ca2] Edges: 1

[07:00:50 +8m 53s | thequantuminsider_2023_10_02_nasa_deputy_administrator_pam_melroy_announces_at_quantum_wo_0fe51ca2] Done. Outputs written to: /home/lv/IDP/idpdeeptech/pipeline/news_outputs/thequantuminsider_2023_10_02_nasa_deputy_administrator_pam_melroy_announces_at_quantum_wo_0fe51ca2
[07:00:50 +8m 53s | thequantuminsider_2023_10_02_nasa_deputy_administrator_pam_melroy_announces_at_quantum_wo_0fe51ca2] Log: /home/lv/IDP/idpdeeptech/pipeline/news_outputs/thequantuminsider_2023_10_02_nasa_deputy_administrator_pam_melroy_announces_at_quantum_wo_0fe51ca2/run.log

========================================================================
RUN FINISHED 2026-07-05 07:00:50  (OK)
Started:     2026-07-05 06:52:33
Elapsed:     8m 53s
========================================================================
