
========================================================================
RUN STARTED  2026-07-05 03:17:33
site_pipeline.py https://thequantuminsider.com/2023/11/17/u-s-department-of-energy-announces-collaboration-for-quantum-technology-demonstrations-in-space/
========================================================================

[03:17:33 +0s | thequantuminsider_2023_11_17_u_s_department_of_energy_announces_collaboration_for_quantum_d7a3c46a] === 0 crawl site ===
[03:17:34 +1s | thequantuminsider_2023_11_17_u_s_department_of_energy_announces_collaboration_for_quantum_d7a3c46a] [INIT].... → Crawl4AI 0.8.6 
[03:17:37 +4s | thequantuminsider_2023_11_17_u_s_department_of_energy_announces_collaboration_for_quantum_d7a3c46a] [FETCH]... ↓ https://thequantuminsider.com/2023/11/17/u-s-dep...-for-quantum-technology-demonstrations-in-space/  | ✓ | ⏱: 2.38s 
[03:17:37 +4s | thequantuminsider_2023_11_17_u_s_department_of_energy_announces_collaboration_for_quantum_d7a3c46a] [SCRAPE].. ◆ https://thequantuminsider.com/2023/11/17/u-s-dep...-for-quantum-technology-demonstrations-in-space/  | ✓ | ⏱: 0.09s 
[03:17:37 +4s | thequantuminsider_2023_11_17_u_s_department_of_energy_announces_collaboration_for_quantum_d7a3c46a] [COMPLETE] ● https://thequantuminsider.com/2023/11/17/u-s-dep...-for-quantum-technology-demonstrations-in-space/  | ✓ | ⏱: 2.49s 
[03:17:37 +4s | thequantuminsider_2023_11_17_u_s_department_of_energy_announces_collaboration_for_quantum_d7a3c46a] Saved: crawl_output/45af471d0f_thequantuminsider.com_2023_11_17_u-s-department-of-energy-announces-collaboration-for-quantum-technology-demonstrations-in-space.json

[03:17:37 +4s | thequantuminsider_2023_11_17_u_s_department_of_energy_announces_collaboration_for_quantum_d7a3c46a] === 1 actor extraction ===
[03:17:37 +4s | thequantuminsider_2023_11_17_u_s_department_of_energy_announces_collaboration_for_quantum_d7a3c46a] Reading page (1/1): https://thequantuminsider.com/2023/11/17/u-s-department-of-energy-announces-collaboration-for-quantum-technology-demonstrations-in-space
[03:17:37 +4s | thequantuminsider_2023_11_17_u_s_department_of_energy_announces_collaboration_for_quantum_d7a3c46a] Extracting actors: https://thequantuminsider.com/2023/11/17/u-s-department-of-energy-announces-collaboration-for-quantum-technology-demonstrations-in-space (1/1), chunk 1/31
[03:17:41 +9s | thequantuminsider_2023_11_17_u_s_department_of_energy_announces_collaboration_for_quantum_d7a3c46a] Extracting actors: https://thequantuminsider.com/2023/11/17/u-s-department-of-energy-announces-collaboration-for-quantum-technology-demonstrations-in-space (1/1), chunk 2/31
[03:17:46 +14s | thequantuminsider_2023_11_17_u_s_department_of_energy_announces_collaboration_for_quantum_d7a3c46a] Extracting actors: https://thequantuminsider.com/2023/11/17/u-s-department-of-energy-announces-collaboration-for-quantum-technology-demonstrations-in-space (1/1), chunk 3/31
[03:17:50 +19s | thequantuminsider_2023_11_17_u_s_department_of_energy_announces_collaboration_for_quantum_d7a3c46a] Extracting actors: https://thequantuminsider.com/2023/11/17/u-s-department-of-energy-announces-collaboration-for-quantum-technology-demonstrations-in-space (1/1), chunk 4/31
[03:17:59 +28s | thequantuminsider_2023_11_17_u_s_department_of_energy_announces_collaboration_for_quantum_d7a3c46a] Extracting actors: https://thequantuminsider.com/2023/11/17/u-s-department-of-energy-announces-collaboration-for-quantum-technology-demonstrations-in-space (1/1), chunk 5/31
[03:18:04 +32s | thequantuminsider_2023_11_17_u_s_department_of_energy_announces_collaboration_for_quantum_d7a3c46a] Extracting actors: https://thequantuminsider.com/2023/11/17/u-s-department-of-energy-announces-collaboration-for-quantum-technology-demonstrations-in-space (1/1), chunk 6/31
[03:18:09 +37s | thequantuminsider_2023_11_17_u_s_department_of_energy_announces_collaboration_for_quantum_d7a3c46a] Extracting actors: https://thequantuminsider.com/2023/11/17/u-s-department-of-energy-announces-collaboration-for-quantum-technology-demonstrations-in-space (1/1), chunk 7/31
[03:18:14 +43s | thequantuminsider_2023_11_17_u_s_department_of_energy_announces_collaboration_for_quantum_d7a3c46a] Extracting actors: https://thequantuminsider.com/2023/11/17/u-s-department-of-energy-announces-collaboration-for-quantum-technology-demonstrations-in-space (1/1), chunk 8/31
[03:18:19 +47s | thequantuminsider_2023_11_17_u_s_department_of_energy_announces_collaboration_for_quantum_d7a3c46a] Extracting actors: https://thequantuminsider.com/2023/11/17/u-s-department-of-energy-announces-collaboration-for-quantum-technology-demonstrations-in-space (1/1), chunk 9/31
[03:18:22 +53s | thequantuminsider_2023_11_17_u_s_department_of_energy_announces_collaboration_for_quantum_d7a3c46a] Extracting actors: https://thequantuminsider.com/2023/11/17/u-s-department-of-energy-announces-collaboration-for-quantum-technology-demonstrations-in-space (1/1), chunk 10/31
[03:18:27 +57s | thequantuminsider_2023_11_17_u_s_department_of_energy_announces_collaboration_for_quantum_d7a3c46a] Extracting actors: https://thequantuminsider.com/2023/11/17/u-s-department-of-energy-announces-collaboration-for-quantum-technology-demonstrations-in-space (1/1), chunk 11/31
[03:18:33 +1m 4s | thequantuminsider_2023_11_17_u_s_department_of_energy_announces_collaboration_for_quantum_d7a3c46a] Repaired malformed JSON.
[03:18:33 +1m 4s | thequantuminsider_2023_11_17_u_s_department_of_energy_announces_collaboration_for_quantum_d7a3c46a] Extracting actors: https://thequantuminsider.com/2023/11/17/u-s-department-of-energy-announces-collaboration-for-quantum-technology-demonstrations-in-space (1/1), chunk 12/31
[03:18:40 +1m 10s | thequantuminsider_2023_11_17_u_s_department_of_energy_announces_collaboration_for_quantum_d7a3c46a] Repaired malformed JSON.
[03:18:40 +1m 10s | thequantuminsider_2023_11_17_u_s_department_of_energy_announces_collaboration_for_quantum_d7a3c46a] Extracting actors: https://thequantuminsider.com/2023/11/17/u-s-department-of-energy-announces-collaboration-for-quantum-technology-demonstrations-in-space (1/1), chunk 13/31
[03:18:46 +1m 16s | thequantuminsider_2023_11_17_u_s_department_of_energy_announces_collaboration_for_quantum_d7a3c46a] Repaired malformed JSON.
[03:18:46 +1m 16s | thequantuminsider_2023_11_17_u_s_department_of_energy_announces_collaboration_for_quantum_d7a3c46a] Extracting actors: https://thequantuminsider.com/2023/11/17/u-s-department-of-energy-announces-collaboration-for-quantum-technology-demonstrations-in-space (1/1), chunk 14/31
[03:18:55 +1m 26s | thequantuminsider_2023_11_17_u_s_department_of_energy_announces_collaboration_for_quantum_d7a3c46a] Repaired malformed JSON.
[03:18:55 +1m 26s | thequantuminsider_2023_11_17_u_s_department_of_energy_announces_collaboration_for_quantum_d7a3c46a] Extracting actors: https://thequantuminsider.com/2023/11/17/u-s-department-of-energy-announces-collaboration-for-quantum-technology-demonstrations-in-space (1/1), chunk 15/31
[03:19:04 +1m 36s | thequantuminsider_2023_11_17_u_s_department_of_energy_announces_collaboration_for_quantum_d7a3c46a] Repaired malformed JSON.
[03:19:04 +1m 36s | thequantuminsider_2023_11_17_u_s_department_of_energy_announces_collaboration_for_quantum_d7a3c46a] Extracting actors: https://thequantuminsider.com/2023/11/17/u-s-department-of-energy-announces-collaboration-for-quantum-technology-demonstrations-in-space (1/1), chunk 16/31
[03:19:12 +1m 43s | thequantuminsider_2023_11_17_u_s_department_of_energy_announces_collaboration_for_quantum_d7a3c46a] Repaired malformed JSON.
[03:19:12 +1m 43s | thequantuminsider_2023_11_17_u_s_department_of_energy_announces_collaboration_for_quantum_d7a3c46a] Extracting actors: https://thequantuminsider.com/2023/11/17/u-s-department-of-energy-announces-collaboration-for-quantum-technology-demonstrations-in-space (1/1), chunk 17/31
[03:19:16 +1m 48s | thequantuminsider_2023_11_17_u_s_department_of_energy_announces_collaboration_for_quantum_d7a3c46a] Extracting actors: https://thequantuminsider.com/2023/11/17/u-s-department-of-energy-announces-collaboration-for-quantum-technology-demonstrations-in-space (1/1), chunk 18/31
[03:19:22 +1m 53s | thequantuminsider_2023_11_17_u_s_department_of_energy_announces_collaboration_for_quantum_d7a3c46a] Extracting actors: https://thequantuminsider.com/2023/11/17/u-s-department-of-energy-announces-collaboration-for-quantum-technology-demonstrations-in-space (1/1), chunk 19/31
[03:19:30 +2m 3s | thequantuminsider_2023_11_17_u_s_department_of_energy_announces_collaboration_for_quantum_d7a3c46a] Repaired malformed JSON.
[03:19:30 +2m 3s | thequantuminsider_2023_11_17_u_s_department_of_energy_announces_collaboration_for_quantum_d7a3c46a] Extracting actors: https://thequantuminsider.com/2023/11/17/u-s-department-of-energy-announces-collaboration-for-quantum-technology-demonstrations-in-space (1/1), chunk 20/31
[03:19:57 +2m 32s | thequantuminsider_2023_11_17_u_s_department_of_energy_announces_collaboration_for_quantum_d7a3c46a] Repaired malformed JSON.
[03:19:57 +2m 32s | thequantuminsider_2023_11_17_u_s_department_of_energy_announces_collaboration_for_quantum_d7a3c46a] Extracting actors: https://thequantuminsider.com/2023/11/17/u-s-department-of-energy-announces-collaboration-for-quantum-technology-demonstrations-in-space (1/1), chunk 21/31
[03:20:04 +2m 39s | thequantuminsider_2023_11_17_u_s_department_of_energy_announces_collaboration_for_quantum_d7a3c46a] Repaired malformed JSON.
[03:20:04 +2m 39s | thequantuminsider_2023_11_17_u_s_department_of_energy_announces_collaboration_for_quantum_d7a3c46a] Extracting actors: https://thequantuminsider.com/2023/11/17/u-s-department-of-energy-announces-collaboration-for-quantum-technology-demonstrations-in-space (1/1), chunk 22/31
[03:20:09 +2m 44s | thequantuminsider_2023_11_17_u_s_department_of_energy_announces_collaboration_for_quantum_d7a3c46a] Extracting actors: https://thequantuminsider.com/2023/11/17/u-s-department-of-energy-announces-collaboration-for-quantum-technology-demonstrations-in-space (1/1), chunk 23/31
[03:20:16 +2m 51s | thequantuminsider_2023_11_17_u_s_department_of_energy_announces_collaboration_for_quantum_d7a3c46a] Repaired malformed JSON.
[03:20:16 +2m 51s | thequantuminsider_2023_11_17_u_s_department_of_energy_announces_collaboration_for_quantum_d7a3c46a] Extracting actors: https://thequantuminsider.com/2023/11/17/u-s-department-of-energy-announces-collaboration-for-quantum-technology-demonstrations-in-space (1/1), chunk 24/31
[03:20:23 +2m 58s | thequantuminsider_2023_11_17_u_s_department_of_energy_announces_collaboration_for_quantum_d7a3c46a] Repaired malformed JSON.
[03:20:23 +2m 58s | thequantuminsider_2023_11_17_u_s_department_of_energy_announces_collaboration_for_quantum_d7a3c46a] Extracting actors: https://thequantuminsider.com/2023/11/17/u-s-department-of-energy-announces-collaboration-for-quantum-technology-demonstrations-in-space (1/1), chunk 25/31
[03:20:31 +3m 7s | thequantuminsider_2023_11_17_u_s_department_of_energy_announces_collaboration_for_quantum_d7a3c46a] Repaired malformed JSON.
[03:20:31 +3m 7s | thequantuminsider_2023_11_17_u_s_department_of_energy_announces_collaboration_for_quantum_d7a3c46a] Extracting actors: https://thequantuminsider.com/2023/11/17/u-s-department-of-energy-announces-collaboration-for-quantum-technology-demonstrations-in-space (1/1), chunk 26/31
[03:20:37 +3m 13s | thequantuminsider_2023_11_17_u_s_department_of_energy_announces_collaboration_for_quantum_d7a3c46a] Extracting actors: https://thequantuminsider.com/2023/11/17/u-s-department-of-energy-announces-collaboration-for-quantum-technology-demonstrations-in-space (1/1), chunk 27/31
[03:20:43 +3m 19s | thequantuminsider_2023_11_17_u_s_department_of_energy_announces_collaboration_for_quantum_d7a3c46a] Repaired malformed JSON.
[03:20:43 +3m 19s | thequantuminsider_2023_11_17_u_s_department_of_energy_announces_collaboration_for_quantum_d7a3c46a] Extracting actors: https://thequantuminsider.com/2023/11/17/u-s-department-of-energy-announces-collaboration-for-quantum-technology-demonstrations-in-space (1/1), chunk 28/31
[03:21:02 +3m 40s | thequantuminsider_2023_11_17_u_s_department_of_energy_announces_collaboration_for_quantum_d7a3c46a] Repaired malformed JSON.
[03:21:02 +3m 40s | thequantuminsider_2023_11_17_u_s_department_of_energy_announces_collaboration_for_quantum_d7a3c46a] Extracting actors: https://thequantuminsider.com/2023/11/17/u-s-department-of-energy-announces-collaboration-for-quantum-technology-demonstrations-in-space (1/1), chunk 29/31
[03:21:11 +3m 48s | thequantuminsider_2023_11_17_u_s_department_of_energy_announces_collaboration_for_quantum_d7a3c46a] Extracting actors: https://thequantuminsider.com/2023/11/17/u-s-department-of-energy-announces-collaboration-for-quantum-technology-demonstrations-in-space (1/1), chunk 30/31
[03:21:18 +3m 56s | thequantuminsider_2023_11_17_u_s_department_of_energy_announces_collaboration_for_quantum_d7a3c46a] Repaired malformed JSON.
[03:21:18 +3m 56s | thequantuminsider_2023_11_17_u_s_department_of_energy_announces_collaboration_for_quantum_d7a3c46a] Extracting actors: https://thequantuminsider.com/2023/11/17/u-s-department-of-energy-announces-collaboration-for-quantum-technology-demonstrations-in-space (1/1), chunk 31/31
[03:21:23 +4m 0s | thequantuminsider_2023_11_17_u_s_department_of_energy_announces_collaboration_for_quantum_d7a3c46a] Saved 1_actor_results.json with 46 extracted records

[03:21:23 +4m 0s | thequantuminsider_2023_11_17_u_s_department_of_energy_announces_collaboration_for_quantum_d7a3c46a] === 2 clean actors ===
[03:21:23 +4m 0s | thequantuminsider_2023_11_17_u_s_department_of_energy_announces_collaboration_for_quantum_d7a3c46a] Loaded 46 extracted records
[03:21:23 +4m 0s | thequantuminsider_2023_11_17_u_s_department_of_energy_announces_collaboration_for_quantum_d7a3c46a] Saved 2_actor_nodes.json with 15 canonical actor nodes

[03:21:23 +4m 0s | thequantuminsider_2023_11_17_u_s_department_of_energy_announces_collaboration_for_quantum_d7a3c46a] === 3 interaction extraction ===
[03:21:23 +4m 1s | thequantuminsider_2023_11_17_u_s_department_of_energy_announces_collaboration_for_quantum_d7a3c46a] Extracting interactions: https://thequantuminsider.com/2023/11/17/u-s-department-of-energy-announces-collaboration-for-quantum-technology-demonstrations-in-space (1/1), chunk 11/31
[03:22:05 +4m 46s | thequantuminsider_2023_11_17_u_s_department_of_energy_announces_collaboration_for_quantum_d7a3c46a] Extracting interactions: https://thequantuminsider.com/2023/11/17/u-s-department-of-energy-announces-collaboration-for-quantum-technology-demonstrations-in-space (1/1), chunk 12/31
[03:23:08 +5m 51s | thequantuminsider_2023_11_17_u_s_department_of_energy_announces_collaboration_for_quantum_d7a3c46a] Extracting interactions: https://thequantuminsider.com/2023/11/17/u-s-department-of-energy-announces-collaboration-for-quantum-technology-demonstrations-in-space (1/1), chunk 13/31
[03:24:10 +6m 57s | thequantuminsider_2023_11_17_u_s_department_of_energy_announces_collaboration_for_quantum_d7a3c46a] Extracting interactions: https://thequantuminsider.com/2023/11/17/u-s-department-of-energy-announces-collaboration-for-quantum-technology-demonstrations-in-space (1/1), chunk 14/31
[03:24:58 +7m 46s | thequantuminsider_2023_11_17_u_s_department_of_energy_announces_collaboration_for_quantum_d7a3c46a] Extracting interactions: https://thequantuminsider.com/2023/11/17/u-s-department-of-energy-announces-collaboration-for-quantum-technology-demonstrations-in-space (1/1), chunk 15/31
[03:25:08 +7m 58s | thequantuminsider_2023_11_17_u_s_department_of_energy_announces_collaboration_for_quantum_d7a3c46a] Extracting interactions: https://thequantuminsider.com/2023/11/17/u-s-department-of-energy-announces-collaboration-for-quantum-technology-demonstrations-in-space (1/1), chunk 16/31
[03:25:18 +8m 8s | thequantuminsider_2023_11_17_u_s_department_of_energy_announces_collaboration_for_quantum_d7a3c46a] Extracting interactions: https://thequantuminsider.com/2023/11/17/u-s-department-of-energy-announces-collaboration-for-quantum-technology-demonstrations-in-space (1/1), chunk 19/31
[03:25:24 +8m 14s | thequantuminsider_2023_11_17_u_s_department_of_energy_announces_collaboration_for_quantum_d7a3c46a] Extracting interactions: https://thequantuminsider.com/2023/11/17/u-s-department-of-energy-announces-collaboration-for-quantum-technology-demonstrations-in-space (1/1), chunk 20/31
[03:25:33 +8m 24s | thequantuminsider_2023_11_17_u_s_department_of_energy_announces_collaboration_for_quantum_d7a3c46a] Extracting interactions: https://thequantuminsider.com/2023/11/17/u-s-department-of-energy-announces-collaboration-for-quantum-technology-demonstrations-in-space (1/1), chunk 21/31
[03:25:42 +8m 33s | thequantuminsider_2023_11_17_u_s_department_of_energy_announces_collaboration_for_quantum_d7a3c46a] Extracting interactions: https://thequantuminsider.com/2023/11/17/u-s-department-of-energy-announces-collaboration-for-quantum-technology-demonstrations-in-space (1/1), chunk 23/31
[03:25:44 +8m 35s | thequantuminsider_2023_11_17_u_s_department_of_energy_announces_collaboration_for_quantum_d7a3c46a] Extracting interactions: https://thequantuminsider.com/2023/11/17/u-s-department-of-energy-announces-collaboration-for-quantum-technology-demonstrations-in-space (1/1), chunk 24/31
[03:25:46 +8m 37s | thequantuminsider_2023_11_17_u_s_department_of_energy_announces_collaboration_for_quantum_d7a3c46a] Extracting interactions: https://thequantuminsider.com/2023/11/17/u-s-department-of-energy-announces-collaboration-for-quantum-technology-demonstrations-in-space (1/1), chunk 25/31
[03:25:54 +8m 46s | thequantuminsider_2023_11_17_u_s_department_of_energy_announces_collaboration_for_quantum_d7a3c46a] Extracting interactions: https://thequantuminsider.com/2023/11/17/u-s-department-of-energy-announces-collaboration-for-quantum-technology-demonstrations-in-space (1/1), chunk 26/31
[03:26:00 +8m 52s | thequantuminsider_2023_11_17_u_s_department_of_energy_announces_collaboration_for_quantum_d7a3c46a] Saved 3_interaction_results.json with 34 extracted interactions.

[03:26:00 +8m 52s | thequantuminsider_2023_11_17_u_s_department_of_energy_announces_collaboration_for_quantum_d7a3c46a] === 4 clean interactions ===
[03:26:01 +8m 52s | thequantuminsider_2023_11_17_u_s_department_of_energy_announces_collaboration_for_quantum_d7a3c46a] Saved 4_edges.json with 4 cleaned interactions.

[03:26:01 +8m 52s | thequantuminsider_2023_11_17_u_s_department_of_energy_announces_collaboration_for_quantum_d7a3c46a] === 5 helix enrichment ===
[03:26:01 +8m 52s | thequantuminsider_2023_11_17_u_s_department_of_energy_announces_collaboration_for_quantum_d7a3c46a] Wrote 5_nodes.json (15 actors)
[03:26:01 +8m 52s | thequantuminsider_2023_11_17_u_s_department_of_energy_announces_collaboration_for_quantum_d7a3c46a] Wrote 5_edges.json (4 interactions)
[03:26:01 +8m 52s | thequantuminsider_2023_11_17_u_s_department_of_energy_announces_collaboration_for_quantum_d7a3c46a] Actor helix counts: {'Academia': 1, 'Civil Society': 3, 'Government': 5, 'Industry': 3, 'Intermediary': 1, 'Unknown': 2}
[03:26:01 +8m 52s | thequantuminsider_2023_11_17_u_s_department_of_energy_announces_collaboration_for_quantum_d7a3c46a] Functional-space counts: {'Intra-helix / Not classified': 1, 'Unknown': 3}

[03:26:01 +8m 52s | thequantuminsider_2023_11_17_u_s_department_of_energy_announces_collaboration_for_quantum_d7a3c46a] === 6 network visualisation ===
[03:26:01 +8m 52s | thequantuminsider_2023_11_17_u_s_department_of_energy_announces_collaboration_for_quantum_d7a3c46a] Wrote quantum_network.html
[03:26:01 +8m 52s | thequantuminsider_2023_11_17_u_s_department_of_energy_announces_collaboration_for_quantum_d7a3c46a] Nodes: 15
[03:26:01 +8m 52s | thequantuminsider_2023_11_17_u_s_department_of_energy_announces_collaboration_for_quantum_d7a3c46a] Edges: 3

[03:26:01 +8m 52s | thequantuminsider_2023_11_17_u_s_department_of_energy_announces_collaboration_for_quantum_d7a3c46a] Done. Outputs written to: /home/lv/IDP/idpdeeptech/pipeline/news_outputs/thequantuminsider_2023_11_17_u_s_department_of_energy_announces_collaboration_for_quantum_d7a3c46a
[03:26:01 +8m 52s | thequantuminsider_2023_11_17_u_s_department_of_energy_announces_collaboration_for_quantum_d7a3c46a] Log: /home/lv/IDP/idpdeeptech/pipeline/news_outputs/thequantuminsider_2023_11_17_u_s_department_of_energy_announces_collaboration_for_quantum_d7a3c46a/run.log

========================================================================
RUN FINISHED 2026-07-05 03:26:01  (OK)
Started:     2026-07-05 03:17:33
Elapsed:     8m 52s
========================================================================
