
========================================================================
RUN STARTED  2026-07-05 08:10:35
site_pipeline.py https://thequantuminsider.com/2023/09/20/rigetti-computing-awarded-five-year-contract-with-air-force-research-lab-for-quantum-foundry-services/
========================================================================

[08:10:35 +0s | thequantuminsider_2023_09_20_rigetti_computing_awarded_five_year_contract_with_air_force_ebb8c339] === 0 crawl site ===
[08:10:34 +1s | thequantuminsider_2023_09_20_rigetti_computing_awarded_five_year_contract_with_air_force_ebb8c339] [INIT].... → Crawl4AI 0.8.6 
[08:10:37 +4s | thequantuminsider_2023_09_20_rigetti_computing_awarded_five_year_contract_with_air_force_ebb8c339] [FETCH]... ↓ https://thequantuminsider.com/2023/09/20/rigetti...force-research-lab-for-quantum-foundry-services/  | ✓ | ⏱: 3.00s 
[08:10:37 +5s | thequantuminsider_2023_09_20_rigetti_computing_awarded_five_year_contract_with_air_force_ebb8c339] [SCRAPE].. ◆ https://thequantuminsider.com/2023/09/20/rigetti...force-research-lab-for-quantum-foundry-services/  | ✓ | ⏱: 0.14s 
[08:10:37 +5s | thequantuminsider_2023_09_20_rigetti_computing_awarded_five_year_contract_with_air_force_ebb8c339] [COMPLETE] ● https://thequantuminsider.com/2023/09/20/rigetti...force-research-lab-for-quantum-foundry-services/  | ✓ | ⏱: 3.18s 
[08:10:37 +5s | thequantuminsider_2023_09_20_rigetti_computing_awarded_five_year_contract_with_air_force_ebb8c339] Saved: crawl_output/a504849af0_thequantuminsider.com_2023_09_20_rigetti-computing-awarded-five-year-contract-with-air-force-research-lab-for-quantum-foundry-services.json

[08:10:38 +5s | thequantuminsider_2023_09_20_rigetti_computing_awarded_five_year_contract_with_air_force_ebb8c339] === 1 actor extraction ===
[08:10:38 +5s | thequantuminsider_2023_09_20_rigetti_computing_awarded_five_year_contract_with_air_force_ebb8c339] Reading page (1/1): https://thequantuminsider.com/2023/09/20/rigetti-computing-awarded-five-year-contract-with-air-force-research-lab-for-quantum-foundry-services
[08:10:38 +5s | thequantuminsider_2023_09_20_rigetti_computing_awarded_five_year_contract_with_air_force_ebb8c339] Extracting actors: https://thequantuminsider.com/2023/09/20/rigetti-computing-awarded-five-year-contract-with-air-force-research-lab-for-quantum-foundry-services (1/1), chunk 1/36
[08:10:43 +11s | thequantuminsider_2023_09_20_rigetti_computing_awarded_five_year_contract_with_air_force_ebb8c339] Repaired malformed JSON.
[08:10:43 +11s | thequantuminsider_2023_09_20_rigetti_computing_awarded_five_year_contract_with_air_force_ebb8c339] Extracting actors: https://thequantuminsider.com/2023/09/20/rigetti-computing-awarded-five-year-contract-with-air-force-research-lab-for-quantum-foundry-services (1/1), chunk 2/36
[08:10:49 +17s | thequantuminsider_2023_09_20_rigetti_computing_awarded_five_year_contract_with_air_force_ebb8c339] Repaired malformed JSON.
[08:10:49 +17s | thequantuminsider_2023_09_20_rigetti_computing_awarded_five_year_contract_with_air_force_ebb8c339] Extracting actors: https://thequantuminsider.com/2023/09/20/rigetti-computing-awarded-five-year-contract-with-air-force-research-lab-for-quantum-foundry-services (1/1), chunk 3/36
[08:10:58 +26s | thequantuminsider_2023_09_20_rigetti_computing_awarded_five_year_contract_with_air_force_ebb8c339] Repaired malformed JSON.
[08:10:58 +26s | thequantuminsider_2023_09_20_rigetti_computing_awarded_five_year_contract_with_air_force_ebb8c339] Extracting actors: https://thequantuminsider.com/2023/09/20/rigetti-computing-awarded-five-year-contract-with-air-force-research-lab-for-quantum-foundry-services (1/1), chunk 4/36
[08:11:05 +35s | thequantuminsider_2023_09_20_rigetti_computing_awarded_five_year_contract_with_air_force_ebb8c339] Repaired malformed JSON.
[08:11:05 +35s | thequantuminsider_2023_09_20_rigetti_computing_awarded_five_year_contract_with_air_force_ebb8c339] Extracting actors: https://thequantuminsider.com/2023/09/20/rigetti-computing-awarded-five-year-contract-with-air-force-research-lab-for-quantum-foundry-services (1/1), chunk 5/36
[08:11:28 +58s | thequantuminsider_2023_09_20_rigetti_computing_awarded_five_year_contract_with_air_force_ebb8c339] Repaired malformed JSON.
[08:11:28 +58s | thequantuminsider_2023_09_20_rigetti_computing_awarded_five_year_contract_with_air_force_ebb8c339] Extracting actors: https://thequantuminsider.com/2023/09/20/rigetti-computing-awarded-five-year-contract-with-air-force-research-lab-for-quantum-foundry-services (1/1), chunk 6/36
[08:11:33 +1m 5s | thequantuminsider_2023_09_20_rigetti_computing_awarded_five_year_contract_with_air_force_ebb8c339] Repaired malformed JSON.
[08:11:33 +1m 5s | thequantuminsider_2023_09_20_rigetti_computing_awarded_five_year_contract_with_air_force_ebb8c339] Extracting actors: https://thequantuminsider.com/2023/09/20/rigetti-computing-awarded-five-year-contract-with-air-force-research-lab-for-quantum-foundry-services (1/1), chunk 7/36
[08:11:41 +1m 13s | thequantuminsider_2023_09_20_rigetti_computing_awarded_five_year_contract_with_air_force_ebb8c339] Repaired malformed JSON.
[08:11:41 +1m 13s | thequantuminsider_2023_09_20_rigetti_computing_awarded_five_year_contract_with_air_force_ebb8c339] Extracting actors: https://thequantuminsider.com/2023/09/20/rigetti-computing-awarded-five-year-contract-with-air-force-research-lab-for-quantum-foundry-services (1/1), chunk 8/36
[08:11:50 +1m 22s | thequantuminsider_2023_09_20_rigetti_computing_awarded_five_year_contract_with_air_force_ebb8c339] Repaired malformed JSON.
[08:11:50 +1m 22s | thequantuminsider_2023_09_20_rigetti_computing_awarded_five_year_contract_with_air_force_ebb8c339] Extracting actors: https://thequantuminsider.com/2023/09/20/rigetti-computing-awarded-five-year-contract-with-air-force-research-lab-for-quantum-foundry-services (1/1), chunk 9/36
[08:11:59 +1m 31s | thequantuminsider_2023_09_20_rigetti_computing_awarded_five_year_contract_with_air_force_ebb8c339] Repaired malformed JSON.
[08:11:59 +1m 31s | thequantuminsider_2023_09_20_rigetti_computing_awarded_five_year_contract_with_air_force_ebb8c339] Extracting actors: https://thequantuminsider.com/2023/09/20/rigetti-computing-awarded-five-year-contract-with-air-force-research-lab-for-quantum-foundry-services (1/1), chunk 10/36
[08:12:03 +1m 38s | thequantuminsider_2023_09_20_rigetti_computing_awarded_five_year_contract_with_air_force_ebb8c339] Repaired malformed JSON.
[08:12:03 +1m 38s | thequantuminsider_2023_09_20_rigetti_computing_awarded_five_year_contract_with_air_force_ebb8c339] Extracting actors: https://thequantuminsider.com/2023/09/20/rigetti-computing-awarded-five-year-contract-with-air-force-research-lab-for-quantum-foundry-services (1/1), chunk 11/36
[08:12:10 +1m 45s | thequantuminsider_2023_09_20_rigetti_computing_awarded_five_year_contract_with_air_force_ebb8c339] Repaired malformed JSON.
[08:12:10 +1m 45s | thequantuminsider_2023_09_20_rigetti_computing_awarded_five_year_contract_with_air_force_ebb8c339] Extracting actors: https://thequantuminsider.com/2023/09/20/rigetti-computing-awarded-five-year-contract-with-air-force-research-lab-for-quantum-foundry-services (1/1), chunk 12/36
[08:12:19 +1m 54s | thequantuminsider_2023_09_20_rigetti_computing_awarded_five_year_contract_with_air_force_ebb8c339] Repaired malformed JSON.
[08:12:19 +1m 54s | thequantuminsider_2023_09_20_rigetti_computing_awarded_five_year_contract_with_air_force_ebb8c339] Extracting actors: https://thequantuminsider.com/2023/09/20/rigetti-computing-awarded-five-year-contract-with-air-force-research-lab-for-quantum-foundry-services (1/1), chunk 13/36
[08:12:26 +2m 1s | thequantuminsider_2023_09_20_rigetti_computing_awarded_five_year_contract_with_air_force_ebb8c339] Repaired malformed JSON.
[08:12:26 +2m 1s | thequantuminsider_2023_09_20_rigetti_computing_awarded_five_year_contract_with_air_force_ebb8c339] Extracting actors: https://thequantuminsider.com/2023/09/20/rigetti-computing-awarded-five-year-contract-with-air-force-research-lab-for-quantum-foundry-services (1/1), chunk 14/36
[08:12:34 +2m 11s | thequantuminsider_2023_09_20_rigetti_computing_awarded_five_year_contract_with_air_force_ebb8c339] Repaired malformed JSON.
[08:12:34 +2m 11s | thequantuminsider_2023_09_20_rigetti_computing_awarded_five_year_contract_with_air_force_ebb8c339] Extracting actors: https://thequantuminsider.com/2023/09/20/rigetti-computing-awarded-five-year-contract-with-air-force-research-lab-for-quantum-foundry-services (1/1), chunk 15/36
[08:12:44 +2m 22s | thequantuminsider_2023_09_20_rigetti_computing_awarded_five_year_contract_with_air_force_ebb8c339] Repaired malformed JSON.
[08:12:44 +2m 22s | thequantuminsider_2023_09_20_rigetti_computing_awarded_five_year_contract_with_air_force_ebb8c339] Extracting actors: https://thequantuminsider.com/2023/09/20/rigetti-computing-awarded-five-year-contract-with-air-force-research-lab-for-quantum-foundry-services (1/1), chunk 16/36
[08:12:59 +2m 36s | thequantuminsider_2023_09_20_rigetti_computing_awarded_five_year_contract_with_air_force_ebb8c339] Repaired malformed JSON.
[08:12:59 +2m 36s | thequantuminsider_2023_09_20_rigetti_computing_awarded_five_year_contract_with_air_force_ebb8c339] Extracting actors: https://thequantuminsider.com/2023/09/20/rigetti-computing-awarded-five-year-contract-with-air-force-research-lab-for-quantum-foundry-services (1/1), chunk 17/36
[08:13:24 +3m 4s | thequantuminsider_2023_09_20_rigetti_computing_awarded_five_year_contract_with_air_force_ebb8c339] Repaired malformed JSON.
[08:13:24 +3m 4s | thequantuminsider_2023_09_20_rigetti_computing_awarded_five_year_contract_with_air_force_ebb8c339] Extracting actors: https://thequantuminsider.com/2023/09/20/rigetti-computing-awarded-five-year-contract-with-air-force-research-lab-for-quantum-foundry-services (1/1), chunk 18/36
[08:13:32 +3m 12s | thequantuminsider_2023_09_20_rigetti_computing_awarded_five_year_contract_with_air_force_ebb8c339] Repaired malformed JSON.
[08:13:32 +3m 12s | thequantuminsider_2023_09_20_rigetti_computing_awarded_five_year_contract_with_air_force_ebb8c339] Extracting actors: https://thequantuminsider.com/2023/09/20/rigetti-computing-awarded-five-year-contract-with-air-force-research-lab-for-quantum-foundry-services (1/1), chunk 19/36
[08:13:39 +3m 22s | thequantuminsider_2023_09_20_rigetti_computing_awarded_five_year_contract_with_air_force_ebb8c339] Repaired malformed JSON.
[08:13:39 +3m 22s | thequantuminsider_2023_09_20_rigetti_computing_awarded_five_year_contract_with_air_force_ebb8c339] Extracting actors: https://thequantuminsider.com/2023/09/20/rigetti-computing-awarded-five-year-contract-with-air-force-research-lab-for-quantum-foundry-services (1/1), chunk 20/36
[08:13:46 +3m 28s | thequantuminsider_2023_09_20_rigetti_computing_awarded_five_year_contract_with_air_force_ebb8c339] Repaired malformed JSON.
[08:13:46 +3m 28s | thequantuminsider_2023_09_20_rigetti_computing_awarded_five_year_contract_with_air_force_ebb8c339] Extracting actors: https://thequantuminsider.com/2023/09/20/rigetti-computing-awarded-five-year-contract-with-air-force-research-lab-for-quantum-foundry-services (1/1), chunk 21/36
[08:13:52 +3m 34s | thequantuminsider_2023_09_20_rigetti_computing_awarded_five_year_contract_with_air_force_ebb8c339] Repaired malformed JSON.
[08:13:52 +3m 34s | thequantuminsider_2023_09_20_rigetti_computing_awarded_five_year_contract_with_air_force_ebb8c339] Extracting actors: https://thequantuminsider.com/2023/09/20/rigetti-computing-awarded-five-year-contract-with-air-force-research-lab-for-quantum-foundry-services (1/1), chunk 22/36
[08:14:00 +3m 42s | thequantuminsider_2023_09_20_rigetti_computing_awarded_five_year_contract_with_air_force_ebb8c339] Repaired malformed JSON.
[08:14:00 +3m 42s | thequantuminsider_2023_09_20_rigetti_computing_awarded_five_year_contract_with_air_force_ebb8c339] Extracting actors: https://thequantuminsider.com/2023/09/20/rigetti-computing-awarded-five-year-contract-with-air-force-research-lab-for-quantum-foundry-services (1/1), chunk 23/36
[08:14:20 +4m 4s | thequantuminsider_2023_09_20_rigetti_computing_awarded_five_year_contract_with_air_force_ebb8c339] Repaired malformed JSON.
[08:14:20 +4m 4s | thequantuminsider_2023_09_20_rigetti_computing_awarded_five_year_contract_with_air_force_ebb8c339] Extracting actors: https://thequantuminsider.com/2023/09/20/rigetti-computing-awarded-five-year-contract-with-air-force-research-lab-for-quantum-foundry-services (1/1), chunk 24/36
[08:14:25 +4m 10s | thequantuminsider_2023_09_20_rigetti_computing_awarded_five_year_contract_with_air_force_ebb8c339] Extracting actors: https://thequantuminsider.com/2023/09/20/rigetti-computing-awarded-five-year-contract-with-air-force-research-lab-for-quantum-foundry-services (1/1), chunk 25/36
[08:14:33 +4m 18s | thequantuminsider_2023_09_20_rigetti_computing_awarded_five_year_contract_with_air_force_ebb8c339] Repaired malformed JSON.
[08:14:33 +4m 18s | thequantuminsider_2023_09_20_rigetti_computing_awarded_five_year_contract_with_air_force_ebb8c339] Extracting actors: https://thequantuminsider.com/2023/09/20/rigetti-computing-awarded-five-year-contract-with-air-force-research-lab-for-quantum-foundry-services (1/1), chunk 26/36
[08:14:37 +4m 24s | thequantuminsider_2023_09_20_rigetti_computing_awarded_five_year_contract_with_air_force_ebb8c339] Extracting actors: https://thequantuminsider.com/2023/09/20/rigetti-computing-awarded-five-year-contract-with-air-force-research-lab-for-quantum-foundry-services (1/1), chunk 27/36
[08:14:46 +4m 34s | thequantuminsider_2023_09_20_rigetti_computing_awarded_five_year_contract_with_air_force_ebb8c339] Repaired malformed JSON.
[08:14:46 +4m 34s | thequantuminsider_2023_09_20_rigetti_computing_awarded_five_year_contract_with_air_force_ebb8c339] Extracting actors: https://thequantuminsider.com/2023/09/20/rigetti-computing-awarded-five-year-contract-with-air-force-research-lab-for-quantum-foundry-services (1/1), chunk 28/36
[08:15:07 +4m 57s | thequantuminsider_2023_09_20_rigetti_computing_awarded_five_year_contract_with_air_force_ebb8c339] Repaired malformed JSON.
[08:15:07 +4m 57s | thequantuminsider_2023_09_20_rigetti_computing_awarded_five_year_contract_with_air_force_ebb8c339] Extracting actors: https://thequantuminsider.com/2023/09/20/rigetti-computing-awarded-five-year-contract-with-air-force-research-lab-for-quantum-foundry-services (1/1), chunk 29/36
[08:15:15 +5m 5s | thequantuminsider_2023_09_20_rigetti_computing_awarded_five_year_contract_with_air_force_ebb8c339] Repaired malformed JSON.
[08:15:15 +5m 5s | thequantuminsider_2023_09_20_rigetti_computing_awarded_five_year_contract_with_air_force_ebb8c339] Extracting actors: https://thequantuminsider.com/2023/09/20/rigetti-computing-awarded-five-year-contract-with-air-force-research-lab-for-quantum-foundry-services (1/1), chunk 30/36
[08:15:35 +5m 27s | thequantuminsider_2023_09_20_rigetti_computing_awarded_five_year_contract_with_air_force_ebb8c339] Repaired malformed JSON.
[08:15:35 +5m 27s | thequantuminsider_2023_09_20_rigetti_computing_awarded_five_year_contract_with_air_force_ebb8c339] Extracting actors: https://thequantuminsider.com/2023/09/20/rigetti-computing-awarded-five-year-contract-with-air-force-research-lab-for-quantum-foundry-services (1/1), chunk 31/36
[08:15:42 +5m 34s | thequantuminsider_2023_09_20_rigetti_computing_awarded_five_year_contract_with_air_force_ebb8c339] Repaired malformed JSON.
[08:15:42 +5m 34s | thequantuminsider_2023_09_20_rigetti_computing_awarded_five_year_contract_with_air_force_ebb8c339] Extracting actors: https://thequantuminsider.com/2023/09/20/rigetti-computing-awarded-five-year-contract-with-air-force-research-lab-for-quantum-foundry-services (1/1), chunk 32/36
[08:16:05 +6m 0s | thequantuminsider_2023_09_20_rigetti_computing_awarded_five_year_contract_with_air_force_ebb8c339] Repaired malformed JSON.
[08:16:05 +6m 0s | thequantuminsider_2023_09_20_rigetti_computing_awarded_five_year_contract_with_air_force_ebb8c339] Extracting actors: https://thequantuminsider.com/2023/09/20/rigetti-computing-awarded-five-year-contract-with-air-force-research-lab-for-quantum-foundry-services (1/1), chunk 33/36
[08:16:15 +6m 10s | thequantuminsider_2023_09_20_rigetti_computing_awarded_five_year_contract_with_air_force_ebb8c339] Repaired malformed JSON.
[08:16:15 +6m 10s | thequantuminsider_2023_09_20_rigetti_computing_awarded_five_year_contract_with_air_force_ebb8c339] Extracting actors: https://thequantuminsider.com/2023/09/20/rigetti-computing-awarded-five-year-contract-with-air-force-research-lab-for-quantum-foundry-services (1/1), chunk 34/36
[08:16:27 +6m 22s | thequantuminsider_2023_09_20_rigetti_computing_awarded_five_year_contract_with_air_force_ebb8c339] Repaired malformed JSON.
[08:16:27 +6m 22s | thequantuminsider_2023_09_20_rigetti_computing_awarded_five_year_contract_with_air_force_ebb8c339] Extracting actors: https://thequantuminsider.com/2023/09/20/rigetti-computing-awarded-five-year-contract-with-air-force-research-lab-for-quantum-foundry-services (1/1), chunk 35/36
[08:16:41 +6m 38s | thequantuminsider_2023_09_20_rigetti_computing_awarded_five_year_contract_with_air_force_ebb8c339] Repaired malformed JSON.
[08:16:41 +6m 38s | thequantuminsider_2023_09_20_rigetti_computing_awarded_five_year_contract_with_air_force_ebb8c339] Extracting actors: https://thequantuminsider.com/2023/09/20/rigetti-computing-awarded-five-year-contract-with-air-force-research-lab-for-quantum-foundry-services (1/1), chunk 36/36
[08:16:49 +6m 46s | thequantuminsider_2023_09_20_rigetti_computing_awarded_five_year_contract_with_air_force_ebb8c339] Repaired malformed JSON.
[08:16:49 +6m 46s | thequantuminsider_2023_09_20_rigetti_computing_awarded_five_year_contract_with_air_force_ebb8c339] Saved 1_actor_results.json with 68 extracted records

[08:16:49 +6m 46s | thequantuminsider_2023_09_20_rigetti_computing_awarded_five_year_contract_with_air_force_ebb8c339] === 2 clean actors ===
[08:16:49 +6m 46s | thequantuminsider_2023_09_20_rigetti_computing_awarded_five_year_contract_with_air_force_ebb8c339] Loaded 68 extracted records
[08:16:49 +6m 46s | thequantuminsider_2023_09_20_rigetti_computing_awarded_five_year_contract_with_air_force_ebb8c339] Saved 2_actor_nodes.json with 12 canonical actor nodes

[08:16:49 +6m 46s | thequantuminsider_2023_09_20_rigetti_computing_awarded_five_year_contract_with_air_force_ebb8c339] === 3 interaction extraction ===
[08:16:49 +6m 47s | thequantuminsider_2023_09_20_rigetti_computing_awarded_five_year_contract_with_air_force_ebb8c339] Extracting interactions: https://thequantuminsider.com/2023/09/20/rigetti-computing-awarded-five-year-contract-with-air-force-research-lab-for-quantum-foundry-services (1/1), chunk 11/36
[08:17:02 +7m 2s | thequantuminsider_2023_09_20_rigetti_computing_awarded_five_year_contract_with_air_force_ebb8c339] Extracting interactions: https://thequantuminsider.com/2023/09/20/rigetti-computing-awarded-five-year-contract-with-air-force-research-lab-for-quantum-foundry-services (1/1), chunk 12/36
[08:17:21 +7m 21s | thequantuminsider_2023_09_20_rigetti_computing_awarded_five_year_contract_with_air_force_ebb8c339] Extracting interactions: https://thequantuminsider.com/2023/09/20/rigetti-computing-awarded-five-year-contract-with-air-force-research-lab-for-quantum-foundry-services (1/1), chunk 13/36
[08:17:49 +7m 52s | thequantuminsider_2023_09_20_rigetti_computing_awarded_five_year_contract_with_air_force_ebb8c339] Extracting interactions: https://thequantuminsider.com/2023/09/20/rigetti-computing-awarded-five-year-contract-with-air-force-research-lab-for-quantum-foundry-services (1/1), chunk 14/36
[08:18:00 +8m 3s | thequantuminsider_2023_09_20_rigetti_computing_awarded_five_year_contract_with_air_force_ebb8c339] Extracting interactions: https://thequantuminsider.com/2023/09/20/rigetti-computing-awarded-five-year-contract-with-air-force-research-lab-for-quantum-foundry-services (1/1), chunk 15/36
[08:18:07 +8m 12s | thequantuminsider_2023_09_20_rigetti_computing_awarded_five_year_contract_with_air_force_ebb8c339] Extracting interactions: https://thequantuminsider.com/2023/09/20/rigetti-computing-awarded-five-year-contract-with-air-force-research-lab-for-quantum-foundry-services (1/1), chunk 16/36
[08:18:35 +8m 43s | thequantuminsider_2023_09_20_rigetti_computing_awarded_five_year_contract_with_air_force_ebb8c339] Extracting interactions: https://thequantuminsider.com/2023/09/20/rigetti-computing-awarded-five-year-contract-with-air-force-research-lab-for-quantum-foundry-services (1/1), chunk 19/36
[08:18:44 +8m 51s | thequantuminsider_2023_09_20_rigetti_computing_awarded_five_year_contract_with_air_force_ebb8c339] Extracting interactions: https://thequantuminsider.com/2023/09/20/rigetti-computing-awarded-five-year-contract-with-air-force-research-lab-for-quantum-foundry-services (1/1), chunk 20/36
[08:18:53 +9m 0s | thequantuminsider_2023_09_20_rigetti_computing_awarded_five_year_contract_with_air_force_ebb8c339] Extracting interactions: https://thequantuminsider.com/2023/09/20/rigetti-computing-awarded-five-year-contract-with-air-force-research-lab-for-quantum-foundry-services (1/1), chunk 25/36
[08:18:58 +9m 6s | thequantuminsider_2023_09_20_rigetti_computing_awarded_five_year_contract_with_air_force_ebb8c339] Extracting interactions: https://thequantuminsider.com/2023/09/20/rigetti-computing-awarded-five-year-contract-with-air-force-research-lab-for-quantum-foundry-services (1/1), chunk 29/36
[08:19:00 +9m 8s | thequantuminsider_2023_09_20_rigetti_computing_awarded_five_year_contract_with_air_force_ebb8c339] Extracting interactions: https://thequantuminsider.com/2023/09/20/rigetti-computing-awarded-five-year-contract-with-air-force-research-lab-for-quantum-foundry-services (1/1), chunk 30/36
[08:19:01 +9m 9s | thequantuminsider_2023_09_20_rigetti_computing_awarded_five_year_contract_with_air_force_ebb8c339] Extracting interactions: https://thequantuminsider.com/2023/09/20/rigetti-computing-awarded-five-year-contract-with-air-force-research-lab-for-quantum-foundry-services (1/1), chunk 34/36
[08:19:04 +9m 14s | thequantuminsider_2023_09_20_rigetti_computing_awarded_five_year_contract_with_air_force_ebb8c339] Extracting interactions: https://thequantuminsider.com/2023/09/20/rigetti-computing-awarded-five-year-contract-with-air-force-research-lab-for-quantum-foundry-services (1/1), chunk 35/36
[08:19:05 +9m 15s | thequantuminsider_2023_09_20_rigetti_computing_awarded_five_year_contract_with_air_force_ebb8c339] Saved 3_interaction_results.json with 22 extracted interactions.

[08:19:05 +9m 15s | thequantuminsider_2023_09_20_rigetti_computing_awarded_five_year_contract_with_air_force_ebb8c339] === 4 clean interactions ===
[08:19:05 +9m 15s | thequantuminsider_2023_09_20_rigetti_computing_awarded_five_year_contract_with_air_force_ebb8c339] Saved 4_edges.json with 3 cleaned interactions.

[08:19:05 +9m 15s | thequantuminsider_2023_09_20_rigetti_computing_awarded_five_year_contract_with_air_force_ebb8c339] === 5 helix enrichment ===
[08:19:05 +9m 15s | thequantuminsider_2023_09_20_rigetti_computing_awarded_five_year_contract_with_air_force_ebb8c339] Wrote 5_nodes.json (12 actors)
[08:19:05 +9m 15s | thequantuminsider_2023_09_20_rigetti_computing_awarded_five_year_contract_with_air_force_ebb8c339] Wrote 5_edges.json (3 interactions)
[08:19:05 +9m 15s | thequantuminsider_2023_09_20_rigetti_computing_awarded_five_year_contract_with_air_force_ebb8c339] Actor helix counts: {'Academia': 2, 'Civil Society': 3, 'Government': 2, 'Industry': 2, 'Unknown': 3}
[08:19:05 +9m 15s | thequantuminsider_2023_09_20_rigetti_computing_awarded_five_year_contract_with_air_force_ebb8c339] Functional-space counts: {'Consensus': 3}

[08:19:05 +9m 15s | thequantuminsider_2023_09_20_rigetti_computing_awarded_five_year_contract_with_air_force_ebb8c339] === 6 network visualisation ===
[08:19:06 +9m 16s | thequantuminsider_2023_09_20_rigetti_computing_awarded_five_year_contract_with_air_force_ebb8c339] Wrote quantum_network.html
[08:19:06 +9m 16s | thequantuminsider_2023_09_20_rigetti_computing_awarded_five_year_contract_with_air_force_ebb8c339] Nodes: 12
[08:19:06 +9m 16s | thequantuminsider_2023_09_20_rigetti_computing_awarded_five_year_contract_with_air_force_ebb8c339] Edges: 2

[08:19:06 +9m 16s | thequantuminsider_2023_09_20_rigetti_computing_awarded_five_year_contract_with_air_force_ebb8c339] Done. Outputs written to: /home/lv/IDP/idpdeeptech/pipeline/news_outputs/thequantuminsider_2023_09_20_rigetti_computing_awarded_five_year_contract_with_air_force_ebb8c339
[08:19:06 +9m 16s | thequantuminsider_2023_09_20_rigetti_computing_awarded_five_year_contract_with_air_force_ebb8c339] Log: /home/lv/IDP/idpdeeptech/pipeline/news_outputs/thequantuminsider_2023_09_20_rigetti_computing_awarded_five_year_contract_with_air_force_ebb8c339/run.log

========================================================================
RUN FINISHED 2026-07-05 08:19:06  (OK)
Started:     2026-07-05 08:10:35
Elapsed:     9m 16s
========================================================================
