
========================================================================
RUN STARTED  2026-07-05 09:08:28
site_pipeline.py https://thequantuminsider.com/2023/09/11/qia-launches-quantum-internet-application-challenge/
========================================================================

[09:08:28 +0s | thequantuminsider_2023_09_11_qia_launches_quantum_internet_application_challenge] === 0 crawl site ===
[09:08:27 +1s | thequantuminsider_2023_09_11_qia_launches_quantum_internet_application_challenge] [INIT].... → Crawl4AI 0.8.6 
[09:08:29 +4s | thequantuminsider_2023_09_11_qia_launches_quantum_internet_application_challenge] [FETCH]... ↓ https://thequantuminsider.com/2023/09/11/qia-launches-quantum-internet-application-challenge/        | ✓ | ⏱: 2.77s 
[09:08:30 +4s | thequantuminsider_2023_09_11_qia_launches_quantum_internet_application_challenge] [SCRAPE].. ◆ https://thequantuminsider.com/2023/09/11/qia-launches-quantum-internet-application-challenge/        | ✓ | ⏱: 0.13s 
[09:08:30 +4s | thequantuminsider_2023_09_11_qia_launches_quantum_internet_application_challenge] [COMPLETE] ● https://thequantuminsider.com/2023/09/11/qia-launches-quantum-internet-application-challenge/        | ✓ | ⏱: 2.93s 
[09:08:30 +4s | thequantuminsider_2023_09_11_qia_launches_quantum_internet_application_challenge] Saved: crawl_output/f84f77d923_thequantuminsider.com_2023_09_11_qia-launches-quantum-internet-application-challenge.json

[09:08:30 +5s | thequantuminsider_2023_09_11_qia_launches_quantum_internet_application_challenge] === 1 actor extraction ===
[09:08:30 +5s | thequantuminsider_2023_09_11_qia_launches_quantum_internet_application_challenge] Reading page (1/1): https://thequantuminsider.com/2023/09/11/qia-launches-quantum-internet-application-challenge
[09:08:30 +5s | thequantuminsider_2023_09_11_qia_launches_quantum_internet_application_challenge] Extracting actors: https://thequantuminsider.com/2023/09/11/qia-launches-quantum-internet-application-challenge (1/1), chunk 1/37
[09:08:36 +11s | thequantuminsider_2023_09_11_qia_launches_quantum_internet_application_challenge] Extracting actors: https://thequantuminsider.com/2023/09/11/qia-launches-quantum-internet-application-challenge (1/1), chunk 2/37
[09:08:40 +15s | thequantuminsider_2023_09_11_qia_launches_quantum_internet_application_challenge] Extracting actors: https://thequantuminsider.com/2023/09/11/qia-launches-quantum-internet-application-challenge (1/1), chunk 3/37
[09:08:44 +19s | thequantuminsider_2023_09_11_qia_launches_quantum_internet_application_challenge] Extracting actors: https://thequantuminsider.com/2023/09/11/qia-launches-quantum-internet-application-challenge (1/1), chunk 4/37
[09:08:51 +26s | thequantuminsider_2023_09_11_qia_launches_quantum_internet_application_challenge] Extracting actors: https://thequantuminsider.com/2023/09/11/qia-launches-quantum-internet-application-challenge (1/1), chunk 5/37
[09:09:04 +42s | thequantuminsider_2023_09_11_qia_launches_quantum_internet_application_challenge] Extracting actors: https://thequantuminsider.com/2023/09/11/qia-launches-quantum-internet-application-challenge (1/1), chunk 6/37
[09:09:14 +51s | thequantuminsider_2023_09_11_qia_launches_quantum_internet_application_challenge] Repaired malformed JSON.
[09:09:14 +51s | thequantuminsider_2023_09_11_qia_launches_quantum_internet_application_challenge] Extracting actors: https://thequantuminsider.com/2023/09/11/qia-launches-quantum-internet-application-challenge (1/1), chunk 7/37
[09:09:18 +56s | thequantuminsider_2023_09_11_qia_launches_quantum_internet_application_challenge] Extracting actors: https://thequantuminsider.com/2023/09/11/qia-launches-quantum-internet-application-challenge (1/1), chunk 8/37
[09:09:25 +1m 3s | thequantuminsider_2023_09_11_qia_launches_quantum_internet_application_challenge] Extracting actors: https://thequantuminsider.com/2023/09/11/qia-launches-quantum-internet-application-challenge (1/1), chunk 9/37
[09:09:44 +1m 24s | thequantuminsider_2023_09_11_qia_launches_quantum_internet_application_challenge] Extracting actors: https://thequantuminsider.com/2023/09/11/qia-launches-quantum-internet-application-challenge (1/1), chunk 10/37
[09:09:49 +1m 29s | thequantuminsider_2023_09_11_qia_launches_quantum_internet_application_challenge] Extracting actors: https://thequantuminsider.com/2023/09/11/qia-launches-quantum-internet-application-challenge (1/1), chunk 11/37
[09:09:56 +1m 39s | thequantuminsider_2023_09_11_qia_launches_quantum_internet_application_challenge] Repaired malformed JSON.
[09:09:56 +1m 39s | thequantuminsider_2023_09_11_qia_launches_quantum_internet_application_challenge] Extracting actors: https://thequantuminsider.com/2023/09/11/qia-launches-quantum-internet-application-challenge (1/1), chunk 12/37
[09:10:25 +2m 8s | thequantuminsider_2023_09_11_qia_launches_quantum_internet_application_challenge] Repaired malformed JSON.
[09:10:25 +2m 8s | thequantuminsider_2023_09_11_qia_launches_quantum_internet_application_challenge] Extracting actors: https://thequantuminsider.com/2023/09/11/qia-launches-quantum-internet-application-challenge (1/1), chunk 13/37
[09:10:31 +2m 17s | thequantuminsider_2023_09_11_qia_launches_quantum_internet_application_challenge] Repaired malformed JSON.
[09:10:31 +2m 17s | thequantuminsider_2023_09_11_qia_launches_quantum_internet_application_challenge] Extracting actors: https://thequantuminsider.com/2023/09/11/qia-launches-quantum-internet-application-challenge (1/1), chunk 14/37
[09:10:59 +2m 48s | thequantuminsider_2023_09_11_qia_launches_quantum_internet_application_challenge] Repaired malformed JSON.
[09:10:59 +2m 48s | thequantuminsider_2023_09_11_qia_launches_quantum_internet_application_challenge] Extracting actors: https://thequantuminsider.com/2023/09/11/qia-launches-quantum-internet-application-challenge (1/1), chunk 15/37
[09:11:08 +2m 57s | thequantuminsider_2023_09_11_qia_launches_quantum_internet_application_challenge] Repaired malformed JSON.
[09:11:08 +2m 57s | thequantuminsider_2023_09_11_qia_launches_quantum_internet_application_challenge] Extracting actors: https://thequantuminsider.com/2023/09/11/qia-launches-quantum-internet-application-challenge (1/1), chunk 16/37
[09:11:15 +3m 3s | thequantuminsider_2023_09_11_qia_launches_quantum_internet_application_challenge] Repaired malformed JSON.
[09:11:15 +3m 3s | thequantuminsider_2023_09_11_qia_launches_quantum_internet_application_challenge] Extracting actors: https://thequantuminsider.com/2023/09/11/qia-launches-quantum-internet-application-challenge (1/1), chunk 17/37
[09:11:21 +3m 9s | thequantuminsider_2023_09_11_qia_launches_quantum_internet_application_challenge] Repaired malformed JSON.
[09:11:21 +3m 9s | thequantuminsider_2023_09_11_qia_launches_quantum_internet_application_challenge] Extracting actors: https://thequantuminsider.com/2023/09/11/qia-launches-quantum-internet-application-challenge (1/1), chunk 18/37
[09:11:23 +3m 14s | thequantuminsider_2023_09_11_qia_launches_quantum_internet_application_challenge] Extracting actors: https://thequantuminsider.com/2023/09/11/qia-launches-quantum-internet-application-challenge (1/1), chunk 19/37
[09:11:29 +3m 20s | thequantuminsider_2023_09_11_qia_launches_quantum_internet_application_challenge] Repaired malformed JSON.
[09:11:29 +3m 20s | thequantuminsider_2023_09_11_qia_launches_quantum_internet_application_challenge] Extracting actors: https://thequantuminsider.com/2023/09/11/qia-launches-quantum-internet-application-challenge (1/1), chunk 20/37
[09:11:38 +3m 29s | thequantuminsider_2023_09_11_qia_launches_quantum_internet_application_challenge] Repaired malformed JSON.
[09:11:38 +3m 29s | thequantuminsider_2023_09_11_qia_launches_quantum_internet_application_challenge] Extracting actors: https://thequantuminsider.com/2023/09/11/qia-launches-quantum-internet-application-challenge (1/1), chunk 21/37
[09:11:45 +3m 36s | thequantuminsider_2023_09_11_qia_launches_quantum_internet_application_challenge] Repaired malformed JSON.
[09:11:45 +3m 36s | thequantuminsider_2023_09_11_qia_launches_quantum_internet_application_challenge] Extracting actors: https://thequantuminsider.com/2023/09/11/qia-launches-quantum-internet-application-challenge (1/1), chunk 22/37
[09:11:51 +3m 42s | thequantuminsider_2023_09_11_qia_launches_quantum_internet_application_challenge] Extracting actors: https://thequantuminsider.com/2023/09/11/qia-launches-quantum-internet-application-challenge (1/1), chunk 23/37
[09:11:56 +3m 50s | thequantuminsider_2023_09_11_qia_launches_quantum_internet_application_challenge] Repaired malformed JSON.
[09:11:56 +3m 50s | thequantuminsider_2023_09_11_qia_launches_quantum_internet_application_challenge] Extracting actors: https://thequantuminsider.com/2023/09/11/qia-launches-quantum-internet-application-challenge (1/1), chunk 24/37
[09:12:03 +3m 57s | thequantuminsider_2023_09_11_qia_launches_quantum_internet_application_challenge] Repaired malformed JSON.
[09:12:03 +3m 57s | thequantuminsider_2023_09_11_qia_launches_quantum_internet_application_challenge] Extracting actors: https://thequantuminsider.com/2023/09/11/qia-launches-quantum-internet-application-challenge (1/1), chunk 25/37
[09:12:09 +4m 3s | thequantuminsider_2023_09_11_qia_launches_quantum_internet_application_challenge] Extracting actors: https://thequantuminsider.com/2023/09/11/qia-launches-quantum-internet-application-challenge (1/1), chunk 26/37
[09:12:16 +4m 9s | thequantuminsider_2023_09_11_qia_launches_quantum_internet_application_challenge] Repaired malformed JSON.
[09:12:16 +4m 9s | thequantuminsider_2023_09_11_qia_launches_quantum_internet_application_challenge] Extracting actors: https://thequantuminsider.com/2023/09/11/qia-launches-quantum-internet-application-challenge (1/1), chunk 27/37
[09:12:21 +4m 15s | thequantuminsider_2023_09_11_qia_launches_quantum_internet_application_challenge] Extracting actors: https://thequantuminsider.com/2023/09/11/qia-launches-quantum-internet-application-challenge (1/1), chunk 28/37
[09:12:23 +4m 19s | thequantuminsider_2023_09_11_qia_launches_quantum_internet_application_challenge] Extracting actors: https://thequantuminsider.com/2023/09/11/qia-launches-quantum-internet-application-challenge (1/1), chunk 29/37
[09:12:32 +4m 28s | thequantuminsider_2023_09_11_qia_launches_quantum_internet_application_challenge] Repaired malformed JSON.
[09:12:32 +4m 28s | thequantuminsider_2023_09_11_qia_launches_quantum_internet_application_challenge] Extracting actors: https://thequantuminsider.com/2023/09/11/qia-launches-quantum-internet-application-challenge (1/1), chunk 30/37
[09:12:38 +4m 34s | thequantuminsider_2023_09_11_qia_launches_quantum_internet_application_challenge] Repaired malformed JSON.
[09:12:38 +4m 34s | thequantuminsider_2023_09_11_qia_launches_quantum_internet_application_challenge] Extracting actors: https://thequantuminsider.com/2023/09/11/qia-launches-quantum-internet-application-challenge (1/1), chunk 31/37
[09:12:45 +4m 41s | thequantuminsider_2023_09_11_qia_launches_quantum_internet_application_challenge] Repaired malformed JSON.
[09:12:45 +4m 41s | thequantuminsider_2023_09_11_qia_launches_quantum_internet_application_challenge] Extracting actors: https://thequantuminsider.com/2023/09/11/qia-launches-quantum-internet-application-challenge (1/1), chunk 32/37
[09:12:49 +4m 46s | thequantuminsider_2023_09_11_qia_launches_quantum_internet_application_challenge] Extracting actors: https://thequantuminsider.com/2023/09/11/qia-launches-quantum-internet-application-challenge (1/1), chunk 33/37
[09:12:55 +4m 54s | thequantuminsider_2023_09_11_qia_launches_quantum_internet_application_challenge] Repaired malformed JSON.
[09:12:55 +4m 54s | thequantuminsider_2023_09_11_qia_launches_quantum_internet_application_challenge] Extracting actors: https://thequantuminsider.com/2023/09/11/qia-launches-quantum-internet-application-challenge (1/1), chunk 34/37
[09:13:03 +5m 3s | thequantuminsider_2023_09_11_qia_launches_quantum_internet_application_challenge] Repaired malformed JSON.
[09:13:03 +5m 3s | thequantuminsider_2023_09_11_qia_launches_quantum_internet_application_challenge] Extracting actors: https://thequantuminsider.com/2023/09/11/qia-launches-quantum-internet-application-challenge (1/1), chunk 35/37
[09:13:13 +5m 12s | thequantuminsider_2023_09_11_qia_launches_quantum_internet_application_challenge] Repaired malformed JSON.
[09:13:13 +5m 12s | thequantuminsider_2023_09_11_qia_launches_quantum_internet_application_challenge] Extracting actors: https://thequantuminsider.com/2023/09/11/qia-launches-quantum-internet-application-challenge (1/1), chunk 36/37
[09:13:20 +5m 19s | thequantuminsider_2023_09_11_qia_launches_quantum_internet_application_challenge] Repaired malformed JSON.
[09:13:20 +5m 19s | thequantuminsider_2023_09_11_qia_launches_quantum_internet_application_challenge] Extracting actors: https://thequantuminsider.com/2023/09/11/qia-launches-quantum-internet-application-challenge (1/1), chunk 37/37
[09:13:27 +5m 29s | thequantuminsider_2023_09_11_qia_launches_quantum_internet_application_challenge] Repaired malformed JSON.
[09:13:27 +5m 29s | thequantuminsider_2023_09_11_qia_launches_quantum_internet_application_challenge] Saved 1_actor_results.json with 53 extracted records

[09:13:27 +5m 29s | thequantuminsider_2023_09_11_qia_launches_quantum_internet_application_challenge] === 2 clean actors ===
[09:13:27 +5m 29s | thequantuminsider_2023_09_11_qia_launches_quantum_internet_application_challenge] Loaded 53 extracted records
[09:13:27 +5m 29s | thequantuminsider_2023_09_11_qia_launches_quantum_internet_application_challenge] Saved 2_actor_nodes.json with 20 canonical actor nodes

[09:13:27 +5m 29s | thequantuminsider_2023_09_11_qia_launches_quantum_internet_application_challenge] === 3 interaction extraction ===
[09:13:27 +5m 29s | thequantuminsider_2023_09_11_qia_launches_quantum_internet_application_challenge] Extracting interactions: https://thequantuminsider.com/2023/09/11/qia-launches-quantum-internet-application-challenge (1/1), chunk 11/37
[09:13:32 +5m 34s | thequantuminsider_2023_09_11_qia_launches_quantum_internet_application_challenge] Extracting interactions: https://thequantuminsider.com/2023/09/11/qia-launches-quantum-internet-application-challenge (1/1), chunk 12/37
[09:13:38 +5m 40s | thequantuminsider_2023_09_11_qia_launches_quantum_internet_application_challenge] Extracting interactions: https://thequantuminsider.com/2023/09/11/qia-launches-quantum-internet-application-challenge (1/1), chunk 13/37
[09:13:51 +5m 53s | thequantuminsider_2023_09_11_qia_launches_quantum_internet_application_challenge] Extracting interactions: https://thequantuminsider.com/2023/09/11/qia-launches-quantum-internet-application-challenge (1/1), chunk 14/37
[09:13:55 +6m 0s | thequantuminsider_2023_09_11_qia_launches_quantum_internet_application_challenge] Extracting interactions: https://thequantuminsider.com/2023/09/11/qia-launches-quantum-internet-application-challenge (1/1), chunk 16/37
[09:14:16 +6m 20s | thequantuminsider_2023_09_11_qia_launches_quantum_internet_application_challenge] Extracting interactions: https://thequantuminsider.com/2023/09/11/qia-launches-quantum-internet-application-challenge (1/1), chunk 17/37
[09:14:21 +6m 29s | thequantuminsider_2023_09_11_qia_launches_quantum_internet_application_challenge] Extracting interactions: https://thequantuminsider.com/2023/09/11/qia-launches-quantum-internet-application-challenge (1/1), chunk 18/37
[09:14:23 +6m 31s | thequantuminsider_2023_09_11_qia_launches_quantum_internet_application_challenge] Extracting interactions: https://thequantuminsider.com/2023/09/11/qia-launches-quantum-internet-application-challenge (1/1), chunk 19/37
[09:14:26 +6m 33s | thequantuminsider_2023_09_11_qia_launches_quantum_internet_application_challenge] Extracting interactions: https://thequantuminsider.com/2023/09/11/qia-launches-quantum-internet-application-challenge (1/1), chunk 20/37
[09:14:32 +6m 39s | thequantuminsider_2023_09_11_qia_launches_quantum_internet_application_challenge] Extracting interactions: https://thequantuminsider.com/2023/09/11/qia-launches-quantum-internet-application-challenge (1/1), chunk 21/37
[09:14:40 +6m 48s | thequantuminsider_2023_09_11_qia_launches_quantum_internet_application_challenge] Extracting interactions: https://thequantuminsider.com/2023/09/11/qia-launches-quantum-internet-application-challenge (1/1), chunk 22/37
[09:14:46 +6m 53s | thequantuminsider_2023_09_11_qia_launches_quantum_internet_application_challenge] Extracting interactions: https://thequantuminsider.com/2023/09/11/qia-launches-quantum-internet-application-challenge (1/1), chunk 24/37
[09:14:48 +6m 55s | thequantuminsider_2023_09_11_qia_launches_quantum_internet_application_challenge] Extracting interactions: https://thequantuminsider.com/2023/09/11/qia-launches-quantum-internet-application-challenge (1/1), chunk 26/37

========================================================================
RUN FINISHED 2026-07-05 09:14:50  (INTERRUPTED)
Started:     2026-07-05 09:08:28
Elapsed:     6m 57s
========================================================================
