
========================================================================
RUN STARTED  2026-07-05 08:19:06
site_pipeline.py https://thequantuminsider.com/2023/09/20/quera-computing-and-wolfram-research-announce-partnership-to-integrate-neutral-atom-quantum-computing-into-mathematica/
========================================================================

[08:19:06 +0s | thequantuminsider_2023_09_20_quera_computing_and_wolfram_research_announce_partnership_to_75ab502a] === 0 crawl site ===
[08:19:07 +1s | thequantuminsider_2023_09_20_quera_computing_and_wolfram_research_announce_partnership_to_75ab502a] [INIT].... → Crawl4AI 0.8.6 
[08:19:10 +4s | thequantuminsider_2023_09_20_quera_computing_and_wolfram_research_announce_partnership_to_75ab502a] [FETCH]... ↓ https://thequantuminsider.com/2023/09/20/quera-c...neutral-atom-quantum-computing-into-mathematica/  | ✓ | ⏱: 2.66s 
[08:19:10 +4s | thequantuminsider_2023_09_20_quera_computing_and_wolfram_research_announce_partnership_to_75ab502a] [SCRAPE].. ◆ https://thequantuminsider.com/2023/09/20/quera-c...neutral-atom-quantum-computing-into-mathematica/  | ✓ | ⏱: 0.13s 
[08:19:10 +4s | thequantuminsider_2023_09_20_quera_computing_and_wolfram_research_announce_partnership_to_75ab502a] [COMPLETE] ● https://thequantuminsider.com/2023/09/20/quera-c...neutral-atom-quantum-computing-into-mathematica/  | ✓ | ⏱: 2.82s 
[08:19:10 +4s | thequantuminsider_2023_09_20_quera_computing_and_wolfram_research_announce_partnership_to_75ab502a] Saved: crawl_output/51ae88a46e_thequantuminsider.com_2023_09_20_quera-computing-and-wolfram-research-announce-partnership-to-integrate-neutral-atom-quantum-computing-into-mathematica.json

[08:19:10 +5s | thequantuminsider_2023_09_20_quera_computing_and_wolfram_research_announce_partnership_to_75ab502a] === 1 actor extraction ===
[08:19:10 +5s | thequantuminsider_2023_09_20_quera_computing_and_wolfram_research_announce_partnership_to_75ab502a] Reading page (1/1): https://thequantuminsider.com/2023/09/20/quera-computing-and-wolfram-research-announce-partnership-to-integrate-neutral-atom-quantum-computing-into-mathematica
[08:19:10 +5s | thequantuminsider_2023_09_20_quera_computing_and_wolfram_research_announce_partnership_to_75ab502a] Extracting actors: https://thequantuminsider.com/2023/09/20/quera-computing-and-wolfram-research-announce-partnership-to-integrate-neutral-atom-quantum-computing-into-mathematica (1/1), chunk 1/36
[08:19:18 +12s | thequantuminsider_2023_09_20_quera_computing_and_wolfram_research_announce_partnership_to_75ab502a] Repaired malformed JSON.
[08:19:18 +12s | thequantuminsider_2023_09_20_quera_computing_and_wolfram_research_announce_partnership_to_75ab502a] Extracting actors: https://thequantuminsider.com/2023/09/20/quera-computing-and-wolfram-research-announce-partnership-to-integrate-neutral-atom-quantum-computing-into-mathematica (1/1), chunk 2/36
[08:19:26 +21s | thequantuminsider_2023_09_20_quera_computing_and_wolfram_research_announce_partnership_to_75ab502a] Repaired malformed JSON.
[08:19:26 +21s | thequantuminsider_2023_09_20_quera_computing_and_wolfram_research_announce_partnership_to_75ab502a] Extracting actors: https://thequantuminsider.com/2023/09/20/quera-computing-and-wolfram-research-announce-partnership-to-integrate-neutral-atom-quantum-computing-into-mathematica (1/1), chunk 3/36
[08:19:29 +26s | thequantuminsider_2023_09_20_quera_computing_and_wolfram_research_announce_partnership_to_75ab502a] Extracting actors: https://thequantuminsider.com/2023/09/20/quera-computing-and-wolfram-research-announce-partnership-to-integrate-neutral-atom-quantum-computing-into-mathematica (1/1), chunk 4/36
[08:19:39 +35s | thequantuminsider_2023_09_20_quera_computing_and_wolfram_research_announce_partnership_to_75ab502a] Repaired malformed JSON.
[08:19:39 +35s | thequantuminsider_2023_09_20_quera_computing_and_wolfram_research_announce_partnership_to_75ab502a] Extracting actors: https://thequantuminsider.com/2023/09/20/quera-computing-and-wolfram-research-announce-partnership-to-integrate-neutral-atom-quantum-computing-into-mathematica (1/1), chunk 5/36
[08:19:46 +43s | thequantuminsider_2023_09_20_quera_computing_and_wolfram_research_announce_partnership_to_75ab502a] Repaired malformed JSON.
[08:19:46 +43s | thequantuminsider_2023_09_20_quera_computing_and_wolfram_research_announce_partnership_to_75ab502a] Extracting actors: https://thequantuminsider.com/2023/09/20/quera-computing-and-wolfram-research-announce-partnership-to-integrate-neutral-atom-quantum-computing-into-mathematica (1/1), chunk 6/36
[08:20:04 +1m 3s | thequantuminsider_2023_09_20_quera_computing_and_wolfram_research_announce_partnership_to_75ab502a] Extracting actors: https://thequantuminsider.com/2023/09/20/quera-computing-and-wolfram-research-announce-partnership-to-integrate-neutral-atom-quantum-computing-into-mathematica (1/1), chunk 7/36
[08:20:13 +1m 13s | thequantuminsider_2023_09_20_quera_computing_and_wolfram_research_announce_partnership_to_75ab502a] Repaired malformed JSON.
[08:20:13 +1m 13s | thequantuminsider_2023_09_20_quera_computing_and_wolfram_research_announce_partnership_to_75ab502a] Extracting actors: https://thequantuminsider.com/2023/09/20/quera-computing-and-wolfram-research-announce-partnership-to-integrate-neutral-atom-quantum-computing-into-mathematica (1/1), chunk 8/36
[08:20:20 +1m 19s | thequantuminsider_2023_09_20_quera_computing_and_wolfram_research_announce_partnership_to_75ab502a] Repaired malformed JSON.
[08:20:20 +1m 19s | thequantuminsider_2023_09_20_quera_computing_and_wolfram_research_announce_partnership_to_75ab502a] Extracting actors: https://thequantuminsider.com/2023/09/20/quera-computing-and-wolfram-research-announce-partnership-to-integrate-neutral-atom-quantum-computing-into-mathematica (1/1), chunk 9/36
[08:20:30 +1m 29s | thequantuminsider_2023_09_20_quera_computing_and_wolfram_research_announce_partnership_to_75ab502a] Repaired malformed JSON.
[08:20:30 +1m 29s | thequantuminsider_2023_09_20_quera_computing_and_wolfram_research_announce_partnership_to_75ab502a] Extracting actors: https://thequantuminsider.com/2023/09/20/quera-computing-and-wolfram-research-announce-partnership-to-integrate-neutral-atom-quantum-computing-into-mathematica (1/1), chunk 10/36
[08:20:32 +1m 34s | thequantuminsider_2023_09_20_quera_computing_and_wolfram_research_announce_partnership_to_75ab502a] Extracting actors: https://thequantuminsider.com/2023/09/20/quera-computing-and-wolfram-research-announce-partnership-to-integrate-neutral-atom-quantum-computing-into-mathematica (1/1), chunk 11/36
[08:20:39 +1m 41s | thequantuminsider_2023_09_20_quera_computing_and_wolfram_research_announce_partnership_to_75ab502a] Repaired malformed JSON.
[08:20:39 +1m 41s | thequantuminsider_2023_09_20_quera_computing_and_wolfram_research_announce_partnership_to_75ab502a] Extracting actors: https://thequantuminsider.com/2023/09/20/quera-computing-and-wolfram-research-announce-partnership-to-integrate-neutral-atom-quantum-computing-into-mathematica (1/1), chunk 12/36
[08:20:48 +1m 50s | thequantuminsider_2023_09_20_quera_computing_and_wolfram_research_announce_partnership_to_75ab502a] Repaired malformed JSON.
[08:20:48 +1m 50s | thequantuminsider_2023_09_20_quera_computing_and_wolfram_research_announce_partnership_to_75ab502a] Extracting actors: https://thequantuminsider.com/2023/09/20/quera-computing-and-wolfram-research-announce-partnership-to-integrate-neutral-atom-quantum-computing-into-mathematica (1/1), chunk 13/36
[08:20:55 +1m 57s | thequantuminsider_2023_09_20_quera_computing_and_wolfram_research_announce_partnership_to_75ab502a] Repaired malformed JSON.
[08:20:55 +1m 57s | thequantuminsider_2023_09_20_quera_computing_and_wolfram_research_announce_partnership_to_75ab502a] Extracting actors: https://thequantuminsider.com/2023/09/20/quera-computing-and-wolfram-research-announce-partnership-to-integrate-neutral-atom-quantum-computing-into-mathematica (1/1), chunk 14/36
[08:20:59 +2m 3s | thequantuminsider_2023_09_20_quera_computing_and_wolfram_research_announce_partnership_to_75ab502a] Repaired malformed JSON.
[08:20:59 +2m 3s | thequantuminsider_2023_09_20_quera_computing_and_wolfram_research_announce_partnership_to_75ab502a] Extracting actors: https://thequantuminsider.com/2023/09/20/quera-computing-and-wolfram-research-announce-partnership-to-integrate-neutral-atom-quantum-computing-into-mathematica (1/1), chunk 15/36
[08:21:28 +2m 35s | thequantuminsider_2023_09_20_quera_computing_and_wolfram_research_announce_partnership_to_75ab502a] Repaired malformed JSON.
[08:21:28 +2m 35s | thequantuminsider_2023_09_20_quera_computing_and_wolfram_research_announce_partnership_to_75ab502a] Extracting actors: https://thequantuminsider.com/2023/09/20/quera-computing-and-wolfram-research-announce-partnership-to-integrate-neutral-atom-quantum-computing-into-mathematica (1/1), chunk 16/36
[08:21:36 +2m 43s | thequantuminsider_2023_09_20_quera_computing_and_wolfram_research_announce_partnership_to_75ab502a] Repaired malformed JSON.
[08:21:36 +2m 43s | thequantuminsider_2023_09_20_quera_computing_and_wolfram_research_announce_partnership_to_75ab502a] Extracting actors: https://thequantuminsider.com/2023/09/20/quera-computing-and-wolfram-research-announce-partnership-to-integrate-neutral-atom-quantum-computing-into-mathematica (1/1), chunk 17/36
[08:21:43 +2m 50s | thequantuminsider_2023_09_20_quera_computing_and_wolfram_research_announce_partnership_to_75ab502a] Repaired malformed JSON.
[08:21:43 +2m 50s | thequantuminsider_2023_09_20_quera_computing_and_wolfram_research_announce_partnership_to_75ab502a] Extracting actors: https://thequantuminsider.com/2023/09/20/quera-computing-and-wolfram-research-announce-partnership-to-integrate-neutral-atom-quantum-computing-into-mathematica (1/1), chunk 18/36
[08:22:03 +3m 13s | thequantuminsider_2023_09_20_quera_computing_and_wolfram_research_announce_partnership_to_75ab502a] Repaired malformed JSON.
[08:22:03 +3m 13s | thequantuminsider_2023_09_20_quera_computing_and_wolfram_research_announce_partnership_to_75ab502a] Extracting actors: https://thequantuminsider.com/2023/09/20/quera-computing-and-wolfram-research-announce-partnership-to-integrate-neutral-atom-quantum-computing-into-mathematica (1/1), chunk 19/36
[08:22:29 +3m 41s | thequantuminsider_2023_09_20_quera_computing_and_wolfram_research_announce_partnership_to_75ab502a] Repaired malformed JSON.
[08:22:29 +3m 41s | thequantuminsider_2023_09_20_quera_computing_and_wolfram_research_announce_partnership_to_75ab502a] Extracting actors: https://thequantuminsider.com/2023/09/20/quera-computing-and-wolfram-research-announce-partnership-to-integrate-neutral-atom-quantum-computing-into-mathematica (1/1), chunk 20/36
[08:22:41 +3m 53s | thequantuminsider_2023_09_20_quera_computing_and_wolfram_research_announce_partnership_to_75ab502a] Repaired malformed JSON.
[08:22:41 +3m 53s | thequantuminsider_2023_09_20_quera_computing_and_wolfram_research_announce_partnership_to_75ab502a] Extracting actors: https://thequantuminsider.com/2023/09/20/quera-computing-and-wolfram-research-announce-partnership-to-integrate-neutral-atom-quantum-computing-into-mathematica (1/1), chunk 21/36
[08:22:48 +4m 0s | thequantuminsider_2023_09_20_quera_computing_and_wolfram_research_announce_partnership_to_75ab502a] Repaired malformed JSON.
[08:22:48 +4m 0s | thequantuminsider_2023_09_20_quera_computing_and_wolfram_research_announce_partnership_to_75ab502a] Extracting actors: https://thequantuminsider.com/2023/09/20/quera-computing-and-wolfram-research-announce-partnership-to-integrate-neutral-atom-quantum-computing-into-mathematica (1/1), chunk 22/36
[08:22:57 +4m 9s | thequantuminsider_2023_09_20_quera_computing_and_wolfram_research_announce_partnership_to_75ab502a] Repaired malformed JSON.
[08:22:57 +4m 9s | thequantuminsider_2023_09_20_quera_computing_and_wolfram_research_announce_partnership_to_75ab502a] Extracting actors: https://thequantuminsider.com/2023/09/20/quera-computing-and-wolfram-research-announce-partnership-to-integrate-neutral-atom-quantum-computing-into-mathematica (1/1), chunk 23/36
[08:23:03 +4m 18s | thequantuminsider_2023_09_20_quera_computing_and_wolfram_research_announce_partnership_to_75ab502a] Repaired malformed JSON.
[08:23:03 +4m 18s | thequantuminsider_2023_09_20_quera_computing_and_wolfram_research_announce_partnership_to_75ab502a] Extracting actors: https://thequantuminsider.com/2023/09/20/quera-computing-and-wolfram-research-announce-partnership-to-integrate-neutral-atom-quantum-computing-into-mathematica (1/1), chunk 24/36
[08:23:13 +4m 28s | thequantuminsider_2023_09_20_quera_computing_and_wolfram_research_announce_partnership_to_75ab502a] Extracting actors: https://thequantuminsider.com/2023/09/20/quera-computing-and-wolfram-research-announce-partnership-to-integrate-neutral-atom-quantum-computing-into-mathematica (1/1), chunk 25/36
[08:23:21 +4m 35s | thequantuminsider_2023_09_20_quera_computing_and_wolfram_research_announce_partnership_to_75ab502a] Repaired malformed JSON.
[08:23:21 +4m 35s | thequantuminsider_2023_09_20_quera_computing_and_wolfram_research_announce_partnership_to_75ab502a] Extracting actors: https://thequantuminsider.com/2023/09/20/quera-computing-and-wolfram-research-announce-partnership-to-integrate-neutral-atom-quantum-computing-into-mathematica (1/1), chunk 26/36
[08:23:27 +4m 42s | thequantuminsider_2023_09_20_quera_computing_and_wolfram_research_announce_partnership_to_75ab502a] Extracting actors: https://thequantuminsider.com/2023/09/20/quera-computing-and-wolfram-research-announce-partnership-to-integrate-neutral-atom-quantum-computing-into-mathematica (1/1), chunk 27/36
[08:23:29 +4m 46s | thequantuminsider_2023_09_20_quera_computing_and_wolfram_research_announce_partnership_to_75ab502a] Extracting actors: https://thequantuminsider.com/2023/09/20/quera-computing-and-wolfram-research-announce-partnership-to-integrate-neutral-atom-quantum-computing-into-mathematica (1/1), chunk 28/36
[08:23:36 +4m 53s | thequantuminsider_2023_09_20_quera_computing_and_wolfram_research_announce_partnership_to_75ab502a] Repaired malformed JSON.
[08:23:36 +4m 53s | thequantuminsider_2023_09_20_quera_computing_and_wolfram_research_announce_partnership_to_75ab502a] Extracting actors: https://thequantuminsider.com/2023/09/20/quera-computing-and-wolfram-research-announce-partnership-to-integrate-neutral-atom-quantum-computing-into-mathematica (1/1), chunk 29/36
[08:23:46 +5m 3s | thequantuminsider_2023_09_20_quera_computing_and_wolfram_research_announce_partnership_to_75ab502a] Repaired malformed JSON.
[08:23:46 +5m 3s | thequantuminsider_2023_09_20_quera_computing_and_wolfram_research_announce_partnership_to_75ab502a] Extracting actors: https://thequantuminsider.com/2023/09/20/quera-computing-and-wolfram-research-announce-partnership-to-integrate-neutral-atom-quantum-computing-into-mathematica (1/1), chunk 30/36
[08:23:54 +5m 11s | thequantuminsider_2023_09_20_quera_computing_and_wolfram_research_announce_partnership_to_75ab502a] Repaired malformed JSON.
[08:23:54 +5m 11s | thequantuminsider_2023_09_20_quera_computing_and_wolfram_research_announce_partnership_to_75ab502a] Extracting actors: https://thequantuminsider.com/2023/09/20/quera-computing-and-wolfram-research-announce-partnership-to-integrate-neutral-atom-quantum-computing-into-mathematica (1/1), chunk 31/36
[08:23:58 +5m 17s | thequantuminsider_2023_09_20_quera_computing_and_wolfram_research_announce_partnership_to_75ab502a] Repaired malformed JSON.
[08:23:58 +5m 17s | thequantuminsider_2023_09_20_quera_computing_and_wolfram_research_announce_partnership_to_75ab502a] Extracting actors: https://thequantuminsider.com/2023/09/20/quera-computing-and-wolfram-research-announce-partnership-to-integrate-neutral-atom-quantum-computing-into-mathematica (1/1), chunk 32/36
[08:24:24 +5m 44s | thequantuminsider_2023_09_20_quera_computing_and_wolfram_research_announce_partnership_to_75ab502a] Repaired malformed JSON.
[08:24:24 +5m 44s | thequantuminsider_2023_09_20_quera_computing_and_wolfram_research_announce_partnership_to_75ab502a] Extracting actors: https://thequantuminsider.com/2023/09/20/quera-computing-and-wolfram-research-announce-partnership-to-integrate-neutral-atom-quantum-computing-into-mathematica (1/1), chunk 33/36
[08:24:28 +5m 51s | thequantuminsider_2023_09_20_quera_computing_and_wolfram_research_announce_partnership_to_75ab502a] Repaired malformed JSON.
[08:24:28 +5m 51s | thequantuminsider_2023_09_20_quera_computing_and_wolfram_research_announce_partnership_to_75ab502a] Extracting actors: https://thequantuminsider.com/2023/09/20/quera-computing-and-wolfram-research-announce-partnership-to-integrate-neutral-atom-quantum-computing-into-mathematica (1/1), chunk 34/36
[08:24:35 +5m 57s | thequantuminsider_2023_09_20_quera_computing_and_wolfram_research_announce_partnership_to_75ab502a] Repaired malformed JSON.
[08:24:35 +5m 57s | thequantuminsider_2023_09_20_quera_computing_and_wolfram_research_announce_partnership_to_75ab502a] Extracting actors: https://thequantuminsider.com/2023/09/20/quera-computing-and-wolfram-research-announce-partnership-to-integrate-neutral-atom-quantum-computing-into-mathematica (1/1), chunk 35/36
[08:24:42 +6m 4s | thequantuminsider_2023_09_20_quera_computing_and_wolfram_research_announce_partnership_to_75ab502a] Repaired malformed JSON.
[08:24:42 +6m 4s | thequantuminsider_2023_09_20_quera_computing_and_wolfram_research_announce_partnership_to_75ab502a] Extracting actors: https://thequantuminsider.com/2023/09/20/quera-computing-and-wolfram-research-announce-partnership-to-integrate-neutral-atom-quantum-computing-into-mathematica (1/1), chunk 36/36
[08:24:49 +6m 12s | thequantuminsider_2023_09_20_quera_computing_and_wolfram_research_announce_partnership_to_75ab502a] Repaired malformed JSON.
[08:24:49 +6m 12s | thequantuminsider_2023_09_20_quera_computing_and_wolfram_research_announce_partnership_to_75ab502a] Saved 1_actor_results.json with 63 extracted records

[08:24:49 +6m 12s | thequantuminsider_2023_09_20_quera_computing_and_wolfram_research_announce_partnership_to_75ab502a] === 2 clean actors ===
[08:24:49 +6m 12s | thequantuminsider_2023_09_20_quera_computing_and_wolfram_research_announce_partnership_to_75ab502a] Loaded 63 extracted records
[08:24:49 +6m 12s | thequantuminsider_2023_09_20_quera_computing_and_wolfram_research_announce_partnership_to_75ab502a] Saved 2_actor_nodes.json with 11 canonical actor nodes

[08:24:49 +6m 12s | thequantuminsider_2023_09_20_quera_computing_and_wolfram_research_announce_partnership_to_75ab502a] === 3 interaction extraction ===
[08:24:50 +6m 12s | thequantuminsider_2023_09_20_quera_computing_and_wolfram_research_announce_partnership_to_75ab502a] Extracting interactions: https://thequantuminsider.com/2023/09/20/quera-computing-and-wolfram-research-announce-partnership-to-integrate-neutral-atom-quantum-computing-into-mathematica (1/1), chunk 7/36
[08:24:54 +6m 16s | thequantuminsider_2023_09_20_quera_computing_and_wolfram_research_announce_partnership_to_75ab502a] Extracting interactions: https://thequantuminsider.com/2023/09/20/quera-computing-and-wolfram-research-announce-partnership-to-integrate-neutral-atom-quantum-computing-into-mathematica (1/1), chunk 11/36
[08:24:59 +6m 24s | thequantuminsider_2023_09_20_quera_computing_and_wolfram_research_announce_partnership_to_75ab502a] Extracting interactions: https://thequantuminsider.com/2023/09/20/quera-computing-and-wolfram-research-announce-partnership-to-integrate-neutral-atom-quantum-computing-into-mathematica (1/1), chunk 12/36
[08:25:29 +6m 56s | thequantuminsider_2023_09_20_quera_computing_and_wolfram_research_announce_partnership_to_75ab502a] Extracting interactions: https://thequantuminsider.com/2023/09/20/quera-computing-and-wolfram-research-announce-partnership-to-integrate-neutral-atom-quantum-computing-into-mathematica (1/1), chunk 13/36
[08:25:42 +7m 9s | thequantuminsider_2023_09_20_quera_computing_and_wolfram_research_announce_partnership_to_75ab502a] Extracting interactions: https://thequantuminsider.com/2023/09/20/quera-computing-and-wolfram-research-announce-partnership-to-integrate-neutral-atom-quantum-computing-into-mathematica (1/1), chunk 14/36
[08:25:52 +7m 19s | thequantuminsider_2023_09_20_quera_computing_and_wolfram_research_announce_partnership_to_75ab502a] Extracting interactions: https://thequantuminsider.com/2023/09/20/quera-computing-and-wolfram-research-announce-partnership-to-integrate-neutral-atom-quantum-computing-into-mathematica (1/1), chunk 15/36
[08:26:05 +7m 35s | thequantuminsider_2023_09_20_quera_computing_and_wolfram_research_announce_partnership_to_75ab502a] Extracting interactions: https://thequantuminsider.com/2023/09/20/quera-computing-and-wolfram-research-announce-partnership-to-integrate-neutral-atom-quantum-computing-into-mathematica (1/1), chunk 16/36
[08:26:07 +7m 37s | thequantuminsider_2023_09_20_quera_computing_and_wolfram_research_announce_partnership_to_75ab502a] Extracting interactions: https://thequantuminsider.com/2023/09/20/quera-computing-and-wolfram-research-announce-partnership-to-integrate-neutral-atom-quantum-computing-into-mathematica (1/1), chunk 19/36
[08:26:09 +7m 39s | thequantuminsider_2023_09_20_quera_computing_and_wolfram_research_announce_partnership_to_75ab502a] Extracting interactions: https://thequantuminsider.com/2023/09/20/quera-computing-and-wolfram-research-announce-partnership-to-integrate-neutral-atom-quantum-computing-into-mathematica (1/1), chunk 20/36
[08:26:29 +8m 1s | thequantuminsider_2023_09_20_quera_computing_and_wolfram_research_announce_partnership_to_75ab502a] Extracting interactions: https://thequantuminsider.com/2023/09/20/quera-computing-and-wolfram-research-announce-partnership-to-integrate-neutral-atom-quantum-computing-into-mathematica (1/1), chunk 25/36
[08:26:44 +8m 17s | thequantuminsider_2023_09_20_quera_computing_and_wolfram_research_announce_partnership_to_75ab502a] Extracting interactions: https://thequantuminsider.com/2023/09/20/quera-computing-and-wolfram-research-announce-partnership-to-integrate-neutral-atom-quantum-computing-into-mathematica (1/1), chunk 29/36
[08:26:46 +8m 18s | thequantuminsider_2023_09_20_quera_computing_and_wolfram_research_announce_partnership_to_75ab502a] Extracting interactions: https://thequantuminsider.com/2023/09/20/quera-computing-and-wolfram-research-announce-partnership-to-integrate-neutral-atom-quantum-computing-into-mathematica (1/1), chunk 30/36
[08:26:53 +8m 25s | thequantuminsider_2023_09_20_quera_computing_and_wolfram_research_announce_partnership_to_75ab502a] Extracting interactions: https://thequantuminsider.com/2023/09/20/quera-computing-and-wolfram-research-announce-partnership-to-integrate-neutral-atom-quantum-computing-into-mathematica (1/1), chunk 34/36
[08:26:55 +8m 27s | thequantuminsider_2023_09_20_quera_computing_and_wolfram_research_announce_partnership_to_75ab502a] Extracting interactions: https://thequantuminsider.com/2023/09/20/quera-computing-and-wolfram-research-announce-partnership-to-integrate-neutral-atom-quantum-computing-into-mathematica (1/1), chunk 35/36
[08:26:56 +8m 29s | thequantuminsider_2023_09_20_quera_computing_and_wolfram_research_announce_partnership_to_75ab502a] Saved 3_interaction_results.json with 16 extracted interactions.

[08:26:56 +8m 29s | thequantuminsider_2023_09_20_quera_computing_and_wolfram_research_announce_partnership_to_75ab502a] === 4 clean interactions ===
[08:26:56 +8m 29s | thequantuminsider_2023_09_20_quera_computing_and_wolfram_research_announce_partnership_to_75ab502a] Saved 4_edges.json with 6 cleaned interactions.

[08:26:56 +8m 29s | thequantuminsider_2023_09_20_quera_computing_and_wolfram_research_announce_partnership_to_75ab502a] === 5 helix enrichment ===
[08:26:56 +8m 29s | thequantuminsider_2023_09_20_quera_computing_and_wolfram_research_announce_partnership_to_75ab502a] Wrote 5_nodes.json (11 actors)
[08:26:56 +8m 29s | thequantuminsider_2023_09_20_quera_computing_and_wolfram_research_announce_partnership_to_75ab502a] Wrote 5_edges.json (6 interactions)
[08:26:56 +8m 29s | thequantuminsider_2023_09_20_quera_computing_and_wolfram_research_announce_partnership_to_75ab502a] Actor helix counts: {'Academia': 1, 'Civil Society': 2, 'Industry': 3, 'Intermediary': 1, 'Unknown': 4}
[08:26:56 +8m 29s | thequantuminsider_2023_09_20_quera_computing_and_wolfram_research_announce_partnership_to_75ab502a] Functional-space counts: {'Intra-helix / Not classified': 6}

[08:26:56 +8m 29s | thequantuminsider_2023_09_20_quera_computing_and_wolfram_research_announce_partnership_to_75ab502a] === 6 network visualisation ===
[08:26:57 +8m 29s | thequantuminsider_2023_09_20_quera_computing_and_wolfram_research_announce_partnership_to_75ab502a] Wrote quantum_network.html
[08:26:57 +8m 29s | thequantuminsider_2023_09_20_quera_computing_and_wolfram_research_announce_partnership_to_75ab502a] Nodes: 11
[08:26:57 +8m 29s | thequantuminsider_2023_09_20_quera_computing_and_wolfram_research_announce_partnership_to_75ab502a] Edges: 2

[08:26:54 +8m 29s | thequantuminsider_2023_09_20_quera_computing_and_wolfram_research_announce_partnership_to_75ab502a] Done. Outputs written to: /home/lv/IDP/idpdeeptech/pipeline/news_outputs/thequantuminsider_2023_09_20_quera_computing_and_wolfram_research_announce_partnership_to_75ab502a
[08:26:54 +8m 29s | thequantuminsider_2023_09_20_quera_computing_and_wolfram_research_announce_partnership_to_75ab502a] Log: /home/lv/IDP/idpdeeptech/pipeline/news_outputs/thequantuminsider_2023_09_20_quera_computing_and_wolfram_research_announce_partnership_to_75ab502a/run.log

========================================================================
RUN FINISHED 2026-07-05 08:26:54  (OK)
Started:     2026-07-05 08:19:06
Elapsed:     8m 29s
========================================================================
