
========================================================================
RUN STARTED  2026-07-05 08:41:12
site_pipeline.py https://thequantuminsider.com/2023/09/13/quantum-computing-in-scandinavia/
========================================================================

[08:41:12 +0s | thequantuminsider_2023_09_13_quantum_computing_in_scandinavia] === 0 crawl site ===
[08:41:13 +1s | thequantuminsider_2023_09_13_quantum_computing_in_scandinavia] [INIT].... → Crawl4AI 0.8.6 
[08:41:15 +4s | thequantuminsider_2023_09_13_quantum_computing_in_scandinavia] [FETCH]... ↓ https://thequantuminsider.com/2023/09/13/quantum-computing-in-scandinavia/                           | ✓ | ⏱: 2.03s 
[08:41:15 +4s | thequantuminsider_2023_09_13_quantum_computing_in_scandinavia] [SCRAPE].. ◆ https://thequantuminsider.com/2023/09/13/quantum-computing-in-scandinavia/                           | ✓ | ⏱: 0.14s 
[08:41:15 +4s | thequantuminsider_2023_09_13_quantum_computing_in_scandinavia] [COMPLETE] ● https://thequantuminsider.com/2023/09/13/quantum-computing-in-scandinavia/                           | ✓ | ⏱: 2.20s 
[08:41:15 +4s | thequantuminsider_2023_09_13_quantum_computing_in_scandinavia] Saved: crawl_output/0e50ff17d9_thequantuminsider.com_2023_09_13_quantum-computing-in-scandinavia.json

[08:41:16 +4s | thequantuminsider_2023_09_13_quantum_computing_in_scandinavia] === 1 actor extraction ===
[08:41:16 +4s | thequantuminsider_2023_09_13_quantum_computing_in_scandinavia] Reading page (1/1): https://thequantuminsider.com/2023/09/13/quantum-computing-in-scandinavia
[08:41:16 +4s | thequantuminsider_2023_09_13_quantum_computing_in_scandinavia] Extracting actors: https://thequantuminsider.com/2023/09/13/quantum-computing-in-scandinavia (1/1), chunk 1/48
[08:41:17 +8s | thequantuminsider_2023_09_13_quantum_computing_in_scandinavia] Extracting actors: https://thequantuminsider.com/2023/09/13/quantum-computing-in-scandinavia (1/1), chunk 2/48
[08:41:23 +14s | thequantuminsider_2023_09_13_quantum_computing_in_scandinavia] Extracting actors: https://thequantuminsider.com/2023/09/13/quantum-computing-in-scandinavia (1/1), chunk 3/48
[08:41:29 +20s | thequantuminsider_2023_09_13_quantum_computing_in_scandinavia] Extracting actors: https://thequantuminsider.com/2023/09/13/quantum-computing-in-scandinavia (1/1), chunk 4/48
[08:41:34 +25s | thequantuminsider_2023_09_13_quantum_computing_in_scandinavia] Extracting actors: https://thequantuminsider.com/2023/09/13/quantum-computing-in-scandinavia (1/1), chunk 5/48
[08:41:38 +29s | thequantuminsider_2023_09_13_quantum_computing_in_scandinavia] Extracting actors: https://thequantuminsider.com/2023/09/13/quantum-computing-in-scandinavia (1/1), chunk 6/48
[08:41:46 +39s | thequantuminsider_2023_09_13_quantum_computing_in_scandinavia] Extracting actors: https://thequantuminsider.com/2023/09/13/quantum-computing-in-scandinavia (1/1), chunk 7/48
[08:41:51 +45s | thequantuminsider_2023_09_13_quantum_computing_in_scandinavia] Extracting actors: https://thequantuminsider.com/2023/09/13/quantum-computing-in-scandinavia (1/1), chunk 8/48
[08:41:57 +50s | thequantuminsider_2023_09_13_quantum_computing_in_scandinavia] Extracting actors: https://thequantuminsider.com/2023/09/13/quantum-computing-in-scandinavia (1/1), chunk 9/48
[08:42:20 +1m 17s | thequantuminsider_2023_09_13_quantum_computing_in_scandinavia] Extracting actors: https://thequantuminsider.com/2023/09/13/quantum-computing-in-scandinavia (1/1), chunk 10/48
[08:42:27 +1m 23s | thequantuminsider_2023_09_13_quantum_computing_in_scandinavia] Extracting actors: https://thequantuminsider.com/2023/09/13/quantum-computing-in-scandinavia (1/1), chunk 11/48
[08:42:33 +1m 29s | thequantuminsider_2023_09_13_quantum_computing_in_scandinavia] Extracting actors: https://thequantuminsider.com/2023/09/13/quantum-computing-in-scandinavia (1/1), chunk 12/48
[08:42:39 +1m 35s | thequantuminsider_2023_09_13_quantum_computing_in_scandinavia] Repaired malformed JSON.
[08:42:39 +1m 35s | thequantuminsider_2023_09_13_quantum_computing_in_scandinavia] Extracting actors: https://thequantuminsider.com/2023/09/13/quantum-computing-in-scandinavia (1/1), chunk 13/48
[08:42:45 +1m 41s | thequantuminsider_2023_09_13_quantum_computing_in_scandinavia] Repaired malformed JSON.
[08:42:45 +1m 41s | thequantuminsider_2023_09_13_quantum_computing_in_scandinavia] Extracting actors: https://thequantuminsider.com/2023/09/13/quantum-computing-in-scandinavia (1/1), chunk 14/48
[08:42:50 +1m 49s | thequantuminsider_2023_09_13_quantum_computing_in_scandinavia] Repaired malformed JSON.
[08:42:50 +1m 49s | thequantuminsider_2023_09_13_quantum_computing_in_scandinavia] Extracting actors: https://thequantuminsider.com/2023/09/13/quantum-computing-in-scandinavia (1/1), chunk 15/48
[08:42:59 +1m 58s | thequantuminsider_2023_09_13_quantum_computing_in_scandinavia] Repaired malformed JSON.
[08:42:59 +1m 58s | thequantuminsider_2023_09_13_quantum_computing_in_scandinavia] Extracting actors: https://thequantuminsider.com/2023/09/13/quantum-computing-in-scandinavia (1/1), chunk 16/48
[08:43:07 +2m 6s | thequantuminsider_2023_09_13_quantum_computing_in_scandinavia] Repaired malformed JSON.
[08:43:07 +2m 6s | thequantuminsider_2023_09_13_quantum_computing_in_scandinavia] Extracting actors: https://thequantuminsider.com/2023/09/13/quantum-computing-in-scandinavia (1/1), chunk 17/48
[08:43:14 +2m 12s | thequantuminsider_2023_09_13_quantum_computing_in_scandinavia] Repaired malformed JSON.
[08:43:14 +2m 12s | thequantuminsider_2023_09_13_quantum_computing_in_scandinavia] Extracting actors: https://thequantuminsider.com/2023/09/13/quantum-computing-in-scandinavia (1/1), chunk 18/48
[08:43:19 +2m 21s | thequantuminsider_2023_09_13_quantum_computing_in_scandinavia] Repaired malformed JSON.
[08:43:19 +2m 21s | thequantuminsider_2023_09_13_quantum_computing_in_scandinavia] Extracting actors: https://thequantuminsider.com/2023/09/13/quantum-computing-in-scandinavia (1/1), chunk 19/48
[08:43:46 +2m 50s | thequantuminsider_2023_09_13_quantum_computing_in_scandinavia] Repaired malformed JSON.
[08:43:46 +2m 50s | thequantuminsider_2023_09_13_quantum_computing_in_scandinavia] Extracting actors: https://thequantuminsider.com/2023/09/13/quantum-computing-in-scandinavia (1/1), chunk 20/48
[08:43:55 +2m 59s | thequantuminsider_2023_09_13_quantum_computing_in_scandinavia] Repaired malformed JSON.
[08:43:55 +2m 59s | thequantuminsider_2023_09_13_quantum_computing_in_scandinavia] Extracting actors: https://thequantuminsider.com/2023/09/13/quantum-computing-in-scandinavia (1/1), chunk 21/48
[08:44:01 +3m 5s | thequantuminsider_2023_09_13_quantum_computing_in_scandinavia] Repaired malformed JSON.
[08:44:01 +3m 5s | thequantuminsider_2023_09_13_quantum_computing_in_scandinavia] Extracting actors: https://thequantuminsider.com/2023/09/13/quantum-computing-in-scandinavia (1/1), chunk 22/48
[08:44:09 +3m 13s | thequantuminsider_2023_09_13_quantum_computing_in_scandinavia] Repaired malformed JSON.
[08:44:09 +3m 13s | thequantuminsider_2023_09_13_quantum_computing_in_scandinavia] Extracting actors: https://thequantuminsider.com/2023/09/13/quantum-computing-in-scandinavia (1/1), chunk 23/48
[08:44:16 +3m 22s | thequantuminsider_2023_09_13_quantum_computing_in_scandinavia] Repaired malformed JSON.
[08:44:16 +3m 22s | thequantuminsider_2023_09_13_quantum_computing_in_scandinavia] Extracting actors: https://thequantuminsider.com/2023/09/13/quantum-computing-in-scandinavia (1/1), chunk 24/48
[08:44:24 +3m 30s | thequantuminsider_2023_09_13_quantum_computing_in_scandinavia] Repaired malformed JSON.
[08:44:24 +3m 30s | thequantuminsider_2023_09_13_quantum_computing_in_scandinavia] Extracting actors: https://thequantuminsider.com/2023/09/13/quantum-computing-in-scandinavia (1/1), chunk 25/48
[08:44:35 +3m 41s | thequantuminsider_2023_09_13_quantum_computing_in_scandinavia] Repaired malformed JSON.
[08:44:35 +3m 41s | thequantuminsider_2023_09_13_quantum_computing_in_scandinavia] Extracting actors: https://thequantuminsider.com/2023/09/13/quantum-computing-in-scandinavia (1/1), chunk 26/48
[08:44:43 +3m 49s | thequantuminsider_2023_09_13_quantum_computing_in_scandinavia] Repaired malformed JSON.
[08:44:43 +3m 49s | thequantuminsider_2023_09_13_quantum_computing_in_scandinavia] Extracting actors: https://thequantuminsider.com/2023/09/13/quantum-computing-in-scandinavia (1/1), chunk 27/48
[08:44:57 +4m 6s | thequantuminsider_2023_09_13_quantum_computing_in_scandinavia] Repaired malformed JSON.
[08:44:57 +4m 6s | thequantuminsider_2023_09_13_quantum_computing_in_scandinavia] Extracting actors: https://thequantuminsider.com/2023/09/13/quantum-computing-in-scandinavia (1/1), chunk 28/48
[08:45:06 +4m 15s | thequantuminsider_2023_09_13_quantum_computing_in_scandinavia] Repaired malformed JSON.
[08:45:06 +4m 15s | thequantuminsider_2023_09_13_quantum_computing_in_scandinavia] Extracting actors: https://thequantuminsider.com/2023/09/13/quantum-computing-in-scandinavia (1/1), chunk 29/48
[08:45:14 +4m 23s | thequantuminsider_2023_09_13_quantum_computing_in_scandinavia] Repaired malformed JSON.
[08:45:14 +4m 23s | thequantuminsider_2023_09_13_quantum_computing_in_scandinavia] Extracting actors: https://thequantuminsider.com/2023/09/13/quantum-computing-in-scandinavia (1/1), chunk 30/48
[08:45:20 +4m 31s | thequantuminsider_2023_09_13_quantum_computing_in_scandinavia] Repaired malformed JSON.
[08:45:20 +4m 31s | thequantuminsider_2023_09_13_quantum_computing_in_scandinavia] Extracting actors: https://thequantuminsider.com/2023/09/13/quantum-computing-in-scandinavia (1/1), chunk 31/48
[08:45:30 +4m 42s | thequantuminsider_2023_09_13_quantum_computing_in_scandinavia] Repaired malformed JSON.
[08:45:30 +4m 42s | thequantuminsider_2023_09_13_quantum_computing_in_scandinavia] Extracting actors: https://thequantuminsider.com/2023/09/13/quantum-computing-in-scandinavia (1/1), chunk 32/48
[08:45:39 +4m 50s | thequantuminsider_2023_09_13_quantum_computing_in_scandinavia] Repaired malformed JSON.
[08:45:39 +4m 50s | thequantuminsider_2023_09_13_quantum_computing_in_scandinavia] Extracting actors: https://thequantuminsider.com/2023/09/13/quantum-computing-in-scandinavia (1/1), chunk 33/48
[08:46:10 +5m 24s | thequantuminsider_2023_09_13_quantum_computing_in_scandinavia] Repaired malformed JSON.
[08:46:10 +5m 24s | thequantuminsider_2023_09_13_quantum_computing_in_scandinavia] Extracting actors: https://thequantuminsider.com/2023/09/13/quantum-computing-in-scandinavia (1/1), chunk 34/48
[08:46:15 +5m 32s | thequantuminsider_2023_09_13_quantum_computing_in_scandinavia] Repaired malformed JSON.
[08:46:15 +5m 32s | thequantuminsider_2023_09_13_quantum_computing_in_scandinavia] Extracting actors: https://thequantuminsider.com/2023/09/13/quantum-computing-in-scandinavia (1/1), chunk 35/48
[08:46:25 +5m 42s | thequantuminsider_2023_09_13_quantum_computing_in_scandinavia] Repaired malformed JSON.
[08:46:25 +5m 42s | thequantuminsider_2023_09_13_quantum_computing_in_scandinavia] Extracting actors: https://thequantuminsider.com/2023/09/13/quantum-computing-in-scandinavia (1/1), chunk 36/48
[08:46:32 +5m 49s | thequantuminsider_2023_09_13_quantum_computing_in_scandinavia] Extracting actors: https://thequantuminsider.com/2023/09/13/quantum-computing-in-scandinavia (1/1), chunk 37/48
[08:46:39 +5m 56s | thequantuminsider_2023_09_13_quantum_computing_in_scandinavia] Repaired malformed JSON.
[08:46:39 +5m 56s | thequantuminsider_2023_09_13_quantum_computing_in_scandinavia] Extracting actors: https://thequantuminsider.com/2023/09/13/quantum-computing-in-scandinavia (1/1), chunk 38/48
[08:46:41 +5m 58s | thequantuminsider_2023_09_13_quantum_computing_in_scandinavia] Extracting actors: https://thequantuminsider.com/2023/09/13/quantum-computing-in-scandinavia (1/1), chunk 39/48
[08:46:46 +6m 5s | thequantuminsider_2023_09_13_quantum_computing_in_scandinavia] Repaired malformed JSON.
[08:46:46 +6m 5s | thequantuminsider_2023_09_13_quantum_computing_in_scandinavia] Extracting actors: https://thequantuminsider.com/2023/09/13/quantum-computing-in-scandinavia (1/1), chunk 40/48
[08:46:56 +6m 15s | thequantuminsider_2023_09_13_quantum_computing_in_scandinavia] Repaired malformed JSON.
[08:46:56 +6m 15s | thequantuminsider_2023_09_13_quantum_computing_in_scandinavia] Extracting actors: https://thequantuminsider.com/2023/09/13/quantum-computing-in-scandinavia (1/1), chunk 41/48
[08:47:08 +6m 27s | thequantuminsider_2023_09_13_quantum_computing_in_scandinavia] Repaired malformed JSON.
[08:47:08 +6m 27s | thequantuminsider_2023_09_13_quantum_computing_in_scandinavia] Extracting actors: https://thequantuminsider.com/2023/09/13/quantum-computing-in-scandinavia (1/1), chunk 42/48
[08:47:13 +6m 35s | thequantuminsider_2023_09_13_quantum_computing_in_scandinavia] Repaired malformed JSON.
[08:47:13 +6m 35s | thequantuminsider_2023_09_13_quantum_computing_in_scandinavia] Extracting actors: https://thequantuminsider.com/2023/09/13/quantum-computing-in-scandinavia (1/1), chunk 43/48
[08:47:37 +6m 59s | thequantuminsider_2023_09_13_quantum_computing_in_scandinavia] Repaired malformed JSON.
[08:47:37 +6m 59s | thequantuminsider_2023_09_13_quantum_computing_in_scandinavia] Extracting actors: https://thequantuminsider.com/2023/09/13/quantum-computing-in-scandinavia (1/1), chunk 44/48
[08:47:44 +7m 8s | thequantuminsider_2023_09_13_quantum_computing_in_scandinavia] Repaired malformed JSON.
[08:47:44 +7m 8s | thequantuminsider_2023_09_13_quantum_computing_in_scandinavia] Extracting actors: https://thequantuminsider.com/2023/09/13/quantum-computing-in-scandinavia (1/1), chunk 45/48
[08:47:53 +7m 17s | thequantuminsider_2023_09_13_quantum_computing_in_scandinavia] Repaired malformed JSON.
[08:47:53 +7m 17s | thequantuminsider_2023_09_13_quantum_computing_in_scandinavia] Extracting actors: https://thequantuminsider.com/2023/09/13/quantum-computing-in-scandinavia (1/1), chunk 46/48
[08:48:04 +7m 28s | thequantuminsider_2023_09_13_quantum_computing_in_scandinavia] Repaired malformed JSON.
[08:48:04 +7m 28s | thequantuminsider_2023_09_13_quantum_computing_in_scandinavia] Extracting actors: https://thequantuminsider.com/2023/09/13/quantum-computing-in-scandinavia (1/1), chunk 47/48
[08:48:11 +7m 36s | thequantuminsider_2023_09_13_quantum_computing_in_scandinavia] Repaired malformed JSON.
[08:48:11 +7m 36s | thequantuminsider_2023_09_13_quantum_computing_in_scandinavia] Extracting actors: https://thequantuminsider.com/2023/09/13/quantum-computing-in-scandinavia (1/1), chunk 48/48
[08:48:18 +7m 45s | thequantuminsider_2023_09_13_quantum_computing_in_scandinavia] Repaired malformed JSON.
[08:48:18 +7m 45s | thequantuminsider_2023_09_13_quantum_computing_in_scandinavia] Saved 1_actor_results.json with 79 extracted records

[08:48:18 +7m 45s | thequantuminsider_2023_09_13_quantum_computing_in_scandinavia] === 2 clean actors ===
[08:48:18 +7m 46s | thequantuminsider_2023_09_13_quantum_computing_in_scandinavia] Loaded 79 extracted records
[08:48:18 +7m 46s | thequantuminsider_2023_09_13_quantum_computing_in_scandinavia] Saved 2_actor_nodes.json with 41 canonical actor nodes

[08:48:18 +7m 46s | thequantuminsider_2023_09_13_quantum_computing_in_scandinavia] === 3 interaction extraction ===
[08:48:18 +7m 46s | thequantuminsider_2023_09_13_quantum_computing_in_scandinavia] Extracting interactions: https://thequantuminsider.com/2023/09/13/quantum-computing-in-scandinavia (1/1), chunk 11/48
[08:48:20 +7m 47s | thequantuminsider_2023_09_13_quantum_computing_in_scandinavia] Extracting interactions: https://thequantuminsider.com/2023/09/13/quantum-computing-in-scandinavia (1/1), chunk 12/48
[08:48:30 +7m 57s | thequantuminsider_2023_09_13_quantum_computing_in_scandinavia] Extracting interactions: https://thequantuminsider.com/2023/09/13/quantum-computing-in-scandinavia (1/1), chunk 13/48
[08:48:43 +8m 10s | thequantuminsider_2023_09_13_quantum_computing_in_scandinavia] Extracting interactions: https://thequantuminsider.com/2023/09/13/quantum-computing-in-scandinavia (1/1), chunk 14/48
[08:48:59 +8m 28s | thequantuminsider_2023_09_13_quantum_computing_in_scandinavia] Extracting interactions: https://thequantuminsider.com/2023/09/13/quantum-computing-in-scandinavia (1/1), chunk 15/48
[08:49:13 +8m 42s | thequantuminsider_2023_09_13_quantum_computing_in_scandinavia] Extracting interactions: https://thequantuminsider.com/2023/09/13/quantum-computing-in-scandinavia (1/1), chunk 16/48
[08:49:17 +8m 49s | thequantuminsider_2023_09_13_quantum_computing_in_scandinavia] Extracting interactions: https://thequantuminsider.com/2023/09/13/quantum-computing-in-scandinavia (1/1), chunk 17/48
[08:49:32 +9m 4s | thequantuminsider_2023_09_13_quantum_computing_in_scandinavia] Extracting interactions: https://thequantuminsider.com/2023/09/13/quantum-computing-in-scandinavia (1/1), chunk 18/48
[08:49:47 +9m 22s | thequantuminsider_2023_09_13_quantum_computing_in_scandinavia] Extracting interactions: https://thequantuminsider.com/2023/09/13/quantum-computing-in-scandinavia (1/1), chunk 19/48
[08:49:51 +9m 26s | thequantuminsider_2023_09_13_quantum_computing_in_scandinavia] Extracting interactions: https://thequantuminsider.com/2023/09/13/quantum-computing-in-scandinavia (1/1), chunk 20/48
[08:49:55 +9m 30s | thequantuminsider_2023_09_13_quantum_computing_in_scandinavia] Extracting interactions: https://thequantuminsider.com/2023/09/13/quantum-computing-in-scandinavia (1/1), chunk 21/48
[08:50:15 +9m 52s | thequantuminsider_2023_09_13_quantum_computing_in_scandinavia] Extracting interactions: https://thequantuminsider.com/2023/09/13/quantum-computing-in-scandinavia (1/1), chunk 22/48
[08:50:27 +10m 5s | thequantuminsider_2023_09_13_quantum_computing_in_scandinavia] Extracting interactions: https://thequantuminsider.com/2023/09/13/quantum-computing-in-scandinavia (1/1), chunk 23/48
[08:50:56 +10m 36s | thequantuminsider_2023_09_13_quantum_computing_in_scandinavia] Extracting interactions: https://thequantuminsider.com/2023/09/13/quantum-computing-in-scandinavia (1/1), chunk 24/48
[08:51:11 +10m 53s | thequantuminsider_2023_09_13_quantum_computing_in_scandinavia] Extracting interactions: https://thequantuminsider.com/2023/09/13/quantum-computing-in-scandinavia (1/1), chunk 25/48
[08:51:15 +10m 57s | thequantuminsider_2023_09_13_quantum_computing_in_scandinavia] Extracting interactions: https://thequantuminsider.com/2023/09/13/quantum-computing-in-scandinavia (1/1), chunk 26/48
[08:51:48 +11m 33s | thequantuminsider_2023_09_13_quantum_computing_in_scandinavia] Extracting interactions: https://thequantuminsider.com/2023/09/13/quantum-computing-in-scandinavia (1/1), chunk 27/48
[08:52:30 +12m 18s | thequantuminsider_2023_09_13_quantum_computing_in_scandinavia] Extracting interactions: https://thequantuminsider.com/2023/09/13/quantum-computing-in-scandinavia (1/1), chunk 28/48
[08:52:34 +12m 22s | thequantuminsider_2023_09_13_quantum_computing_in_scandinavia] Extracting interactions: https://thequantuminsider.com/2023/09/13/quantum-computing-in-scandinavia (1/1), chunk 29/48
[08:52:39 +12m 27s | thequantuminsider_2023_09_13_quantum_computing_in_scandinavia] Extracting interactions: https://thequantuminsider.com/2023/09/13/quantum-computing-in-scandinavia (1/1), chunk 30/48
[08:52:40 +12m 28s | thequantuminsider_2023_09_13_quantum_computing_in_scandinavia] Extracting interactions: https://thequantuminsider.com/2023/09/13/quantum-computing-in-scandinavia (1/1), chunk 31/48
[08:52:39 +12m 30s | thequantuminsider_2023_09_13_quantum_computing_in_scandinavia] Extracting interactions: https://thequantuminsider.com/2023/09/13/quantum-computing-in-scandinavia (1/1), chunk 32/48
[08:53:06 +12m 57s | thequantuminsider_2023_09_13_quantum_computing_in_scandinavia] Extracting interactions: https://thequantuminsider.com/2023/09/13/quantum-computing-in-scandinavia (1/1), chunk 33/48
[08:53:09 +13m 2s | thequantuminsider_2023_09_13_quantum_computing_in_scandinavia] Extracting interactions: https://thequantuminsider.com/2023/09/13/quantum-computing-in-scandinavia (1/1), chunk 35/48
[08:53:10 +13m 3s | thequantuminsider_2023_09_13_quantum_computing_in_scandinavia] Extracting interactions: https://thequantuminsider.com/2023/09/13/quantum-computing-in-scandinavia (1/1), chunk 37/48
[08:53:18 +13m 11s | thequantuminsider_2023_09_13_quantum_computing_in_scandinavia] Extracting interactions: https://thequantuminsider.com/2023/09/13/quantum-computing-in-scandinavia (1/1), chunk 38/48
[08:53:20 +13m 13s | thequantuminsider_2023_09_13_quantum_computing_in_scandinavia] Extracting interactions: https://thequantuminsider.com/2023/09/13/quantum-computing-in-scandinavia (1/1), chunk 39/48
[08:53:24 +13m 17s | thequantuminsider_2023_09_13_quantum_computing_in_scandinavia] Extracting interactions: https://thequantuminsider.com/2023/09/13/quantum-computing-in-scandinavia (1/1), chunk 40/48
[08:53:26 +13m 20s | thequantuminsider_2023_09_13_quantum_computing_in_scandinavia] Extracting interactions: https://thequantuminsider.com/2023/09/13/quantum-computing-in-scandinavia (1/1), chunk 41/48
[08:53:28 +13m 21s | thequantuminsider_2023_09_13_quantum_computing_in_scandinavia] Extracting interactions: https://thequantuminsider.com/2023/09/13/quantum-computing-in-scandinavia (1/1), chunk 42/48
[08:53:31 +13m 24s | thequantuminsider_2023_09_13_quantum_computing_in_scandinavia] Extracting interactions: https://thequantuminsider.com/2023/09/13/quantum-computing-in-scandinavia (1/1), chunk 43/48
[08:53:33 +13m 26s | thequantuminsider_2023_09_13_quantum_computing_in_scandinavia] Extracting interactions: https://thequantuminsider.com/2023/09/13/quantum-computing-in-scandinavia (1/1), chunk 44/48
[08:53:35 +13m 29s | thequantuminsider_2023_09_13_quantum_computing_in_scandinavia] Extracting interactions: https://thequantuminsider.com/2023/09/13/quantum-computing-in-scandinavia (1/1), chunk 45/48
[08:53:37 +13m 31s | thequantuminsider_2023_09_13_quantum_computing_in_scandinavia] Extracting interactions: https://thequantuminsider.com/2023/09/13/quantum-computing-in-scandinavia (1/1), chunk 46/48
[08:53:39 +13m 32s | thequantuminsider_2023_09_13_quantum_computing_in_scandinavia] Extracting interactions: https://thequantuminsider.com/2023/09/13/quantum-computing-in-scandinavia (1/1), chunk 47/48
[08:53:38 +13m 34s | thequantuminsider_2023_09_13_quantum_computing_in_scandinavia] Extracting interactions: https://thequantuminsider.com/2023/09/13/quantum-computing-in-scandinavia (1/1), chunk 48/48
[08:53:40 +13m 36s | thequantuminsider_2023_09_13_quantum_computing_in_scandinavia] Saved 3_interaction_results.json with 45 extracted interactions.

[08:53:40 +13m 36s | thequantuminsider_2023_09_13_quantum_computing_in_scandinavia] === 4 clean interactions ===
[08:53:40 +13m 36s | thequantuminsider_2023_09_13_quantum_computing_in_scandinavia] Saved 4_edges.json with 9 cleaned interactions.

[08:53:40 +13m 36s | thequantuminsider_2023_09_13_quantum_computing_in_scandinavia] === 5 helix enrichment ===
[08:53:40 +13m 36s | thequantuminsider_2023_09_13_quantum_computing_in_scandinavia] Wrote 5_nodes.json (41 actors)
[08:53:40 +13m 36s | thequantuminsider_2023_09_13_quantum_computing_in_scandinavia] Wrote 5_edges.json (9 interactions)
[08:53:40 +13m 36s | thequantuminsider_2023_09_13_quantum_computing_in_scandinavia] Actor helix counts: {'Academia': 10, 'Civil Society': 4, 'Government': 1, 'Industry': 9, 'Intermediary': 3, 'Unknown': 14}
[08:53:40 +13m 36s | thequantuminsider_2023_09_13_quantum_computing_in_scandinavia] Functional-space counts: {'Innovation': 4, 'Intra-helix / Not classified': 2, 'Unknown': 3}

[08:53:40 +13m 36s | thequantuminsider_2023_09_13_quantum_computing_in_scandinavia] === 6 network visualisation ===
[08:53:40 +13m 36s | thequantuminsider_2023_09_13_quantum_computing_in_scandinavia] Wrote quantum_network.html
[08:53:40 +13m 36s | thequantuminsider_2023_09_13_quantum_computing_in_scandinavia] Nodes: 41
[08:53:40 +13m 36s | thequantuminsider_2023_09_13_quantum_computing_in_scandinavia] Edges: 6

[08:53:41 +13m 36s | thequantuminsider_2023_09_13_quantum_computing_in_scandinavia] Done. Outputs written to: /home/lv/IDP/idpdeeptech/pipeline/news_outputs/thequantuminsider_2023_09_13_quantum_computing_in_scandinavia
[08:53:41 +13m 36s | thequantuminsider_2023_09_13_quantum_computing_in_scandinavia] Log: /home/lv/IDP/idpdeeptech/pipeline/news_outputs/thequantuminsider_2023_09_13_quantum_computing_in_scandinavia/run.log

========================================================================
RUN FINISHED 2026-07-05 08:53:41  (OK)
Started:     2026-07-05 08:41:12
Elapsed:     13m 36s
========================================================================
