
========================================================================
RUN STARTED  2026-07-05 03:29:24
site_pipeline.py https://thequantuminsider.com/2023/11/14/nec-and-gurobi-optimization-sign-system-integration-partnership-agreement/
========================================================================

[03:29:24 +0s | thequantuminsider_2023_11_14_nec_and_gurobi_optimization_sign_system_integration_partners_9fb66397] === 0 crawl site ===
[03:29:26 +1s | thequantuminsider_2023_11_14_nec_and_gurobi_optimization_sign_system_integration_partners_9fb66397] [INIT].... → Crawl4AI 0.8.6 
[03:29:27 +3s | thequantuminsider_2023_11_14_nec_and_gurobi_optimization_sign_system_integration_partners_9fb66397] [FETCH]... ↓ https://thequantuminsider.com/2023/11/14/nec-and...n-sign-system-integration-partnership-agreement/  | ✓ | ⏱: 1.77s 
[03:29:27 +3s | thequantuminsider_2023_11_14_nec_and_gurobi_optimization_sign_system_integration_partners_9fb66397] [SCRAPE].. ◆ https://thequantuminsider.com/2023/11/14/nec-and...n-sign-system-integration-partnership-agreement/  | ✓ | ⏱: 0.13s 
[03:29:27 +3s | thequantuminsider_2023_11_14_nec_and_gurobi_optimization_sign_system_integration_partners_9fb66397] [COMPLETE] ● https://thequantuminsider.com/2023/11/14/nec-and...n-sign-system-integration-partnership-agreement/  | ✓ | ⏱: 1.93s 
[03:29:27 +3s | thequantuminsider_2023_11_14_nec_and_gurobi_optimization_sign_system_integration_partners_9fb66397] Saved: crawl_output/20b3bcbf54_thequantuminsider.com_2023_11_14_nec-and-gurobi-optimization-sign-system-integration-partnership-agreement.json

[03:29:28 +4s | thequantuminsider_2023_11_14_nec_and_gurobi_optimization_sign_system_integration_partners_9fb66397] === 1 actor extraction ===
[03:29:28 +4s | thequantuminsider_2023_11_14_nec_and_gurobi_optimization_sign_system_integration_partners_9fb66397] Reading page (1/1): https://thequantuminsider.com/2023/11/14/nec-and-gurobi-optimization-sign-system-integration-partnership-agreement
[03:29:28 +4s | thequantuminsider_2023_11_14_nec_and_gurobi_optimization_sign_system_integration_partners_9fb66397] Extracting actors: https://thequantuminsider.com/2023/11/14/nec-and-gurobi-optimization-sign-system-integration-partnership-agreement (1/1), chunk 1/37
[03:29:35 +11s | thequantuminsider_2023_11_14_nec_and_gurobi_optimization_sign_system_integration_partners_9fb66397] Repaired malformed JSON.
[03:29:35 +11s | thequantuminsider_2023_11_14_nec_and_gurobi_optimization_sign_system_integration_partners_9fb66397] Extracting actors: https://thequantuminsider.com/2023/11/14/nec-and-gurobi-optimization-sign-system-integration-partnership-agreement (1/1), chunk 2/37
[03:29:39 +17s | thequantuminsider_2023_11_14_nec_and_gurobi_optimization_sign_system_integration_partners_9fb66397] Repaired malformed JSON.
[03:29:39 +17s | thequantuminsider_2023_11_14_nec_and_gurobi_optimization_sign_system_integration_partners_9fb66397] Extracting actors: https://thequantuminsider.com/2023/11/14/nec-and-gurobi-optimization-sign-system-integration-partnership-agreement (1/1), chunk 3/37
[03:29:45 +23s | thequantuminsider_2023_11_14_nec_and_gurobi_optimization_sign_system_integration_partners_9fb66397] Repaired malformed JSON.
[03:29:45 +23s | thequantuminsider_2023_11_14_nec_and_gurobi_optimization_sign_system_integration_partners_9fb66397] Extracting actors: https://thequantuminsider.com/2023/11/14/nec-and-gurobi-optimization-sign-system-integration-partnership-agreement (1/1), chunk 4/37
[03:29:54 +31s | thequantuminsider_2023_11_14_nec_and_gurobi_optimization_sign_system_integration_partners_9fb66397] Repaired malformed JSON.
[03:29:54 +31s | thequantuminsider_2023_11_14_nec_and_gurobi_optimization_sign_system_integration_partners_9fb66397] Extracting actors: https://thequantuminsider.com/2023/11/14/nec-and-gurobi-optimization-sign-system-integration-partnership-agreement (1/1), chunk 5/37
[03:30:00 +38s | thequantuminsider_2023_11_14_nec_and_gurobi_optimization_sign_system_integration_partners_9fb66397] Repaired malformed JSON.
[03:30:00 +38s | thequantuminsider_2023_11_14_nec_and_gurobi_optimization_sign_system_integration_partners_9fb66397] Extracting actors: https://thequantuminsider.com/2023/11/14/nec-and-gurobi-optimization-sign-system-integration-partnership-agreement (1/1), chunk 6/37
[03:30:05 +42s | thequantuminsider_2023_11_14_nec_and_gurobi_optimization_sign_system_integration_partners_9fb66397] Extracting actors: https://thequantuminsider.com/2023/11/14/nec-and-gurobi-optimization-sign-system-integration-partnership-agreement (1/1), chunk 7/37
[03:30:29 +1m 8s | thequantuminsider_2023_11_14_nec_and_gurobi_optimization_sign_system_integration_partners_9fb66397] Repaired malformed JSON.
[03:30:29 +1m 8s | thequantuminsider_2023_11_14_nec_and_gurobi_optimization_sign_system_integration_partners_9fb66397] Extracting actors: https://thequantuminsider.com/2023/11/14/nec-and-gurobi-optimization-sign-system-integration-partnership-agreement (1/1), chunk 8/37
[03:30:35 +1m 14s | thequantuminsider_2023_11_14_nec_and_gurobi_optimization_sign_system_integration_partners_9fb66397] Repaired malformed JSON.
[03:30:35 +1m 14s | thequantuminsider_2023_11_14_nec_and_gurobi_optimization_sign_system_integration_partners_9fb66397] Extracting actors: https://thequantuminsider.com/2023/11/14/nec-and-gurobi-optimization-sign-system-integration-partnership-agreement (1/1), chunk 9/37
[03:30:42 +1m 23s | thequantuminsider_2023_11_14_nec_and_gurobi_optimization_sign_system_integration_partners_9fb66397] Extracting actors: https://thequantuminsider.com/2023/11/14/nec-and-gurobi-optimization-sign-system-integration-partnership-agreement (1/1), chunk 10/37
[03:30:51 +1m 31s | thequantuminsider_2023_11_14_nec_and_gurobi_optimization_sign_system_integration_partners_9fb66397] Repaired malformed JSON.
[03:30:51 +1m 31s | thequantuminsider_2023_11_14_nec_and_gurobi_optimization_sign_system_integration_partners_9fb66397] Extracting actors: https://thequantuminsider.com/2023/11/14/nec-and-gurobi-optimization-sign-system-integration-partnership-agreement (1/1), chunk 11/37
[03:31:02 +1m 42s | thequantuminsider_2023_11_14_nec_and_gurobi_optimization_sign_system_integration_partners_9fb66397] Repaired malformed JSON.
[03:31:02 +1m 42s | thequantuminsider_2023_11_14_nec_and_gurobi_optimization_sign_system_integration_partners_9fb66397] Extracting actors: https://thequantuminsider.com/2023/11/14/nec-and-gurobi-optimization-sign-system-integration-partnership-agreement (1/1), chunk 12/37
[03:31:09 +1m 51s | thequantuminsider_2023_11_14_nec_and_gurobi_optimization_sign_system_integration_partners_9fb66397] Repaired malformed JSON.
[03:31:09 +1m 51s | thequantuminsider_2023_11_14_nec_and_gurobi_optimization_sign_system_integration_partners_9fb66397] Extracting actors: https://thequantuminsider.com/2023/11/14/nec-and-gurobi-optimization-sign-system-integration-partnership-agreement (1/1), chunk 13/37
[03:31:18 +2m 0s | thequantuminsider_2023_11_14_nec_and_gurobi_optimization_sign_system_integration_partners_9fb66397] Repaired malformed JSON.
[03:31:18 +2m 0s | thequantuminsider_2023_11_14_nec_and_gurobi_optimization_sign_system_integration_partners_9fb66397] Extracting actors: https://thequantuminsider.com/2023/11/14/nec-and-gurobi-optimization-sign-system-integration-partnership-agreement (1/1), chunk 14/37
[03:31:26 +2m 8s | thequantuminsider_2023_11_14_nec_and_gurobi_optimization_sign_system_integration_partners_9fb66397] Repaired malformed JSON.
[03:31:26 +2m 8s | thequantuminsider_2023_11_14_nec_and_gurobi_optimization_sign_system_integration_partners_9fb66397] Extracting actors: https://thequantuminsider.com/2023/11/14/nec-and-gurobi-optimization-sign-system-integration-partnership-agreement (1/1), chunk 15/37
[03:31:36 +2m 18s | thequantuminsider_2023_11_14_nec_and_gurobi_optimization_sign_system_integration_partners_9fb66397] Repaired malformed JSON.
[03:31:36 +2m 18s | thequantuminsider_2023_11_14_nec_and_gurobi_optimization_sign_system_integration_partners_9fb66397] Extracting actors: https://thequantuminsider.com/2023/11/14/nec-and-gurobi-optimization-sign-system-integration-partnership-agreement (1/1), chunk 16/37
[03:31:43 +2m 27s | thequantuminsider_2023_11_14_nec_and_gurobi_optimization_sign_system_integration_partners_9fb66397] Repaired malformed JSON.
[03:31:43 +2m 27s | thequantuminsider_2023_11_14_nec_and_gurobi_optimization_sign_system_integration_partners_9fb66397] Extracting actors: https://thequantuminsider.com/2023/11/14/nec-and-gurobi-optimization-sign-system-integration-partnership-agreement (1/1), chunk 17/37
[03:31:50 +2m 33s | thequantuminsider_2023_11_14_nec_and_gurobi_optimization_sign_system_integration_partners_9fb66397] Repaired malformed JSON.
[03:31:50 +2m 33s | thequantuminsider_2023_11_14_nec_and_gurobi_optimization_sign_system_integration_partners_9fb66397] Extracting actors: https://thequantuminsider.com/2023/11/14/nec-and-gurobi-optimization-sign-system-integration-partnership-agreement (1/1), chunk 18/37
[03:31:57 +2m 41s | thequantuminsider_2023_11_14_nec_and_gurobi_optimization_sign_system_integration_partners_9fb66397] Repaired malformed JSON.
[03:31:57 +2m 41s | thequantuminsider_2023_11_14_nec_and_gurobi_optimization_sign_system_integration_partners_9fb66397] Extracting actors: https://thequantuminsider.com/2023/11/14/nec-and-gurobi-optimization-sign-system-integration-partnership-agreement (1/1), chunk 19/37
[03:32:07 +2m 51s | thequantuminsider_2023_11_14_nec_and_gurobi_optimization_sign_system_integration_partners_9fb66397] Repaired malformed JSON.
[03:32:07 +2m 51s | thequantuminsider_2023_11_14_nec_and_gurobi_optimization_sign_system_integration_partners_9fb66397] Extracting actors: https://thequantuminsider.com/2023/11/14/nec-and-gurobi-optimization-sign-system-integration-partnership-agreement (1/1), chunk 20/37
[03:32:13 +2m 58s | thequantuminsider_2023_11_14_nec_and_gurobi_optimization_sign_system_integration_partners_9fb66397] Repaired malformed JSON.
[03:32:13 +2m 58s | thequantuminsider_2023_11_14_nec_and_gurobi_optimization_sign_system_integration_partners_9fb66397] Extracting actors: https://thequantuminsider.com/2023/11/14/nec-and-gurobi-optimization-sign-system-integration-partnership-agreement (1/1), chunk 21/37
[03:32:20 +3m 5s | thequantuminsider_2023_11_14_nec_and_gurobi_optimization_sign_system_integration_partners_9fb66397] Repaired malformed JSON.
[03:32:20 +3m 5s | thequantuminsider_2023_11_14_nec_and_gurobi_optimization_sign_system_integration_partners_9fb66397] Extracting actors: https://thequantuminsider.com/2023/11/14/nec-and-gurobi-optimization-sign-system-integration-partnership-agreement (1/1), chunk 22/37
[03:32:29 +3m 14s | thequantuminsider_2023_11_14_nec_and_gurobi_optimization_sign_system_integration_partners_9fb66397] Repaired malformed JSON.
[03:32:29 +3m 14s | thequantuminsider_2023_11_14_nec_and_gurobi_optimization_sign_system_integration_partners_9fb66397] Extracting actors: https://thequantuminsider.com/2023/11/14/nec-and-gurobi-optimization-sign-system-integration-partnership-agreement (1/1), chunk 23/37
[03:32:37 +3m 22s | thequantuminsider_2023_11_14_nec_and_gurobi_optimization_sign_system_integration_partners_9fb66397] Repaired malformed JSON.
[03:32:37 +3m 22s | thequantuminsider_2023_11_14_nec_and_gurobi_optimization_sign_system_integration_partners_9fb66397] Extracting actors: https://thequantuminsider.com/2023/11/14/nec-and-gurobi-optimization-sign-system-integration-partnership-agreement (1/1), chunk 24/37
[03:32:42 +3m 29s | thequantuminsider_2023_11_14_nec_and_gurobi_optimization_sign_system_integration_partners_9fb66397] Repaired malformed JSON.
[03:32:42 +3m 29s | thequantuminsider_2023_11_14_nec_and_gurobi_optimization_sign_system_integration_partners_9fb66397] Extracting actors: https://thequantuminsider.com/2023/11/14/nec-and-gurobi-optimization-sign-system-integration-partnership-agreement (1/1), chunk 25/37
[03:32:47 +3m 34s | thequantuminsider_2023_11_14_nec_and_gurobi_optimization_sign_system_integration_partners_9fb66397] Extracting actors: https://thequantuminsider.com/2023/11/14/nec-and-gurobi-optimization-sign-system-integration-partnership-agreement (1/1), chunk 26/37
[03:32:55 +3m 42s | thequantuminsider_2023_11_14_nec_and_gurobi_optimization_sign_system_integration_partners_9fb66397] Repaired malformed JSON.
[03:32:55 +3m 42s | thequantuminsider_2023_11_14_nec_and_gurobi_optimization_sign_system_integration_partners_9fb66397] Extracting actors: https://thequantuminsider.com/2023/11/14/nec-and-gurobi-optimization-sign-system-integration-partnership-agreement (1/1), chunk 27/37
[03:33:03 +3m 50s | thequantuminsider_2023_11_14_nec_and_gurobi_optimization_sign_system_integration_partners_9fb66397] Extracting actors: https://thequantuminsider.com/2023/11/14/nec-and-gurobi-optimization-sign-system-integration-partnership-agreement (1/1), chunk 28/37
[03:33:13 +4m 1s | thequantuminsider_2023_11_14_nec_and_gurobi_optimization_sign_system_integration_partners_9fb66397] Extracting actors: https://thequantuminsider.com/2023/11/14/nec-and-gurobi-optimization-sign-system-integration-partnership-agreement (1/1), chunk 29/37
[03:33:18 +4m 7s | thequantuminsider_2023_11_14_nec_and_gurobi_optimization_sign_system_integration_partners_9fb66397] Repaired malformed JSON.
[03:33:18 +4m 7s | thequantuminsider_2023_11_14_nec_and_gurobi_optimization_sign_system_integration_partners_9fb66397] Extracting actors: https://thequantuminsider.com/2023/11/14/nec-and-gurobi-optimization-sign-system-integration-partnership-agreement (1/1), chunk 30/37
[03:33:26 +4m 14s | thequantuminsider_2023_11_14_nec_and_gurobi_optimization_sign_system_integration_partners_9fb66397] Repaired malformed JSON.
[03:33:26 +4m 14s | thequantuminsider_2023_11_14_nec_and_gurobi_optimization_sign_system_integration_partners_9fb66397] Extracting actors: https://thequantuminsider.com/2023/11/14/nec-and-gurobi-optimization-sign-system-integration-partnership-agreement (1/1), chunk 31/37
[03:33:32 +4m 21s | thequantuminsider_2023_11_14_nec_and_gurobi_optimization_sign_system_integration_partners_9fb66397] Repaired malformed JSON.
[03:33:32 +4m 21s | thequantuminsider_2023_11_14_nec_and_gurobi_optimization_sign_system_integration_partners_9fb66397] Extracting actors: https://thequantuminsider.com/2023/11/14/nec-and-gurobi-optimization-sign-system-integration-partnership-agreement (1/1), chunk 32/37
[03:33:39 +4m 28s | thequantuminsider_2023_11_14_nec_and_gurobi_optimization_sign_system_integration_partners_9fb66397] Repaired malformed JSON.
[03:33:39 +4m 28s | thequantuminsider_2023_11_14_nec_and_gurobi_optimization_sign_system_integration_partners_9fb66397] Extracting actors: https://thequantuminsider.com/2023/11/14/nec-and-gurobi-optimization-sign-system-integration-partnership-agreement (1/1), chunk 33/37
[03:33:43 +4m 33s | thequantuminsider_2023_11_14_nec_and_gurobi_optimization_sign_system_integration_partners_9fb66397] Repaired malformed JSON.
[03:33:43 +4m 33s | thequantuminsider_2023_11_14_nec_and_gurobi_optimization_sign_system_integration_partners_9fb66397] Extracting actors: https://thequantuminsider.com/2023/11/14/nec-and-gurobi-optimization-sign-system-integration-partnership-agreement (1/1), chunk 34/37
[03:34:11 +5m 1s | thequantuminsider_2023_11_14_nec_and_gurobi_optimization_sign_system_integration_partners_9fb66397] Repaired malformed JSON.
[03:34:11 +5m 1s | thequantuminsider_2023_11_14_nec_and_gurobi_optimization_sign_system_integration_partners_9fb66397] Extracting actors: https://thequantuminsider.com/2023/11/14/nec-and-gurobi-optimization-sign-system-integration-partnership-agreement (1/1), chunk 35/37
[03:34:31 +5m 22s | thequantuminsider_2023_11_14_nec_and_gurobi_optimization_sign_system_integration_partners_9fb66397] Repaired malformed JSON.
[03:34:31 +5m 22s | thequantuminsider_2023_11_14_nec_and_gurobi_optimization_sign_system_integration_partners_9fb66397] Extracting actors: https://thequantuminsider.com/2023/11/14/nec-and-gurobi-optimization-sign-system-integration-partnership-agreement (1/1), chunk 36/37
[03:34:37 +5m 29s | thequantuminsider_2023_11_14_nec_and_gurobi_optimization_sign_system_integration_partners_9fb66397] Repaired malformed JSON.
[03:34:37 +5m 29s | thequantuminsider_2023_11_14_nec_and_gurobi_optimization_sign_system_integration_partners_9fb66397] Extracting actors: https://thequantuminsider.com/2023/11/14/nec-and-gurobi-optimization-sign-system-integration-partnership-agreement (1/1), chunk 37/37
[03:34:43 +5m 35s | thequantuminsider_2023_11_14_nec_and_gurobi_optimization_sign_system_integration_partners_9fb66397] Repaired malformed JSON.
[03:34:43 +5m 35s | thequantuminsider_2023_11_14_nec_and_gurobi_optimization_sign_system_integration_partners_9fb66397] Saved 1_actor_results.json with 62 extracted records

[03:34:44 +5m 35s | thequantuminsider_2023_11_14_nec_and_gurobi_optimization_sign_system_integration_partners_9fb66397] === 2 clean actors ===
[03:34:44 +5m 35s | thequantuminsider_2023_11_14_nec_and_gurobi_optimization_sign_system_integration_partners_9fb66397] Loaded 62 extracted records
[03:34:44 +5m 35s | thequantuminsider_2023_11_14_nec_and_gurobi_optimization_sign_system_integration_partners_9fb66397] Saved 2_actor_nodes.json with 16 canonical actor nodes

[03:34:44 +5m 35s | thequantuminsider_2023_11_14_nec_and_gurobi_optimization_sign_system_integration_partners_9fb66397] === 3 interaction extraction ===
[03:34:44 +5m 35s | thequantuminsider_2023_11_14_nec_and_gurobi_optimization_sign_system_integration_partners_9fb66397] Extracting interactions: https://thequantuminsider.com/2023/11/14/nec-and-gurobi-optimization-sign-system-integration-partnership-agreement (1/1), chunk 11/37
[03:35:07 +6m 0s | thequantuminsider_2023_11_14_nec_and_gurobi_optimization_sign_system_integration_partners_9fb66397] Extracting interactions: https://thequantuminsider.com/2023/11/14/nec-and-gurobi-optimization-sign-system-integration-partnership-agreement (1/1), chunk 12/37
[03:35:20 +6m 15s | thequantuminsider_2023_11_14_nec_and_gurobi_optimization_sign_system_integration_partners_9fb66397] Extracting interactions: https://thequantuminsider.com/2023/11/14/nec-and-gurobi-optimization-sign-system-integration-partnership-agreement (1/1), chunk 13/37
[03:36:01 +6m 57s | thequantuminsider_2023_11_14_nec_and_gurobi_optimization_sign_system_integration_partners_9fb66397] Extracting interactions: https://thequantuminsider.com/2023/11/14/nec-and-gurobi-optimization-sign-system-integration-partnership-agreement (1/1), chunk 14/37
[03:36:17 +7m 13s | thequantuminsider_2023_11_14_nec_and_gurobi_optimization_sign_system_integration_partners_9fb66397] Extracting interactions: https://thequantuminsider.com/2023/11/14/nec-and-gurobi-optimization-sign-system-integration-partnership-agreement (1/1), chunk 15/37
[03:36:24 +7m 21s | thequantuminsider_2023_11_14_nec_and_gurobi_optimization_sign_system_integration_partners_9fb66397] Extracting interactions: https://thequantuminsider.com/2023/11/14/nec-and-gurobi-optimization-sign-system-integration-partnership-agreement (1/1), chunk 16/37
[03:36:28 +7m 25s | thequantuminsider_2023_11_14_nec_and_gurobi_optimization_sign_system_integration_partners_9fb66397] Extracting interactions: https://thequantuminsider.com/2023/11/14/nec-and-gurobi-optimization-sign-system-integration-partnership-agreement (1/1), chunk 17/37
[03:36:29 +7m 27s | thequantuminsider_2023_11_14_nec_and_gurobi_optimization_sign_system_integration_partners_9fb66397] Extracting interactions: https://thequantuminsider.com/2023/11/14/nec-and-gurobi-optimization-sign-system-integration-partnership-agreement (1/1), chunk 19/37
[03:36:47 +7m 47s | thequantuminsider_2023_11_14_nec_and_gurobi_optimization_sign_system_integration_partners_9fb66397] Extracting interactions: https://thequantuminsider.com/2023/11/14/nec-and-gurobi-optimization-sign-system-integration-partnership-agreement (1/1), chunk 20/37
[03:36:49 +7m 48s | thequantuminsider_2023_11_14_nec_and_gurobi_optimization_sign_system_integration_partners_9fb66397] Extracting interactions: https://thequantuminsider.com/2023/11/14/nec-and-gurobi-optimization-sign-system-integration-partnership-agreement (1/1), chunk 21/37
[03:37:00 +8m 0s | thequantuminsider_2023_11_14_nec_and_gurobi_optimization_sign_system_integration_partners_9fb66397] Extracting interactions: https://thequantuminsider.com/2023/11/14/nec-and-gurobi-optimization-sign-system-integration-partnership-agreement (1/1), chunk 22/37
[03:37:08 +8m 7s | thequantuminsider_2023_11_14_nec_and_gurobi_optimization_sign_system_integration_partners_9fb66397] Extracting interactions: https://thequantuminsider.com/2023/11/14/nec-and-gurobi-optimization-sign-system-integration-partnership-agreement (1/1), chunk 26/37
[03:37:11 +8m 11s | thequantuminsider_2023_11_14_nec_and_gurobi_optimization_sign_system_integration_partners_9fb66397] Extracting interactions: https://thequantuminsider.com/2023/11/14/nec-and-gurobi-optimization-sign-system-integration-partnership-agreement (1/1), chunk 27/37
[03:37:21 +8m 22s | thequantuminsider_2023_11_14_nec_and_gurobi_optimization_sign_system_integration_partners_9fb66397] Extracting interactions: https://thequantuminsider.com/2023/11/14/nec-and-gurobi-optimization-sign-system-integration-partnership-agreement (1/1), chunk 30/37
[03:37:23 +8m 23s | thequantuminsider_2023_11_14_nec_and_gurobi_optimization_sign_system_integration_partners_9fb66397] Extracting interactions: https://thequantuminsider.com/2023/11/14/nec-and-gurobi-optimization-sign-system-integration-partnership-agreement (1/1), chunk 31/37
[03:37:35 +8m 36s | thequantuminsider_2023_11_14_nec_and_gurobi_optimization_sign_system_integration_partners_9fb66397] Extracting interactions: https://thequantuminsider.com/2023/11/14/nec-and-gurobi-optimization-sign-system-integration-partnership-agreement (1/1), chunk 32/37
[03:37:37 +8m 38s | thequantuminsider_2023_11_14_nec_and_gurobi_optimization_sign_system_integration_partners_9fb66397] Extracting interactions: https://thequantuminsider.com/2023/11/14/nec-and-gurobi-optimization-sign-system-integration-partnership-agreement (1/1), chunk 33/37
[03:37:39 +8m 39s | thequantuminsider_2023_11_14_nec_and_gurobi_optimization_sign_system_integration_partners_9fb66397] Extracting interactions: https://thequantuminsider.com/2023/11/14/nec-and-gurobi-optimization-sign-system-integration-partnership-agreement (1/1), chunk 35/37
[03:37:40 +8m 41s | thequantuminsider_2023_11_14_nec_and_gurobi_optimization_sign_system_integration_partners_9fb66397] Extracting interactions: https://thequantuminsider.com/2023/11/14/nec-and-gurobi-optimization-sign-system-integration-partnership-agreement (1/1), chunk 36/37
[03:37:56 +8m 58s | thequantuminsider_2023_11_14_nec_and_gurobi_optimization_sign_system_integration_partners_9fb66397] Saved 3_interaction_results.json with 24 extracted interactions.

[03:37:56 +8m 58s | thequantuminsider_2023_11_14_nec_and_gurobi_optimization_sign_system_integration_partners_9fb66397] === 4 clean interactions ===
[03:37:56 +8m 58s | thequantuminsider_2023_11_14_nec_and_gurobi_optimization_sign_system_integration_partners_9fb66397] Saved 4_edges.json with 10 cleaned interactions.

[03:37:56 +8m 58s | thequantuminsider_2023_11_14_nec_and_gurobi_optimization_sign_system_integration_partners_9fb66397] === 5 helix enrichment ===
[03:37:56 +8m 58s | thequantuminsider_2023_11_14_nec_and_gurobi_optimization_sign_system_integration_partners_9fb66397] Wrote 5_nodes.json (16 actors)
[03:37:56 +8m 58s | thequantuminsider_2023_11_14_nec_and_gurobi_optimization_sign_system_integration_partners_9fb66397] Wrote 5_edges.json (10 interactions)
[03:37:56 +8m 58s | thequantuminsider_2023_11_14_nec_and_gurobi_optimization_sign_system_integration_partners_9fb66397] Actor helix counts: {'Academia': 1, 'Civil Society': 3, 'Industry': 6, 'Unknown': 6}
[03:37:56 +8m 58s | thequantuminsider_2023_11_14_nec_and_gurobi_optimization_sign_system_integration_partners_9fb66397] Functional-space counts: {'Intra-helix / Not classified': 10}

[03:37:56 +8m 58s | thequantuminsider_2023_11_14_nec_and_gurobi_optimization_sign_system_integration_partners_9fb66397] === 6 network visualisation ===
[03:37:56 +8m 58s | thequantuminsider_2023_11_14_nec_and_gurobi_optimization_sign_system_integration_partners_9fb66397] Wrote quantum_network.html
[03:37:56 +8m 58s | thequantuminsider_2023_11_14_nec_and_gurobi_optimization_sign_system_integration_partners_9fb66397] Nodes: 16
[03:37:56 +8m 58s | thequantuminsider_2023_11_14_nec_and_gurobi_optimization_sign_system_integration_partners_9fb66397] Edges: 4

[03:37:56 +8m 59s | thequantuminsider_2023_11_14_nec_and_gurobi_optimization_sign_system_integration_partners_9fb66397] Done. Outputs written to: /home/lv/IDP/idpdeeptech/pipeline/news_outputs/thequantuminsider_2023_11_14_nec_and_gurobi_optimization_sign_system_integration_partners_9fb66397
[03:37:56 +8m 59s | thequantuminsider_2023_11_14_nec_and_gurobi_optimization_sign_system_integration_partners_9fb66397] Log: /home/lv/IDP/idpdeeptech/pipeline/news_outputs/thequantuminsider_2023_11_14_nec_and_gurobi_optimization_sign_system_integration_partners_9fb66397/run.log

========================================================================
RUN FINISHED 2026-07-05 03:37:56  (OK)
Started:     2026-07-05 03:29:24
Elapsed:     8m 59s
========================================================================
