
========================================================================
RUN STARTED  2026-07-05 03:08:28
site_pipeline.py https://thequantuminsider.com/2023/11/16/ses-led-eagle-1-onboards-tno-and-airbus-to-deliver-ground-station-for-quantum-key-distribution/
========================================================================

[03:08:28 +0s | thequantuminsider_2023_11_16_ses_led_eagle_1_onboards_tno_and_airbus_to_deliver_ground_st_4736c29b] === 0 crawl site ===
[03:08:29 +1s | thequantuminsider_2023_11_16_ses_led_eagle_1_onboards_tno_and_airbus_to_deliver_ground_st_4736c29b] [INIT].... → Crawl4AI 0.8.6 
[03:08:31 +3s | thequantuminsider_2023_11_16_ses_led_eagle_1_onboards_tno_and_airbus_to_deliver_ground_st_4736c29b] [FETCH]... ↓ https://thequantuminsider.com/2023/11/16/ses-led...ver-ground-station-for-quantum-key-distribution/  | ✓ | ⏱: 2.01s 
[03:08:31 +4s | thequantuminsider_2023_11_16_ses_led_eagle_1_onboards_tno_and_airbus_to_deliver_ground_st_4736c29b] [SCRAPE].. ◆ https://thequantuminsider.com/2023/11/16/ses-led...ver-ground-station-for-quantum-key-distribution/  | ✓ | ⏱: 0.12s 
[03:08:31 +4s | thequantuminsider_2023_11_16_ses_led_eagle_1_onboards_tno_and_airbus_to_deliver_ground_st_4736c29b] [COMPLETE] ● https://thequantuminsider.com/2023/11/16/ses-led...ver-ground-station-for-quantum-key-distribution/  | ✓ | ⏱: 2.15s 
[03:08:31 +4s | thequantuminsider_2023_11_16_ses_led_eagle_1_onboards_tno_and_airbus_to_deliver_ground_st_4736c29b] Saved: crawl_output/001cd14a4d_thequantuminsider.com_2023_11_16_ses-led-eagle-1-onboards-tno-and-airbus-to-deliver-ground-station-for-quantum-key-distribution.json

[03:08:32 +4s | thequantuminsider_2023_11_16_ses_led_eagle_1_onboards_tno_and_airbus_to_deliver_ground_st_4736c29b] === 1 actor extraction ===
[03:08:32 +4s | thequantuminsider_2023_11_16_ses_led_eagle_1_onboards_tno_and_airbus_to_deliver_ground_st_4736c29b] Reading page (1/1): https://thequantuminsider.com/2023/11/16/ses-led-eagle-1-onboards-tno-and-airbus-to-deliver-ground-station-for-quantum-key-distribution
[03:08:32 +4s | thequantuminsider_2023_11_16_ses_led_eagle_1_onboards_tno_and_airbus_to_deliver_ground_st_4736c29b] Extracting actors: https://thequantuminsider.com/2023/11/16/ses-led-eagle-1-onboards-tno-and-airbus-to-deliver-ground-station-for-quantum-key-distribution (1/1), chunk 1/37
[03:08:37 +11s | thequantuminsider_2023_11_16_ses_led_eagle_1_onboards_tno_and_airbus_to_deliver_ground_st_4736c29b] Repaired malformed JSON.
[03:08:37 +11s | thequantuminsider_2023_11_16_ses_led_eagle_1_onboards_tno_and_airbus_to_deliver_ground_st_4736c29b] Extracting actors: https://thequantuminsider.com/2023/11/16/ses-led-eagle-1-onboards-tno-and-airbus-to-deliver-ground-station-for-quantum-key-distribution (1/1), chunk 2/37
[03:08:46 +20s | thequantuminsider_2023_11_16_ses_led_eagle_1_onboards_tno_and_airbus_to_deliver_ground_st_4736c29b] Repaired malformed JSON.
[03:08:46 +20s | thequantuminsider_2023_11_16_ses_led_eagle_1_onboards_tno_and_airbus_to_deliver_ground_st_4736c29b] Extracting actors: https://thequantuminsider.com/2023/11/16/ses-led-eagle-1-onboards-tno-and-airbus-to-deliver-ground-station-for-quantum-key-distribution (1/1), chunk 3/37
[03:08:58 +32s | thequantuminsider_2023_11_16_ses_led_eagle_1_onboards_tno_and_airbus_to_deliver_ground_st_4736c29b] Repaired malformed JSON.
[03:08:58 +32s | thequantuminsider_2023_11_16_ses_led_eagle_1_onboards_tno_and_airbus_to_deliver_ground_st_4736c29b] Extracting actors: https://thequantuminsider.com/2023/11/16/ses-led-eagle-1-onboards-tno-and-airbus-to-deliver-ground-station-for-quantum-key-distribution (1/1), chunk 4/37
[03:09:24 +59s | thequantuminsider_2023_11_16_ses_led_eagle_1_onboards_tno_and_airbus_to_deliver_ground_st_4736c29b] Repaired malformed JSON.
[03:09:24 +59s | thequantuminsider_2023_11_16_ses_led_eagle_1_onboards_tno_and_airbus_to_deliver_ground_st_4736c29b] Extracting actors: https://thequantuminsider.com/2023/11/16/ses-led-eagle-1-onboards-tno-and-airbus-to-deliver-ground-station-for-quantum-key-distribution (1/1), chunk 5/37
[03:09:34 +1m 10s | thequantuminsider_2023_11_16_ses_led_eagle_1_onboards_tno_and_airbus_to_deliver_ground_st_4736c29b] Repaired malformed JSON.
[03:09:34 +1m 10s | thequantuminsider_2023_11_16_ses_led_eagle_1_onboards_tno_and_airbus_to_deliver_ground_st_4736c29b] Extracting actors: https://thequantuminsider.com/2023/11/16/ses-led-eagle-1-onboards-tno-and-airbus-to-deliver-ground-station-for-quantum-key-distribution (1/1), chunk 6/37
[03:09:40 +1m 17s | thequantuminsider_2023_11_16_ses_led_eagle_1_onboards_tno_and_airbus_to_deliver_ground_st_4736c29b] Repaired malformed JSON.
[03:09:40 +1m 17s | thequantuminsider_2023_11_16_ses_led_eagle_1_onboards_tno_and_airbus_to_deliver_ground_st_4736c29b] Extracting actors: https://thequantuminsider.com/2023/11/16/ses-led-eagle-1-onboards-tno-and-airbus-to-deliver-ground-station-for-quantum-key-distribution (1/1), chunk 7/37
[03:09:48 +1m 24s | thequantuminsider_2023_11_16_ses_led_eagle_1_onboards_tno_and_airbus_to_deliver_ground_st_4736c29b] Repaired malformed JSON.
[03:09:48 +1m 24s | thequantuminsider_2023_11_16_ses_led_eagle_1_onboards_tno_and_airbus_to_deliver_ground_st_4736c29b] Extracting actors: https://thequantuminsider.com/2023/11/16/ses-led-eagle-1-onboards-tno-and-airbus-to-deliver-ground-station-for-quantum-key-distribution (1/1), chunk 8/37
[03:09:55 +1m 32s | thequantuminsider_2023_11_16_ses_led_eagle_1_onboards_tno_and_airbus_to_deliver_ground_st_4736c29b] Repaired malformed JSON.
[03:09:55 +1m 32s | thequantuminsider_2023_11_16_ses_led_eagle_1_onboards_tno_and_airbus_to_deliver_ground_st_4736c29b] Extracting actors: https://thequantuminsider.com/2023/11/16/ses-led-eagle-1-onboards-tno-and-airbus-to-deliver-ground-station-for-quantum-key-distribution (1/1), chunk 9/37
[03:10:04 +1m 41s | thequantuminsider_2023_11_16_ses_led_eagle_1_onboards_tno_and_airbus_to_deliver_ground_st_4736c29b] Repaired malformed JSON.
[03:10:04 +1m 41s | thequantuminsider_2023_11_16_ses_led_eagle_1_onboards_tno_and_airbus_to_deliver_ground_st_4736c29b] Extracting actors: https://thequantuminsider.com/2023/11/16/ses-led-eagle-1-onboards-tno-and-airbus-to-deliver-ground-station-for-quantum-key-distribution (1/1), chunk 10/37
[03:10:09 +1m 48s | thequantuminsider_2023_11_16_ses_led_eagle_1_onboards_tno_and_airbus_to_deliver_ground_st_4736c29b] Repaired malformed JSON.
[03:10:09 +1m 48s | thequantuminsider_2023_11_16_ses_led_eagle_1_onboards_tno_and_airbus_to_deliver_ground_st_4736c29b] Extracting actors: https://thequantuminsider.com/2023/11/16/ses-led-eagle-1-onboards-tno-and-airbus-to-deliver-ground-station-for-quantum-key-distribution (1/1), chunk 11/37
[03:10:19 +1m 57s | thequantuminsider_2023_11_16_ses_led_eagle_1_onboards_tno_and_airbus_to_deliver_ground_st_4736c29b] Repaired malformed JSON.
[03:10:19 +1m 57s | thequantuminsider_2023_11_16_ses_led_eagle_1_onboards_tno_and_airbus_to_deliver_ground_st_4736c29b] Extracting actors: https://thequantuminsider.com/2023/11/16/ses-led-eagle-1-onboards-tno-and-airbus-to-deliver-ground-station-for-quantum-key-distribution (1/1), chunk 12/37
[03:10:28 +2m 6s | thequantuminsider_2023_11_16_ses_led_eagle_1_onboards_tno_and_airbus_to_deliver_ground_st_4736c29b] Repaired malformed JSON.
[03:10:28 +2m 6s | thequantuminsider_2023_11_16_ses_led_eagle_1_onboards_tno_and_airbus_to_deliver_ground_st_4736c29b] Extracting actors: https://thequantuminsider.com/2023/11/16/ses-led-eagle-1-onboards-tno-and-airbus-to-deliver-ground-station-for-quantum-key-distribution (1/1), chunk 13/37
[03:10:37 +2m 15s | thequantuminsider_2023_11_16_ses_led_eagle_1_onboards_tno_and_airbus_to_deliver_ground_st_4736c29b] Repaired malformed JSON.
[03:10:37 +2m 15s | thequantuminsider_2023_11_16_ses_led_eagle_1_onboards_tno_and_airbus_to_deliver_ground_st_4736c29b] Extracting actors: https://thequantuminsider.com/2023/11/16/ses-led-eagle-1-onboards-tno-and-airbus-to-deliver-ground-station-for-quantum-key-distribution (1/1), chunk 14/37
[03:10:42 +2m 22s | thequantuminsider_2023_11_16_ses_led_eagle_1_onboards_tno_and_airbus_to_deliver_ground_st_4736c29b] Repaired malformed JSON.
[03:10:42 +2m 22s | thequantuminsider_2023_11_16_ses_led_eagle_1_onboards_tno_and_airbus_to_deliver_ground_st_4736c29b] Extracting actors: https://thequantuminsider.com/2023/11/16/ses-led-eagle-1-onboards-tno-and-airbus-to-deliver-ground-station-for-quantum-key-distribution (1/1), chunk 15/37
[03:10:49 +2m 29s | thequantuminsider_2023_11_16_ses_led_eagle_1_onboards_tno_and_airbus_to_deliver_ground_st_4736c29b] Repaired malformed JSON.
[03:10:49 +2m 29s | thequantuminsider_2023_11_16_ses_led_eagle_1_onboards_tno_and_airbus_to_deliver_ground_st_4736c29b] Extracting actors: https://thequantuminsider.com/2023/11/16/ses-led-eagle-1-onboards-tno-and-airbus-to-deliver-ground-station-for-quantum-key-distribution (1/1), chunk 16/37
[03:10:57 +2m 36s | thequantuminsider_2023_11_16_ses_led_eagle_1_onboards_tno_and_airbus_to_deliver_ground_st_4736c29b] Repaired malformed JSON.
[03:10:57 +2m 36s | thequantuminsider_2023_11_16_ses_led_eagle_1_onboards_tno_and_airbus_to_deliver_ground_st_4736c29b] Extracting actors: https://thequantuminsider.com/2023/11/16/ses-led-eagle-1-onboards-tno-and-airbus-to-deliver-ground-station-for-quantum-key-distribution (1/1), chunk 17/37
[03:11:07 +2m 46s | thequantuminsider_2023_11_16_ses_led_eagle_1_onboards_tno_and_airbus_to_deliver_ground_st_4736c29b] Repaired malformed JSON.
[03:11:07 +2m 46s | thequantuminsider_2023_11_16_ses_led_eagle_1_onboards_tno_and_airbus_to_deliver_ground_st_4736c29b] Extracting actors: https://thequantuminsider.com/2023/11/16/ses-led-eagle-1-onboards-tno-and-airbus-to-deliver-ground-station-for-quantum-key-distribution (1/1), chunk 18/37
[03:11:22 +3m 3s | thequantuminsider_2023_11_16_ses_led_eagle_1_onboards_tno_and_airbus_to_deliver_ground_st_4736c29b] Repaired malformed JSON.
[03:11:22 +3m 3s | thequantuminsider_2023_11_16_ses_led_eagle_1_onboards_tno_and_airbus_to_deliver_ground_st_4736c29b] Extracting actors: https://thequantuminsider.com/2023/11/16/ses-led-eagle-1-onboards-tno-and-airbus-to-deliver-ground-station-for-quantum-key-distribution (1/1), chunk 19/37
[03:11:32 +3m 13s | thequantuminsider_2023_11_16_ses_led_eagle_1_onboards_tno_and_airbus_to_deliver_ground_st_4736c29b] Repaired malformed JSON.
[03:11:32 +3m 13s | thequantuminsider_2023_11_16_ses_led_eagle_1_onboards_tno_and_airbus_to_deliver_ground_st_4736c29b] Extracting actors: https://thequantuminsider.com/2023/11/16/ses-led-eagle-1-onboards-tno-and-airbus-to-deliver-ground-station-for-quantum-key-distribution (1/1), chunk 20/37
[03:11:40 +3m 21s | thequantuminsider_2023_11_16_ses_led_eagle_1_onboards_tno_and_airbus_to_deliver_ground_st_4736c29b] Repaired malformed JSON.
[03:11:40 +3m 21s | thequantuminsider_2023_11_16_ses_led_eagle_1_onboards_tno_and_airbus_to_deliver_ground_st_4736c29b] Extracting actors: https://thequantuminsider.com/2023/11/16/ses-led-eagle-1-onboards-tno-and-airbus-to-deliver-ground-station-for-quantum-key-distribution (1/1), chunk 21/37
[03:11:49 +3m 31s | thequantuminsider_2023_11_16_ses_led_eagle_1_onboards_tno_and_airbus_to_deliver_ground_st_4736c29b] Repaired malformed JSON.
[03:11:49 +3m 31s | thequantuminsider_2023_11_16_ses_led_eagle_1_onboards_tno_and_airbus_to_deliver_ground_st_4736c29b] Extracting actors: https://thequantuminsider.com/2023/11/16/ses-led-eagle-1-onboards-tno-and-airbus-to-deliver-ground-station-for-quantum-key-distribution (1/1), chunk 22/37
[03:11:57 +3m 40s | thequantuminsider_2023_11_16_ses_led_eagle_1_onboards_tno_and_airbus_to_deliver_ground_st_4736c29b] Repaired malformed JSON.
[03:11:57 +3m 40s | thequantuminsider_2023_11_16_ses_led_eagle_1_onboards_tno_and_airbus_to_deliver_ground_st_4736c29b] Extracting actors: https://thequantuminsider.com/2023/11/16/ses-led-eagle-1-onboards-tno-and-airbus-to-deliver-ground-station-for-quantum-key-distribution (1/1), chunk 23/37
[03:12:05 +3m 48s | thequantuminsider_2023_11_16_ses_led_eagle_1_onboards_tno_and_airbus_to_deliver_ground_st_4736c29b] Repaired malformed JSON.
[03:12:05 +3m 48s | thequantuminsider_2023_11_16_ses_led_eagle_1_onboards_tno_and_airbus_to_deliver_ground_st_4736c29b] Extracting actors: https://thequantuminsider.com/2023/11/16/ses-led-eagle-1-onboards-tno-and-airbus-to-deliver-ground-station-for-quantum-key-distribution (1/1), chunk 24/37
[03:12:12 +3m 56s | thequantuminsider_2023_11_16_ses_led_eagle_1_onboards_tno_and_airbus_to_deliver_ground_st_4736c29b] Repaired malformed JSON.
[03:12:12 +3m 56s | thequantuminsider_2023_11_16_ses_led_eagle_1_onboards_tno_and_airbus_to_deliver_ground_st_4736c29b] Extracting actors: https://thequantuminsider.com/2023/11/16/ses-led-eagle-1-onboards-tno-and-airbus-to-deliver-ground-station-for-quantum-key-distribution (1/1), chunk 25/37
[03:12:19 +4m 3s | thequantuminsider_2023_11_16_ses_led_eagle_1_onboards_tno_and_airbus_to_deliver_ground_st_4736c29b] Extracting actors: https://thequantuminsider.com/2023/11/16/ses-led-eagle-1-onboards-tno-and-airbus-to-deliver-ground-station-for-quantum-key-distribution (1/1), chunk 26/37
[03:12:28 +4m 12s | thequantuminsider_2023_11_16_ses_led_eagle_1_onboards_tno_and_airbus_to_deliver_ground_st_4736c29b] Repaired malformed JSON.
[03:12:28 +4m 12s | thequantuminsider_2023_11_16_ses_led_eagle_1_onboards_tno_and_airbus_to_deliver_ground_st_4736c29b] Extracting actors: https://thequantuminsider.com/2023/11/16/ses-led-eagle-1-onboards-tno-and-airbus-to-deliver-ground-station-for-quantum-key-distribution (1/1), chunk 27/37
[03:12:35 +4m 19s | thequantuminsider_2023_11_16_ses_led_eagle_1_onboards_tno_and_airbus_to_deliver_ground_st_4736c29b] Extracting actors: https://thequantuminsider.com/2023/11/16/ses-led-eagle-1-onboards-tno-and-airbus-to-deliver-ground-station-for-quantum-key-distribution (1/1), chunk 28/37
[03:12:41 +4m 25s | thequantuminsider_2023_11_16_ses_led_eagle_1_onboards_tno_and_airbus_to_deliver_ground_st_4736c29b] Repaired malformed JSON.
[03:12:41 +4m 25s | thequantuminsider_2023_11_16_ses_led_eagle_1_onboards_tno_and_airbus_to_deliver_ground_st_4736c29b] Extracting actors: https://thequantuminsider.com/2023/11/16/ses-led-eagle-1-onboards-tno-and-airbus-to-deliver-ground-station-for-quantum-key-distribution (1/1), chunk 29/37
[03:12:47 +4m 32s | thequantuminsider_2023_11_16_ses_led_eagle_1_onboards_tno_and_airbus_to_deliver_ground_st_4736c29b] Repaired malformed JSON.
[03:12:47 +4m 32s | thequantuminsider_2023_11_16_ses_led_eagle_1_onboards_tno_and_airbus_to_deliver_ground_st_4736c29b] Extracting actors: https://thequantuminsider.com/2023/11/16/ses-led-eagle-1-onboards-tno-and-airbus-to-deliver-ground-station-for-quantum-key-distribution (1/1), chunk 30/37
[03:12:56 +4m 41s | thequantuminsider_2023_11_16_ses_led_eagle_1_onboards_tno_and_airbus_to_deliver_ground_st_4736c29b] Repaired malformed JSON.
[03:12:56 +4m 41s | thequantuminsider_2023_11_16_ses_led_eagle_1_onboards_tno_and_airbus_to_deliver_ground_st_4736c29b] Extracting actors: https://thequantuminsider.com/2023/11/16/ses-led-eagle-1-onboards-tno-and-airbus-to-deliver-ground-station-for-quantum-key-distribution (1/1), chunk 31/37
[03:13:02 +4m 48s | thequantuminsider_2023_11_16_ses_led_eagle_1_onboards_tno_and_airbus_to_deliver_ground_st_4736c29b] Repaired malformed JSON.
[03:13:02 +4m 48s | thequantuminsider_2023_11_16_ses_led_eagle_1_onboards_tno_and_airbus_to_deliver_ground_st_4736c29b] Extracting actors: https://thequantuminsider.com/2023/11/16/ses-led-eagle-1-onboards-tno-and-airbus-to-deliver-ground-station-for-quantum-key-distribution (1/1), chunk 32/37
[03:13:10 +4m 55s | thequantuminsider_2023_11_16_ses_led_eagle_1_onboards_tno_and_airbus_to_deliver_ground_st_4736c29b] Repaired malformed JSON.
[03:13:10 +4m 55s | thequantuminsider_2023_11_16_ses_led_eagle_1_onboards_tno_and_airbus_to_deliver_ground_st_4736c29b] Extracting actors: https://thequantuminsider.com/2023/11/16/ses-led-eagle-1-onboards-tno-and-airbus-to-deliver-ground-station-for-quantum-key-distribution (1/1), chunk 33/37
[03:13:16 +5m 3s | thequantuminsider_2023_11_16_ses_led_eagle_1_onboards_tno_and_airbus_to_deliver_ground_st_4736c29b] Repaired malformed JSON.
[03:13:16 +5m 3s | thequantuminsider_2023_11_16_ses_led_eagle_1_onboards_tno_and_airbus_to_deliver_ground_st_4736c29b] Extracting actors: https://thequantuminsider.com/2023/11/16/ses-led-eagle-1-onboards-tno-and-airbus-to-deliver-ground-station-for-quantum-key-distribution (1/1), chunk 34/37
[03:13:44 +5m 31s | thequantuminsider_2023_11_16_ses_led_eagle_1_onboards_tno_and_airbus_to_deliver_ground_st_4736c29b] Repaired malformed JSON.
[03:13:44 +5m 31s | thequantuminsider_2023_11_16_ses_led_eagle_1_onboards_tno_and_airbus_to_deliver_ground_st_4736c29b] Extracting actors: https://thequantuminsider.com/2023/11/16/ses-led-eagle-1-onboards-tno-and-airbus-to-deliver-ground-station-for-quantum-key-distribution (1/1), chunk 35/37
[03:13:50 +5m 38s | thequantuminsider_2023_11_16_ses_led_eagle_1_onboards_tno_and_airbus_to_deliver_ground_st_4736c29b] Repaired malformed JSON.
[03:13:50 +5m 38s | thequantuminsider_2023_11_16_ses_led_eagle_1_onboards_tno_and_airbus_to_deliver_ground_st_4736c29b] Extracting actors: https://thequantuminsider.com/2023/11/16/ses-led-eagle-1-onboards-tno-and-airbus-to-deliver-ground-station-for-quantum-key-distribution (1/1), chunk 36/37
[03:13:57 +5m 46s | thequantuminsider_2023_11_16_ses_led_eagle_1_onboards_tno_and_airbus_to_deliver_ground_st_4736c29b] Repaired malformed JSON.
[03:13:57 +5m 46s | thequantuminsider_2023_11_16_ses_led_eagle_1_onboards_tno_and_airbus_to_deliver_ground_st_4736c29b] Extracting actors: https://thequantuminsider.com/2023/11/16/ses-led-eagle-1-onboards-tno-and-airbus-to-deliver-ground-station-for-quantum-key-distribution (1/1), chunk 37/37
[03:14:06 +5m 54s | thequantuminsider_2023_11_16_ses_led_eagle_1_onboards_tno_and_airbus_to_deliver_ground_st_4736c29b] Repaired malformed JSON.
[03:14:06 +5m 54s | thequantuminsider_2023_11_16_ses_led_eagle_1_onboards_tno_and_airbus_to_deliver_ground_st_4736c29b] Saved 1_actor_results.json with 71 extracted records

[03:14:06 +5m 54s | thequantuminsider_2023_11_16_ses_led_eagle_1_onboards_tno_and_airbus_to_deliver_ground_st_4736c29b] === 2 clean actors ===
[03:14:06 +5m 54s | thequantuminsider_2023_11_16_ses_led_eagle_1_onboards_tno_and_airbus_to_deliver_ground_st_4736c29b] Loaded 71 extracted records
[03:14:06 +5m 54s | thequantuminsider_2023_11_16_ses_led_eagle_1_onboards_tno_and_airbus_to_deliver_ground_st_4736c29b] Saved 2_actor_nodes.json with 15 canonical actor nodes

[03:14:06 +5m 54s | thequantuminsider_2023_11_16_ses_led_eagle_1_onboards_tno_and_airbus_to_deliver_ground_st_4736c29b] === 3 interaction extraction ===
[03:14:06 +5m 54s | thequantuminsider_2023_11_16_ses_led_eagle_1_onboards_tno_and_airbus_to_deliver_ground_st_4736c29b] Extracting interactions: https://thequantuminsider.com/2023/11/16/ses-led-eagle-1-onboards-tno-and-airbus-to-deliver-ground-station-for-quantum-key-distribution (1/1), chunk 11/37
[03:14:12 +6m 1s | thequantuminsider_2023_11_16_ses_led_eagle_1_onboards_tno_and_airbus_to_deliver_ground_st_4736c29b] Extracting interactions: https://thequantuminsider.com/2023/11/16/ses-led-eagle-1-onboards-tno-and-airbus-to-deliver-ground-station-for-quantum-key-distribution (1/1), chunk 12/37
[03:14:23 +6m 13s | thequantuminsider_2023_11_16_ses_led_eagle_1_onboards_tno_and_airbus_to_deliver_ground_st_4736c29b] Extracting interactions: https://thequantuminsider.com/2023/11/16/ses-led-eagle-1-onboards-tno-and-airbus-to-deliver-ground-station-for-quantum-key-distribution (1/1), chunk 13/37
[03:15:01 +6m 52s | thequantuminsider_2023_11_16_ses_led_eagle_1_onboards_tno_and_airbus_to_deliver_ground_st_4736c29b] Extracting interactions: https://thequantuminsider.com/2023/11/16/ses-led-eagle-1-onboards-tno-and-airbus-to-deliver-ground-station-for-quantum-key-distribution (1/1), chunk 14/37
[03:15:31 +7m 23s | thequantuminsider_2023_11_16_ses_led_eagle_1_onboards_tno_and_airbus_to_deliver_ground_st_4736c29b] Extracting interactions: https://thequantuminsider.com/2023/11/16/ses-led-eagle-1-onboards-tno-and-airbus-to-deliver-ground-station-for-quantum-key-distribution (1/1), chunk 15/37
[03:15:47 +7m 39s | thequantuminsider_2023_11_16_ses_led_eagle_1_onboards_tno_and_airbus_to_deliver_ground_st_4736c29b] Extracting interactions: https://thequantuminsider.com/2023/11/16/ses-led-eagle-1-onboards-tno-and-airbus-to-deliver-ground-station-for-quantum-key-distribution (1/1), chunk 16/37
[03:15:55 +7m 49s | thequantuminsider_2023_11_16_ses_led_eagle_1_onboards_tno_and_airbus_to_deliver_ground_st_4736c29b] Extracting interactions: https://thequantuminsider.com/2023/11/16/ses-led-eagle-1-onboards-tno-and-airbus-to-deliver-ground-station-for-quantum-key-distribution (1/1), chunk 17/37
[03:15:56 +7m 51s | thequantuminsider_2023_11_16_ses_led_eagle_1_onboards_tno_and_airbus_to_deliver_ground_st_4736c29b] Extracting interactions: https://thequantuminsider.com/2023/11/16/ses-led-eagle-1-onboards-tno-and-airbus-to-deliver-ground-station-for-quantum-key-distribution (1/1), chunk 20/37
[03:15:59 +7m 53s | thequantuminsider_2023_11_16_ses_led_eagle_1_onboards_tno_and_airbus_to_deliver_ground_st_4736c29b] Extracting interactions: https://thequantuminsider.com/2023/11/16/ses-led-eagle-1-onboards-tno-and-airbus-to-deliver-ground-station-for-quantum-key-distribution (1/1), chunk 21/37
[03:16:03 +7m 57s | thequantuminsider_2023_11_16_ses_led_eagle_1_onboards_tno_and_airbus_to_deliver_ground_st_4736c29b] Extracting interactions: https://thequantuminsider.com/2023/11/16/ses-led-eagle-1-onboards-tno-and-airbus-to-deliver-ground-station-for-quantum-key-distribution (1/1), chunk 22/37
[03:16:05 +7m 59s | thequantuminsider_2023_11_16_ses_led_eagle_1_onboards_tno_and_airbus_to_deliver_ground_st_4736c29b] Extracting interactions: https://thequantuminsider.com/2023/11/16/ses-led-eagle-1-onboards-tno-and-airbus-to-deliver-ground-station-for-quantum-key-distribution (1/1), chunk 25/37
[03:16:11 +8m 6s | thequantuminsider_2023_11_16_ses_led_eagle_1_onboards_tno_and_airbus_to_deliver_ground_st_4736c29b] Extracting interactions: https://thequantuminsider.com/2023/11/16/ses-led-eagle-1-onboards-tno-and-airbus-to-deliver-ground-station-for-quantum-key-distribution (1/1), chunk 26/37
[03:16:15 +8m 9s | thequantuminsider_2023_11_16_ses_led_eagle_1_onboards_tno_and_airbus_to_deliver_ground_st_4736c29b] Extracting interactions: https://thequantuminsider.com/2023/11/16/ses-led-eagle-1-onboards-tno-and-airbus-to-deliver-ground-station-for-quantum-key-distribution (1/1), chunk 27/37
[03:16:17 +8m 11s | thequantuminsider_2023_11_16_ses_led_eagle_1_onboards_tno_and_airbus_to_deliver_ground_st_4736c29b] Extracting interactions: https://thequantuminsider.com/2023/11/16/ses-led-eagle-1-onboards-tno-and-airbus-to-deliver-ground-station-for-quantum-key-distribution (1/1), chunk 30/37
[03:16:18 +8m 12s | thequantuminsider_2023_11_16_ses_led_eagle_1_onboards_tno_and_airbus_to_deliver_ground_st_4736c29b] Extracting interactions: https://thequantuminsider.com/2023/11/16/ses-led-eagle-1-onboards-tno-and-airbus-to-deliver-ground-station-for-quantum-key-distribution (1/1), chunk 31/37
[03:16:18 +8m 14s | thequantuminsider_2023_11_16_ses_led_eagle_1_onboards_tno_and_airbus_to_deliver_ground_st_4736c29b] Extracting interactions: https://thequantuminsider.com/2023/11/16/ses-led-eagle-1-onboards-tno-and-airbus-to-deliver-ground-station-for-quantum-key-distribution (1/1), chunk 32/37
[03:16:20 +8m 15s | thequantuminsider_2023_11_16_ses_led_eagle_1_onboards_tno_and_airbus_to_deliver_ground_st_4736c29b] Extracting interactions: https://thequantuminsider.com/2023/11/16/ses-led-eagle-1-onboards-tno-and-airbus-to-deliver-ground-station-for-quantum-key-distribution (1/1), chunk 33/37
[03:16:21 +8m 17s | thequantuminsider_2023_11_16_ses_led_eagle_1_onboards_tno_and_airbus_to_deliver_ground_st_4736c29b] Extracting interactions: https://thequantuminsider.com/2023/11/16/ses-led-eagle-1-onboards-tno-and-airbus-to-deliver-ground-station-for-quantum-key-distribution (1/1), chunk 35/37
[03:16:23 +8m 18s | thequantuminsider_2023_11_16_ses_led_eagle_1_onboards_tno_and_airbus_to_deliver_ground_st_4736c29b] Extracting interactions: https://thequantuminsider.com/2023/11/16/ses-led-eagle-1-onboards-tno-and-airbus-to-deliver-ground-station-for-quantum-key-distribution (1/1), chunk 36/37
[03:16:24 +8m 20s | thequantuminsider_2023_11_16_ses_led_eagle_1_onboards_tno_and_airbus_to_deliver_ground_st_4736c29b] Extracting interactions: https://thequantuminsider.com/2023/11/16/ses-led-eagle-1-onboards-tno-and-airbus-to-deliver-ground-station-for-quantum-key-distribution (1/1), chunk 37/37
[03:16:26 +8m 22s | thequantuminsider_2023_11_16_ses_led_eagle_1_onboards_tno_and_airbus_to_deliver_ground_st_4736c29b] Saved 3_interaction_results.json with 28 extracted interactions.

[03:16:26 +8m 22s | thequantuminsider_2023_11_16_ses_led_eagle_1_onboards_tno_and_airbus_to_deliver_ground_st_4736c29b] === 4 clean interactions ===
[03:16:26 +8m 22s | thequantuminsider_2023_11_16_ses_led_eagle_1_onboards_tno_and_airbus_to_deliver_ground_st_4736c29b] Saved 4_edges.json with 10 cleaned interactions.

[03:16:26 +8m 22s | thequantuminsider_2023_11_16_ses_led_eagle_1_onboards_tno_and_airbus_to_deliver_ground_st_4736c29b] === 5 helix enrichment ===
[03:16:26 +8m 22s | thequantuminsider_2023_11_16_ses_led_eagle_1_onboards_tno_and_airbus_to_deliver_ground_st_4736c29b] Wrote 5_nodes.json (15 actors)
[03:16:26 +8m 22s | thequantuminsider_2023_11_16_ses_led_eagle_1_onboards_tno_and_airbus_to_deliver_ground_st_4736c29b] Wrote 5_edges.json (10 interactions)
[03:16:26 +8m 22s | thequantuminsider_2023_11_16_ses_led_eagle_1_onboards_tno_and_airbus_to_deliver_ground_st_4736c29b] Actor helix counts: {'Academia': 2, 'Civil Society': 5, 'Government': 1, 'Industry': 4, 'Unknown': 3}
[03:16:26 +8m 22s | thequantuminsider_2023_11_16_ses_led_eagle_1_onboards_tno_and_airbus_to_deliver_ground_st_4736c29b] Functional-space counts: {'Consensus': 2, 'Innovation': 6, 'Intra-helix / Not classified': 2}

[03:16:26 +8m 22s | thequantuminsider_2023_11_16_ses_led_eagle_1_onboards_tno_and_airbus_to_deliver_ground_st_4736c29b] === 6 network visualisation ===
[03:16:27 +8m 22s | thequantuminsider_2023_11_16_ses_led_eagle_1_onboards_tno_and_airbus_to_deliver_ground_st_4736c29b] Wrote quantum_network.html
[03:16:27 +8m 22s | thequantuminsider_2023_11_16_ses_led_eagle_1_onboards_tno_and_airbus_to_deliver_ground_st_4736c29b] Nodes: 15
[03:16:27 +8m 22s | thequantuminsider_2023_11_16_ses_led_eagle_1_onboards_tno_and_airbus_to_deliver_ground_st_4736c29b] Edges: 6

[03:16:27 +8m 22s | thequantuminsider_2023_11_16_ses_led_eagle_1_onboards_tno_and_airbus_to_deliver_ground_st_4736c29b] Done. Outputs written to: /home/lv/IDP/idpdeeptech/pipeline/news_outputs/thequantuminsider_2023_11_16_ses_led_eagle_1_onboards_tno_and_airbus_to_deliver_ground_st_4736c29b
[03:16:27 +8m 22s | thequantuminsider_2023_11_16_ses_led_eagle_1_onboards_tno_and_airbus_to_deliver_ground_st_4736c29b] Log: /home/lv/IDP/idpdeeptech/pipeline/news_outputs/thequantuminsider_2023_11_16_ses_led_eagle_1_onboards_tno_and_airbus_to_deliver_ground_st_4736c29b/run.log

========================================================================
RUN FINISHED 2026-07-05 03:16:27  (OK)
Started:     2026-07-05 03:08:28
Elapsed:     8m 22s
========================================================================
