
========================================================================
RUN STARTED  2026-07-04 23:10:43
site_pipeline.py https://thequantuminsider.com/2023/12/22/venture-capitalists-make-predictions-on-2024s-quantum-technology-industry/
========================================================================

[23:10:43 +0s | thequantuminsider_2023_12_22_venture_capitalists_make_predictions_on_2024s_quantum_techno_143e7cf1] === 0 crawl site ===
[23:10:48 +5s | thequantuminsider_2023_12_22_venture_capitalists_make_predictions_on_2024s_quantum_techno_143e7cf1] [INIT].... → Crawl4AI 0.8.6 
[23:10:52 +9s | thequantuminsider_2023_12_22_venture_capitalists_make_predictions_on_2024s_quantum_techno_143e7cf1] [FETCH]... ↓ https://thequantuminsider.com/2023/12/22/venture...redictions-on-2024s-quantum-technology-industry/  | ✓ | ⏱: 3.81s 
[23:10:53 +10s | thequantuminsider_2023_12_22_venture_capitalists_make_predictions_on_2024s_quantum_techno_143e7cf1] [SCRAPE].. ◆ https://thequantuminsider.com/2023/12/22/venture...redictions-on-2024s-quantum-technology-industry/  | ✓ | ⏱: 0.38s 
[23:10:53 +10s | thequantuminsider_2023_12_22_venture_capitalists_make_predictions_on_2024s_quantum_techno_143e7cf1] [COMPLETE] ● https://thequantuminsider.com/2023/12/22/venture...redictions-on-2024s-quantum-technology-industry/  | ✓ | ⏱: 4.25s 
[23:10:53 +10s | thequantuminsider_2023_12_22_venture_capitalists_make_predictions_on_2024s_quantum_techno_143e7cf1] Saved: crawl_output/f10a3d3816_thequantuminsider.com_2023_12_22_venture-capitalists-make-predictions-on-2024s-quantum-technology-industry.json

[23:10:54 +11s | thequantuminsider_2023_12_22_venture_capitalists_make_predictions_on_2024s_quantum_techno_143e7cf1] === 1 actor extraction ===
[23:10:54 +11s | thequantuminsider_2023_12_22_venture_capitalists_make_predictions_on_2024s_quantum_techno_143e7cf1] Reading page (1/1): https://thequantuminsider.com/2023/12/22/venture-capitalists-make-predictions-on-2024s-quantum-technology-industry
[23:10:54 +11s | thequantuminsider_2023_12_22_venture_capitalists_make_predictions_on_2024s_quantum_techno_143e7cf1] Extracting actors: https://thequantuminsider.com/2023/12/22/venture-capitalists-make-predictions-on-2024s-quantum-technology-industry (1/1), chunk 1/47
[23:11:00 +17s | thequantuminsider_2023_12_22_venture_capitalists_make_predictions_on_2024s_quantum_techno_143e7cf1] Extracting actors: https://thequantuminsider.com/2023/12/22/venture-capitalists-make-predictions-on-2024s-quantum-technology-industry (1/1), chunk 2/47
[23:11:04 +21s | thequantuminsider_2023_12_22_venture_capitalists_make_predictions_on_2024s_quantum_techno_143e7cf1] Extracting actors: https://thequantuminsider.com/2023/12/22/venture-capitalists-make-predictions-on-2024s-quantum-technology-industry (1/1), chunk 3/47
[23:11:10 +27s | thequantuminsider_2023_12_22_venture_capitalists_make_predictions_on_2024s_quantum_techno_143e7cf1] Extracting actors: https://thequantuminsider.com/2023/12/22/venture-capitalists-make-predictions-on-2024s-quantum-technology-industry (1/1), chunk 4/47
[23:11:34 +51s | thequantuminsider_2023_12_22_venture_capitalists_make_predictions_on_2024s_quantum_techno_143e7cf1] Extracting actors: https://thequantuminsider.com/2023/12/22/venture-capitalists-make-predictions-on-2024s-quantum-technology-industry (1/1), chunk 5/47
[23:11:41 +58s | thequantuminsider_2023_12_22_venture_capitalists_make_predictions_on_2024s_quantum_techno_143e7cf1] Extracting actors: https://thequantuminsider.com/2023/12/22/venture-capitalists-make-predictions-on-2024s-quantum-technology-industry (1/1), chunk 6/47
[23:11:50 +1m 6s | thequantuminsider_2023_12_22_venture_capitalists_make_predictions_on_2024s_quantum_techno_143e7cf1] Extracting actors: https://thequantuminsider.com/2023/12/22/venture-capitalists-make-predictions-on-2024s-quantum-technology-industry (1/1), chunk 7/47
[23:12:11 +1m 28s | thequantuminsider_2023_12_22_venture_capitalists_make_predictions_on_2024s_quantum_techno_143e7cf1] Extracting actors: https://thequantuminsider.com/2023/12/22/venture-capitalists-make-predictions-on-2024s-quantum-technology-industry (1/1), chunk 8/47
[23:12:18 +1m 35s | thequantuminsider_2023_12_22_venture_capitalists_make_predictions_on_2024s_quantum_techno_143e7cf1] Extracting actors: https://thequantuminsider.com/2023/12/22/venture-capitalists-make-predictions-on-2024s-quantum-technology-industry (1/1), chunk 9/47
[23:12:44 +2m 1s | thequantuminsider_2023_12_22_venture_capitalists_make_predictions_on_2024s_quantum_techno_143e7cf1] Extracting actors: https://thequantuminsider.com/2023/12/22/venture-capitalists-make-predictions-on-2024s-quantum-technology-industry (1/1), chunk 10/47
[23:12:52 +2m 9s | thequantuminsider_2023_12_22_venture_capitalists_make_predictions_on_2024s_quantum_techno_143e7cf1] Extracting actors: https://thequantuminsider.com/2023/12/22/venture-capitalists-make-predictions-on-2024s-quantum-technology-industry (1/1), chunk 11/47
[23:12:57 +2m 14s | thequantuminsider_2023_12_22_venture_capitalists_make_predictions_on_2024s_quantum_techno_143e7cf1] Extracting actors: https://thequantuminsider.com/2023/12/22/venture-capitalists-make-predictions-on-2024s-quantum-technology-industry (1/1), chunk 12/47
[23:13:07 +2m 24s | thequantuminsider_2023_12_22_venture_capitalists_make_predictions_on_2024s_quantum_techno_143e7cf1] Repaired malformed JSON.
[23:13:07 +2m 24s | thequantuminsider_2023_12_22_venture_capitalists_make_predictions_on_2024s_quantum_techno_143e7cf1] Extracting actors: https://thequantuminsider.com/2023/12/22/venture-capitalists-make-predictions-on-2024s-quantum-technology-industry (1/1), chunk 13/47
[23:13:15 +2m 32s | thequantuminsider_2023_12_22_venture_capitalists_make_predictions_on_2024s_quantum_techno_143e7cf1] Repaired malformed JSON.
[23:13:15 +2m 32s | thequantuminsider_2023_12_22_venture_capitalists_make_predictions_on_2024s_quantum_techno_143e7cf1] Extracting actors: https://thequantuminsider.com/2023/12/22/venture-capitalists-make-predictions-on-2024s-quantum-technology-industry (1/1), chunk 14/47
[23:13:35 +2m 52s | thequantuminsider_2023_12_22_venture_capitalists_make_predictions_on_2024s_quantum_techno_143e7cf1] Repaired malformed JSON.
[23:13:35 +2m 52s | thequantuminsider_2023_12_22_venture_capitalists_make_predictions_on_2024s_quantum_techno_143e7cf1] Extracting actors: https://thequantuminsider.com/2023/12/22/venture-capitalists-make-predictions-on-2024s-quantum-technology-industry (1/1), chunk 15/47
[23:13:44 +3m 1s | thequantuminsider_2023_12_22_venture_capitalists_make_predictions_on_2024s_quantum_techno_143e7cf1] Repaired malformed JSON.
[23:13:44 +3m 1s | thequantuminsider_2023_12_22_venture_capitalists_make_predictions_on_2024s_quantum_techno_143e7cf1] Extracting actors: https://thequantuminsider.com/2023/12/22/venture-capitalists-make-predictions-on-2024s-quantum-technology-industry (1/1), chunk 16/47
[23:13:54 +3m 11s | thequantuminsider_2023_12_22_venture_capitalists_make_predictions_on_2024s_quantum_techno_143e7cf1] Repaired malformed JSON.
[23:13:54 +3m 11s | thequantuminsider_2023_12_22_venture_capitalists_make_predictions_on_2024s_quantum_techno_143e7cf1] Extracting actors: https://thequantuminsider.com/2023/12/22/venture-capitalists-make-predictions-on-2024s-quantum-technology-industry (1/1), chunk 17/47
[23:14:01 +3m 18s | thequantuminsider_2023_12_22_venture_capitalists_make_predictions_on_2024s_quantum_techno_143e7cf1] Repaired malformed JSON.
[23:14:01 +3m 18s | thequantuminsider_2023_12_22_venture_capitalists_make_predictions_on_2024s_quantum_techno_143e7cf1] Extracting actors: https://thequantuminsider.com/2023/12/22/venture-capitalists-make-predictions-on-2024s-quantum-technology-industry (1/1), chunk 18/47
[23:14:10 +3m 27s | thequantuminsider_2023_12_22_venture_capitalists_make_predictions_on_2024s_quantum_techno_143e7cf1] Repaired malformed JSON.
[23:14:10 +3m 27s | thequantuminsider_2023_12_22_venture_capitalists_make_predictions_on_2024s_quantum_techno_143e7cf1] Extracting actors: https://thequantuminsider.com/2023/12/22/venture-capitalists-make-predictions-on-2024s-quantum-technology-industry (1/1), chunk 19/47
[23:14:19 +3m 36s | thequantuminsider_2023_12_22_venture_capitalists_make_predictions_on_2024s_quantum_techno_143e7cf1] Repaired malformed JSON.
[23:14:19 +3m 36s | thequantuminsider_2023_12_22_venture_capitalists_make_predictions_on_2024s_quantum_techno_143e7cf1] Extracting actors: https://thequantuminsider.com/2023/12/22/venture-capitalists-make-predictions-on-2024s-quantum-technology-industry (1/1), chunk 20/47
[23:14:44 +4m 1s | thequantuminsider_2023_12_22_venture_capitalists_make_predictions_on_2024s_quantum_techno_143e7cf1] Repaired malformed JSON.
[23:14:44 +4m 1s | thequantuminsider_2023_12_22_venture_capitalists_make_predictions_on_2024s_quantum_techno_143e7cf1] Extracting actors: https://thequantuminsider.com/2023/12/22/venture-capitalists-make-predictions-on-2024s-quantum-technology-industry (1/1), chunk 21/47
[23:14:52 +4m 9s | thequantuminsider_2023_12_22_venture_capitalists_make_predictions_on_2024s_quantum_techno_143e7cf1] Repaired malformed JSON.
[23:14:52 +4m 9s | thequantuminsider_2023_12_22_venture_capitalists_make_predictions_on_2024s_quantum_techno_143e7cf1] Extracting actors: https://thequantuminsider.com/2023/12/22/venture-capitalists-make-predictions-on-2024s-quantum-technology-industry (1/1), chunk 22/47
[23:15:01 +4m 18s | thequantuminsider_2023_12_22_venture_capitalists_make_predictions_on_2024s_quantum_techno_143e7cf1] Repaired malformed JSON.
[23:15:01 +4m 18s | thequantuminsider_2023_12_22_venture_capitalists_make_predictions_on_2024s_quantum_techno_143e7cf1] Extracting actors: https://thequantuminsider.com/2023/12/22/venture-capitalists-make-predictions-on-2024s-quantum-technology-industry (1/1), chunk 23/47
[23:15:10 +4m 27s | thequantuminsider_2023_12_22_venture_capitalists_make_predictions_on_2024s_quantum_techno_143e7cf1] Repaired malformed JSON.
[23:15:10 +4m 27s | thequantuminsider_2023_12_22_venture_capitalists_make_predictions_on_2024s_quantum_techno_143e7cf1] Extracting actors: https://thequantuminsider.com/2023/12/22/venture-capitalists-make-predictions-on-2024s-quantum-technology-industry (1/1), chunk 24/47
[23:15:17 +4m 34s | thequantuminsider_2023_12_22_venture_capitalists_make_predictions_on_2024s_quantum_techno_143e7cf1] Repaired malformed JSON.
[23:15:17 +4m 34s | thequantuminsider_2023_12_22_venture_capitalists_make_predictions_on_2024s_quantum_techno_143e7cf1] Extracting actors: https://thequantuminsider.com/2023/12/22/venture-capitalists-make-predictions-on-2024s-quantum-technology-industry (1/1), chunk 25/47
[23:15:25 +4m 42s | thequantuminsider_2023_12_22_venture_capitalists_make_predictions_on_2024s_quantum_techno_143e7cf1] Repaired malformed JSON.
[23:15:25 +4m 42s | thequantuminsider_2023_12_22_venture_capitalists_make_predictions_on_2024s_quantum_techno_143e7cf1] Extracting actors: https://thequantuminsider.com/2023/12/22/venture-capitalists-make-predictions-on-2024s-quantum-technology-industry (1/1), chunk 26/47
[23:15:34 +4m 51s | thequantuminsider_2023_12_22_venture_capitalists_make_predictions_on_2024s_quantum_techno_143e7cf1] Repaired malformed JSON.
[23:15:34 +4m 51s | thequantuminsider_2023_12_22_venture_capitalists_make_predictions_on_2024s_quantum_techno_143e7cf1] Extracting actors: https://thequantuminsider.com/2023/12/22/venture-capitalists-make-predictions-on-2024s-quantum-technology-industry (1/1), chunk 27/47
[23:15:41 +4m 58s | thequantuminsider_2023_12_22_venture_capitalists_make_predictions_on_2024s_quantum_techno_143e7cf1] Repaired malformed JSON.
[23:15:41 +4m 58s | thequantuminsider_2023_12_22_venture_capitalists_make_predictions_on_2024s_quantum_techno_143e7cf1] Extracting actors: https://thequantuminsider.com/2023/12/22/venture-capitalists-make-predictions-on-2024s-quantum-technology-industry (1/1), chunk 28/47
[23:15:48 +5m 5s | thequantuminsider_2023_12_22_venture_capitalists_make_predictions_on_2024s_quantum_techno_143e7cf1] Extracting actors: https://thequantuminsider.com/2023/12/22/venture-capitalists-make-predictions-on-2024s-quantum-technology-industry (1/1), chunk 29/47
[23:15:56 +5m 12s | thequantuminsider_2023_12_22_venture_capitalists_make_predictions_on_2024s_quantum_techno_143e7cf1] Extracting actors: https://thequantuminsider.com/2023/12/22/venture-capitalists-make-predictions-on-2024s-quantum-technology-industry (1/1), chunk 30/47
[23:16:04 +5m 21s | thequantuminsider_2023_12_22_venture_capitalists_make_predictions_on_2024s_quantum_techno_143e7cf1] Repaired malformed JSON.
[23:16:04 +5m 21s | thequantuminsider_2023_12_22_venture_capitalists_make_predictions_on_2024s_quantum_techno_143e7cf1] Extracting actors: https://thequantuminsider.com/2023/12/22/venture-capitalists-make-predictions-on-2024s-quantum-technology-industry (1/1), chunk 31/47
[23:16:11 +5m 27s | thequantuminsider_2023_12_22_venture_capitalists_make_predictions_on_2024s_quantum_techno_143e7cf1] Repaired malformed JSON.
[23:16:11 +5m 28s | thequantuminsider_2023_12_22_venture_capitalists_make_predictions_on_2024s_quantum_techno_143e7cf1] Extracting actors: https://thequantuminsider.com/2023/12/22/venture-capitalists-make-predictions-on-2024s-quantum-technology-industry (1/1), chunk 32/47
[23:16:18 +5m 35s | thequantuminsider_2023_12_22_venture_capitalists_make_predictions_on_2024s_quantum_techno_143e7cf1] Extracting actors: https://thequantuminsider.com/2023/12/22/venture-capitalists-make-predictions-on-2024s-quantum-technology-industry (1/1), chunk 33/47
[23:16:26 +5m 43s | thequantuminsider_2023_12_22_venture_capitalists_make_predictions_on_2024s_quantum_techno_143e7cf1] Repaired malformed JSON.
[23:16:26 +5m 43s | thequantuminsider_2023_12_22_venture_capitalists_make_predictions_on_2024s_quantum_techno_143e7cf1] Extracting actors: https://thequantuminsider.com/2023/12/22/venture-capitalists-make-predictions-on-2024s-quantum-technology-industry (1/1), chunk 34/47
[23:16:33 +5m 50s | thequantuminsider_2023_12_22_venture_capitalists_make_predictions_on_2024s_quantum_techno_143e7cf1] Repaired malformed JSON.
[23:16:33 +5m 50s | thequantuminsider_2023_12_22_venture_capitalists_make_predictions_on_2024s_quantum_techno_143e7cf1] Extracting actors: https://thequantuminsider.com/2023/12/22/venture-capitalists-make-predictions-on-2024s-quantum-technology-industry (1/1), chunk 35/47
[23:16:41 +5m 58s | thequantuminsider_2023_12_22_venture_capitalists_make_predictions_on_2024s_quantum_techno_143e7cf1] Extracting actors: https://thequantuminsider.com/2023/12/22/venture-capitalists-make-predictions-on-2024s-quantum-technology-industry (1/1), chunk 36/47
[23:16:48 +6m 5s | thequantuminsider_2023_12_22_venture_capitalists_make_predictions_on_2024s_quantum_techno_143e7cf1] Repaired malformed JSON.
[23:16:48 +6m 5s | thequantuminsider_2023_12_22_venture_capitalists_make_predictions_on_2024s_quantum_techno_143e7cf1] Extracting actors: https://thequantuminsider.com/2023/12/22/venture-capitalists-make-predictions-on-2024s-quantum-technology-industry (1/1), chunk 37/47
[23:16:52 +6m 9s | thequantuminsider_2023_12_22_venture_capitalists_make_predictions_on_2024s_quantum_techno_143e7cf1] Extracting actors: https://thequantuminsider.com/2023/12/22/venture-capitalists-make-predictions-on-2024s-quantum-technology-industry (1/1), chunk 38/47
[23:16:56 +6m 12s | thequantuminsider_2023_12_22_venture_capitalists_make_predictions_on_2024s_quantum_techno_143e7cf1] Extracting actors: https://thequantuminsider.com/2023/12/22/venture-capitalists-make-predictions-on-2024s-quantum-technology-industry (1/1), chunk 39/47
[23:17:05 +6m 22s | thequantuminsider_2023_12_22_venture_capitalists_make_predictions_on_2024s_quantum_techno_143e7cf1] Repaired malformed JSON.
[23:17:05 +6m 22s | thequantuminsider_2023_12_22_venture_capitalists_make_predictions_on_2024s_quantum_techno_143e7cf1] Extracting actors: https://thequantuminsider.com/2023/12/22/venture-capitalists-make-predictions-on-2024s-quantum-technology-industry (1/1), chunk 40/47
[23:17:11 +6m 28s | thequantuminsider_2023_12_22_venture_capitalists_make_predictions_on_2024s_quantum_techno_143e7cf1] Repaired malformed JSON.
[23:17:11 +6m 28s | thequantuminsider_2023_12_22_venture_capitalists_make_predictions_on_2024s_quantum_techno_143e7cf1] Extracting actors: https://thequantuminsider.com/2023/12/22/venture-capitalists-make-predictions-on-2024s-quantum-technology-industry (1/1), chunk 41/47
[23:17:19 +6m 36s | thequantuminsider_2023_12_22_venture_capitalists_make_predictions_on_2024s_quantum_techno_143e7cf1] Repaired malformed JSON.
[23:17:19 +6m 36s | thequantuminsider_2023_12_22_venture_capitalists_make_predictions_on_2024s_quantum_techno_143e7cf1] Extracting actors: https://thequantuminsider.com/2023/12/22/venture-capitalists-make-predictions-on-2024s-quantum-technology-industry (1/1), chunk 42/47
[23:17:26 +6m 43s | thequantuminsider_2023_12_22_venture_capitalists_make_predictions_on_2024s_quantum_techno_143e7cf1] Repaired malformed JSON.
[23:17:26 +6m 43s | thequantuminsider_2023_12_22_venture_capitalists_make_predictions_on_2024s_quantum_techno_143e7cf1] Extracting actors: https://thequantuminsider.com/2023/12/22/venture-capitalists-make-predictions-on-2024s-quantum-technology-industry (1/1), chunk 43/47
[23:17:51 +7m 8s | thequantuminsider_2023_12_22_venture_capitalists_make_predictions_on_2024s_quantum_techno_143e7cf1] Repaired malformed JSON.
[23:17:51 +7m 8s | thequantuminsider_2023_12_22_venture_capitalists_make_predictions_on_2024s_quantum_techno_143e7cf1] Extracting actors: https://thequantuminsider.com/2023/12/22/venture-capitalists-make-predictions-on-2024s-quantum-technology-industry (1/1), chunk 44/47
[23:17:59 +7m 16s | thequantuminsider_2023_12_22_venture_capitalists_make_predictions_on_2024s_quantum_techno_143e7cf1] Repaired malformed JSON.
[23:17:59 +7m 16s | thequantuminsider_2023_12_22_venture_capitalists_make_predictions_on_2024s_quantum_techno_143e7cf1] Extracting actors: https://thequantuminsider.com/2023/12/22/venture-capitalists-make-predictions-on-2024s-quantum-technology-industry (1/1), chunk 45/47
[23:18:07 +7m 24s | thequantuminsider_2023_12_22_venture_capitalists_make_predictions_on_2024s_quantum_techno_143e7cf1] Repaired malformed JSON.
[23:18:07 +7m 24s | thequantuminsider_2023_12_22_venture_capitalists_make_predictions_on_2024s_quantum_techno_143e7cf1] Extracting actors: https://thequantuminsider.com/2023/12/22/venture-capitalists-make-predictions-on-2024s-quantum-technology-industry (1/1), chunk 46/47
[23:18:13 +7m 30s | thequantuminsider_2023_12_22_venture_capitalists_make_predictions_on_2024s_quantum_techno_143e7cf1] Repaired malformed JSON.
[23:18:13 +7m 30s | thequantuminsider_2023_12_22_venture_capitalists_make_predictions_on_2024s_quantum_techno_143e7cf1] Extracting actors: https://thequantuminsider.com/2023/12/22/venture-capitalists-make-predictions-on-2024s-quantum-technology-industry (1/1), chunk 47/47
[23:18:23 +7m 40s | thequantuminsider_2023_12_22_venture_capitalists_make_predictions_on_2024s_quantum_techno_143e7cf1] Repaired malformed JSON.
[23:18:23 +7m 40s | thequantuminsider_2023_12_22_venture_capitalists_make_predictions_on_2024s_quantum_techno_143e7cf1] Saved 1_actor_results.json with 69 extracted records

[23:18:23 +7m 40s | thequantuminsider_2023_12_22_venture_capitalists_make_predictions_on_2024s_quantum_techno_143e7cf1] === 2 clean actors ===
[23:18:23 +7m 40s | thequantuminsider_2023_12_22_venture_capitalists_make_predictions_on_2024s_quantum_techno_143e7cf1] Traceback (most recent call last):
[23:18:23 +7m 40s | thequantuminsider_2023_12_22_venture_capitalists_make_predictions_on_2024s_quantum_techno_143e7cf1]   File "/home/lv/IDP/idpdeeptech/pipeline/clean_actors.py", line 429, in <module>
[23:18:23 +7m 40s | thequantuminsider_2023_12_22_venture_capitalists_make_predictions_on_2024s_quantum_techno_143e7cf1]     main()
[23:18:23 +7m 40s | thequantuminsider_2023_12_22_venture_capitalists_make_predictions_on_2024s_quantum_techno_143e7cf1]   File "/home/lv/IDP/idpdeeptech/pipeline/clean_actors.py", line 416, in main
[23:18:23 +7m 40s | thequantuminsider_2023_12_22_venture_capitalists_make_predictions_on_2024s_quantum_techno_143e7cf1]     records = json.loads(INPUT_JSON.read_text(encoding="utf-8"))
[23:18:23 +7m 40s | thequantuminsider_2023_12_22_venture_capitalists_make_predictions_on_2024s_quantum_techno_143e7cf1]   File "/usr/lib/python3.10/pathlib.py", line 1134, in read_text
[23:18:23 +7m 40s | thequantuminsider_2023_12_22_venture_capitalists_make_predictions_on_2024s_quantum_techno_143e7cf1]     with self.open(mode='r', encoding=encoding, errors=errors) as f:
[23:18:23 +7m 40s | thequantuminsider_2023_12_22_venture_capitalists_make_predictions_on_2024s_quantum_techno_143e7cf1]   File "/usr/lib/python3.10/pathlib.py", line 1119, in open
[23:18:23 +7m 40s | thequantuminsider_2023_12_22_venture_capitalists_make_predictions_on_2024s_quantum_techno_143e7cf1]     return self._accessor.open(self, mode, buffering, encoding, errors,
[23:18:23 +7m 40s | thequantuminsider_2023_12_22_venture_capitalists_make_predictions_on_2024s_quantum_techno_143e7cf1] FileNotFoundError: [Errno 2] No such file or directory: 'site_outputs/psiquantum_com/1_actor_results_pdf.json'

========================================================================
RUN FINISHED 2026-07-04 23:18:23  (FAILED)
Started:     2026-07-04 23:10:43
Elapsed:     7m 40s
========================================================================

========================================================================
RUN STARTED  2026-07-05 00:05:47
site_pipeline.py https://thequantuminsider.com/2023/12/22/venture-capitalists-make-predictions-on-2024s-quantum-technology-industry/
========================================================================

[00:05:47 +0s | thequantuminsider_2023_12_22_venture_capitalists_make_predictions_on_2024s_quantum_techno_143e7cf1] === 0 crawl site (skipped via auto (actor data already exists; pass --force to re-crawl), reusing /home/lv/IDP/idpdeeptech/pipeline/news_outputs/thequantuminsider_2023_12_22_venture_capitalists_make_predictions_on_2024s_quantum_techno_143e7cf1/crawl_output) ===

[00:05:47 +0s | thequantuminsider_2023_12_22_venture_capitalists_make_predictions_on_2024s_quantum_techno_143e7cf1] === 1 actor extraction ===
[00:05:47 +0s | thequantuminsider_2023_12_22_venture_capitalists_make_predictions_on_2024s_quantum_techno_143e7cf1] Auto-resume: 1 (url, ordinal) pairs already done, skipping them.
[00:05:47 +0s | thequantuminsider_2023_12_22_venture_capitalists_make_predictions_on_2024s_quantum_techno_143e7cf1] All 1 pages/URLs already processed (per 1_actor_results.progress.json). Nothing to do.
[00:05:47 +0s | thequantuminsider_2023_12_22_venture_capitalists_make_predictions_on_2024s_quantum_techno_143e7cf1] Delete the progress sidecar to force a full re-run, or pass --start-page N.

[00:05:47 +0s | thequantuminsider_2023_12_22_venture_capitalists_make_predictions_on_2024s_quantum_techno_143e7cf1] === 2 clean actors ===
[00:05:48 +0s | thequantuminsider_2023_12_22_venture_capitalists_make_predictions_on_2024s_quantum_techno_143e7cf1] Loaded 69 extracted records
[00:05:48 +0s | thequantuminsider_2023_12_22_venture_capitalists_make_predictions_on_2024s_quantum_techno_143e7cf1] Saved 2_actor_nodes.json with 33 canonical actor nodes

[00:05:48 +0s | thequantuminsider_2023_12_22_venture_capitalists_make_predictions_on_2024s_quantum_techno_143e7cf1] === 3 interaction extraction ===
[00:05:48 +1s | thequantuminsider_2023_12_22_venture_capitalists_make_predictions_on_2024s_quantum_techno_143e7cf1] Extracting interactions: https://thequantuminsider.com/2023/12/22/venture-capitalists-make-predictions-on-2024s-quantum-technology-industry (1/1), chunk 12/47
[00:05:55 +8s | thequantuminsider_2023_12_22_venture_capitalists_make_predictions_on_2024s_quantum_techno_143e7cf1] Extracting interactions: https://thequantuminsider.com/2023/12/22/venture-capitalists-make-predictions-on-2024s-quantum-technology-industry (1/1), chunk 13/47
[00:06:22 +36s | thequantuminsider_2023_12_22_venture_capitalists_make_predictions_on_2024s_quantum_techno_143e7cf1] Extracting interactions: https://thequantuminsider.com/2023/12/22/venture-capitalists-make-predictions-on-2024s-quantum-technology-industry (1/1), chunk 14/47
[00:06:46 +1m 0s | thequantuminsider_2023_12_22_venture_capitalists_make_predictions_on_2024s_quantum_techno_143e7cf1] Extracting interactions: https://thequantuminsider.com/2023/12/22/venture-capitalists-make-predictions-on-2024s-quantum-technology-industry (1/1), chunk 15/47
[00:06:51 +1m 5s | thequantuminsider_2023_12_22_venture_capitalists_make_predictions_on_2024s_quantum_techno_143e7cf1] Extracting interactions: https://thequantuminsider.com/2023/12/22/venture-capitalists-make-predictions-on-2024s-quantum-technology-industry (1/1), chunk 16/47
[00:07:00 +1m 14s | thequantuminsider_2023_12_22_venture_capitalists_make_predictions_on_2024s_quantum_techno_143e7cf1] Extracting interactions: https://thequantuminsider.com/2023/12/22/venture-capitalists-make-predictions-on-2024s-quantum-technology-industry (1/1), chunk 17/47
[00:07:05 +1m 19s | thequantuminsider_2023_12_22_venture_capitalists_make_predictions_on_2024s_quantum_techno_143e7cf1] Extracting interactions: https://thequantuminsider.com/2023/12/22/venture-capitalists-make-predictions-on-2024s-quantum-technology-industry (1/1), chunk 18/47
[00:07:06 +1m 20s | thequantuminsider_2023_12_22_venture_capitalists_make_predictions_on_2024s_quantum_techno_143e7cf1] Extracting interactions: https://thequantuminsider.com/2023/12/22/venture-capitalists-make-predictions-on-2024s-quantum-technology-industry (1/1), chunk 19/47
[00:07:10 +1m 25s | thequantuminsider_2023_12_22_venture_capitalists_make_predictions_on_2024s_quantum_techno_143e7cf1] Extracting interactions: https://thequantuminsider.com/2023/12/22/venture-capitalists-make-predictions-on-2024s-quantum-technology-industry (1/1), chunk 20/47
[00:07:14 +1m 29s | thequantuminsider_2023_12_22_venture_capitalists_make_predictions_on_2024s_quantum_techno_143e7cf1] Extracting interactions: https://thequantuminsider.com/2023/12/22/venture-capitalists-make-predictions-on-2024s-quantum-technology-industry (1/1), chunk 21/47
[00:07:23 +1m 38s | thequantuminsider_2023_12_22_venture_capitalists_make_predictions_on_2024s_quantum_techno_143e7cf1] Extracting interactions: https://thequantuminsider.com/2023/12/22/venture-capitalists-make-predictions-on-2024s-quantum-technology-industry (1/1), chunk 23/47
[00:07:31 +1m 46s | thequantuminsider_2023_12_22_venture_capitalists_make_predictions_on_2024s_quantum_techno_143e7cf1] Extracting interactions: https://thequantuminsider.com/2023/12/22/venture-capitalists-make-predictions-on-2024s-quantum-technology-industry (1/1), chunk 24/47
[00:07:38 +1m 52s | thequantuminsider_2023_12_22_venture_capitalists_make_predictions_on_2024s_quantum_techno_143e7cf1] Extracting interactions: https://thequantuminsider.com/2023/12/22/venture-capitalists-make-predictions-on-2024s-quantum-technology-industry (1/1), chunk 25/47
[00:07:39 +1m 54s | thequantuminsider_2023_12_22_venture_capitalists_make_predictions_on_2024s_quantum_techno_143e7cf1] Extracting interactions: https://thequantuminsider.com/2023/12/22/venture-capitalists-make-predictions-on-2024s-quantum-technology-industry (1/1), chunk 26/47
[00:07:47 +2m 3s | thequantuminsider_2023_12_22_venture_capitalists_make_predictions_on_2024s_quantum_techno_143e7cf1] Extracting interactions: https://thequantuminsider.com/2023/12/22/venture-capitalists-make-predictions-on-2024s-quantum-technology-industry (1/1), chunk 27/47
[00:07:54 +2m 9s | thequantuminsider_2023_12_22_venture_capitalists_make_predictions_on_2024s_quantum_techno_143e7cf1] Extracting interactions: https://thequantuminsider.com/2023/12/22/venture-capitalists-make-predictions-on-2024s-quantum-technology-industry (1/1), chunk 28/47
[00:07:55 +2m 11s | thequantuminsider_2023_12_22_venture_capitalists_make_predictions_on_2024s_quantum_techno_143e7cf1] Extracting interactions: https://thequantuminsider.com/2023/12/22/venture-capitalists-make-predictions-on-2024s-quantum-technology-industry (1/1), chunk 29/47
[00:07:58 +2m 13s | thequantuminsider_2023_12_22_venture_capitalists_make_predictions_on_2024s_quantum_techno_143e7cf1] Extracting interactions: https://thequantuminsider.com/2023/12/22/venture-capitalists-make-predictions-on-2024s-quantum-technology-industry (1/1), chunk 30/47
[00:08:00 +2m 15s | thequantuminsider_2023_12_22_venture_capitalists_make_predictions_on_2024s_quantum_techno_143e7cf1] Extracting interactions: https://thequantuminsider.com/2023/12/22/venture-capitalists-make-predictions-on-2024s-quantum-technology-industry (1/1), chunk 31/47
[00:08:05 +2m 20s | thequantuminsider_2023_12_22_venture_capitalists_make_predictions_on_2024s_quantum_techno_143e7cf1] Extracting interactions: https://thequantuminsider.com/2023/12/22/venture-capitalists-make-predictions-on-2024s-quantum-technology-industry (1/1), chunk 34/47
[00:08:08 +2m 24s | thequantuminsider_2023_12_22_venture_capitalists_make_predictions_on_2024s_quantum_techno_143e7cf1] Extracting interactions: https://thequantuminsider.com/2023/12/22/venture-capitalists-make-predictions-on-2024s-quantum-technology-industry (1/1), chunk 36/47
[00:08:15 +2m 31s | thequantuminsider_2023_12_22_venture_capitalists_make_predictions_on_2024s_quantum_techno_143e7cf1] Extracting interactions: https://thequantuminsider.com/2023/12/22/venture-capitalists-make-predictions-on-2024s-quantum-technology-industry (1/1), chunk 37/47
[00:08:20 +2m 36s | thequantuminsider_2023_12_22_venture_capitalists_make_predictions_on_2024s_quantum_techno_143e7cf1] Extracting interactions: https://thequantuminsider.com/2023/12/22/venture-capitalists-make-predictions-on-2024s-quantum-technology-industry (1/1), chunk 38/47
[00:08:22 +2m 38s | thequantuminsider_2023_12_22_venture_capitalists_make_predictions_on_2024s_quantum_techno_143e7cf1] Extracting interactions: https://thequantuminsider.com/2023/12/22/venture-capitalists-make-predictions-on-2024s-quantum-technology-industry (1/1), chunk 40/47
[00:08:23 +2m 39s | thequantuminsider_2023_12_22_venture_capitalists_make_predictions_on_2024s_quantum_techno_143e7cf1] Extracting interactions: https://thequantuminsider.com/2023/12/22/venture-capitalists-make-predictions-on-2024s-quantum-technology-industry (1/1), chunk 41/47
[00:08:25 +2m 41s | thequantuminsider_2023_12_22_venture_capitalists_make_predictions_on_2024s_quantum_techno_143e7cf1] Extracting interactions: https://thequantuminsider.com/2023/12/22/venture-capitalists-make-predictions-on-2024s-quantum-technology-industry (1/1), chunk 42/47
[00:08:27 +2m 42s | thequantuminsider_2023_12_22_venture_capitalists_make_predictions_on_2024s_quantum_techno_143e7cf1] Extracting interactions: https://thequantuminsider.com/2023/12/22/venture-capitalists-make-predictions-on-2024s-quantum-technology-industry (1/1), chunk 43/47
[00:08:31 +2m 47s | thequantuminsider_2023_12_22_venture_capitalists_make_predictions_on_2024s_quantum_techno_143e7cf1] Extracting interactions: https://thequantuminsider.com/2023/12/22/venture-capitalists-make-predictions-on-2024s-quantum-technology-industry (1/1), chunk 44/47
[00:08:33 +2m 49s | thequantuminsider_2023_12_22_venture_capitalists_make_predictions_on_2024s_quantum_techno_143e7cf1] Extracting interactions: https://thequantuminsider.com/2023/12/22/venture-capitalists-make-predictions-on-2024s-quantum-technology-industry (1/1), chunk 45/47
[00:08:35 +2m 51s | thequantuminsider_2023_12_22_venture_capitalists_make_predictions_on_2024s_quantum_techno_143e7cf1] Extracting interactions: https://thequantuminsider.com/2023/12/22/venture-capitalists-make-predictions-on-2024s-quantum-technology-industry (1/1), chunk 46/47
[00:08:37 +2m 53s | thequantuminsider_2023_12_22_venture_capitalists_make_predictions_on_2024s_quantum_techno_143e7cf1] Extracting interactions: https://thequantuminsider.com/2023/12/22/venture-capitalists-make-predictions-on-2024s-quantum-technology-industry (1/1), chunk 47/47
[00:08:43 +3m 0s | thequantuminsider_2023_12_22_venture_capitalists_make_predictions_on_2024s_quantum_techno_143e7cf1] Saved 3_interaction_results.json with 19 extracted interactions.

[00:08:44 +3m 0s | thequantuminsider_2023_12_22_venture_capitalists_make_predictions_on_2024s_quantum_techno_143e7cf1] === 4 clean interactions ===
[00:08:44 +3m 0s | thequantuminsider_2023_12_22_venture_capitalists_make_predictions_on_2024s_quantum_techno_143e7cf1] Saved 4_edges.json with 2 cleaned interactions.

[00:08:44 +3m 0s | thequantuminsider_2023_12_22_venture_capitalists_make_predictions_on_2024s_quantum_techno_143e7cf1] === 5 helix enrichment ===
[00:08:44 +3m 0s | thequantuminsider_2023_12_22_venture_capitalists_make_predictions_on_2024s_quantum_techno_143e7cf1] Wrote 5_nodes.json (33 actors)
[00:08:44 +3m 0s | thequantuminsider_2023_12_22_venture_capitalists_make_predictions_on_2024s_quantum_techno_143e7cf1] Wrote 5_edges.json (2 interactions)
[00:08:44 +3m 0s | thequantuminsider_2023_12_22_venture_capitalists_make_predictions_on_2024s_quantum_techno_143e7cf1] Actor helix counts: {'Academia': 2, 'Civil Society': 3, 'Industry': 7, 'Intermediary': 8, 'Unknown': 13}
[00:08:44 +3m 0s | thequantuminsider_2023_12_22_venture_capitalists_make_predictions_on_2024s_quantum_techno_143e7cf1] Functional-space counts: {'Unknown': 2}

[00:08:44 +3m 0s | thequantuminsider_2023_12_22_venture_capitalists_make_predictions_on_2024s_quantum_techno_143e7cf1] === 6 network visualisation ===
[00:08:44 +3m 0s | thequantuminsider_2023_12_22_venture_capitalists_make_predictions_on_2024s_quantum_techno_143e7cf1] Wrote quantum_network.html
[00:08:44 +3m 0s | thequantuminsider_2023_12_22_venture_capitalists_make_predictions_on_2024s_quantum_techno_143e7cf1] Nodes: 33
[00:08:44 +3m 0s | thequantuminsider_2023_12_22_venture_capitalists_make_predictions_on_2024s_quantum_techno_143e7cf1] Edges: 2

[00:08:44 +3m 1s | thequantuminsider_2023_12_22_venture_capitalists_make_predictions_on_2024s_quantum_techno_143e7cf1] Done. Outputs written to: /home/lv/IDP/idpdeeptech/pipeline/news_outputs/thequantuminsider_2023_12_22_venture_capitalists_make_predictions_on_2024s_quantum_techno_143e7cf1
[00:08:44 +3m 1s | thequantuminsider_2023_12_22_venture_capitalists_make_predictions_on_2024s_quantum_techno_143e7cf1] Log: /home/lv/IDP/idpdeeptech/pipeline/news_outputs/thequantuminsider_2023_12_22_venture_capitalists_make_predictions_on_2024s_quantum_techno_143e7cf1/run.log

========================================================================
RUN FINISHED 2026-07-05 00:08:44  (OK)
Started:     2026-07-05 00:05:47
Elapsed:     3m 1s
========================================================================
