
========================================================================
RUN STARTED  2026-07-05 03:21:57
site_pipeline.py https://thequantuminsider.com/2024/04/12/ireland-launches-quantum-2030-its-first-national-strategy-for-quantum-tech/
========================================================================

[03:21:57 +0s | thequantuminsider_2024_04_12_ireland_launches_quantum_2030_its_first_national_strategy_fo_387bbbda] === 0 crawl site ===
[03:21:59 +1s | thequantuminsider_2024_04_12_ireland_launches_quantum_2030_its_first_national_strategy_fo_387bbbda] [INIT].... → Crawl4AI 0.8.6 
[03:22:01 +3s | thequantuminsider_2024_04_12_ireland_launches_quantum_2030_its_first_national_strategy_fo_387bbbda] [FETCH]... ↓ https://thequantuminsider.com/2024/04/12/ireland...30-its-first-national-strategy-for-quantum-tech/  | ✓ | ⏱: 1.78s 
[03:22:01 +3s | thequantuminsider_2024_04_12_ireland_launches_quantum_2030_its_first_national_strategy_fo_387bbbda] [SCRAPE].. ◆ https://thequantuminsider.com/2024/04/12/ireland...30-its-first-national-strategy-for-quantum-tech/  | ✓ | ⏱: 0.20s 
[03:22:01 +3s | thequantuminsider_2024_04_12_ireland_launches_quantum_2030_its_first_national_strategy_fo_387bbbda] [COMPLETE] ● https://thequantuminsider.com/2024/04/12/ireland...30-its-first-national-strategy-for-quantum-tech/  | ✓ | ⏱: 2.00s 
[03:22:01 +3s | thequantuminsider_2024_04_12_ireland_launches_quantum_2030_its_first_national_strategy_fo_387bbbda] Saved: crawl_output/91c4dfba5e_thequantuminsider.com_2024_04_12_ireland-launches-quantum-2030-its-first-national-strategy-for-quantum-tech.json

[03:22:01 +4s | thequantuminsider_2024_04_12_ireland_launches_quantum_2030_its_first_national_strategy_fo_387bbbda] === 1 actor extraction ===
[03:22:01 +4s | thequantuminsider_2024_04_12_ireland_launches_quantum_2030_its_first_national_strategy_fo_387bbbda] Reading page (1/1): https://thequantuminsider.com/2024/04/12/ireland-launches-quantum-2030-its-first-national-strategy-for-quantum-tech
[03:22:01 +4s | thequantuminsider_2024_04_12_ireland_launches_quantum_2030_its_first_national_strategy_fo_387bbbda] Extracting actors: https://thequantuminsider.com/2024/04/12/ireland-launches-quantum-2030-its-first-national-strategy-for-quantum-tech (1/1), chunk 1/36
[03:22:06 +8s | thequantuminsider_2024_04_12_ireland_launches_quantum_2030_its_first_national_strategy_fo_387bbbda] Extracting actors: https://thequantuminsider.com/2024/04/12/ireland-launches-quantum-2030-its-first-national-strategy-for-quantum-tech (1/1), chunk 2/36
[03:22:12 +14s | thequantuminsider_2024_04_12_ireland_launches_quantum_2030_its_first_national_strategy_fo_387bbbda] Extracting actors: https://thequantuminsider.com/2024/04/12/ireland-launches-quantum-2030-its-first-national-strategy-for-quantum-tech (1/1), chunk 3/36
[03:22:18 +21s | thequantuminsider_2024_04_12_ireland_launches_quantum_2030_its_first_national_strategy_fo_387bbbda] Extracting actors: https://thequantuminsider.com/2024/04/12/ireland-launches-quantum-2030-its-first-national-strategy-for-quantum-tech (1/1), chunk 4/36
[03:22:32 +36s | thequantuminsider_2024_04_12_ireland_launches_quantum_2030_its_first_national_strategy_fo_387bbbda] Extracting actors: https://thequantuminsider.com/2024/04/12/ireland-launches-quantum-2030-its-first-national-strategy-for-quantum-tech (1/1), chunk 5/36
[03:22:38 +42s | thequantuminsider_2024_04_12_ireland_launches_quantum_2030_its_first_national_strategy_fo_387bbbda] Extracting actors: https://thequantuminsider.com/2024/04/12/ireland-launches-quantum-2030-its-first-national-strategy-for-quantum-tech (1/1), chunk 6/36
[03:22:47 +51s | thequantuminsider_2024_04_12_ireland_launches_quantum_2030_its_first_national_strategy_fo_387bbbda] Repaired malformed JSON.
[03:22:47 +51s | thequantuminsider_2024_04_12_ireland_launches_quantum_2030_its_first_national_strategy_fo_387bbbda] Extracting actors: https://thequantuminsider.com/2024/04/12/ireland-launches-quantum-2030-its-first-national-strategy-for-quantum-tech (1/1), chunk 7/36
[03:22:53 +57s | thequantuminsider_2024_04_12_ireland_launches_quantum_2030_its_first_national_strategy_fo_387bbbda] Extracting actors: https://thequantuminsider.com/2024/04/12/ireland-launches-quantum-2030-its-first-national-strategy-for-quantum-tech (1/1), chunk 8/36
[03:23:18 +1m 23s | thequantuminsider_2024_04_12_ireland_launches_quantum_2030_its_first_national_strategy_fo_387bbbda] Repaired malformed JSON.
[03:23:18 +1m 23s | thequantuminsider_2024_04_12_ireland_launches_quantum_2030_its_first_national_strategy_fo_387bbbda] Extracting actors: https://thequantuminsider.com/2024/04/12/ireland-launches-quantum-2030-its-first-national-strategy-for-quantum-tech (1/1), chunk 9/36
[03:23:24 +1m 30s | thequantuminsider_2024_04_12_ireland_launches_quantum_2030_its_first_national_strategy_fo_387bbbda] Extracting actors: https://thequantuminsider.com/2024/04/12/ireland-launches-quantum-2030-its-first-national-strategy-for-quantum-tech (1/1), chunk 10/36
[03:23:28 +1m 34s | thequantuminsider_2024_04_12_ireland_launches_quantum_2030_its_first_national_strategy_fo_387bbbda] Extracting actors: https://thequantuminsider.com/2024/04/12/ireland-launches-quantum-2030-its-first-national-strategy-for-quantum-tech (1/1), chunk 11/36
[03:23:42 +1m 49s | thequantuminsider_2024_04_12_ireland_launches_quantum_2030_its_first_national_strategy_fo_387bbbda] Repaired malformed JSON.
[03:23:42 +1m 49s | thequantuminsider_2024_04_12_ireland_launches_quantum_2030_its_first_national_strategy_fo_387bbbda] Extracting actors: https://thequantuminsider.com/2024/04/12/ireland-launches-quantum-2030-its-first-national-strategy-for-quantum-tech (1/1), chunk 12/36
[03:23:48 +1m 55s | thequantuminsider_2024_04_12_ireland_launches_quantum_2030_its_first_national_strategy_fo_387bbbda] Repaired malformed JSON.
[03:23:48 +1m 55s | thequantuminsider_2024_04_12_ireland_launches_quantum_2030_its_first_national_strategy_fo_387bbbda] Extracting actors: https://thequantuminsider.com/2024/04/12/ireland-launches-quantum-2030-its-first-national-strategy-for-quantum-tech (1/1), chunk 13/36
[03:23:54 +2m 1s | thequantuminsider_2024_04_12_ireland_launches_quantum_2030_its_first_national_strategy_fo_387bbbda] Repaired malformed JSON.
[03:23:54 +2m 1s | thequantuminsider_2024_04_12_ireland_launches_quantum_2030_its_first_national_strategy_fo_387bbbda] Extracting actors: https://thequantuminsider.com/2024/04/12/ireland-launches-quantum-2030-its-first-national-strategy-for-quantum-tech (1/1), chunk 14/36
[03:23:59 +2m 7s | thequantuminsider_2024_04_12_ireland_launches_quantum_2030_its_first_national_strategy_fo_387bbbda] Repaired malformed JSON.
[03:23:59 +2m 7s | thequantuminsider_2024_04_12_ireland_launches_quantum_2030_its_first_national_strategy_fo_387bbbda] Extracting actors: https://thequantuminsider.com/2024/04/12/ireland-launches-quantum-2030-its-first-national-strategy-for-quantum-tech (1/1), chunk 15/36
[03:24:05 +2m 14s | thequantuminsider_2024_04_12_ireland_launches_quantum_2030_its_first_national_strategy_fo_387bbbda] Repaired malformed JSON.
[03:24:05 +2m 14s | thequantuminsider_2024_04_12_ireland_launches_quantum_2030_its_first_national_strategy_fo_387bbbda] Extracting actors: https://thequantuminsider.com/2024/04/12/ireland-launches-quantum-2030-its-first-national-strategy-for-quantum-tech (1/1), chunk 16/36
[03:24:21 +2m 29s | thequantuminsider_2024_04_12_ireland_launches_quantum_2030_its_first_national_strategy_fo_387bbbda] Repaired malformed JSON.
[03:24:21 +2m 29s | thequantuminsider_2024_04_12_ireland_launches_quantum_2030_its_first_national_strategy_fo_387bbbda] Extracting actors: https://thequantuminsider.com/2024/04/12/ireland-launches-quantum-2030-its-first-national-strategy-for-quantum-tech (1/1), chunk 17/36
[03:24:25 +2m 33s | thequantuminsider_2024_04_12_ireland_launches_quantum_2030_its_first_national_strategy_fo_387bbbda] Extracting actors: https://thequantuminsider.com/2024/04/12/ireland-launches-quantum-2030-its-first-national-strategy-for-quantum-tech (1/1), chunk 18/36
[03:24:30 +2m 40s | thequantuminsider_2024_04_12_ireland_launches_quantum_2030_its_first_national_strategy_fo_387bbbda] Repaired malformed JSON.
[03:24:30 +2m 40s | thequantuminsider_2024_04_12_ireland_launches_quantum_2030_its_first_national_strategy_fo_387bbbda] Extracting actors: https://thequantuminsider.com/2024/04/12/ireland-launches-quantum-2030-its-first-national-strategy-for-quantum-tech (1/1), chunk 19/36
[03:24:41 +2m 52s | thequantuminsider_2024_04_12_ireland_launches_quantum_2030_its_first_national_strategy_fo_387bbbda] Repaired malformed JSON.
[03:24:41 +2m 52s | thequantuminsider_2024_04_12_ireland_launches_quantum_2030_its_first_national_strategy_fo_387bbbda] Extracting actors: https://thequantuminsider.com/2024/04/12/ireland-launches-quantum-2030-its-first-national-strategy-for-quantum-tech (1/1), chunk 20/36
[03:24:51 +3m 1s | thequantuminsider_2024_04_12_ireland_launches_quantum_2030_its_first_national_strategy_fo_387bbbda] Repaired malformed JSON.
[03:24:51 +3m 1s | thequantuminsider_2024_04_12_ireland_launches_quantum_2030_its_first_national_strategy_fo_387bbbda] Extracting actors: https://thequantuminsider.com/2024/04/12/ireland-launches-quantum-2030-its-first-national-strategy-for-quantum-tech (1/1), chunk 21/36
[03:24:58 +3m 9s | thequantuminsider_2024_04_12_ireland_launches_quantum_2030_its_first_national_strategy_fo_387bbbda] Repaired malformed JSON.
[03:24:58 +3m 9s | thequantuminsider_2024_04_12_ireland_launches_quantum_2030_its_first_national_strategy_fo_387bbbda] Extracting actors: https://thequantuminsider.com/2024/04/12/ireland-launches-quantum-2030-its-first-national-strategy-for-quantum-tech (1/1), chunk 22/36
[03:25:04 +3m 16s | thequantuminsider_2024_04_12_ireland_launches_quantum_2030_its_first_national_strategy_fo_387bbbda] Repaired malformed JSON.
[03:25:04 +3m 16s | thequantuminsider_2024_04_12_ireland_launches_quantum_2030_its_first_national_strategy_fo_387bbbda] Extracting actors: https://thequantuminsider.com/2024/04/12/ireland-launches-quantum-2030-its-first-national-strategy-for-quantum-tech (1/1), chunk 23/36
[03:25:10 +3m 22s | thequantuminsider_2024_04_12_ireland_launches_quantum_2030_its_first_national_strategy_fo_387bbbda] Repaired malformed JSON.
[03:25:10 +3m 22s | thequantuminsider_2024_04_12_ireland_launches_quantum_2030_its_first_national_strategy_fo_387bbbda] Extracting actors: https://thequantuminsider.com/2024/04/12/ireland-launches-quantum-2030-its-first-national-strategy-for-quantum-tech (1/1), chunk 24/36
[03:25:21 +3m 33s | thequantuminsider_2024_04_12_ireland_launches_quantum_2030_its_first_national_strategy_fo_387bbbda] Repaired malformed JSON.
[03:25:21 +3m 33s | thequantuminsider_2024_04_12_ireland_launches_quantum_2030_its_first_national_strategy_fo_387bbbda] Extracting actors: https://thequantuminsider.com/2024/04/12/ireland-launches-quantum-2030-its-first-national-strategy-for-quantum-tech (1/1), chunk 25/36
[03:25:28 +3m 39s | thequantuminsider_2024_04_12_ireland_launches_quantum_2030_its_first_national_strategy_fo_387bbbda] Repaired malformed JSON.
[03:25:28 +3m 39s | thequantuminsider_2024_04_12_ireland_launches_quantum_2030_its_first_national_strategy_fo_387bbbda] Extracting actors: https://thequantuminsider.com/2024/04/12/ireland-launches-quantum-2030-its-first-national-strategy-for-quantum-tech (1/1), chunk 26/36
[03:25:31 +3m 44s | thequantuminsider_2024_04_12_ireland_launches_quantum_2030_its_first_national_strategy_fo_387bbbda] Extracting actors: https://thequantuminsider.com/2024/04/12/ireland-launches-quantum-2030-its-first-national-strategy-for-quantum-tech (1/1), chunk 27/36
[03:25:49 +4m 2s | thequantuminsider_2024_04_12_ireland_launches_quantum_2030_its_first_national_strategy_fo_387bbbda] Extracting actors: https://thequantuminsider.com/2024/04/12/ireland-launches-quantum-2030-its-first-national-strategy-for-quantum-tech (1/1), chunk 28/36
[03:25:54 +4m 7s | thequantuminsider_2024_04_12_ireland_launches_quantum_2030_its_first_national_strategy_fo_387bbbda] Extracting actors: https://thequantuminsider.com/2024/04/12/ireland-launches-quantum-2030-its-first-national-strategy-for-quantum-tech (1/1), chunk 29/36
[03:26:02 +4m 16s | thequantuminsider_2024_04_12_ireland_launches_quantum_2030_its_first_national_strategy_fo_387bbbda] Repaired malformed JSON.
[03:26:02 +4m 16s | thequantuminsider_2024_04_12_ireland_launches_quantum_2030_its_first_national_strategy_fo_387bbbda] Extracting actors: https://thequantuminsider.com/2024/04/12/ireland-launches-quantum-2030-its-first-national-strategy-for-quantum-tech (1/1), chunk 30/36
[03:26:07 +4m 21s | thequantuminsider_2024_04_12_ireland_launches_quantum_2030_its_first_national_strategy_fo_387bbbda] Repaired malformed JSON.
[03:26:07 +4m 21s | thequantuminsider_2024_04_12_ireland_launches_quantum_2030_its_first_national_strategy_fo_387bbbda] Extracting actors: https://thequantuminsider.com/2024/04/12/ireland-launches-quantum-2030-its-first-national-strategy-for-quantum-tech (1/1), chunk 31/36
[03:26:14 +4m 28s | thequantuminsider_2024_04_12_ireland_launches_quantum_2030_its_first_national_strategy_fo_387bbbda] Extracting actors: https://thequantuminsider.com/2024/04/12/ireland-launches-quantum-2030-its-first-national-strategy-for-quantum-tech (1/1), chunk 32/36
[03:26:18 +4m 33s | thequantuminsider_2024_04_12_ireland_launches_quantum_2030_its_first_national_strategy_fo_387bbbda] Extracting actors: https://thequantuminsider.com/2024/04/12/ireland-launches-quantum-2030-its-first-national-strategy-for-quantum-tech (1/1), chunk 33/36
[03:26:24 +4m 39s | thequantuminsider_2024_04_12_ireland_launches_quantum_2030_its_first_national_strategy_fo_387bbbda] Extracting actors: https://thequantuminsider.com/2024/04/12/ireland-launches-quantum-2030-its-first-national-strategy-for-quantum-tech (1/1), chunk 34/36
[03:26:39 +4m 55s | thequantuminsider_2024_04_12_ireland_launches_quantum_2030_its_first_national_strategy_fo_387bbbda] Repaired malformed JSON.
[03:26:39 +4m 55s | thequantuminsider_2024_04_12_ireland_launches_quantum_2030_its_first_national_strategy_fo_387bbbda] Extracting actors: https://thequantuminsider.com/2024/04/12/ireland-launches-quantum-2030-its-first-national-strategy-for-quantum-tech (1/1), chunk 35/36
[03:26:45 +5m 2s | thequantuminsider_2024_04_12_ireland_launches_quantum_2030_its_first_national_strategy_fo_387bbbda] Repaired malformed JSON.
[03:26:45 +5m 2s | thequantuminsider_2024_04_12_ireland_launches_quantum_2030_its_first_national_strategy_fo_387bbbda] Extracting actors: https://thequantuminsider.com/2024/04/12/ireland-launches-quantum-2030-its-first-national-strategy-for-quantum-tech (1/1), chunk 36/36
[03:26:50 +5m 6s | thequantuminsider_2024_04_12_ireland_launches_quantum_2030_its_first_national_strategy_fo_387bbbda] Saved 1_actor_results.json with 55 extracted records

[03:26:50 +5m 6s | thequantuminsider_2024_04_12_ireland_launches_quantum_2030_its_first_national_strategy_fo_387bbbda] === 2 clean actors ===
[03:26:50 +5m 6s | thequantuminsider_2024_04_12_ireland_launches_quantum_2030_its_first_national_strategy_fo_387bbbda] Loaded 55 extracted records
[03:26:50 +5m 6s | thequantuminsider_2024_04_12_ireland_launches_quantum_2030_its_first_national_strategy_fo_387bbbda] Saved 2_actor_nodes.json with 17 canonical actor nodes

[03:26:50 +5m 6s | thequantuminsider_2024_04_12_ireland_launches_quantum_2030_its_first_national_strategy_fo_387bbbda] === 3 interaction extraction ===
[03:26:50 +5m 6s | thequantuminsider_2024_04_12_ireland_launches_quantum_2030_its_first_national_strategy_fo_387bbbda] Extracting interactions: https://thequantuminsider.com/2024/04/12/ireland-launches-quantum-2030-its-first-national-strategy-for-quantum-tech (1/1), chunk 11/36
[03:26:58 +5m 14s | thequantuminsider_2024_04_12_ireland_launches_quantum_2030_its_first_national_strategy_fo_387bbbda] Extracting interactions: https://thequantuminsider.com/2024/04/12/ireland-launches-quantum-2030-its-first-national-strategy-for-quantum-tech (1/1), chunk 12/36
[03:27:07 +5m 24s | thequantuminsider_2024_04_12_ireland_launches_quantum_2030_its_first_national_strategy_fo_387bbbda] Extracting interactions: https://thequantuminsider.com/2024/04/12/ireland-launches-quantum-2030-its-first-national-strategy-for-quantum-tech (1/1), chunk 13/36
[03:27:15 +5m 33s | thequantuminsider_2024_04_12_ireland_launches_quantum_2030_its_first_national_strategy_fo_387bbbda] Extracting interactions: https://thequantuminsider.com/2024/04/12/ireland-launches-quantum-2030-its-first-national-strategy-for-quantum-tech (1/1), chunk 14/36
[03:27:45 +6m 4s | thequantuminsider_2024_04_12_ireland_launches_quantum_2030_its_first_national_strategy_fo_387bbbda] Extracting interactions: https://thequantuminsider.com/2024/04/12/ireland-launches-quantum-2030-its-first-national-strategy-for-quantum-tech (1/1), chunk 15/36
[03:27:53 +6m 12s | thequantuminsider_2024_04_12_ireland_launches_quantum_2030_its_first_national_strategy_fo_387bbbda] Extracting interactions: https://thequantuminsider.com/2024/04/12/ireland-launches-quantum-2030-its-first-national-strategy-for-quantum-tech (1/1), chunk 16/36
[03:28:01 +6m 20s | thequantuminsider_2024_04_12_ireland_launches_quantum_2030_its_first_national_strategy_fo_387bbbda] Extracting interactions: https://thequantuminsider.com/2024/04/12/ireland-launches-quantum-2030-its-first-national-strategy-for-quantum-tech (1/1), chunk 17/36
[03:28:03 +6m 22s | thequantuminsider_2024_04_12_ireland_launches_quantum_2030_its_first_national_strategy_fo_387bbbda] Extracting interactions: https://thequantuminsider.com/2024/04/12/ireland-launches-quantum-2030-its-first-national-strategy-for-quantum-tech (1/1), chunk 18/36
[03:28:04 +6m 23s | thequantuminsider_2024_04_12_ireland_launches_quantum_2030_its_first_national_strategy_fo_387bbbda] Extracting interactions: https://thequantuminsider.com/2024/04/12/ireland-launches-quantum-2030-its-first-national-strategy-for-quantum-tech (1/1), chunk 19/36
[03:28:19 +6m 40s | thequantuminsider_2024_04_12_ireland_launches_quantum_2030_its_first_national_strategy_fo_387bbbda] Extracting interactions: https://thequantuminsider.com/2024/04/12/ireland-launches-quantum-2030-its-first-national-strategy-for-quantum-tech (1/1), chunk 20/36
[03:28:33 +6m 53s | thequantuminsider_2024_04_12_ireland_launches_quantum_2030_its_first_national_strategy_fo_387bbbda] Extracting interactions: https://thequantuminsider.com/2024/04/12/ireland-launches-quantum-2030-its-first-national-strategy-for-quantum-tech (1/1), chunk 21/36
[03:28:36 +6m 58s | thequantuminsider_2024_04_12_ireland_launches_quantum_2030_its_first_national_strategy_fo_387bbbda] Extracting interactions: https://thequantuminsider.com/2024/04/12/ireland-launches-quantum-2030-its-first-national-strategy-for-quantum-tech (1/1), chunk 22/36
[03:28:42 +7m 4s | thequantuminsider_2024_04_12_ireland_launches_quantum_2030_its_first_national_strategy_fo_387bbbda] Extracting interactions: https://thequantuminsider.com/2024/04/12/ireland-launches-quantum-2030-its-first-national-strategy-for-quantum-tech (1/1), chunk 24/36
[03:28:50 +7m 13s | thequantuminsider_2024_04_12_ireland_launches_quantum_2030_its_first_national_strategy_fo_387bbbda] Extracting interactions: https://thequantuminsider.com/2024/04/12/ireland-launches-quantum-2030-its-first-national-strategy-for-quantum-tech (1/1), chunk 25/36
[03:29:09 +7m 33s | thequantuminsider_2024_04_12_ireland_launches_quantum_2030_its_first_national_strategy_fo_387bbbda] Extracting interactions: https://thequantuminsider.com/2024/04/12/ireland-launches-quantum-2030-its-first-national-strategy-for-quantum-tech (1/1), chunk 29/36
[03:29:11 +7m 35s | thequantuminsider_2024_04_12_ireland_launches_quantum_2030_its_first_national_strategy_fo_387bbbda] Extracting interactions: https://thequantuminsider.com/2024/04/12/ireland-launches-quantum-2030-its-first-national-strategy-for-quantum-tech (1/1), chunk 30/36
[03:29:12 +7m 36s | thequantuminsider_2024_04_12_ireland_launches_quantum_2030_its_first_national_strategy_fo_387bbbda] Extracting interactions: https://thequantuminsider.com/2024/04/12/ireland-launches-quantum-2030-its-first-national-strategy-for-quantum-tech (1/1), chunk 31/36
[03:29:14 +7m 37s | thequantuminsider_2024_04_12_ireland_launches_quantum_2030_its_first_national_strategy_fo_387bbbda] Extracting interactions: https://thequantuminsider.com/2024/04/12/ireland-launches-quantum-2030-its-first-national-strategy-for-quantum-tech (1/1), chunk 32/36
[03:29:16 +7m 40s | thequantuminsider_2024_04_12_ireland_launches_quantum_2030_its_first_national_strategy_fo_387bbbda] Extracting interactions: https://thequantuminsider.com/2024/04/12/ireland-launches-quantum-2030-its-first-national-strategy-for-quantum-tech (1/1), chunk 34/36
[03:29:20 +7m 44s | thequantuminsider_2024_04_12_ireland_launches_quantum_2030_its_first_national_strategy_fo_387bbbda] Extracting interactions: https://thequantuminsider.com/2024/04/12/ireland-launches-quantum-2030-its-first-national-strategy-for-quantum-tech (1/1), chunk 35/36
[03:29:22 +7m 46s | thequantuminsider_2024_04_12_ireland_launches_quantum_2030_its_first_national_strategy_fo_387bbbda] Extracting interactions: https://thequantuminsider.com/2024/04/12/ireland-launches-quantum-2030-its-first-national-strategy-for-quantum-tech (1/1), chunk 36/36
[03:29:24 +7m 47s | thequantuminsider_2024_04_12_ireland_launches_quantum_2030_its_first_national_strategy_fo_387bbbda] Saved 3_interaction_results.json with 20 extracted interactions.

[03:29:24 +7m 47s | thequantuminsider_2024_04_12_ireland_launches_quantum_2030_its_first_national_strategy_fo_387bbbda] === 4 clean interactions ===
[03:29:24 +7m 47s | thequantuminsider_2024_04_12_ireland_launches_quantum_2030_its_first_national_strategy_fo_387bbbda] Saved 4_edges.json with 2 cleaned interactions.

[03:29:24 +7m 47s | thequantuminsider_2024_04_12_ireland_launches_quantum_2030_its_first_national_strategy_fo_387bbbda] === 5 helix enrichment ===
[03:29:24 +7m 47s | thequantuminsider_2024_04_12_ireland_launches_quantum_2030_its_first_national_strategy_fo_387bbbda] Wrote 5_nodes.json (17 actors)
[03:29:24 +7m 47s | thequantuminsider_2024_04_12_ireland_launches_quantum_2030_its_first_national_strategy_fo_387bbbda] Wrote 5_edges.json (2 interactions)
[03:29:24 +7m 47s | thequantuminsider_2024_04_12_ireland_launches_quantum_2030_its_first_national_strategy_fo_387bbbda] Actor helix counts: {'Academia': 2, 'Civil Society': 5, 'Government': 1, 'Industry': 3, 'Intermediary': 1, 'Unknown': 5}
[03:29:24 +7m 47s | thequantuminsider_2024_04_12_ireland_launches_quantum_2030_its_first_national_strategy_fo_387bbbda] Functional-space counts: {'Unknown': 2}

[03:29:24 +7m 47s | thequantuminsider_2024_04_12_ireland_launches_quantum_2030_its_first_national_strategy_fo_387bbbda] === 6 network visualisation ===
[03:29:24 +7m 48s | thequantuminsider_2024_04_12_ireland_launches_quantum_2030_its_first_national_strategy_fo_387bbbda] Wrote quantum_network.html
[03:29:24 +7m 48s | thequantuminsider_2024_04_12_ireland_launches_quantum_2030_its_first_national_strategy_fo_387bbbda] Nodes: 17
[03:29:24 +7m 48s | thequantuminsider_2024_04_12_ireland_launches_quantum_2030_its_first_national_strategy_fo_387bbbda] Edges: 2

[03:29:24 +7m 48s | thequantuminsider_2024_04_12_ireland_launches_quantum_2030_its_first_national_strategy_fo_387bbbda] Done. Outputs written to: /home/lv/IDP/idpdeeptech/pipeline/news_outputs/thequantuminsider_2024_04_12_ireland_launches_quantum_2030_its_first_national_strategy_fo_387bbbda
[03:29:24 +7m 48s | thequantuminsider_2024_04_12_ireland_launches_quantum_2030_its_first_national_strategy_fo_387bbbda] Log: /home/lv/IDP/idpdeeptech/pipeline/news_outputs/thequantuminsider_2024_04_12_ireland_launches_quantum_2030_its_first_national_strategy_fo_387bbbda/run.log

========================================================================
RUN FINISHED 2026-07-05 03:29:24  (OK)
Started:     2026-07-05 03:21:57
Elapsed:     7m 48s
========================================================================
