
========================================================================
RUN STARTED  2026-07-04 23:18:23
site_pipeline.py https://thequantuminsider.com/2023/12/19/alice-bob-takes-another-step-toward-releasing-error-corrected-logical-qubit/
========================================================================

[23:18:23 +0s | thequantuminsider_2023_12_19_alice_bob_takes_another_step_toward_releasing_error_correcte_162697d4] === 0 crawl site ===
[23:18:25 +1s | thequantuminsider_2023_12_19_alice_bob_takes_another_step_toward_releasing_error_correcte_162697d4] [INIT].... → Crawl4AI 0.8.6 
[23:18:27 +3s | thequantuminsider_2023_12_19_alice_bob_takes_another_step_toward_releasing_error_correcte_162697d4] [FETCH]... ↓ https://thequantuminsider.com/2023/12/19/alice-b...-toward-releasing-error-corrected-logical-qubit/  | ✓ | ⏱: 2.11s 
[23:18:27 +4s | thequantuminsider_2023_12_19_alice_bob_takes_another_step_toward_releasing_error_correcte_162697d4] [SCRAPE].. ◆ https://thequantuminsider.com/2023/12/19/alice-b...-toward-releasing-error-corrected-logical-qubit/  | ✓ | ⏱: 0.12s 
[23:18:27 +4s | thequantuminsider_2023_12_19_alice_bob_takes_another_step_toward_releasing_error_correcte_162697d4] [COMPLETE] ● https://thequantuminsider.com/2023/12/19/alice-b...-toward-releasing-error-corrected-logical-qubit/  | ✓ | ⏱: 2.25s 
[23:18:27 +4s | thequantuminsider_2023_12_19_alice_bob_takes_another_step_toward_releasing_error_correcte_162697d4] Saved: crawl_output/09c817939b_thequantuminsider.com_2023_12_19_alice-bob-takes-another-step-toward-releasing-error-corrected-logical-qubit.json

[23:18:27 +4s | thequantuminsider_2023_12_19_alice_bob_takes_another_step_toward_releasing_error_correcte_162697d4] === 1 actor extraction ===
[23:18:27 +4s | thequantuminsider_2023_12_19_alice_bob_takes_another_step_toward_releasing_error_correcte_162697d4] Reading page (1/1): https://thequantuminsider.com/2023/12/19/alice-bob-takes-another-step-toward-releasing-error-corrected-logical-qubit
[23:18:27 +4s | thequantuminsider_2023_12_19_alice_bob_takes_another_step_toward_releasing_error_correcte_162697d4] Extracting actors: https://thequantuminsider.com/2023/12/19/alice-bob-takes-another-step-toward-releasing-error-corrected-logical-qubit (1/1), chunk 1/35
[23:18:51 +27s | thequantuminsider_2023_12_19_alice_bob_takes_another_step_toward_releasing_error_correcte_162697d4] Extracting actors: https://thequantuminsider.com/2023/12/19/alice-bob-takes-another-step-toward-releasing-error-corrected-logical-qubit (1/1), chunk 2/35
[23:19:01 +37s | thequantuminsider_2023_12_19_alice_bob_takes_another_step_toward_releasing_error_correcte_162697d4] Extracting actors: https://thequantuminsider.com/2023/12/19/alice-bob-takes-another-step-toward-releasing-error-corrected-logical-qubit (1/1), chunk 3/35
[23:19:08 +45s | thequantuminsider_2023_12_19_alice_bob_takes_another_step_toward_releasing_error_correcte_162697d4] Extracting actors: https://thequantuminsider.com/2023/12/19/alice-bob-takes-another-step-toward-releasing-error-corrected-logical-qubit (1/1), chunk 4/35
[23:19:32 +1m 9s | thequantuminsider_2023_12_19_alice_bob_takes_another_step_toward_releasing_error_correcte_162697d4] Extracting actors: https://thequantuminsider.com/2023/12/19/alice-bob-takes-another-step-toward-releasing-error-corrected-logical-qubit (1/1), chunk 5/35
[23:19:40 +1m 17s | thequantuminsider_2023_12_19_alice_bob_takes_another_step_toward_releasing_error_correcte_162697d4] Extracting actors: https://thequantuminsider.com/2023/12/19/alice-bob-takes-another-step-toward-releasing-error-corrected-logical-qubit (1/1), chunk 6/35
[23:19:46 +1m 23s | thequantuminsider_2023_12_19_alice_bob_takes_another_step_toward_releasing_error_correcte_162697d4] Repaired malformed JSON.
[23:19:46 +1m 23s | thequantuminsider_2023_12_19_alice_bob_takes_another_step_toward_releasing_error_correcte_162697d4] Extracting actors: https://thequantuminsider.com/2023/12/19/alice-bob-takes-another-step-toward-releasing-error-corrected-logical-qubit (1/1), chunk 7/35
[23:19:53 +1m 29s | thequantuminsider_2023_12_19_alice_bob_takes_another_step_toward_releasing_error_correcte_162697d4] Extracting actors: https://thequantuminsider.com/2023/12/19/alice-bob-takes-another-step-toward-releasing-error-corrected-logical-qubit (1/1), chunk 8/35
[23:20:00 +1m 37s | thequantuminsider_2023_12_19_alice_bob_takes_another_step_toward_releasing_error_correcte_162697d4] Extracting actors: https://thequantuminsider.com/2023/12/19/alice-bob-takes-another-step-toward-releasing-error-corrected-logical-qubit (1/1), chunk 9/35
[23:20:07 +1m 43s | thequantuminsider_2023_12_19_alice_bob_takes_another_step_toward_releasing_error_correcte_162697d4] Extracting actors: https://thequantuminsider.com/2023/12/19/alice-bob-takes-another-step-toward-releasing-error-corrected-logical-qubit (1/1), chunk 10/35
[23:20:14 +1m 50s | thequantuminsider_2023_12_19_alice_bob_takes_another_step_toward_releasing_error_correcte_162697d4] Extracting actors: https://thequantuminsider.com/2023/12/19/alice-bob-takes-another-step-toward-releasing-error-corrected-logical-qubit (1/1), chunk 11/35
[23:20:23 +1m 59s | thequantuminsider_2023_12_19_alice_bob_takes_another_step_toward_releasing_error_correcte_162697d4] Repaired malformed JSON.
[23:20:23 +1m 59s | thequantuminsider_2023_12_19_alice_bob_takes_another_step_toward_releasing_error_correcte_162697d4] Extracting actors: https://thequantuminsider.com/2023/12/19/alice-bob-takes-another-step-toward-releasing-error-corrected-logical-qubit (1/1), chunk 12/35
[23:20:31 +2m 7s | thequantuminsider_2023_12_19_alice_bob_takes_another_step_toward_releasing_error_correcte_162697d4] Repaired malformed JSON.
[23:20:31 +2m 7s | thequantuminsider_2023_12_19_alice_bob_takes_another_step_toward_releasing_error_correcte_162697d4] Extracting actors: https://thequantuminsider.com/2023/12/19/alice-bob-takes-another-step-toward-releasing-error-corrected-logical-qubit (1/1), chunk 13/35
[23:20:42 +2m 18s | thequantuminsider_2023_12_19_alice_bob_takes_another_step_toward_releasing_error_correcte_162697d4] Repaired malformed JSON.
[23:20:42 +2m 18s | thequantuminsider_2023_12_19_alice_bob_takes_another_step_toward_releasing_error_correcte_162697d4] Extracting actors: https://thequantuminsider.com/2023/12/19/alice-bob-takes-another-step-toward-releasing-error-corrected-logical-qubit (1/1), chunk 14/35
[23:20:52 +2m 28s | thequantuminsider_2023_12_19_alice_bob_takes_another_step_toward_releasing_error_correcte_162697d4] Repaired malformed JSON.
[23:20:52 +2m 28s | thequantuminsider_2023_12_19_alice_bob_takes_another_step_toward_releasing_error_correcte_162697d4] Extracting actors: https://thequantuminsider.com/2023/12/19/alice-bob-takes-another-step-toward-releasing-error-corrected-logical-qubit (1/1), chunk 15/35
[23:20:58 +2m 35s | thequantuminsider_2023_12_19_alice_bob_takes_another_step_toward_releasing_error_correcte_162697d4] Repaired malformed JSON.
[23:20:58 +2m 35s | thequantuminsider_2023_12_19_alice_bob_takes_another_step_toward_releasing_error_correcte_162697d4] Extracting actors: https://thequantuminsider.com/2023/12/19/alice-bob-takes-another-step-toward-releasing-error-corrected-logical-qubit (1/1), chunk 16/35
[23:21:06 +2m 43s | thequantuminsider_2023_12_19_alice_bob_takes_another_step_toward_releasing_error_correcte_162697d4] Extracting actors: https://thequantuminsider.com/2023/12/19/alice-bob-takes-another-step-toward-releasing-error-corrected-logical-qubit (1/1), chunk 17/35
[23:21:15 +2m 52s | thequantuminsider_2023_12_19_alice_bob_takes_another_step_toward_releasing_error_correcte_162697d4] Repaired malformed JSON.
[23:21:15 +2m 52s | thequantuminsider_2023_12_19_alice_bob_takes_another_step_toward_releasing_error_correcte_162697d4] Extracting actors: https://thequantuminsider.com/2023/12/19/alice-bob-takes-another-step-toward-releasing-error-corrected-logical-qubit (1/1), chunk 18/35
[23:21:24 +3m 1s | thequantuminsider_2023_12_19_alice_bob_takes_another_step_toward_releasing_error_correcte_162697d4] Repaired malformed JSON.
[23:21:24 +3m 1s | thequantuminsider_2023_12_19_alice_bob_takes_another_step_toward_releasing_error_correcte_162697d4] Extracting actors: https://thequantuminsider.com/2023/12/19/alice-bob-takes-another-step-toward-releasing-error-corrected-logical-qubit (1/1), chunk 19/35
[23:21:36 +3m 13s | thequantuminsider_2023_12_19_alice_bob_takes_another_step_toward_releasing_error_correcte_162697d4] Repaired malformed JSON.
[23:21:36 +3m 13s | thequantuminsider_2023_12_19_alice_bob_takes_another_step_toward_releasing_error_correcte_162697d4] Extracting actors: https://thequantuminsider.com/2023/12/19/alice-bob-takes-another-step-toward-releasing-error-corrected-logical-qubit (1/1), chunk 20/35
[23:21:45 +3m 22s | thequantuminsider_2023_12_19_alice_bob_takes_another_step_toward_releasing_error_correcte_162697d4] Repaired malformed JSON.
[23:21:45 +3m 22s | thequantuminsider_2023_12_19_alice_bob_takes_another_step_toward_releasing_error_correcte_162697d4] Extracting actors: https://thequantuminsider.com/2023/12/19/alice-bob-takes-another-step-toward-releasing-error-corrected-logical-qubit (1/1), chunk 21/35
[23:21:55 +3m 31s | thequantuminsider_2023_12_19_alice_bob_takes_another_step_toward_releasing_error_correcte_162697d4] Repaired malformed JSON.
[23:21:55 +3m 31s | thequantuminsider_2023_12_19_alice_bob_takes_another_step_toward_releasing_error_correcte_162697d4] Extracting actors: https://thequantuminsider.com/2023/12/19/alice-bob-takes-another-step-toward-releasing-error-corrected-logical-qubit (1/1), chunk 22/35
[23:22:05 +3m 42s | thequantuminsider_2023_12_19_alice_bob_takes_another_step_toward_releasing_error_correcte_162697d4] Repaired malformed JSON.
[23:22:05 +3m 42s | thequantuminsider_2023_12_19_alice_bob_takes_another_step_toward_releasing_error_correcte_162697d4] Extracting actors: https://thequantuminsider.com/2023/12/19/alice-bob-takes-another-step-toward-releasing-error-corrected-logical-qubit (1/1), chunk 23/35
[23:22:13 +3m 50s | thequantuminsider_2023_12_19_alice_bob_takes_another_step_toward_releasing_error_correcte_162697d4] Extracting actors: https://thequantuminsider.com/2023/12/19/alice-bob-takes-another-step-toward-releasing-error-corrected-logical-qubit (1/1), chunk 24/35
[23:22:24 +4m 0s | thequantuminsider_2023_12_19_alice_bob_takes_another_step_toward_releasing_error_correcte_162697d4] Repaired malformed JSON.
[23:22:24 +4m 0s | thequantuminsider_2023_12_19_alice_bob_takes_another_step_toward_releasing_error_correcte_162697d4] Extracting actors: https://thequantuminsider.com/2023/12/19/alice-bob-takes-another-step-toward-releasing-error-corrected-logical-qubit (1/1), chunk 25/35
[23:22:32 +4m 8s | thequantuminsider_2023_12_19_alice_bob_takes_another_step_toward_releasing_error_correcte_162697d4] Extracting actors: https://thequantuminsider.com/2023/12/19/alice-bob-takes-another-step-toward-releasing-error-corrected-logical-qubit (1/1), chunk 26/35
[23:22:57 +4m 34s | thequantuminsider_2023_12_19_alice_bob_takes_another_step_toward_releasing_error_correcte_162697d4] Repaired malformed JSON.
[23:22:57 +4m 34s | thequantuminsider_2023_12_19_alice_bob_takes_another_step_toward_releasing_error_correcte_162697d4] Extracting actors: https://thequantuminsider.com/2023/12/19/alice-bob-takes-another-step-toward-releasing-error-corrected-logical-qubit (1/1), chunk 27/35
[23:23:07 +4m 44s | thequantuminsider_2023_12_19_alice_bob_takes_another_step_toward_releasing_error_correcte_162697d4] Repaired malformed JSON.
[23:23:07 +4m 44s | thequantuminsider_2023_12_19_alice_bob_takes_another_step_toward_releasing_error_correcte_162697d4] Extracting actors: https://thequantuminsider.com/2023/12/19/alice-bob-takes-another-step-toward-releasing-error-corrected-logical-qubit (1/1), chunk 28/35
[23:23:17 +4m 54s | thequantuminsider_2023_12_19_alice_bob_takes_another_step_toward_releasing_error_correcte_162697d4] Repaired malformed JSON.
[23:23:17 +4m 54s | thequantuminsider_2023_12_19_alice_bob_takes_another_step_toward_releasing_error_correcte_162697d4] Extracting actors: https://thequantuminsider.com/2023/12/19/alice-bob-takes-another-step-toward-releasing-error-corrected-logical-qubit (1/1), chunk 29/35
[23:23:31 +5m 8s | thequantuminsider_2023_12_19_alice_bob_takes_another_step_toward_releasing_error_correcte_162697d4] Repaired malformed JSON.
[23:23:31 +5m 8s | thequantuminsider_2023_12_19_alice_bob_takes_another_step_toward_releasing_error_correcte_162697d4] Extracting actors: https://thequantuminsider.com/2023/12/19/alice-bob-takes-another-step-toward-releasing-error-corrected-logical-qubit (1/1), chunk 30/35
[23:23:40 +5m 16s | thequantuminsider_2023_12_19_alice_bob_takes_another_step_toward_releasing_error_correcte_162697d4] Repaired malformed JSON.
[23:23:40 +5m 16s | thequantuminsider_2023_12_19_alice_bob_takes_another_step_toward_releasing_error_correcte_162697d4] Extracting actors: https://thequantuminsider.com/2023/12/19/alice-bob-takes-another-step-toward-releasing-error-corrected-logical-qubit (1/1), chunk 31/35
[23:24:07 +5m 43s | thequantuminsider_2023_12_19_alice_bob_takes_another_step_toward_releasing_error_correcte_162697d4] Repaired malformed JSON.
[23:24:07 +5m 43s | thequantuminsider_2023_12_19_alice_bob_takes_another_step_toward_releasing_error_correcte_162697d4] Extracting actors: https://thequantuminsider.com/2023/12/19/alice-bob-takes-another-step-toward-releasing-error-corrected-logical-qubit (1/1), chunk 32/35
[23:24:32 +6m 9s | thequantuminsider_2023_12_19_alice_bob_takes_another_step_toward_releasing_error_correcte_162697d4] Repaired malformed JSON.
[23:24:32 +6m 9s | thequantuminsider_2023_12_19_alice_bob_takes_another_step_toward_releasing_error_correcte_162697d4] Extracting actors: https://thequantuminsider.com/2023/12/19/alice-bob-takes-another-step-toward-releasing-error-corrected-logical-qubit (1/1), chunk 33/35
[23:24:43 +6m 19s | thequantuminsider_2023_12_19_alice_bob_takes_another_step_toward_releasing_error_correcte_162697d4] Repaired malformed JSON.
[23:24:43 +6m 19s | thequantuminsider_2023_12_19_alice_bob_takes_another_step_toward_releasing_error_correcte_162697d4] Extracting actors: https://thequantuminsider.com/2023/12/19/alice-bob-takes-another-step-toward-releasing-error-corrected-logical-qubit (1/1), chunk 34/35
[23:24:50 +6m 26s | thequantuminsider_2023_12_19_alice_bob_takes_another_step_toward_releasing_error_correcte_162697d4] Repaired malformed JSON.
[23:24:50 +6m 26s | thequantuminsider_2023_12_19_alice_bob_takes_another_step_toward_releasing_error_correcte_162697d4] Extracting actors: https://thequantuminsider.com/2023/12/19/alice-bob-takes-another-step-toward-releasing-error-corrected-logical-qubit (1/1), chunk 35/35
[23:24:59 +6m 35s | thequantuminsider_2023_12_19_alice_bob_takes_another_step_toward_releasing_error_correcte_162697d4] Repaired malformed JSON.
[23:24:59 +6m 35s | thequantuminsider_2023_12_19_alice_bob_takes_another_step_toward_releasing_error_correcte_162697d4] Saved 1_actor_results.json with 50 extracted records

[23:24:59 +6m 35s | thequantuminsider_2023_12_19_alice_bob_takes_another_step_toward_releasing_error_correcte_162697d4] === 2 clean actors ===
[23:24:59 +6m 36s | thequantuminsider_2023_12_19_alice_bob_takes_another_step_toward_releasing_error_correcte_162697d4] Traceback (most recent call last):
[23:24:59 +6m 36s | thequantuminsider_2023_12_19_alice_bob_takes_another_step_toward_releasing_error_correcte_162697d4]   File "/home/lv/IDP/idpdeeptech/pipeline/clean_actors.py", line 429, in <module>
[23:24:59 +6m 36s | thequantuminsider_2023_12_19_alice_bob_takes_another_step_toward_releasing_error_correcte_162697d4]     main()
[23:24:59 +6m 36s | thequantuminsider_2023_12_19_alice_bob_takes_another_step_toward_releasing_error_correcte_162697d4]   File "/home/lv/IDP/idpdeeptech/pipeline/clean_actors.py", line 416, in main
[23:24:59 +6m 36s | thequantuminsider_2023_12_19_alice_bob_takes_another_step_toward_releasing_error_correcte_162697d4]     records = json.loads(INPUT_JSON.read_text(encoding="utf-8"))
[23:24:59 +6m 36s | thequantuminsider_2023_12_19_alice_bob_takes_another_step_toward_releasing_error_correcte_162697d4]   File "/usr/lib/python3.10/pathlib.py", line 1134, in read_text
[23:24:59 +6m 36s | thequantuminsider_2023_12_19_alice_bob_takes_another_step_toward_releasing_error_correcte_162697d4]     with self.open(mode='r', encoding=encoding, errors=errors) as f:
[23:24:59 +6m 36s | thequantuminsider_2023_12_19_alice_bob_takes_another_step_toward_releasing_error_correcte_162697d4]   File "/usr/lib/python3.10/pathlib.py", line 1119, in open
[23:24:59 +6m 36s | thequantuminsider_2023_12_19_alice_bob_takes_another_step_toward_releasing_error_correcte_162697d4]     return self._accessor.open(self, mode, buffering, encoding, errors,
[23:24:59 +6m 36s | thequantuminsider_2023_12_19_alice_bob_takes_another_step_toward_releasing_error_correcte_162697d4] FileNotFoundError: [Errno 2] No such file or directory: 'site_outputs/psiquantum_com/1_actor_results_pdf.json'

========================================================================
RUN FINISHED 2026-07-04 23:24:59  (FAILED)
Started:     2026-07-04 23:18:23
Elapsed:     6m 36s
========================================================================

========================================================================
RUN STARTED  2026-07-05 00:08:44
site_pipeline.py https://thequantuminsider.com/2023/12/19/alice-bob-takes-another-step-toward-releasing-error-corrected-logical-qubit/
========================================================================

[00:08:44 +0s | thequantuminsider_2023_12_19_alice_bob_takes_another_step_toward_releasing_error_correcte_162697d4] === 0 crawl site (skipped via auto (actor data already exists; pass --force to re-crawl), reusing /home/lv/IDP/idpdeeptech/pipeline/news_outputs/thequantuminsider_2023_12_19_alice_bob_takes_another_step_toward_releasing_error_correcte_162697d4/crawl_output) ===

[00:08:44 +0s | thequantuminsider_2023_12_19_alice_bob_takes_another_step_toward_releasing_error_correcte_162697d4] === 1 actor extraction ===
[00:08:44 +0s | thequantuminsider_2023_12_19_alice_bob_takes_another_step_toward_releasing_error_correcte_162697d4] Auto-resume: 1 (url, ordinal) pairs already done, skipping them.
[00:08:44 +0s | thequantuminsider_2023_12_19_alice_bob_takes_another_step_toward_releasing_error_correcte_162697d4] All 1 pages/URLs already processed (per 1_actor_results.progress.json). Nothing to do.
[00:08:44 +0s | thequantuminsider_2023_12_19_alice_bob_takes_another_step_toward_releasing_error_correcte_162697d4] Delete the progress sidecar to force a full re-run, or pass --start-page N.

[00:08:44 +0s | thequantuminsider_2023_12_19_alice_bob_takes_another_step_toward_releasing_error_correcte_162697d4] === 2 clean actors ===
[00:08:44 +0s | thequantuminsider_2023_12_19_alice_bob_takes_another_step_toward_releasing_error_correcte_162697d4] Loaded 50 extracted records
[00:08:44 +0s | thequantuminsider_2023_12_19_alice_bob_takes_another_step_toward_releasing_error_correcte_162697d4] Saved 2_actor_nodes.json with 14 canonical actor nodes

[00:08:44 +0s | thequantuminsider_2023_12_19_alice_bob_takes_another_step_toward_releasing_error_correcte_162697d4] === 3 interaction extraction ===
[00:08:45 +0s | thequantuminsider_2023_12_19_alice_bob_takes_another_step_toward_releasing_error_correcte_162697d4] Extracting interactions: https://thequantuminsider.com/2023/12/19/alice-bob-takes-another-step-toward-releasing-error-corrected-logical-qubit (1/1), chunk 14/35
[00:08:53 +9s | thequantuminsider_2023_12_19_alice_bob_takes_another_step_toward_releasing_error_correcte_162697d4] Extracting interactions: https://thequantuminsider.com/2023/12/19/alice-bob-takes-another-step-toward-releasing-error-corrected-logical-qubit (1/1), chunk 15/35
[00:09:02 +18s | thequantuminsider_2023_12_19_alice_bob_takes_another_step_toward_releasing_error_correcte_162697d4] Extracting interactions: https://thequantuminsider.com/2023/12/19/alice-bob-takes-another-step-toward-releasing-error-corrected-logical-qubit (1/1), chunk 18/35
[00:09:18 +34s | thequantuminsider_2023_12_19_alice_bob_takes_another_step_toward_releasing_error_correcte_162697d4] Extracting interactions: https://thequantuminsider.com/2023/12/19/alice-bob-takes-another-step-toward-releasing-error-corrected-logical-qubit (1/1), chunk 19/35
[00:09:21 +38s | thequantuminsider_2023_12_19_alice_bob_takes_another_step_toward_releasing_error_correcte_162697d4] Extracting interactions: https://thequantuminsider.com/2023/12/19/alice-bob-takes-another-step-toward-releasing-error-corrected-logical-qubit (1/1), chunk 24/35
[00:09:26 +43s | thequantuminsider_2023_12_19_alice_bob_takes_another_step_toward_releasing_error_correcte_162697d4] Extracting interactions: https://thequantuminsider.com/2023/12/19/alice-bob-takes-another-step-toward-releasing-error-corrected-logical-qubit (1/1), chunk 25/35
[00:09:28 +45s | thequantuminsider_2023_12_19_alice_bob_takes_another_step_toward_releasing_error_correcte_162697d4] Extracting interactions: https://thequantuminsider.com/2023/12/19/alice-bob-takes-another-step-toward-releasing-error-corrected-logical-qubit (1/1), chunk 26/35
[00:09:30 +46s | thequantuminsider_2023_12_19_alice_bob_takes_another_step_toward_releasing_error_correcte_162697d4] Extracting interactions: https://thequantuminsider.com/2023/12/19/alice-bob-takes-another-step-toward-releasing-error-corrected-logical-qubit (1/1), chunk 27/35
[00:09:31 +48s | thequantuminsider_2023_12_19_alice_bob_takes_another_step_toward_releasing_error_correcte_162697d4] Extracting interactions: https://thequantuminsider.com/2023/12/19/alice-bob-takes-another-step-toward-releasing-error-corrected-logical-qubit (1/1), chunk 28/35
[00:09:33 +49s | thequantuminsider_2023_12_19_alice_bob_takes_another_step_toward_releasing_error_correcte_162697d4] Extracting interactions: https://thequantuminsider.com/2023/12/19/alice-bob-takes-another-step-toward-releasing-error-corrected-logical-qubit (1/1), chunk 29/35
[00:09:34 +51s | thequantuminsider_2023_12_19_alice_bob_takes_another_step_toward_releasing_error_correcte_162697d4] Extracting interactions: https://thequantuminsider.com/2023/12/19/alice-bob-takes-another-step-toward-releasing-error-corrected-logical-qubit (1/1), chunk 30/35
[00:09:36 +53s | thequantuminsider_2023_12_19_alice_bob_takes_another_step_toward_releasing_error_correcte_162697d4] Extracting interactions: https://thequantuminsider.com/2023/12/19/alice-bob-takes-another-step-toward-releasing-error-corrected-logical-qubit (1/1), chunk 31/35
[00:09:37 +54s | thequantuminsider_2023_12_19_alice_bob_takes_another_step_toward_releasing_error_correcte_162697d4] Extracting interactions: https://thequantuminsider.com/2023/12/19/alice-bob-takes-another-step-toward-releasing-error-corrected-logical-qubit (1/1), chunk 32/35
[00:09:39 +56s | thequantuminsider_2023_12_19_alice_bob_takes_another_step_toward_releasing_error_correcte_162697d4] Extracting interactions: https://thequantuminsider.com/2023/12/19/alice-bob-takes-another-step-toward-releasing-error-corrected-logical-qubit (1/1), chunk 33/35
[00:09:41 +57s | thequantuminsider_2023_12_19_alice_bob_takes_another_step_toward_releasing_error_correcte_162697d4] Extracting interactions: https://thequantuminsider.com/2023/12/19/alice-bob-takes-another-step-toward-releasing-error-corrected-logical-qubit (1/1), chunk 34/35
[00:09:42 +59s | thequantuminsider_2023_12_19_alice_bob_takes_another_step_toward_releasing_error_correcte_162697d4] Extracting interactions: https://thequantuminsider.com/2023/12/19/alice-bob-takes-another-step-toward-releasing-error-corrected-logical-qubit (1/1), chunk 35/35
[00:09:44 +1m 0s | thequantuminsider_2023_12_19_alice_bob_takes_another_step_toward_releasing_error_correcte_162697d4] Saved 3_interaction_results.json with 4 extracted interactions.

[00:09:44 +1m 0s | thequantuminsider_2023_12_19_alice_bob_takes_another_step_toward_releasing_error_correcte_162697d4] === 4 clean interactions ===
[00:09:44 +1m 0s | thequantuminsider_2023_12_19_alice_bob_takes_another_step_toward_releasing_error_correcte_162697d4] Saved 4_edges.json with 1 cleaned interactions.

[00:09:44 +1m 0s | thequantuminsider_2023_12_19_alice_bob_takes_another_step_toward_releasing_error_correcte_162697d4] === 5 helix enrichment ===
[00:09:44 +1m 0s | thequantuminsider_2023_12_19_alice_bob_takes_another_step_toward_releasing_error_correcte_162697d4] Wrote 5_nodes.json (14 actors)
[00:09:44 +1m 0s | thequantuminsider_2023_12_19_alice_bob_takes_another_step_toward_releasing_error_correcte_162697d4] Wrote 5_edges.json (1 interactions)
[00:09:44 +1m 0s | thequantuminsider_2023_12_19_alice_bob_takes_another_step_toward_releasing_error_correcte_162697d4] Actor helix counts: {'Academia': 1, 'Civil Society': 3, 'Industry': 3, 'Intermediary': 1, 'Unknown': 6}
[00:09:44 +1m 0s | thequantuminsider_2023_12_19_alice_bob_takes_another_step_toward_releasing_error_correcte_162697d4] Functional-space counts: {'Intra-helix / Not classified': 1}

[00:09:44 +1m 0s | thequantuminsider_2023_12_19_alice_bob_takes_another_step_toward_releasing_error_correcte_162697d4] === 6 network visualisation ===
[00:09:44 +1m 1s | thequantuminsider_2023_12_19_alice_bob_takes_another_step_toward_releasing_error_correcte_162697d4] Wrote quantum_network.html
[00:09:44 +1m 1s | thequantuminsider_2023_12_19_alice_bob_takes_another_step_toward_releasing_error_correcte_162697d4] Nodes: 14
[00:09:44 +1m 1s | thequantuminsider_2023_12_19_alice_bob_takes_another_step_toward_releasing_error_correcte_162697d4] Edges: 1

[00:09:44 +1m 1s | thequantuminsider_2023_12_19_alice_bob_takes_another_step_toward_releasing_error_correcte_162697d4] Done. Outputs written to: /home/lv/IDP/idpdeeptech/pipeline/news_outputs/thequantuminsider_2023_12_19_alice_bob_takes_another_step_toward_releasing_error_correcte_162697d4
[00:09:44 +1m 1s | thequantuminsider_2023_12_19_alice_bob_takes_another_step_toward_releasing_error_correcte_162697d4] Log: /home/lv/IDP/idpdeeptech/pipeline/news_outputs/thequantuminsider_2023_12_19_alice_bob_takes_another_step_toward_releasing_error_correcte_162697d4/run.log

========================================================================
RUN FINISHED 2026-07-05 00:09:44  (OK)
Started:     2026-07-05 00:08:44
Elapsed:     1m 1s
========================================================================
