
========================================================================
RUN STARTED  2026-07-05 03:09:29
site_pipeline.py https://thequantuminsider.com/2023/11/15/eavesdropping-on-the-electron-a-new-method-for-extracting-data-from-noise/
========================================================================

[03:09:29 +0s | thequantuminsider_2023_11_15_eavesdropping_on_the_electron_a_new_method_for_extracting_da_082a6808] === 0 crawl site ===
[03:09:31 +1s | thequantuminsider_2023_11_15_eavesdropping_on_the_electron_a_new_method_for_extracting_da_082a6808] [INIT].... → Crawl4AI 0.8.6 
[03:09:33 +3s | thequantuminsider_2023_11_15_eavesdropping_on_the_electron_a_new_method_for_extracting_da_082a6808] [FETCH]... ↓ https://thequantuminsider.com/2023/11/15/eavesdr...ron-a-new-method-for-extracting-data-from-noise/  | ✓ | ⏱: 1.96s 
[03:09:33 +4s | thequantuminsider_2023_11_15_eavesdropping_on_the_electron_a_new_method_for_extracting_da_082a6808] [SCRAPE].. ◆ https://thequantuminsider.com/2023/11/15/eavesdr...ron-a-new-method-for-extracting-data-from-noise/  | ✓ | ⏱: 0.13s 
[03:09:33 +4s | thequantuminsider_2023_11_15_eavesdropping_on_the_electron_a_new_method_for_extracting_da_082a6808] [COMPLETE] ● https://thequantuminsider.com/2023/11/15/eavesdr...ron-a-new-method-for-extracting-data-from-noise/  | ✓ | ⏱: 2.12s 
[03:09:33 +4s | thequantuminsider_2023_11_15_eavesdropping_on_the_electron_a_new_method_for_extracting_da_082a6808] Saved: crawl_output/99f3479111_thequantuminsider.com_2023_11_15_eavesdropping-on-the-electron-a-new-method-for-extracting-data-from-noise.json

[03:09:33 +4s | thequantuminsider_2023_11_15_eavesdropping_on_the_electron_a_new_method_for_extracting_da_082a6808] === 1 actor extraction ===
[03:09:33 +4s | thequantuminsider_2023_11_15_eavesdropping_on_the_electron_a_new_method_for_extracting_da_082a6808] Reading page (1/1): https://thequantuminsider.com/2023/11/15/eavesdropping-on-the-electron-a-new-method-for-extracting-data-from-noise
[03:09:33 +4s | thequantuminsider_2023_11_15_eavesdropping_on_the_electron_a_new_method_for_extracting_da_082a6808] Extracting actors: https://thequantuminsider.com/2023/11/15/eavesdropping-on-the-electron-a-new-method-for-extracting-data-from-noise (1/1), chunk 1/37
[03:09:40 +12s | thequantuminsider_2023_11_15_eavesdropping_on_the_electron_a_new_method_for_extracting_da_082a6808] Extracting actors: https://thequantuminsider.com/2023/11/15/eavesdropping-on-the-electron-a-new-method-for-extracting-data-from-noise (1/1), chunk 2/37
[03:10:04 +36s | thequantuminsider_2023_11_15_eavesdropping_on_the_electron_a_new_method_for_extracting_da_082a6808] Extracting actors: https://thequantuminsider.com/2023/11/15/eavesdropping-on-the-electron-a-new-method-for-extracting-data-from-noise (1/1), chunk 3/37
[03:10:10 +44s | thequantuminsider_2023_11_15_eavesdropping_on_the_electron_a_new_method_for_extracting_da_082a6808] Extracting actors: https://thequantuminsider.com/2023/11/15/eavesdropping-on-the-electron-a-new-method-for-extracting-data-from-noise (1/1), chunk 4/37
[03:10:18 +52s | thequantuminsider_2023_11_15_eavesdropping_on_the_electron_a_new_method_for_extracting_da_082a6808] Extracting actors: https://thequantuminsider.com/2023/11/15/eavesdropping-on-the-electron-a-new-method-for-extracting-data-from-noise (1/1), chunk 5/37
[03:10:25 +58s | thequantuminsider_2023_11_15_eavesdropping_on_the_electron_a_new_method_for_extracting_da_082a6808] Extracting actors: https://thequantuminsider.com/2023/11/15/eavesdropping-on-the-electron-a-new-method-for-extracting-data-from-noise (1/1), chunk 6/37
[03:10:29 +1m 3s | thequantuminsider_2023_11_15_eavesdropping_on_the_electron_a_new_method_for_extracting_da_082a6808] Extracting actors: https://thequantuminsider.com/2023/11/15/eavesdropping-on-the-electron-a-new-method-for-extracting-data-from-noise (1/1), chunk 7/37
[03:10:33 +1m 7s | thequantuminsider_2023_11_15_eavesdropping_on_the_electron_a_new_method_for_extracting_da_082a6808] Extracting actors: https://thequantuminsider.com/2023/11/15/eavesdropping-on-the-electron-a-new-method-for-extracting-data-from-noise (1/1), chunk 8/37
[03:10:38 +1m 11s | thequantuminsider_2023_11_15_eavesdropping_on_the_electron_a_new_method_for_extracting_da_082a6808] Extracting actors: https://thequantuminsider.com/2023/11/15/eavesdropping-on-the-electron-a-new-method-for-extracting-data-from-noise (1/1), chunk 9/37
[03:10:41 +1m 16s | thequantuminsider_2023_11_15_eavesdropping_on_the_electron_a_new_method_for_extracting_da_082a6808] Extracting actors: https://thequantuminsider.com/2023/11/15/eavesdropping-on-the-electron-a-new-method-for-extracting-data-from-noise (1/1), chunk 10/37
[03:10:46 +1m 21s | thequantuminsider_2023_11_15_eavesdropping_on_the_electron_a_new_method_for_extracting_da_082a6808] Extracting actors: https://thequantuminsider.com/2023/11/15/eavesdropping-on-the-electron-a-new-method-for-extracting-data-from-noise (1/1), chunk 11/37
[03:10:51 +1m 26s | thequantuminsider_2023_11_15_eavesdropping_on_the_electron_a_new_method_for_extracting_da_082a6808] Extracting actors: https://thequantuminsider.com/2023/11/15/eavesdropping-on-the-electron-a-new-method-for-extracting-data-from-noise (1/1), chunk 12/37
[03:10:57 +1m 32s | thequantuminsider_2023_11_15_eavesdropping_on_the_electron_a_new_method_for_extracting_da_082a6808] Repaired malformed JSON.
[03:10:57 +1m 32s | thequantuminsider_2023_11_15_eavesdropping_on_the_electron_a_new_method_for_extracting_da_082a6808] Extracting actors: https://thequantuminsider.com/2023/11/15/eavesdropping-on-the-electron-a-new-method-for-extracting-data-from-noise (1/1), chunk 13/37
[03:11:05 +1m 40s | thequantuminsider_2023_11_15_eavesdropping_on_the_electron_a_new_method_for_extracting_da_082a6808] Repaired malformed JSON.
[03:11:05 +1m 40s | thequantuminsider_2023_11_15_eavesdropping_on_the_electron_a_new_method_for_extracting_da_082a6808] Extracting actors: https://thequantuminsider.com/2023/11/15/eavesdropping-on-the-electron-a-new-method-for-extracting-data-from-noise (1/1), chunk 14/37
[03:11:13 +1m 50s | thequantuminsider_2023_11_15_eavesdropping_on_the_electron_a_new_method_for_extracting_da_082a6808] Repaired malformed JSON.
[03:11:13 +1m 50s | thequantuminsider_2023_11_15_eavesdropping_on_the_electron_a_new_method_for_extracting_da_082a6808] Extracting actors: https://thequantuminsider.com/2023/11/15/eavesdropping-on-the-electron-a-new-method-for-extracting-data-from-noise (1/1), chunk 15/37
[03:11:38 +2m 15s | thequantuminsider_2023_11_15_eavesdropping_on_the_electron_a_new_method_for_extracting_da_082a6808] Repaired malformed JSON.
[03:11:38 +2m 15s | thequantuminsider_2023_11_15_eavesdropping_on_the_electron_a_new_method_for_extracting_da_082a6808] Extracting actors: https://thequantuminsider.com/2023/11/15/eavesdropping-on-the-electron-a-new-method-for-extracting-data-from-noise (1/1), chunk 16/37
[03:11:45 +2m 23s | thequantuminsider_2023_11_15_eavesdropping_on_the_electron_a_new_method_for_extracting_da_082a6808] Repaired malformed JSON.
[03:11:45 +2m 23s | thequantuminsider_2023_11_15_eavesdropping_on_the_electron_a_new_method_for_extracting_da_082a6808] Extracting actors: https://thequantuminsider.com/2023/11/15/eavesdropping-on-the-electron-a-new-method-for-extracting-data-from-noise (1/1), chunk 17/37
[03:11:52 +2m 30s | thequantuminsider_2023_11_15_eavesdropping_on_the_electron_a_new_method_for_extracting_da_082a6808] Repaired malformed JSON.
[03:11:52 +2m 30s | thequantuminsider_2023_11_15_eavesdropping_on_the_electron_a_new_method_for_extracting_da_082a6808] Extracting actors: https://thequantuminsider.com/2023/11/15/eavesdropping-on-the-electron-a-new-method-for-extracting-data-from-noise (1/1), chunk 18/37
[03:12:01 +2m 39s | thequantuminsider_2023_11_15_eavesdropping_on_the_electron_a_new_method_for_extracting_da_082a6808] Repaired malformed JSON.
[03:12:01 +2m 39s | thequantuminsider_2023_11_15_eavesdropping_on_the_electron_a_new_method_for_extracting_da_082a6808] Extracting actors: https://thequantuminsider.com/2023/11/15/eavesdropping-on-the-electron-a-new-method-for-extracting-data-from-noise (1/1), chunk 19/37
[03:12:11 +2m 49s | thequantuminsider_2023_11_15_eavesdropping_on_the_electron_a_new_method_for_extracting_da_082a6808] Repaired malformed JSON.
[03:12:11 +2m 49s | thequantuminsider_2023_11_15_eavesdropping_on_the_electron_a_new_method_for_extracting_da_082a6808] Extracting actors: https://thequantuminsider.com/2023/11/15/eavesdropping-on-the-electron-a-new-method-for-extracting-data-from-noise (1/1), chunk 20/37
[03:12:16 +2m 55s | thequantuminsider_2023_11_15_eavesdropping_on_the_electron_a_new_method_for_extracting_da_082a6808] Repaired malformed JSON.
[03:12:16 +2m 55s | thequantuminsider_2023_11_15_eavesdropping_on_the_electron_a_new_method_for_extracting_da_082a6808] Extracting actors: https://thequantuminsider.com/2023/11/15/eavesdropping-on-the-electron-a-new-method-for-extracting-data-from-noise (1/1), chunk 21/37
[03:12:23 +3m 3s | thequantuminsider_2023_11_15_eavesdropping_on_the_electron_a_new_method_for_extracting_da_082a6808] Repaired malformed JSON.
[03:12:23 +3m 3s | thequantuminsider_2023_11_15_eavesdropping_on_the_electron_a_new_method_for_extracting_da_082a6808] Extracting actors: https://thequantuminsider.com/2023/11/15/eavesdropping-on-the-electron-a-new-method-for-extracting-data-from-noise (1/1), chunk 22/37
[03:12:32 +3m 12s | thequantuminsider_2023_11_15_eavesdropping_on_the_electron_a_new_method_for_extracting_da_082a6808] Repaired malformed JSON.
[03:12:32 +3m 12s | thequantuminsider_2023_11_15_eavesdropping_on_the_electron_a_new_method_for_extracting_da_082a6808] Extracting actors: https://thequantuminsider.com/2023/11/15/eavesdropping-on-the-electron-a-new-method-for-extracting-data-from-noise (1/1), chunk 23/37
[03:12:38 +3m 18s | thequantuminsider_2023_11_15_eavesdropping_on_the_electron_a_new_method_for_extracting_da_082a6808] Repaired malformed JSON.
[03:12:38 +3m 18s | thequantuminsider_2023_11_15_eavesdropping_on_the_electron_a_new_method_for_extracting_da_082a6808] Extracting actors: https://thequantuminsider.com/2023/11/15/eavesdropping-on-the-electron-a-new-method-for-extracting-data-from-noise (1/1), chunk 24/37
[03:12:44 +3m 24s | thequantuminsider_2023_11_15_eavesdropping_on_the_electron_a_new_method_for_extracting_da_082a6808] Repaired malformed JSON.
[03:12:44 +3m 24s | thequantuminsider_2023_11_15_eavesdropping_on_the_electron_a_new_method_for_extracting_da_082a6808] Extracting actors: https://thequantuminsider.com/2023/11/15/eavesdropping-on-the-electron-a-new-method-for-extracting-data-from-noise (1/1), chunk 25/37
[03:12:49 +3m 30s | thequantuminsider_2023_11_15_eavesdropping_on_the_electron_a_new_method_for_extracting_da_082a6808] Repaired malformed JSON.
[03:12:49 +3m 30s | thequantuminsider_2023_11_15_eavesdropping_on_the_electron_a_new_method_for_extracting_da_082a6808] Extracting actors: https://thequantuminsider.com/2023/11/15/eavesdropping-on-the-electron-a-new-method-for-extracting-data-from-noise (1/1), chunk 26/37
[03:13:16 +3m 58s | thequantuminsider_2023_11_15_eavesdropping_on_the_electron_a_new_method_for_extracting_da_082a6808] Repaired malformed JSON.
[03:13:16 +3m 58s | thequantuminsider_2023_11_15_eavesdropping_on_the_electron_a_new_method_for_extracting_da_082a6808] Extracting actors: https://thequantuminsider.com/2023/11/15/eavesdropping-on-the-electron-a-new-method-for-extracting-data-from-noise (1/1), chunk 27/37
[03:13:41 +4m 23s | thequantuminsider_2023_11_15_eavesdropping_on_the_electron_a_new_method_for_extracting_da_082a6808] Extracting actors: https://thequantuminsider.com/2023/11/15/eavesdropping-on-the-electron-a-new-method-for-extracting-data-from-noise (1/1), chunk 28/37
[03:13:58 +4m 42s | thequantuminsider_2023_11_15_eavesdropping_on_the_electron_a_new_method_for_extracting_da_082a6808] Extracting actors: https://thequantuminsider.com/2023/11/15/eavesdropping-on-the-electron-a-new-method-for-extracting-data-from-noise (1/1), chunk 29/37
[03:14:07 +4m 51s | thequantuminsider_2023_11_15_eavesdropping_on_the_electron_a_new_method_for_extracting_da_082a6808] Repaired malformed JSON.
[03:14:07 +4m 51s | thequantuminsider_2023_11_15_eavesdropping_on_the_electron_a_new_method_for_extracting_da_082a6808] Extracting actors: https://thequantuminsider.com/2023/11/15/eavesdropping-on-the-electron-a-new-method-for-extracting-data-from-noise (1/1), chunk 30/37
[03:14:15 +5m 0s | thequantuminsider_2023_11_15_eavesdropping_on_the_electron_a_new_method_for_extracting_da_082a6808] Repaired malformed JSON.
[03:14:15 +5m 0s | thequantuminsider_2023_11_15_eavesdropping_on_the_electron_a_new_method_for_extracting_da_082a6808] Extracting actors: https://thequantuminsider.com/2023/11/15/eavesdropping-on-the-electron-a-new-method-for-extracting-data-from-noise (1/1), chunk 31/37
[03:14:25 +5m 10s | thequantuminsider_2023_11_15_eavesdropping_on_the_electron_a_new_method_for_extracting_da_082a6808] Repaired malformed JSON.
[03:14:25 +5m 10s | thequantuminsider_2023_11_15_eavesdropping_on_the_electron_a_new_method_for_extracting_da_082a6808] Extracting actors: https://thequantuminsider.com/2023/11/15/eavesdropping-on-the-electron-a-new-method-for-extracting-data-from-noise (1/1), chunk 32/37
[03:14:33 +5m 18s | thequantuminsider_2023_11_15_eavesdropping_on_the_electron_a_new_method_for_extracting_da_082a6808] Repaired malformed JSON.
[03:14:33 +5m 18s | thequantuminsider_2023_11_15_eavesdropping_on_the_electron_a_new_method_for_extracting_da_082a6808] Extracting actors: https://thequantuminsider.com/2023/11/15/eavesdropping-on-the-electron-a-new-method-for-extracting-data-from-noise (1/1), chunk 33/37
[03:14:57 +5m 44s | thequantuminsider_2023_11_15_eavesdropping_on_the_electron_a_new_method_for_extracting_da_082a6808] Repaired malformed JSON.
[03:14:57 +5m 44s | thequantuminsider_2023_11_15_eavesdropping_on_the_electron_a_new_method_for_extracting_da_082a6808] Extracting actors: https://thequantuminsider.com/2023/11/15/eavesdropping-on-the-electron-a-new-method-for-extracting-data-from-noise (1/1), chunk 34/37
[03:15:05 +5m 52s | thequantuminsider_2023_11_15_eavesdropping_on_the_electron_a_new_method_for_extracting_da_082a6808] Repaired malformed JSON.
[03:15:05 +5m 52s | thequantuminsider_2023_11_15_eavesdropping_on_the_electron_a_new_method_for_extracting_da_082a6808] Extracting actors: https://thequantuminsider.com/2023/11/15/eavesdropping-on-the-electron-a-new-method-for-extracting-data-from-noise (1/1), chunk 35/37
[03:15:12 +5m 59s | thequantuminsider_2023_11_15_eavesdropping_on_the_electron_a_new_method_for_extracting_da_082a6808] Repaired malformed JSON.
[03:15:12 +5m 59s | thequantuminsider_2023_11_15_eavesdropping_on_the_electron_a_new_method_for_extracting_da_082a6808] Extracting actors: https://thequantuminsider.com/2023/11/15/eavesdropping-on-the-electron-a-new-method-for-extracting-data-from-noise (1/1), chunk 36/37
[03:15:19 +6m 7s | thequantuminsider_2023_11_15_eavesdropping_on_the_electron_a_new_method_for_extracting_da_082a6808] Repaired malformed JSON.
[03:15:19 +6m 7s | thequantuminsider_2023_11_15_eavesdropping_on_the_electron_a_new_method_for_extracting_da_082a6808] Extracting actors: https://thequantuminsider.com/2023/11/15/eavesdropping-on-the-electron-a-new-method-for-extracting-data-from-noise (1/1), chunk 37/37
[03:15:25 +6m 13s | thequantuminsider_2023_11_15_eavesdropping_on_the_electron_a_new_method_for_extracting_da_082a6808] Repaired malformed JSON.
[03:15:25 +6m 13s | thequantuminsider_2023_11_15_eavesdropping_on_the_electron_a_new_method_for_extracting_da_082a6808] Saved 1_actor_results.json with 54 extracted records

[03:15:25 +6m 13s | thequantuminsider_2023_11_15_eavesdropping_on_the_electron_a_new_method_for_extracting_da_082a6808] === 2 clean actors ===
[03:15:25 +6m 14s | thequantuminsider_2023_11_15_eavesdropping_on_the_electron_a_new_method_for_extracting_da_082a6808] Loaded 54 extracted records
[03:15:25 +6m 14s | thequantuminsider_2023_11_15_eavesdropping_on_the_electron_a_new_method_for_extracting_da_082a6808] Saved 2_actor_nodes.json with 20 canonical actor nodes

[03:15:25 +6m 14s | thequantuminsider_2023_11_15_eavesdropping_on_the_electron_a_new_method_for_extracting_da_082a6808] === 3 interaction extraction ===
[03:15:26 +6m 14s | thequantuminsider_2023_11_15_eavesdropping_on_the_electron_a_new_method_for_extracting_da_082a6808] Extracting interactions: https://thequantuminsider.com/2023/11/15/eavesdropping-on-the-electron-a-new-method-for-extracting-data-from-noise (1/1), chunk 12/37
[03:15:38 +6m 26s | thequantuminsider_2023_11_15_eavesdropping_on_the_electron_a_new_method_for_extracting_da_082a6808] Extracting interactions: https://thequantuminsider.com/2023/11/15/eavesdropping-on-the-electron-a-new-method-for-extracting-data-from-noise (1/1), chunk 13/37
[03:15:45 +6m 33s | thequantuminsider_2023_11_15_eavesdropping_on_the_electron_a_new_method_for_extracting_da_082a6808] Extracting interactions: https://thequantuminsider.com/2023/11/15/eavesdropping-on-the-electron-a-new-method-for-extracting-data-from-noise (1/1), chunk 14/37
[03:15:54 +6m 43s | thequantuminsider_2023_11_15_eavesdropping_on_the_electron_a_new_method_for_extracting_da_082a6808] Extracting interactions: https://thequantuminsider.com/2023/11/15/eavesdropping-on-the-electron-a-new-method-for-extracting-data-from-noise (1/1), chunk 15/37
[03:16:04 +6m 53s | thequantuminsider_2023_11_15_eavesdropping_on_the_electron_a_new_method_for_extracting_da_082a6808] Extracting interactions: https://thequantuminsider.com/2023/11/15/eavesdropping-on-the-electron-a-new-method-for-extracting-data-from-noise (1/1), chunk 16/37
[03:16:09 +6m 58s | thequantuminsider_2023_11_15_eavesdropping_on_the_electron_a_new_method_for_extracting_da_082a6808] Extracting interactions: https://thequantuminsider.com/2023/11/15/eavesdropping-on-the-electron-a-new-method-for-extracting-data-from-noise (1/1), chunk 17/37
[03:16:12 +7m 2s | thequantuminsider_2023_11_15_eavesdropping_on_the_electron_a_new_method_for_extracting_da_082a6808] Extracting interactions: https://thequantuminsider.com/2023/11/15/eavesdropping-on-the-electron-a-new-method-for-extracting-data-from-noise (1/1), chunk 18/37
[03:16:14 +7m 4s | thequantuminsider_2023_11_15_eavesdropping_on_the_electron_a_new_method_for_extracting_da_082a6808] Extracting interactions: https://thequantuminsider.com/2023/11/15/eavesdropping-on-the-electron-a-new-method-for-extracting-data-from-noise (1/1), chunk 20/37
[03:16:15 +7m 5s | thequantuminsider_2023_11_15_eavesdropping_on_the_electron_a_new_method_for_extracting_da_082a6808] Extracting interactions: https://thequantuminsider.com/2023/11/15/eavesdropping-on-the-electron-a-new-method-for-extracting-data-from-noise (1/1), chunk 21/37
[03:16:17 +7m 8s | thequantuminsider_2023_11_15_eavesdropping_on_the_electron_a_new_method_for_extracting_da_082a6808] Extracting interactions: https://thequantuminsider.com/2023/11/15/eavesdropping-on-the-electron-a-new-method-for-extracting-data-from-noise (1/1), chunk 24/37
[03:16:19 +7m 10s | thequantuminsider_2023_11_15_eavesdropping_on_the_electron_a_new_method_for_extracting_da_082a6808] Extracting interactions: https://thequantuminsider.com/2023/11/15/eavesdropping-on-the-electron-a-new-method-for-extracting-data-from-noise (1/1), chunk 26/37
[03:16:28 +7m 19s | thequantuminsider_2023_11_15_eavesdropping_on_the_electron_a_new_method_for_extracting_da_082a6808] Extracting interactions: https://thequantuminsider.com/2023/11/15/eavesdropping-on-the-electron-a-new-method-for-extracting-data-from-noise (1/1), chunk 27/37
[03:16:29 +7m 21s | thequantuminsider_2023_11_15_eavesdropping_on_the_electron_a_new_method_for_extracting_da_082a6808] Extracting interactions: https://thequantuminsider.com/2023/11/15/eavesdropping-on-the-electron-a-new-method-for-extracting-data-from-noise (1/1), chunk 28/37
[03:16:32 +7m 23s | thequantuminsider_2023_11_15_eavesdropping_on_the_electron_a_new_method_for_extracting_da_082a6808] Extracting interactions: https://thequantuminsider.com/2023/11/15/eavesdropping-on-the-electron-a-new-method-for-extracting-data-from-noise (1/1), chunk 30/37
[03:16:34 +7m 25s | thequantuminsider_2023_11_15_eavesdropping_on_the_electron_a_new_method_for_extracting_da_082a6808] Extracting interactions: https://thequantuminsider.com/2023/11/15/eavesdropping-on-the-electron-a-new-method-for-extracting-data-from-noise (1/1), chunk 31/37
[03:16:36 +7m 27s | thequantuminsider_2023_11_15_eavesdropping_on_the_electron_a_new_method_for_extracting_da_082a6808] Extracting interactions: https://thequantuminsider.com/2023/11/15/eavesdropping-on-the-electron-a-new-method-for-extracting-data-from-noise (1/1), chunk 32/37
[03:16:38 +7m 29s | thequantuminsider_2023_11_15_eavesdropping_on_the_electron_a_new_method_for_extracting_da_082a6808] Extracting interactions: https://thequantuminsider.com/2023/11/15/eavesdropping-on-the-electron-a-new-method-for-extracting-data-from-noise (1/1), chunk 33/37
[03:16:42 +7m 33s | thequantuminsider_2023_11_15_eavesdropping_on_the_electron_a_new_method_for_extracting_da_082a6808] Extracting interactions: https://thequantuminsider.com/2023/11/15/eavesdropping-on-the-electron-a-new-method-for-extracting-data-from-noise (1/1), chunk 34/37
[03:16:44 +7m 35s | thequantuminsider_2023_11_15_eavesdropping_on_the_electron_a_new_method_for_extracting_da_082a6808] Extracting interactions: https://thequantuminsider.com/2023/11/15/eavesdropping-on-the-electron-a-new-method-for-extracting-data-from-noise (1/1), chunk 35/37
[03:16:45 +7m 36s | thequantuminsider_2023_11_15_eavesdropping_on_the_electron_a_new_method_for_extracting_da_082a6808] Extracting interactions: https://thequantuminsider.com/2023/11/15/eavesdropping-on-the-electron-a-new-method-for-extracting-data-from-noise (1/1), chunk 36/37
[03:17:31 +8m 25s | thequantuminsider_2023_11_15_eavesdropping_on_the_electron_a_new_method_for_extracting_da_082a6808] Extracting interactions: https://thequantuminsider.com/2023/11/15/eavesdropping-on-the-electron-a-new-method-for-extracting-data-from-noise (1/1), chunk 37/37
[03:17:32 +8m 26s | thequantuminsider_2023_11_15_eavesdropping_on_the_electron_a_new_method_for_extracting_da_082a6808] Saved 3_interaction_results.json with 15 extracted interactions.

[03:17:32 +8m 26s | thequantuminsider_2023_11_15_eavesdropping_on_the_electron_a_new_method_for_extracting_da_082a6808] === 4 clean interactions ===
[03:17:32 +8m 26s | thequantuminsider_2023_11_15_eavesdropping_on_the_electron_a_new_method_for_extracting_da_082a6808] Saved 4_edges.json with 2 cleaned interactions.

[03:17:32 +8m 26s | thequantuminsider_2023_11_15_eavesdropping_on_the_electron_a_new_method_for_extracting_da_082a6808] === 5 helix enrichment ===
[03:17:32 +8m 26s | thequantuminsider_2023_11_15_eavesdropping_on_the_electron_a_new_method_for_extracting_da_082a6808] Wrote 5_nodes.json (20 actors)
[03:17:32 +8m 26s | thequantuminsider_2023_11_15_eavesdropping_on_the_electron_a_new_method_for_extracting_da_082a6808] Wrote 5_edges.json (2 interactions)
[03:17:32 +8m 26s | thequantuminsider_2023_11_15_eavesdropping_on_the_electron_a_new_method_for_extracting_da_082a6808] Actor helix counts: {'Academia': 2, 'Civil Society': 4, 'Industry': 2, 'Intermediary': 1, 'Unknown': 11}
[03:17:32 +8m 26s | thequantuminsider_2023_11_15_eavesdropping_on_the_electron_a_new_method_for_extracting_da_082a6808] Functional-space counts: {'Intra-helix / Not classified': 1, 'Public': 1}

[03:17:32 +8m 26s | thequantuminsider_2023_11_15_eavesdropping_on_the_electron_a_new_method_for_extracting_da_082a6808] === 6 network visualisation ===
[03:17:33 +8m 27s | thequantuminsider_2023_11_15_eavesdropping_on_the_electron_a_new_method_for_extracting_da_082a6808] Wrote quantum_network.html
[03:17:33 +8m 27s | thequantuminsider_2023_11_15_eavesdropping_on_the_electron_a_new_method_for_extracting_da_082a6808] Nodes: 20
[03:17:33 +8m 27s | thequantuminsider_2023_11_15_eavesdropping_on_the_electron_a_new_method_for_extracting_da_082a6808] Edges: 2

[03:17:33 +8m 27s | thequantuminsider_2023_11_15_eavesdropping_on_the_electron_a_new_method_for_extracting_da_082a6808] Done. Outputs written to: /home/lv/IDP/idpdeeptech/pipeline/news_outputs/thequantuminsider_2023_11_15_eavesdropping_on_the_electron_a_new_method_for_extracting_da_082a6808
[03:17:33 +8m 27s | thequantuminsider_2023_11_15_eavesdropping_on_the_electron_a_new_method_for_extracting_da_082a6808] Log: /home/lv/IDP/idpdeeptech/pipeline/news_outputs/thequantuminsider_2023_11_15_eavesdropping_on_the_electron_a_new_method_for_extracting_da_082a6808/run.log

========================================================================
RUN FINISHED 2026-07-05 03:17:33  (OK)
Started:     2026-07-05 03:09:29
Elapsed:     8m 27s
========================================================================
