
========================================================================
RUN STARTED  2026-07-05 04:31:33
site_pipeline.py https://thequantuminsider.com/2023/11/03/signs-point-toward-extension-of-u-s-s-national-quantum-initiative-act/
========================================================================

[04:31:33 +0s | thequantuminsider_2023_11_03_signs_point_toward_extension_of_u_s_s_national_quantum_initiative_act] === 0 crawl site ===
[04:31:34 +1s | thequantuminsider_2023_11_03_signs_point_toward_extension_of_u_s_s_national_quantum_initiative_act] [INIT].... → Crawl4AI 0.8.6 
[04:31:37 +3s | thequantuminsider_2023_11_03_signs_point_toward_extension_of_u_s_s_national_quantum_initiative_act] [FETCH]... ↓ https://thequantuminsider.com/2023/11/03/signs-p...ension-of-u-s-s-national-quantum-initiative-act/  | ✓ | ⏱: 2.04s 
[04:31:37 +4s | thequantuminsider_2023_11_03_signs_point_toward_extension_of_u_s_s_national_quantum_initiative_act] [SCRAPE].. ◆ https://thequantuminsider.com/2023/11/03/signs-p...ension-of-u-s-s-national-quantum-initiative-act/  | ✓ | ⏱: 0.15s 
[04:31:37 +4s | thequantuminsider_2023_11_03_signs_point_toward_extension_of_u_s_s_national_quantum_initiative_act] [COMPLETE] ● https://thequantuminsider.com/2023/11/03/signs-p...ension-of-u-s-s-national-quantum-initiative-act/  | ✓ | ⏱: 2.22s 
[04:31:37 +4s | thequantuminsider_2023_11_03_signs_point_toward_extension_of_u_s_s_national_quantum_initiative_act] Saved: crawl_output/2635c71090_thequantuminsider.com_2023_11_03_signs-point-toward-extension-of-u-s-s-national-quantum-initiative-act.json

[04:31:37 +4s | thequantuminsider_2023_11_03_signs_point_toward_extension_of_u_s_s_national_quantum_initiative_act] === 1 actor extraction ===
[04:31:37 +4s | thequantuminsider_2023_11_03_signs_point_toward_extension_of_u_s_s_national_quantum_initiative_act] Reading page (1/1): https://thequantuminsider.com/2023/11/03/signs-point-toward-extension-of-u-s-s-national-quantum-initiative-act
[04:31:37 +4s | thequantuminsider_2023_11_03_signs_point_toward_extension_of_u_s_s_national_quantum_initiative_act] Extracting actors: https://thequantuminsider.com/2023/11/03/signs-point-toward-extension-of-u-s-s-national-quantum-initiative-act (1/1), chunk 1/39
[04:31:41 +8s | thequantuminsider_2023_11_03_signs_point_toward_extension_of_u_s_s_national_quantum_initiative_act] Extracting actors: https://thequantuminsider.com/2023/11/03/signs-point-toward-extension-of-u-s-s-national-quantum-initiative-act (1/1), chunk 2/39
[04:32:05 +34s | thequantuminsider_2023_11_03_signs_point_toward_extension_of_u_s_s_national_quantum_initiative_act] Repaired malformed JSON.
[04:32:05 +34s | thequantuminsider_2023_11_03_signs_point_toward_extension_of_u_s_s_national_quantum_initiative_act] Extracting actors: https://thequantuminsider.com/2023/11/03/signs-point-toward-extension-of-u-s-s-national-quantum-initiative-act (1/1), chunk 3/39
[04:32:10 +39s | thequantuminsider_2023_11_03_signs_point_toward_extension_of_u_s_s_national_quantum_initiative_act] Extracting actors: https://thequantuminsider.com/2023/11/03/signs-point-toward-extension-of-u-s-s-national-quantum-initiative-act (1/1), chunk 4/39
[04:32:16 +45s | thequantuminsider_2023_11_03_signs_point_toward_extension_of_u_s_s_national_quantum_initiative_act] Extracting actors: https://thequantuminsider.com/2023/11/03/signs-point-toward-extension-of-u-s-s-national-quantum-initiative-act (1/1), chunk 5/39
[04:32:21 +52s | thequantuminsider_2023_11_03_signs_point_toward_extension_of_u_s_s_national_quantum_initiative_act] Repaired malformed JSON.
[04:32:21 +52s | thequantuminsider_2023_11_03_signs_point_toward_extension_of_u_s_s_national_quantum_initiative_act] Extracting actors: https://thequantuminsider.com/2023/11/03/signs-point-toward-extension-of-u-s-s-national-quantum-initiative-act (1/1), chunk 6/39
[04:32:31 +1m 1s | thequantuminsider_2023_11_03_signs_point_toward_extension_of_u_s_s_national_quantum_initiative_act] Repaired malformed JSON.
[04:32:31 +1m 1s | thequantuminsider_2023_11_03_signs_point_toward_extension_of_u_s_s_national_quantum_initiative_act] Extracting actors: https://thequantuminsider.com/2023/11/03/signs-point-toward-extension-of-u-s-s-national-quantum-initiative-act (1/1), chunk 7/39
[04:32:40 +1m 11s | thequantuminsider_2023_11_03_signs_point_toward_extension_of_u_s_s_national_quantum_initiative_act] Extracting actors: https://thequantuminsider.com/2023/11/03/signs-point-toward-extension-of-u-s-s-national-quantum-initiative-act (1/1), chunk 8/39
[04:32:46 +1m 16s | thequantuminsider_2023_11_03_signs_point_toward_extension_of_u_s_s_national_quantum_initiative_act] Extracting actors: https://thequantuminsider.com/2023/11/03/signs-point-toward-extension-of-u-s-s-national-quantum-initiative-act (1/1), chunk 9/39
[04:32:50 +1m 22s | thequantuminsider_2023_11_03_signs_point_toward_extension_of_u_s_s_national_quantum_initiative_act] Extracting actors: https://thequantuminsider.com/2023/11/03/signs-point-toward-extension-of-u-s-s-national-quantum-initiative-act (1/1), chunk 10/39
[04:32:55 +1m 27s | thequantuminsider_2023_11_03_signs_point_toward_extension_of_u_s_s_national_quantum_initiative_act] Extracting actors: https://thequantuminsider.com/2023/11/03/signs-point-toward-extension-of-u-s-s-national-quantum-initiative-act (1/1), chunk 11/39
[04:33:01 +1m 34s | thequantuminsider_2023_11_03_signs_point_toward_extension_of_u_s_s_national_quantum_initiative_act] Extracting actors: https://thequantuminsider.com/2023/11/03/signs-point-toward-extension-of-u-s-s-national-quantum-initiative-act (1/1), chunk 12/39
[04:33:07 +1m 40s | thequantuminsider_2023_11_03_signs_point_toward_extension_of_u_s_s_national_quantum_initiative_act] Repaired malformed JSON.
[04:33:07 +1m 40s | thequantuminsider_2023_11_03_signs_point_toward_extension_of_u_s_s_national_quantum_initiative_act] Extracting actors: https://thequantuminsider.com/2023/11/03/signs-point-toward-extension-of-u-s-s-national-quantum-initiative-act (1/1), chunk 13/39
[04:33:14 +1m 47s | thequantuminsider_2023_11_03_signs_point_toward_extension_of_u_s_s_national_quantum_initiative_act] Repaired malformed JSON.
[04:33:14 +1m 47s | thequantuminsider_2023_11_03_signs_point_toward_extension_of_u_s_s_national_quantum_initiative_act] Extracting actors: https://thequantuminsider.com/2023/11/03/signs-point-toward-extension-of-u-s-s-national-quantum-initiative-act (1/1), chunk 14/39
[04:33:22 +1m 56s | thequantuminsider_2023_11_03_signs_point_toward_extension_of_u_s_s_national_quantum_initiative_act] Repaired malformed JSON.
[04:33:22 +1m 56s | thequantuminsider_2023_11_03_signs_point_toward_extension_of_u_s_s_national_quantum_initiative_act] Extracting actors: https://thequantuminsider.com/2023/11/03/signs-point-toward-extension-of-u-s-s-national-quantum-initiative-act (1/1), chunk 15/39
[04:33:30 +2m 4s | thequantuminsider_2023_11_03_signs_point_toward_extension_of_u_s_s_national_quantum_initiative_act] Repaired malformed JSON.
[04:33:30 +2m 4s | thequantuminsider_2023_11_03_signs_point_toward_extension_of_u_s_s_national_quantum_initiative_act] Extracting actors: https://thequantuminsider.com/2023/11/03/signs-point-toward-extension-of-u-s-s-national-quantum-initiative-act (1/1), chunk 16/39
[04:33:36 +2m 10s | thequantuminsider_2023_11_03_signs_point_toward_extension_of_u_s_s_national_quantum_initiative_act] Repaired malformed JSON.
[04:33:36 +2m 10s | thequantuminsider_2023_11_03_signs_point_toward_extension_of_u_s_s_national_quantum_initiative_act] Extracting actors: https://thequantuminsider.com/2023/11/03/signs-point-toward-extension-of-u-s-s-national-quantum-initiative-act (1/1), chunk 17/39
[04:33:46 +2m 20s | thequantuminsider_2023_11_03_signs_point_toward_extension_of_u_s_s_national_quantum_initiative_act] Repaired malformed JSON.
[04:33:46 +2m 20s | thequantuminsider_2023_11_03_signs_point_toward_extension_of_u_s_s_national_quantum_initiative_act] Extracting actors: https://thequantuminsider.com/2023/11/03/signs-point-toward-extension-of-u-s-s-national-quantum-initiative-act (1/1), chunk 18/39
[04:33:50 +2m 26s | thequantuminsider_2023_11_03_signs_point_toward_extension_of_u_s_s_national_quantum_initiative_act] Repaired malformed JSON.
[04:33:50 +2m 26s | thequantuminsider_2023_11_03_signs_point_toward_extension_of_u_s_s_national_quantum_initiative_act] Extracting actors: https://thequantuminsider.com/2023/11/03/signs-point-toward-extension-of-u-s-s-national-quantum-initiative-act (1/1), chunk 19/39
[04:34:03 +2m 39s | thequantuminsider_2023_11_03_signs_point_toward_extension_of_u_s_s_national_quantum_initiative_act] Repaired malformed JSON.
[04:34:03 +2m 39s | thequantuminsider_2023_11_03_signs_point_toward_extension_of_u_s_s_national_quantum_initiative_act] Extracting actors: https://thequantuminsider.com/2023/11/03/signs-point-toward-extension-of-u-s-s-national-quantum-initiative-act (1/1), chunk 20/39
[04:34:08 +2m 44s | thequantuminsider_2023_11_03_signs_point_toward_extension_of_u_s_s_national_quantum_initiative_act] Extracting actors: https://thequantuminsider.com/2023/11/03/signs-point-toward-extension-of-u-s-s-national-quantum-initiative-act (1/1), chunk 21/39
[04:34:19 +2m 55s | thequantuminsider_2023_11_03_signs_point_toward_extension_of_u_s_s_national_quantum_initiative_act] Repaired malformed JSON.
[04:34:19 +2m 55s | thequantuminsider_2023_11_03_signs_point_toward_extension_of_u_s_s_national_quantum_initiative_act] Extracting actors: https://thequantuminsider.com/2023/11/03/signs-point-toward-extension-of-u-s-s-national-quantum-initiative-act (1/1), chunk 22/39
[04:34:25 +3m 3s | thequantuminsider_2023_11_03_signs_point_toward_extension_of_u_s_s_national_quantum_initiative_act] Repaired malformed JSON.
[04:34:25 +3m 3s | thequantuminsider_2023_11_03_signs_point_toward_extension_of_u_s_s_national_quantum_initiative_act] Extracting actors: https://thequantuminsider.com/2023/11/03/signs-point-toward-extension-of-u-s-s-national-quantum-initiative-act (1/1), chunk 23/39
[04:34:32 +3m 9s | thequantuminsider_2023_11_03_signs_point_toward_extension_of_u_s_s_national_quantum_initiative_act] Repaired malformed JSON.
[04:34:32 +3m 9s | thequantuminsider_2023_11_03_signs_point_toward_extension_of_u_s_s_national_quantum_initiative_act] Extracting actors: https://thequantuminsider.com/2023/11/03/signs-point-toward-extension-of-u-s-s-national-quantum-initiative-act (1/1), chunk 24/39
[04:34:38 +3m 16s | thequantuminsider_2023_11_03_signs_point_toward_extension_of_u_s_s_national_quantum_initiative_act] Repaired malformed JSON.
[04:34:38 +3m 16s | thequantuminsider_2023_11_03_signs_point_toward_extension_of_u_s_s_national_quantum_initiative_act] Extracting actors: https://thequantuminsider.com/2023/11/03/signs-point-toward-extension-of-u-s-s-national-quantum-initiative-act (1/1), chunk 25/39
[04:35:00 +3m 39s | thequantuminsider_2023_11_03_signs_point_toward_extension_of_u_s_s_national_quantum_initiative_act] Repaired malformed JSON.
[04:35:00 +3m 39s | thequantuminsider_2023_11_03_signs_point_toward_extension_of_u_s_s_national_quantum_initiative_act] Extracting actors: https://thequantuminsider.com/2023/11/03/signs-point-toward-extension-of-u-s-s-national-quantum-initiative-act (1/1), chunk 26/39
[04:35:08 +3m 47s | thequantuminsider_2023_11_03_signs_point_toward_extension_of_u_s_s_national_quantum_initiative_act] Repaired malformed JSON.
[04:35:08 +3m 47s | thequantuminsider_2023_11_03_signs_point_toward_extension_of_u_s_s_national_quantum_initiative_act] Extracting actors: https://thequantuminsider.com/2023/11/03/signs-point-toward-extension-of-u-s-s-national-quantum-initiative-act (1/1), chunk 27/39
[04:35:13 +3m 52s | thequantuminsider_2023_11_03_signs_point_toward_extension_of_u_s_s_national_quantum_initiative_act] Extracting actors: https://thequantuminsider.com/2023/11/03/signs-point-toward-extension-of-u-s-s-national-quantum-initiative-act (1/1), chunk 28/39
[04:35:37 +4m 18s | thequantuminsider_2023_11_03_signs_point_toward_extension_of_u_s_s_national_quantum_initiative_act] Repaired malformed JSON.
[04:35:37 +4m 18s | thequantuminsider_2023_11_03_signs_point_toward_extension_of_u_s_s_national_quantum_initiative_act] Extracting actors: https://thequantuminsider.com/2023/11/03/signs-point-toward-extension-of-u-s-s-national-quantum-initiative-act (1/1), chunk 29/39
[04:35:44 +4m 25s | thequantuminsider_2023_11_03_signs_point_toward_extension_of_u_s_s_national_quantum_initiative_act] Extracting actors: https://thequantuminsider.com/2023/11/03/signs-point-toward-extension-of-u-s-s-national-quantum-initiative-act (1/1), chunk 30/39
[04:35:49 +4m 30s | thequantuminsider_2023_11_03_signs_point_toward_extension_of_u_s_s_national_quantum_initiative_act] Extracting actors: https://thequantuminsider.com/2023/11/03/signs-point-toward-extension-of-u-s-s-national-quantum-initiative-act (1/1), chunk 31/39
[04:35:53 +4m 36s | thequantuminsider_2023_11_03_signs_point_toward_extension_of_u_s_s_national_quantum_initiative_act] Repaired malformed JSON.
[04:35:53 +4m 36s | thequantuminsider_2023_11_03_signs_point_toward_extension_of_u_s_s_national_quantum_initiative_act] Extracting actors: https://thequantuminsider.com/2023/11/03/signs-point-toward-extension-of-u-s-s-national-quantum-initiative-act (1/1), chunk 32/39
[04:36:03 +4m 46s | thequantuminsider_2023_11_03_signs_point_toward_extension_of_u_s_s_national_quantum_initiative_act] Repaired malformed JSON.
[04:36:03 +4m 46s | thequantuminsider_2023_11_03_signs_point_toward_extension_of_u_s_s_national_quantum_initiative_act] Extracting actors: https://thequantuminsider.com/2023/11/03/signs-point-toward-extension-of-u-s-s-national-quantum-initiative-act (1/1), chunk 33/39
[04:36:15 +4m 58s | thequantuminsider_2023_11_03_signs_point_toward_extension_of_u_s_s_national_quantum_initiative_act] Repaired malformed JSON.
[04:36:15 +4m 58s | thequantuminsider_2023_11_03_signs_point_toward_extension_of_u_s_s_national_quantum_initiative_act] Extracting actors: https://thequantuminsider.com/2023/11/03/signs-point-toward-extension-of-u-s-s-national-quantum-initiative-act (1/1), chunk 34/39
[04:36:20 +5m 3s | thequantuminsider_2023_11_03_signs_point_toward_extension_of_u_s_s_national_quantum_initiative_act] Extracting actors: https://thequantuminsider.com/2023/11/03/signs-point-toward-extension-of-u-s-s-national-quantum-initiative-act (1/1), chunk 35/39
[04:36:28 +5m 13s | thequantuminsider_2023_11_03_signs_point_toward_extension_of_u_s_s_national_quantum_initiative_act] Repaired malformed JSON.
[04:36:28 +5m 13s | thequantuminsider_2023_11_03_signs_point_toward_extension_of_u_s_s_national_quantum_initiative_act] Extracting actors: https://thequantuminsider.com/2023/11/03/signs-point-toward-extension-of-u-s-s-national-quantum-initiative-act (1/1), chunk 36/39
[04:36:33 +5m 18s | thequantuminsider_2023_11_03_signs_point_toward_extension_of_u_s_s_national_quantum_initiative_act] Extracting actors: https://thequantuminsider.com/2023/11/03/signs-point-toward-extension-of-u-s-s-national-quantum-initiative-act (1/1), chunk 37/39
[04:36:43 +5m 28s | thequantuminsider_2023_11_03_signs_point_toward_extension_of_u_s_s_national_quantum_initiative_act] Repaired malformed JSON.
[04:36:43 +5m 28s | thequantuminsider_2023_11_03_signs_point_toward_extension_of_u_s_s_national_quantum_initiative_act] Extracting actors: https://thequantuminsider.com/2023/11/03/signs-point-toward-extension-of-u-s-s-national-quantum-initiative-act (1/1), chunk 38/39
[04:37:06 +5m 53s | thequantuminsider_2023_11_03_signs_point_toward_extension_of_u_s_s_national_quantum_initiative_act] Repaired malformed JSON.
[04:37:06 +5m 53s | thequantuminsider_2023_11_03_signs_point_toward_extension_of_u_s_s_national_quantum_initiative_act] Extracting actors: https://thequantuminsider.com/2023/11/03/signs-point-toward-extension-of-u-s-s-national-quantum-initiative-act (1/1), chunk 39/39
[04:37:10 +5m 57s | thequantuminsider_2023_11_03_signs_point_toward_extension_of_u_s_s_national_quantum_initiative_act] Saved 1_actor_results.json with 60 extracted records

[04:37:10 +5m 57s | thequantuminsider_2023_11_03_signs_point_toward_extension_of_u_s_s_national_quantum_initiative_act] === 2 clean actors ===
[04:37:10 +5m 57s | thequantuminsider_2023_11_03_signs_point_toward_extension_of_u_s_s_national_quantum_initiative_act] Loaded 60 extracted records
[04:37:10 +5m 57s | thequantuminsider_2023_11_03_signs_point_toward_extension_of_u_s_s_national_quantum_initiative_act] Saved 2_actor_nodes.json with 22 canonical actor nodes

[04:37:10 +5m 57s | thequantuminsider_2023_11_03_signs_point_toward_extension_of_u_s_s_national_quantum_initiative_act] === 3 interaction extraction ===
[04:37:11 +5m 57s | thequantuminsider_2023_11_03_signs_point_toward_extension_of_u_s_s_national_quantum_initiative_act] Extracting interactions: https://thequantuminsider.com/2023/11/03/signs-point-toward-extension-of-u-s-s-national-quantum-initiative-act (1/1), chunk 11/39
[04:37:16 +6m 3s | thequantuminsider_2023_11_03_signs_point_toward_extension_of_u_s_s_national_quantum_initiative_act] Extracting interactions: https://thequantuminsider.com/2023/11/03/signs-point-toward-extension-of-u-s-s-national-quantum-initiative-act (1/1), chunk 12/39
[04:37:27 +6m 15s | thequantuminsider_2023_11_03_signs_point_toward_extension_of_u_s_s_national_quantum_initiative_act] Extracting interactions: https://thequantuminsider.com/2023/11/03/signs-point-toward-extension-of-u-s-s-national-quantum-initiative-act (1/1), chunk 13/39
[04:37:43 +6m 31s | thequantuminsider_2023_11_03_signs_point_toward_extension_of_u_s_s_national_quantum_initiative_act] Extracting interactions: https://thequantuminsider.com/2023/11/03/signs-point-toward-extension-of-u-s-s-national-quantum-initiative-act (1/1), chunk 14/39
[04:38:07 +6m 57s | thequantuminsider_2023_11_03_signs_point_toward_extension_of_u_s_s_national_quantum_initiative_act] Extracting interactions: https://thequantuminsider.com/2023/11/03/signs-point-toward-extension-of-u-s-s-national-quantum-initiative-act (1/1), chunk 15/39
[04:38:46 +7m 38s | thequantuminsider_2023_11_03_signs_point_toward_extension_of_u_s_s_national_quantum_initiative_act] Extracting interactions: https://thequantuminsider.com/2023/11/03/signs-point-toward-extension-of-u-s-s-national-quantum-initiative-act (1/1), chunk 16/39
[04:38:54 +7m 46s | thequantuminsider_2023_11_03_signs_point_toward_extension_of_u_s_s_national_quantum_initiative_act] Extracting interactions: https://thequantuminsider.com/2023/11/03/signs-point-toward-extension-of-u-s-s-national-quantum-initiative-act (1/1), chunk 17/39
[04:39:00 +7m 54s | thequantuminsider_2023_11_03_signs_point_toward_extension_of_u_s_s_national_quantum_initiative_act] Extracting interactions: https://thequantuminsider.com/2023/11/03/signs-point-toward-extension-of-u-s-s-national-quantum-initiative-act (1/1), chunk 18/39
[04:39:05 +7m 59s | thequantuminsider_2023_11_03_signs_point_toward_extension_of_u_s_s_national_quantum_initiative_act] Extracting interactions: https://thequantuminsider.com/2023/11/03/signs-point-toward-extension-of-u-s-s-national-quantum-initiative-act (1/1), chunk 19/39
[04:39:13 +8m 7s | thequantuminsider_2023_11_03_signs_point_toward_extension_of_u_s_s_national_quantum_initiative_act] Extracting interactions: https://thequantuminsider.com/2023/11/03/signs-point-toward-extension-of-u-s-s-national-quantum-initiative-act (1/1), chunk 20/39
[04:39:18 +8m 12s | thequantuminsider_2023_11_03_signs_point_toward_extension_of_u_s_s_national_quantum_initiative_act] Extracting interactions: https://thequantuminsider.com/2023/11/03/signs-point-toward-extension-of-u-s-s-national-quantum-initiative-act (1/1), chunk 21/39
[04:39:19 +8m 13s | thequantuminsider_2023_11_03_signs_point_toward_extension_of_u_s_s_national_quantum_initiative_act] Extracting interactions: https://thequantuminsider.com/2023/11/03/signs-point-toward-extension-of-u-s-s-national-quantum-initiative-act (1/1), chunk 22/39
[04:39:21 +8m 15s | thequantuminsider_2023_11_03_signs_point_toward_extension_of_u_s_s_national_quantum_initiative_act] Extracting interactions: https://thequantuminsider.com/2023/11/03/signs-point-toward-extension-of-u-s-s-national-quantum-initiative-act (1/1), chunk 23/39
[04:39:30 +8m 26s | thequantuminsider_2023_11_03_signs_point_toward_extension_of_u_s_s_national_quantum_initiative_act] Extracting interactions: https://thequantuminsider.com/2023/11/03/signs-point-toward-extension-of-u-s-s-national-quantum-initiative-act (1/1), chunk 24/39
[04:39:34 +8m 30s | thequantuminsider_2023_11_03_signs_point_toward_extension_of_u_s_s_national_quantum_initiative_act] Extracting interactions: https://thequantuminsider.com/2023/11/03/signs-point-toward-extension-of-u-s-s-national-quantum-initiative-act (1/1), chunk 26/39
[04:39:36 +8m 32s | thequantuminsider_2023_11_03_signs_point_toward_extension_of_u_s_s_national_quantum_initiative_act] Extracting interactions: https://thequantuminsider.com/2023/11/03/signs-point-toward-extension-of-u-s-s-national-quantum-initiative-act (1/1), chunk 28/39
[04:39:40 +8m 36s | thequantuminsider_2023_11_03_signs_point_toward_extension_of_u_s_s_national_quantum_initiative_act] Extracting interactions: https://thequantuminsider.com/2023/11/03/signs-point-toward-extension-of-u-s-s-national-quantum-initiative-act (1/1), chunk 29/39
[04:39:54 +8m 50s | thequantuminsider_2023_11_03_signs_point_toward_extension_of_u_s_s_national_quantum_initiative_act] Extracting interactions: https://thequantuminsider.com/2023/11/03/signs-point-toward-extension-of-u-s-s-national-quantum-initiative-act (1/1), chunk 30/39
[04:39:54 +8m 52s | thequantuminsider_2023_11_03_signs_point_toward_extension_of_u_s_s_national_quantum_initiative_act] Extracting interactions: https://thequantuminsider.com/2023/11/03/signs-point-toward-extension-of-u-s-s-national-quantum-initiative-act (1/1), chunk 32/39
[04:40:12 +9m 10s | thequantuminsider_2023_11_03_signs_point_toward_extension_of_u_s_s_national_quantum_initiative_act] Extracting interactions: https://thequantuminsider.com/2023/11/03/signs-point-toward-extension-of-u-s-s-national-quantum-initiative-act (1/1), chunk 33/39
[04:40:13 +9m 11s | thequantuminsider_2023_11_03_signs_point_toward_extension_of_u_s_s_national_quantum_initiative_act] Extracting interactions: https://thequantuminsider.com/2023/11/03/signs-point-toward-extension-of-u-s-s-national-quantum-initiative-act (1/1), chunk 34/39
[04:40:23 +9m 21s | thequantuminsider_2023_11_03_signs_point_toward_extension_of_u_s_s_national_quantum_initiative_act] Extracting interactions: https://thequantuminsider.com/2023/11/03/signs-point-toward-extension-of-u-s-s-national-quantum-initiative-act (1/1), chunk 35/39
[04:40:25 +9m 22s | thequantuminsider_2023_11_03_signs_point_toward_extension_of_u_s_s_national_quantum_initiative_act] Extracting interactions: https://thequantuminsider.com/2023/11/03/signs-point-toward-extension-of-u-s-s-national-quantum-initiative-act (1/1), chunk 36/39
[04:40:27 +9m 26s | thequantuminsider_2023_11_03_signs_point_toward_extension_of_u_s_s_national_quantum_initiative_act] Extracting interactions: https://thequantuminsider.com/2023/11/03/signs-point-toward-extension-of-u-s-s-national-quantum-initiative-act (1/1), chunk 37/39
[04:40:29 +9m 29s | thequantuminsider_2023_11_03_signs_point_toward_extension_of_u_s_s_national_quantum_initiative_act] Extracting interactions: https://thequantuminsider.com/2023/11/03/signs-point-toward-extension-of-u-s-s-national-quantum-initiative-act (1/1), chunk 38/39
[04:40:31 +9m 31s | thequantuminsider_2023_11_03_signs_point_toward_extension_of_u_s_s_national_quantum_initiative_act] Extracting interactions: https://thequantuminsider.com/2023/11/03/signs-point-toward-extension-of-u-s-s-national-quantum-initiative-act (1/1), chunk 39/39
[04:40:33 +9m 33s | thequantuminsider_2023_11_03_signs_point_toward_extension_of_u_s_s_national_quantum_initiative_act] Saved 3_interaction_results.json with 34 extracted interactions.

[04:40:33 +9m 33s | thequantuminsider_2023_11_03_signs_point_toward_extension_of_u_s_s_national_quantum_initiative_act] === 4 clean interactions ===
[04:40:33 +9m 33s | thequantuminsider_2023_11_03_signs_point_toward_extension_of_u_s_s_national_quantum_initiative_act] Saved 4_edges.json with 5 cleaned interactions.

[04:40:33 +9m 33s | thequantuminsider_2023_11_03_signs_point_toward_extension_of_u_s_s_national_quantum_initiative_act] === 5 helix enrichment ===
[04:40:33 +9m 33s | thequantuminsider_2023_11_03_signs_point_toward_extension_of_u_s_s_national_quantum_initiative_act] Wrote 5_nodes.json (22 actors)
[04:40:33 +9m 33s | thequantuminsider_2023_11_03_signs_point_toward_extension_of_u_s_s_national_quantum_initiative_act] Wrote 5_edges.json (5 interactions)
[04:40:33 +9m 33s | thequantuminsider_2023_11_03_signs_point_toward_extension_of_u_s_s_national_quantum_initiative_act] Actor helix counts: {'Academia': 1, 'Civil Society': 5, 'Government': 2, 'Industry': 3, 'Intermediary': 3, 'Unknown': 8}
[04:40:33 +9m 33s | thequantuminsider_2023_11_03_signs_point_toward_extension_of_u_s_s_national_quantum_initiative_act] Functional-space counts: {'Intra-helix / Not classified': 2, 'Public': 2, 'Unknown': 1}

[04:40:33 +9m 33s | thequantuminsider_2023_11_03_signs_point_toward_extension_of_u_s_s_national_quantum_initiative_act] === 6 network visualisation ===
[04:40:34 +9m 33s | thequantuminsider_2023_11_03_signs_point_toward_extension_of_u_s_s_national_quantum_initiative_act] Wrote quantum_network.html
[04:40:34 +9m 33s | thequantuminsider_2023_11_03_signs_point_toward_extension_of_u_s_s_national_quantum_initiative_act] Nodes: 22
[04:40:34 +9m 33s | thequantuminsider_2023_11_03_signs_point_toward_extension_of_u_s_s_national_quantum_initiative_act] Edges: 5

[04:40:34 +9m 33s | thequantuminsider_2023_11_03_signs_point_toward_extension_of_u_s_s_national_quantum_initiative_act] Done. Outputs written to: /home/lv/IDP/idpdeeptech/pipeline/news_outputs/thequantuminsider_2023_11_03_signs_point_toward_extension_of_u_s_s_national_quantum_initiative_act
[04:40:34 +9m 33s | thequantuminsider_2023_11_03_signs_point_toward_extension_of_u_s_s_national_quantum_initiative_act] Log: /home/lv/IDP/idpdeeptech/pipeline/news_outputs/thequantuminsider_2023_11_03_signs_point_toward_extension_of_u_s_s_national_quantum_initiative_act/run.log

========================================================================
RUN FINISHED 2026-07-05 04:40:34  (OK)
Started:     2026-07-05 04:31:33
Elapsed:     9m 33s
========================================================================
