
========================================================================
RUN STARTED  2026-07-05 07:27:55
site_pipeline.py https://thequantuminsider.com/2023/09/27/puzzle-x-hosts-quantum-key-stakeholder-assembly-in-support-of-the-proposal-to-the-un-to-proclaim-2025-the-international-year-of-quantum-science-technology/
========================================================================

[07:27:55 +0s | thequantuminsider_2023_09_27_puzzle_x_hosts_quantum_key_stakeholder_assembly_in_support_o_57d86781] === 0 crawl site ===
[07:27:56 +1s | thequantuminsider_2023_09_27_puzzle_x_hosts_quantum_key_stakeholder_assembly_in_support_o_57d86781] [INIT].... → Crawl4AI 0.8.6 
[07:27:59 +4s | thequantuminsider_2023_09_27_puzzle_x_hosts_quantum_key_stakeholder_assembly_in_support_o_57d86781] [FETCH]... ↓ https://thequantuminsider.com/2023/09/27/puzzle-...nternational-year-of-quantum-science-technology/  | ✓ | ⏱: 2.68s 
[07:27:59 +4s | thequantuminsider_2023_09_27_puzzle_x_hosts_quantum_key_stakeholder_assembly_in_support_o_57d86781] [SCRAPE].. ◆ https://thequantuminsider.com/2023/09/27/puzzle-...nternational-year-of-quantum-science-technology/  | ✓ | ⏱: 0.16s 
[07:27:59 +4s | thequantuminsider_2023_09_27_puzzle_x_hosts_quantum_key_stakeholder_assembly_in_support_o_57d86781] [COMPLETE] ● https://thequantuminsider.com/2023/09/27/puzzle-...nternational-year-of-quantum-science-technology/  | ✓ | ⏱: 2.87s 
[07:27:59 +4s | thequantuminsider_2023_09_27_puzzle_x_hosts_quantum_key_stakeholder_assembly_in_support_o_57d86781] Saved: crawl_output/99c473d690_thequantuminsider.com_2023_09_27_puzzle-x-hosts-quantum-key-stakeholder-assembly-in-support-of-the-proposal-to-the-un-to-proclaim-2025-the-international-year-of-quantum-science-technology.json

[07:28:00 +5s | thequantuminsider_2023_09_27_puzzle_x_hosts_quantum_key_stakeholder_assembly_in_support_o_57d86781] === 1 actor extraction ===
[07:28:00 +5s | thequantuminsider_2023_09_27_puzzle_x_hosts_quantum_key_stakeholder_assembly_in_support_o_57d86781] Reading page (1/1): https://thequantuminsider.com/2023/09/27/puzzle-x-hosts-quantum-key-stakeholder-assembly-in-support-of-the-proposal-to-the-un-to-proclaim-2025-the-international-year-of-quantum-science-technology
[07:28:00 +5s | thequantuminsider_2023_09_27_puzzle_x_hosts_quantum_key_stakeholder_assembly_in_support_o_57d86781] Extracting actors: https://thequantuminsider.com/2023/09/27/puzzle-x-hosts-quantum-key-stakeholder-assembly-in-support-of-the-proposal-to-the-un-to-proclaim-2025-the-international-year-of-quantum-science-technology (1/1), chunk 1/38
[07:28:15 +20s | thequantuminsider_2023_09_27_puzzle_x_hosts_quantum_key_stakeholder_assembly_in_support_o_57d86781] Repaired malformed JSON.
[07:28:15 +20s | thequantuminsider_2023_09_27_puzzle_x_hosts_quantum_key_stakeholder_assembly_in_support_o_57d86781] Extracting actors: https://thequantuminsider.com/2023/09/27/puzzle-x-hosts-quantum-key-stakeholder-assembly-in-support-of-the-proposal-to-the-un-to-proclaim-2025-the-international-year-of-quantum-science-technology (1/1), chunk 2/38
[07:28:22 +29s | thequantuminsider_2023_09_27_puzzle_x_hosts_quantum_key_stakeholder_assembly_in_support_o_57d86781] Repaired malformed JSON.
[07:28:22 +29s | thequantuminsider_2023_09_27_puzzle_x_hosts_quantum_key_stakeholder_assembly_in_support_o_57d86781] Extracting actors: https://thequantuminsider.com/2023/09/27/puzzle-x-hosts-quantum-key-stakeholder-assembly-in-support-of-the-proposal-to-the-un-to-proclaim-2025-the-international-year-of-quantum-science-technology (1/1), chunk 3/38
[07:28:29 +36s | thequantuminsider_2023_09_27_puzzle_x_hosts_quantum_key_stakeholder_assembly_in_support_o_57d86781] Repaired malformed JSON.
[07:28:29 +36s | thequantuminsider_2023_09_27_puzzle_x_hosts_quantum_key_stakeholder_assembly_in_support_o_57d86781] Extracting actors: https://thequantuminsider.com/2023/09/27/puzzle-x-hosts-quantum-key-stakeholder-assembly-in-support-of-the-proposal-to-the-un-to-proclaim-2025-the-international-year-of-quantum-science-technology (1/1), chunk 4/38
[07:28:37 +45s | thequantuminsider_2023_09_27_puzzle_x_hosts_quantum_key_stakeholder_assembly_in_support_o_57d86781] Repaired malformed JSON.
[07:28:37 +45s | thequantuminsider_2023_09_27_puzzle_x_hosts_quantum_key_stakeholder_assembly_in_support_o_57d86781] Extracting actors: https://thequantuminsider.com/2023/09/27/puzzle-x-hosts-quantum-key-stakeholder-assembly-in-support-of-the-proposal-to-the-un-to-proclaim-2025-the-international-year-of-quantum-science-technology (1/1), chunk 5/38
[07:28:44 +51s | thequantuminsider_2023_09_27_puzzle_x_hosts_quantum_key_stakeholder_assembly_in_support_o_57d86781] Repaired malformed JSON.
[07:28:44 +51s | thequantuminsider_2023_09_27_puzzle_x_hosts_quantum_key_stakeholder_assembly_in_support_o_57d86781] Extracting actors: https://thequantuminsider.com/2023/09/27/puzzle-x-hosts-quantum-key-stakeholder-assembly-in-support-of-the-proposal-to-the-un-to-proclaim-2025-the-international-year-of-quantum-science-technology (1/1), chunk 6/38
[07:28:48 +57s | thequantuminsider_2023_09_27_puzzle_x_hosts_quantum_key_stakeholder_assembly_in_support_o_57d86781] Repaired malformed JSON.
[07:28:48 +57s | thequantuminsider_2023_09_27_puzzle_x_hosts_quantum_key_stakeholder_assembly_in_support_o_57d86781] Extracting actors: https://thequantuminsider.com/2023/09/27/puzzle-x-hosts-quantum-key-stakeholder-assembly-in-support-of-the-proposal-to-the-un-to-proclaim-2025-the-international-year-of-quantum-science-technology (1/1), chunk 7/38
[07:29:13 +1m 22s | thequantuminsider_2023_09_27_puzzle_x_hosts_quantum_key_stakeholder_assembly_in_support_o_57d86781] Repaired malformed JSON.
[07:29:13 +1m 22s | thequantuminsider_2023_09_27_puzzle_x_hosts_quantum_key_stakeholder_assembly_in_support_o_57d86781] Extracting actors: https://thequantuminsider.com/2023/09/27/puzzle-x-hosts-quantum-key-stakeholder-assembly-in-support-of-the-proposal-to-the-un-to-proclaim-2025-the-international-year-of-quantum-science-technology (1/1), chunk 8/38
[07:29:18 +1m 30s | thequantuminsider_2023_09_27_puzzle_x_hosts_quantum_key_stakeholder_assembly_in_support_o_57d86781] Repaired malformed JSON.
[07:29:18 +1m 30s | thequantuminsider_2023_09_27_puzzle_x_hosts_quantum_key_stakeholder_assembly_in_support_o_57d86781] Extracting actors: https://thequantuminsider.com/2023/09/27/puzzle-x-hosts-quantum-key-stakeholder-assembly-in-support-of-the-proposal-to-the-un-to-proclaim-2025-the-international-year-of-quantum-science-technology (1/1), chunk 9/38
[07:29:26 +1m 38s | thequantuminsider_2023_09_27_puzzle_x_hosts_quantum_key_stakeholder_assembly_in_support_o_57d86781] Repaired malformed JSON.
[07:29:26 +1m 38s | thequantuminsider_2023_09_27_puzzle_x_hosts_quantum_key_stakeholder_assembly_in_support_o_57d86781] Extracting actors: https://thequantuminsider.com/2023/09/27/puzzle-x-hosts-quantum-key-stakeholder-assembly-in-support-of-the-proposal-to-the-un-to-proclaim-2025-the-international-year-of-quantum-science-technology (1/1), chunk 10/38
[07:29:36 +1m 48s | thequantuminsider_2023_09_27_puzzle_x_hosts_quantum_key_stakeholder_assembly_in_support_o_57d86781] Repaired malformed JSON.
[07:29:36 +1m 48s | thequantuminsider_2023_09_27_puzzle_x_hosts_quantum_key_stakeholder_assembly_in_support_o_57d86781] Extracting actors: https://thequantuminsider.com/2023/09/27/puzzle-x-hosts-quantum-key-stakeholder-assembly-in-support-of-the-proposal-to-the-un-to-proclaim-2025-the-international-year-of-quantum-science-technology (1/1), chunk 11/38
[07:29:42 +1m 55s | thequantuminsider_2023_09_27_puzzle_x_hosts_quantum_key_stakeholder_assembly_in_support_o_57d86781] Repaired malformed JSON.
[07:29:42 +1m 55s | thequantuminsider_2023_09_27_puzzle_x_hosts_quantum_key_stakeholder_assembly_in_support_o_57d86781] Extracting actors: https://thequantuminsider.com/2023/09/27/puzzle-x-hosts-quantum-key-stakeholder-assembly-in-support-of-the-proposal-to-the-un-to-proclaim-2025-the-international-year-of-quantum-science-technology (1/1), chunk 12/38
[07:29:50 +2m 4s | thequantuminsider_2023_09_27_puzzle_x_hosts_quantum_key_stakeholder_assembly_in_support_o_57d86781] Repaired malformed JSON.
[07:29:50 +2m 4s | thequantuminsider_2023_09_27_puzzle_x_hosts_quantum_key_stakeholder_assembly_in_support_o_57d86781] Extracting actors: https://thequantuminsider.com/2023/09/27/puzzle-x-hosts-quantum-key-stakeholder-assembly-in-support-of-the-proposal-to-the-un-to-proclaim-2025-the-international-year-of-quantum-science-technology (1/1), chunk 13/38
[07:30:18 +2m 35s | thequantuminsider_2023_09_27_puzzle_x_hosts_quantum_key_stakeholder_assembly_in_support_o_57d86781] Repaired malformed JSON.
[07:30:18 +2m 35s | thequantuminsider_2023_09_27_puzzle_x_hosts_quantum_key_stakeholder_assembly_in_support_o_57d86781] Extracting actors: https://thequantuminsider.com/2023/09/27/puzzle-x-hosts-quantum-key-stakeholder-assembly-in-support-of-the-proposal-to-the-un-to-proclaim-2025-the-international-year-of-quantum-science-technology (1/1), chunk 14/38
[07:30:46 +3m 3s | thequantuminsider_2023_09_27_puzzle_x_hosts_quantum_key_stakeholder_assembly_in_support_o_57d86781] Repaired malformed JSON.
[07:30:46 +3m 3s | thequantuminsider_2023_09_27_puzzle_x_hosts_quantum_key_stakeholder_assembly_in_support_o_57d86781] Extracting actors: https://thequantuminsider.com/2023/09/27/puzzle-x-hosts-quantum-key-stakeholder-assembly-in-support-of-the-proposal-to-the-un-to-proclaim-2025-the-international-year-of-quantum-science-technology (1/1), chunk 15/38
[07:30:51 +3m 10s | thequantuminsider_2023_09_27_puzzle_x_hosts_quantum_key_stakeholder_assembly_in_support_o_57d86781] Repaired malformed JSON.
[07:30:51 +3m 10s | thequantuminsider_2023_09_27_puzzle_x_hosts_quantum_key_stakeholder_assembly_in_support_o_57d86781] Extracting actors: https://thequantuminsider.com/2023/09/27/puzzle-x-hosts-quantum-key-stakeholder-assembly-in-support-of-the-proposal-to-the-un-to-proclaim-2025-the-international-year-of-quantum-science-technology (1/1), chunk 16/38
[07:30:59 +3m 18s | thequantuminsider_2023_09_27_puzzle_x_hosts_quantum_key_stakeholder_assembly_in_support_o_57d86781] Repaired malformed JSON.
[07:30:59 +3m 18s | thequantuminsider_2023_09_27_puzzle_x_hosts_quantum_key_stakeholder_assembly_in_support_o_57d86781] Extracting actors: https://thequantuminsider.com/2023/09/27/puzzle-x-hosts-quantum-key-stakeholder-assembly-in-support-of-the-proposal-to-the-un-to-proclaim-2025-the-international-year-of-quantum-science-technology (1/1), chunk 17/38
[07:31:19 +3m 41s | thequantuminsider_2023_09_27_puzzle_x_hosts_quantum_key_stakeholder_assembly_in_support_o_57d86781] Repaired malformed JSON.
[07:31:19 +3m 41s | thequantuminsider_2023_09_27_puzzle_x_hosts_quantum_key_stakeholder_assembly_in_support_o_57d86781] Extracting actors: https://thequantuminsider.com/2023/09/27/puzzle-x-hosts-quantum-key-stakeholder-assembly-in-support-of-the-proposal-to-the-un-to-proclaim-2025-the-international-year-of-quantum-science-technology (1/1), chunk 18/38
[07:31:26 +3m 47s | thequantuminsider_2023_09_27_puzzle_x_hosts_quantum_key_stakeholder_assembly_in_support_o_57d86781] Repaired malformed JSON.
[07:31:26 +3m 47s | thequantuminsider_2023_09_27_puzzle_x_hosts_quantum_key_stakeholder_assembly_in_support_o_57d86781] Extracting actors: https://thequantuminsider.com/2023/09/27/puzzle-x-hosts-quantum-key-stakeholder-assembly-in-support-of-the-proposal-to-the-un-to-proclaim-2025-the-international-year-of-quantum-science-technology (1/1), chunk 19/38
[07:31:35 +3m 56s | thequantuminsider_2023_09_27_puzzle_x_hosts_quantum_key_stakeholder_assembly_in_support_o_57d86781] Repaired malformed JSON.
[07:31:35 +3m 56s | thequantuminsider_2023_09_27_puzzle_x_hosts_quantum_key_stakeholder_assembly_in_support_o_57d86781] Extracting actors: https://thequantuminsider.com/2023/09/27/puzzle-x-hosts-quantum-key-stakeholder-assembly-in-support-of-the-proposal-to-the-un-to-proclaim-2025-the-international-year-of-quantum-science-technology (1/1), chunk 20/38
[07:31:45 +4m 6s | thequantuminsider_2023_09_27_puzzle_x_hosts_quantum_key_stakeholder_assembly_in_support_o_57d86781] Repaired malformed JSON.
[07:31:45 +4m 6s | thequantuminsider_2023_09_27_puzzle_x_hosts_quantum_key_stakeholder_assembly_in_support_o_57d86781] Extracting actors: https://thequantuminsider.com/2023/09/27/puzzle-x-hosts-quantum-key-stakeholder-assembly-in-support-of-the-proposal-to-the-un-to-proclaim-2025-the-international-year-of-quantum-science-technology (1/1), chunk 21/38
[07:32:02 +4m 26s | thequantuminsider_2023_09_27_puzzle_x_hosts_quantum_key_stakeholder_assembly_in_support_o_57d86781] Repaired malformed JSON.
[07:32:02 +4m 26s | thequantuminsider_2023_09_27_puzzle_x_hosts_quantum_key_stakeholder_assembly_in_support_o_57d86781] Extracting actors: https://thequantuminsider.com/2023/09/27/puzzle-x-hosts-quantum-key-stakeholder-assembly-in-support-of-the-proposal-to-the-un-to-proclaim-2025-the-international-year-of-quantum-science-technology (1/1), chunk 22/38
[07:32:09 +4m 33s | thequantuminsider_2023_09_27_puzzle_x_hosts_quantum_key_stakeholder_assembly_in_support_o_57d86781] Repaired malformed JSON.
[07:32:09 +4m 33s | thequantuminsider_2023_09_27_puzzle_x_hosts_quantum_key_stakeholder_assembly_in_support_o_57d86781] Extracting actors: https://thequantuminsider.com/2023/09/27/puzzle-x-hosts-quantum-key-stakeholder-assembly-in-support-of-the-proposal-to-the-un-to-proclaim-2025-the-international-year-of-quantum-science-technology (1/1), chunk 23/38
[07:32:15 +4m 39s | thequantuminsider_2023_09_27_puzzle_x_hosts_quantum_key_stakeholder_assembly_in_support_o_57d86781] Repaired malformed JSON.
[07:32:15 +4m 39s | thequantuminsider_2023_09_27_puzzle_x_hosts_quantum_key_stakeholder_assembly_in_support_o_57d86781] Extracting actors: https://thequantuminsider.com/2023/09/27/puzzle-x-hosts-quantum-key-stakeholder-assembly-in-support-of-the-proposal-to-the-un-to-proclaim-2025-the-international-year-of-quantum-science-technology (1/1), chunk 24/38
[07:32:42 +5m 8s | thequantuminsider_2023_09_27_puzzle_x_hosts_quantum_key_stakeholder_assembly_in_support_o_57d86781] Repaired malformed JSON.
[07:32:42 +5m 8s | thequantuminsider_2023_09_27_puzzle_x_hosts_quantum_key_stakeholder_assembly_in_support_o_57d86781] Extracting actors: https://thequantuminsider.com/2023/09/27/puzzle-x-hosts-quantum-key-stakeholder-assembly-in-support-of-the-proposal-to-the-un-to-proclaim-2025-the-international-year-of-quantum-science-technology (1/1), chunk 25/38
[07:32:47 +5m 16s | thequantuminsider_2023_09_27_puzzle_x_hosts_quantum_key_stakeholder_assembly_in_support_o_57d86781] Repaired malformed JSON.
[07:32:47 +5m 16s | thequantuminsider_2023_09_27_puzzle_x_hosts_quantum_key_stakeholder_assembly_in_support_o_57d86781] Extracting actors: https://thequantuminsider.com/2023/09/27/puzzle-x-hosts-quantum-key-stakeholder-assembly-in-support-of-the-proposal-to-the-un-to-proclaim-2025-the-international-year-of-quantum-science-technology (1/1), chunk 26/38
[07:32:58 +5m 27s | thequantuminsider_2023_09_27_puzzle_x_hosts_quantum_key_stakeholder_assembly_in_support_o_57d86781] Extracting actors: https://thequantuminsider.com/2023/09/27/puzzle-x-hosts-quantum-key-stakeholder-assembly-in-support-of-the-proposal-to-the-un-to-proclaim-2025-the-international-year-of-quantum-science-technology (1/1), chunk 27/38
[07:33:09 +5m 37s | thequantuminsider_2023_09_27_puzzle_x_hosts_quantum_key_stakeholder_assembly_in_support_o_57d86781] Repaired malformed JSON.
[07:33:09 +5m 37s | thequantuminsider_2023_09_27_puzzle_x_hosts_quantum_key_stakeholder_assembly_in_support_o_57d86781] Extracting actors: https://thequantuminsider.com/2023/09/27/puzzle-x-hosts-quantum-key-stakeholder-assembly-in-support-of-the-proposal-to-the-un-to-proclaim-2025-the-international-year-of-quantum-science-technology (1/1), chunk 28/38
[07:33:10 +5m 39s | thequantuminsider_2023_09_27_puzzle_x_hosts_quantum_key_stakeholder_assembly_in_support_o_57d86781] Extracting actors: https://thequantuminsider.com/2023/09/27/puzzle-x-hosts-quantum-key-stakeholder-assembly-in-support-of-the-proposal-to-the-un-to-proclaim-2025-the-international-year-of-quantum-science-technology (1/1), chunk 29/38
[07:33:17 +5m 48s | thequantuminsider_2023_09_27_puzzle_x_hosts_quantum_key_stakeholder_assembly_in_support_o_57d86781] Repaired malformed JSON.
[07:33:17 +5m 48s | thequantuminsider_2023_09_27_puzzle_x_hosts_quantum_key_stakeholder_assembly_in_support_o_57d86781] Extracting actors: https://thequantuminsider.com/2023/09/27/puzzle-x-hosts-quantum-key-stakeholder-assembly-in-support-of-the-proposal-to-the-un-to-proclaim-2025-the-international-year-of-quantum-science-technology (1/1), chunk 30/38
[07:33:25 +5m 55s | thequantuminsider_2023_09_27_puzzle_x_hosts_quantum_key_stakeholder_assembly_in_support_o_57d86781] Repaired malformed JSON.
[07:33:25 +5m 55s | thequantuminsider_2023_09_27_puzzle_x_hosts_quantum_key_stakeholder_assembly_in_support_o_57d86781] Extracting actors: https://thequantuminsider.com/2023/09/27/puzzle-x-hosts-quantum-key-stakeholder-assembly-in-support-of-the-proposal-to-the-un-to-proclaim-2025-the-international-year-of-quantum-science-technology (1/1), chunk 31/38
[07:33:31 +6m 2s | thequantuminsider_2023_09_27_puzzle_x_hosts_quantum_key_stakeholder_assembly_in_support_o_57d86781] Repaired malformed JSON.
[07:33:31 +6m 2s | thequantuminsider_2023_09_27_puzzle_x_hosts_quantum_key_stakeholder_assembly_in_support_o_57d86781] Extracting actors: https://thequantuminsider.com/2023/09/27/puzzle-x-hosts-quantum-key-stakeholder-assembly-in-support-of-the-proposal-to-the-un-to-proclaim-2025-the-international-year-of-quantum-science-technology (1/1), chunk 32/38
[07:34:17 +6m 53s | thequantuminsider_2023_09_27_puzzle_x_hosts_quantum_key_stakeholder_assembly_in_support_o_57d86781] Repaired malformed JSON.
[07:34:17 +6m 53s | thequantuminsider_2023_09_27_puzzle_x_hosts_quantum_key_stakeholder_assembly_in_support_o_57d86781] Extracting actors: https://thequantuminsider.com/2023/09/27/puzzle-x-hosts-quantum-key-stakeholder-assembly-in-support-of-the-proposal-to-the-un-to-proclaim-2025-the-international-year-of-quantum-science-technology (1/1), chunk 33/38
[07:34:25 +7m 0s | thequantuminsider_2023_09_27_puzzle_x_hosts_quantum_key_stakeholder_assembly_in_support_o_57d86781] Repaired malformed JSON.
[07:34:25 +7m 0s | thequantuminsider_2023_09_27_puzzle_x_hosts_quantum_key_stakeholder_assembly_in_support_o_57d86781] Extracting actors: https://thequantuminsider.com/2023/09/27/puzzle-x-hosts-quantum-key-stakeholder-assembly-in-support-of-the-proposal-to-the-un-to-proclaim-2025-the-international-year-of-quantum-science-technology (1/1), chunk 34/38
[07:34:33 +7m 9s | thequantuminsider_2023_09_27_puzzle_x_hosts_quantum_key_stakeholder_assembly_in_support_o_57d86781] Repaired malformed JSON.
[07:34:33 +7m 9s | thequantuminsider_2023_09_27_puzzle_x_hosts_quantum_key_stakeholder_assembly_in_support_o_57d86781] Extracting actors: https://thequantuminsider.com/2023/09/27/puzzle-x-hosts-quantum-key-stakeholder-assembly-in-support-of-the-proposal-to-the-un-to-proclaim-2025-the-international-year-of-quantum-science-technology (1/1), chunk 35/38
[07:34:40 +7m 15s | thequantuminsider_2023_09_27_puzzle_x_hosts_quantum_key_stakeholder_assembly_in_support_o_57d86781] Repaired malformed JSON.
[07:34:40 +7m 15s | thequantuminsider_2023_09_27_puzzle_x_hosts_quantum_key_stakeholder_assembly_in_support_o_57d86781] Extracting actors: https://thequantuminsider.com/2023/09/27/puzzle-x-hosts-quantum-key-stakeholder-assembly-in-support-of-the-proposal-to-the-un-to-proclaim-2025-the-international-year-of-quantum-science-technology (1/1), chunk 36/38
[07:34:47 +7m 25s | thequantuminsider_2023_09_27_puzzle_x_hosts_quantum_key_stakeholder_assembly_in_support_o_57d86781] Repaired malformed JSON.
[07:34:47 +7m 25s | thequantuminsider_2023_09_27_puzzle_x_hosts_quantum_key_stakeholder_assembly_in_support_o_57d86781] Extracting actors: https://thequantuminsider.com/2023/09/27/puzzle-x-hosts-quantum-key-stakeholder-assembly-in-support-of-the-proposal-to-the-un-to-proclaim-2025-the-international-year-of-quantum-science-technology (1/1), chunk 37/38
[07:34:55 +7m 33s | thequantuminsider_2023_09_27_puzzle_x_hosts_quantum_key_stakeholder_assembly_in_support_o_57d86781] Repaired malformed JSON.
[07:34:55 +7m 33s | thequantuminsider_2023_09_27_puzzle_x_hosts_quantum_key_stakeholder_assembly_in_support_o_57d86781] Extracting actors: https://thequantuminsider.com/2023/09/27/puzzle-x-hosts-quantum-key-stakeholder-assembly-in-support-of-the-proposal-to-the-un-to-proclaim-2025-the-international-year-of-quantum-science-technology (1/1), chunk 38/38
[07:35:03 +7m 40s | thequantuminsider_2023_09_27_puzzle_x_hosts_quantum_key_stakeholder_assembly_in_support_o_57d86781] Repaired malformed JSON.
[07:35:03 +7m 40s | thequantuminsider_2023_09_27_puzzle_x_hosts_quantum_key_stakeholder_assembly_in_support_o_57d86781] Saved 1_actor_results.json with 71 extracted records

[07:35:03 +7m 41s | thequantuminsider_2023_09_27_puzzle_x_hosts_quantum_key_stakeholder_assembly_in_support_o_57d86781] === 2 clean actors ===
[07:35:03 +7m 41s | thequantuminsider_2023_09_27_puzzle_x_hosts_quantum_key_stakeholder_assembly_in_support_o_57d86781] Loaded 71 extracted records
[07:35:03 +7m 41s | thequantuminsider_2023_09_27_puzzle_x_hosts_quantum_key_stakeholder_assembly_in_support_o_57d86781] Saved 2_actor_nodes.json with 14 canonical actor nodes

[07:35:03 +7m 41s | thequantuminsider_2023_09_27_puzzle_x_hosts_quantum_key_stakeholder_assembly_in_support_o_57d86781] === 3 interaction extraction ===
[07:35:03 +7m 41s | thequantuminsider_2023_09_27_puzzle_x_hosts_quantum_key_stakeholder_assembly_in_support_o_57d86781] Extracting interactions: https://thequantuminsider.com/2023/09/27/puzzle-x-hosts-quantum-key-stakeholder-assembly-in-support-of-the-proposal-to-the-un-to-proclaim-2025-the-international-year-of-quantum-science-technology (1/1), chunk 11/38
[07:35:07 +7m 45s | thequantuminsider_2023_09_27_puzzle_x_hosts_quantum_key_stakeholder_assembly_in_support_o_57d86781] Extracting interactions: https://thequantuminsider.com/2023/09/27/puzzle-x-hosts-quantum-key-stakeholder-assembly-in-support-of-the-proposal-to-the-un-to-proclaim-2025-the-international-year-of-quantum-science-technology (1/1), chunk 12/38
[07:35:17 +7m 55s | thequantuminsider_2023_09_27_puzzle_x_hosts_quantum_key_stakeholder_assembly_in_support_o_57d86781] Extracting interactions: https://thequantuminsider.com/2023/09/27/puzzle-x-hosts-quantum-key-stakeholder-assembly-in-support-of-the-proposal-to-the-un-to-proclaim-2025-the-international-year-of-quantum-science-technology (1/1), chunk 13/38
[07:35:27 +8m 7s | thequantuminsider_2023_09_27_puzzle_x_hosts_quantum_key_stakeholder_assembly_in_support_o_57d86781] Extracting interactions: https://thequantuminsider.com/2023/09/27/puzzle-x-hosts-quantum-key-stakeholder-assembly-in-support-of-the-proposal-to-the-un-to-proclaim-2025-the-international-year-of-quantum-science-technology (1/1), chunk 15/38
[07:35:40 +8m 20s | thequantuminsider_2023_09_27_puzzle_x_hosts_quantum_key_stakeholder_assembly_in_support_o_57d86781] Extracting interactions: https://thequantuminsider.com/2023/09/27/puzzle-x-hosts-quantum-key-stakeholder-assembly-in-support-of-the-proposal-to-the-un-to-proclaim-2025-the-international-year-of-quantum-science-technology (1/1), chunk 16/38
[07:35:47 +8m 30s | thequantuminsider_2023_09_27_puzzle_x_hosts_quantum_key_stakeholder_assembly_in_support_o_57d86781] Extracting interactions: https://thequantuminsider.com/2023/09/27/puzzle-x-hosts-quantum-key-stakeholder-assembly-in-support-of-the-proposal-to-the-un-to-proclaim-2025-the-international-year-of-quantum-science-technology (1/1), chunk 18/38
[07:35:56 +8m 38s | thequantuminsider_2023_09_27_puzzle_x_hosts_quantum_key_stakeholder_assembly_in_support_o_57d86781] Extracting interactions: https://thequantuminsider.com/2023/09/27/puzzle-x-hosts-quantum-key-stakeholder-assembly-in-support-of-the-proposal-to-the-un-to-proclaim-2025-the-international-year-of-quantum-science-technology (1/1), chunk 19/38
[07:36:01 +8m 44s | thequantuminsider_2023_09_27_puzzle_x_hosts_quantum_key_stakeholder_assembly_in_support_o_57d86781] Extracting interactions: https://thequantuminsider.com/2023/09/27/puzzle-x-hosts-quantum-key-stakeholder-assembly-in-support-of-the-proposal-to-the-un-to-proclaim-2025-the-international-year-of-quantum-science-technology (1/1), chunk 21/38
[07:36:02 +8m 45s | thequantuminsider_2023_09_27_puzzle_x_hosts_quantum_key_stakeholder_assembly_in_support_o_57d86781] Extracting interactions: https://thequantuminsider.com/2023/09/27/puzzle-x-hosts-quantum-key-stakeholder-assembly-in-support-of-the-proposal-to-the-un-to-proclaim-2025-the-international-year-of-quantum-science-technology (1/1), chunk 22/38
[07:36:08 +8m 51s | thequantuminsider_2023_09_27_puzzle_x_hosts_quantum_key_stakeholder_assembly_in_support_o_57d86781] Extracting interactions: https://thequantuminsider.com/2023/09/27/puzzle-x-hosts-quantum-key-stakeholder-assembly-in-support-of-the-proposal-to-the-un-to-proclaim-2025-the-international-year-of-quantum-science-technology (1/1), chunk 27/38
[07:36:16 +8m 58s | thequantuminsider_2023_09_27_puzzle_x_hosts_quantum_key_stakeholder_assembly_in_support_o_57d86781] Extracting interactions: https://thequantuminsider.com/2023/09/27/puzzle-x-hosts-quantum-key-stakeholder-assembly-in-support-of-the-proposal-to-the-un-to-proclaim-2025-the-international-year-of-quantum-science-technology (1/1), chunk 28/38
[07:36:17 +9m 0s | thequantuminsider_2023_09_27_puzzle_x_hosts_quantum_key_stakeholder_assembly_in_support_o_57d86781] Extracting interactions: https://thequantuminsider.com/2023/09/27/puzzle-x-hosts-quantum-key-stakeholder-assembly-in-support-of-the-proposal-to-the-un-to-proclaim-2025-the-international-year-of-quantum-science-technology (1/1), chunk 29/38
[07:36:16 +9m 1s | thequantuminsider_2023_09_27_puzzle_x_hosts_quantum_key_stakeholder_assembly_in_support_o_57d86781] Extracting interactions: https://thequantuminsider.com/2023/09/27/puzzle-x-hosts-quantum-key-stakeholder-assembly-in-support-of-the-proposal-to-the-un-to-proclaim-2025-the-international-year-of-quantum-science-technology (1/1), chunk 31/38
[07:36:18 +9m 3s | thequantuminsider_2023_09_27_puzzle_x_hosts_quantum_key_stakeholder_assembly_in_support_o_57d86781] Extracting interactions: https://thequantuminsider.com/2023/09/27/puzzle-x-hosts-quantum-key-stakeholder-assembly-in-support-of-the-proposal-to-the-un-to-proclaim-2025-the-international-year-of-quantum-science-technology (1/1), chunk 32/38
[07:36:32 +9m 17s | thequantuminsider_2023_09_27_puzzle_x_hosts_quantum_key_stakeholder_assembly_in_support_o_57d86781] Extracting interactions: https://thequantuminsider.com/2023/09/27/puzzle-x-hosts-quantum-key-stakeholder-assembly-in-support-of-the-proposal-to-the-un-to-proclaim-2025-the-international-year-of-quantum-science-technology (1/1), chunk 33/38
[07:36:35 +9m 20s | thequantuminsider_2023_09_27_puzzle_x_hosts_quantum_key_stakeholder_assembly_in_support_o_57d86781] Extracting interactions: https://thequantuminsider.com/2023/09/27/puzzle-x-hosts-quantum-key-stakeholder-assembly-in-support-of-the-proposal-to-the-un-to-proclaim-2025-the-international-year-of-quantum-science-technology (1/1), chunk 34/38
[07:36:36 +9m 21s | thequantuminsider_2023_09_27_puzzle_x_hosts_quantum_key_stakeholder_assembly_in_support_o_57d86781] Extracting interactions: https://thequantuminsider.com/2023/09/27/puzzle-x-hosts-quantum-key-stakeholder-assembly-in-support-of-the-proposal-to-the-un-to-proclaim-2025-the-international-year-of-quantum-science-technology (1/1), chunk 36/38
[07:36:38 +9m 23s | thequantuminsider_2023_09_27_puzzle_x_hosts_quantum_key_stakeholder_assembly_in_support_o_57d86781] Extracting interactions: https://thequantuminsider.com/2023/09/27/puzzle-x-hosts-quantum-key-stakeholder-assembly-in-support-of-the-proposal-to-the-un-to-proclaim-2025-the-international-year-of-quantum-science-technology (1/1), chunk 37/38
[07:36:39 +9m 25s | thequantuminsider_2023_09_27_puzzle_x_hosts_quantum_key_stakeholder_assembly_in_support_o_57d86781] Saved 3_interaction_results.json with 16 extracted interactions.

[07:36:40 +9m 25s | thequantuminsider_2023_09_27_puzzle_x_hosts_quantum_key_stakeholder_assembly_in_support_o_57d86781] === 4 clean interactions ===
[07:36:40 +9m 25s | thequantuminsider_2023_09_27_puzzle_x_hosts_quantum_key_stakeholder_assembly_in_support_o_57d86781] Saved 4_edges.json with 5 cleaned interactions.

[07:36:40 +9m 25s | thequantuminsider_2023_09_27_puzzle_x_hosts_quantum_key_stakeholder_assembly_in_support_o_57d86781] === 5 helix enrichment ===
[07:36:40 +9m 25s | thequantuminsider_2023_09_27_puzzle_x_hosts_quantum_key_stakeholder_assembly_in_support_o_57d86781] Wrote 5_nodes.json (14 actors)
[07:36:40 +9m 25s | thequantuminsider_2023_09_27_puzzle_x_hosts_quantum_key_stakeholder_assembly_in_support_o_57d86781] Wrote 5_edges.json (5 interactions)
[07:36:40 +9m 25s | thequantuminsider_2023_09_27_puzzle_x_hosts_quantum_key_stakeholder_assembly_in_support_o_57d86781] Actor helix counts: {'Academia': 1, 'Civil Society': 4, 'Government': 1, 'Industry': 2, 'Intermediary': 1, 'Unknown': 5}
[07:36:40 +9m 25s | thequantuminsider_2023_09_27_puzzle_x_hosts_quantum_key_stakeholder_assembly_in_support_o_57d86781] Functional-space counts: {'Consensus': 3, 'Public': 2}

[07:36:40 +9m 25s | thequantuminsider_2023_09_27_puzzle_x_hosts_quantum_key_stakeholder_assembly_in_support_o_57d86781] === 6 network visualisation ===
[07:36:40 +9m 25s | thequantuminsider_2023_09_27_puzzle_x_hosts_quantum_key_stakeholder_assembly_in_support_o_57d86781] Wrote quantum_network.html
[07:36:40 +9m 25s | thequantuminsider_2023_09_27_puzzle_x_hosts_quantum_key_stakeholder_assembly_in_support_o_57d86781] Nodes: 14
[07:36:40 +9m 25s | thequantuminsider_2023_09_27_puzzle_x_hosts_quantum_key_stakeholder_assembly_in_support_o_57d86781] Edges: 3

[07:36:40 +9m 25s | thequantuminsider_2023_09_27_puzzle_x_hosts_quantum_key_stakeholder_assembly_in_support_o_57d86781] Done. Outputs written to: /home/lv/IDP/idpdeeptech/pipeline/news_outputs/thequantuminsider_2023_09_27_puzzle_x_hosts_quantum_key_stakeholder_assembly_in_support_o_57d86781
[07:36:40 +9m 25s | thequantuminsider_2023_09_27_puzzle_x_hosts_quantum_key_stakeholder_assembly_in_support_o_57d86781] Log: /home/lv/IDP/idpdeeptech/pipeline/news_outputs/thequantuminsider_2023_09_27_puzzle_x_hosts_quantum_key_stakeholder_assembly_in_support_o_57d86781/run.log

========================================================================
RUN FINISHED 2026-07-05 07:36:40  (OK)
Started:     2026-07-05 07:27:55
Elapsed:     9m 25s
========================================================================
