
========================================================================
RUN STARTED  2026-07-05 08:32:14
site_pipeline.py https://thequantuminsider.com/2023/09/18/quantum-computing-startup-nanofiber-quantum-technologies-secures-8-5-million-funding/
========================================================================

[08:32:14 +0s | thequantuminsider_2023_09_18_quantum_computing_startup_nanofiber_quantum_technologies_sec_ffb57173] === 0 crawl site ===
[08:32:15 +2s | thequantuminsider_2023_09_18_quantum_computing_startup_nanofiber_quantum_technologies_sec_ffb57173] [INIT].... → Crawl4AI 0.8.6 
[08:32:17 +3s | thequantuminsider_2023_09_18_quantum_computing_startup_nanofiber_quantum_technologies_sec_ffb57173] [FETCH]... ↓ https://thequantuminsider.com/2023/09/18/quantum...uantum-technologies-secures-8-5-million-funding/  | ✓ | ⏱: 1.79s 
[08:32:17 +3s | thequantuminsider_2023_09_18_quantum_computing_startup_nanofiber_quantum_technologies_sec_ffb57173] [SCRAPE].. ◆ https://thequantuminsider.com/2023/09/18/quantum...uantum-technologies-secures-8-5-million-funding/  | ✓ | ⏱: 0.13s 
[08:32:17 +4s | thequantuminsider_2023_09_18_quantum_computing_startup_nanofiber_quantum_technologies_sec_ffb57173] [COMPLETE] ● https://thequantuminsider.com/2023/09/18/quantum...uantum-technologies-secures-8-5-million-funding/  | ✓ | ⏱: 1.94s 
[08:32:17 +4s | thequantuminsider_2023_09_18_quantum_computing_startup_nanofiber_quantum_technologies_sec_ffb57173] Saved: crawl_output/42120f51a8_thequantuminsider.com_2023_09_18_quantum-computing-startup-nanofiber-quantum-technologies-secures-8-5-million-funding.json

[08:32:17 +4s | thequantuminsider_2023_09_18_quantum_computing_startup_nanofiber_quantum_technologies_sec_ffb57173] === 1 actor extraction ===
[08:32:17 +4s | thequantuminsider_2023_09_18_quantum_computing_startup_nanofiber_quantum_technologies_sec_ffb57173] Reading page (1/1): https://thequantuminsider.com/2023/09/18/quantum-computing-startup-nanofiber-quantum-technologies-secures-8-5-million-funding
[08:32:17 +4s | thequantuminsider_2023_09_18_quantum_computing_startup_nanofiber_quantum_technologies_sec_ffb57173] Extracting actors: https://thequantuminsider.com/2023/09/18/quantum-computing-startup-nanofiber-quantum-technologies-secures-8-5-million-funding (1/1), chunk 1/36
[08:32:22 +9s | thequantuminsider_2023_09_18_quantum_computing_startup_nanofiber_quantum_technologies_sec_ffb57173] Extracting actors: https://thequantuminsider.com/2023/09/18/quantum-computing-startup-nanofiber-quantum-technologies-secures-8-5-million-funding (1/1), chunk 2/36
[08:32:27 +16s | thequantuminsider_2023_09_18_quantum_computing_startup_nanofiber_quantum_technologies_sec_ffb57173] Extracting actors: https://thequantuminsider.com/2023/09/18/quantum-computing-startup-nanofiber-quantum-technologies-secures-8-5-million-funding (1/1), chunk 3/36
[08:32:42 +31s | thequantuminsider_2023_09_18_quantum_computing_startup_nanofiber_quantum_technologies_sec_ffb57173] Repaired malformed JSON.
[08:32:42 +31s | thequantuminsider_2023_09_18_quantum_computing_startup_nanofiber_quantum_technologies_sec_ffb57173] Extracting actors: https://thequantuminsider.com/2023/09/18/quantum-computing-startup-nanofiber-quantum-technologies-secures-8-5-million-funding (1/1), chunk 4/36
[08:32:47 +35s | thequantuminsider_2023_09_18_quantum_computing_startup_nanofiber_quantum_technologies_sec_ffb57173] Extracting actors: https://thequantuminsider.com/2023/09/18/quantum-computing-startup-nanofiber-quantum-technologies-secures-8-5-million-funding (1/1), chunk 5/36
[08:33:10 +1m 1s | thequantuminsider_2023_09_18_quantum_computing_startup_nanofiber_quantum_technologies_sec_ffb57173] Extracting actors: https://thequantuminsider.com/2023/09/18/quantum-computing-startup-nanofiber-quantum-technologies-secures-8-5-million-funding (1/1), chunk 6/36
[08:33:17 +1m 8s | thequantuminsider_2023_09_18_quantum_computing_startup_nanofiber_quantum_technologies_sec_ffb57173] Repaired malformed JSON.
[08:33:17 +1m 8s | thequantuminsider_2023_09_18_quantum_computing_startup_nanofiber_quantum_technologies_sec_ffb57173] Extracting actors: https://thequantuminsider.com/2023/09/18/quantum-computing-startup-nanofiber-quantum-technologies-secures-8-5-million-funding (1/1), chunk 7/36
[08:33:22 +1m 13s | thequantuminsider_2023_09_18_quantum_computing_startup_nanofiber_quantum_technologies_sec_ffb57173] Extracting actors: https://thequantuminsider.com/2023/09/18/quantum-computing-startup-nanofiber-quantum-technologies-secures-8-5-million-funding (1/1), chunk 8/36
[08:33:28 +1m 23s | thequantuminsider_2023_09_18_quantum_computing_startup_nanofiber_quantum_technologies_sec_ffb57173] Extracting actors: https://thequantuminsider.com/2023/09/18/quantum-computing-startup-nanofiber-quantum-technologies-secures-8-5-million-funding (1/1), chunk 9/36
[08:33:46 +1m 40s | thequantuminsider_2023_09_18_quantum_computing_startup_nanofiber_quantum_technologies_sec_ffb57173] Extracting actors: https://thequantuminsider.com/2023/09/18/quantum-computing-startup-nanofiber-quantum-technologies-secures-8-5-million-funding (1/1), chunk 10/36
[08:33:52 +1m 46s | thequantuminsider_2023_09_18_quantum_computing_startup_nanofiber_quantum_technologies_sec_ffb57173] Extracting actors: https://thequantuminsider.com/2023/09/18/quantum-computing-startup-nanofiber-quantum-technologies-secures-8-5-million-funding (1/1), chunk 11/36
[08:33:57 +1m 54s | thequantuminsider_2023_09_18_quantum_computing_startup_nanofiber_quantum_technologies_sec_ffb57173] Repaired malformed JSON.
[08:33:57 +1m 54s | thequantuminsider_2023_09_18_quantum_computing_startup_nanofiber_quantum_technologies_sec_ffb57173] Extracting actors: https://thequantuminsider.com/2023/09/18/quantum-computing-startup-nanofiber-quantum-technologies-secures-8-5-million-funding (1/1), chunk 12/36
[08:34:06 +2m 2s | thequantuminsider_2023_09_18_quantum_computing_startup_nanofiber_quantum_technologies_sec_ffb57173] Repaired malformed JSON.
[08:34:06 +2m 2s | thequantuminsider_2023_09_18_quantum_computing_startup_nanofiber_quantum_technologies_sec_ffb57173] Extracting actors: https://thequantuminsider.com/2023/09/18/quantum-computing-startup-nanofiber-quantum-technologies-secures-8-5-million-funding (1/1), chunk 13/36
[08:34:14 +2m 10s | thequantuminsider_2023_09_18_quantum_computing_startup_nanofiber_quantum_technologies_sec_ffb57173] Repaired malformed JSON.
[08:34:14 +2m 10s | thequantuminsider_2023_09_18_quantum_computing_startup_nanofiber_quantum_technologies_sec_ffb57173] Extracting actors: https://thequantuminsider.com/2023/09/18/quantum-computing-startup-nanofiber-quantum-technologies-secures-8-5-million-funding (1/1), chunk 14/36
[08:34:21 +2m 18s | thequantuminsider_2023_09_18_quantum_computing_startup_nanofiber_quantum_technologies_sec_ffb57173] Repaired malformed JSON.
[08:34:21 +2m 18s | thequantuminsider_2023_09_18_quantum_computing_startup_nanofiber_quantum_technologies_sec_ffb57173] Extracting actors: https://thequantuminsider.com/2023/09/18/quantum-computing-startup-nanofiber-quantum-technologies-secures-8-5-million-funding (1/1), chunk 15/36
[08:34:26 +2m 25s | thequantuminsider_2023_09_18_quantum_computing_startup_nanofiber_quantum_technologies_sec_ffb57173] Repaired malformed JSON.
[08:34:26 +2m 25s | thequantuminsider_2023_09_18_quantum_computing_startup_nanofiber_quantum_technologies_sec_ffb57173] Extracting actors: https://thequantuminsider.com/2023/09/18/quantum-computing-startup-nanofiber-quantum-technologies-secures-8-5-million-funding (1/1), chunk 16/36
[08:34:34 +2m 33s | thequantuminsider_2023_09_18_quantum_computing_startup_nanofiber_quantum_technologies_sec_ffb57173] Repaired malformed JSON.
[08:34:34 +2m 33s | thequantuminsider_2023_09_18_quantum_computing_startup_nanofiber_quantum_technologies_sec_ffb57173] Extracting actors: https://thequantuminsider.com/2023/09/18/quantum-computing-startup-nanofiber-quantum-technologies-secures-8-5-million-funding (1/1), chunk 17/36
[08:34:42 +2m 41s | thequantuminsider_2023_09_18_quantum_computing_startup_nanofiber_quantum_technologies_sec_ffb57173] Extracting actors: https://thequantuminsider.com/2023/09/18/quantum-computing-startup-nanofiber-quantum-technologies-secures-8-5-million-funding (1/1), chunk 18/36
[08:35:06 +3m 7s | thequantuminsider_2023_09_18_quantum_computing_startup_nanofiber_quantum_technologies_sec_ffb57173] Repaired malformed JSON.
[08:35:06 +3m 7s | thequantuminsider_2023_09_18_quantum_computing_startup_nanofiber_quantum_technologies_sec_ffb57173] Extracting actors: https://thequantuminsider.com/2023/09/18/quantum-computing-startup-nanofiber-quantum-technologies-secures-8-5-million-funding (1/1), chunk 19/36
[08:35:30 +3m 34s | thequantuminsider_2023_09_18_quantum_computing_startup_nanofiber_quantum_technologies_sec_ffb57173] Repaired malformed JSON.
[08:35:30 +3m 34s | thequantuminsider_2023_09_18_quantum_computing_startup_nanofiber_quantum_technologies_sec_ffb57173] Extracting actors: https://thequantuminsider.com/2023/09/18/quantum-computing-startup-nanofiber-quantum-technologies-secures-8-5-million-funding (1/1), chunk 20/36
[08:35:38 +3m 42s | thequantuminsider_2023_09_18_quantum_computing_startup_nanofiber_quantum_technologies_sec_ffb57173] Repaired malformed JSON.
[08:35:38 +3m 42s | thequantuminsider_2023_09_18_quantum_computing_startup_nanofiber_quantum_technologies_sec_ffb57173] Extracting actors: https://thequantuminsider.com/2023/09/18/quantum-computing-startup-nanofiber-quantum-technologies-secures-8-5-million-funding (1/1), chunk 21/36
[08:36:15 +4m 22s | thequantuminsider_2023_09_18_quantum_computing_startup_nanofiber_quantum_technologies_sec_ffb57173] Repaired malformed JSON.
[08:36:15 +4m 22s | thequantuminsider_2023_09_18_quantum_computing_startup_nanofiber_quantum_technologies_sec_ffb57173] Extracting actors: https://thequantuminsider.com/2023/09/18/quantum-computing-startup-nanofiber-quantum-technologies-secures-8-5-million-funding (1/1), chunk 22/36
[08:36:28 +4m 37s | thequantuminsider_2023_09_18_quantum_computing_startup_nanofiber_quantum_technologies_sec_ffb57173] Repaired malformed JSON.
[08:36:28 +4m 37s | thequantuminsider_2023_09_18_quantum_computing_startup_nanofiber_quantum_technologies_sec_ffb57173] Extracting actors: https://thequantuminsider.com/2023/09/18/quantum-computing-startup-nanofiber-quantum-technologies-secures-8-5-million-funding (1/1), chunk 23/36
[08:36:35 +4m 44s | thequantuminsider_2023_09_18_quantum_computing_startup_nanofiber_quantum_technologies_sec_ffb57173] Repaired malformed JSON.
[08:36:35 +4m 44s | thequantuminsider_2023_09_18_quantum_computing_startup_nanofiber_quantum_technologies_sec_ffb57173] Extracting actors: https://thequantuminsider.com/2023/09/18/quantum-computing-startup-nanofiber-quantum-technologies-secures-8-5-million-funding (1/1), chunk 24/36
[08:36:42 +4m 51s | thequantuminsider_2023_09_18_quantum_computing_startup_nanofiber_quantum_technologies_sec_ffb57173] Repaired malformed JSON.
[08:36:42 +4m 51s | thequantuminsider_2023_09_18_quantum_computing_startup_nanofiber_quantum_technologies_sec_ffb57173] Extracting actors: https://thequantuminsider.com/2023/09/18/quantum-computing-startup-nanofiber-quantum-technologies-secures-8-5-million-funding (1/1), chunk 25/36
[08:36:49 +5m 1s | thequantuminsider_2023_09_18_quantum_computing_startup_nanofiber_quantum_technologies_sec_ffb57173] Repaired malformed JSON.
[08:36:49 +5m 1s | thequantuminsider_2023_09_18_quantum_computing_startup_nanofiber_quantum_technologies_sec_ffb57173] Extracting actors: https://thequantuminsider.com/2023/09/18/quantum-computing-startup-nanofiber-quantum-technologies-secures-8-5-million-funding (1/1), chunk 26/36
[08:36:55 +5m 7s | thequantuminsider_2023_09_18_quantum_computing_startup_nanofiber_quantum_technologies_sec_ffb57173] Extracting actors: https://thequantuminsider.com/2023/09/18/quantum-computing-startup-nanofiber-quantum-technologies-secures-8-5-million-funding (1/1), chunk 27/36
[08:37:03 +5m 14s | thequantuminsider_2023_09_18_quantum_computing_startup_nanofiber_quantum_technologies_sec_ffb57173] Extracting actors: https://thequantuminsider.com/2023/09/18/quantum-computing-startup-nanofiber-quantum-technologies-secures-8-5-million-funding (1/1), chunk 28/36
[08:37:09 +5m 21s | thequantuminsider_2023_09_18_quantum_computing_startup_nanofiber_quantum_technologies_sec_ffb57173] Repaired malformed JSON.
[08:37:09 +5m 21s | thequantuminsider_2023_09_18_quantum_computing_startup_nanofiber_quantum_technologies_sec_ffb57173] Extracting actors: https://thequantuminsider.com/2023/09/18/quantum-computing-startup-nanofiber-quantum-technologies-secures-8-5-million-funding (1/1), chunk 29/36
[08:37:32 +5m 47s | thequantuminsider_2023_09_18_quantum_computing_startup_nanofiber_quantum_technologies_sec_ffb57173] Repaired malformed JSON.
[08:37:32 +5m 47s | thequantuminsider_2023_09_18_quantum_computing_startup_nanofiber_quantum_technologies_sec_ffb57173] Extracting actors: https://thequantuminsider.com/2023/09/18/quantum-computing-startup-nanofiber-quantum-technologies-secures-8-5-million-funding (1/1), chunk 30/36
[08:37:57 +6m 13s | thequantuminsider_2023_09_18_quantum_computing_startup_nanofiber_quantum_technologies_sec_ffb57173] Repaired malformed JSON.
[08:37:57 +6m 13s | thequantuminsider_2023_09_18_quantum_computing_startup_nanofiber_quantum_technologies_sec_ffb57173] Extracting actors: https://thequantuminsider.com/2023/09/18/quantum-computing-startup-nanofiber-quantum-technologies-secures-8-5-million-funding (1/1), chunk 31/36
[08:38:02 +6m 19s | thequantuminsider_2023_09_18_quantum_computing_startup_nanofiber_quantum_technologies_sec_ffb57173] Extracting actors: https://thequantuminsider.com/2023/09/18/quantum-computing-startup-nanofiber-quantum-technologies-secures-8-5-million-funding (1/1), chunk 32/36
[08:38:12 +6m 29s | thequantuminsider_2023_09_18_quantum_computing_startup_nanofiber_quantum_technologies_sec_ffb57173] Repaired malformed JSON.
[08:38:12 +6m 29s | thequantuminsider_2023_09_18_quantum_computing_startup_nanofiber_quantum_technologies_sec_ffb57173] Extracting actors: https://thequantuminsider.com/2023/09/18/quantum-computing-startup-nanofiber-quantum-technologies-secures-8-5-million-funding (1/1), chunk 33/36
[08:38:17 +6m 34s | thequantuminsider_2023_09_18_quantum_computing_startup_nanofiber_quantum_technologies_sec_ffb57173] Repaired malformed JSON.
[08:38:17 +6m 34s | thequantuminsider_2023_09_18_quantum_computing_startup_nanofiber_quantum_technologies_sec_ffb57173] Extracting actors: https://thequantuminsider.com/2023/09/18/quantum-computing-startup-nanofiber-quantum-technologies-secures-8-5-million-funding (1/1), chunk 34/36
[08:38:19 +6m 36s | thequantuminsider_2023_09_18_quantum_computing_startup_nanofiber_quantum_technologies_sec_ffb57173] Extracting actors: https://thequantuminsider.com/2023/09/18/quantum-computing-startup-nanofiber-quantum-technologies-secures-8-5-million-funding (1/1), chunk 35/36
[08:38:24 +6m 43s | thequantuminsider_2023_09_18_quantum_computing_startup_nanofiber_quantum_technologies_sec_ffb57173] Repaired malformed JSON.
[08:38:24 +6m 43s | thequantuminsider_2023_09_18_quantum_computing_startup_nanofiber_quantum_technologies_sec_ffb57173] Extracting actors: https://thequantuminsider.com/2023/09/18/quantum-computing-startup-nanofiber-quantum-technologies-secures-8-5-million-funding (1/1), chunk 36/36
[08:38:28 +6m 48s | thequantuminsider_2023_09_18_quantum_computing_startup_nanofiber_quantum_technologies_sec_ffb57173] Saved 1_actor_results.json with 55 extracted records

[08:38:28 +6m 48s | thequantuminsider_2023_09_18_quantum_computing_startup_nanofiber_quantum_technologies_sec_ffb57173] === 2 clean actors ===
[08:38:28 +6m 48s | thequantuminsider_2023_09_18_quantum_computing_startup_nanofiber_quantum_technologies_sec_ffb57173] Loaded 55 extracted records
[08:38:28 +6m 48s | thequantuminsider_2023_09_18_quantum_computing_startup_nanofiber_quantum_technologies_sec_ffb57173] Saved 2_actor_nodes.json with 19 canonical actor nodes

[08:38:28 +6m 48s | thequantuminsider_2023_09_18_quantum_computing_startup_nanofiber_quantum_technologies_sec_ffb57173] === 3 interaction extraction ===
[08:38:29 +6m 48s | thequantuminsider_2023_09_18_quantum_computing_startup_nanofiber_quantum_technologies_sec_ffb57173] Extracting interactions: https://thequantuminsider.com/2023/09/18/quantum-computing-startup-nanofiber-quantum-technologies-secures-8-5-million-funding (1/1), chunk 11/36
[08:38:38 +6m 57s | thequantuminsider_2023_09_18_quantum_computing_startup_nanofiber_quantum_technologies_sec_ffb57173] Extracting interactions: https://thequantuminsider.com/2023/09/18/quantum-computing-startup-nanofiber-quantum-technologies-secures-8-5-million-funding (1/1), chunk 12/36
[08:38:43 +7m 2s | thequantuminsider_2023_09_18_quantum_computing_startup_nanofiber_quantum_technologies_sec_ffb57173] Extracting interactions: https://thequantuminsider.com/2023/09/18/quantum-computing-startup-nanofiber-quantum-technologies-secures-8-5-million-funding (1/1), chunk 13/36
[08:38:55 +7m 17s | thequantuminsider_2023_09_18_quantum_computing_startup_nanofiber_quantum_technologies_sec_ffb57173] Extracting interactions: https://thequantuminsider.com/2023/09/18/quantum-computing-startup-nanofiber-quantum-technologies-secures-8-5-million-funding (1/1), chunk 14/36
[08:39:08 +7m 30s | thequantuminsider_2023_09_18_quantum_computing_startup_nanofiber_quantum_technologies_sec_ffb57173] Extracting interactions: https://thequantuminsider.com/2023/09/18/quantum-computing-startup-nanofiber-quantum-technologies-secures-8-5-million-funding (1/1), chunk 15/36
[08:39:17 +7m 39s | thequantuminsider_2023_09_18_quantum_computing_startup_nanofiber_quantum_technologies_sec_ffb57173] Extracting interactions: https://thequantuminsider.com/2023/09/18/quantum-computing-startup-nanofiber-quantum-technologies-secures-8-5-million-funding (1/1), chunk 16/36
[08:39:18 +7m 42s | thequantuminsider_2023_09_18_quantum_computing_startup_nanofiber_quantum_technologies_sec_ffb57173] Extracting interactions: https://thequantuminsider.com/2023/09/18/quantum-computing-startup-nanofiber-quantum-technologies-secures-8-5-million-funding (1/1), chunk 18/36
[08:39:20 +7m 45s | thequantuminsider_2023_09_18_quantum_computing_startup_nanofiber_quantum_technologies_sec_ffb57173] Extracting interactions: https://thequantuminsider.com/2023/09/18/quantum-computing-startup-nanofiber-quantum-technologies-secures-8-5-million-funding (1/1), chunk 19/36
[08:39:28 +7m 53s | thequantuminsider_2023_09_18_quantum_computing_startup_nanofiber_quantum_technologies_sec_ffb57173] Extracting interactions: https://thequantuminsider.com/2023/09/18/quantum-computing-startup-nanofiber-quantum-technologies-secures-8-5-million-funding (1/1), chunk 20/36
[08:39:36 +8m 1s | thequantuminsider_2023_09_18_quantum_computing_startup_nanofiber_quantum_technologies_sec_ffb57173] Extracting interactions: https://thequantuminsider.com/2023/09/18/quantum-computing-startup-nanofiber-quantum-technologies-secures-8-5-million-funding (1/1), chunk 21/36
[08:39:41 +8m 5s | thequantuminsider_2023_09_18_quantum_computing_startup_nanofiber_quantum_technologies_sec_ffb57173] Extracting interactions: https://thequantuminsider.com/2023/09/18/quantum-computing-startup-nanofiber-quantum-technologies-secures-8-5-million-funding (1/1), chunk 22/36
[08:39:47 +8m 11s | thequantuminsider_2023_09_18_quantum_computing_startup_nanofiber_quantum_technologies_sec_ffb57173] Extracting interactions: https://thequantuminsider.com/2023/09/18/quantum-computing-startup-nanofiber-quantum-technologies-secures-8-5-million-funding (1/1), chunk 23/36
[08:39:47 +8m 14s | thequantuminsider_2023_09_18_quantum_computing_startup_nanofiber_quantum_technologies_sec_ffb57173] Extracting interactions: https://thequantuminsider.com/2023/09/18/quantum-computing-startup-nanofiber-quantum-technologies-secures-8-5-million-funding (1/1), chunk 24/36
[08:39:49 +8m 16s | thequantuminsider_2023_09_18_quantum_computing_startup_nanofiber_quantum_technologies_sec_ffb57173] Extracting interactions: https://thequantuminsider.com/2023/09/18/quantum-computing-startup-nanofiber-quantum-technologies-secures-8-5-million-funding (1/1), chunk 25/36
[08:39:57 +8m 24s | thequantuminsider_2023_09_18_quantum_computing_startup_nanofiber_quantum_technologies_sec_ffb57173] Extracting interactions: https://thequantuminsider.com/2023/09/18/quantum-computing-startup-nanofiber-quantum-technologies-secures-8-5-million-funding (1/1), chunk 26/36
[08:40:03 +8m 31s | thequantuminsider_2023_09_18_quantum_computing_startup_nanofiber_quantum_technologies_sec_ffb57173] Extracting interactions: https://thequantuminsider.com/2023/09/18/quantum-computing-startup-nanofiber-quantum-technologies-secures-8-5-million-funding (1/1), chunk 27/36
[08:40:06 +8m 33s | thequantuminsider_2023_09_18_quantum_computing_startup_nanofiber_quantum_technologies_sec_ffb57173] Extracting interactions: https://thequantuminsider.com/2023/09/18/quantum-computing-startup-nanofiber-quantum-technologies-secures-8-5-million-funding (1/1), chunk 29/36
[08:40:14 +8m 41s | thequantuminsider_2023_09_18_quantum_computing_startup_nanofiber_quantum_technologies_sec_ffb57173] Extracting interactions: https://thequantuminsider.com/2023/09/18/quantum-computing-startup-nanofiber-quantum-technologies-secures-8-5-million-funding (1/1), chunk 30/36
[08:40:16 +8m 43s | thequantuminsider_2023_09_18_quantum_computing_startup_nanofiber_quantum_technologies_sec_ffb57173] Extracting interactions: https://thequantuminsider.com/2023/09/18/quantum-computing-startup-nanofiber-quantum-technologies-secures-8-5-million-funding (1/1), chunk 31/36
[08:40:18 +8m 45s | thequantuminsider_2023_09_18_quantum_computing_startup_nanofiber_quantum_technologies_sec_ffb57173] Extracting interactions: https://thequantuminsider.com/2023/09/18/quantum-computing-startup-nanofiber-quantum-technologies-secures-8-5-million-funding (1/1), chunk 32/36
[08:40:17 +8m 46s | thequantuminsider_2023_09_18_quantum_computing_startup_nanofiber_quantum_technologies_sec_ffb57173] Extracting interactions: https://thequantuminsider.com/2023/09/18/quantum-computing-startup-nanofiber-quantum-technologies-secures-8-5-million-funding (1/1), chunk 34/36
[08:40:19 +8m 48s | thequantuminsider_2023_09_18_quantum_computing_startup_nanofiber_quantum_technologies_sec_ffb57173] Extracting interactions: https://thequantuminsider.com/2023/09/18/quantum-computing-startup-nanofiber-quantum-technologies-secures-8-5-million-funding (1/1), chunk 35/36
[08:40:22 +8m 52s | thequantuminsider_2023_09_18_quantum_computing_startup_nanofiber_quantum_technologies_sec_ffb57173] Extracting interactions: https://thequantuminsider.com/2023/09/18/quantum-computing-startup-nanofiber-quantum-technologies-secures-8-5-million-funding (1/1), chunk 36/36
[08:40:36 +9m 6s | thequantuminsider_2023_09_18_quantum_computing_startup_nanofiber_quantum_technologies_sec_ffb57173] Saved 3_interaction_results.json with 17 extracted interactions.

[08:40:36 +9m 6s | thequantuminsider_2023_09_18_quantum_computing_startup_nanofiber_quantum_technologies_sec_ffb57173] === 4 clean interactions ===
[08:40:36 +9m 6s | thequantuminsider_2023_09_18_quantum_computing_startup_nanofiber_quantum_technologies_sec_ffb57173] Saved 4_edges.json with 0 cleaned interactions.

[08:40:36 +9m 6s | thequantuminsider_2023_09_18_quantum_computing_startup_nanofiber_quantum_technologies_sec_ffb57173] === 5 helix enrichment ===
[08:40:36 +9m 6s | thequantuminsider_2023_09_18_quantum_computing_startup_nanofiber_quantum_technologies_sec_ffb57173] Wrote 5_nodes.json (19 actors)
[08:40:36 +9m 6s | thequantuminsider_2023_09_18_quantum_computing_startup_nanofiber_quantum_technologies_sec_ffb57173] Wrote 5_edges.json (0 interactions)
[08:40:36 +9m 6s | thequantuminsider_2023_09_18_quantum_computing_startup_nanofiber_quantum_technologies_sec_ffb57173] Actor helix counts: {'Academia': 1, 'Civil Society': 3, 'Industry': 4, 'Intermediary': 4, 'Unknown': 7}
[08:40:36 +9m 6s | thequantuminsider_2023_09_18_quantum_computing_startup_nanofiber_quantum_technologies_sec_ffb57173] Functional-space counts: {}

[08:40:36 +9m 6s | thequantuminsider_2023_09_18_quantum_computing_startup_nanofiber_quantum_technologies_sec_ffb57173] === 6 network visualisation ===
[08:40:37 +9m 6s | thequantuminsider_2023_09_18_quantum_computing_startup_nanofiber_quantum_technologies_sec_ffb57173] Wrote quantum_network.html
[08:40:37 +9m 6s | thequantuminsider_2023_09_18_quantum_computing_startup_nanofiber_quantum_technologies_sec_ffb57173] Nodes: 19
[08:40:37 +9m 6s | thequantuminsider_2023_09_18_quantum_computing_startup_nanofiber_quantum_technologies_sec_ffb57173] Edges: 0

[08:40:37 +9m 6s | thequantuminsider_2023_09_18_quantum_computing_startup_nanofiber_quantum_technologies_sec_ffb57173] Done. Outputs written to: /home/lv/IDP/idpdeeptech/pipeline/news_outputs/thequantuminsider_2023_09_18_quantum_computing_startup_nanofiber_quantum_technologies_sec_ffb57173
[08:40:37 +9m 6s | thequantuminsider_2023_09_18_quantum_computing_startup_nanofiber_quantum_technologies_sec_ffb57173] Log: /home/lv/IDP/idpdeeptech/pipeline/news_outputs/thequantuminsider_2023_09_18_quantum_computing_startup_nanofiber_quantum_technologies_sec_ffb57173/run.log

========================================================================
RUN FINISHED 2026-07-05 08:40:37  (OK)
Started:     2026-07-05 08:32:14
Elapsed:     9m 6s
========================================================================
