
========================================================================
RUN STARTED  2026-07-05 04:22:23
site_pipeline.py https://thequantuminsider.com/2024/04/12/the-quantum-insider-announce-a-strategic-partnership-with-quantum-key-stakeholder-assembly-2/
========================================================================

[04:22:23 +0s | thequantuminsider_2024_04_12_the_quantum_insider_announce_a_strategic_partnership_with_qu_dd1e759b] === 0 crawl site ===
[04:22:24 +1s | thequantuminsider_2024_04_12_the_quantum_insider_announce_a_strategic_partnership_with_qu_dd1e759b] [INIT].... → Crawl4AI 0.8.6 
[04:22:27 +4s | thequantuminsider_2024_04_12_the_quantum_insider_announce_a_strategic_partnership_with_qu_dd1e759b] [FETCH]... ↓ https://thequantuminsider.com/2024/04/12/the-qua...nership-with-quantum-key-stakeholder-assembly-2/  | ✓ | ⏱: 2.52s 
[04:22:27 +4s | thequantuminsider_2024_04_12_the_quantum_insider_announce_a_strategic_partnership_with_qu_dd1e759b] [SCRAPE].. ◆ https://thequantuminsider.com/2024/04/12/the-qua...nership-with-quantum-key-stakeholder-assembly-2/  | ✓ | ⏱: 0.12s 
[04:22:27 +4s | thequantuminsider_2024_04_12_the_quantum_insider_announce_a_strategic_partnership_with_qu_dd1e759b] [COMPLETE] ● https://thequantuminsider.com/2024/04/12/the-qua...nership-with-quantum-key-stakeholder-assembly-2/  | ✓ | ⏱: 2.67s 
[04:22:27 +4s | thequantuminsider_2024_04_12_the_quantum_insider_announce_a_strategic_partnership_with_qu_dd1e759b] Saved: crawl_output/948b0edf9c_thequantuminsider.com_2024_04_12_the-quantum-insider-announce-a-strategic-partnership-with-quantum-key-stakeholder-assembly-2.json

[04:22:27 +4s | thequantuminsider_2024_04_12_the_quantum_insider_announce_a_strategic_partnership_with_qu_dd1e759b] === 1 actor extraction ===
[04:22:28 +5s | thequantuminsider_2024_04_12_the_quantum_insider_announce_a_strategic_partnership_with_qu_dd1e759b] Reading page (1/1): https://thequantuminsider.com/2024/04/12/the-quantum-insider-announce-a-strategic-partnership-with-quantum-key-stakeholder-assembly-2
[04:22:28 +5s | thequantuminsider_2024_04_12_the_quantum_insider_announce_a_strategic_partnership_with_qu_dd1e759b] Extracting actors: https://thequantuminsider.com/2024/04/12/the-quantum-insider-announce-a-strategic-partnership-with-quantum-key-stakeholder-assembly-2 (1/1), chunk 1/35
[04:22:34 +11s | thequantuminsider_2024_04_12_the_quantum_insider_announce_a_strategic_partnership_with_qu_dd1e759b] Repaired malformed JSON.
[04:22:34 +11s | thequantuminsider_2024_04_12_the_quantum_insider_announce_a_strategic_partnership_with_qu_dd1e759b] Extracting actors: https://thequantuminsider.com/2024/04/12/the-quantum-insider-announce-a-strategic-partnership-with-quantum-key-stakeholder-assembly-2 (1/1), chunk 2/35
[04:22:41 +19s | thequantuminsider_2024_04_12_the_quantum_insider_announce_a_strategic_partnership_with_qu_dd1e759b] Repaired malformed JSON.
[04:22:41 +19s | thequantuminsider_2024_04_12_the_quantum_insider_announce_a_strategic_partnership_with_qu_dd1e759b] Extracting actors: https://thequantuminsider.com/2024/04/12/the-quantum-insider-announce-a-strategic-partnership-with-quantum-key-stakeholder-assembly-2 (1/1), chunk 3/35
[04:22:46 +24s | thequantuminsider_2024_04_12_the_quantum_insider_announce_a_strategic_partnership_with_qu_dd1e759b] Extracting actors: https://thequantuminsider.com/2024/04/12/the-quantum-insider-announce-a-strategic-partnership-with-quantum-key-stakeholder-assembly-2 (1/1), chunk 4/35
[04:22:52 +31s | thequantuminsider_2024_04_12_the_quantum_insider_announce_a_strategic_partnership_with_qu_dd1e759b] Repaired malformed JSON.
[04:22:52 +31s | thequantuminsider_2024_04_12_the_quantum_insider_announce_a_strategic_partnership_with_qu_dd1e759b] Extracting actors: https://thequantuminsider.com/2024/04/12/the-quantum-insider-announce-a-strategic-partnership-with-quantum-key-stakeholder-assembly-2 (1/1), chunk 5/35
[04:23:00 +39s | thequantuminsider_2024_04_12_the_quantum_insider_announce_a_strategic_partnership_with_qu_dd1e759b] Repaired malformed JSON.
[04:23:00 +39s | thequantuminsider_2024_04_12_the_quantum_insider_announce_a_strategic_partnership_with_qu_dd1e759b] Extracting actors: https://thequantuminsider.com/2024/04/12/the-quantum-insider-announce-a-strategic-partnership-with-quantum-key-stakeholder-assembly-2 (1/1), chunk 6/35
[04:23:08 +47s | thequantuminsider_2024_04_12_the_quantum_insider_announce_a_strategic_partnership_with_qu_dd1e759b] Repaired malformed JSON.
[04:23:08 +47s | thequantuminsider_2024_04_12_the_quantum_insider_announce_a_strategic_partnership_with_qu_dd1e759b] Extracting actors: https://thequantuminsider.com/2024/04/12/the-quantum-insider-announce-a-strategic-partnership-with-quantum-key-stakeholder-assembly-2 (1/1), chunk 7/35
[04:23:14 +54s | thequantuminsider_2024_04_12_the_quantum_insider_announce_a_strategic_partnership_with_qu_dd1e759b] Repaired malformed JSON.
[04:23:14 +54s | thequantuminsider_2024_04_12_the_quantum_insider_announce_a_strategic_partnership_with_qu_dd1e759b] Extracting actors: https://thequantuminsider.com/2024/04/12/the-quantum-insider-announce-a-strategic-partnership-with-quantum-key-stakeholder-assembly-2 (1/1), chunk 8/35
[04:23:21 +1m 2s | thequantuminsider_2024_04_12_the_quantum_insider_announce_a_strategic_partnership_with_qu_dd1e759b] Repaired malformed JSON.
[04:23:21 +1m 2s | thequantuminsider_2024_04_12_the_quantum_insider_announce_a_strategic_partnership_with_qu_dd1e759b] Extracting actors: https://thequantuminsider.com/2024/04/12/the-quantum-insider-announce-a-strategic-partnership-with-quantum-key-stakeholder-assembly-2 (1/1), chunk 9/35
[04:23:49 +1m 31s | thequantuminsider_2024_04_12_the_quantum_insider_announce_a_strategic_partnership_with_qu_dd1e759b] Repaired malformed JSON.
[04:23:49 +1m 31s | thequantuminsider_2024_04_12_the_quantum_insider_announce_a_strategic_partnership_with_qu_dd1e759b] Extracting actors: https://thequantuminsider.com/2024/04/12/the-quantum-insider-announce-a-strategic-partnership-with-quantum-key-stakeholder-assembly-2 (1/1), chunk 10/35
[04:23:56 +1m 38s | thequantuminsider_2024_04_12_the_quantum_insider_announce_a_strategic_partnership_with_qu_dd1e759b] Repaired malformed JSON.
[04:23:56 +1m 38s | thequantuminsider_2024_04_12_the_quantum_insider_announce_a_strategic_partnership_with_qu_dd1e759b] Extracting actors: https://thequantuminsider.com/2024/04/12/the-quantum-insider-announce-a-strategic-partnership-with-quantum-key-stakeholder-assembly-2 (1/1), chunk 11/35
[04:24:04 +1m 46s | thequantuminsider_2024_04_12_the_quantum_insider_announce_a_strategic_partnership_with_qu_dd1e759b] Repaired malformed JSON.
[04:24:04 +1m 46s | thequantuminsider_2024_04_12_the_quantum_insider_announce_a_strategic_partnership_with_qu_dd1e759b] Extracting actors: https://thequantuminsider.com/2024/04/12/the-quantum-insider-announce-a-strategic-partnership-with-quantum-key-stakeholder-assembly-2 (1/1), chunk 12/35
[04:24:15 +1m 59s | thequantuminsider_2024_04_12_the_quantum_insider_announce_a_strategic_partnership_with_qu_dd1e759b] Repaired malformed JSON.
[04:24:15 +1m 59s | thequantuminsider_2024_04_12_the_quantum_insider_announce_a_strategic_partnership_with_qu_dd1e759b] Extracting actors: https://thequantuminsider.com/2024/04/12/the-quantum-insider-announce-a-strategic-partnership-with-quantum-key-stakeholder-assembly-2 (1/1), chunk 13/35
[04:24:22 +2m 6s | thequantuminsider_2024_04_12_the_quantum_insider_announce_a_strategic_partnership_with_qu_dd1e759b] Repaired malformed JSON.
[04:24:22 +2m 6s | thequantuminsider_2024_04_12_the_quantum_insider_announce_a_strategic_partnership_with_qu_dd1e759b] Extracting actors: https://thequantuminsider.com/2024/04/12/the-quantum-insider-announce-a-strategic-partnership-with-quantum-key-stakeholder-assembly-2 (1/1), chunk 14/35
[04:24:30 +2m 14s | thequantuminsider_2024_04_12_the_quantum_insider_announce_a_strategic_partnership_with_qu_dd1e759b] Repaired malformed JSON.
[04:24:30 +2m 14s | thequantuminsider_2024_04_12_the_quantum_insider_announce_a_strategic_partnership_with_qu_dd1e759b] Extracting actors: https://thequantuminsider.com/2024/04/12/the-quantum-insider-announce-a-strategic-partnership-with-quantum-key-stakeholder-assembly-2 (1/1), chunk 15/35
[04:24:37 +2m 21s | thequantuminsider_2024_04_12_the_quantum_insider_announce_a_strategic_partnership_with_qu_dd1e759b] Repaired malformed JSON.
[04:24:37 +2m 21s | thequantuminsider_2024_04_12_the_quantum_insider_announce_a_strategic_partnership_with_qu_dd1e759b] Extracting actors: https://thequantuminsider.com/2024/04/12/the-quantum-insider-announce-a-strategic-partnership-with-quantum-key-stakeholder-assembly-2 (1/1), chunk 16/35
[04:24:42 +2m 28s | thequantuminsider_2024_04_12_the_quantum_insider_announce_a_strategic_partnership_with_qu_dd1e759b] Repaired malformed JSON.
[04:24:42 +2m 28s | thequantuminsider_2024_04_12_the_quantum_insider_announce_a_strategic_partnership_with_qu_dd1e759b] Extracting actors: https://thequantuminsider.com/2024/04/12/the-quantum-insider-announce-a-strategic-partnership-with-quantum-key-stakeholder-assembly-2 (1/1), chunk 17/35
[04:24:46 +2m 32s | thequantuminsider_2024_04_12_the_quantum_insider_announce_a_strategic_partnership_with_qu_dd1e759b] Extracting actors: https://thequantuminsider.com/2024/04/12/the-quantum-insider-announce-a-strategic-partnership-with-quantum-key-stakeholder-assembly-2 (1/1), chunk 18/35
[04:24:53 +2m 39s | thequantuminsider_2024_04_12_the_quantum_insider_announce_a_strategic_partnership_with_qu_dd1e759b] Repaired malformed JSON.
[04:24:53 +2m 39s | thequantuminsider_2024_04_12_the_quantum_insider_announce_a_strategic_partnership_with_qu_dd1e759b] Extracting actors: https://thequantuminsider.com/2024/04/12/the-quantum-insider-announce-a-strategic-partnership-with-quantum-key-stakeholder-assembly-2 (1/1), chunk 19/35
[04:25:01 +2m 46s | thequantuminsider_2024_04_12_the_quantum_insider_announce_a_strategic_partnership_with_qu_dd1e759b] Repaired malformed JSON.
[04:25:01 +2m 46s | thequantuminsider_2024_04_12_the_quantum_insider_announce_a_strategic_partnership_with_qu_dd1e759b] Extracting actors: https://thequantuminsider.com/2024/04/12/the-quantum-insider-announce-a-strategic-partnership-with-quantum-key-stakeholder-assembly-2 (1/1), chunk 20/35
[04:25:06 +2m 52s | thequantuminsider_2024_04_12_the_quantum_insider_announce_a_strategic_partnership_with_qu_dd1e759b] Extracting actors: https://thequantuminsider.com/2024/04/12/the-quantum-insider-announce-a-strategic-partnership-with-quantum-key-stakeholder-assembly-2 (1/1), chunk 21/35
[04:25:23 +3m 10s | thequantuminsider_2024_04_12_the_quantum_insider_announce_a_strategic_partnership_with_qu_dd1e759b] Repaired malformed JSON.
[04:25:23 +3m 10s | thequantuminsider_2024_04_12_the_quantum_insider_announce_a_strategic_partnership_with_qu_dd1e759b] Extracting actors: https://thequantuminsider.com/2024/04/12/the-quantum-insider-announce-a-strategic-partnership-with-quantum-key-stakeholder-assembly-2 (1/1), chunk 22/35
[04:25:33 +3m 21s | thequantuminsider_2024_04_12_the_quantum_insider_announce_a_strategic_partnership_with_qu_dd1e759b] Repaired malformed JSON.
[04:25:33 +3m 21s | thequantuminsider_2024_04_12_the_quantum_insider_announce_a_strategic_partnership_with_qu_dd1e759b] Extracting actors: https://thequantuminsider.com/2024/04/12/the-quantum-insider-announce-a-strategic-partnership-with-quantum-key-stakeholder-assembly-2 (1/1), chunk 23/35
[04:25:42 +3m 29s | thequantuminsider_2024_04_12_the_quantum_insider_announce_a_strategic_partnership_with_qu_dd1e759b] Extracting actors: https://thequantuminsider.com/2024/04/12/the-quantum-insider-announce-a-strategic-partnership-with-quantum-key-stakeholder-assembly-2 (1/1), chunk 24/35
[04:25:49 +3m 38s | thequantuminsider_2024_04_12_the_quantum_insider_announce_a_strategic_partnership_with_qu_dd1e759b] Repaired malformed JSON.
[04:25:49 +3m 38s | thequantuminsider_2024_04_12_the_quantum_insider_announce_a_strategic_partnership_with_qu_dd1e759b] Extracting actors: https://thequantuminsider.com/2024/04/12/the-quantum-insider-announce-a-strategic-partnership-with-quantum-key-stakeholder-assembly-2 (1/1), chunk 25/35
[04:25:54 +3m 43s | thequantuminsider_2024_04_12_the_quantum_insider_announce_a_strategic_partnership_with_qu_dd1e759b] Extracting actors: https://thequantuminsider.com/2024/04/12/the-quantum-insider-announce-a-strategic-partnership-with-quantum-key-stakeholder-assembly-2 (1/1), chunk 26/35
[04:25:58 +3m 48s | thequantuminsider_2024_04_12_the_quantum_insider_announce_a_strategic_partnership_with_qu_dd1e759b] Extracting actors: https://thequantuminsider.com/2024/04/12/the-quantum-insider-announce-a-strategic-partnership-with-quantum-key-stakeholder-assembly-2 (1/1), chunk 27/35
[04:26:06 +3m 55s | thequantuminsider_2024_04_12_the_quantum_insider_announce_a_strategic_partnership_with_qu_dd1e759b] Repaired malformed JSON.
[04:26:06 +3m 55s | thequantuminsider_2024_04_12_the_quantum_insider_announce_a_strategic_partnership_with_qu_dd1e759b] Extracting actors: https://thequantuminsider.com/2024/04/12/the-quantum-insider-announce-a-strategic-partnership-with-quantum-key-stakeholder-assembly-2 (1/1), chunk 28/35
[04:26:28 +4m 19s | thequantuminsider_2024_04_12_the_quantum_insider_announce_a_strategic_partnership_with_qu_dd1e759b] Repaired malformed JSON.
[04:26:28 +4m 19s | thequantuminsider_2024_04_12_the_quantum_insider_announce_a_strategic_partnership_with_qu_dd1e759b] Extracting actors: https://thequantuminsider.com/2024/04/12/the-quantum-insider-announce-a-strategic-partnership-with-quantum-key-stakeholder-assembly-2 (1/1), chunk 29/35
[04:26:55 +4m 48s | thequantuminsider_2024_04_12_the_quantum_insider_announce_a_strategic_partnership_with_qu_dd1e759b] Repaired malformed JSON.
[04:26:55 +4m 48s | thequantuminsider_2024_04_12_the_quantum_insider_announce_a_strategic_partnership_with_qu_dd1e759b] Extracting actors: https://thequantuminsider.com/2024/04/12/the-quantum-insider-announce-a-strategic-partnership-with-quantum-key-stakeholder-assembly-2 (1/1), chunk 30/35
[04:27:01 +4m 54s | thequantuminsider_2024_04_12_the_quantum_insider_announce_a_strategic_partnership_with_qu_dd1e759b] Repaired malformed JSON.
[04:27:01 +4m 54s | thequantuminsider_2024_04_12_the_quantum_insider_announce_a_strategic_partnership_with_qu_dd1e759b] Extracting actors: https://thequantuminsider.com/2024/04/12/the-quantum-insider-announce-a-strategic-partnership-with-quantum-key-stakeholder-assembly-2 (1/1), chunk 31/35
[04:27:11 +5m 4s | thequantuminsider_2024_04_12_the_quantum_insider_announce_a_strategic_partnership_with_qu_dd1e759b] Repaired malformed JSON.
[04:27:11 +5m 4s | thequantuminsider_2024_04_12_the_quantum_insider_announce_a_strategic_partnership_with_qu_dd1e759b] Extracting actors: https://thequantuminsider.com/2024/04/12/the-quantum-insider-announce-a-strategic-partnership-with-quantum-key-stakeholder-assembly-2 (1/1), chunk 32/35
[04:27:19 +5m 14s | thequantuminsider_2024_04_12_the_quantum_insider_announce_a_strategic_partnership_with_qu_dd1e759b] Repaired malformed JSON.
[04:27:19 +5m 14s | thequantuminsider_2024_04_12_the_quantum_insider_announce_a_strategic_partnership_with_qu_dd1e759b] Extracting actors: https://thequantuminsider.com/2024/04/12/the-quantum-insider-announce-a-strategic-partnership-with-quantum-key-stakeholder-assembly-2 (1/1), chunk 33/35
[04:27:26 +5m 21s | thequantuminsider_2024_04_12_the_quantum_insider_announce_a_strategic_partnership_with_qu_dd1e759b] Repaired malformed JSON.
[04:27:26 +5m 21s | thequantuminsider_2024_04_12_the_quantum_insider_announce_a_strategic_partnership_with_qu_dd1e759b] Extracting actors: https://thequantuminsider.com/2024/04/12/the-quantum-insider-announce-a-strategic-partnership-with-quantum-key-stakeholder-assembly-2 (1/1), chunk 34/35
[04:27:33 +5m 27s | thequantuminsider_2024_04_12_the_quantum_insider_announce_a_strategic_partnership_with_qu_dd1e759b] Repaired malformed JSON.
[04:27:33 +5m 27s | thequantuminsider_2024_04_12_the_quantum_insider_announce_a_strategic_partnership_with_qu_dd1e759b] Extracting actors: https://thequantuminsider.com/2024/04/12/the-quantum-insider-announce-a-strategic-partnership-with-quantum-key-stakeholder-assembly-2 (1/1), chunk 35/35
[04:27:38 +5m 33s | thequantuminsider_2024_04_12_the_quantum_insider_announce_a_strategic_partnership_with_qu_dd1e759b] Repaired malformed JSON.
[04:27:38 +5m 33s | thequantuminsider_2024_04_12_the_quantum_insider_announce_a_strategic_partnership_with_qu_dd1e759b] Saved 1_actor_results.json with 60 extracted records

[04:27:38 +5m 33s | thequantuminsider_2024_04_12_the_quantum_insider_announce_a_strategic_partnership_with_qu_dd1e759b] === 2 clean actors ===
[04:27:39 +5m 33s | thequantuminsider_2024_04_12_the_quantum_insider_announce_a_strategic_partnership_with_qu_dd1e759b] Loaded 60 extracted records
[04:27:39 +5m 33s | thequantuminsider_2024_04_12_the_quantum_insider_announce_a_strategic_partnership_with_qu_dd1e759b] Saved 2_actor_nodes.json with 19 canonical actor nodes

[04:27:39 +5m 33s | thequantuminsider_2024_04_12_the_quantum_insider_announce_a_strategic_partnership_with_qu_dd1e759b] === 3 interaction extraction ===
[04:27:39 +5m 33s | thequantuminsider_2024_04_12_the_quantum_insider_announce_a_strategic_partnership_with_qu_dd1e759b] Extracting interactions: https://thequantuminsider.com/2024/04/12/the-quantum-insider-announce-a-strategic-partnership-with-quantum-key-stakeholder-assembly-2 (1/1), chunk 11/35
[04:27:42 +5m 37s | thequantuminsider_2024_04_12_the_quantum_insider_announce_a_strategic_partnership_with_qu_dd1e759b] Extracting interactions: https://thequantuminsider.com/2024/04/12/the-quantum-insider-announce-a-strategic-partnership-with-quantum-key-stakeholder-assembly-2 (1/1), chunk 12/35
[04:28:14 +6m 11s | thequantuminsider_2024_04_12_the_quantum_insider_announce_a_strategic_partnership_with_qu_dd1e759b] Extracting interactions: https://thequantuminsider.com/2024/04/12/the-quantum-insider-announce-a-strategic-partnership-with-quantum-key-stakeholder-assembly-2 (1/1), chunk 13/35
[04:28:41 +6m 40s | thequantuminsider_2024_04_12_the_quantum_insider_announce_a_strategic_partnership_with_qu_dd1e759b] Extracting interactions: https://thequantuminsider.com/2024/04/12/the-quantum-insider-announce-a-strategic-partnership-with-quantum-key-stakeholder-assembly-2 (1/1), chunk 14/35
[04:29:06 +7m 6s | thequantuminsider_2024_04_12_the_quantum_insider_announce_a_strategic_partnership_with_qu_dd1e759b] Extracting interactions: https://thequantuminsider.com/2024/04/12/the-quantum-insider-announce-a-strategic-partnership-with-quantum-key-stakeholder-assembly-2 (1/1), chunk 15/35
[04:29:22 +7m 24s | thequantuminsider_2024_04_12_the_quantum_insider_announce_a_strategic_partnership_with_qu_dd1e759b] Extracting interactions: https://thequantuminsider.com/2024/04/12/the-quantum-insider-announce-a-strategic-partnership-with-quantum-key-stakeholder-assembly-2 (1/1), chunk 18/35
[04:29:26 +7m 28s | thequantuminsider_2024_04_12_the_quantum_insider_announce_a_strategic_partnership_with_qu_dd1e759b] Extracting interactions: https://thequantuminsider.com/2024/04/12/the-quantum-insider-announce-a-strategic-partnership-with-quantum-key-stakeholder-assembly-2 (1/1), chunk 19/35
[04:29:31 +7m 33s | thequantuminsider_2024_04_12_the_quantum_insider_announce_a_strategic_partnership_with_qu_dd1e759b] Extracting interactions: https://thequantuminsider.com/2024/04/12/the-quantum-insider-announce-a-strategic-partnership-with-quantum-key-stakeholder-assembly-2 (1/1), chunk 24/35
[04:29:33 +7m 35s | thequantuminsider_2024_04_12_the_quantum_insider_announce_a_strategic_partnership_with_qu_dd1e759b] Extracting interactions: https://thequantuminsider.com/2024/04/12/the-quantum-insider-announce-a-strategic-partnership-with-quantum-key-stakeholder-assembly-2 (1/1), chunk 25/35
[04:29:34 +7m 36s | thequantuminsider_2024_04_12_the_quantum_insider_announce_a_strategic_partnership_with_qu_dd1e759b] Extracting interactions: https://thequantuminsider.com/2024/04/12/the-quantum-insider-announce-a-strategic-partnership-with-quantum-key-stakeholder-assembly-2 (1/1), chunk 26/35
[04:29:57 +8m 0s | thequantuminsider_2024_04_12_the_quantum_insider_announce_a_strategic_partnership_with_qu_dd1e759b] Extracting interactions: https://thequantuminsider.com/2024/04/12/the-quantum-insider-announce-a-strategic-partnership-with-quantum-key-stakeholder-assembly-2 (1/1), chunk 28/35
[04:29:59 +8m 2s | thequantuminsider_2024_04_12_the_quantum_insider_announce_a_strategic_partnership_with_qu_dd1e759b] Extracting interactions: https://thequantuminsider.com/2024/04/12/the-quantum-insider-announce-a-strategic-partnership-with-quantum-key-stakeholder-assembly-2 (1/1), chunk 29/35
[04:30:44 +8m 49s | thequantuminsider_2024_04_12_the_quantum_insider_announce_a_strategic_partnership_with_qu_dd1e759b] Extracting interactions: https://thequantuminsider.com/2024/04/12/the-quantum-insider-announce-a-strategic-partnership-with-quantum-key-stakeholder-assembly-2 (1/1), chunk 30/35
[04:31:00 +9m 7s | thequantuminsider_2024_04_12_the_quantum_insider_announce_a_strategic_partnership_with_qu_dd1e759b] Extracting interactions: https://thequantuminsider.com/2024/04/12/the-quantum-insider-announce-a-strategic-partnership-with-quantum-key-stakeholder-assembly-2 (1/1), chunk 31/35
[04:31:02 +9m 9s | thequantuminsider_2024_04_12_the_quantum_insider_announce_a_strategic_partnership_with_qu_dd1e759b] Extracting interactions: https://thequantuminsider.com/2024/04/12/the-quantum-insider-announce-a-strategic-partnership-with-quantum-key-stakeholder-assembly-2 (1/1), chunk 32/35
[04:31:04 +9m 11s | thequantuminsider_2024_04_12_the_quantum_insider_announce_a_strategic_partnership_with_qu_dd1e759b] Extracting interactions: https://thequantuminsider.com/2024/04/12/the-quantum-insider-announce-a-strategic-partnership-with-quantum-key-stakeholder-assembly-2 (1/1), chunk 33/35
[04:31:08 +9m 15s | thequantuminsider_2024_04_12_the_quantum_insider_announce_a_strategic_partnership_with_qu_dd1e759b] Extracting interactions: https://thequantuminsider.com/2024/04/12/the-quantum-insider-announce-a-strategic-partnership-with-quantum-key-stakeholder-assembly-2 (1/1), chunk 34/35
[04:31:10 +9m 17s | thequantuminsider_2024_04_12_the_quantum_insider_announce_a_strategic_partnership_with_qu_dd1e759b] Extracting interactions: https://thequantuminsider.com/2024/04/12/the-quantum-insider-announce-a-strategic-partnership-with-quantum-key-stakeholder-assembly-2 (1/1), chunk 35/35
[04:31:11 +9m 19s | thequantuminsider_2024_04_12_the_quantum_insider_announce_a_strategic_partnership_with_qu_dd1e759b] Saved 3_interaction_results.json with 24 extracted interactions.

[04:31:12 +9m 19s | thequantuminsider_2024_04_12_the_quantum_insider_announce_a_strategic_partnership_with_qu_dd1e759b] === 4 clean interactions ===
[04:31:12 +9m 19s | thequantuminsider_2024_04_12_the_quantum_insider_announce_a_strategic_partnership_with_qu_dd1e759b] Saved 4_edges.json with 3 cleaned interactions.

[04:31:12 +9m 19s | thequantuminsider_2024_04_12_the_quantum_insider_announce_a_strategic_partnership_with_qu_dd1e759b] === 5 helix enrichment ===
[04:31:12 +9m 19s | thequantuminsider_2024_04_12_the_quantum_insider_announce_a_strategic_partnership_with_qu_dd1e759b] Wrote 5_nodes.json (19 actors)
[04:31:12 +9m 19s | thequantuminsider_2024_04_12_the_quantum_insider_announce_a_strategic_partnership_with_qu_dd1e759b] Wrote 5_edges.json (3 interactions)
[04:31:12 +9m 19s | thequantuminsider_2024_04_12_the_quantum_insider_announce_a_strategic_partnership_with_qu_dd1e759b] Actor helix counts: {'Academia': 1, 'Civil Society': 1, 'Government': 2, 'Industry': 2, 'Intermediary': 1, 'Unknown': 12}
[04:31:12 +9m 19s | thequantuminsider_2024_04_12_the_quantum_insider_announce_a_strategic_partnership_with_qu_dd1e759b] Functional-space counts: {'Consensus': 2, 'Public': 1}

[04:31:12 +9m 19s | thequantuminsider_2024_04_12_the_quantum_insider_announce_a_strategic_partnership_with_qu_dd1e759b] === 6 network visualisation ===
[04:31:12 +9m 19s | thequantuminsider_2024_04_12_the_quantum_insider_announce_a_strategic_partnership_with_qu_dd1e759b] Wrote quantum_network.html
[04:31:12 +9m 19s | thequantuminsider_2024_04_12_the_quantum_insider_announce_a_strategic_partnership_with_qu_dd1e759b] Nodes: 19
[04:31:12 +9m 19s | thequantuminsider_2024_04_12_the_quantum_insider_announce_a_strategic_partnership_with_qu_dd1e759b] Edges: 2

[04:31:12 +9m 19s | thequantuminsider_2024_04_12_the_quantum_insider_announce_a_strategic_partnership_with_qu_dd1e759b] Done. Outputs written to: /home/lv/IDP/idpdeeptech/pipeline/news_outputs/thequantuminsider_2024_04_12_the_quantum_insider_announce_a_strategic_partnership_with_qu_dd1e759b
[04:31:12 +9m 19s | thequantuminsider_2024_04_12_the_quantum_insider_announce_a_strategic_partnership_with_qu_dd1e759b] Log: /home/lv/IDP/idpdeeptech/pipeline/news_outputs/thequantuminsider_2024_04_12_the_quantum_insider_announce_a_strategic_partnership_with_qu_dd1e759b/run.log

========================================================================
RUN FINISHED 2026-07-05 04:31:12  (OK)
Started:     2026-07-05 04:22:23
Elapsed:     9m 19s
========================================================================
