
========================================================================
RUN STARTED  2026-07-05 07:02:15
site_pipeline.py https://thequantuminsider.com/2023/10/04/latvia-starts-building-a-national-quantum-communications-infrastructure/
========================================================================

[07:02:15 +0s | thequantuminsider_2023_10_04_latvia_starts_building_a_national_quantum_communications_inf_c77bb5ca] === 0 crawl site ===
[07:02:17 +2s | thequantuminsider_2023_10_04_latvia_starts_building_a_national_quantum_communications_inf_c77bb5ca] [INIT].... → Crawl4AI 0.8.6 
[07:02:19 +4s | thequantuminsider_2023_10_04_latvia_starts_building_a_national_quantum_communications_inf_c77bb5ca] [FETCH]... ↓ https://thequantuminsider.com/2023/10/04/latvia-...-national-quantum-communications-infrastructure/  | ✓ | ⏱: 2.64s 
[07:02:19 +4s | thequantuminsider_2023_10_04_latvia_starts_building_a_national_quantum_communications_inf_c77bb5ca] [SCRAPE].. ◆ https://thequantuminsider.com/2023/10/04/latvia-...-national-quantum-communications-infrastructure/  | ✓ | ⏱: 0.14s 
[07:02:20 +4s | thequantuminsider_2023_10_04_latvia_starts_building_a_national_quantum_communications_inf_c77bb5ca] [COMPLETE] ● https://thequantuminsider.com/2023/10/04/latvia-...-national-quantum-communications-infrastructure/  | ✓ | ⏱: 2.80s 
[07:02:20 +4s | thequantuminsider_2023_10_04_latvia_starts_building_a_national_quantum_communications_inf_c77bb5ca] Saved: crawl_output/8c79e6ef73_thequantuminsider.com_2023_10_04_latvia-starts-building-a-national-quantum-communications-infrastructure.json

[07:02:20 +5s | thequantuminsider_2023_10_04_latvia_starts_building_a_national_quantum_communications_inf_c77bb5ca] === 1 actor extraction ===
[07:02:20 +5s | thequantuminsider_2023_10_04_latvia_starts_building_a_national_quantum_communications_inf_c77bb5ca] Reading page (1/1): https://thequantuminsider.com/2023/10/04/latvia-starts-building-a-national-quantum-communications-infrastructure
[07:02:20 +5s | thequantuminsider_2023_10_04_latvia_starts_building_a_national_quantum_communications_inf_c77bb5ca] Extracting actors: https://thequantuminsider.com/2023/10/04/latvia-starts-building-a-national-quantum-communications-infrastructure (1/1), chunk 1/39
[07:02:24 +11s | thequantuminsider_2023_10_04_latvia_starts_building_a_national_quantum_communications_inf_c77bb5ca] Extracting actors: https://thequantuminsider.com/2023/10/04/latvia-starts-building-a-national-quantum-communications-infrastructure (1/1), chunk 2/39
[07:02:28 +15s | thequantuminsider_2023_10_04_latvia_starts_building_a_national_quantum_communications_inf_c77bb5ca] Extracting actors: https://thequantuminsider.com/2023/10/04/latvia-starts-building-a-national-quantum-communications-infrastructure (1/1), chunk 3/39
[07:02:32 +19s | thequantuminsider_2023_10_04_latvia_starts_building_a_national_quantum_communications_inf_c77bb5ca] Extracting actors: https://thequantuminsider.com/2023/10/04/latvia-starts-building-a-national-quantum-communications-infrastructure (1/1), chunk 4/39
[07:02:46 +34s | thequantuminsider_2023_10_04_latvia_starts_building_a_national_quantum_communications_inf_c77bb5ca] Extracting actors: https://thequantuminsider.com/2023/10/04/latvia-starts-building-a-national-quantum-communications-infrastructure (1/1), chunk 5/39
[07:02:51 +38s | thequantuminsider_2023_10_04_latvia_starts_building_a_national_quantum_communications_inf_c77bb5ca] Extracting actors: https://thequantuminsider.com/2023/10/04/latvia-starts-building-a-national-quantum-communications-infrastructure (1/1), chunk 6/39
[07:02:56 +45s | thequantuminsider_2023_10_04_latvia_starts_building_a_national_quantum_communications_inf_c77bb5ca] Repaired malformed JSON.
[07:02:56 +45s | thequantuminsider_2023_10_04_latvia_starts_building_a_national_quantum_communications_inf_c77bb5ca] Extracting actors: https://thequantuminsider.com/2023/10/04/latvia-starts-building-a-national-quantum-communications-infrastructure (1/1), chunk 7/39
[07:03:02 +51s | thequantuminsider_2023_10_04_latvia_starts_building_a_national_quantum_communications_inf_c77bb5ca] Extracting actors: https://thequantuminsider.com/2023/10/04/latvia-starts-building-a-national-quantum-communications-infrastructure (1/1), chunk 8/39
[07:03:07 +56s | thequantuminsider_2023_10_04_latvia_starts_building_a_national_quantum_communications_inf_c77bb5ca] Extracting actors: https://thequantuminsider.com/2023/10/04/latvia-starts-building-a-national-quantum-communications-infrastructure (1/1), chunk 9/39
[07:03:14 +1m 3s | thequantuminsider_2023_10_04_latvia_starts_building_a_national_quantum_communications_inf_c77bb5ca] Repaired malformed JSON.
[07:03:14 +1m 3s | thequantuminsider_2023_10_04_latvia_starts_building_a_national_quantum_communications_inf_c77bb5ca] Extracting actors: https://thequantuminsider.com/2023/10/04/latvia-starts-building-a-national-quantum-communications-infrastructure (1/1), chunk 10/39
[07:03:21 +1m 11s | thequantuminsider_2023_10_04_latvia_starts_building_a_national_quantum_communications_inf_c77bb5ca] Extracting actors: https://thequantuminsider.com/2023/10/04/latvia-starts-building-a-national-quantum-communications-infrastructure (1/1), chunk 11/39
[07:03:30 +1m 21s | thequantuminsider_2023_10_04_latvia_starts_building_a_national_quantum_communications_inf_c77bb5ca] Repaired malformed JSON.
[07:03:30 +1m 21s | thequantuminsider_2023_10_04_latvia_starts_building_a_national_quantum_communications_inf_c77bb5ca] Extracting actors: https://thequantuminsider.com/2023/10/04/latvia-starts-building-a-national-quantum-communications-infrastructure (1/1), chunk 12/39
[07:03:37 +1m 29s | thequantuminsider_2023_10_04_latvia_starts_building_a_national_quantum_communications_inf_c77bb5ca] Repaired malformed JSON.
[07:03:37 +1m 29s | thequantuminsider_2023_10_04_latvia_starts_building_a_national_quantum_communications_inf_c77bb5ca] Extracting actors: https://thequantuminsider.com/2023/10/04/latvia-starts-building-a-national-quantum-communications-infrastructure (1/1), chunk 13/39
[07:03:44 +1m 36s | thequantuminsider_2023_10_04_latvia_starts_building_a_national_quantum_communications_inf_c77bb5ca] Repaired malformed JSON.
[07:03:44 +1m 36s | thequantuminsider_2023_10_04_latvia_starts_building_a_national_quantum_communications_inf_c77bb5ca] Extracting actors: https://thequantuminsider.com/2023/10/04/latvia-starts-building-a-national-quantum-communications-infrastructure (1/1), chunk 14/39
[07:03:50 +1m 44s | thequantuminsider_2023_10_04_latvia_starts_building_a_national_quantum_communications_inf_c77bb5ca] Repaired malformed JSON.
[07:03:50 +1m 44s | thequantuminsider_2023_10_04_latvia_starts_building_a_national_quantum_communications_inf_c77bb5ca] Extracting actors: https://thequantuminsider.com/2023/10/04/latvia-starts-building-a-national-quantum-communications-infrastructure (1/1), chunk 15/39
[07:04:17 +2m 10s | thequantuminsider_2023_10_04_latvia_starts_building_a_national_quantum_communications_inf_c77bb5ca] Repaired malformed JSON.
[07:04:17 +2m 10s | thequantuminsider_2023_10_04_latvia_starts_building_a_national_quantum_communications_inf_c77bb5ca] Extracting actors: https://thequantuminsider.com/2023/10/04/latvia-starts-building-a-national-quantum-communications-infrastructure (1/1), chunk 16/39
[07:04:23 +2m 20s | thequantuminsider_2023_10_04_latvia_starts_building_a_national_quantum_communications_inf_c77bb5ca] Repaired malformed JSON.
[07:04:23 +2m 20s | thequantuminsider_2023_10_04_latvia_starts_building_a_national_quantum_communications_inf_c77bb5ca] Extracting actors: https://thequantuminsider.com/2023/10/04/latvia-starts-building-a-national-quantum-communications-infrastructure (1/1), chunk 17/39
[07:04:33 +2m 29s | thequantuminsider_2023_10_04_latvia_starts_building_a_national_quantum_communications_inf_c77bb5ca] Repaired malformed JSON.
[07:04:33 +2m 29s | thequantuminsider_2023_10_04_latvia_starts_building_a_national_quantum_communications_inf_c77bb5ca] Extracting actors: https://thequantuminsider.com/2023/10/04/latvia-starts-building-a-national-quantum-communications-infrastructure (1/1), chunk 18/39
[07:04:40 +2m 36s | thequantuminsider_2023_10_04_latvia_starts_building_a_national_quantum_communications_inf_c77bb5ca] Repaired malformed JSON.
[07:04:40 +2m 36s | thequantuminsider_2023_10_04_latvia_starts_building_a_national_quantum_communications_inf_c77bb5ca] Extracting actors: https://thequantuminsider.com/2023/10/04/latvia-starts-building-a-national-quantum-communications-infrastructure (1/1), chunk 19/39
[07:04:45 +2m 42s | thequantuminsider_2023_10_04_latvia_starts_building_a_national_quantum_communications_inf_c77bb5ca] Repaired malformed JSON.
[07:04:45 +2m 42s | thequantuminsider_2023_10_04_latvia_starts_building_a_national_quantum_communications_inf_c77bb5ca] Extracting actors: https://thequantuminsider.com/2023/10/04/latvia-starts-building-a-national-quantum-communications-infrastructure (1/1), chunk 20/39
[07:04:50 +2m 49s | thequantuminsider_2023_10_04_latvia_starts_building_a_national_quantum_communications_inf_c77bb5ca] Extracting actors: https://thequantuminsider.com/2023/10/04/latvia-starts-building-a-national-quantum-communications-infrastructure (1/1), chunk 21/39
[07:04:55 +2m 53s | thequantuminsider_2023_10_04_latvia_starts_building_a_national_quantum_communications_inf_c77bb5ca] Extracting actors: https://thequantuminsider.com/2023/10/04/latvia-starts-building-a-national-quantum-communications-infrastructure (1/1), chunk 22/39
[07:05:03 +3m 2s | thequantuminsider_2023_10_04_latvia_starts_building_a_national_quantum_communications_inf_c77bb5ca] Repaired malformed JSON.
[07:05:03 +3m 2s | thequantuminsider_2023_10_04_latvia_starts_building_a_national_quantum_communications_inf_c77bb5ca] Extracting actors: https://thequantuminsider.com/2023/10/04/latvia-starts-building-a-national-quantum-communications-infrastructure (1/1), chunk 23/39
[07:05:13 +3m 11s | thequantuminsider_2023_10_04_latvia_starts_building_a_national_quantum_communications_inf_c77bb5ca] Repaired malformed JSON.
[07:05:13 +3m 11s | thequantuminsider_2023_10_04_latvia_starts_building_a_national_quantum_communications_inf_c77bb5ca] Extracting actors: https://thequantuminsider.com/2023/10/04/latvia-starts-building-a-national-quantum-communications-infrastructure (1/1), chunk 24/39
[07:05:38 +3m 39s | thequantuminsider_2023_10_04_latvia_starts_building_a_national_quantum_communications_inf_c77bb5ca] Repaired malformed JSON.
[07:05:38 +3m 39s | thequantuminsider_2023_10_04_latvia_starts_building_a_national_quantum_communications_inf_c77bb5ca] Extracting actors: https://thequantuminsider.com/2023/10/04/latvia-starts-building-a-national-quantum-communications-infrastructure (1/1), chunk 25/39
[07:05:49 +3m 50s | thequantuminsider_2023_10_04_latvia_starts_building_a_national_quantum_communications_inf_c77bb5ca] Repaired malformed JSON.
[07:05:49 +3m 50s | thequantuminsider_2023_10_04_latvia_starts_building_a_national_quantum_communications_inf_c77bb5ca] Extracting actors: https://thequantuminsider.com/2023/10/04/latvia-starts-building-a-national-quantum-communications-infrastructure (1/1), chunk 26/39
[07:05:57 +4m 0s | thequantuminsider_2023_10_04_latvia_starts_building_a_national_quantum_communications_inf_c77bb5ca] Repaired malformed JSON.
[07:05:57 +4m 0s | thequantuminsider_2023_10_04_latvia_starts_building_a_national_quantum_communications_inf_c77bb5ca] Extracting actors: https://thequantuminsider.com/2023/10/04/latvia-starts-building-a-national-quantum-communications-infrastructure (1/1), chunk 27/39
[07:06:05 +4m 8s | thequantuminsider_2023_10_04_latvia_starts_building_a_national_quantum_communications_inf_c77bb5ca] Repaired malformed JSON.
[07:06:05 +4m 8s | thequantuminsider_2023_10_04_latvia_starts_building_a_national_quantum_communications_inf_c77bb5ca] Extracting actors: https://thequantuminsider.com/2023/10/04/latvia-starts-building-a-national-quantum-communications-infrastructure (1/1), chunk 28/39
[07:06:13 +4m 16s | thequantuminsider_2023_10_04_latvia_starts_building_a_national_quantum_communications_inf_c77bb5ca] Repaired malformed JSON.
[07:06:13 +4m 16s | thequantuminsider_2023_10_04_latvia_starts_building_a_national_quantum_communications_inf_c77bb5ca] Extracting actors: https://thequantuminsider.com/2023/10/04/latvia-starts-building-a-national-quantum-communications-infrastructure (1/1), chunk 29/39
[07:06:15 +4m 18s | thequantuminsider_2023_10_04_latvia_starts_building_a_national_quantum_communications_inf_c77bb5ca] Extracting actors: https://thequantuminsider.com/2023/10/04/latvia-starts-building-a-national-quantum-communications-infrastructure (1/1), chunk 30/39
[07:06:21 +4m 26s | thequantuminsider_2023_10_04_latvia_starts_building_a_national_quantum_communications_inf_c77bb5ca] Extracting actors: https://thequantuminsider.com/2023/10/04/latvia-starts-building-a-national-quantum-communications-infrastructure (1/1), chunk 31/39
[07:06:26 +4m 31s | thequantuminsider_2023_10_04_latvia_starts_building_a_national_quantum_communications_inf_c77bb5ca] Extracting actors: https://thequantuminsider.com/2023/10/04/latvia-starts-building-a-national-quantum-communications-infrastructure (1/1), chunk 32/39
[07:06:34 +4m 39s | thequantuminsider_2023_10_04_latvia_starts_building_a_national_quantum_communications_inf_c77bb5ca] Repaired malformed JSON.
[07:06:34 +4m 39s | thequantuminsider_2023_10_04_latvia_starts_building_a_national_quantum_communications_inf_c77bb5ca] Extracting actors: https://thequantuminsider.com/2023/10/04/latvia-starts-building-a-national-quantum-communications-infrastructure (1/1), chunk 33/39
[07:06:42 +4m 47s | thequantuminsider_2023_10_04_latvia_starts_building_a_national_quantum_communications_inf_c77bb5ca] Repaired malformed JSON.
[07:06:42 +4m 47s | thequantuminsider_2023_10_04_latvia_starts_building_a_national_quantum_communications_inf_c77bb5ca] Extracting actors: https://thequantuminsider.com/2023/10/04/latvia-starts-building-a-national-quantum-communications-infrastructure (1/1), chunk 34/39
[07:06:48 +4m 54s | thequantuminsider_2023_10_04_latvia_starts_building_a_national_quantum_communications_inf_c77bb5ca] Extracting actors: https://thequantuminsider.com/2023/10/04/latvia-starts-building-a-national-quantum-communications-infrastructure (1/1), chunk 35/39
[07:06:51 +4m 59s | thequantuminsider_2023_10_04_latvia_starts_building_a_national_quantum_communications_inf_c77bb5ca] Extracting actors: https://thequantuminsider.com/2023/10/04/latvia-starts-building-a-national-quantum-communications-infrastructure (1/1), chunk 36/39
[07:06:56 +5m 4s | thequantuminsider_2023_10_04_latvia_starts_building_a_national_quantum_communications_inf_c77bb5ca] Extracting actors: https://thequantuminsider.com/2023/10/04/latvia-starts-building-a-national-quantum-communications-infrastructure (1/1), chunk 37/39
[07:07:04 +5m 12s | thequantuminsider_2023_10_04_latvia_starts_building_a_national_quantum_communications_inf_c77bb5ca] Repaired malformed JSON.
[07:07:04 +5m 12s | thequantuminsider_2023_10_04_latvia_starts_building_a_national_quantum_communications_inf_c77bb5ca] Extracting actors: https://thequantuminsider.com/2023/10/04/latvia-starts-building-a-national-quantum-communications-infrastructure (1/1), chunk 38/39
[07:07:13 +5m 21s | thequantuminsider_2023_10_04_latvia_starts_building_a_national_quantum_communications_inf_c77bb5ca] Repaired malformed JSON.
[07:07:13 +5m 21s | thequantuminsider_2023_10_04_latvia_starts_building_a_national_quantum_communications_inf_c77bb5ca] Extracting actors: https://thequantuminsider.com/2023/10/04/latvia-starts-building-a-national-quantum-communications-infrastructure (1/1), chunk 39/39
[07:07:18 +5m 26s | thequantuminsider_2023_10_04_latvia_starts_building_a_national_quantum_communications_inf_c77bb5ca] Saved 1_actor_results.json with 61 extracted records

[07:07:18 +5m 26s | thequantuminsider_2023_10_04_latvia_starts_building_a_national_quantum_communications_inf_c77bb5ca] === 2 clean actors ===
[07:07:19 +5m 26s | thequantuminsider_2023_10_04_latvia_starts_building_a_national_quantum_communications_inf_c77bb5ca] Loaded 61 extracted records
[07:07:19 +5m 26s | thequantuminsider_2023_10_04_latvia_starts_building_a_national_quantum_communications_inf_c77bb5ca] Saved 2_actor_nodes.json with 16 canonical actor nodes

[07:07:19 +5m 26s | thequantuminsider_2023_10_04_latvia_starts_building_a_national_quantum_communications_inf_c77bb5ca] === 3 interaction extraction ===
[07:07:19 +5m 26s | thequantuminsider_2023_10_04_latvia_starts_building_a_national_quantum_communications_inf_c77bb5ca] Extracting interactions: https://thequantuminsider.com/2023/10/04/latvia-starts-building-a-national-quantum-communications-infrastructure (1/1), chunk 11/39
[07:07:28 +5m 38s | thequantuminsider_2023_10_04_latvia_starts_building_a_national_quantum_communications_inf_c77bb5ca] Extracting interactions: https://thequantuminsider.com/2023/10/04/latvia-starts-building-a-national-quantum-communications-infrastructure (1/1), chunk 12/39
[07:07:34 +5m 43s | thequantuminsider_2023_10_04_latvia_starts_building_a_national_quantum_communications_inf_c77bb5ca] Extracting interactions: https://thequantuminsider.com/2023/10/04/latvia-starts-building-a-national-quantum-communications-infrastructure (1/1), chunk 13/39
[07:08:07 +6m 19s | thequantuminsider_2023_10_04_latvia_starts_building_a_national_quantum_communications_inf_c77bb5ca] Extracting interactions: https://thequantuminsider.com/2023/10/04/latvia-starts-building-a-national-quantum-communications-infrastructure (1/1), chunk 14/39
[07:08:18 +6m 30s | thequantuminsider_2023_10_04_latvia_starts_building_a_national_quantum_communications_inf_c77bb5ca] Extracting interactions: https://thequantuminsider.com/2023/10/04/latvia-starts-building-a-national-quantum-communications-infrastructure (1/1), chunk 15/39
[07:08:35 +6m 49s | thequantuminsider_2023_10_04_latvia_starts_building_a_national_quantum_communications_inf_c77bb5ca] Extracting interactions: https://thequantuminsider.com/2023/10/04/latvia-starts-building-a-national-quantum-communications-infrastructure (1/1), chunk 16/39
[07:08:49 +7m 4s | thequantuminsider_2023_10_04_latvia_starts_building_a_national_quantum_communications_inf_c77bb5ca] Extracting interactions: https://thequantuminsider.com/2023/10/04/latvia-starts-building-a-national-quantum-communications-infrastructure (1/1), chunk 17/39
[07:08:55 +7m 12s | thequantuminsider_2023_10_04_latvia_starts_building_a_national_quantum_communications_inf_c77bb5ca] Extracting interactions: https://thequantuminsider.com/2023/10/04/latvia-starts-building-a-national-quantum-communications-infrastructure (1/1), chunk 18/39
[07:09:15 +7m 31s | thequantuminsider_2023_10_04_latvia_starts_building_a_national_quantum_communications_inf_c77bb5ca] Extracting interactions: https://thequantuminsider.com/2023/10/04/latvia-starts-building-a-national-quantum-communications-infrastructure (1/1), chunk 19/39
[07:09:22 +7m 41s | thequantuminsider_2023_10_04_latvia_starts_building_a_national_quantum_communications_inf_c77bb5ca] Extracting interactions: https://thequantuminsider.com/2023/10/04/latvia-starts-building-a-national-quantum-communications-infrastructure (1/1), chunk 21/39
[07:09:26 +7m 45s | thequantuminsider_2023_10_04_latvia_starts_building_a_national_quantum_communications_inf_c77bb5ca] Extracting interactions: https://thequantuminsider.com/2023/10/04/latvia-starts-building-a-national-quantum-communications-infrastructure (1/1), chunk 22/39
[07:09:28 +7m 47s | thequantuminsider_2023_10_04_latvia_starts_building_a_national_quantum_communications_inf_c77bb5ca] Extracting interactions: https://thequantuminsider.com/2023/10/04/latvia-starts-building-a-national-quantum-communications-infrastructure (1/1), chunk 23/39
[07:09:36 +7m 55s | thequantuminsider_2023_10_04_latvia_starts_building_a_national_quantum_communications_inf_c77bb5ca] Extracting interactions: https://thequantuminsider.com/2023/10/04/latvia-starts-building-a-national-quantum-communications-infrastructure (1/1), chunk 24/39
[07:09:43 +8m 2s | thequantuminsider_2023_10_04_latvia_starts_building_a_national_quantum_communications_inf_c77bb5ca] Extracting interactions: https://thequantuminsider.com/2023/10/04/latvia-starts-building-a-national-quantum-communications-infrastructure (1/1), chunk 28/39
[07:09:50 +8m 9s | thequantuminsider_2023_10_04_latvia_starts_building_a_national_quantum_communications_inf_c77bb5ca] Extracting interactions: https://thequantuminsider.com/2023/10/04/latvia-starts-building-a-national-quantum-communications-infrastructure (1/1), chunk 32/39
[07:09:51 +8m 10s | thequantuminsider_2023_10_04_latvia_starts_building_a_national_quantum_communications_inf_c77bb5ca] Extracting interactions: https://thequantuminsider.com/2023/10/04/latvia-starts-building-a-national-quantum-communications-infrastructure (1/1), chunk 33/39
[07:09:50 +8m 12s | thequantuminsider_2023_10_04_latvia_starts_building_a_national_quantum_communications_inf_c77bb5ca] Extracting interactions: https://thequantuminsider.com/2023/10/04/latvia-starts-building-a-national-quantum-communications-infrastructure (1/1), chunk 34/39
[07:09:53 +8m 14s | thequantuminsider_2023_10_04_latvia_starts_building_a_national_quantum_communications_inf_c77bb5ca] Extracting interactions: https://thequantuminsider.com/2023/10/04/latvia-starts-building-a-national-quantum-communications-infrastructure (1/1), chunk 35/39
[07:09:54 +8m 15s | thequantuminsider_2023_10_04_latvia_starts_building_a_national_quantum_communications_inf_c77bb5ca] Extracting interactions: https://thequantuminsider.com/2023/10/04/latvia-starts-building-a-national-quantum-communications-infrastructure (1/1), chunk 37/39
[07:09:56 +8m 17s | thequantuminsider_2023_10_04_latvia_starts_building_a_national_quantum_communications_inf_c77bb5ca] Extracting interactions: https://thequantuminsider.com/2023/10/04/latvia-starts-building-a-national-quantum-communications-infrastructure (1/1), chunk 38/39
[07:09:57 +8m 18s | thequantuminsider_2023_10_04_latvia_starts_building_a_national_quantum_communications_inf_c77bb5ca] Extracting interactions: https://thequantuminsider.com/2023/10/04/latvia-starts-building-a-national-quantum-communications-infrastructure (1/1), chunk 39/39
[07:09:59 +8m 20s | thequantuminsider_2023_10_04_latvia_starts_building_a_national_quantum_communications_inf_c77bb5ca] Saved 3_interaction_results.json with 32 extracted interactions.

[07:09:59 +8m 20s | thequantuminsider_2023_10_04_latvia_starts_building_a_national_quantum_communications_inf_c77bb5ca] === 4 clean interactions ===
[07:09:59 +8m 20s | thequantuminsider_2023_10_04_latvia_starts_building_a_national_quantum_communications_inf_c77bb5ca] Saved 4_edges.json with 14 cleaned interactions.

[07:09:59 +8m 20s | thequantuminsider_2023_10_04_latvia_starts_building_a_national_quantum_communications_inf_c77bb5ca] === 5 helix enrichment ===
[07:09:59 +8m 20s | thequantuminsider_2023_10_04_latvia_starts_building_a_national_quantum_communications_inf_c77bb5ca] Wrote 5_nodes.json (16 actors)
[07:09:59 +8m 20s | thequantuminsider_2023_10_04_latvia_starts_building_a_national_quantum_communications_inf_c77bb5ca] Wrote 5_edges.json (14 interactions)
[07:09:59 +8m 20s | thequantuminsider_2023_10_04_latvia_starts_building_a_national_quantum_communications_inf_c77bb5ca] Actor helix counts: {'Academia': 3, 'Civil Society': 3, 'Government': 2, 'Industry': 2, 'Intermediary': 1, 'Unknown': 5}
[07:09:59 +8m 20s | thequantuminsider_2023_10_04_latvia_starts_building_a_national_quantum_communications_inf_c77bb5ca] Functional-space counts: {'Knowledge': 2, 'Unknown': 12}

[07:09:59 +8m 20s | thequantuminsider_2023_10_04_latvia_starts_building_a_national_quantum_communications_inf_c77bb5ca] === 6 network visualisation ===
[07:09:59 +8m 21s | thequantuminsider_2023_10_04_latvia_starts_building_a_national_quantum_communications_inf_c77bb5ca] Wrote quantum_network.html
[07:09:59 +8m 21s | thequantuminsider_2023_10_04_latvia_starts_building_a_national_quantum_communications_inf_c77bb5ca] Nodes: 16
[07:09:59 +8m 21s | thequantuminsider_2023_10_04_latvia_starts_building_a_national_quantum_communications_inf_c77bb5ca] Edges: 7

[07:10:00 +8m 21s | thequantuminsider_2023_10_04_latvia_starts_building_a_national_quantum_communications_inf_c77bb5ca] Done. Outputs written to: /home/lv/IDP/idpdeeptech/pipeline/news_outputs/thequantuminsider_2023_10_04_latvia_starts_building_a_national_quantum_communications_inf_c77bb5ca
[07:10:00 +8m 21s | thequantuminsider_2023_10_04_latvia_starts_building_a_national_quantum_communications_inf_c77bb5ca] Log: /home/lv/IDP/idpdeeptech/pipeline/news_outputs/thequantuminsider_2023_10_04_latvia_starts_building_a_national_quantum_communications_inf_c77bb5ca/run.log

========================================================================
RUN FINISHED 2026-07-05 07:10:00  (OK)
Started:     2026-07-05 07:02:15
Elapsed:     8m 21s
========================================================================
