
========================================================================
RUN STARTED  2026-07-04 22:54:06
site_pipeline.py https://thequantuminsider.com/2024/01/02/south-dakota-proposes-center-for-quantum-information-science-technology/
========================================================================

[22:54:06 +0s | thequantuminsider_2024_01_02_south_dakota_proposes_center_for_quantum_information_science_a1d620de] === 0 crawl site ===
[22:54:07 +2s | thequantuminsider_2024_01_02_south_dakota_proposes_center_for_quantum_information_science_a1d620de] [INIT].... → Crawl4AI 0.8.6 
[22:54:12 +6s | thequantuminsider_2024_01_02_south_dakota_proposes_center_for_quantum_information_science_a1d620de] [FETCH]... ↓ https://thequantuminsider.com/2024/01/02/south-d...nter-for-quantum-information-science-technology/  | ✓ | ⏱: 4.30s 
[22:54:12 +6s | thequantuminsider_2024_01_02_south_dakota_proposes_center_for_quantum_information_science_a1d620de] [SCRAPE].. ◆ https://thequantuminsider.com/2024/01/02/south-d...nter-for-quantum-information-science-technology/  | ✓ | ⏱: 0.13s 
[22:54:12 +6s | thequantuminsider_2024_01_02_south_dakota_proposes_center_for_quantum_information_science_a1d620de] [COMPLETE] ● https://thequantuminsider.com/2024/01/02/south-d...nter-for-quantum-information-science-technology/  | ✓ | ⏱: 4.45s 
[22:54:12 +6s | thequantuminsider_2024_01_02_south_dakota_proposes_center_for_quantum_information_science_a1d620de] Saved: crawl_output/c721fc700c_thequantuminsider.com_2024_01_02_south-dakota-proposes-center-for-quantum-information-science-technology.json

[22:54:12 +6s | thequantuminsider_2024_01_02_south_dakota_proposes_center_for_quantum_information_science_a1d620de] === 1 actor extraction ===
[22:54:12 +7s | thequantuminsider_2024_01_02_south_dakota_proposes_center_for_quantum_information_science_a1d620de] Reading page (1/1): https://thequantuminsider.com/2024/01/02/south-dakota-proposes-center-for-quantum-information-science-technology
[22:54:12 +7s | thequantuminsider_2024_01_02_south_dakota_proposes_center_for_quantum_information_science_a1d620de] Extracting actors: https://thequantuminsider.com/2024/01/02/south-dakota-proposes-center-for-quantum-information-science-technology (1/1), chunk 1/40
[22:54:18 +12s | thequantuminsider_2024_01_02_south_dakota_proposes_center_for_quantum_information_science_a1d620de] Extracting actors: https://thequantuminsider.com/2024/01/02/south-dakota-proposes-center-for-quantum-information-science-technology (1/1), chunk 2/40
[22:54:26 +20s | thequantuminsider_2024_01_02_south_dakota_proposes_center_for_quantum_information_science_a1d620de] Extracting actors: https://thequantuminsider.com/2024/01/02/south-dakota-proposes-center-for-quantum-information-science-technology (1/1), chunk 3/40
[22:54:35 +29s | thequantuminsider_2024_01_02_south_dakota_proposes_center_for_quantum_information_science_a1d620de] Repaired malformed JSON.
[22:54:35 +29s | thequantuminsider_2024_01_02_south_dakota_proposes_center_for_quantum_information_science_a1d620de] Extracting actors: https://thequantuminsider.com/2024/01/02/south-dakota-proposes-center-for-quantum-information-science-technology (1/1), chunk 4/40
[22:54:43 +37s | thequantuminsider_2024_01_02_south_dakota_proposes_center_for_quantum_information_science_a1d620de] Extracting actors: https://thequantuminsider.com/2024/01/02/south-dakota-proposes-center-for-quantum-information-science-technology (1/1), chunk 5/40
[22:54:48 +43s | thequantuminsider_2024_01_02_south_dakota_proposes_center_for_quantum_information_science_a1d620de] Extracting actors: https://thequantuminsider.com/2024/01/02/south-dakota-proposes-center-for-quantum-information-science-technology (1/1), chunk 6/40
[22:54:58 +52s | thequantuminsider_2024_01_02_south_dakota_proposes_center_for_quantum_information_science_a1d620de] Repaired malformed JSON.
[22:54:58 +52s | thequantuminsider_2024_01_02_south_dakota_proposes_center_for_quantum_information_science_a1d620de] Extracting actors: https://thequantuminsider.com/2024/01/02/south-dakota-proposes-center-for-quantum-information-science-technology (1/1), chunk 7/40
[22:55:06 +1m 1s | thequantuminsider_2024_01_02_south_dakota_proposes_center_for_quantum_information_science_a1d620de] Extracting actors: https://thequantuminsider.com/2024/01/02/south-dakota-proposes-center-for-quantum-information-science-technology (1/1), chunk 8/40
[22:55:12 +1m 7s | thequantuminsider_2024_01_02_south_dakota_proposes_center_for_quantum_information_science_a1d620de] Extracting actors: https://thequantuminsider.com/2024/01/02/south-dakota-proposes-center-for-quantum-information-science-technology (1/1), chunk 9/40
[22:55:19 +1m 14s | thequantuminsider_2024_01_02_south_dakota_proposes_center_for_quantum_information_science_a1d620de] Extracting actors: https://thequantuminsider.com/2024/01/02/south-dakota-proposes-center-for-quantum-information-science-technology (1/1), chunk 10/40
[22:55:26 +1m 20s | thequantuminsider_2024_01_02_south_dakota_proposes_center_for_quantum_information_science_a1d620de] Extracting actors: https://thequantuminsider.com/2024/01/02/south-dakota-proposes-center-for-quantum-information-science-technology (1/1), chunk 11/40
[22:55:35 +1m 29s | thequantuminsider_2024_01_02_south_dakota_proposes_center_for_quantum_information_science_a1d620de] Repaired malformed JSON.
[22:55:35 +1m 29s | thequantuminsider_2024_01_02_south_dakota_proposes_center_for_quantum_information_science_a1d620de] Extracting actors: https://thequantuminsider.com/2024/01/02/south-dakota-proposes-center-for-quantum-information-science-technology (1/1), chunk 12/40
[22:55:46 +1m 41s | thequantuminsider_2024_01_02_south_dakota_proposes_center_for_quantum_information_science_a1d620de] Repaired malformed JSON.
[22:55:46 +1m 41s | thequantuminsider_2024_01_02_south_dakota_proposes_center_for_quantum_information_science_a1d620de] Extracting actors: https://thequantuminsider.com/2024/01/02/south-dakota-proposes-center-for-quantum-information-science-technology (1/1), chunk 13/40
[22:55:54 +1m 49s | thequantuminsider_2024_01_02_south_dakota_proposes_center_for_quantum_information_science_a1d620de] Repaired malformed JSON.
[22:55:54 +1m 49s | thequantuminsider_2024_01_02_south_dakota_proposes_center_for_quantum_information_science_a1d620de] Extracting actors: https://thequantuminsider.com/2024/01/02/south-dakota-proposes-center-for-quantum-information-science-technology (1/1), chunk 14/40
[22:56:03 +1m 58s | thequantuminsider_2024_01_02_south_dakota_proposes_center_for_quantum_information_science_a1d620de] Repaired malformed JSON.
[22:56:03 +1m 58s | thequantuminsider_2024_01_02_south_dakota_proposes_center_for_quantum_information_science_a1d620de] Extracting actors: https://thequantuminsider.com/2024/01/02/south-dakota-proposes-center-for-quantum-information-science-technology (1/1), chunk 15/40
[22:56:13 +2m 8s | thequantuminsider_2024_01_02_south_dakota_proposes_center_for_quantum_information_science_a1d620de] Repaired malformed JSON.
[22:56:13 +2m 8s | thequantuminsider_2024_01_02_south_dakota_proposes_center_for_quantum_information_science_a1d620de] Extracting actors: https://thequantuminsider.com/2024/01/02/south-dakota-proposes-center-for-quantum-information-science-technology (1/1), chunk 16/40
[22:56:21 +2m 15s | thequantuminsider_2024_01_02_south_dakota_proposes_center_for_quantum_information_science_a1d620de] Repaired malformed JSON.
[22:56:21 +2m 15s | thequantuminsider_2024_01_02_south_dakota_proposes_center_for_quantum_information_science_a1d620de] Extracting actors: https://thequantuminsider.com/2024/01/02/south-dakota-proposes-center-for-quantum-information-science-technology (1/1), chunk 17/40
[22:56:31 +2m 26s | thequantuminsider_2024_01_02_south_dakota_proposes_center_for_quantum_information_science_a1d620de] Repaired malformed JSON.
[22:56:31 +2m 26s | thequantuminsider_2024_01_02_south_dakota_proposes_center_for_quantum_information_science_a1d620de] Extracting actors: https://thequantuminsider.com/2024/01/02/south-dakota-proposes-center-for-quantum-information-science-technology (1/1), chunk 18/40
[22:56:41 +2m 35s | thequantuminsider_2024_01_02_south_dakota_proposes_center_for_quantum_information_science_a1d620de] Repaired malformed JSON.
[22:56:41 +2m 35s | thequantuminsider_2024_01_02_south_dakota_proposes_center_for_quantum_information_science_a1d620de] Extracting actors: https://thequantuminsider.com/2024/01/02/south-dakota-proposes-center-for-quantum-information-science-technology (1/1), chunk 19/40
[22:56:45 +2m 40s | thequantuminsider_2024_01_02_south_dakota_proposes_center_for_quantum_information_science_a1d620de] Extracting actors: https://thequantuminsider.com/2024/01/02/south-dakota-proposes-center-for-quantum-information-science-technology (1/1), chunk 20/40
[22:56:52 +2m 47s | thequantuminsider_2024_01_02_south_dakota_proposes_center_for_quantum_information_science_a1d620de] Repaired malformed JSON.
[22:56:52 +2m 47s | thequantuminsider_2024_01_02_south_dakota_proposes_center_for_quantum_information_science_a1d620de] Extracting actors: https://thequantuminsider.com/2024/01/02/south-dakota-proposes-center-for-quantum-information-science-technology (1/1), chunk 21/40
[22:57:00 +2m 54s | thequantuminsider_2024_01_02_south_dakota_proposes_center_for_quantum_information_science_a1d620de] Repaired malformed JSON.
[22:57:00 +2m 54s | thequantuminsider_2024_01_02_south_dakota_proposes_center_for_quantum_information_science_a1d620de] Extracting actors: https://thequantuminsider.com/2024/01/02/south-dakota-proposes-center-for-quantum-information-science-technology (1/1), chunk 22/40
[22:57:08 +3m 3s | thequantuminsider_2024_01_02_south_dakota_proposes_center_for_quantum_information_science_a1d620de] Repaired malformed JSON.
[22:57:08 +3m 3s | thequantuminsider_2024_01_02_south_dakota_proposes_center_for_quantum_information_science_a1d620de] Extracting actors: https://thequantuminsider.com/2024/01/02/south-dakota-proposes-center-for-quantum-information-science-technology (1/1), chunk 23/40
[22:57:14 +3m 8s | thequantuminsider_2024_01_02_south_dakota_proposes_center_for_quantum_information_science_a1d620de] Extracting actors: https://thequantuminsider.com/2024/01/02/south-dakota-proposes-center-for-quantum-information-science-technology (1/1), chunk 24/40
[22:57:21 +3m 16s | thequantuminsider_2024_01_02_south_dakota_proposes_center_for_quantum_information_science_a1d620de] Repaired malformed JSON.
[22:57:21 +3m 16s | thequantuminsider_2024_01_02_south_dakota_proposes_center_for_quantum_information_science_a1d620de] Extracting actors: https://thequantuminsider.com/2024/01/02/south-dakota-proposes-center-for-quantum-information-science-technology (1/1), chunk 25/40
[22:57:28 +3m 22s | thequantuminsider_2024_01_02_south_dakota_proposes_center_for_quantum_information_science_a1d620de] Repaired malformed JSON.
[22:57:28 +3m 22s | thequantuminsider_2024_01_02_south_dakota_proposes_center_for_quantum_information_science_a1d620de] Extracting actors: https://thequantuminsider.com/2024/01/02/south-dakota-proposes-center-for-quantum-information-science-technology (1/1), chunk 26/40
[22:57:34 +3m 29s | thequantuminsider_2024_01_02_south_dakota_proposes_center_for_quantum_information_science_a1d620de] Extracting actors: https://thequantuminsider.com/2024/01/02/south-dakota-proposes-center-for-quantum-information-science-technology (1/1), chunk 27/40
[22:57:45 +3m 39s | thequantuminsider_2024_01_02_south_dakota_proposes_center_for_quantum_information_science_a1d620de] Repaired malformed JSON.
[22:57:45 +3m 39s | thequantuminsider_2024_01_02_south_dakota_proposes_center_for_quantum_information_science_a1d620de] Extracting actors: https://thequantuminsider.com/2024/01/02/south-dakota-proposes-center-for-quantum-information-science-technology (1/1), chunk 28/40
[22:58:07 +4m 1s | thequantuminsider_2024_01_02_south_dakota_proposes_center_for_quantum_information_science_a1d620de] Extracting actors: https://thequantuminsider.com/2024/01/02/south-dakota-proposes-center-for-quantum-information-science-technology (1/1), chunk 29/40
[22:58:08 +4m 3s | thequantuminsider_2024_01_02_south_dakota_proposes_center_for_quantum_information_science_a1d620de] Extracting actors: https://thequantuminsider.com/2024/01/02/south-dakota-proposes-center-for-quantum-information-science-technology (1/1), chunk 30/40
[22:58:19 +4m 13s | thequantuminsider_2024_01_02_south_dakota_proposes_center_for_quantum_information_science_a1d620de] Repaired malformed JSON.
[22:58:19 +4m 13s | thequantuminsider_2024_01_02_south_dakota_proposes_center_for_quantum_information_science_a1d620de] Extracting actors: https://thequantuminsider.com/2024/01/02/south-dakota-proposes-center-for-quantum-information-science-technology (1/1), chunk 31/40
[22:58:25 +4m 19s | thequantuminsider_2024_01_02_south_dakota_proposes_center_for_quantum_information_science_a1d620de] Extracting actors: https://thequantuminsider.com/2024/01/02/south-dakota-proposes-center-for-quantum-information-science-technology (1/1), chunk 32/40
[22:58:34 +4m 28s | thequantuminsider_2024_01_02_south_dakota_proposes_center_for_quantum_information_science_a1d620de] Repaired malformed JSON.
[22:58:34 +4m 28s | thequantuminsider_2024_01_02_south_dakota_proposes_center_for_quantum_information_science_a1d620de] Extracting actors: https://thequantuminsider.com/2024/01/02/south-dakota-proposes-center-for-quantum-information-science-technology (1/1), chunk 33/40
[22:58:40 +4m 34s | thequantuminsider_2024_01_02_south_dakota_proposes_center_for_quantum_information_science_a1d620de] Extracting actors: https://thequantuminsider.com/2024/01/02/south-dakota-proposes-center-for-quantum-information-science-technology (1/1), chunk 34/40
[22:58:49 +4m 43s | thequantuminsider_2024_01_02_south_dakota_proposes_center_for_quantum_information_science_a1d620de] Repaired malformed JSON.
[22:58:49 +4m 43s | thequantuminsider_2024_01_02_south_dakota_proposes_center_for_quantum_information_science_a1d620de] Extracting actors: https://thequantuminsider.com/2024/01/02/south-dakota-proposes-center-for-quantum-information-science-technology (1/1), chunk 35/40
[22:59:00 +4m 55s | thequantuminsider_2024_01_02_south_dakota_proposes_center_for_quantum_information_science_a1d620de] Extracting actors: https://thequantuminsider.com/2024/01/02/south-dakota-proposes-center-for-quantum-information-science-technology (1/1), chunk 36/40
[22:59:11 +5m 6s | thequantuminsider_2024_01_02_south_dakota_proposes_center_for_quantum_information_science_a1d620de] Repaired malformed JSON.
[22:59:11 +5m 6s | thequantuminsider_2024_01_02_south_dakota_proposes_center_for_quantum_information_science_a1d620de] Extracting actors: https://thequantuminsider.com/2024/01/02/south-dakota-proposes-center-for-quantum-information-science-technology (1/1), chunk 37/40
[22:59:21 +5m 15s | thequantuminsider_2024_01_02_south_dakota_proposes_center_for_quantum_information_science_a1d620de] Repaired malformed JSON.
[22:59:21 +5m 15s | thequantuminsider_2024_01_02_south_dakota_proposes_center_for_quantum_information_science_a1d620de] Extracting actors: https://thequantuminsider.com/2024/01/02/south-dakota-proposes-center-for-quantum-information-science-technology (1/1), chunk 38/40
[22:59:26 +5m 21s | thequantuminsider_2024_01_02_south_dakota_proposes_center_for_quantum_information_science_a1d620de] Extracting actors: https://thequantuminsider.com/2024/01/02/south-dakota-proposes-center-for-quantum-information-science-technology (1/1), chunk 39/40
[22:59:36 +5m 31s | thequantuminsider_2024_01_02_south_dakota_proposes_center_for_quantum_information_science_a1d620de] Repaired malformed JSON.
[22:59:36 +5m 31s | thequantuminsider_2024_01_02_south_dakota_proposes_center_for_quantum_information_science_a1d620de] Extracting actors: https://thequantuminsider.com/2024/01/02/south-dakota-proposes-center-for-quantum-information-science-technology (1/1), chunk 40/40
[22:59:41 +5m 36s | thequantuminsider_2024_01_02_south_dakota_proposes_center_for_quantum_information_science_a1d620de] Saved 1_actor_results.json with 58 extracted records

[22:59:41 +5m 36s | thequantuminsider_2024_01_02_south_dakota_proposes_center_for_quantum_information_science_a1d620de] === 2 clean actors ===
[22:59:41 +5m 36s | thequantuminsider_2024_01_02_south_dakota_proposes_center_for_quantum_information_science_a1d620de] Traceback (most recent call last):
[22:59:41 +5m 36s | thequantuminsider_2024_01_02_south_dakota_proposes_center_for_quantum_information_science_a1d620de]   File "/home/lv/IDP/idpdeeptech/pipeline/clean_actors.py", line 429, in <module>
[22:59:41 +5m 36s | thequantuminsider_2024_01_02_south_dakota_proposes_center_for_quantum_information_science_a1d620de]     main()
[22:59:41 +5m 36s | thequantuminsider_2024_01_02_south_dakota_proposes_center_for_quantum_information_science_a1d620de]   File "/home/lv/IDP/idpdeeptech/pipeline/clean_actors.py", line 416, in main
[22:59:41 +5m 36s | thequantuminsider_2024_01_02_south_dakota_proposes_center_for_quantum_information_science_a1d620de]     records = json.loads(INPUT_JSON.read_text(encoding="utf-8"))
[22:59:41 +5m 36s | thequantuminsider_2024_01_02_south_dakota_proposes_center_for_quantum_information_science_a1d620de]   File "/usr/lib/python3.10/pathlib.py", line 1134, in read_text
[22:59:41 +5m 36s | thequantuminsider_2024_01_02_south_dakota_proposes_center_for_quantum_information_science_a1d620de]     with self.open(mode='r', encoding=encoding, errors=errors) as f:
[22:59:41 +5m 36s | thequantuminsider_2024_01_02_south_dakota_proposes_center_for_quantum_information_science_a1d620de]   File "/usr/lib/python3.10/pathlib.py", line 1119, in open
[22:59:41 +5m 36s | thequantuminsider_2024_01_02_south_dakota_proposes_center_for_quantum_information_science_a1d620de]     return self._accessor.open(self, mode, buffering, encoding, errors,
[22:59:41 +5m 36s | thequantuminsider_2024_01_02_south_dakota_proposes_center_for_quantum_information_science_a1d620de] FileNotFoundError: [Errno 2] No such file or directory: 'site_outputs/psiquantum_com/1_actor_results_pdf.json'

========================================================================
RUN FINISHED 2026-07-04 22:59:41  (FAILED)
Started:     2026-07-04 22:54:06
Elapsed:     5m 36s
========================================================================

========================================================================
RUN STARTED  2026-07-04 23:57:57
site_pipeline.py https://thequantuminsider.com/2024/01/02/south-dakota-proposes-center-for-quantum-information-science-technology/
========================================================================

[23:57:57 +0s | thequantuminsider_2024_01_02_south_dakota_proposes_center_for_quantum_information_science_a1d620de] === 0 crawl site (skipped via auto (actor data already exists; pass --force to re-crawl), reusing /home/lv/IDP/idpdeeptech/pipeline/news_outputs/thequantuminsider_2024_01_02_south_dakota_proposes_center_for_quantum_information_science_a1d620de/crawl_output) ===

[23:57:57 +0s | thequantuminsider_2024_01_02_south_dakota_proposes_center_for_quantum_information_science_a1d620de] === 1 actor extraction ===
[23:57:57 +0s | thequantuminsider_2024_01_02_south_dakota_proposes_center_for_quantum_information_science_a1d620de] Auto-resume: 1 (url, ordinal) pairs already done, skipping them.
[23:57:57 +0s | thequantuminsider_2024_01_02_south_dakota_proposes_center_for_quantum_information_science_a1d620de] All 1 pages/URLs already processed (per 1_actor_results.progress.json). Nothing to do.
[23:57:57 +0s | thequantuminsider_2024_01_02_south_dakota_proposes_center_for_quantum_information_science_a1d620de] Delete the progress sidecar to force a full re-run, or pass --start-page N.

[23:57:57 +0s | thequantuminsider_2024_01_02_south_dakota_proposes_center_for_quantum_information_science_a1d620de] === 2 clean actors ===
[23:57:58 +0s | thequantuminsider_2024_01_02_south_dakota_proposes_center_for_quantum_information_science_a1d620de] Loaded 58 extracted records
[23:57:58 +0s | thequantuminsider_2024_01_02_south_dakota_proposes_center_for_quantum_information_science_a1d620de] Saved 2_actor_nodes.json with 19 canonical actor nodes

[23:57:58 +0s | thequantuminsider_2024_01_02_south_dakota_proposes_center_for_quantum_information_science_a1d620de] === 3 interaction extraction ===
[23:57:58 +1s | thequantuminsider_2024_01_02_south_dakota_proposes_center_for_quantum_information_science_a1d620de] Extracting interactions: https://thequantuminsider.com/2024/01/02/south-dakota-proposes-center-for-quantum-information-science-technology (1/1), chunk 11/40
[23:58:00 +2s | thequantuminsider_2024_01_02_south_dakota_proposes_center_for_quantum_information_science_a1d620de] Extracting interactions: https://thequantuminsider.com/2024/01/02/south-dakota-proposes-center-for-quantum-information-science-technology (1/1), chunk 12/40
[23:58:08 +12s | thequantuminsider_2024_01_02_south_dakota_proposes_center_for_quantum_information_science_a1d620de] Extracting interactions: https://thequantuminsider.com/2024/01/02/south-dakota-proposes-center-for-quantum-information-science-technology (1/1), chunk 13/40
[23:58:24 +28s | thequantuminsider_2024_01_02_south_dakota_proposes_center_for_quantum_information_science_a1d620de] Extracting interactions: https://thequantuminsider.com/2024/01/02/south-dakota-proposes-center-for-quantum-information-science-technology (1/1), chunk 14/40
[23:58:37 +40s | thequantuminsider_2024_01_02_south_dakota_proposes_center_for_quantum_information_science_a1d620de] Extracting interactions: https://thequantuminsider.com/2024/01/02/south-dakota-proposes-center-for-quantum-information-science-technology (1/1), chunk 15/40
[23:58:47 +51s | thequantuminsider_2024_01_02_south_dakota_proposes_center_for_quantum_information_science_a1d620de] Extracting interactions: https://thequantuminsider.com/2024/01/02/south-dakota-proposes-center-for-quantum-information-science-technology (1/1), chunk 16/40
[23:58:56 +1m 0s | thequantuminsider_2024_01_02_south_dakota_proposes_center_for_quantum_information_science_a1d620de] Extracting interactions: https://thequantuminsider.com/2024/01/02/south-dakota-proposes-center-for-quantum-information-science-technology (1/1), chunk 17/40
[23:59:01 +1m 5s | thequantuminsider_2024_01_02_south_dakota_proposes_center_for_quantum_information_science_a1d620de] Extracting interactions: https://thequantuminsider.com/2024/01/02/south-dakota-proposes-center-for-quantum-information-science-technology (1/1), chunk 18/40
[23:59:03 +1m 7s | thequantuminsider_2024_01_02_south_dakota_proposes_center_for_quantum_information_science_a1d620de] Extracting interactions: https://thequantuminsider.com/2024/01/02/south-dakota-proposes-center-for-quantum-information-science-technology (1/1), chunk 19/40
[23:59:05 +1m 9s | thequantuminsider_2024_01_02_south_dakota_proposes_center_for_quantum_information_science_a1d620de] Extracting interactions: https://thequantuminsider.com/2024/01/02/south-dakota-proposes-center-for-quantum-information-science-technology (1/1), chunk 20/40
[23:59:34 +1m 38s | thequantuminsider_2024_01_02_south_dakota_proposes_center_for_quantum_information_science_a1d620de] Extracting interactions: https://thequantuminsider.com/2024/01/02/south-dakota-proposes-center-for-quantum-information-science-technology (1/1), chunk 21/40
[23:59:35 +1m 40s | thequantuminsider_2024_01_02_south_dakota_proposes_center_for_quantum_information_science_a1d620de] Extracting interactions: https://thequantuminsider.com/2024/01/02/south-dakota-proposes-center-for-quantum-information-science-technology (1/1), chunk 22/40
[23:59:42 +1m 46s | thequantuminsider_2024_01_02_south_dakota_proposes_center_for_quantum_information_science_a1d620de] Extracting interactions: https://thequantuminsider.com/2024/01/02/south-dakota-proposes-center-for-quantum-information-science-technology (1/1), chunk 23/40
[00:00:07 +2m 12s | thequantuminsider_2024_01_02_south_dakota_proposes_center_for_quantum_information_science_a1d620de] Extracting interactions: https://thequantuminsider.com/2024/01/02/south-dakota-proposes-center-for-quantum-information-science-technology (1/1), chunk 27/40
[00:00:10 +2m 15s | thequantuminsider_2024_01_02_south_dakota_proposes_center_for_quantum_information_science_a1d620de] Extracting interactions: https://thequantuminsider.com/2024/01/02/south-dakota-proposes-center-for-quantum-information-science-technology (1/1), chunk 28/40
[00:00:12 +2m 17s | thequantuminsider_2024_01_02_south_dakota_proposes_center_for_quantum_information_science_a1d620de] Extracting interactions: https://thequantuminsider.com/2024/01/02/south-dakota-proposes-center-for-quantum-information-science-technology (1/1), chunk 31/40
[00:00:13 +2m 19s | thequantuminsider_2024_01_02_south_dakota_proposes_center_for_quantum_information_science_a1d620de] Extracting interactions: https://thequantuminsider.com/2024/01/02/south-dakota-proposes-center-for-quantum-information-science-technology (1/1), chunk 32/40
[00:00:23 +2m 29s | thequantuminsider_2024_01_02_south_dakota_proposes_center_for_quantum_information_science_a1d620de] Extracting interactions: https://thequantuminsider.com/2024/01/02/south-dakota-proposes-center-for-quantum-information-science-technology (1/1), chunk 33/40
[00:00:25 +2m 31s | thequantuminsider_2024_01_02_south_dakota_proposes_center_for_quantum_information_science_a1d620de] Extracting interactions: https://thequantuminsider.com/2024/01/02/south-dakota-proposes-center-for-quantum-information-science-technology (1/1), chunk 34/40
[00:00:27 +2m 33s | thequantuminsider_2024_01_02_south_dakota_proposes_center_for_quantum_information_science_a1d620de] Extracting interactions: https://thequantuminsider.com/2024/01/02/south-dakota-proposes-center-for-quantum-information-science-technology (1/1), chunk 36/40
[00:00:29 +2m 35s | thequantuminsider_2024_01_02_south_dakota_proposes_center_for_quantum_information_science_a1d620de] Extracting interactions: https://thequantuminsider.com/2024/01/02/south-dakota-proposes-center-for-quantum-information-science-technology (1/1), chunk 37/40
[00:00:31 +2m 37s | thequantuminsider_2024_01_02_south_dakota_proposes_center_for_quantum_information_science_a1d620de] Saved 3_interaction_results.json with 16 extracted interactions.

[00:00:31 +2m 37s | thequantuminsider_2024_01_02_south_dakota_proposes_center_for_quantum_information_science_a1d620de] === 4 clean interactions ===
[00:00:32 +2m 37s | thequantuminsider_2024_01_02_south_dakota_proposes_center_for_quantum_information_science_a1d620de] Saved 4_edges.json with 0 cleaned interactions.

[00:00:32 +2m 37s | thequantuminsider_2024_01_02_south_dakota_proposes_center_for_quantum_information_science_a1d620de] === 5 helix enrichment ===
[00:00:32 +2m 37s | thequantuminsider_2024_01_02_south_dakota_proposes_center_for_quantum_information_science_a1d620de] Wrote 5_nodes.json (19 actors)
[00:00:32 +2m 37s | thequantuminsider_2024_01_02_south_dakota_proposes_center_for_quantum_information_science_a1d620de] Wrote 5_edges.json (0 interactions)
[00:00:32 +2m 37s | thequantuminsider_2024_01_02_south_dakota_proposes_center_for_quantum_information_science_a1d620de] Actor helix counts: {'Academia': 2, 'Civil Society': 6, 'Government': 2, 'Industry': 2, 'Intermediary': 1, 'Unknown': 6}
[00:00:32 +2m 37s | thequantuminsider_2024_01_02_south_dakota_proposes_center_for_quantum_information_science_a1d620de] Functional-space counts: {}

[00:00:32 +2m 37s | thequantuminsider_2024_01_02_south_dakota_proposes_center_for_quantum_information_science_a1d620de] === 6 network visualisation ===
[00:00:32 +2m 38s | thequantuminsider_2024_01_02_south_dakota_proposes_center_for_quantum_information_science_a1d620de] Wrote quantum_network.html
[00:00:32 +2m 38s | thequantuminsider_2024_01_02_south_dakota_proposes_center_for_quantum_information_science_a1d620de] Nodes: 19
[00:00:32 +2m 38s | thequantuminsider_2024_01_02_south_dakota_proposes_center_for_quantum_information_science_a1d620de] Edges: 0

[00:00:32 +2m 38s | thequantuminsider_2024_01_02_south_dakota_proposes_center_for_quantum_information_science_a1d620de] Done. Outputs written to: /home/lv/IDP/idpdeeptech/pipeline/news_outputs/thequantuminsider_2024_01_02_south_dakota_proposes_center_for_quantum_information_science_a1d620de
[00:00:32 +2m 38s | thequantuminsider_2024_01_02_south_dakota_proposes_center_for_quantum_information_science_a1d620de] Log: /home/lv/IDP/idpdeeptech/pipeline/news_outputs/thequantuminsider_2024_01_02_south_dakota_proposes_center_for_quantum_information_science_a1d620de/run.log

========================================================================
RUN FINISHED 2026-07-05 00:00:32  (OK)
Started:     2026-07-04 23:57:57
Elapsed:     2m 38s
========================================================================
