
========================================================================
RUN STARTED  2026-07-05 05:53:05
site_pipeline.py https://thequantuminsider.com/2023/10/23/science-ascending-colorado-mounts-its-claim-as-u-s-quantum-supersystem/
========================================================================

[05:53:05 +0s | thequantuminsider_2023_10_23_science_ascending_colorado_mounts_its_claim_as_u_s_quantum_s_ab9d10f2] === 0 crawl site ===
[05:53:06 +1s | thequantuminsider_2023_10_23_science_ascending_colorado_mounts_its_claim_as_u_s_quantum_s_ab9d10f2] [INIT].... → Crawl4AI 0.8.6 
[05:53:06 +4s | thequantuminsider_2023_10_23_science_ascending_colorado_mounts_its_claim_as_u_s_quantum_s_ab9d10f2] [FETCH]... ↓ https://thequantuminsider.com/2023/10/23/science...ado-mounts-its-claim-as-u-s-quantum-supersystem/  | ✓ | ⏱: 2.40s 
[05:53:06 +4s | thequantuminsider_2023_10_23_science_ascending_colorado_mounts_its_claim_as_u_s_quantum_s_ab9d10f2] [SCRAPE].. ◆ https://thequantuminsider.com/2023/10/23/science...ado-mounts-its-claim-as-u-s-quantum-supersystem/  | ✓ | ⏱: 0.13s 
[05:53:07 +4s | thequantuminsider_2023_10_23_science_ascending_colorado_mounts_its_claim_as_u_s_quantum_s_ab9d10f2] [COMPLETE] ● https://thequantuminsider.com/2023/10/23/science...ado-mounts-its-claim-as-u-s-quantum-supersystem/  | ✓ | ⏱: 2.55s 
[05:53:07 +4s | thequantuminsider_2023_10_23_science_ascending_colorado_mounts_its_claim_as_u_s_quantum_s_ab9d10f2] Saved: crawl_output/c6519475e9_thequantuminsider.com_2023_10_23_science-ascending-colorado-mounts-its-claim-as-u-s-quantum-supersystem.json

[05:53:07 +4s | thequantuminsider_2023_10_23_science_ascending_colorado_mounts_its_claim_as_u_s_quantum_s_ab9d10f2] === 1 actor extraction ===
[05:53:07 +4s | thequantuminsider_2023_10_23_science_ascending_colorado_mounts_its_claim_as_u_s_quantum_s_ab9d10f2] Reading page (1/1): https://thequantuminsider.com/2023/10/23/science-ascending-colorado-mounts-its-claim-as-u-s-quantum-supersystem
[05:53:07 +4s | thequantuminsider_2023_10_23_science_ascending_colorado_mounts_its_claim_as_u_s_quantum_s_ab9d10f2] Extracting actors: https://thequantuminsider.com/2023/10/23/science-ascending-colorado-mounts-its-claim-as-u-s-quantum-supersystem (1/1), chunk 1/45
[05:53:14 +11s | thequantuminsider_2023_10_23_science_ascending_colorado_mounts_its_claim_as_u_s_quantum_s_ab9d10f2] Extracting actors: https://thequantuminsider.com/2023/10/23/science-ascending-colorado-mounts-its-claim-as-u-s-quantum-supersystem (1/1), chunk 2/45
[05:53:18 +16s | thequantuminsider_2023_10_23_science_ascending_colorado_mounts_its_claim_as_u_s_quantum_s_ab9d10f2] Extracting actors: https://thequantuminsider.com/2023/10/23/science-ascending-colorado-mounts-its-claim-as-u-s-quantum-supersystem (1/1), chunk 3/45
[05:53:40 +39s | thequantuminsider_2023_10_23_science_ascending_colorado_mounts_its_claim_as_u_s_quantum_s_ab9d10f2] Extracting actors: https://thequantuminsider.com/2023/10/23/science-ascending-colorado-mounts-its-claim-as-u-s-quantum-supersystem (1/1), chunk 4/45
[05:53:44 +44s | thequantuminsider_2023_10_23_science_ascending_colorado_mounts_its_claim_as_u_s_quantum_s_ab9d10f2] Extracting actors: https://thequantuminsider.com/2023/10/23/science-ascending-colorado-mounts-its-claim-as-u-s-quantum-supersystem (1/1), chunk 5/45
[05:53:48 +48s | thequantuminsider_2023_10_23_science_ascending_colorado_mounts_its_claim_as_u_s_quantum_s_ab9d10f2] Extracting actors: https://thequantuminsider.com/2023/10/23/science-ascending-colorado-mounts-its-claim-as-u-s-quantum-supersystem (1/1), chunk 6/45
[05:53:53 +53s | thequantuminsider_2023_10_23_science_ascending_colorado_mounts_its_claim_as_u_s_quantum_s_ab9d10f2] Extracting actors: https://thequantuminsider.com/2023/10/23/science-ascending-colorado-mounts-its-claim-as-u-s-quantum-supersystem (1/1), chunk 7/45
[05:53:58 +58s | thequantuminsider_2023_10_23_science_ascending_colorado_mounts_its_claim_as_u_s_quantum_s_ab9d10f2] Extracting actors: https://thequantuminsider.com/2023/10/23/science-ascending-colorado-mounts-its-claim-as-u-s-quantum-supersystem (1/1), chunk 8/45
[05:54:05 +1m 5s | thequantuminsider_2023_10_23_science_ascending_colorado_mounts_its_claim_as_u_s_quantum_s_ab9d10f2] Extracting actors: https://thequantuminsider.com/2023/10/23/science-ascending-colorado-mounts-its-claim-as-u-s-quantum-supersystem (1/1), chunk 9/45
[05:54:10 +1m 11s | thequantuminsider_2023_10_23_science_ascending_colorado_mounts_its_claim_as_u_s_quantum_s_ab9d10f2] Extracting actors: https://thequantuminsider.com/2023/10/23/science-ascending-colorado-mounts-its-claim-as-u-s-quantum-supersystem (1/1), chunk 10/45
[05:54:15 +1m 17s | thequantuminsider_2023_10_23_science_ascending_colorado_mounts_its_claim_as_u_s_quantum_s_ab9d10f2] Extracting actors: https://thequantuminsider.com/2023/10/23/science-ascending-colorado-mounts-its-claim-as-u-s-quantum-supersystem (1/1), chunk 11/45
[05:54:21 +1m 23s | thequantuminsider_2023_10_23_science_ascending_colorado_mounts_its_claim_as_u_s_quantum_s_ab9d10f2] Extracting actors: https://thequantuminsider.com/2023/10/23/science-ascending-colorado-mounts-its-claim-as-u-s-quantum-supersystem (1/1), chunk 12/45
[05:54:28 +1m 30s | thequantuminsider_2023_10_23_science_ascending_colorado_mounts_its_claim_as_u_s_quantum_s_ab9d10f2] Repaired malformed JSON.
[05:54:28 +1m 30s | thequantuminsider_2023_10_23_science_ascending_colorado_mounts_its_claim_as_u_s_quantum_s_ab9d10f2] Extracting actors: https://thequantuminsider.com/2023/10/23/science-ascending-colorado-mounts-its-claim-as-u-s-quantum-supersystem (1/1), chunk 13/45
[05:54:36 +1m 38s | thequantuminsider_2023_10_23_science_ascending_colorado_mounts_its_claim_as_u_s_quantum_s_ab9d10f2] Repaired malformed JSON.
[05:54:36 +1m 38s | thequantuminsider_2023_10_23_science_ascending_colorado_mounts_its_claim_as_u_s_quantum_s_ab9d10f2] Extracting actors: https://thequantuminsider.com/2023/10/23/science-ascending-colorado-mounts-its-claim-as-u-s-quantum-supersystem (1/1), chunk 14/45
[05:54:41 +1m 45s | thequantuminsider_2023_10_23_science_ascending_colorado_mounts_its_claim_as_u_s_quantum_s_ab9d10f2] Repaired malformed JSON.
[05:54:41 +1m 45s | thequantuminsider_2023_10_23_science_ascending_colorado_mounts_its_claim_as_u_s_quantum_s_ab9d10f2] Extracting actors: https://thequantuminsider.com/2023/10/23/science-ascending-colorado-mounts-its-claim-as-u-s-quantum-supersystem (1/1), chunk 15/45
[05:54:49 +1m 52s | thequantuminsider_2023_10_23_science_ascending_colorado_mounts_its_claim_as_u_s_quantum_s_ab9d10f2] Repaired malformed JSON.
[05:54:49 +1m 52s | thequantuminsider_2023_10_23_science_ascending_colorado_mounts_its_claim_as_u_s_quantum_s_ab9d10f2] Extracting actors: https://thequantuminsider.com/2023/10/23/science-ascending-colorado-mounts-its-claim-as-u-s-quantum-supersystem (1/1), chunk 16/45
[05:54:56 +2m 0s | thequantuminsider_2023_10_23_science_ascending_colorado_mounts_its_claim_as_u_s_quantum_s_ab9d10f2] Repaired malformed JSON.
[05:54:56 +2m 0s | thequantuminsider_2023_10_23_science_ascending_colorado_mounts_its_claim_as_u_s_quantum_s_ab9d10f2] Extracting actors: https://thequantuminsider.com/2023/10/23/science-ascending-colorado-mounts-its-claim-as-u-s-quantum-supersystem (1/1), chunk 17/45
[05:55:03 +2m 7s | thequantuminsider_2023_10_23_science_ascending_colorado_mounts_its_claim_as_u_s_quantum_s_ab9d10f2] Repaired malformed JSON.
[05:55:03 +2m 7s | thequantuminsider_2023_10_23_science_ascending_colorado_mounts_its_claim_as_u_s_quantum_s_ab9d10f2] Extracting actors: https://thequantuminsider.com/2023/10/23/science-ascending-colorado-mounts-its-claim-as-u-s-quantum-supersystem (1/1), chunk 18/45
[05:55:09 +2m 15s | thequantuminsider_2023_10_23_science_ascending_colorado_mounts_its_claim_as_u_s_quantum_s_ab9d10f2] Repaired malformed JSON.
[05:55:09 +2m 15s | thequantuminsider_2023_10_23_science_ascending_colorado_mounts_its_claim_as_u_s_quantum_s_ab9d10f2] Extracting actors: https://thequantuminsider.com/2023/10/23/science-ascending-colorado-mounts-its-claim-as-u-s-quantum-supersystem (1/1), chunk 19/45
[05:55:17 +2m 23s | thequantuminsider_2023_10_23_science_ascending_colorado_mounts_its_claim_as_u_s_quantum_s_ab9d10f2] Repaired malformed JSON.
[05:55:17 +2m 23s | thequantuminsider_2023_10_23_science_ascending_colorado_mounts_its_claim_as_u_s_quantum_s_ab9d10f2] Extracting actors: https://thequantuminsider.com/2023/10/23/science-ascending-colorado-mounts-its-claim-as-u-s-quantum-supersystem (1/1), chunk 20/45
[05:55:23 +2m 29s | thequantuminsider_2023_10_23_science_ascending_colorado_mounts_its_claim_as_u_s_quantum_s_ab9d10f2] Repaired malformed JSON.
[05:55:23 +2m 29s | thequantuminsider_2023_10_23_science_ascending_colorado_mounts_its_claim_as_u_s_quantum_s_ab9d10f2] Extracting actors: https://thequantuminsider.com/2023/10/23/science-ascending-colorado-mounts-its-claim-as-u-s-quantum-supersystem (1/1), chunk 21/45
[05:55:31 +2m 37s | thequantuminsider_2023_10_23_science_ascending_colorado_mounts_its_claim_as_u_s_quantum_s_ab9d10f2] Repaired malformed JSON.
[05:55:31 +2m 37s | thequantuminsider_2023_10_23_science_ascending_colorado_mounts_its_claim_as_u_s_quantum_s_ab9d10f2] Extracting actors: https://thequantuminsider.com/2023/10/23/science-ascending-colorado-mounts-its-claim-as-u-s-quantum-supersystem (1/1), chunk 22/45
[05:55:37 +2m 45s | thequantuminsider_2023_10_23_science_ascending_colorado_mounts_its_claim_as_u_s_quantum_s_ab9d10f2] Repaired malformed JSON.
[05:55:37 +2m 45s | thequantuminsider_2023_10_23_science_ascending_colorado_mounts_its_claim_as_u_s_quantum_s_ab9d10f2] Extracting actors: https://thequantuminsider.com/2023/10/23/science-ascending-colorado-mounts-its-claim-as-u-s-quantum-supersystem (1/1), chunk 23/45
[05:55:45 +2m 52s | thequantuminsider_2023_10_23_science_ascending_colorado_mounts_its_claim_as_u_s_quantum_s_ab9d10f2] Repaired malformed JSON.
[05:55:45 +2m 52s | thequantuminsider_2023_10_23_science_ascending_colorado_mounts_its_claim_as_u_s_quantum_s_ab9d10f2] Extracting actors: https://thequantuminsider.com/2023/10/23/science-ascending-colorado-mounts-its-claim-as-u-s-quantum-supersystem (1/1), chunk 24/45
[05:55:49 +2m 56s | thequantuminsider_2023_10_23_science_ascending_colorado_mounts_its_claim_as_u_s_quantum_s_ab9d10f2] Extracting actors: https://thequantuminsider.com/2023/10/23/science-ascending-colorado-mounts-its-claim-as-u-s-quantum-supersystem (1/1), chunk 25/45
[05:55:53 +3m 1s | thequantuminsider_2023_10_23_science_ascending_colorado_mounts_its_claim_as_u_s_quantum_s_ab9d10f2] Extracting actors: https://thequantuminsider.com/2023/10/23/science-ascending-colorado-mounts-its-claim-as-u-s-quantum-supersystem (1/1), chunk 26/45
[05:56:00 +3m 8s | thequantuminsider_2023_10_23_science_ascending_colorado_mounts_its_claim_as_u_s_quantum_s_ab9d10f2] Repaired malformed JSON.
[05:56:00 +3m 8s | thequantuminsider_2023_10_23_science_ascending_colorado_mounts_its_claim_as_u_s_quantum_s_ab9d10f2] Extracting actors: https://thequantuminsider.com/2023/10/23/science-ascending-colorado-mounts-its-claim-as-u-s-quantum-supersystem (1/1), chunk 27/45
[05:56:09 +3m 19s | thequantuminsider_2023_10_23_science_ascending_colorado_mounts_its_claim_as_u_s_quantum_s_ab9d10f2] Repaired malformed JSON.
[05:56:09 +3m 19s | thequantuminsider_2023_10_23_science_ascending_colorado_mounts_its_claim_as_u_s_quantum_s_ab9d10f2] Extracting actors: https://thequantuminsider.com/2023/10/23/science-ascending-colorado-mounts-its-claim-as-u-s-quantum-supersystem (1/1), chunk 28/45
[05:56:27 +3m 37s | thequantuminsider_2023_10_23_science_ascending_colorado_mounts_its_claim_as_u_s_quantum_s_ab9d10f2] Extracting actors: https://thequantuminsider.com/2023/10/23/science-ascending-colorado-mounts-its-claim-as-u-s-quantum-supersystem (1/1), chunk 29/45
[05:56:36 +3m 46s | thequantuminsider_2023_10_23_science_ascending_colorado_mounts_its_claim_as_u_s_quantum_s_ab9d10f2] Repaired malformed JSON.
[05:56:36 +3m 46s | thequantuminsider_2023_10_23_science_ascending_colorado_mounts_its_claim_as_u_s_quantum_s_ab9d10f2] Extracting actors: https://thequantuminsider.com/2023/10/23/science-ascending-colorado-mounts-its-claim-as-u-s-quantum-supersystem (1/1), chunk 30/45
[05:56:42 +3m 54s | thequantuminsider_2023_10_23_science_ascending_colorado_mounts_its_claim_as_u_s_quantum_s_ab9d10f2] Repaired malformed JSON.
[05:56:42 +3m 54s | thequantuminsider_2023_10_23_science_ascending_colorado_mounts_its_claim_as_u_s_quantum_s_ab9d10f2] Extracting actors: https://thequantuminsider.com/2023/10/23/science-ascending-colorado-mounts-its-claim-as-u-s-quantum-supersystem (1/1), chunk 31/45
[05:56:48 +4m 0s | thequantuminsider_2023_10_23_science_ascending_colorado_mounts_its_claim_as_u_s_quantum_s_ab9d10f2] Extracting actors: https://thequantuminsider.com/2023/10/23/science-ascending-colorado-mounts-its-claim-as-u-s-quantum-supersystem (1/1), chunk 32/45
[05:57:05 +4m 17s | thequantuminsider_2023_10_23_science_ascending_colorado_mounts_its_claim_as_u_s_quantum_s_ab9d10f2] Repaired malformed JSON.
[05:57:05 +4m 17s | thequantuminsider_2023_10_23_science_ascending_colorado_mounts_its_claim_as_u_s_quantum_s_ab9d10f2] Extracting actors: https://thequantuminsider.com/2023/10/23/science-ascending-colorado-mounts-its-claim-as-u-s-quantum-supersystem (1/1), chunk 33/45
[05:57:09 +4m 23s | thequantuminsider_2023_10_23_science_ascending_colorado_mounts_its_claim_as_u_s_quantum_s_ab9d10f2] Extracting actors: https://thequantuminsider.com/2023/10/23/science-ascending-colorado-mounts-its-claim-as-u-s-quantum-supersystem (1/1), chunk 34/45
[05:57:10 +4m 24s | thequantuminsider_2023_10_23_science_ascending_colorado_mounts_its_claim_as_u_s_quantum_s_ab9d10f2] Extracting actors: https://thequantuminsider.com/2023/10/23/science-ascending-colorado-mounts-its-claim-as-u-s-quantum-supersystem (1/1), chunk 35/45
[05:57:17 +4m 31s | thequantuminsider_2023_10_23_science_ascending_colorado_mounts_its_claim_as_u_s_quantum_s_ab9d10f2] Repaired malformed JSON.
[05:57:17 +4m 31s | thequantuminsider_2023_10_23_science_ascending_colorado_mounts_its_claim_as_u_s_quantum_s_ab9d10f2] Extracting actors: https://thequantuminsider.com/2023/10/23/science-ascending-colorado-mounts-its-claim-as-u-s-quantum-supersystem (1/1), chunk 36/45
[05:57:24 +4m 38s | thequantuminsider_2023_10_23_science_ascending_colorado_mounts_its_claim_as_u_s_quantum_s_ab9d10f2] Repaired malformed JSON.
[05:57:24 +4m 38s | thequantuminsider_2023_10_23_science_ascending_colorado_mounts_its_claim_as_u_s_quantum_s_ab9d10f2] Extracting actors: https://thequantuminsider.com/2023/10/23/science-ascending-colorado-mounts-its-claim-as-u-s-quantum-supersystem (1/1), chunk 37/45
[05:57:30 +4m 44s | thequantuminsider_2023_10_23_science_ascending_colorado_mounts_its_claim_as_u_s_quantum_s_ab9d10f2] Repaired malformed JSON.
[05:57:30 +4m 44s | thequantuminsider_2023_10_23_science_ascending_colorado_mounts_its_claim_as_u_s_quantum_s_ab9d10f2] Extracting actors: https://thequantuminsider.com/2023/10/23/science-ascending-colorado-mounts-its-claim-as-u-s-quantum-supersystem (1/1), chunk 38/45
[05:57:39 +4m 53s | thequantuminsider_2023_10_23_science_ascending_colorado_mounts_its_claim_as_u_s_quantum_s_ab9d10f2] Repaired malformed JSON.
[05:57:39 +4m 53s | thequantuminsider_2023_10_23_science_ascending_colorado_mounts_its_claim_as_u_s_quantum_s_ab9d10f2] Extracting actors: https://thequantuminsider.com/2023/10/23/science-ascending-colorado-mounts-its-claim-as-u-s-quantum-supersystem (1/1), chunk 39/45
[05:58:02 +5m 18s | thequantuminsider_2023_10_23_science_ascending_colorado_mounts_its_claim_as_u_s_quantum_s_ab9d10f2] Repaired malformed JSON.
[05:58:02 +5m 18s | thequantuminsider_2023_10_23_science_ascending_colorado_mounts_its_claim_as_u_s_quantum_s_ab9d10f2] Extracting actors: https://thequantuminsider.com/2023/10/23/science-ascending-colorado-mounts-its-claim-as-u-s-quantum-supersystem (1/1), chunk 40/45
[05:58:09 +5m 25s | thequantuminsider_2023_10_23_science_ascending_colorado_mounts_its_claim_as_u_s_quantum_s_ab9d10f2] Extracting actors: https://thequantuminsider.com/2023/10/23/science-ascending-colorado-mounts-its-claim-as-u-s-quantum-supersystem (1/1), chunk 41/45
[05:58:15 +5m 33s | thequantuminsider_2023_10_23_science_ascending_colorado_mounts_its_claim_as_u_s_quantum_s_ab9d10f2] Repaired malformed JSON.
[05:58:15 +5m 33s | thequantuminsider_2023_10_23_science_ascending_colorado_mounts_its_claim_as_u_s_quantum_s_ab9d10f2] Extracting actors: https://thequantuminsider.com/2023/10/23/science-ascending-colorado-mounts-its-claim-as-u-s-quantum-supersystem (1/1), chunk 42/45
[05:58:22 +5m 40s | thequantuminsider_2023_10_23_science_ascending_colorado_mounts_its_claim_as_u_s_quantum_s_ab9d10f2] Repaired malformed JSON.
[05:58:22 +5m 40s | thequantuminsider_2023_10_23_science_ascending_colorado_mounts_its_claim_as_u_s_quantum_s_ab9d10f2] Extracting actors: https://thequantuminsider.com/2023/10/23/science-ascending-colorado-mounts-its-claim-as-u-s-quantum-supersystem (1/1), chunk 43/45
[05:58:27 +5m 45s | thequantuminsider_2023_10_23_science_ascending_colorado_mounts_its_claim_as_u_s_quantum_s_ab9d10f2] Extracting actors: https://thequantuminsider.com/2023/10/23/science-ascending-colorado-mounts-its-claim-as-u-s-quantum-supersystem (1/1), chunk 44/45
[05:58:37 +5m 55s | thequantuminsider_2023_10_23_science_ascending_colorado_mounts_its_claim_as_u_s_quantum_s_ab9d10f2] Repaired malformed JSON.
[05:58:37 +5m 55s | thequantuminsider_2023_10_23_science_ascending_colorado_mounts_its_claim_as_u_s_quantum_s_ab9d10f2] Extracting actors: https://thequantuminsider.com/2023/10/23/science-ascending-colorado-mounts-its-claim-as-u-s-quantum-supersystem (1/1), chunk 45/45
[05:59:02 +6m 22s | thequantuminsider_2023_10_23_science_ascending_colorado_mounts_its_claim_as_u_s_quantum_s_ab9d10f2] Repaired malformed JSON.
[05:59:02 +6m 22s | thequantuminsider_2023_10_23_science_ascending_colorado_mounts_its_claim_as_u_s_quantum_s_ab9d10f2] Saved 1_actor_results.json with 66 extracted records

[05:59:02 +6m 22s | thequantuminsider_2023_10_23_science_ascending_colorado_mounts_its_claim_as_u_s_quantum_s_ab9d10f2] === 2 clean actors ===
[05:59:02 +6m 22s | thequantuminsider_2023_10_23_science_ascending_colorado_mounts_its_claim_as_u_s_quantum_s_ab9d10f2] Loaded 66 extracted records
[05:59:02 +6m 22s | thequantuminsider_2023_10_23_science_ascending_colorado_mounts_its_claim_as_u_s_quantum_s_ab9d10f2] Saved 2_actor_nodes.json with 25 canonical actor nodes

[05:59:02 +6m 22s | thequantuminsider_2023_10_23_science_ascending_colorado_mounts_its_claim_as_u_s_quantum_s_ab9d10f2] === 3 interaction extraction ===
[05:59:02 +6m 23s | thequantuminsider_2023_10_23_science_ascending_colorado_mounts_its_claim_as_u_s_quantum_s_ab9d10f2] Extracting interactions: https://thequantuminsider.com/2023/10/23/science-ascending-colorado-mounts-its-claim-as-u-s-quantum-supersystem (1/1), chunk 11/45
[05:59:04 +6m 24s | thequantuminsider_2023_10_23_science_ascending_colorado_mounts_its_claim_as_u_s_quantum_s_ab9d10f2] Extracting interactions: https://thequantuminsider.com/2023/10/23/science-ascending-colorado-mounts-its-claim-as-u-s-quantum-supersystem (1/1), chunk 12/45
[05:59:15 +6m 37s | thequantuminsider_2023_10_23_science_ascending_colorado_mounts_its_claim_as_u_s_quantum_s_ab9d10f2] Extracting interactions: https://thequantuminsider.com/2023/10/23/science-ascending-colorado-mounts-its-claim-as-u-s-quantum-supersystem (1/1), chunk 13/45
[05:59:28 +6m 50s | thequantuminsider_2023_10_23_science_ascending_colorado_mounts_its_claim_as_u_s_quantum_s_ab9d10f2] Extracting interactions: https://thequantuminsider.com/2023/10/23/science-ascending-colorado-mounts-its-claim-as-u-s-quantum-supersystem (1/1), chunk 14/45
[05:59:45 +7m 9s | thequantuminsider_2023_10_23_science_ascending_colorado_mounts_its_claim_as_u_s_quantum_s_ab9d10f2] Extracting interactions: https://thequantuminsider.com/2023/10/23/science-ascending-colorado-mounts-its-claim-as-u-s-quantum-supersystem (1/1), chunk 15/45
[05:59:56 +7m 20s | thequantuminsider_2023_10_23_science_ascending_colorado_mounts_its_claim_as_u_s_quantum_s_ab9d10f2] Extracting interactions: https://thequantuminsider.com/2023/10/23/science-ascending-colorado-mounts-its-claim-as-u-s-quantum-supersystem (1/1), chunk 16/45
[06:00:10 +7m 34s | thequantuminsider_2023_10_23_science_ascending_colorado_mounts_its_claim_as_u_s_quantum_s_ab9d10f2] Extracting interactions: https://thequantuminsider.com/2023/10/23/science-ascending-colorado-mounts-its-claim-as-u-s-quantum-supersystem (1/1), chunk 17/45
[06:00:21 +7m 47s | thequantuminsider_2023_10_23_science_ascending_colorado_mounts_its_claim_as_u_s_quantum_s_ab9d10f2] Extracting interactions: https://thequantuminsider.com/2023/10/23/science-ascending-colorado-mounts-its-claim-as-u-s-quantum-supersystem (1/1), chunk 18/45
[06:00:38 +8m 4s | thequantuminsider_2023_10_23_science_ascending_colorado_mounts_its_claim_as_u_s_quantum_s_ab9d10f2] Extracting interactions: https://thequantuminsider.com/2023/10/23/science-ascending-colorado-mounts-its-claim-as-u-s-quantum-supersystem (1/1), chunk 19/45
[06:00:53 +8m 22s | thequantuminsider_2023_10_23_science_ascending_colorado_mounts_its_claim_as_u_s_quantum_s_ab9d10f2] Extracting interactions: https://thequantuminsider.com/2023/10/23/science-ascending-colorado-mounts-its-claim-as-u-s-quantum-supersystem (1/1), chunk 20/45
[06:01:09 +8m 38s | thequantuminsider_2023_10_23_science_ascending_colorado_mounts_its_claim_as_u_s_quantum_s_ab9d10f2] Extracting interactions: https://thequantuminsider.com/2023/10/23/science-ascending-colorado-mounts-its-claim-as-u-s-quantum-supersystem (1/1), chunk 21/45
[06:01:11 +8m 42s | thequantuminsider_2023_10_23_science_ascending_colorado_mounts_its_claim_as_u_s_quantum_s_ab9d10f2] Extracting interactions: https://thequantuminsider.com/2023/10/23/science-ascending-colorado-mounts-its-claim-as-u-s-quantum-supersystem (1/1), chunk 22/45
[06:01:17 +8m 47s | thequantuminsider_2023_10_23_science_ascending_colorado_mounts_its_claim_as_u_s_quantum_s_ab9d10f2] Extracting interactions: https://thequantuminsider.com/2023/10/23/science-ascending-colorado-mounts-its-claim-as-u-s-quantum-supersystem (1/1), chunk 23/45
[06:01:23 +8m 53s | thequantuminsider_2023_10_23_science_ascending_colorado_mounts_its_claim_as_u_s_quantum_s_ab9d10f2] Extracting interactions: https://thequantuminsider.com/2023/10/23/science-ascending-colorado-mounts-its-claim-as-u-s-quantum-supersystem (1/1), chunk 24/45
[06:01:25 +8m 55s | thequantuminsider_2023_10_23_science_ascending_colorado_mounts_its_claim_as_u_s_quantum_s_ab9d10f2] Extracting interactions: https://thequantuminsider.com/2023/10/23/science-ascending-colorado-mounts-its-claim-as-u-s-quantum-supersystem (1/1), chunk 25/45
[06:01:27 +8m 57s | thequantuminsider_2023_10_23_science_ascending_colorado_mounts_its_claim_as_u_s_quantum_s_ab9d10f2] Extracting interactions: https://thequantuminsider.com/2023/10/23/science-ascending-colorado-mounts-its-claim-as-u-s-quantum-supersystem (1/1), chunk 26/45
[06:01:28 +8m 59s | thequantuminsider_2023_10_23_science_ascending_colorado_mounts_its_claim_as_u_s_quantum_s_ab9d10f2] Extracting interactions: https://thequantuminsider.com/2023/10/23/science-ascending-colorado-mounts-its-claim-as-u-s-quantum-supersystem (1/1), chunk 27/45
[06:01:40 +9m 10s | thequantuminsider_2023_10_23_science_ascending_colorado_mounts_its_claim_as_u_s_quantum_s_ab9d10f2] Extracting interactions: https://thequantuminsider.com/2023/10/23/science-ascending-colorado-mounts-its-claim-as-u-s-quantum-supersystem (1/1), chunk 28/45
[06:01:45 +9m 18s | thequantuminsider_2023_10_23_science_ascending_colorado_mounts_its_claim_as_u_s_quantum_s_ab9d10f2] Extracting interactions: https://thequantuminsider.com/2023/10/23/science-ascending-colorado-mounts-its-claim-as-u-s-quantum-supersystem (1/1), chunk 32/45
[06:01:49 +9m 22s | thequantuminsider_2023_10_23_science_ascending_colorado_mounts_its_claim_as_u_s_quantum_s_ab9d10f2] Extracting interactions: https://thequantuminsider.com/2023/10/23/science-ascending-colorado-mounts-its-claim-as-u-s-quantum-supersystem (1/1), chunk 33/45
[06:01:51 +9m 24s | thequantuminsider_2023_10_23_science_ascending_colorado_mounts_its_claim_as_u_s_quantum_s_ab9d10f2] Extracting interactions: https://thequantuminsider.com/2023/10/23/science-ascending-colorado-mounts-its-claim-as-u-s-quantum-supersystem (1/1), chunk 34/45
[06:01:53 +9m 25s | thequantuminsider_2023_10_23_science_ascending_colorado_mounts_its_claim_as_u_s_quantum_s_ab9d10f2] Extracting interactions: https://thequantuminsider.com/2023/10/23/science-ascending-colorado-mounts-its-claim-as-u-s-quantum-supersystem (1/1), chunk 36/45
[06:01:54 +9m 27s | thequantuminsider_2023_10_23_science_ascending_colorado_mounts_its_claim_as_u_s_quantum_s_ab9d10f2] Extracting interactions: https://thequantuminsider.com/2023/10/23/science-ascending-colorado-mounts-its-claim-as-u-s-quantum-supersystem (1/1), chunk 37/45
[06:02:10 +9m 44s | thequantuminsider_2023_10_23_science_ascending_colorado_mounts_its_claim_as_u_s_quantum_s_ab9d10f2] Extracting interactions: https://thequantuminsider.com/2023/10/23/science-ascending-colorado-mounts-its-claim-as-u-s-quantum-supersystem (1/1), chunk 38/45
[06:02:11 +9m 46s | thequantuminsider_2023_10_23_science_ascending_colorado_mounts_its_claim_as_u_s_quantum_s_ab9d10f2] Extracting interactions: https://thequantuminsider.com/2023/10/23/science-ascending-colorado-mounts-its-claim-as-u-s-quantum-supersystem (1/1), chunk 39/45
[06:02:13 +9m 48s | thequantuminsider_2023_10_23_science_ascending_colorado_mounts_its_claim_as_u_s_quantum_s_ab9d10f2] Extracting interactions: https://thequantuminsider.com/2023/10/23/science-ascending-colorado-mounts-its-claim-as-u-s-quantum-supersystem (1/1), chunk 40/45
[06:02:14 +9m 49s | thequantuminsider_2023_10_23_science_ascending_colorado_mounts_its_claim_as_u_s_quantum_s_ab9d10f2] Extracting interactions: https://thequantuminsider.com/2023/10/23/science-ascending-colorado-mounts-its-claim-as-u-s-quantum-supersystem (1/1), chunk 41/45
[06:02:16 +9m 51s | thequantuminsider_2023_10_23_science_ascending_colorado_mounts_its_claim_as_u_s_quantum_s_ab9d10f2] Extracting interactions: https://thequantuminsider.com/2023/10/23/science-ascending-colorado-mounts-its-claim-as-u-s-quantum-supersystem (1/1), chunk 42/45
[06:02:17 +9m 52s | thequantuminsider_2023_10_23_science_ascending_colorado_mounts_its_claim_as_u_s_quantum_s_ab9d10f2] Extracting interactions: https://thequantuminsider.com/2023/10/23/science-ascending-colorado-mounts-its-claim-as-u-s-quantum-supersystem (1/1), chunk 43/45
[06:02:20 +9m 55s | thequantuminsider_2023_10_23_science_ascending_colorado_mounts_its_claim_as_u_s_quantum_s_ab9d10f2] Extracting interactions: https://thequantuminsider.com/2023/10/23/science-ascending-colorado-mounts-its-claim-as-u-s-quantum-supersystem (1/1), chunk 44/45
[06:02:22 +9m 56s | thequantuminsider_2023_10_23_science_ascending_colorado_mounts_its_claim_as_u_s_quantum_s_ab9d10f2] Saved 3_interaction_results.json with 36 extracted interactions.

[06:02:22 +9m 56s | thequantuminsider_2023_10_23_science_ascending_colorado_mounts_its_claim_as_u_s_quantum_s_ab9d10f2] === 4 clean interactions ===
[06:02:22 +9m 56s | thequantuminsider_2023_10_23_science_ascending_colorado_mounts_its_claim_as_u_s_quantum_s_ab9d10f2] Saved 4_edges.json with 4 cleaned interactions.

[06:02:22 +9m 56s | thequantuminsider_2023_10_23_science_ascending_colorado_mounts_its_claim_as_u_s_quantum_s_ab9d10f2] === 5 helix enrichment ===
[06:02:22 +9m 56s | thequantuminsider_2023_10_23_science_ascending_colorado_mounts_its_claim_as_u_s_quantum_s_ab9d10f2] Wrote 5_nodes.json (25 actors)
[06:02:22 +9m 56s | thequantuminsider_2023_10_23_science_ascending_colorado_mounts_its_claim_as_u_s_quantum_s_ab9d10f2] Wrote 5_edges.json (4 interactions)
[06:02:22 +9m 56s | thequantuminsider_2023_10_23_science_ascending_colorado_mounts_its_claim_as_u_s_quantum_s_ab9d10f2] Actor helix counts: {'Academia': 5, 'Civil Society': 3, 'Government': 2, 'Industry': 5, 'Intermediary': 2, 'Unknown': 8}
[06:02:22 +9m 56s | thequantuminsider_2023_10_23_science_ascending_colorado_mounts_its_claim_as_u_s_quantum_s_ab9d10f2] Functional-space counts: {'Unknown': 4}

[06:02:22 +9m 56s | thequantuminsider_2023_10_23_science_ascending_colorado_mounts_its_claim_as_u_s_quantum_s_ab9d10f2] === 6 network visualisation ===
[06:02:22 +9m 57s | thequantuminsider_2023_10_23_science_ascending_colorado_mounts_its_claim_as_u_s_quantum_s_ab9d10f2] Wrote quantum_network.html
[06:02:22 +9m 57s | thequantuminsider_2023_10_23_science_ascending_colorado_mounts_its_claim_as_u_s_quantum_s_ab9d10f2] Nodes: 25
[06:02:22 +9m 57s | thequantuminsider_2023_10_23_science_ascending_colorado_mounts_its_claim_as_u_s_quantum_s_ab9d10f2] Edges: 2

[06:02:22 +9m 57s | thequantuminsider_2023_10_23_science_ascending_colorado_mounts_its_claim_as_u_s_quantum_s_ab9d10f2] Done. Outputs written to: /home/lv/IDP/idpdeeptech/pipeline/news_outputs/thequantuminsider_2023_10_23_science_ascending_colorado_mounts_its_claim_as_u_s_quantum_s_ab9d10f2
[06:02:22 +9m 57s | thequantuminsider_2023_10_23_science_ascending_colorado_mounts_its_claim_as_u_s_quantum_s_ab9d10f2] Log: /home/lv/IDP/idpdeeptech/pipeline/news_outputs/thequantuminsider_2023_10_23_science_ascending_colorado_mounts_its_claim_as_u_s_quantum_s_ab9d10f2/run.log

========================================================================
RUN FINISHED 2026-07-05 06:02:22  (OK)
Started:     2026-07-05 05:53:05
Elapsed:     9m 57s
========================================================================
