
========================================================================
RUN STARTED  2026-07-04 23:05:32
site_pipeline.py https://thequantuminsider.com/2023/12/27/top-predictions-in-quantum-for-2024/
========================================================================

[23:05:32 +0s | thequantuminsider_2023_12_27_top_predictions_in_quantum_for_2024] === 0 crawl site ===
[23:05:34 +1s | thequantuminsider_2023_12_27_top_predictions_in_quantum_for_2024] [INIT].... → Crawl4AI 0.8.6 
[23:05:37 +4s | thequantuminsider_2023_12_27_top_predictions_in_quantum_for_2024] [FETCH]... ↓ https://thequantuminsider.com/2023/12/27/top-predictions-in-quantum-for-2024/                        | ✓ | ⏱: 2.87s 
[23:05:37 +4s | thequantuminsider_2023_12_27_top_predictions_in_quantum_for_2024] [SCRAPE].. ◆ https://thequantuminsider.com/2023/12/27/top-predictions-in-quantum-for-2024/                        | ✓ | ⏱: 0.15s 
[23:05:37 +4s | thequantuminsider_2023_12_27_top_predictions_in_quantum_for_2024] [COMPLETE] ● https://thequantuminsider.com/2023/12/27/top-predictions-in-quantum-for-2024/                        | ✓ | ⏱: 3.03s 
[23:05:37 +5s | thequantuminsider_2023_12_27_top_predictions_in_quantum_for_2024] Saved: crawl_output/047c8f87d1_thequantuminsider.com_2023_12_27_top-predictions-in-quantum-for-2024.json

[23:05:37 +5s | thequantuminsider_2023_12_27_top_predictions_in_quantum_for_2024] === 1 actor extraction ===
[23:05:37 +5s | thequantuminsider_2023_12_27_top_predictions_in_quantum_for_2024] Reading page (1/1): https://thequantuminsider.com/2023/12/27/top-predictions-in-quantum-for-2024
[23:05:37 +5s | thequantuminsider_2023_12_27_top_predictions_in_quantum_for_2024] Extracting actors: https://thequantuminsider.com/2023/12/27/top-predictions-in-quantum-for-2024 (1/1), chunk 1/40
[23:05:43 +11s | thequantuminsider_2023_12_27_top_predictions_in_quantum_for_2024] Extracting actors: https://thequantuminsider.com/2023/12/27/top-predictions-in-quantum-for-2024 (1/1), chunk 2/40
[23:05:47 +15s | thequantuminsider_2023_12_27_top_predictions_in_quantum_for_2024] Extracting actors: https://thequantuminsider.com/2023/12/27/top-predictions-in-quantum-for-2024 (1/1), chunk 3/40
[23:05:52 +20s | thequantuminsider_2023_12_27_top_predictions_in_quantum_for_2024] Extracting actors: https://thequantuminsider.com/2023/12/27/top-predictions-in-quantum-for-2024 (1/1), chunk 4/40
[23:05:59 +26s | thequantuminsider_2023_12_27_top_predictions_in_quantum_for_2024] Extracting actors: https://thequantuminsider.com/2023/12/27/top-predictions-in-quantum-for-2024 (1/1), chunk 5/40
[23:06:06 +33s | thequantuminsider_2023_12_27_top_predictions_in_quantum_for_2024] Extracting actors: https://thequantuminsider.com/2023/12/27/top-predictions-in-quantum-for-2024 (1/1), chunk 6/40
[23:06:12 +40s | thequantuminsider_2023_12_27_top_predictions_in_quantum_for_2024] Extracting actors: https://thequantuminsider.com/2023/12/27/top-predictions-in-quantum-for-2024 (1/1), chunk 7/40
[23:06:34 +1m 2s | thequantuminsider_2023_12_27_top_predictions_in_quantum_for_2024] Extracting actors: https://thequantuminsider.com/2023/12/27/top-predictions-in-quantum-for-2024 (1/1), chunk 8/40
[23:06:39 +1m 7s | thequantuminsider_2023_12_27_top_predictions_in_quantum_for_2024] Extracting actors: https://thequantuminsider.com/2023/12/27/top-predictions-in-quantum-for-2024 (1/1), chunk 9/40
[23:06:47 +1m 14s | thequantuminsider_2023_12_27_top_predictions_in_quantum_for_2024] Extracting actors: https://thequantuminsider.com/2023/12/27/top-predictions-in-quantum-for-2024 (1/1), chunk 10/40
[23:06:51 +1m 19s | thequantuminsider_2023_12_27_top_predictions_in_quantum_for_2024] Extracting actors: https://thequantuminsider.com/2023/12/27/top-predictions-in-quantum-for-2024 (1/1), chunk 11/40
[23:06:58 +1m 26s | thequantuminsider_2023_12_27_top_predictions_in_quantum_for_2024] Extracting actors: https://thequantuminsider.com/2023/12/27/top-predictions-in-quantum-for-2024 (1/1), chunk 12/40
[23:07:07 +1m 35s | thequantuminsider_2023_12_27_top_predictions_in_quantum_for_2024] Repaired malformed JSON.
[23:07:07 +1m 35s | thequantuminsider_2023_12_27_top_predictions_in_quantum_for_2024] Extracting actors: https://thequantuminsider.com/2023/12/27/top-predictions-in-quantum-for-2024 (1/1), chunk 13/40
[23:07:18 +1m 46s | thequantuminsider_2023_12_27_top_predictions_in_quantum_for_2024] Repaired malformed JSON.
[23:07:18 +1m 46s | thequantuminsider_2023_12_27_top_predictions_in_quantum_for_2024] Extracting actors: https://thequantuminsider.com/2023/12/27/top-predictions-in-quantum-for-2024 (1/1), chunk 14/40
[23:07:26 +1m 54s | thequantuminsider_2023_12_27_top_predictions_in_quantum_for_2024] Extracting actors: https://thequantuminsider.com/2023/12/27/top-predictions-in-quantum-for-2024 (1/1), chunk 15/40
[23:07:37 +2m 5s | thequantuminsider_2023_12_27_top_predictions_in_quantum_for_2024] Repaired malformed JSON.
[23:07:37 +2m 5s | thequantuminsider_2023_12_27_top_predictions_in_quantum_for_2024] Extracting actors: https://thequantuminsider.com/2023/12/27/top-predictions-in-quantum-for-2024 (1/1), chunk 16/40
[23:07:46 +2m 13s | thequantuminsider_2023_12_27_top_predictions_in_quantum_for_2024] Repaired malformed JSON.
[23:07:46 +2m 13s | thequantuminsider_2023_12_27_top_predictions_in_quantum_for_2024] Extracting actors: https://thequantuminsider.com/2023/12/27/top-predictions-in-quantum-for-2024 (1/1), chunk 17/40
[23:07:53 +2m 21s | thequantuminsider_2023_12_27_top_predictions_in_quantum_for_2024] Extracting actors: https://thequantuminsider.com/2023/12/27/top-predictions-in-quantum-for-2024 (1/1), chunk 18/40
[23:08:00 +2m 28s | thequantuminsider_2023_12_27_top_predictions_in_quantum_for_2024] Extracting actors: https://thequantuminsider.com/2023/12/27/top-predictions-in-quantum-for-2024 (1/1), chunk 19/40
[23:08:06 +2m 34s | thequantuminsider_2023_12_27_top_predictions_in_quantum_for_2024] Extracting actors: https://thequantuminsider.com/2023/12/27/top-predictions-in-quantum-for-2024 (1/1), chunk 20/40
[23:08:14 +2m 41s | thequantuminsider_2023_12_27_top_predictions_in_quantum_for_2024] Repaired malformed JSON.
[23:08:14 +2m 41s | thequantuminsider_2023_12_27_top_predictions_in_quantum_for_2024] Extracting actors: https://thequantuminsider.com/2023/12/27/top-predictions-in-quantum-for-2024 (1/1), chunk 21/40
[23:08:20 +2m 47s | thequantuminsider_2023_12_27_top_predictions_in_quantum_for_2024] Repaired malformed JSON.
[23:08:20 +2m 47s | thequantuminsider_2023_12_27_top_predictions_in_quantum_for_2024] Extracting actors: https://thequantuminsider.com/2023/12/27/top-predictions-in-quantum-for-2024 (1/1), chunk 22/40
[23:08:46 +3m 14s | thequantuminsider_2023_12_27_top_predictions_in_quantum_for_2024] Repaired malformed JSON.
[23:08:46 +3m 14s | thequantuminsider_2023_12_27_top_predictions_in_quantum_for_2024] Extracting actors: https://thequantuminsider.com/2023/12/27/top-predictions-in-quantum-for-2024 (1/1), chunk 23/40
[23:09:15 +3m 42s | thequantuminsider_2023_12_27_top_predictions_in_quantum_for_2024] Repaired malformed JSON.
[23:09:15 +3m 42s | thequantuminsider_2023_12_27_top_predictions_in_quantum_for_2024] Extracting actors: https://thequantuminsider.com/2023/12/27/top-predictions-in-quantum-for-2024 (1/1), chunk 24/40
[23:09:24 +3m 51s | thequantuminsider_2023_12_27_top_predictions_in_quantum_for_2024] Repaired malformed JSON.
[23:09:24 +3m 51s | thequantuminsider_2023_12_27_top_predictions_in_quantum_for_2024] Extracting actors: https://thequantuminsider.com/2023/12/27/top-predictions-in-quantum-for-2024 (1/1), chunk 25/40
[23:09:52 +4m 19s | thequantuminsider_2023_12_27_top_predictions_in_quantum_for_2024] Repaired malformed JSON.
[23:09:52 +4m 19s | thequantuminsider_2023_12_27_top_predictions_in_quantum_for_2024] Extracting actors: https://thequantuminsider.com/2023/12/27/top-predictions-in-quantum-for-2024 (1/1), chunk 26/40
[23:10:01 +4m 29s | thequantuminsider_2023_12_27_top_predictions_in_quantum_for_2024] Repaired malformed JSON.
[23:10:01 +4m 29s | thequantuminsider_2023_12_27_top_predictions_in_quantum_for_2024] Extracting actors: https://thequantuminsider.com/2023/12/27/top-predictions-in-quantum-for-2024 (1/1), chunk 27/40
[23:10:08 +4m 36s | thequantuminsider_2023_12_27_top_predictions_in_quantum_for_2024] Repaired malformed JSON.
[23:10:08 +4m 36s | thequantuminsider_2023_12_27_top_predictions_in_quantum_for_2024] Extracting actors: https://thequantuminsider.com/2023/12/27/top-predictions-in-quantum-for-2024 (1/1), chunk 28/40
[23:10:15 +4m 43s | thequantuminsider_2023_12_27_top_predictions_in_quantum_for_2024] Extracting actors: https://thequantuminsider.com/2023/12/27/top-predictions-in-quantum-for-2024 (1/1), chunk 29/40
[23:10:25 +4m 53s | thequantuminsider_2023_12_27_top_predictions_in_quantum_for_2024] Repaired malformed JSON.
[23:10:25 +4m 53s | thequantuminsider_2023_12_27_top_predictions_in_quantum_for_2024] Extracting actors: https://thequantuminsider.com/2023/12/27/top-predictions-in-quantum-for-2024 (1/1), chunk 30/40
[23:10:31 +4m 59s | thequantuminsider_2023_12_27_top_predictions_in_quantum_for_2024] Extracting actors: https://thequantuminsider.com/2023/12/27/top-predictions-in-quantum-for-2024 (1/1), chunk 31/40
[23:10:41 +5m 9s | thequantuminsider_2023_12_27_top_predictions_in_quantum_for_2024] Repaired malformed JSON.
[23:10:41 +5m 9s | thequantuminsider_2023_12_27_top_predictions_in_quantum_for_2024] Extracting actors: https://thequantuminsider.com/2023/12/27/top-predictions-in-quantum-for-2024 (1/1), chunk 32/40
[23:10:54 +5m 22s | thequantuminsider_2023_12_27_top_predictions_in_quantum_for_2024] Repaired malformed JSON.
[23:10:54 +5m 22s | thequantuminsider_2023_12_27_top_predictions_in_quantum_for_2024] Extracting actors: https://thequantuminsider.com/2023/12/27/top-predictions-in-quantum-for-2024 (1/1), chunk 33/40
[23:11:02 +5m 30s | thequantuminsider_2023_12_27_top_predictions_in_quantum_for_2024] Repaired malformed JSON.
[23:11:02 +5m 30s | thequantuminsider_2023_12_27_top_predictions_in_quantum_for_2024] Extracting actors: https://thequantuminsider.com/2023/12/27/top-predictions-in-quantum-for-2024 (1/1), chunk 34/40
[23:11:10 +5m 38s | thequantuminsider_2023_12_27_top_predictions_in_quantum_for_2024] Repaired malformed JSON.
[23:11:10 +5m 38s | thequantuminsider_2023_12_27_top_predictions_in_quantum_for_2024] Extracting actors: https://thequantuminsider.com/2023/12/27/top-predictions-in-quantum-for-2024 (1/1), chunk 35/40
[23:11:19 +5m 48s | thequantuminsider_2023_12_27_top_predictions_in_quantum_for_2024] Repaired malformed JSON.
[23:11:19 +5m 48s | thequantuminsider_2023_12_27_top_predictions_in_quantum_for_2024] Extracting actors: https://thequantuminsider.com/2023/12/27/top-predictions-in-quantum-for-2024 (1/1), chunk 36/40
[23:11:28 +5m 57s | thequantuminsider_2023_12_27_top_predictions_in_quantum_for_2024] Repaired malformed JSON.
[23:11:28 +5m 57s | thequantuminsider_2023_12_27_top_predictions_in_quantum_for_2024] Extracting actors: https://thequantuminsider.com/2023/12/27/top-predictions-in-quantum-for-2024 (1/1), chunk 37/40
[23:11:40 +6m 8s | thequantuminsider_2023_12_27_top_predictions_in_quantum_for_2024] Repaired malformed JSON.
[23:11:40 +6m 8s | thequantuminsider_2023_12_27_top_predictions_in_quantum_for_2024] Extracting actors: https://thequantuminsider.com/2023/12/27/top-predictions-in-quantum-for-2024 (1/1), chunk 38/40
[23:11:50 +6m 18s | thequantuminsider_2023_12_27_top_predictions_in_quantum_for_2024] Repaired malformed JSON.
[23:11:50 +6m 18s | thequantuminsider_2023_12_27_top_predictions_in_quantum_for_2024] Extracting actors: https://thequantuminsider.com/2023/12/27/top-predictions-in-quantum-for-2024 (1/1), chunk 39/40
[23:11:58 +6m 26s | thequantuminsider_2023_12_27_top_predictions_in_quantum_for_2024] Repaired malformed JSON.
[23:11:58 +6m 26s | thequantuminsider_2023_12_27_top_predictions_in_quantum_for_2024] Extracting actors: https://thequantuminsider.com/2023/12/27/top-predictions-in-quantum-for-2024 (1/1), chunk 40/40
[23:12:06 +6m 35s | thequantuminsider_2023_12_27_top_predictions_in_quantum_for_2024] Repaired malformed JSON.
[23:12:06 +6m 35s | thequantuminsider_2023_12_27_top_predictions_in_quantum_for_2024] Saved 1_actor_results.json with 59 extracted records

[23:12:07 +6m 35s | thequantuminsider_2023_12_27_top_predictions_in_quantum_for_2024] === 2 clean actors ===
[23:12:07 +6m 35s | thequantuminsider_2023_12_27_top_predictions_in_quantum_for_2024] Traceback (most recent call last):
[23:12:07 +6m 35s | thequantuminsider_2023_12_27_top_predictions_in_quantum_for_2024]   File "/home/lv/IDP/idpdeeptech/pipeline/clean_actors.py", line 429, in <module>
[23:12:07 +6m 35s | thequantuminsider_2023_12_27_top_predictions_in_quantum_for_2024]     main()
[23:12:07 +6m 35s | thequantuminsider_2023_12_27_top_predictions_in_quantum_for_2024]   File "/home/lv/IDP/idpdeeptech/pipeline/clean_actors.py", line 416, in main
[23:12:07 +6m 35s | thequantuminsider_2023_12_27_top_predictions_in_quantum_for_2024]     records = json.loads(INPUT_JSON.read_text(encoding="utf-8"))
[23:12:07 +6m 35s | thequantuminsider_2023_12_27_top_predictions_in_quantum_for_2024]   File "/usr/lib/python3.10/pathlib.py", line 1134, in read_text
[23:12:07 +6m 35s | thequantuminsider_2023_12_27_top_predictions_in_quantum_for_2024]     with self.open(mode='r', encoding=encoding, errors=errors) as f:
[23:12:07 +6m 35s | thequantuminsider_2023_12_27_top_predictions_in_quantum_for_2024]   File "/usr/lib/python3.10/pathlib.py", line 1119, in open
[23:12:07 +6m 35s | thequantuminsider_2023_12_27_top_predictions_in_quantum_for_2024]     return self._accessor.open(self, mode, buffering, encoding, errors,
[23:12:07 +6m 35s | thequantuminsider_2023_12_27_top_predictions_in_quantum_for_2024] FileNotFoundError: [Errno 2] No such file or directory: 'site_outputs/psiquantum_com/1_actor_results_pdf.json'

========================================================================
RUN FINISHED 2026-07-04 23:12:07  (FAILED)
Started:     2026-07-04 23:05:32
Elapsed:     6m 35s
========================================================================

========================================================================
RUN STARTED  2026-07-05 00:03:02
site_pipeline.py https://thequantuminsider.com/2023/12/27/top-predictions-in-quantum-for-2024/
========================================================================

[00:03:02 +0s | thequantuminsider_2023_12_27_top_predictions_in_quantum_for_2024] === 0 crawl site (skipped via auto (actor data already exists; pass --force to re-crawl), reusing /home/lv/IDP/idpdeeptech/pipeline/news_outputs/thequantuminsider_2023_12_27_top_predictions_in_quantum_for_2024/crawl_output) ===

[00:03:02 +0s | thequantuminsider_2023_12_27_top_predictions_in_quantum_for_2024] === 1 actor extraction ===
[00:03:02 +0s | thequantuminsider_2023_12_27_top_predictions_in_quantum_for_2024] Auto-resume: 1 (url, ordinal) pairs already done, skipping them.
[00:03:02 +0s | thequantuminsider_2023_12_27_top_predictions_in_quantum_for_2024] All 1 pages/URLs already processed (per 1_actor_results.progress.json). Nothing to do.
[00:03:02 +0s | thequantuminsider_2023_12_27_top_predictions_in_quantum_for_2024] Delete the progress sidecar to force a full re-run, or pass --start-page N.

[00:03:02 +0s | thequantuminsider_2023_12_27_top_predictions_in_quantum_for_2024] === 2 clean actors ===
[00:03:02 +0s | thequantuminsider_2023_12_27_top_predictions_in_quantum_for_2024] Loaded 59 extracted records
[00:03:02 +0s | thequantuminsider_2023_12_27_top_predictions_in_quantum_for_2024] Saved 2_actor_nodes.json with 23 canonical actor nodes

[00:03:02 +0s | thequantuminsider_2023_12_27_top_predictions_in_quantum_for_2024] === 3 interaction extraction ===
[00:03:02 +1s | thequantuminsider_2023_12_27_top_predictions_in_quantum_for_2024] Extracting interactions: https://thequantuminsider.com/2023/12/27/top-predictions-in-quantum-for-2024 (1/1), chunk 13/40
[00:03:10 +8s | thequantuminsider_2023_12_27_top_predictions_in_quantum_for_2024] Extracting interactions: https://thequantuminsider.com/2023/12/27/top-predictions-in-quantum-for-2024 (1/1), chunk 14/40
[00:03:28 +26s | thequantuminsider_2023_12_27_top_predictions_in_quantum_for_2024] Extracting interactions: https://thequantuminsider.com/2023/12/27/top-predictions-in-quantum-for-2024 (1/1), chunk 15/40
[00:03:37 +36s | thequantuminsider_2023_12_27_top_predictions_in_quantum_for_2024] Extracting interactions: https://thequantuminsider.com/2023/12/27/top-predictions-in-quantum-for-2024 (1/1), chunk 19/40
[00:03:43 +41s | thequantuminsider_2023_12_27_top_predictions_in_quantum_for_2024] Extracting interactions: https://thequantuminsider.com/2023/12/27/top-predictions-in-quantum-for-2024 (1/1), chunk 20/40
[00:03:50 +49s | thequantuminsider_2023_12_27_top_predictions_in_quantum_for_2024] Extracting interactions: https://thequantuminsider.com/2023/12/27/top-predictions-in-quantum-for-2024 (1/1), chunk 21/40
[00:04:09 +1m 8s | thequantuminsider_2023_12_27_top_predictions_in_quantum_for_2024] Extracting interactions: https://thequantuminsider.com/2023/12/27/top-predictions-in-quantum-for-2024 (1/1), chunk 22/40
[00:04:11 +1m 11s | thequantuminsider_2023_12_27_top_predictions_in_quantum_for_2024] Extracting interactions: https://thequantuminsider.com/2023/12/27/top-predictions-in-quantum-for-2024 (1/1), chunk 23/40
[00:04:14 +1m 13s | thequantuminsider_2023_12_27_top_predictions_in_quantum_for_2024] Extracting interactions: https://thequantuminsider.com/2023/12/27/top-predictions-in-quantum-for-2024 (1/1), chunk 24/40
[00:04:23 +1m 22s | thequantuminsider_2023_12_27_top_predictions_in_quantum_for_2024] Extracting interactions: https://thequantuminsider.com/2023/12/27/top-predictions-in-quantum-for-2024 (1/1), chunk 25/40
[00:04:27 +1m 27s | thequantuminsider_2023_12_27_top_predictions_in_quantum_for_2024] Extracting interactions: https://thequantuminsider.com/2023/12/27/top-predictions-in-quantum-for-2024 (1/1), chunk 27/40
[00:04:28 +1m 28s | thequantuminsider_2023_12_27_top_predictions_in_quantum_for_2024] Extracting interactions: https://thequantuminsider.com/2023/12/27/top-predictions-in-quantum-for-2024 (1/1), chunk 29/40
[00:04:34 +1m 34s | thequantuminsider_2023_12_27_top_predictions_in_quantum_for_2024] Extracting interactions: https://thequantuminsider.com/2023/12/27/top-predictions-in-quantum-for-2024 (1/1), chunk 30/40
[00:05:29 +2m 30s | thequantuminsider_2023_12_27_top_predictions_in_quantum_for_2024] Extracting interactions: https://thequantuminsider.com/2023/12/27/top-predictions-in-quantum-for-2024 (1/1), chunk 31/40
[00:05:31 +2m 31s | thequantuminsider_2023_12_27_top_predictions_in_quantum_for_2024] Extracting interactions: https://thequantuminsider.com/2023/12/27/top-predictions-in-quantum-for-2024 (1/1), chunk 32/40
[00:05:31 +2m 33s | thequantuminsider_2023_12_27_top_predictions_in_quantum_for_2024] Extracting interactions: https://thequantuminsider.com/2023/12/27/top-predictions-in-quantum-for-2024 (1/1), chunk 33/40
[00:05:34 +2m 35s | thequantuminsider_2023_12_27_top_predictions_in_quantum_for_2024] Extracting interactions: https://thequantuminsider.com/2023/12/27/top-predictions-in-quantum-for-2024 (1/1), chunk 34/40
[00:05:35 +2m 37s | thequantuminsider_2023_12_27_top_predictions_in_quantum_for_2024] Extracting interactions: https://thequantuminsider.com/2023/12/27/top-predictions-in-quantum-for-2024 (1/1), chunk 35/40
[00:05:37 +2m 38s | thequantuminsider_2023_12_27_top_predictions_in_quantum_for_2024] Extracting interactions: https://thequantuminsider.com/2023/12/27/top-predictions-in-quantum-for-2024 (1/1), chunk 36/40
[00:05:39 +2m 40s | thequantuminsider_2023_12_27_top_predictions_in_quantum_for_2024] Extracting interactions: https://thequantuminsider.com/2023/12/27/top-predictions-in-quantum-for-2024 (1/1), chunk 37/40
[00:05:41 +2m 42s | thequantuminsider_2023_12_27_top_predictions_in_quantum_for_2024] Extracting interactions: https://thequantuminsider.com/2023/12/27/top-predictions-in-quantum-for-2024 (1/1), chunk 38/40
[00:05:44 +2m 45s | thequantuminsider_2023_12_27_top_predictions_in_quantum_for_2024] Extracting interactions: https://thequantuminsider.com/2023/12/27/top-predictions-in-quantum-for-2024 (1/1), chunk 39/40
[00:05:45 +2m 46s | thequantuminsider_2023_12_27_top_predictions_in_quantum_for_2024] Extracting interactions: https://thequantuminsider.com/2023/12/27/top-predictions-in-quantum-for-2024 (1/1), chunk 40/40
[00:05:47 +2m 48s | thequantuminsider_2023_12_27_top_predictions_in_quantum_for_2024] Saved 3_interaction_results.json with 16 extracted interactions.

[00:05:47 +2m 48s | thequantuminsider_2023_12_27_top_predictions_in_quantum_for_2024] === 4 clean interactions ===
[00:05:47 +2m 48s | thequantuminsider_2023_12_27_top_predictions_in_quantum_for_2024] Saved 4_edges.json with 1 cleaned interactions.

[00:05:47 +2m 48s | thequantuminsider_2023_12_27_top_predictions_in_quantum_for_2024] === 5 helix enrichment ===
[00:05:47 +2m 48s | thequantuminsider_2023_12_27_top_predictions_in_quantum_for_2024] Wrote 5_nodes.json (23 actors)
[00:05:47 +2m 48s | thequantuminsider_2023_12_27_top_predictions_in_quantum_for_2024] Wrote 5_edges.json (1 interactions)
[00:05:47 +2m 48s | thequantuminsider_2023_12_27_top_predictions_in_quantum_for_2024] Actor helix counts: {'Academia': 2, 'Civil Society': 3, 'Industry': 5, 'Intermediary': 2, 'Unknown': 11}
[00:05:47 +2m 48s | thequantuminsider_2023_12_27_top_predictions_in_quantum_for_2024] Functional-space counts: {'Intra-helix / Not classified': 1}

[00:05:47 +2m 48s | thequantuminsider_2023_12_27_top_predictions_in_quantum_for_2024] === 6 network visualisation ===
[00:05:47 +2m 48s | thequantuminsider_2023_12_27_top_predictions_in_quantum_for_2024] Wrote quantum_network.html
[00:05:47 +2m 48s | thequantuminsider_2023_12_27_top_predictions_in_quantum_for_2024] Nodes: 23
[00:05:47 +2m 48s | thequantuminsider_2023_12_27_top_predictions_in_quantum_for_2024] Edges: 1

[00:05:47 +2m 48s | thequantuminsider_2023_12_27_top_predictions_in_quantum_for_2024] Done. Outputs written to: /home/lv/IDP/idpdeeptech/pipeline/news_outputs/thequantuminsider_2023_12_27_top_predictions_in_quantum_for_2024
[00:05:47 +2m 48s | thequantuminsider_2023_12_27_top_predictions_in_quantum_for_2024] Log: /home/lv/IDP/idpdeeptech/pipeline/news_outputs/thequantuminsider_2023_12_27_top_predictions_in_quantum_for_2024/run.log

========================================================================
RUN FINISHED 2026-07-05 00:05:47  (OK)
Started:     2026-07-05 00:03:02
Elapsed:     2m 48s
========================================================================
