
========================================================================
RUN STARTED  2026-07-05 08:40:37
site_pipeline.py https://thequantuminsider.com/2023/09/13/d-wave-ceo-foresees-quantum-computing-revolutionizing-business-operations/
========================================================================

[08:40:37 +0s | thequantuminsider_2023_09_13_d_wave_ceo_foresees_quantum_computing_revolutionizing_busine_e82490bd] === 0 crawl site ===
[08:40:38 +1s | thequantuminsider_2023_09_13_d_wave_ceo_foresees_quantum_computing_revolutionizing_busine_e82490bd] [INIT].... → Crawl4AI 0.8.6 
[08:40:41 +4s | thequantuminsider_2023_09_13_d_wave_ceo_foresees_quantum_computing_revolutionizing_busine_e82490bd] [FETCH]... ↓ https://thequantuminsider.com/2023/09/13/d-wave-...m-computing-revolutionizing-business-operations/  | ✓ | ⏱: 2.63s 
[08:40:41 +4s | thequantuminsider_2023_09_13_d_wave_ceo_foresees_quantum_computing_revolutionizing_busine_e82490bd] [SCRAPE].. ◆ https://thequantuminsider.com/2023/09/13/d-wave-...m-computing-revolutionizing-business-operations/  | ✓ | ⏱: 0.13s 
[08:40:41 +4s | thequantuminsider_2023_09_13_d_wave_ceo_foresees_quantum_computing_revolutionizing_busine_e82490bd] [COMPLETE] ● https://thequantuminsider.com/2023/09/13/d-wave-...m-computing-revolutionizing-business-operations/  | ✓ | ⏱: 2.78s 
[08:40:41 +4s | thequantuminsider_2023_09_13_d_wave_ceo_foresees_quantum_computing_revolutionizing_busine_e82490bd] Saved: crawl_output/49c5fa58a4_thequantuminsider.com_2023_09_13_d-wave-ceo-foresees-quantum-computing-revolutionizing-business-operations.json

[08:40:41 +5s | thequantuminsider_2023_09_13_d_wave_ceo_foresees_quantum_computing_revolutionizing_busine_e82490bd] === 1 actor extraction ===
[08:40:42 +5s | thequantuminsider_2023_09_13_d_wave_ceo_foresees_quantum_computing_revolutionizing_busine_e82490bd] Reading page (1/1): https://thequantuminsider.com/2023/09/13/d-wave-ceo-foresees-quantum-computing-revolutionizing-business-operations
[08:40:42 +5s | thequantuminsider_2023_09_13_d_wave_ceo_foresees_quantum_computing_revolutionizing_busine_e82490bd] Extracting actors: https://thequantuminsider.com/2023/09/13/d-wave-ceo-foresees-quantum-computing-revolutionizing-business-operations (1/1), chunk 1/37
[08:40:46 +9s | thequantuminsider_2023_09_13_d_wave_ceo_foresees_quantum_computing_revolutionizing_busine_e82490bd] Extracting actors: https://thequantuminsider.com/2023/09/13/d-wave-ceo-foresees-quantum-computing-revolutionizing-business-operations (1/1), chunk 2/37
[08:40:47 +13s | thequantuminsider_2023_09_13_d_wave_ceo_foresees_quantum_computing_revolutionizing_busine_e82490bd] Extracting actors: https://thequantuminsider.com/2023/09/13/d-wave-ceo-foresees-quantum-computing-revolutionizing-business-operations (1/1), chunk 3/37
[08:40:53 +18s | thequantuminsider_2023_09_13_d_wave_ceo_foresees_quantum_computing_revolutionizing_busine_e82490bd] Extracting actors: https://thequantuminsider.com/2023/09/13/d-wave-ceo-foresees-quantum-computing-revolutionizing-business-operations (1/1), chunk 4/37
[08:41:00 +26s | thequantuminsider_2023_09_13_d_wave_ceo_foresees_quantum_computing_revolutionizing_busine_e82490bd] Extracting actors: https://thequantuminsider.com/2023/09/13/d-wave-ceo-foresees-quantum-computing-revolutionizing-business-operations (1/1), chunk 5/37
[08:41:07 +33s | thequantuminsider_2023_09_13_d_wave_ceo_foresees_quantum_computing_revolutionizing_busine_e82490bd] Extracting actors: https://thequantuminsider.com/2023/09/13/d-wave-ceo-foresees-quantum-computing-revolutionizing-business-operations (1/1), chunk 6/37
[08:41:14 +40s | thequantuminsider_2023_09_13_d_wave_ceo_foresees_quantum_computing_revolutionizing_busine_e82490bd] Extracting actors: https://thequantuminsider.com/2023/09/13/d-wave-ceo-foresees-quantum-computing-revolutionizing-business-operations (1/1), chunk 7/37
[08:41:16 +45s | thequantuminsider_2023_09_13_d_wave_ceo_foresees_quantum_computing_revolutionizing_busine_e82490bd] Extracting actors: https://thequantuminsider.com/2023/09/13/d-wave-ceo-foresees-quantum-computing-revolutionizing-business-operations (1/1), chunk 8/37
[08:41:21 +50s | thequantuminsider_2023_09_13_d_wave_ceo_foresees_quantum_computing_revolutionizing_busine_e82490bd] Extracting actors: https://thequantuminsider.com/2023/09/13/d-wave-ceo-foresees-quantum-computing-revolutionizing-business-operations (1/1), chunk 9/37
[08:41:26 +54s | thequantuminsider_2023_09_13_d_wave_ceo_foresees_quantum_computing_revolutionizing_busine_e82490bd] Extracting actors: https://thequantuminsider.com/2023/09/13/d-wave-ceo-foresees-quantum-computing-revolutionizing-business-operations (1/1), chunk 10/37
[08:41:30 +58s | thequantuminsider_2023_09_13_d_wave_ceo_foresees_quantum_computing_revolutionizing_busine_e82490bd] Extracting actors: https://thequantuminsider.com/2023/09/13/d-wave-ceo-foresees-quantum-computing-revolutionizing-business-operations (1/1), chunk 11/37
[08:41:36 +1m 5s | thequantuminsider_2023_09_13_d_wave_ceo_foresees_quantum_computing_revolutionizing_busine_e82490bd] Repaired malformed JSON.
[08:41:36 +1m 5s | thequantuminsider_2023_09_13_d_wave_ceo_foresees_quantum_computing_revolutionizing_busine_e82490bd] Extracting actors: https://thequantuminsider.com/2023/09/13/d-wave-ceo-foresees-quantum-computing-revolutionizing-business-operations (1/1), chunk 12/37
[08:41:44 +1m 13s | thequantuminsider_2023_09_13_d_wave_ceo_foresees_quantum_computing_revolutionizing_busine_e82490bd] Repaired malformed JSON.
[08:41:44 +1m 13s | thequantuminsider_2023_09_13_d_wave_ceo_foresees_quantum_computing_revolutionizing_busine_e82490bd] Extracting actors: https://thequantuminsider.com/2023/09/13/d-wave-ceo-foresees-quantum-computing-revolutionizing-business-operations (1/1), chunk 13/37
[08:41:54 +1m 25s | thequantuminsider_2023_09_13_d_wave_ceo_foresees_quantum_computing_revolutionizing_busine_e82490bd] Repaired malformed JSON.
[08:41:54 +1m 25s | thequantuminsider_2023_09_13_d_wave_ceo_foresees_quantum_computing_revolutionizing_busine_e82490bd] Extracting actors: https://thequantuminsider.com/2023/09/13/d-wave-ceo-foresees-quantum-computing-revolutionizing-business-operations (1/1), chunk 14/37
[08:42:17 +1m 48s | thequantuminsider_2023_09_13_d_wave_ceo_foresees_quantum_computing_revolutionizing_busine_e82490bd] Repaired malformed JSON.
[08:42:17 +1m 48s | thequantuminsider_2023_09_13_d_wave_ceo_foresees_quantum_computing_revolutionizing_busine_e82490bd] Extracting actors: https://thequantuminsider.com/2023/09/13/d-wave-ceo-foresees-quantum-computing-revolutionizing-business-operations (1/1), chunk 15/37
[08:42:22 +1m 56s | thequantuminsider_2023_09_13_d_wave_ceo_foresees_quantum_computing_revolutionizing_busine_e82490bd] Repaired malformed JSON.
[08:42:22 +1m 56s | thequantuminsider_2023_09_13_d_wave_ceo_foresees_quantum_computing_revolutionizing_busine_e82490bd] Extracting actors: https://thequantuminsider.com/2023/09/13/d-wave-ceo-foresees-quantum-computing-revolutionizing-business-operations (1/1), chunk 16/37
[08:42:32 +2m 5s | thequantuminsider_2023_09_13_d_wave_ceo_foresees_quantum_computing_revolutionizing_busine_e82490bd] Repaired malformed JSON.
[08:42:32 +2m 5s | thequantuminsider_2023_09_13_d_wave_ceo_foresees_quantum_computing_revolutionizing_busine_e82490bd] Extracting actors: https://thequantuminsider.com/2023/09/13/d-wave-ceo-foresees-quantum-computing-revolutionizing-business-operations (1/1), chunk 17/37
[08:42:38 +2m 12s | thequantuminsider_2023_09_13_d_wave_ceo_foresees_quantum_computing_revolutionizing_busine_e82490bd] Repaired malformed JSON.
[08:42:38 +2m 12s | thequantuminsider_2023_09_13_d_wave_ceo_foresees_quantum_computing_revolutionizing_busine_e82490bd] Extracting actors: https://thequantuminsider.com/2023/09/13/d-wave-ceo-foresees-quantum-computing-revolutionizing-business-operations (1/1), chunk 18/37
[08:42:45 +2m 19s | thequantuminsider_2023_09_13_d_wave_ceo_foresees_quantum_computing_revolutionizing_busine_e82490bd] Repaired malformed JSON.
[08:42:45 +2m 19s | thequantuminsider_2023_09_13_d_wave_ceo_foresees_quantum_computing_revolutionizing_busine_e82490bd] Extracting actors: https://thequantuminsider.com/2023/09/13/d-wave-ceo-foresees-quantum-computing-revolutionizing-business-operations (1/1), chunk 19/37
[08:42:52 +2m 28s | thequantuminsider_2023_09_13_d_wave_ceo_foresees_quantum_computing_revolutionizing_busine_e82490bd] Repaired malformed JSON.
[08:42:52 +2m 28s | thequantuminsider_2023_09_13_d_wave_ceo_foresees_quantum_computing_revolutionizing_busine_e82490bd] Extracting actors: https://thequantuminsider.com/2023/09/13/d-wave-ceo-foresees-quantum-computing-revolutionizing-business-operations (1/1), chunk 20/37
[08:43:12 +2m 48s | thequantuminsider_2023_09_13_d_wave_ceo_foresees_quantum_computing_revolutionizing_busine_e82490bd] Repaired malformed JSON.
[08:43:12 +2m 48s | thequantuminsider_2023_09_13_d_wave_ceo_foresees_quantum_computing_revolutionizing_busine_e82490bd] Extracting actors: https://thequantuminsider.com/2023/09/13/d-wave-ceo-foresees-quantum-computing-revolutionizing-business-operations (1/1), chunk 21/37
[08:43:18 +2m 57s | thequantuminsider_2023_09_13_d_wave_ceo_foresees_quantum_computing_revolutionizing_busine_e82490bd] Repaired malformed JSON.
[08:43:18 +2m 57s | thequantuminsider_2023_09_13_d_wave_ceo_foresees_quantum_computing_revolutionizing_busine_e82490bd] Extracting actors: https://thequantuminsider.com/2023/09/13/d-wave-ceo-foresees-quantum-computing-revolutionizing-business-operations (1/1), chunk 22/37
[08:43:25 +3m 4s | thequantuminsider_2023_09_13_d_wave_ceo_foresees_quantum_computing_revolutionizing_busine_e82490bd] Repaired malformed JSON.
[08:43:25 +3m 4s | thequantuminsider_2023_09_13_d_wave_ceo_foresees_quantum_computing_revolutionizing_busine_e82490bd] Extracting actors: https://thequantuminsider.com/2023/09/13/d-wave-ceo-foresees-quantum-computing-revolutionizing-business-operations (1/1), chunk 23/37
[08:43:36 +3m 14s | thequantuminsider_2023_09_13_d_wave_ceo_foresees_quantum_computing_revolutionizing_busine_e82490bd] Repaired malformed JSON.
[08:43:36 +3m 14s | thequantuminsider_2023_09_13_d_wave_ceo_foresees_quantum_computing_revolutionizing_busine_e82490bd] Extracting actors: https://thequantuminsider.com/2023/09/13/d-wave-ceo-foresees-quantum-computing-revolutionizing-business-operations (1/1), chunk 24/37
[08:43:42 +3m 21s | thequantuminsider_2023_09_13_d_wave_ceo_foresees_quantum_computing_revolutionizing_busine_e82490bd] Repaired malformed JSON.
[08:43:42 +3m 21s | thequantuminsider_2023_09_13_d_wave_ceo_foresees_quantum_computing_revolutionizing_busine_e82490bd] Extracting actors: https://thequantuminsider.com/2023/09/13/d-wave-ceo-foresees-quantum-computing-revolutionizing-business-operations (1/1), chunk 25/37
[08:43:45 +3m 27s | thequantuminsider_2023_09_13_d_wave_ceo_foresees_quantum_computing_revolutionizing_busine_e82490bd] Extracting actors: https://thequantuminsider.com/2023/09/13/d-wave-ceo-foresees-quantum-computing-revolutionizing-business-operations (1/1), chunk 26/37
[08:44:13 +3m 54s | thequantuminsider_2023_09_13_d_wave_ceo_foresees_quantum_computing_revolutionizing_busine_e82490bd] Repaired malformed JSON.
[08:44:13 +3m 54s | thequantuminsider_2023_09_13_d_wave_ceo_foresees_quantum_computing_revolutionizing_busine_e82490bd] Extracting actors: https://thequantuminsider.com/2023/09/13/d-wave-ceo-foresees-quantum-computing-revolutionizing-business-operations (1/1), chunk 27/37
[08:44:28 +4m 12s | thequantuminsider_2023_09_13_d_wave_ceo_foresees_quantum_computing_revolutionizing_busine_e82490bd] Extracting actors: https://thequantuminsider.com/2023/09/13/d-wave-ceo-foresees-quantum-computing-revolutionizing-business-operations (1/1), chunk 28/37
[08:44:34 +4m 18s | thequantuminsider_2023_09_13_d_wave_ceo_foresees_quantum_computing_revolutionizing_busine_e82490bd] Extracting actors: https://thequantuminsider.com/2023/09/13/d-wave-ceo-foresees-quantum-computing-revolutionizing-business-operations (1/1), chunk 29/37
[08:44:43 +4m 26s | thequantuminsider_2023_09_13_d_wave_ceo_foresees_quantum_computing_revolutionizing_busine_e82490bd] Repaired malformed JSON.
[08:44:43 +4m 26s | thequantuminsider_2023_09_13_d_wave_ceo_foresees_quantum_computing_revolutionizing_busine_e82490bd] Extracting actors: https://thequantuminsider.com/2023/09/13/d-wave-ceo-foresees-quantum-computing-revolutionizing-business-operations (1/1), chunk 30/37
[08:44:57 +4m 44s | thequantuminsider_2023_09_13_d_wave_ceo_foresees_quantum_computing_revolutionizing_busine_e82490bd] Repaired malformed JSON.
[08:44:57 +4m 44s | thequantuminsider_2023_09_13_d_wave_ceo_foresees_quantum_computing_revolutionizing_busine_e82490bd] Extracting actors: https://thequantuminsider.com/2023/09/13/d-wave-ceo-foresees-quantum-computing-revolutionizing-business-operations (1/1), chunk 31/37
[08:45:22 +5m 11s | thequantuminsider_2023_09_13_d_wave_ceo_foresees_quantum_computing_revolutionizing_busine_e82490bd] Repaired malformed JSON.
[08:45:22 +5m 11s | thequantuminsider_2023_09_13_d_wave_ceo_foresees_quantum_computing_revolutionizing_busine_e82490bd] Extracting actors: https://thequantuminsider.com/2023/09/13/d-wave-ceo-foresees-quantum-computing-revolutionizing-business-operations (1/1), chunk 32/37
[08:45:28 +5m 17s | thequantuminsider_2023_09_13_d_wave_ceo_foresees_quantum_computing_revolutionizing_busine_e82490bd] Extracting actors: https://thequantuminsider.com/2023/09/13/d-wave-ceo-foresees-quantum-computing-revolutionizing-business-operations (1/1), chunk 33/37
[08:45:35 +5m 24s | thequantuminsider_2023_09_13_d_wave_ceo_foresees_quantum_computing_revolutionizing_busine_e82490bd] Repaired malformed JSON.
[08:45:35 +5m 24s | thequantuminsider_2023_09_13_d_wave_ceo_foresees_quantum_computing_revolutionizing_busine_e82490bd] Extracting actors: https://thequantuminsider.com/2023/09/13/d-wave-ceo-foresees-quantum-computing-revolutionizing-business-operations (1/1), chunk 34/37
[08:45:41 +5m 30s | thequantuminsider_2023_09_13_d_wave_ceo_foresees_quantum_computing_revolutionizing_busine_e82490bd] Repaired malformed JSON.
[08:45:41 +5m 30s | thequantuminsider_2023_09_13_d_wave_ceo_foresees_quantum_computing_revolutionizing_busine_e82490bd] Extracting actors: https://thequantuminsider.com/2023/09/13/d-wave-ceo-foresees-quantum-computing-revolutionizing-business-operations (1/1), chunk 35/37
[08:45:42 +5m 31s | thequantuminsider_2023_09_13_d_wave_ceo_foresees_quantum_computing_revolutionizing_busine_e82490bd] Extracting actors: https://thequantuminsider.com/2023/09/13/d-wave-ceo-foresees-quantum-computing-revolutionizing-business-operations (1/1), chunk 36/37
[08:45:49 +5m 41s | thequantuminsider_2023_09_13_d_wave_ceo_foresees_quantum_computing_revolutionizing_busine_e82490bd] Repaired malformed JSON.
[08:45:49 +5m 41s | thequantuminsider_2023_09_13_d_wave_ceo_foresees_quantum_computing_revolutionizing_busine_e82490bd] Extracting actors: https://thequantuminsider.com/2023/09/13/d-wave-ceo-foresees-quantum-computing-revolutionizing-business-operations (1/1), chunk 37/37
[08:45:54 +5m 46s | thequantuminsider_2023_09_13_d_wave_ceo_foresees_quantum_computing_revolutionizing_busine_e82490bd] Saved 1_actor_results.json with 52 extracted records

[08:45:54 +5m 46s | thequantuminsider_2023_09_13_d_wave_ceo_foresees_quantum_computing_revolutionizing_busine_e82490bd] === 2 clean actors ===
[08:45:54 +5m 46s | thequantuminsider_2023_09_13_d_wave_ceo_foresees_quantum_computing_revolutionizing_busine_e82490bd] Loaded 52 extracted records
[08:45:54 +5m 46s | thequantuminsider_2023_09_13_d_wave_ceo_foresees_quantum_computing_revolutionizing_busine_e82490bd] Saved 2_actor_nodes.json with 18 canonical actor nodes

[08:45:54 +5m 46s | thequantuminsider_2023_09_13_d_wave_ceo_foresees_quantum_computing_revolutionizing_busine_e82490bd] === 3 interaction extraction ===
[08:45:54 +5m 46s | thequantuminsider_2023_09_13_d_wave_ceo_foresees_quantum_computing_revolutionizing_busine_e82490bd] Extracting interactions: https://thequantuminsider.com/2023/09/13/d-wave-ceo-foresees-quantum-computing-revolutionizing-business-operations (1/1), chunk 11/37
[08:45:59 +5m 50s | thequantuminsider_2023_09_13_d_wave_ceo_foresees_quantum_computing_revolutionizing_busine_e82490bd] Extracting interactions: https://thequantuminsider.com/2023/09/13/d-wave-ceo-foresees-quantum-computing-revolutionizing-business-operations (1/1), chunk 12/37
[08:46:03 +5m 54s | thequantuminsider_2023_09_13_d_wave_ceo_foresees_quantum_computing_revolutionizing_busine_e82490bd] Extracting interactions: https://thequantuminsider.com/2023/09/13/d-wave-ceo-foresees-quantum-computing-revolutionizing-business-operations (1/1), chunk 13/37
[08:46:14 +6m 5s | thequantuminsider_2023_09_13_d_wave_ceo_foresees_quantum_computing_revolutionizing_busine_e82490bd] Extracting interactions: https://thequantuminsider.com/2023/09/13/d-wave-ceo-foresees-quantum-computing-revolutionizing-business-operations (1/1), chunk 14/37
[08:46:21 +6m 15s | thequantuminsider_2023_09_13_d_wave_ceo_foresees_quantum_computing_revolutionizing_busine_e82490bd] Extracting interactions: https://thequantuminsider.com/2023/09/13/d-wave-ceo-foresees-quantum-computing-revolutionizing-business-operations (1/1), chunk 15/37
[08:46:27 +6m 21s | thequantuminsider_2023_09_13_d_wave_ceo_foresees_quantum_computing_revolutionizing_busine_e82490bd] Extracting interactions: https://thequantuminsider.com/2023/09/13/d-wave-ceo-foresees-quantum-computing-revolutionizing-business-operations (1/1), chunk 16/37
[08:46:43 +6m 37s | thequantuminsider_2023_09_13_d_wave_ceo_foresees_quantum_computing_revolutionizing_busine_e82490bd] Extracting interactions: https://thequantuminsider.com/2023/09/13/d-wave-ceo-foresees-quantum-computing-revolutionizing-business-operations (1/1), chunk 17/37
[08:46:45 +6m 42s | thequantuminsider_2023_09_13_d_wave_ceo_foresees_quantum_computing_revolutionizing_busine_e82490bd] Extracting interactions: https://thequantuminsider.com/2023/09/13/d-wave-ceo-foresees-quantum-computing-revolutionizing-business-operations (1/1), chunk 18/37
[08:46:48 +6m 45s | thequantuminsider_2023_09_13_d_wave_ceo_foresees_quantum_computing_revolutionizing_busine_e82490bd] Extracting interactions: https://thequantuminsider.com/2023/09/13/d-wave-ceo-foresees-quantum-computing-revolutionizing-business-operations (1/1), chunk 19/37
[08:46:51 +6m 47s | thequantuminsider_2023_09_13_d_wave_ceo_foresees_quantum_computing_revolutionizing_busine_e82490bd] Extracting interactions: https://thequantuminsider.com/2023/09/13/d-wave-ceo-foresees-quantum-computing-revolutionizing-business-operations (1/1), chunk 20/37
[08:46:52 +6m 49s | thequantuminsider_2023_09_13_d_wave_ceo_foresees_quantum_computing_revolutionizing_busine_e82490bd] Extracting interactions: https://thequantuminsider.com/2023/09/13/d-wave-ceo-foresees-quantum-computing-revolutionizing-business-operations (1/1), chunk 21/37
[08:47:10 +7m 7s | thequantuminsider_2023_09_13_d_wave_ceo_foresees_quantum_computing_revolutionizing_busine_e82490bd] Extracting interactions: https://thequantuminsider.com/2023/09/13/d-wave-ceo-foresees-quantum-computing-revolutionizing-business-operations (1/1), chunk 22/37
[08:47:14 +7m 13s | thequantuminsider_2023_09_13_d_wave_ceo_foresees_quantum_computing_revolutionizing_busine_e82490bd] Extracting interactions: https://thequantuminsider.com/2023/09/13/d-wave-ceo-foresees-quantum-computing-revolutionizing-business-operations (1/1), chunk 26/37
[08:47:22 +7m 21s | thequantuminsider_2023_09_13_d_wave_ceo_foresees_quantum_computing_revolutionizing_busine_e82490bd] Extracting interactions: https://thequantuminsider.com/2023/09/13/d-wave-ceo-foresees-quantum-computing-revolutionizing-business-operations (1/1), chunk 27/37
[08:47:23 +7m 23s | thequantuminsider_2023_09_13_d_wave_ceo_foresees_quantum_computing_revolutionizing_busine_e82490bd] Extracting interactions: https://thequantuminsider.com/2023/09/13/d-wave-ceo-foresees-quantum-computing-revolutionizing-business-operations (1/1), chunk 28/37
[08:47:25 +7m 24s | thequantuminsider_2023_09_13_d_wave_ceo_foresees_quantum_computing_revolutionizing_busine_e82490bd] Extracting interactions: https://thequantuminsider.com/2023/09/13/d-wave-ceo-foresees-quantum-computing-revolutionizing-business-operations (1/1), chunk 30/37
[08:47:28 +7m 27s | thequantuminsider_2023_09_13_d_wave_ceo_foresees_quantum_computing_revolutionizing_busine_e82490bd] Extracting interactions: https://thequantuminsider.com/2023/09/13/d-wave-ceo-foresees-quantum-computing-revolutionizing-business-operations (1/1), chunk 31/37
[08:47:29 +7m 28s | thequantuminsider_2023_09_13_d_wave_ceo_foresees_quantum_computing_revolutionizing_busine_e82490bd] Extracting interactions: https://thequantuminsider.com/2023/09/13/d-wave-ceo-foresees-quantum-computing-revolutionizing-business-operations (1/1), chunk 32/37
[08:47:40 +7m 39s | thequantuminsider_2023_09_13_d_wave_ceo_foresees_quantum_computing_revolutionizing_busine_e82490bd] Extracting interactions: https://thequantuminsider.com/2023/09/13/d-wave-ceo-foresees-quantum-computing-revolutionizing-business-operations (1/1), chunk 33/37
[08:47:41 +7m 41s | thequantuminsider_2023_09_13_d_wave_ceo_foresees_quantum_computing_revolutionizing_busine_e82490bd] Extracting interactions: https://thequantuminsider.com/2023/09/13/d-wave-ceo-foresees-quantum-computing-revolutionizing-business-operations (1/1), chunk 35/37
[08:47:43 +7m 42s | thequantuminsider_2023_09_13_d_wave_ceo_foresees_quantum_computing_revolutionizing_busine_e82490bd] Extracting interactions: https://thequantuminsider.com/2023/09/13/d-wave-ceo-foresees-quantum-computing-revolutionizing-business-operations (1/1), chunk 36/37
[08:47:42 +7m 44s | thequantuminsider_2023_09_13_d_wave_ceo_foresees_quantum_computing_revolutionizing_busine_e82490bd] Saved 3_interaction_results.json with 17 extracted interactions.

[08:47:42 +7m 44s | thequantuminsider_2023_09_13_d_wave_ceo_foresees_quantum_computing_revolutionizing_busine_e82490bd] === 4 clean interactions ===
[08:47:42 +7m 44s | thequantuminsider_2023_09_13_d_wave_ceo_foresees_quantum_computing_revolutionizing_busine_e82490bd] Saved 4_edges.json with 5 cleaned interactions.

[08:47:42 +7m 44s | thequantuminsider_2023_09_13_d_wave_ceo_foresees_quantum_computing_revolutionizing_busine_e82490bd] === 5 helix enrichment ===
[08:47:42 +7m 44s | thequantuminsider_2023_09_13_d_wave_ceo_foresees_quantum_computing_revolutionizing_busine_e82490bd] Wrote 5_nodes.json (18 actors)
[08:47:42 +7m 44s | thequantuminsider_2023_09_13_d_wave_ceo_foresees_quantum_computing_revolutionizing_busine_e82490bd] Wrote 5_edges.json (5 interactions)
[08:47:42 +7m 44s | thequantuminsider_2023_09_13_d_wave_ceo_foresees_quantum_computing_revolutionizing_busine_e82490bd] Actor helix counts: {'Civil Society': 4, 'Industry': 5, 'Unknown': 9}
[08:47:42 +7m 44s | thequantuminsider_2023_09_13_d_wave_ceo_foresees_quantum_computing_revolutionizing_busine_e82490bd] Functional-space counts: {'Unknown': 5}

[08:47:42 +7m 44s | thequantuminsider_2023_09_13_d_wave_ceo_foresees_quantum_computing_revolutionizing_busine_e82490bd] === 6 network visualisation ===
[08:47:43 +7m 44s | thequantuminsider_2023_09_13_d_wave_ceo_foresees_quantum_computing_revolutionizing_busine_e82490bd] Wrote quantum_network.html
[08:47:43 +7m 44s | thequantuminsider_2023_09_13_d_wave_ceo_foresees_quantum_computing_revolutionizing_busine_e82490bd] Nodes: 18
[08:47:43 +7m 44s | thequantuminsider_2023_09_13_d_wave_ceo_foresees_quantum_computing_revolutionizing_busine_e82490bd] Edges: 5

[08:47:43 +7m 44s | thequantuminsider_2023_09_13_d_wave_ceo_foresees_quantum_computing_revolutionizing_busine_e82490bd] Done. Outputs written to: /home/lv/IDP/idpdeeptech/pipeline/news_outputs/thequantuminsider_2023_09_13_d_wave_ceo_foresees_quantum_computing_revolutionizing_busine_e82490bd
[08:47:43 +7m 44s | thequantuminsider_2023_09_13_d_wave_ceo_foresees_quantum_computing_revolutionizing_busine_e82490bd] Log: /home/lv/IDP/idpdeeptech/pipeline/news_outputs/thequantuminsider_2023_09_13_d_wave_ceo_foresees_quantum_computing_revolutionizing_busine_e82490bd/run.log

========================================================================
RUN FINISHED 2026-07-05 08:47:43  (OK)
Started:     2026-07-05 08:40:37
Elapsed:     7m 44s
========================================================================
