
========================================================================
RUN STARTED  2026-07-04 22:34:18
site_pipeline.py https://thequantuminsider.com/2024/01/06/2023-a-year-of-growth-and-collaboration-for-quantum-computing/
========================================================================

[22:34:18 +0s | thequantuminsider_2024_01_06_2023_a_year_of_growth_and_collaboration_for_quantum_computing] === 0 crawl site ===
[22:34:19 +1s | thequantuminsider_2024_01_06_2023_a_year_of_growth_and_collaboration_for_quantum_computing] [INIT].... → Crawl4AI 0.8.6 
[22:34:21 +3s | thequantuminsider_2024_01_06_2023_a_year_of_growth_and_collaboration_for_quantum_computing] [FETCH]... ↓ https://thequantuminsider.com/2024/01/06/2023-a-...-growth-and-collaboration-for-quantum-computing/  | ✓ | ⏱: 1.94s 
[22:34:21 +3s | thequantuminsider_2024_01_06_2023_a_year_of_growth_and_collaboration_for_quantum_computing] [SCRAPE].. ◆ https://thequantuminsider.com/2024/01/06/2023-a-...-growth-and-collaboration-for-quantum-computing/  | ✓ | ⏱: 0.12s 
[22:34:21 +3s | thequantuminsider_2024_01_06_2023_a_year_of_growth_and_collaboration_for_quantum_computing] [COMPLETE] ● https://thequantuminsider.com/2024/01/06/2023-a-...-growth-and-collaboration-for-quantum-computing/  | ✓ | ⏱: 2.08s 
[22:34:21 +3s | thequantuminsider_2024_01_06_2023_a_year_of_growth_and_collaboration_for_quantum_computing] Saved: crawl_output/16989a2217_thequantuminsider.com_2024_01_06_2023-a-year-of-growth-and-collaboration-for-quantum-computing.json

[22:34:21 +4s | thequantuminsider_2024_01_06_2023_a_year_of_growth_and_collaboration_for_quantum_computing] === 1 actor extraction ===
[22:34:21 +4s | thequantuminsider_2024_01_06_2023_a_year_of_growth_and_collaboration_for_quantum_computing] Reading page (1/1): https://thequantuminsider.com/2024/01/06/2023-a-year-of-growth-and-collaboration-for-quantum-computing
[22:34:21 +4s | thequantuminsider_2024_01_06_2023_a_year_of_growth_and_collaboration_for_quantum_computing] Extracting actors: https://thequantuminsider.com/2024/01/06/2023-a-year-of-growth-and-collaboration-for-quantum-computing (1/1), chunk 1/40
[22:34:26 +9s | thequantuminsider_2024_01_06_2023_a_year_of_growth_and_collaboration_for_quantum_computing] Extracting actors: https://thequantuminsider.com/2024/01/06/2023-a-year-of-growth-and-collaboration-for-quantum-computing (1/1), chunk 2/40
[22:34:32 +15s | thequantuminsider_2024_01_06_2023_a_year_of_growth_and_collaboration_for_quantum_computing] Extracting actors: https://thequantuminsider.com/2024/01/06/2023-a-year-of-growth-and-collaboration-for-quantum-computing (1/1), chunk 3/40
[22:34:38 +21s | thequantuminsider_2024_01_06_2023_a_year_of_growth_and_collaboration_for_quantum_computing] Extracting actors: https://thequantuminsider.com/2024/01/06/2023-a-year-of-growth-and-collaboration-for-quantum-computing (1/1), chunk 4/40
[22:34:44 +27s | thequantuminsider_2024_01_06_2023_a_year_of_growth_and_collaboration_for_quantum_computing] Extracting actors: https://thequantuminsider.com/2024/01/06/2023-a-year-of-growth-and-collaboration-for-quantum-computing (1/1), chunk 5/40
[22:34:49 +32s | thequantuminsider_2024_01_06_2023_a_year_of_growth_and_collaboration_for_quantum_computing] Extracting actors: https://thequantuminsider.com/2024/01/06/2023-a-year-of-growth-and-collaboration-for-quantum-computing (1/1), chunk 6/40
[22:34:55 +37s | thequantuminsider_2024_01_06_2023_a_year_of_growth_and_collaboration_for_quantum_computing] Extracting actors: https://thequantuminsider.com/2024/01/06/2023-a-year-of-growth-and-collaboration-for-quantum-computing (1/1), chunk 7/40
[22:35:01 +43s | thequantuminsider_2024_01_06_2023_a_year_of_growth_and_collaboration_for_quantum_computing] Extracting actors: https://thequantuminsider.com/2024/01/06/2023-a-year-of-growth-and-collaboration-for-quantum-computing (1/1), chunk 8/40
[22:35:22 +1m 5s | thequantuminsider_2024_01_06_2023_a_year_of_growth_and_collaboration_for_quantum_computing] Extracting actors: https://thequantuminsider.com/2024/01/06/2023-a-year-of-growth-and-collaboration-for-quantum-computing (1/1), chunk 9/40
[22:35:27 +1m 10s | thequantuminsider_2024_01_06_2023_a_year_of_growth_and_collaboration_for_quantum_computing] Extracting actors: https://thequantuminsider.com/2024/01/06/2023-a-year-of-growth-and-collaboration-for-quantum-computing (1/1), chunk 10/40
[22:35:32 +1m 15s | thequantuminsider_2024_01_06_2023_a_year_of_growth_and_collaboration_for_quantum_computing] Extracting actors: https://thequantuminsider.com/2024/01/06/2023-a-year-of-growth-and-collaboration-for-quantum-computing (1/1), chunk 11/40
[22:35:37 +1m 20s | thequantuminsider_2024_01_06_2023_a_year_of_growth_and_collaboration_for_quantum_computing] Extracting actors: https://thequantuminsider.com/2024/01/06/2023-a-year-of-growth-and-collaboration-for-quantum-computing (1/1), chunk 12/40
[22:35:43 +1m 25s | thequantuminsider_2024_01_06_2023_a_year_of_growth_and_collaboration_for_quantum_computing] Repaired malformed JSON.
[22:35:43 +1m 25s | thequantuminsider_2024_01_06_2023_a_year_of_growth_and_collaboration_for_quantum_computing] Extracting actors: https://thequantuminsider.com/2024/01/06/2023-a-year-of-growth-and-collaboration-for-quantum-computing (1/1), chunk 13/40
[22:35:52 +1m 34s | thequantuminsider_2024_01_06_2023_a_year_of_growth_and_collaboration_for_quantum_computing] Repaired malformed JSON.
[22:35:52 +1m 34s | thequantuminsider_2024_01_06_2023_a_year_of_growth_and_collaboration_for_quantum_computing] Extracting actors: https://thequantuminsider.com/2024/01/06/2023-a-year-of-growth-and-collaboration-for-quantum-computing (1/1), chunk 14/40
[22:35:59 +1m 42s | thequantuminsider_2024_01_06_2023_a_year_of_growth_and_collaboration_for_quantum_computing] Repaired malformed JSON.
[22:35:59 +1m 42s | thequantuminsider_2024_01_06_2023_a_year_of_growth_and_collaboration_for_quantum_computing] Extracting actors: https://thequantuminsider.com/2024/01/06/2023-a-year-of-growth-and-collaboration-for-quantum-computing (1/1), chunk 15/40
[22:36:06 +1m 49s | thequantuminsider_2024_01_06_2023_a_year_of_growth_and_collaboration_for_quantum_computing] Repaired malformed JSON.
[22:36:06 +1m 49s | thequantuminsider_2024_01_06_2023_a_year_of_growth_and_collaboration_for_quantum_computing] Extracting actors: https://thequantuminsider.com/2024/01/06/2023-a-year-of-growth-and-collaboration-for-quantum-computing (1/1), chunk 16/40
[22:36:13 +1m 56s | thequantuminsider_2024_01_06_2023_a_year_of_growth_and_collaboration_for_quantum_computing] Repaired malformed JSON.
[22:36:13 +1m 56s | thequantuminsider_2024_01_06_2023_a_year_of_growth_and_collaboration_for_quantum_computing] Extracting actors: https://thequantuminsider.com/2024/01/06/2023-a-year-of-growth-and-collaboration-for-quantum-computing (1/1), chunk 17/40
[22:36:20 +2m 2s | thequantuminsider_2024_01_06_2023_a_year_of_growth_and_collaboration_for_quantum_computing] Repaired malformed JSON.
[22:36:20 +2m 2s | thequantuminsider_2024_01_06_2023_a_year_of_growth_and_collaboration_for_quantum_computing] Extracting actors: https://thequantuminsider.com/2024/01/06/2023-a-year-of-growth-and-collaboration-for-quantum-computing (1/1), chunk 18/40
[22:36:29 +2m 12s | thequantuminsider_2024_01_06_2023_a_year_of_growth_and_collaboration_for_quantum_computing] Repaired malformed JSON.
[22:36:29 +2m 12s | thequantuminsider_2024_01_06_2023_a_year_of_growth_and_collaboration_for_quantum_computing] Extracting actors: https://thequantuminsider.com/2024/01/06/2023-a-year-of-growth-and-collaboration-for-quantum-computing (1/1), chunk 19/40
[22:36:38 +2m 21s | thequantuminsider_2024_01_06_2023_a_year_of_growth_and_collaboration_for_quantum_computing] Repaired malformed JSON.
[22:36:38 +2m 21s | thequantuminsider_2024_01_06_2023_a_year_of_growth_and_collaboration_for_quantum_computing] Extracting actors: https://thequantuminsider.com/2024/01/06/2023-a-year-of-growth-and-collaboration-for-quantum-computing (1/1), chunk 20/40
[22:36:45 +2m 28s | thequantuminsider_2024_01_06_2023_a_year_of_growth_and_collaboration_for_quantum_computing] Repaired malformed JSON.
[22:36:45 +2m 28s | thequantuminsider_2024_01_06_2023_a_year_of_growth_and_collaboration_for_quantum_computing] Extracting actors: https://thequantuminsider.com/2024/01/06/2023-a-year-of-growth-and-collaboration-for-quantum-computing (1/1), chunk 21/40
[22:36:50 +2m 33s | thequantuminsider_2024_01_06_2023_a_year_of_growth_and_collaboration_for_quantum_computing] Extracting actors: https://thequantuminsider.com/2024/01/06/2023-a-year-of-growth-and-collaboration-for-quantum-computing (1/1), chunk 22/40
[22:36:59 +2m 42s | thequantuminsider_2024_01_06_2023_a_year_of_growth_and_collaboration_for_quantum_computing] Repaired malformed JSON.
[22:36:59 +2m 42s | thequantuminsider_2024_01_06_2023_a_year_of_growth_and_collaboration_for_quantum_computing] Extracting actors: https://thequantuminsider.com/2024/01/06/2023-a-year-of-growth-and-collaboration-for-quantum-computing (1/1), chunk 23/40
[22:37:08 +2m 51s | thequantuminsider_2024_01_06_2023_a_year_of_growth_and_collaboration_for_quantum_computing] Repaired malformed JSON.
[22:37:08 +2m 51s | thequantuminsider_2024_01_06_2023_a_year_of_growth_and_collaboration_for_quantum_computing] Extracting actors: https://thequantuminsider.com/2024/01/06/2023-a-year-of-growth-and-collaboration-for-quantum-computing (1/1), chunk 24/40
[22:37:15 +2m 57s | thequantuminsider_2024_01_06_2023_a_year_of_growth_and_collaboration_for_quantum_computing] Repaired malformed JSON.
[22:37:15 +2m 57s | thequantuminsider_2024_01_06_2023_a_year_of_growth_and_collaboration_for_quantum_computing] Extracting actors: https://thequantuminsider.com/2024/01/06/2023-a-year-of-growth-and-collaboration-for-quantum-computing (1/1), chunk 25/40
[22:37:22 +3m 5s | thequantuminsider_2024_01_06_2023_a_year_of_growth_and_collaboration_for_quantum_computing] Extracting actors: https://thequantuminsider.com/2024/01/06/2023-a-year-of-growth-and-collaboration-for-quantum-computing (1/1), chunk 26/40
[22:37:33 +3m 16s | thequantuminsider_2024_01_06_2023_a_year_of_growth_and_collaboration_for_quantum_computing] Repaired malformed JSON.
[22:37:33 +3m 16s | thequantuminsider_2024_01_06_2023_a_year_of_growth_and_collaboration_for_quantum_computing] Extracting actors: https://thequantuminsider.com/2024/01/06/2023-a-year-of-growth-and-collaboration-for-quantum-computing (1/1), chunk 27/40
[22:37:42 +3m 25s | thequantuminsider_2024_01_06_2023_a_year_of_growth_and_collaboration_for_quantum_computing] Repaired malformed JSON.
[22:37:42 +3m 25s | thequantuminsider_2024_01_06_2023_a_year_of_growth_and_collaboration_for_quantum_computing] Extracting actors: https://thequantuminsider.com/2024/01/06/2023-a-year-of-growth-and-collaboration-for-quantum-computing (1/1), chunk 28/40
[22:37:48 +3m 30s | thequantuminsider_2024_01_06_2023_a_year_of_growth_and_collaboration_for_quantum_computing] Extracting actors: https://thequantuminsider.com/2024/01/06/2023-a-year-of-growth-and-collaboration-for-quantum-computing (1/1), chunk 29/40
[22:37:57 +3m 40s | thequantuminsider_2024_01_06_2023_a_year_of_growth_and_collaboration_for_quantum_computing] Repaired malformed JSON.
[22:37:57 +3m 40s | thequantuminsider_2024_01_06_2023_a_year_of_growth_and_collaboration_for_quantum_computing] Extracting actors: https://thequantuminsider.com/2024/01/06/2023-a-year-of-growth-and-collaboration-for-quantum-computing (1/1), chunk 30/40
[22:38:02 +3m 45s | thequantuminsider_2024_01_06_2023_a_year_of_growth_and_collaboration_for_quantum_computing] Extracting actors: https://thequantuminsider.com/2024/01/06/2023-a-year-of-growth-and-collaboration-for-quantum-computing (1/1), chunk 31/40
[22:38:05 +3m 47s | thequantuminsider_2024_01_06_2023_a_year_of_growth_and_collaboration_for_quantum_computing] Extracting actors: https://thequantuminsider.com/2024/01/06/2023-a-year-of-growth-and-collaboration-for-quantum-computing (1/1), chunk 32/40
[22:38:29 +4m 12s | thequantuminsider_2024_01_06_2023_a_year_of_growth_and_collaboration_for_quantum_computing] Repaired malformed JSON.
[22:38:29 +4m 12s | thequantuminsider_2024_01_06_2023_a_year_of_growth_and_collaboration_for_quantum_computing] Extracting actors: https://thequantuminsider.com/2024/01/06/2023-a-year-of-growth-and-collaboration-for-quantum-computing (1/1), chunk 33/40
[22:38:38 +4m 20s | thequantuminsider_2024_01_06_2023_a_year_of_growth_and_collaboration_for_quantum_computing] Repaired malformed JSON.
[22:38:38 +4m 20s | thequantuminsider_2024_01_06_2023_a_year_of_growth_and_collaboration_for_quantum_computing] Extracting actors: https://thequantuminsider.com/2024/01/06/2023-a-year-of-growth-and-collaboration-for-quantum-computing (1/1), chunk 34/40
[22:38:47 +4m 30s | thequantuminsider_2024_01_06_2023_a_year_of_growth_and_collaboration_for_quantum_computing] Repaired malformed JSON.
[22:38:47 +4m 30s | thequantuminsider_2024_01_06_2023_a_year_of_growth_and_collaboration_for_quantum_computing] Extracting actors: https://thequantuminsider.com/2024/01/06/2023-a-year-of-growth-and-collaboration-for-quantum-computing (1/1), chunk 35/40
[22:38:56 +4m 38s | thequantuminsider_2024_01_06_2023_a_year_of_growth_and_collaboration_for_quantum_computing] Repaired malformed JSON.
[22:38:56 +4m 38s | thequantuminsider_2024_01_06_2023_a_year_of_growth_and_collaboration_for_quantum_computing] Extracting actors: https://thequantuminsider.com/2024/01/06/2023-a-year-of-growth-and-collaboration-for-quantum-computing (1/1), chunk 36/40
[22:39:05 +4m 47s | thequantuminsider_2024_01_06_2023_a_year_of_growth_and_collaboration_for_quantum_computing] Repaired malformed JSON.
[22:39:05 +4m 47s | thequantuminsider_2024_01_06_2023_a_year_of_growth_and_collaboration_for_quantum_computing] Extracting actors: https://thequantuminsider.com/2024/01/06/2023-a-year-of-growth-and-collaboration-for-quantum-computing (1/1), chunk 37/40
[22:39:15 +4m 57s | thequantuminsider_2024_01_06_2023_a_year_of_growth_and_collaboration_for_quantum_computing] Repaired malformed JSON.
[22:39:15 +4m 57s | thequantuminsider_2024_01_06_2023_a_year_of_growth_and_collaboration_for_quantum_computing] Extracting actors: https://thequantuminsider.com/2024/01/06/2023-a-year-of-growth-and-collaboration-for-quantum-computing (1/1), chunk 38/40
[22:39:24 +5m 7s | thequantuminsider_2024_01_06_2023_a_year_of_growth_and_collaboration_for_quantum_computing] Repaired malformed JSON.
[22:39:24 +5m 7s | thequantuminsider_2024_01_06_2023_a_year_of_growth_and_collaboration_for_quantum_computing] Extracting actors: https://thequantuminsider.com/2024/01/06/2023-a-year-of-growth-and-collaboration-for-quantum-computing (1/1), chunk 39/40
[22:39:51 +5m 34s | thequantuminsider_2024_01_06_2023_a_year_of_growth_and_collaboration_for_quantum_computing] Repaired malformed JSON.
[22:39:51 +5m 34s | thequantuminsider_2024_01_06_2023_a_year_of_growth_and_collaboration_for_quantum_computing] Extracting actors: https://thequantuminsider.com/2024/01/06/2023-a-year-of-growth-and-collaboration-for-quantum-computing (1/1), chunk 40/40
[22:40:16 +5m 58s | thequantuminsider_2024_01_06_2023_a_year_of_growth_and_collaboration_for_quantum_computing] Repaired malformed JSON.
[22:40:16 +5m 58s | thequantuminsider_2024_01_06_2023_a_year_of_growth_and_collaboration_for_quantum_computing] Saved 1_actor_results.json with 57 extracted records

[22:40:16 +5m 58s | thequantuminsider_2024_01_06_2023_a_year_of_growth_and_collaboration_for_quantum_computing] === 2 clean actors ===
[22:40:16 +5m 58s | thequantuminsider_2024_01_06_2023_a_year_of_growth_and_collaboration_for_quantum_computing] Traceback (most recent call last):
[22:40:16 +5m 58s | thequantuminsider_2024_01_06_2023_a_year_of_growth_and_collaboration_for_quantum_computing]   File "/home/lv/IDP/idpdeeptech/pipeline/clean_actors.py", line 429, in <module>
[22:40:16 +5m 58s | thequantuminsider_2024_01_06_2023_a_year_of_growth_and_collaboration_for_quantum_computing]     main()
[22:40:16 +5m 58s | thequantuminsider_2024_01_06_2023_a_year_of_growth_and_collaboration_for_quantum_computing]   File "/home/lv/IDP/idpdeeptech/pipeline/clean_actors.py", line 416, in main
[22:40:16 +5m 58s | thequantuminsider_2024_01_06_2023_a_year_of_growth_and_collaboration_for_quantum_computing]     records = json.loads(INPUT_JSON.read_text(encoding="utf-8"))
[22:40:16 +5m 58s | thequantuminsider_2024_01_06_2023_a_year_of_growth_and_collaboration_for_quantum_computing]   File "/usr/lib/python3.10/pathlib.py", line 1134, in read_text
[22:40:16 +5m 58s | thequantuminsider_2024_01_06_2023_a_year_of_growth_and_collaboration_for_quantum_computing]     with self.open(mode='r', encoding=encoding, errors=errors) as f:
[22:40:16 +5m 58s | thequantuminsider_2024_01_06_2023_a_year_of_growth_and_collaboration_for_quantum_computing]   File "/usr/lib/python3.10/pathlib.py", line 1119, in open
[22:40:16 +5m 58s | thequantuminsider_2024_01_06_2023_a_year_of_growth_and_collaboration_for_quantum_computing]     return self._accessor.open(self, mode, buffering, encoding, errors,
[22:40:16 +5m 58s | thequantuminsider_2024_01_06_2023_a_year_of_growth_and_collaboration_for_quantum_computing] FileNotFoundError: [Errno 2] No such file or directory: 'site_outputs/psiquantum_com/1_actor_results_pdf.json'

========================================================================
RUN FINISHED 2026-07-04 22:40:16  (FAILED)
Started:     2026-07-04 22:34:18
Elapsed:     5m 58s
========================================================================

========================================================================
RUN STARTED  2026-07-04 23:49:00
site_pipeline.py https://thequantuminsider.com/2024/01/06/2023-a-year-of-growth-and-collaboration-for-quantum-computing/
========================================================================

[23:49:00 +0s | thequantuminsider_2024_01_06_2023_a_year_of_growth_and_collaboration_for_quantum_computing] === 0 crawl site (skipped via auto (actor data already exists; pass --force to re-crawl), reusing /home/lv/IDP/idpdeeptech/pipeline/news_outputs/thequantuminsider_2024_01_06_2023_a_year_of_growth_and_collaboration_for_quantum_computing/crawl_output) ===

[23:49:00 +0s | thequantuminsider_2024_01_06_2023_a_year_of_growth_and_collaboration_for_quantum_computing] === 1 actor extraction ===
[23:49:00 +0s | thequantuminsider_2024_01_06_2023_a_year_of_growth_and_collaboration_for_quantum_computing] Auto-resume: 1 (url, ordinal) pairs already done, skipping them.
[23:49:00 +0s | thequantuminsider_2024_01_06_2023_a_year_of_growth_and_collaboration_for_quantum_computing] All 1 pages/URLs already processed (per 1_actor_results.progress.json). Nothing to do.
[23:49:00 +0s | thequantuminsider_2024_01_06_2023_a_year_of_growth_and_collaboration_for_quantum_computing] Delete the progress sidecar to force a full re-run, or pass --start-page N.

[23:49:00 +0s | thequantuminsider_2024_01_06_2023_a_year_of_growth_and_collaboration_for_quantum_computing] === 2 clean actors ===
[23:49:00 +0s | thequantuminsider_2024_01_06_2023_a_year_of_growth_and_collaboration_for_quantum_computing] Loaded 57 extracted records
[23:49:00 +0s | thequantuminsider_2024_01_06_2023_a_year_of_growth_and_collaboration_for_quantum_computing] Saved 2_actor_nodes.json with 28 canonical actor nodes

[23:49:00 +0s | thequantuminsider_2024_01_06_2023_a_year_of_growth_and_collaboration_for_quantum_computing] === 3 interaction extraction ===
[23:49:00 +1s | thequantuminsider_2024_01_06_2023_a_year_of_growth_and_collaboration_for_quantum_computing] Extracting interactions: https://thequantuminsider.com/2024/01/06/2023-a-year-of-growth-and-collaboration-for-quantum-computing (1/1), chunk 12/40
[23:49:04 +4s | thequantuminsider_2024_01_06_2023_a_year_of_growth_and_collaboration_for_quantum_computing] Extracting interactions: https://thequantuminsider.com/2024/01/06/2023-a-year-of-growth-and-collaboration-for-quantum-computing (1/1), chunk 13/40
[23:49:08 +8s | thequantuminsider_2024_01_06_2023_a_year_of_growth_and_collaboration_for_quantum_computing] Extracting interactions: https://thequantuminsider.com/2024/01/06/2023-a-year-of-growth-and-collaboration-for-quantum-computing (1/1), chunk 14/40
[23:49:18 +19s | thequantuminsider_2024_01_06_2023_a_year_of_growth_and_collaboration_for_quantum_computing] Extracting interactions: https://thequantuminsider.com/2024/01/06/2023-a-year-of-growth-and-collaboration-for-quantum-computing (1/1), chunk 15/40
[23:49:36 +36s | thequantuminsider_2024_01_06_2023_a_year_of_growth_and_collaboration_for_quantum_computing] Extracting interactions: https://thequantuminsider.com/2024/01/06/2023-a-year-of-growth-and-collaboration-for-quantum-computing (1/1), chunk 16/40
[23:49:44 +44s | thequantuminsider_2024_01_06_2023_a_year_of_growth_and_collaboration_for_quantum_computing] Extracting interactions: https://thequantuminsider.com/2024/01/06/2023-a-year-of-growth-and-collaboration-for-quantum-computing (1/1), chunk 17/40
[23:49:48 +48s | thequantuminsider_2024_01_06_2023_a_year_of_growth_and_collaboration_for_quantum_computing] Extracting interactions: https://thequantuminsider.com/2024/01/06/2023-a-year-of-growth-and-collaboration-for-quantum-computing (1/1), chunk 18/40
[23:49:58 +59s | thequantuminsider_2024_01_06_2023_a_year_of_growth_and_collaboration_for_quantum_computing] Extracting interactions: https://thequantuminsider.com/2024/01/06/2023-a-year-of-growth-and-collaboration-for-quantum-computing (1/1), chunk 19/40
[23:50:07 +1m 8s | thequantuminsider_2024_01_06_2023_a_year_of_growth_and_collaboration_for_quantum_computing] Extracting interactions: https://thequantuminsider.com/2024/01/06/2023-a-year-of-growth-and-collaboration-for-quantum-computing (1/1), chunk 20/40
[23:50:19 +1m 19s | thequantuminsider_2024_01_06_2023_a_year_of_growth_and_collaboration_for_quantum_computing] Extracting interactions: https://thequantuminsider.com/2024/01/06/2023-a-year-of-growth-and-collaboration-for-quantum-computing (1/1), chunk 21/40
[23:50:21 +1m 21s | thequantuminsider_2024_01_06_2023_a_year_of_growth_and_collaboration_for_quantum_computing] Extracting interactions: https://thequantuminsider.com/2024/01/06/2023-a-year-of-growth-and-collaboration-for-quantum-computing (1/1), chunk 22/40
[23:50:23 +1m 24s | thequantuminsider_2024_01_06_2023_a_year_of_growth_and_collaboration_for_quantum_computing] Extracting interactions: https://thequantuminsider.com/2024/01/06/2023-a-year-of-growth-and-collaboration-for-quantum-computing (1/1), chunk 23/40
[23:50:25 +1m 26s | thequantuminsider_2024_01_06_2023_a_year_of_growth_and_collaboration_for_quantum_computing] Extracting interactions: https://thequantuminsider.com/2024/01/06/2023-a-year-of-growth-and-collaboration-for-quantum-computing (1/1), chunk 24/40
[23:50:53 +1m 54s | thequantuminsider_2024_01_06_2023_a_year_of_growth_and_collaboration_for_quantum_computing] Extracting interactions: https://thequantuminsider.com/2024/01/06/2023-a-year-of-growth-and-collaboration-for-quantum-computing (1/1), chunk 25/40
[23:50:59 +2m 0s | thequantuminsider_2024_01_06_2023_a_year_of_growth_and_collaboration_for_quantum_computing] Extracting interactions: https://thequantuminsider.com/2024/01/06/2023-a-year-of-growth-and-collaboration-for-quantum-computing (1/1), chunk 27/40
[23:51:01 +2m 2s | thequantuminsider_2024_01_06_2023_a_year_of_growth_and_collaboration_for_quantum_computing] Extracting interactions: https://thequantuminsider.com/2024/01/06/2023-a-year-of-growth-and-collaboration-for-quantum-computing (1/1), chunk 29/40
[23:51:13 +2m 14s | thequantuminsider_2024_01_06_2023_a_year_of_growth_and_collaboration_for_quantum_computing] Extracting interactions: https://thequantuminsider.com/2024/01/06/2023-a-year-of-growth-and-collaboration-for-quantum-computing (1/1), chunk 30/40
[23:51:15 +2m 16s | thequantuminsider_2024_01_06_2023_a_year_of_growth_and_collaboration_for_quantum_computing] Extracting interactions: https://thequantuminsider.com/2024/01/06/2023-a-year-of-growth-and-collaboration-for-quantum-computing (1/1), chunk 31/40
[23:51:17 +2m 18s | thequantuminsider_2024_01_06_2023_a_year_of_growth_and_collaboration_for_quantum_computing] Extracting interactions: https://thequantuminsider.com/2024/01/06/2023-a-year-of-growth-and-collaboration-for-quantum-computing (1/1), chunk 33/40
[23:51:20 +2m 20s | thequantuminsider_2024_01_06_2023_a_year_of_growth_and_collaboration_for_quantum_computing] Extracting interactions: https://thequantuminsider.com/2024/01/06/2023-a-year-of-growth-and-collaboration-for-quantum-computing (1/1), chunk 34/40
[23:51:21 +2m 22s | thequantuminsider_2024_01_06_2023_a_year_of_growth_and_collaboration_for_quantum_computing] Extracting interactions: https://thequantuminsider.com/2024/01/06/2023-a-year-of-growth-and-collaboration-for-quantum-computing (1/1), chunk 35/40
[23:51:23 +2m 24s | thequantuminsider_2024_01_06_2023_a_year_of_growth_and_collaboration_for_quantum_computing] Extracting interactions: https://thequantuminsider.com/2024/01/06/2023-a-year-of-growth-and-collaboration-for-quantum-computing (1/1), chunk 36/40
[23:51:24 +2m 25s | thequantuminsider_2024_01_06_2023_a_year_of_growth_and_collaboration_for_quantum_computing] Extracting interactions: https://thequantuminsider.com/2024/01/06/2023-a-year-of-growth-and-collaboration-for-quantum-computing (1/1), chunk 37/40
[23:51:28 +2m 28s | thequantuminsider_2024_01_06_2023_a_year_of_growth_and_collaboration_for_quantum_computing] Extracting interactions: https://thequantuminsider.com/2024/01/06/2023-a-year-of-growth-and-collaboration-for-quantum-computing (1/1), chunk 38/40
[23:51:29 +2m 30s | thequantuminsider_2024_01_06_2023_a_year_of_growth_and_collaboration_for_quantum_computing] Extracting interactions: https://thequantuminsider.com/2024/01/06/2023-a-year-of-growth-and-collaboration-for-quantum-computing (1/1), chunk 39/40
[23:51:32 +2m 33s | thequantuminsider_2024_01_06_2023_a_year_of_growth_and_collaboration_for_quantum_computing] Extracting interactions: https://thequantuminsider.com/2024/01/06/2023-a-year-of-growth-and-collaboration-for-quantum-computing (1/1), chunk 40/40
[23:51:33 +2m 34s | thequantuminsider_2024_01_06_2023_a_year_of_growth_and_collaboration_for_quantum_computing] Saved 3_interaction_results.json with 16 extracted interactions.

[23:51:34 +2m 34s | thequantuminsider_2024_01_06_2023_a_year_of_growth_and_collaboration_for_quantum_computing] === 4 clean interactions ===
[23:51:34 +2m 34s | thequantuminsider_2024_01_06_2023_a_year_of_growth_and_collaboration_for_quantum_computing] Saved 4_edges.json with 4 cleaned interactions.

[23:51:34 +2m 34s | thequantuminsider_2024_01_06_2023_a_year_of_growth_and_collaboration_for_quantum_computing] === 5 helix enrichment ===
[23:51:34 +2m 34s | thequantuminsider_2024_01_06_2023_a_year_of_growth_and_collaboration_for_quantum_computing] Wrote 5_nodes.json (28 actors)
[23:51:34 +2m 34s | thequantuminsider_2024_01_06_2023_a_year_of_growth_and_collaboration_for_quantum_computing] Wrote 5_edges.json (4 interactions)
[23:51:34 +2m 34s | thequantuminsider_2024_01_06_2023_a_year_of_growth_and_collaboration_for_quantum_computing] Actor helix counts: {'Civil Society': 4, 'Government': 1, 'Industry': 11, 'Unknown': 12}
[23:51:34 +2m 34s | thequantuminsider_2024_01_06_2023_a_year_of_growth_and_collaboration_for_quantum_computing] Functional-space counts: {'Intra-helix / Not classified': 2, 'Unknown': 2}

[23:51:34 +2m 34s | thequantuminsider_2024_01_06_2023_a_year_of_growth_and_collaboration_for_quantum_computing] === 6 network visualisation ===
[23:51:34 +2m 35s | thequantuminsider_2024_01_06_2023_a_year_of_growth_and_collaboration_for_quantum_computing] Wrote quantum_network.html
[23:51:34 +2m 35s | thequantuminsider_2024_01_06_2023_a_year_of_growth_and_collaboration_for_quantum_computing] Nodes: 28
[23:51:34 +2m 35s | thequantuminsider_2024_01_06_2023_a_year_of_growth_and_collaboration_for_quantum_computing] Edges: 3

[23:51:34 +2m 35s | thequantuminsider_2024_01_06_2023_a_year_of_growth_and_collaboration_for_quantum_computing] Done. Outputs written to: /home/lv/IDP/idpdeeptech/pipeline/news_outputs/thequantuminsider_2024_01_06_2023_a_year_of_growth_and_collaboration_for_quantum_computing
[23:51:34 +2m 35s | thequantuminsider_2024_01_06_2023_a_year_of_growth_and_collaboration_for_quantum_computing] Log: /home/lv/IDP/idpdeeptech/pipeline/news_outputs/thequantuminsider_2024_01_06_2023_a_year_of_growth_and_collaboration_for_quantum_computing/run.log

========================================================================
RUN FINISHED 2026-07-04 23:51:34  (OK)
Started:     2026-07-04 23:49:00
Elapsed:     2m 35s
========================================================================
