
========================================================================
RUN STARTED  2026-07-05 08:52:38
site_pipeline.py https://thequantuminsider.com/2023/09/14/nvidia-xanadu-work-together-to-enable-perlmutter-supercomputers-quantum-explorations/
========================================================================

[08:52:38 +0s | thequantuminsider_2023_09_14_nvidia_xanadu_work_together_to_enable_perlmutter_supercomput_3dc9789f] === 0 crawl site ===
[08:52:39 +2s | thequantuminsider_2023_09_14_nvidia_xanadu_work_together_to_enable_perlmutter_supercomput_3dc9789f] [INIT].... → Crawl4AI 0.8.6 
[08:52:39 +4s | thequantuminsider_2023_09_14_nvidia_xanadu_work_together_to_enable_perlmutter_supercomput_3dc9789f] [FETCH]... ↓ https://thequantuminsider.com/2023/09/14/nvidia-...-perlmutter-supercomputers-quantum-explorations/  | ✓ | ⏱: 2.60s 
[08:52:39 +4s | thequantuminsider_2023_09_14_nvidia_xanadu_work_together_to_enable_perlmutter_supercomput_3dc9789f] [SCRAPE].. ◆ https://thequantuminsider.com/2023/09/14/nvidia-...-perlmutter-supercomputers-quantum-explorations/  | ✓ | ⏱: 0.13s 
[08:52:39 +4s | thequantuminsider_2023_09_14_nvidia_xanadu_work_together_to_enable_perlmutter_supercomput_3dc9789f] [COMPLETE] ● https://thequantuminsider.com/2023/09/14/nvidia-...-perlmutter-supercomputers-quantum-explorations/  | ✓ | ⏱: 2.75s 
[08:52:39 +4s | thequantuminsider_2023_09_14_nvidia_xanadu_work_together_to_enable_perlmutter_supercomput_3dc9789f] Saved: crawl_output/58d93a7814_thequantuminsider.com_2023_09_14_nvidia-xanadu-work-together-to-enable-perlmutter-supercomputers-quantum-explorations.json

[08:52:40 +5s | thequantuminsider_2023_09_14_nvidia_xanadu_work_together_to_enable_perlmutter_supercomput_3dc9789f] === 1 actor extraction ===
[08:52:40 +5s | thequantuminsider_2023_09_14_nvidia_xanadu_work_together_to_enable_perlmutter_supercomput_3dc9789f] Reading page (1/1): https://thequantuminsider.com/2023/09/14/nvidia-xanadu-work-together-to-enable-perlmutter-supercomputers-quantum-explorations
[08:52:40 +5s | thequantuminsider_2023_09_14_nvidia_xanadu_work_together_to_enable_perlmutter_supercomput_3dc9789f] Extracting actors: https://thequantuminsider.com/2023/09/14/nvidia-xanadu-work-together-to-enable-perlmutter-supercomputers-quantum-explorations (1/1), chunk 1/38
[08:52:46 +11s | thequantuminsider_2023_09_14_nvidia_xanadu_work_together_to_enable_perlmutter_supercomput_3dc9789f] Repaired malformed JSON.
[08:52:46 +11s | thequantuminsider_2023_09_14_nvidia_xanadu_work_together_to_enable_perlmutter_supercomput_3dc9789f] Extracting actors: https://thequantuminsider.com/2023/09/14/nvidia-xanadu-work-together-to-enable-perlmutter-supercomputers-quantum-explorations (1/1), chunk 2/38
[08:52:52 +17s | thequantuminsider_2023_09_14_nvidia_xanadu_work_together_to_enable_perlmutter_supercomput_3dc9789f] Repaired malformed JSON.
[08:52:52 +17s | thequantuminsider_2023_09_14_nvidia_xanadu_work_together_to_enable_perlmutter_supercomput_3dc9789f] Extracting actors: https://thequantuminsider.com/2023/09/14/nvidia-xanadu-work-together-to-enable-perlmutter-supercomputers-quantum-explorations (1/1), chunk 3/38
[08:52:59 +24s | thequantuminsider_2023_09_14_nvidia_xanadu_work_together_to_enable_perlmutter_supercomput_3dc9789f] Repaired malformed JSON.
[08:52:59 +24s | thequantuminsider_2023_09_14_nvidia_xanadu_work_together_to_enable_perlmutter_supercomput_3dc9789f] Extracting actors: https://thequantuminsider.com/2023/09/14/nvidia-xanadu-work-together-to-enable-perlmutter-supercomputers-quantum-explorations (1/1), chunk 4/38
[08:53:05 +30s | thequantuminsider_2023_09_14_nvidia_xanadu_work_together_to_enable_perlmutter_supercomput_3dc9789f] Repaired malformed JSON.
[08:53:05 +30s | thequantuminsider_2023_09_14_nvidia_xanadu_work_together_to_enable_perlmutter_supercomput_3dc9789f] Extracting actors: https://thequantuminsider.com/2023/09/14/nvidia-xanadu-work-together-to-enable-perlmutter-supercomputers-quantum-explorations (1/1), chunk 5/38
[08:53:13 +40s | thequantuminsider_2023_09_14_nvidia_xanadu_work_together_to_enable_perlmutter_supercomput_3dc9789f] Repaired malformed JSON.
[08:53:13 +40s | thequantuminsider_2023_09_14_nvidia_xanadu_work_together_to_enable_perlmutter_supercomput_3dc9789f] Extracting actors: https://thequantuminsider.com/2023/09/14/nvidia-xanadu-work-together-to-enable-perlmutter-supercomputers-quantum-explorations (1/1), chunk 6/38
[08:53:23 +50s | thequantuminsider_2023_09_14_nvidia_xanadu_work_together_to_enable_perlmutter_supercomput_3dc9789f] Repaired malformed JSON.
[08:53:23 +50s | thequantuminsider_2023_09_14_nvidia_xanadu_work_together_to_enable_perlmutter_supercomput_3dc9789f] Extracting actors: https://thequantuminsider.com/2023/09/14/nvidia-xanadu-work-together-to-enable-perlmutter-supercomputers-quantum-explorations (1/1), chunk 7/38
[08:53:31 +59s | thequantuminsider_2023_09_14_nvidia_xanadu_work_together_to_enable_perlmutter_supercomput_3dc9789f] Repaired malformed JSON.
[08:53:31 +59s | thequantuminsider_2023_09_14_nvidia_xanadu_work_together_to_enable_perlmutter_supercomput_3dc9789f] Extracting actors: https://thequantuminsider.com/2023/09/14/nvidia-xanadu-work-together-to-enable-perlmutter-supercomputers-quantum-explorations (1/1), chunk 8/38
[08:53:38 +1m 8s | thequantuminsider_2023_09_14_nvidia_xanadu_work_together_to_enable_perlmutter_supercomput_3dc9789f] Repaired malformed JSON.
[08:53:38 +1m 8s | thequantuminsider_2023_09_14_nvidia_xanadu_work_together_to_enable_perlmutter_supercomput_3dc9789f] Extracting actors: https://thequantuminsider.com/2023/09/14/nvidia-xanadu-work-together-to-enable-perlmutter-supercomputers-quantum-explorations (1/1), chunk 9/38
[08:53:47 +1m 17s | thequantuminsider_2023_09_14_nvidia_xanadu_work_together_to_enable_perlmutter_supercomput_3dc9789f] Extracting actors: https://thequantuminsider.com/2023/09/14/nvidia-xanadu-work-together-to-enable-perlmutter-supercomputers-quantum-explorations (1/1), chunk 10/38
[08:53:53 +1m 24s | thequantuminsider_2023_09_14_nvidia_xanadu_work_together_to_enable_perlmutter_supercomput_3dc9789f] Repaired malformed JSON.
[08:53:53 +1m 24s | thequantuminsider_2023_09_14_nvidia_xanadu_work_together_to_enable_perlmutter_supercomput_3dc9789f] Extracting actors: https://thequantuminsider.com/2023/09/14/nvidia-xanadu-work-together-to-enable-perlmutter-supercomputers-quantum-explorations (1/1), chunk 11/38
[08:54:19 +1m 52s | thequantuminsider_2023_09_14_nvidia_xanadu_work_together_to_enable_perlmutter_supercomput_3dc9789f] Repaired malformed JSON.
[08:54:19 +1m 52s | thequantuminsider_2023_09_14_nvidia_xanadu_work_together_to_enable_perlmutter_supercomput_3dc9789f] Extracting actors: https://thequantuminsider.com/2023/09/14/nvidia-xanadu-work-together-to-enable-perlmutter-supercomputers-quantum-explorations (1/1), chunk 12/38
[08:54:30 +2m 2s | thequantuminsider_2023_09_14_nvidia_xanadu_work_together_to_enable_perlmutter_supercomput_3dc9789f] Repaired malformed JSON.
[08:54:30 +2m 2s | thequantuminsider_2023_09_14_nvidia_xanadu_work_together_to_enable_perlmutter_supercomput_3dc9789f] Extracting actors: https://thequantuminsider.com/2023/09/14/nvidia-xanadu-work-together-to-enable-perlmutter-supercomputers-quantum-explorations (1/1), chunk 13/38
[08:54:39 +2m 14s | thequantuminsider_2023_09_14_nvidia_xanadu_work_together_to_enable_perlmutter_supercomput_3dc9789f] Repaired malformed JSON.
[08:54:39 +2m 14s | thequantuminsider_2023_09_14_nvidia_xanadu_work_together_to_enable_perlmutter_supercomput_3dc9789f] Extracting actors: https://thequantuminsider.com/2023/09/14/nvidia-xanadu-work-together-to-enable-perlmutter-supercomputers-quantum-explorations (1/1), chunk 14/38
[08:54:50 +2m 25s | thequantuminsider_2023_09_14_nvidia_xanadu_work_together_to_enable_perlmutter_supercomput_3dc9789f] Repaired malformed JSON.
[08:54:50 +2m 25s | thequantuminsider_2023_09_14_nvidia_xanadu_work_together_to_enable_perlmutter_supercomput_3dc9789f] Extracting actors: https://thequantuminsider.com/2023/09/14/nvidia-xanadu-work-together-to-enable-perlmutter-supercomputers-quantum-explorations (1/1), chunk 15/38
[08:55:15 +2m 53s | thequantuminsider_2023_09_14_nvidia_xanadu_work_together_to_enable_perlmutter_supercomput_3dc9789f] Repaired malformed JSON.
[08:55:15 +2m 53s | thequantuminsider_2023_09_14_nvidia_xanadu_work_together_to_enable_perlmutter_supercomput_3dc9789f] Extracting actors: https://thequantuminsider.com/2023/09/14/nvidia-xanadu-work-together-to-enable-perlmutter-supercomputers-quantum-explorations (1/1), chunk 16/38
[08:55:38 +3m 18s | thequantuminsider_2023_09_14_nvidia_xanadu_work_together_to_enable_perlmutter_supercomput_3dc9789f] Repaired malformed JSON.
[08:55:38 +3m 18s | thequantuminsider_2023_09_14_nvidia_xanadu_work_together_to_enable_perlmutter_supercomput_3dc9789f] Extracting actors: https://thequantuminsider.com/2023/09/14/nvidia-xanadu-work-together-to-enable-perlmutter-supercomputers-quantum-explorations (1/1), chunk 17/38
[08:56:05 +3m 46s | thequantuminsider_2023_09_14_nvidia_xanadu_work_together_to_enable_perlmutter_supercomput_3dc9789f] Repaired malformed JSON.
[08:56:05 +3m 46s | thequantuminsider_2023_09_14_nvidia_xanadu_work_together_to_enable_perlmutter_supercomput_3dc9789f] Extracting actors: https://thequantuminsider.com/2023/09/14/nvidia-xanadu-work-together-to-enable-perlmutter-supercomputers-quantum-explorations (1/1), chunk 18/38
[08:56:13 +3m 56s | thequantuminsider_2023_09_14_nvidia_xanadu_work_together_to_enable_perlmutter_supercomput_3dc9789f] Repaired malformed JSON.
[08:56:13 +3m 56s | thequantuminsider_2023_09_14_nvidia_xanadu_work_together_to_enable_perlmutter_supercomput_3dc9789f] Extracting actors: https://thequantuminsider.com/2023/09/14/nvidia-xanadu-work-together-to-enable-perlmutter-supercomputers-quantum-explorations (1/1), chunk 19/38
[08:56:30 +4m 13s | thequantuminsider_2023_09_14_nvidia_xanadu_work_together_to_enable_perlmutter_supercomput_3dc9789f] Repaired malformed JSON.
[08:56:30 +4m 13s | thequantuminsider_2023_09_14_nvidia_xanadu_work_together_to_enable_perlmutter_supercomput_3dc9789f] Extracting actors: https://thequantuminsider.com/2023/09/14/nvidia-xanadu-work-together-to-enable-perlmutter-supercomputers-quantum-explorations (1/1), chunk 20/38
[08:56:37 +4m 20s | thequantuminsider_2023_09_14_nvidia_xanadu_work_together_to_enable_perlmutter_supercomput_3dc9789f] Repaired malformed JSON.
[08:56:37 +4m 20s | thequantuminsider_2023_09_14_nvidia_xanadu_work_together_to_enable_perlmutter_supercomput_3dc9789f] Extracting actors: https://thequantuminsider.com/2023/09/14/nvidia-xanadu-work-together-to-enable-perlmutter-supercomputers-quantum-explorations (1/1), chunk 21/38
[08:56:41 +4m 27s | thequantuminsider_2023_09_14_nvidia_xanadu_work_together_to_enable_perlmutter_supercomput_3dc9789f] Repaired malformed JSON.
[08:56:41 +4m 27s | thequantuminsider_2023_09_14_nvidia_xanadu_work_together_to_enable_perlmutter_supercomput_3dc9789f] Extracting actors: https://thequantuminsider.com/2023/09/14/nvidia-xanadu-work-together-to-enable-perlmutter-supercomputers-quantum-explorations (1/1), chunk 22/38
[08:56:49 +4m 35s | thequantuminsider_2023_09_14_nvidia_xanadu_work_together_to_enable_perlmutter_supercomput_3dc9789f] Repaired malformed JSON.
[08:56:49 +4m 35s | thequantuminsider_2023_09_14_nvidia_xanadu_work_together_to_enable_perlmutter_supercomput_3dc9789f] Extracting actors: https://thequantuminsider.com/2023/09/14/nvidia-xanadu-work-together-to-enable-perlmutter-supercomputers-quantum-explorations (1/1), chunk 23/38
[08:56:59 +4m 44s | thequantuminsider_2023_09_14_nvidia_xanadu_work_together_to_enable_perlmutter_supercomput_3dc9789f] Repaired malformed JSON.
[08:56:59 +4m 44s | thequantuminsider_2023_09_14_nvidia_xanadu_work_together_to_enable_perlmutter_supercomput_3dc9789f] Extracting actors: https://thequantuminsider.com/2023/09/14/nvidia-xanadu-work-together-to-enable-perlmutter-supercomputers-quantum-explorations (1/1), chunk 24/38
[08:57:07 +4m 53s | thequantuminsider_2023_09_14_nvidia_xanadu_work_together_to_enable_perlmutter_supercomput_3dc9789f] Repaired malformed JSON.
[08:57:07 +4m 53s | thequantuminsider_2023_09_14_nvidia_xanadu_work_together_to_enable_perlmutter_supercomput_3dc9789f] Extracting actors: https://thequantuminsider.com/2023/09/14/nvidia-xanadu-work-together-to-enable-perlmutter-supercomputers-quantum-explorations (1/1), chunk 25/38
[08:57:10 +4m 58s | thequantuminsider_2023_09_14_nvidia_xanadu_work_together_to_enable_perlmutter_supercomput_3dc9789f] Repaired malformed JSON.
[08:57:10 +4m 58s | thequantuminsider_2023_09_14_nvidia_xanadu_work_together_to_enable_perlmutter_supercomput_3dc9789f] Extracting actors: https://thequantuminsider.com/2023/09/14/nvidia-xanadu-work-together-to-enable-perlmutter-supercomputers-quantum-explorations (1/1), chunk 26/38
[08:57:17 +5m 5s | thequantuminsider_2023_09_14_nvidia_xanadu_work_together_to_enable_perlmutter_supercomput_3dc9789f] Extracting actors: https://thequantuminsider.com/2023/09/14/nvidia-xanadu-work-together-to-enable-perlmutter-supercomputers-quantum-explorations (1/1), chunk 27/38
[08:57:25 +5m 13s | thequantuminsider_2023_09_14_nvidia_xanadu_work_together_to_enable_perlmutter_supercomput_3dc9789f] Repaired malformed JSON.
[08:57:25 +5m 13s | thequantuminsider_2023_09_14_nvidia_xanadu_work_together_to_enable_perlmutter_supercomput_3dc9789f] Extracting actors: https://thequantuminsider.com/2023/09/14/nvidia-xanadu-work-together-to-enable-perlmutter-supercomputers-quantum-explorations (1/1), chunk 28/38
[08:57:34 +5m 22s | thequantuminsider_2023_09_14_nvidia_xanadu_work_together_to_enable_perlmutter_supercomput_3dc9789f] Extracting actors: https://thequantuminsider.com/2023/09/14/nvidia-xanadu-work-together-to-enable-perlmutter-supercomputers-quantum-explorations (1/1), chunk 29/38
[08:57:40 +5m 31s | thequantuminsider_2023_09_14_nvidia_xanadu_work_together_to_enable_perlmutter_supercomput_3dc9789f] Repaired malformed JSON.
[08:57:40 +5m 31s | thequantuminsider_2023_09_14_nvidia_xanadu_work_together_to_enable_perlmutter_supercomput_3dc9789f] Extracting actors: https://thequantuminsider.com/2023/09/14/nvidia-xanadu-work-together-to-enable-perlmutter-supercomputers-quantum-explorations (1/1), chunk 30/38
[08:57:42 +5m 33s | thequantuminsider_2023_09_14_nvidia_xanadu_work_together_to_enable_perlmutter_supercomput_3dc9789f] Extracting actors: https://thequantuminsider.com/2023/09/14/nvidia-xanadu-work-together-to-enable-perlmutter-supercomputers-quantum-explorations (1/1), chunk 31/38
[08:57:52 +5m 43s | thequantuminsider_2023_09_14_nvidia_xanadu_work_together_to_enable_perlmutter_supercomput_3dc9789f] Repaired malformed JSON.
[08:57:52 +5m 43s | thequantuminsider_2023_09_14_nvidia_xanadu_work_together_to_enable_perlmutter_supercomput_3dc9789f] Extracting actors: https://thequantuminsider.com/2023/09/14/nvidia-xanadu-work-together-to-enable-perlmutter-supercomputers-quantum-explorations (1/1), chunk 32/38
[08:58:09 +6m 3s | thequantuminsider_2023_09_14_nvidia_xanadu_work_together_to_enable_perlmutter_supercomput_3dc9789f] Repaired malformed JSON.
[08:58:09 +6m 3s | thequantuminsider_2023_09_14_nvidia_xanadu_work_together_to_enable_perlmutter_supercomput_3dc9789f] Extracting actors: https://thequantuminsider.com/2023/09/14/nvidia-xanadu-work-together-to-enable-perlmutter-supercomputers-quantum-explorations (1/1), chunk 33/38
[08:58:26 +6m 19s | thequantuminsider_2023_09_14_nvidia_xanadu_work_together_to_enable_perlmutter_supercomput_3dc9789f] Repaired malformed JSON.
[08:58:26 +6m 19s | thequantuminsider_2023_09_14_nvidia_xanadu_work_together_to_enable_perlmutter_supercomput_3dc9789f] Extracting actors: https://thequantuminsider.com/2023/09/14/nvidia-xanadu-work-together-to-enable-perlmutter-supercomputers-quantum-explorations (1/1), chunk 34/38
[08:58:35 +6m 28s | thequantuminsider_2023_09_14_nvidia_xanadu_work_together_to_enable_perlmutter_supercomput_3dc9789f] Repaired malformed JSON.
[08:58:35 +6m 28s | thequantuminsider_2023_09_14_nvidia_xanadu_work_together_to_enable_perlmutter_supercomput_3dc9789f] Extracting actors: https://thequantuminsider.com/2023/09/14/nvidia-xanadu-work-together-to-enable-perlmutter-supercomputers-quantum-explorations (1/1), chunk 35/38
[08:58:40 +6m 36s | thequantuminsider_2023_09_14_nvidia_xanadu_work_together_to_enable_perlmutter_supercomput_3dc9789f] Repaired malformed JSON.
[08:58:40 +6m 36s | thequantuminsider_2023_09_14_nvidia_xanadu_work_together_to_enable_perlmutter_supercomput_3dc9789f] Extracting actors: https://thequantuminsider.com/2023/09/14/nvidia-xanadu-work-together-to-enable-perlmutter-supercomputers-quantum-explorations (1/1), chunk 36/38
[08:58:48 +6m 44s | thequantuminsider_2023_09_14_nvidia_xanadu_work_together_to_enable_perlmutter_supercomput_3dc9789f] Repaired malformed JSON.
[08:58:48 +6m 44s | thequantuminsider_2023_09_14_nvidia_xanadu_work_together_to_enable_perlmutter_supercomput_3dc9789f] Extracting actors: https://thequantuminsider.com/2023/09/14/nvidia-xanadu-work-together-to-enable-perlmutter-supercomputers-quantum-explorations (1/1), chunk 37/38
[08:59:01 +6m 57s | thequantuminsider_2023_09_14_nvidia_xanadu_work_together_to_enable_perlmutter_supercomput_3dc9789f] Repaired malformed JSON.
[08:59:01 +6m 57s | thequantuminsider_2023_09_14_nvidia_xanadu_work_together_to_enable_perlmutter_supercomput_3dc9789f] Extracting actors: https://thequantuminsider.com/2023/09/14/nvidia-xanadu-work-together-to-enable-perlmutter-supercomputers-quantum-explorations (1/1), chunk 38/38
[08:59:08 +7m 7s | thequantuminsider_2023_09_14_nvidia_xanadu_work_together_to_enable_perlmutter_supercomput_3dc9789f] Repaired malformed JSON.
[08:59:08 +7m 7s | thequantuminsider_2023_09_14_nvidia_xanadu_work_together_to_enable_perlmutter_supercomput_3dc9789f] Saved 1_actor_results.json with 68 extracted records

[08:59:08 +7m 7s | thequantuminsider_2023_09_14_nvidia_xanadu_work_together_to_enable_perlmutter_supercomput_3dc9789f] === 2 clean actors ===
[08:59:08 +7m 7s | thequantuminsider_2023_09_14_nvidia_xanadu_work_together_to_enable_perlmutter_supercomput_3dc9789f] Loaded 68 extracted records
[08:59:08 +7m 7s | thequantuminsider_2023_09_14_nvidia_xanadu_work_together_to_enable_perlmutter_supercomput_3dc9789f] Saved 2_actor_nodes.json with 15 canonical actor nodes

[08:59:08 +7m 7s | thequantuminsider_2023_09_14_nvidia_xanadu_work_together_to_enable_perlmutter_supercomput_3dc9789f] === 3 interaction extraction ===
[08:59:09 +7m 8s | thequantuminsider_2023_09_14_nvidia_xanadu_work_together_to_enable_perlmutter_supercomput_3dc9789f] Extracting interactions: https://thequantuminsider.com/2023/09/14/nvidia-xanadu-work-together-to-enable-perlmutter-supercomputers-quantum-explorations (1/1), chunk 11/38
[08:59:12 +7m 11s | thequantuminsider_2023_09_14_nvidia_xanadu_work_together_to_enable_perlmutter_supercomput_3dc9789f] Extracting interactions: https://thequantuminsider.com/2023/09/14/nvidia-xanadu-work-together-to-enable-perlmutter-supercomputers-quantum-explorations (1/1), chunk 12/38
[08:59:36 +7m 37s | thequantuminsider_2023_09_14_nvidia_xanadu_work_together_to_enable_perlmutter_supercomput_3dc9789f] Extracting interactions: https://thequantuminsider.com/2023/09/14/nvidia-xanadu-work-together-to-enable-perlmutter-supercomputers-quantum-explorations (1/1), chunk 13/38
[08:59:54 +7m 56s | thequantuminsider_2023_09_14_nvidia_xanadu_work_together_to_enable_perlmutter_supercomput_3dc9789f] Extracting interactions: https://thequantuminsider.com/2023/09/14/nvidia-xanadu-work-together-to-enable-perlmutter-supercomputers-quantum-explorations (1/1), chunk 14/38
[09:00:24 +8m 28s | thequantuminsider_2023_09_14_nvidia_xanadu_work_together_to_enable_perlmutter_supercomput_3dc9789f] Extracting interactions: https://thequantuminsider.com/2023/09/14/nvidia-xanadu-work-together-to-enable-perlmutter-supercomputers-quantum-explorations (1/1), chunk 15/38
[09:00:37 +8m 44s | thequantuminsider_2023_09_14_nvidia_xanadu_work_together_to_enable_perlmutter_supercomput_3dc9789f] Extracting interactions: https://thequantuminsider.com/2023/09/14/nvidia-xanadu-work-together-to-enable-perlmutter-supercomputers-quantum-explorations (1/1), chunk 16/38
[09:00:53 +9m 0s | thequantuminsider_2023_09_14_nvidia_xanadu_work_together_to_enable_perlmutter_supercomput_3dc9789f] Extracting interactions: https://thequantuminsider.com/2023/09/14/nvidia-xanadu-work-together-to-enable-perlmutter-supercomputers-quantum-explorations (1/1), chunk 17/38
[09:01:12 +9m 21s | thequantuminsider_2023_09_14_nvidia_xanadu_work_together_to_enable_perlmutter_supercomput_3dc9789f] Extracting interactions: https://thequantuminsider.com/2023/09/14/nvidia-xanadu-work-together-to-enable-perlmutter-supercomputers-quantum-explorations (1/1), chunk 18/38
[09:01:14 +9m 23s | thequantuminsider_2023_09_14_nvidia_xanadu_work_together_to_enable_perlmutter_supercomput_3dc9789f] Extracting interactions: https://thequantuminsider.com/2023/09/14/nvidia-xanadu-work-together-to-enable-perlmutter-supercomputers-quantum-explorations (1/1), chunk 21/38
[09:01:15 +9m 24s | thequantuminsider_2023_09_14_nvidia_xanadu_work_together_to_enable_perlmutter_supercomput_3dc9789f] Extracting interactions: https://thequantuminsider.com/2023/09/14/nvidia-xanadu-work-together-to-enable-perlmutter-supercomputers-quantum-explorations (1/1), chunk 22/38
[09:01:20 +9m 30s | thequantuminsider_2023_09_14_nvidia_xanadu_work_together_to_enable_perlmutter_supercomput_3dc9789f] Extracting interactions: https://thequantuminsider.com/2023/09/14/nvidia-xanadu-work-together-to-enable-perlmutter-supercomputers-quantum-explorations (1/1), chunk 27/38
[09:01:27 +9m 37s | thequantuminsider_2023_09_14_nvidia_xanadu_work_together_to_enable_perlmutter_supercomput_3dc9789f] Extracting interactions: https://thequantuminsider.com/2023/09/14/nvidia-xanadu-work-together-to-enable-perlmutter-supercomputers-quantum-explorations (1/1), chunk 28/38
[09:01:29 +9m 39s | thequantuminsider_2023_09_14_nvidia_xanadu_work_together_to_enable_perlmutter_supercomput_3dc9789f] Extracting interactions: https://thequantuminsider.com/2023/09/14/nvidia-xanadu-work-together-to-enable-perlmutter-supercomputers-quantum-explorations (1/1), chunk 31/38
[09:01:32 +9m 41s | thequantuminsider_2023_09_14_nvidia_xanadu_work_together_to_enable_perlmutter_supercomput_3dc9789f] Extracting interactions: https://thequantuminsider.com/2023/09/14/nvidia-xanadu-work-together-to-enable-perlmutter-supercomputers-quantum-explorations (1/1), chunk 32/38
[09:01:33 +9m 43s | thequantuminsider_2023_09_14_nvidia_xanadu_work_together_to_enable_perlmutter_supercomput_3dc9789f] Extracting interactions: https://thequantuminsider.com/2023/09/14/nvidia-xanadu-work-together-to-enable-perlmutter-supercomputers-quantum-explorations (1/1), chunk 33/38
[09:01:33 +9m 45s | thequantuminsider_2023_09_14_nvidia_xanadu_work_together_to_enable_perlmutter_supercomput_3dc9789f] Extracting interactions: https://thequantuminsider.com/2023/09/14/nvidia-xanadu-work-together-to-enable-perlmutter-supercomputers-quantum-explorations (1/1), chunk 34/38
[09:01:35 +9m 47s | thequantuminsider_2023_09_14_nvidia_xanadu_work_together_to_enable_perlmutter_supercomput_3dc9789f] Extracting interactions: https://thequantuminsider.com/2023/09/14/nvidia-xanadu-work-together-to-enable-perlmutter-supercomputers-quantum-explorations (1/1), chunk 36/38
[09:01:37 +9m 49s | thequantuminsider_2023_09_14_nvidia_xanadu_work_together_to_enable_perlmutter_supercomput_3dc9789f] Extracting interactions: https://thequantuminsider.com/2023/09/14/nvidia-xanadu-work-together-to-enable-perlmutter-supercomputers-quantum-explorations (1/1), chunk 37/38
[09:01:39 +9m 52s | thequantuminsider_2023_09_14_nvidia_xanadu_work_together_to_enable_perlmutter_supercomput_3dc9789f] Saved 3_interaction_results.json with 16 extracted interactions.

[09:01:40 +9m 52s | thequantuminsider_2023_09_14_nvidia_xanadu_work_together_to_enable_perlmutter_supercomput_3dc9789f] === 4 clean interactions ===
[09:01:40 +9m 52s | thequantuminsider_2023_09_14_nvidia_xanadu_work_together_to_enable_perlmutter_supercomput_3dc9789f] Saved 4_edges.json with 5 cleaned interactions.

[09:01:40 +9m 52s | thequantuminsider_2023_09_14_nvidia_xanadu_work_together_to_enable_perlmutter_supercomput_3dc9789f] === 5 helix enrichment ===
[09:01:40 +9m 52s | thequantuminsider_2023_09_14_nvidia_xanadu_work_together_to_enable_perlmutter_supercomput_3dc9789f] Wrote 5_nodes.json (15 actors)
[09:01:40 +9m 52s | thequantuminsider_2023_09_14_nvidia_xanadu_work_together_to_enable_perlmutter_supercomput_3dc9789f] Wrote 5_edges.json (5 interactions)
[09:01:40 +9m 52s | thequantuminsider_2023_09_14_nvidia_xanadu_work_together_to_enable_perlmutter_supercomput_3dc9789f] Actor helix counts: {'Academia': 3, 'Civil Society': 3, 'Government': 1, 'Industry': 2, 'Unknown': 6}
[09:01:40 +9m 52s | thequantuminsider_2023_09_14_nvidia_xanadu_work_together_to_enable_perlmutter_supercomput_3dc9789f] Functional-space counts: {'Intra-helix / Not classified': 5}

[09:01:40 +9m 52s | thequantuminsider_2023_09_14_nvidia_xanadu_work_together_to_enable_perlmutter_supercomput_3dc9789f] === 6 network visualisation ===
[09:01:40 +9m 52s | thequantuminsider_2023_09_14_nvidia_xanadu_work_together_to_enable_perlmutter_supercomput_3dc9789f] Wrote quantum_network.html
[09:01:40 +9m 52s | thequantuminsider_2023_09_14_nvidia_xanadu_work_together_to_enable_perlmutter_supercomput_3dc9789f] Nodes: 15
[09:01:40 +9m 52s | thequantuminsider_2023_09_14_nvidia_xanadu_work_together_to_enable_perlmutter_supercomput_3dc9789f] Edges: 2

[09:01:40 +9m 52s | thequantuminsider_2023_09_14_nvidia_xanadu_work_together_to_enable_perlmutter_supercomput_3dc9789f] Done. Outputs written to: /home/lv/IDP/idpdeeptech/pipeline/news_outputs/thequantuminsider_2023_09_14_nvidia_xanadu_work_together_to_enable_perlmutter_supercomput_3dc9789f
[09:01:40 +9m 52s | thequantuminsider_2023_09_14_nvidia_xanadu_work_together_to_enable_perlmutter_supercomput_3dc9789f] Log: /home/lv/IDP/idpdeeptech/pipeline/news_outputs/thequantuminsider_2023_09_14_nvidia_xanadu_work_together_to_enable_perlmutter_supercomput_3dc9789f/run.log

========================================================================
RUN FINISHED 2026-07-05 09:01:40  (OK)
Started:     2026-07-05 08:52:38
Elapsed:     9m 52s
========================================================================
