
========================================================================
RUN STARTED  2026-07-04 23:29:53
site_pipeline.py https://thequantuminsider.com/2023/12/15/ibm-teams-with-universities-to-advance-quantum-education-for-40000-students-in-japan-south-korea-and-us/
========================================================================

[23:29:53 +0s | thequantuminsider_2023_12_15_ibm_teams_with_universities_to_advance_quantum_education_for_06e96085] === 0 crawl site ===
[23:29:54 +2s | thequantuminsider_2023_12_15_ibm_teams_with_universities_to_advance_quantum_education_for_06e96085] [INIT].... → Crawl4AI 0.8.6 
[23:29:59 +7s | thequantuminsider_2023_12_15_ibm_teams_with_universities_to_advance_quantum_education_for_06e96085] [FETCH]... ↓ https://thequantuminsider.com/2023/12/15/ibm-tea...-for-40000-students-in-japan-south-korea-and-us/  | ✓ | ⏱: 5.17s 
[23:29:59 +7s | thequantuminsider_2023_12_15_ibm_teams_with_universities_to_advance_quantum_education_for_06e96085] [SCRAPE].. ◆ https://thequantuminsider.com/2023/12/15/ibm-tea...-for-40000-students-in-japan-south-korea-and-us/  | ✓ | ⏱: 0.15s 
[23:30:00 +7s | thequantuminsider_2023_12_15_ibm_teams_with_universities_to_advance_quantum_education_for_06e96085] [COMPLETE] ● https://thequantuminsider.com/2023/12/15/ibm-tea...-for-40000-students-in-japan-south-korea-and-us/  | ✓ | ⏱: 5.34s 
[23:30:00 +7s | thequantuminsider_2023_12_15_ibm_teams_with_universities_to_advance_quantum_education_for_06e96085] Saved: crawl_output/e3fc1e8161_thequantuminsider.com_2023_12_15_ibm-teams-with-universities-to-advance-quantum-education-for-40000-students-in-japan-south-korea-and-us.json

[23:30:00 +7s | thequantuminsider_2023_12_15_ibm_teams_with_universities_to_advance_quantum_education_for_06e96085] === 1 actor extraction ===
[23:30:00 +7s | thequantuminsider_2023_12_15_ibm_teams_with_universities_to_advance_quantum_education_for_06e96085] Reading page (1/1): https://thequantuminsider.com/2023/12/15/ibm-teams-with-universities-to-advance-quantum-education-for-40000-students-in-japan-south-korea-and-us
[23:30:00 +7s | thequantuminsider_2023_12_15_ibm_teams_with_universities_to_advance_quantum_education_for_06e96085] Extracting actors: https://thequantuminsider.com/2023/12/15/ibm-teams-with-universities-to-advance-quantum-education-for-40000-students-in-japan-south-korea-and-us (1/1), chunk 1/44
[23:30:10 +18s | thequantuminsider_2023_12_15_ibm_teams_with_universities_to_advance_quantum_education_for_06e96085] Repaired malformed JSON.
[23:30:10 +18s | thequantuminsider_2023_12_15_ibm_teams_with_universities_to_advance_quantum_education_for_06e96085] Extracting actors: https://thequantuminsider.com/2023/12/15/ibm-teams-with-universities-to-advance-quantum-education-for-40000-students-in-japan-south-korea-and-us (1/1), chunk 2/44
[23:30:19 +27s | thequantuminsider_2023_12_15_ibm_teams_with_universities_to_advance_quantum_education_for_06e96085] Repaired malformed JSON.
[23:30:19 +27s | thequantuminsider_2023_12_15_ibm_teams_with_universities_to_advance_quantum_education_for_06e96085] Extracting actors: https://thequantuminsider.com/2023/12/15/ibm-teams-with-universities-to-advance-quantum-education-for-40000-students-in-japan-south-korea-and-us (1/1), chunk 3/44
[23:30:28 +36s | thequantuminsider_2023_12_15_ibm_teams_with_universities_to_advance_quantum_education_for_06e96085] Repaired malformed JSON.
[23:30:28 +36s | thequantuminsider_2023_12_15_ibm_teams_with_universities_to_advance_quantum_education_for_06e96085] Extracting actors: https://thequantuminsider.com/2023/12/15/ibm-teams-with-universities-to-advance-quantum-education-for-40000-students-in-japan-south-korea-and-us (1/1), chunk 4/44
[23:30:37 +44s | thequantuminsider_2023_12_15_ibm_teams_with_universities_to_advance_quantum_education_for_06e96085] Repaired malformed JSON.
[23:30:37 +44s | thequantuminsider_2023_12_15_ibm_teams_with_universities_to_advance_quantum_education_for_06e96085] Extracting actors: https://thequantuminsider.com/2023/12/15/ibm-teams-with-universities-to-advance-quantum-education-for-40000-students-in-japan-south-korea-and-us (1/1), chunk 5/44
[23:31:04 +1m 12s | thequantuminsider_2023_12_15_ibm_teams_with_universities_to_advance_quantum_education_for_06e96085] Repaired malformed JSON.
[23:31:04 +1m 12s | thequantuminsider_2023_12_15_ibm_teams_with_universities_to_advance_quantum_education_for_06e96085] Extracting actors: https://thequantuminsider.com/2023/12/15/ibm-teams-with-universities-to-advance-quantum-education-for-40000-students-in-japan-south-korea-and-us (1/1), chunk 6/44
[23:31:15 +1m 23s | thequantuminsider_2023_12_15_ibm_teams_with_universities_to_advance_quantum_education_for_06e96085] Repaired malformed JSON.
[23:31:15 +1m 23s | thequantuminsider_2023_12_15_ibm_teams_with_universities_to_advance_quantum_education_for_06e96085] Extracting actors: https://thequantuminsider.com/2023/12/15/ibm-teams-with-universities-to-advance-quantum-education-for-40000-students-in-japan-south-korea-and-us (1/1), chunk 7/44
[23:31:29 +1m 37s | thequantuminsider_2023_12_15_ibm_teams_with_universities_to_advance_quantum_education_for_06e96085] Repaired malformed JSON.
[23:31:29 +1m 37s | thequantuminsider_2023_12_15_ibm_teams_with_universities_to_advance_quantum_education_for_06e96085] Extracting actors: https://thequantuminsider.com/2023/12/15/ibm-teams-with-universities-to-advance-quantum-education-for-40000-students-in-japan-south-korea-and-us (1/1), chunk 8/44
[23:31:38 +1m 46s | thequantuminsider_2023_12_15_ibm_teams_with_universities_to_advance_quantum_education_for_06e96085] Repaired malformed JSON.
[23:31:38 +1m 46s | thequantuminsider_2023_12_15_ibm_teams_with_universities_to_advance_quantum_education_for_06e96085] Extracting actors: https://thequantuminsider.com/2023/12/15/ibm-teams-with-universities-to-advance-quantum-education-for-40000-students-in-japan-south-korea-and-us (1/1), chunk 9/44
[23:31:47 +1m 55s | thequantuminsider_2023_12_15_ibm_teams_with_universities_to_advance_quantum_education_for_06e96085] Repaired malformed JSON.
[23:31:47 +1m 55s | thequantuminsider_2023_12_15_ibm_teams_with_universities_to_advance_quantum_education_for_06e96085] Extracting actors: https://thequantuminsider.com/2023/12/15/ibm-teams-with-universities-to-advance-quantum-education-for-40000-students-in-japan-south-korea-and-us (1/1), chunk 10/44
[23:31:55 +2m 3s | thequantuminsider_2023_12_15_ibm_teams_with_universities_to_advance_quantum_education_for_06e96085] Repaired malformed JSON.
[23:31:55 +2m 3s | thequantuminsider_2023_12_15_ibm_teams_with_universities_to_advance_quantum_education_for_06e96085] Extracting actors: https://thequantuminsider.com/2023/12/15/ibm-teams-with-universities-to-advance-quantum-education-for-40000-students-in-japan-south-korea-and-us (1/1), chunk 11/44
[23:32:16 +2m 24s | thequantuminsider_2023_12_15_ibm_teams_with_universities_to_advance_quantum_education_for_06e96085] Repaired malformed JSON.
[23:32:16 +2m 24s | thequantuminsider_2023_12_15_ibm_teams_with_universities_to_advance_quantum_education_for_06e96085] Extracting actors: https://thequantuminsider.com/2023/12/15/ibm-teams-with-universities-to-advance-quantum-education-for-40000-students-in-japan-south-korea-and-us (1/1), chunk 12/44
[23:32:29 +2m 36s | thequantuminsider_2023_12_15_ibm_teams_with_universities_to_advance_quantum_education_for_06e96085] Repaired malformed JSON.
[23:32:29 +2m 36s | thequantuminsider_2023_12_15_ibm_teams_with_universities_to_advance_quantum_education_for_06e96085] Extracting actors: https://thequantuminsider.com/2023/12/15/ibm-teams-with-universities-to-advance-quantum-education-for-40000-students-in-japan-south-korea-and-us (1/1), chunk 13/44
[23:32:37 +2m 45s | thequantuminsider_2023_12_15_ibm_teams_with_universities_to_advance_quantum_education_for_06e96085] Repaired malformed JSON.
[23:32:37 +2m 45s | thequantuminsider_2023_12_15_ibm_teams_with_universities_to_advance_quantum_education_for_06e96085] Extracting actors: https://thequantuminsider.com/2023/12/15/ibm-teams-with-universities-to-advance-quantum-education-for-40000-students-in-japan-south-korea-and-us (1/1), chunk 14/44
[23:32:45 +2m 53s | thequantuminsider_2023_12_15_ibm_teams_with_universities_to_advance_quantum_education_for_06e96085] Repaired malformed JSON.
[23:32:45 +2m 53s | thequantuminsider_2023_12_15_ibm_teams_with_universities_to_advance_quantum_education_for_06e96085] Extracting actors: https://thequantuminsider.com/2023/12/15/ibm-teams-with-universities-to-advance-quantum-education-for-40000-students-in-japan-south-korea-and-us (1/1), chunk 15/44
[23:32:52 +3m 0s | thequantuminsider_2023_12_15_ibm_teams_with_universities_to_advance_quantum_education_for_06e96085] Repaired malformed JSON.
[23:32:52 +3m 0s | thequantuminsider_2023_12_15_ibm_teams_with_universities_to_advance_quantum_education_for_06e96085] Extracting actors: https://thequantuminsider.com/2023/12/15/ibm-teams-with-universities-to-advance-quantum-education-for-40000-students-in-japan-south-korea-and-us (1/1), chunk 16/44
[23:33:19 +3m 27s | thequantuminsider_2023_12_15_ibm_teams_with_universities_to_advance_quantum_education_for_06e96085] Repaired malformed JSON.
[23:33:19 +3m 27s | thequantuminsider_2023_12_15_ibm_teams_with_universities_to_advance_quantum_education_for_06e96085] Extracting actors: https://thequantuminsider.com/2023/12/15/ibm-teams-with-universities-to-advance-quantum-education-for-40000-students-in-japan-south-korea-and-us (1/1), chunk 17/44
[23:33:29 +3m 37s | thequantuminsider_2023_12_15_ibm_teams_with_universities_to_advance_quantum_education_for_06e96085] Repaired malformed JSON.
[23:33:29 +3m 37s | thequantuminsider_2023_12_15_ibm_teams_with_universities_to_advance_quantum_education_for_06e96085] Extracting actors: https://thequantuminsider.com/2023/12/15/ibm-teams-with-universities-to-advance-quantum-education-for-40000-students-in-japan-south-korea-and-us (1/1), chunk 18/44
[23:33:38 +3m 46s | thequantuminsider_2023_12_15_ibm_teams_with_universities_to_advance_quantum_education_for_06e96085] Repaired malformed JSON.
[23:33:38 +3m 46s | thequantuminsider_2023_12_15_ibm_teams_with_universities_to_advance_quantum_education_for_06e96085] Extracting actors: https://thequantuminsider.com/2023/12/15/ibm-teams-with-universities-to-advance-quantum-education-for-40000-students-in-japan-south-korea-and-us (1/1), chunk 19/44
[23:33:48 +3m 56s | thequantuminsider_2023_12_15_ibm_teams_with_universities_to_advance_quantum_education_for_06e96085] Repaired malformed JSON.
[23:33:48 +3m 56s | thequantuminsider_2023_12_15_ibm_teams_with_universities_to_advance_quantum_education_for_06e96085] Extracting actors: https://thequantuminsider.com/2023/12/15/ibm-teams-with-universities-to-advance-quantum-education-for-40000-students-in-japan-south-korea-and-us (1/1), chunk 20/44
[23:34:03 +4m 11s | thequantuminsider_2023_12_15_ibm_teams_with_universities_to_advance_quantum_education_for_06e96085] Repaired malformed JSON.
[23:34:03 +4m 11s | thequantuminsider_2023_12_15_ibm_teams_with_universities_to_advance_quantum_education_for_06e96085] Extracting actors: https://thequantuminsider.com/2023/12/15/ibm-teams-with-universities-to-advance-quantum-education-for-40000-students-in-japan-south-korea-and-us (1/1), chunk 21/44
[23:34:12 +4m 20s | thequantuminsider_2023_12_15_ibm_teams_with_universities_to_advance_quantum_education_for_06e96085] Repaired malformed JSON.
[23:34:12 +4m 20s | thequantuminsider_2023_12_15_ibm_teams_with_universities_to_advance_quantum_education_for_06e96085] Extracting actors: https://thequantuminsider.com/2023/12/15/ibm-teams-with-universities-to-advance-quantum-education-for-40000-students-in-japan-south-korea-and-us (1/1), chunk 22/44
[23:34:20 +4m 28s | thequantuminsider_2023_12_15_ibm_teams_with_universities_to_advance_quantum_education_for_06e96085] Repaired malformed JSON.
[23:34:20 +4m 28s | thequantuminsider_2023_12_15_ibm_teams_with_universities_to_advance_quantum_education_for_06e96085] Extracting actors: https://thequantuminsider.com/2023/12/15/ibm-teams-with-universities-to-advance-quantum-education-for-40000-students-in-japan-south-korea-and-us (1/1), chunk 23/44
[23:34:29 +4m 37s | thequantuminsider_2023_12_15_ibm_teams_with_universities_to_advance_quantum_education_for_06e96085] Repaired malformed JSON.
[23:34:29 +4m 37s | thequantuminsider_2023_12_15_ibm_teams_with_universities_to_advance_quantum_education_for_06e96085] Extracting actors: https://thequantuminsider.com/2023/12/15/ibm-teams-with-universities-to-advance-quantum-education-for-40000-students-in-japan-south-korea-and-us (1/1), chunk 24/44
[23:34:37 +4m 45s | thequantuminsider_2023_12_15_ibm_teams_with_universities_to_advance_quantum_education_for_06e96085] Repaired malformed JSON.
[23:34:37 +4m 45s | thequantuminsider_2023_12_15_ibm_teams_with_universities_to_advance_quantum_education_for_06e96085] Extracting actors: https://thequantuminsider.com/2023/12/15/ibm-teams-with-universities-to-advance-quantum-education-for-40000-students-in-japan-south-korea-and-us (1/1), chunk 25/44
[23:34:43 +4m 51s | thequantuminsider_2023_12_15_ibm_teams_with_universities_to_advance_quantum_education_for_06e96085] Repaired malformed JSON.
[23:34:43 +4m 51s | thequantuminsider_2023_12_15_ibm_teams_with_universities_to_advance_quantum_education_for_06e96085] Extracting actors: https://thequantuminsider.com/2023/12/15/ibm-teams-with-universities-to-advance-quantum-education-for-40000-students-in-japan-south-korea-and-us (1/1), chunk 26/44
[23:34:50 +4m 58s | thequantuminsider_2023_12_15_ibm_teams_with_universities_to_advance_quantum_education_for_06e96085] Repaired malformed JSON.
[23:34:50 +4m 58s | thequantuminsider_2023_12_15_ibm_teams_with_universities_to_advance_quantum_education_for_06e96085] Extracting actors: https://thequantuminsider.com/2023/12/15/ibm-teams-with-universities-to-advance-quantum-education-for-40000-students-in-japan-south-korea-and-us (1/1), chunk 27/44
[23:34:59 +5m 7s | thequantuminsider_2023_12_15_ibm_teams_with_universities_to_advance_quantum_education_for_06e96085] Repaired malformed JSON.
[23:34:59 +5m 7s | thequantuminsider_2023_12_15_ibm_teams_with_universities_to_advance_quantum_education_for_06e96085] Extracting actors: https://thequantuminsider.com/2023/12/15/ibm-teams-with-universities-to-advance-quantum-education-for-40000-students-in-japan-south-korea-and-us (1/1), chunk 28/44
[23:35:06 +5m 14s | thequantuminsider_2023_12_15_ibm_teams_with_universities_to_advance_quantum_education_for_06e96085] Repaired malformed JSON.
[23:35:06 +5m 14s | thequantuminsider_2023_12_15_ibm_teams_with_universities_to_advance_quantum_education_for_06e96085] Extracting actors: https://thequantuminsider.com/2023/12/15/ibm-teams-with-universities-to-advance-quantum-education-for-40000-students-in-japan-south-korea-and-us (1/1), chunk 29/44
[23:35:14 +5m 22s | thequantuminsider_2023_12_15_ibm_teams_with_universities_to_advance_quantum_education_for_06e96085] Repaired malformed JSON.
[23:35:14 +5m 22s | thequantuminsider_2023_12_15_ibm_teams_with_universities_to_advance_quantum_education_for_06e96085] Extracting actors: https://thequantuminsider.com/2023/12/15/ibm-teams-with-universities-to-advance-quantum-education-for-40000-students-in-japan-south-korea-and-us (1/1), chunk 30/44
[23:35:24 +5m 32s | thequantuminsider_2023_12_15_ibm_teams_with_universities_to_advance_quantum_education_for_06e96085] Repaired malformed JSON.
[23:35:24 +5m 32s | thequantuminsider_2023_12_15_ibm_teams_with_universities_to_advance_quantum_education_for_06e96085] Extracting actors: https://thequantuminsider.com/2023/12/15/ibm-teams-with-universities-to-advance-quantum-education-for-40000-students-in-japan-south-korea-and-us (1/1), chunk 31/44
[23:35:31 +5m 39s | thequantuminsider_2023_12_15_ibm_teams_with_universities_to_advance_quantum_education_for_06e96085] Extracting actors: https://thequantuminsider.com/2023/12/15/ibm-teams-with-universities-to-advance-quantum-education-for-40000-students-in-japan-south-korea-and-us (1/1), chunk 32/44
[23:35:41 +5m 49s | thequantuminsider_2023_12_15_ibm_teams_with_universities_to_advance_quantum_education_for_06e96085] Repaired malformed JSON.
[23:35:41 +5m 49s | thequantuminsider_2023_12_15_ibm_teams_with_universities_to_advance_quantum_education_for_06e96085] Extracting actors: https://thequantuminsider.com/2023/12/15/ibm-teams-with-universities-to-advance-quantum-education-for-40000-students-in-japan-south-korea-and-us (1/1), chunk 33/44
[23:35:52 +6m 0s | thequantuminsider_2023_12_15_ibm_teams_with_universities_to_advance_quantum_education_for_06e96085] Repaired malformed JSON.
[23:35:52 +6m 0s | thequantuminsider_2023_12_15_ibm_teams_with_universities_to_advance_quantum_education_for_06e96085] Extracting actors: https://thequantuminsider.com/2023/12/15/ibm-teams-with-universities-to-advance-quantum-education-for-40000-students-in-japan-south-korea-and-us (1/1), chunk 34/44
[23:36:02 +6m 9s | thequantuminsider_2023_12_15_ibm_teams_with_universities_to_advance_quantum_education_for_06e96085] Repaired malformed JSON.
[23:36:02 +6m 9s | thequantuminsider_2023_12_15_ibm_teams_with_universities_to_advance_quantum_education_for_06e96085] Extracting actors: https://thequantuminsider.com/2023/12/15/ibm-teams-with-universities-to-advance-quantum-education-for-40000-students-in-japan-south-korea-and-us (1/1), chunk 35/44
[23:36:12 +6m 19s | thequantuminsider_2023_12_15_ibm_teams_with_universities_to_advance_quantum_education_for_06e96085] Repaired malformed JSON.
[23:36:12 +6m 19s | thequantuminsider_2023_12_15_ibm_teams_with_universities_to_advance_quantum_education_for_06e96085] Extracting actors: https://thequantuminsider.com/2023/12/15/ibm-teams-with-universities-to-advance-quantum-education-for-40000-students-in-japan-south-korea-and-us (1/1), chunk 36/44
[23:36:21 +6m 28s | thequantuminsider_2023_12_15_ibm_teams_with_universities_to_advance_quantum_education_for_06e96085] Repaired malformed JSON.
[23:36:21 +6m 28s | thequantuminsider_2023_12_15_ibm_teams_with_universities_to_advance_quantum_education_for_06e96085] Extracting actors: https://thequantuminsider.com/2023/12/15/ibm-teams-with-universities-to-advance-quantum-education-for-40000-students-in-japan-south-korea-and-us (1/1), chunk 37/44
[23:36:29 +6m 36s | thequantuminsider_2023_12_15_ibm_teams_with_universities_to_advance_quantum_education_for_06e96085] Repaired malformed JSON.
[23:36:29 +6m 36s | thequantuminsider_2023_12_15_ibm_teams_with_universities_to_advance_quantum_education_for_06e96085] Extracting actors: https://thequantuminsider.com/2023/12/15/ibm-teams-with-universities-to-advance-quantum-education-for-40000-students-in-japan-south-korea-and-us (1/1), chunk 38/44
[23:36:38 +6m 46s | thequantuminsider_2023_12_15_ibm_teams_with_universities_to_advance_quantum_education_for_06e96085] Repaired malformed JSON.
[23:36:38 +6m 46s | thequantuminsider_2023_12_15_ibm_teams_with_universities_to_advance_quantum_education_for_06e96085] Extracting actors: https://thequantuminsider.com/2023/12/15/ibm-teams-with-universities-to-advance-quantum-education-for-40000-students-in-japan-south-korea-and-us (1/1), chunk 39/44
[23:37:03 +7m 11s | thequantuminsider_2023_12_15_ibm_teams_with_universities_to_advance_quantum_education_for_06e96085] Repaired malformed JSON.
[23:37:03 +7m 11s | thequantuminsider_2023_12_15_ibm_teams_with_universities_to_advance_quantum_education_for_06e96085] Extracting actors: https://thequantuminsider.com/2023/12/15/ibm-teams-with-universities-to-advance-quantum-education-for-40000-students-in-japan-south-korea-and-us (1/1), chunk 40/44
[23:37:12 +7m 19s | thequantuminsider_2023_12_15_ibm_teams_with_universities_to_advance_quantum_education_for_06e96085] Repaired malformed JSON.
[23:37:12 +7m 19s | thequantuminsider_2023_12_15_ibm_teams_with_universities_to_advance_quantum_education_for_06e96085] Extracting actors: https://thequantuminsider.com/2023/12/15/ibm-teams-with-universities-to-advance-quantum-education-for-40000-students-in-japan-south-korea-and-us (1/1), chunk 41/44
[23:37:20 +7m 28s | thequantuminsider_2023_12_15_ibm_teams_with_universities_to_advance_quantum_education_for_06e96085] Repaired malformed JSON.
[23:37:20 +7m 28s | thequantuminsider_2023_12_15_ibm_teams_with_universities_to_advance_quantum_education_for_06e96085] Extracting actors: https://thequantuminsider.com/2023/12/15/ibm-teams-with-universities-to-advance-quantum-education-for-40000-students-in-japan-south-korea-and-us (1/1), chunk 42/44

========================================================================
RUN FINISHED 2026-07-04 23:37:41  (INTERRUPTED)
Started:     2026-07-04 23:29:53
Elapsed:     7m 49s
========================================================================

========================================================================
RUN STARTED  2026-07-05 00:11:39
site_pipeline.py https://thequantuminsider.com/2023/12/15/ibm-teams-with-universities-to-advance-quantum-education-for-40000-students-in-japan-south-korea-and-us/
========================================================================

[00:11:39 +0s | thequantuminsider_2023_12_15_ibm_teams_with_universities_to_advance_quantum_education_for_06e96085] === 0 crawl site ===
[00:11:41 +2s | thequantuminsider_2023_12_15_ibm_teams_with_universities_to_advance_quantum_education_for_06e96085] Cleared existing crawl_output/
[00:11:43 +4s | thequantuminsider_2023_12_15_ibm_teams_with_universities_to_advance_quantum_education_for_06e96085] [INIT].... → Crawl4AI 0.8.6 
[00:11:45 +6s | thequantuminsider_2023_12_15_ibm_teams_with_universities_to_advance_quantum_education_for_06e96085] [FETCH]... ↓ https://thequantuminsider.com/2023/12/15/ibm-tea...-for-40000-students-in-japan-south-korea-and-us/  | ✓ | ⏱: 1.97s 
[00:11:45 +6s | thequantuminsider_2023_12_15_ibm_teams_with_universities_to_advance_quantum_education_for_06e96085] [SCRAPE].. ◆ https://thequantuminsider.com/2023/12/15/ibm-tea...-for-40000-students-in-japan-south-korea-and-us/  | ✓ | ⏱: 0.26s 
[00:11:45 +6s | thequantuminsider_2023_12_15_ibm_teams_with_universities_to_advance_quantum_education_for_06e96085] [COMPLETE] ● https://thequantuminsider.com/2023/12/15/ibm-tea...-for-40000-students-in-japan-south-korea-and-us/  | ✓ | ⏱: 2.28s 
[00:11:45 +6s | thequantuminsider_2023_12_15_ibm_teams_with_universities_to_advance_quantum_education_for_06e96085] Saved: crawl_output/e3fc1e8161_thequantuminsider.com_2023_12_15_ibm-teams-with-universities-to-advance-quantum-education-for-40000-students-in-japan-south-korea-and-us.json

[00:11:46 +7s | thequantuminsider_2023_12_15_ibm_teams_with_universities_to_advance_quantum_education_for_06e96085] === 1 actor extraction ===
[00:11:46 +7s | thequantuminsider_2023_12_15_ibm_teams_with_universities_to_advance_quantum_education_for_06e96085] Reading page (1/1): https://thequantuminsider.com/2023/12/15/ibm-teams-with-universities-to-advance-quantum-education-for-40000-students-in-japan-south-korea-and-us
[00:11:46 +7s | thequantuminsider_2023_12_15_ibm_teams_with_universities_to_advance_quantum_education_for_06e96085] Extracting actors: https://thequantuminsider.com/2023/12/15/ibm-teams-with-universities-to-advance-quantum-education-for-40000-students-in-japan-south-korea-and-us (1/1), chunk 1/42
[00:11:54 +16s | thequantuminsider_2023_12_15_ibm_teams_with_universities_to_advance_quantum_education_for_06e96085] Repaired malformed JSON.
[00:11:54 +16s | thequantuminsider_2023_12_15_ibm_teams_with_universities_to_advance_quantum_education_for_06e96085] Extracting actors: https://thequantuminsider.com/2023/12/15/ibm-teams-with-universities-to-advance-quantum-education-for-40000-students-in-japan-south-korea-and-us (1/1), chunk 2/42
[00:12:13 +35s | thequantuminsider_2023_12_15_ibm_teams_with_universities_to_advance_quantum_education_for_06e96085] Repaired malformed JSON.
[00:12:13 +35s | thequantuminsider_2023_12_15_ibm_teams_with_universities_to_advance_quantum_education_for_06e96085] Extracting actors: https://thequantuminsider.com/2023/12/15/ibm-teams-with-universities-to-advance-quantum-education-for-40000-students-in-japan-south-korea-and-us (1/1), chunk 3/42
[00:12:22 +43s | thequantuminsider_2023_12_15_ibm_teams_with_universities_to_advance_quantum_education_for_06e96085] Repaired malformed JSON.
[00:12:22 +43s | thequantuminsider_2023_12_15_ibm_teams_with_universities_to_advance_quantum_education_for_06e96085] Extracting actors: https://thequantuminsider.com/2023/12/15/ibm-teams-with-universities-to-advance-quantum-education-for-40000-students-in-japan-south-korea-and-us (1/1), chunk 4/42
[00:12:39 +1m 1s | thequantuminsider_2023_12_15_ibm_teams_with_universities_to_advance_quantum_education_for_06e96085] Repaired malformed JSON.
[00:12:39 +1m 1s | thequantuminsider_2023_12_15_ibm_teams_with_universities_to_advance_quantum_education_for_06e96085] Extracting actors: https://thequantuminsider.com/2023/12/15/ibm-teams-with-universities-to-advance-quantum-education-for-40000-students-in-japan-south-korea-and-us (1/1), chunk 5/42
[00:12:48 +1m 10s | thequantuminsider_2023_12_15_ibm_teams_with_universities_to_advance_quantum_education_for_06e96085] Repaired malformed JSON.
[00:12:48 +1m 10s | thequantuminsider_2023_12_15_ibm_teams_with_universities_to_advance_quantum_education_for_06e96085] Extracting actors: https://thequantuminsider.com/2023/12/15/ibm-teams-with-universities-to-advance-quantum-education-for-40000-students-in-japan-south-korea-and-us (1/1), chunk 6/42
[00:13:08 +1m 31s | thequantuminsider_2023_12_15_ibm_teams_with_universities_to_advance_quantum_education_for_06e96085] Repaired malformed JSON.
[00:13:08 +1m 31s | thequantuminsider_2023_12_15_ibm_teams_with_universities_to_advance_quantum_education_for_06e96085] Extracting actors: https://thequantuminsider.com/2023/12/15/ibm-teams-with-universities-to-advance-quantum-education-for-40000-students-in-japan-south-korea-and-us (1/1), chunk 7/42
[00:13:17 +1m 40s | thequantuminsider_2023_12_15_ibm_teams_with_universities_to_advance_quantum_education_for_06e96085] Repaired malformed JSON.
[00:13:17 +1m 40s | thequantuminsider_2023_12_15_ibm_teams_with_universities_to_advance_quantum_education_for_06e96085] Extracting actors: https://thequantuminsider.com/2023/12/15/ibm-teams-with-universities-to-advance-quantum-education-for-40000-students-in-japan-south-korea-and-us (1/1), chunk 8/42
[00:13:25 +1m 48s | thequantuminsider_2023_12_15_ibm_teams_with_universities_to_advance_quantum_education_for_06e96085] Repaired malformed JSON.
[00:13:25 +1m 48s | thequantuminsider_2023_12_15_ibm_teams_with_universities_to_advance_quantum_education_for_06e96085] Extracting actors: https://thequantuminsider.com/2023/12/15/ibm-teams-with-universities-to-advance-quantum-education-for-40000-students-in-japan-south-korea-and-us (1/1), chunk 9/42
[00:13:30 +1m 54s | thequantuminsider_2023_12_15_ibm_teams_with_universities_to_advance_quantum_education_for_06e96085] Repaired malformed JSON.
[00:13:30 +1m 54s | thequantuminsider_2023_12_15_ibm_teams_with_universities_to_advance_quantum_education_for_06e96085] Extracting actors: https://thequantuminsider.com/2023/12/15/ibm-teams-with-universities-to-advance-quantum-education-for-40000-students-in-japan-south-korea-and-us (1/1), chunk 10/42
[00:13:36 +2m 0s | thequantuminsider_2023_12_15_ibm_teams_with_universities_to_advance_quantum_education_for_06e96085] Repaired malformed JSON.
[00:13:36 +2m 0s | thequantuminsider_2023_12_15_ibm_teams_with_universities_to_advance_quantum_education_for_06e96085] Extracting actors: https://thequantuminsider.com/2023/12/15/ibm-teams-with-universities-to-advance-quantum-education-for-40000-students-in-japan-south-korea-and-us (1/1), chunk 11/42
[00:13:45 +2m 9s | thequantuminsider_2023_12_15_ibm_teams_with_universities_to_advance_quantum_education_for_06e96085] Repaired malformed JSON.
[00:13:45 +2m 9s | thequantuminsider_2023_12_15_ibm_teams_with_universities_to_advance_quantum_education_for_06e96085] Extracting actors: https://thequantuminsider.com/2023/12/15/ibm-teams-with-universities-to-advance-quantum-education-for-40000-students-in-japan-south-korea-and-us (1/1), chunk 12/42
[00:13:53 +2m 16s | thequantuminsider_2023_12_15_ibm_teams_with_universities_to_advance_quantum_education_for_06e96085] Repaired malformed JSON.
[00:13:53 +2m 16s | thequantuminsider_2023_12_15_ibm_teams_with_universities_to_advance_quantum_education_for_06e96085] Extracting actors: https://thequantuminsider.com/2023/12/15/ibm-teams-with-universities-to-advance-quantum-education-for-40000-students-in-japan-south-korea-and-us (1/1), chunk 13/42
[00:14:02 +2m 26s | thequantuminsider_2023_12_15_ibm_teams_with_universities_to_advance_quantum_education_for_06e96085] Repaired malformed JSON.
[00:14:02 +2m 26s | thequantuminsider_2023_12_15_ibm_teams_with_universities_to_advance_quantum_education_for_06e96085] Extracting actors: https://thequantuminsider.com/2023/12/15/ibm-teams-with-universities-to-advance-quantum-education-for-40000-students-in-japan-south-korea-and-us (1/1), chunk 14/42
[00:14:10 +2m 35s | thequantuminsider_2023_12_15_ibm_teams_with_universities_to_advance_quantum_education_for_06e96085] Repaired malformed JSON.
[00:14:10 +2m 35s | thequantuminsider_2023_12_15_ibm_teams_with_universities_to_advance_quantum_education_for_06e96085] Extracting actors: https://thequantuminsider.com/2023/12/15/ibm-teams-with-universities-to-advance-quantum-education-for-40000-students-in-japan-south-korea-and-us (1/1), chunk 15/42
[00:14:17 +2m 41s | thequantuminsider_2023_12_15_ibm_teams_with_universities_to_advance_quantum_education_for_06e96085] Repaired malformed JSON.
[00:14:17 +2m 41s | thequantuminsider_2023_12_15_ibm_teams_with_universities_to_advance_quantum_education_for_06e96085] Extracting actors: https://thequantuminsider.com/2023/12/15/ibm-teams-with-universities-to-advance-quantum-education-for-40000-students-in-japan-south-korea-and-us (1/1), chunk 16/42
[00:14:26 +2m 50s | thequantuminsider_2023_12_15_ibm_teams_with_universities_to_advance_quantum_education_for_06e96085] Repaired malformed JSON.
[00:14:26 +2m 50s | thequantuminsider_2023_12_15_ibm_teams_with_universities_to_advance_quantum_education_for_06e96085] Extracting actors: https://thequantuminsider.com/2023/12/15/ibm-teams-with-universities-to-advance-quantum-education-for-40000-students-in-japan-south-korea-and-us (1/1), chunk 17/42
[00:14:51 +3m 16s | thequantuminsider_2023_12_15_ibm_teams_with_universities_to_advance_quantum_education_for_06e96085] Repaired malformed JSON.
[00:14:51 +3m 16s | thequantuminsider_2023_12_15_ibm_teams_with_universities_to_advance_quantum_education_for_06e96085] Extracting actors: https://thequantuminsider.com/2023/12/15/ibm-teams-with-universities-to-advance-quantum-education-for-40000-students-in-japan-south-korea-and-us (1/1), chunk 18/42
[00:15:04 +3m 29s | thequantuminsider_2023_12_15_ibm_teams_with_universities_to_advance_quantum_education_for_06e96085] Repaired malformed JSON.
[00:15:04 +3m 29s | thequantuminsider_2023_12_15_ibm_teams_with_universities_to_advance_quantum_education_for_06e96085] Extracting actors: https://thequantuminsider.com/2023/12/15/ibm-teams-with-universities-to-advance-quantum-education-for-40000-students-in-japan-south-korea-and-us (1/1), chunk 19/42
[00:15:12 +3m 37s | thequantuminsider_2023_12_15_ibm_teams_with_universities_to_advance_quantum_education_for_06e96085] Repaired malformed JSON.
[00:15:12 +3m 37s | thequantuminsider_2023_12_15_ibm_teams_with_universities_to_advance_quantum_education_for_06e96085] Extracting actors: https://thequantuminsider.com/2023/12/15/ibm-teams-with-universities-to-advance-quantum-education-for-40000-students-in-japan-south-korea-and-us (1/1), chunk 20/42
[00:15:19 +3m 44s | thequantuminsider_2023_12_15_ibm_teams_with_universities_to_advance_quantum_education_for_06e96085] Repaired malformed JSON.
[00:15:19 +3m 44s | thequantuminsider_2023_12_15_ibm_teams_with_universities_to_advance_quantum_education_for_06e96085] Extracting actors: https://thequantuminsider.com/2023/12/15/ibm-teams-with-universities-to-advance-quantum-education-for-40000-students-in-japan-south-korea-and-us (1/1), chunk 21/42
[00:15:27 +3m 53s | thequantuminsider_2023_12_15_ibm_teams_with_universities_to_advance_quantum_education_for_06e96085] Repaired malformed JSON.
[00:15:27 +3m 53s | thequantuminsider_2023_12_15_ibm_teams_with_universities_to_advance_quantum_education_for_06e96085] Extracting actors: https://thequantuminsider.com/2023/12/15/ibm-teams-with-universities-to-advance-quantum-education-for-40000-students-in-japan-south-korea-and-us (1/1), chunk 22/42
[00:15:52 +4m 18s | thequantuminsider_2023_12_15_ibm_teams_with_universities_to_advance_quantum_education_for_06e96085] Repaired malformed JSON.
[00:15:52 +4m 18s | thequantuminsider_2023_12_15_ibm_teams_with_universities_to_advance_quantum_education_for_06e96085] Extracting actors: https://thequantuminsider.com/2023/12/15/ibm-teams-with-universities-to-advance-quantum-education-for-40000-students-in-japan-south-korea-and-us (1/1), chunk 23/42
[00:16:01 +4m 27s | thequantuminsider_2023_12_15_ibm_teams_with_universities_to_advance_quantum_education_for_06e96085] Repaired malformed JSON.
[00:16:01 +4m 27s | thequantuminsider_2023_12_15_ibm_teams_with_universities_to_advance_quantum_education_for_06e96085] Extracting actors: https://thequantuminsider.com/2023/12/15/ibm-teams-with-universities-to-advance-quantum-education-for-40000-students-in-japan-south-korea-and-us (1/1), chunk 24/42
[00:16:09 +4m 35s | thequantuminsider_2023_12_15_ibm_teams_with_universities_to_advance_quantum_education_for_06e96085] Repaired malformed JSON.
[00:16:09 +4m 35s | thequantuminsider_2023_12_15_ibm_teams_with_universities_to_advance_quantum_education_for_06e96085] Extracting actors: https://thequantuminsider.com/2023/12/15/ibm-teams-with-universities-to-advance-quantum-education-for-40000-students-in-japan-south-korea-and-us (1/1), chunk 25/42
[00:16:18 +4m 45s | thequantuminsider_2023_12_15_ibm_teams_with_universities_to_advance_quantum_education_for_06e96085] Repaired malformed JSON.
[00:16:18 +4m 45s | thequantuminsider_2023_12_15_ibm_teams_with_universities_to_advance_quantum_education_for_06e96085] Extracting actors: https://thequantuminsider.com/2023/12/15/ibm-teams-with-universities-to-advance-quantum-education-for-40000-students-in-japan-south-korea-and-us (1/1), chunk 26/42
[00:16:27 +4m 53s | thequantuminsider_2023_12_15_ibm_teams_with_universities_to_advance_quantum_education_for_06e96085] Repaired malformed JSON.
[00:16:27 +4m 53s | thequantuminsider_2023_12_15_ibm_teams_with_universities_to_advance_quantum_education_for_06e96085] Extracting actors: https://thequantuminsider.com/2023/12/15/ibm-teams-with-universities-to-advance-quantum-education-for-40000-students-in-japan-south-korea-and-us (1/1), chunk 27/42
[00:16:35 +5m 2s | thequantuminsider_2023_12_15_ibm_teams_with_universities_to_advance_quantum_education_for_06e96085] Repaired malformed JSON.
[00:16:35 +5m 2s | thequantuminsider_2023_12_15_ibm_teams_with_universities_to_advance_quantum_education_for_06e96085] Extracting actors: https://thequantuminsider.com/2023/12/15/ibm-teams-with-universities-to-advance-quantum-education-for-40000-students-in-japan-south-korea-and-us (1/1), chunk 28/42
[00:16:43 +5m 11s | thequantuminsider_2023_12_15_ibm_teams_with_universities_to_advance_quantum_education_for_06e96085] Repaired malformed JSON.
[00:16:43 +5m 11s | thequantuminsider_2023_12_15_ibm_teams_with_universities_to_advance_quantum_education_for_06e96085] Extracting actors: https://thequantuminsider.com/2023/12/15/ibm-teams-with-universities-to-advance-quantum-education-for-40000-students-in-japan-south-korea-and-us (1/1), chunk 29/42
[00:17:12 +5m 40s | thequantuminsider_2023_12_15_ibm_teams_with_universities_to_advance_quantum_education_for_06e96085] Repaired malformed JSON.
[00:17:12 +5m 40s | thequantuminsider_2023_12_15_ibm_teams_with_universities_to_advance_quantum_education_for_06e96085] Extracting actors: https://thequantuminsider.com/2023/12/15/ibm-teams-with-universities-to-advance-quantum-education-for-40000-students-in-japan-south-korea-and-us (1/1), chunk 30/42
[00:17:22 +5m 50s | thequantuminsider_2023_12_15_ibm_teams_with_universities_to_advance_quantum_education_for_06e96085] Repaired malformed JSON.
[00:17:22 +5m 50s | thequantuminsider_2023_12_15_ibm_teams_with_universities_to_advance_quantum_education_for_06e96085] Extracting actors: https://thequantuminsider.com/2023/12/15/ibm-teams-with-universities-to-advance-quantum-education-for-40000-students-in-japan-south-korea-and-us (1/1), chunk 31/42
[00:17:31 +6m 0s | thequantuminsider_2023_12_15_ibm_teams_with_universities_to_advance_quantum_education_for_06e96085] Repaired malformed JSON.
[00:17:31 +6m 0s | thequantuminsider_2023_12_15_ibm_teams_with_universities_to_advance_quantum_education_for_06e96085] Extracting actors: https://thequantuminsider.com/2023/12/15/ibm-teams-with-universities-to-advance-quantum-education-for-40000-students-in-japan-south-korea-and-us (1/1), chunk 32/42
[00:17:57 +6m 26s | thequantuminsider_2023_12_15_ibm_teams_with_universities_to_advance_quantum_education_for_06e96085] Repaired malformed JSON.
[00:17:57 +6m 26s | thequantuminsider_2023_12_15_ibm_teams_with_universities_to_advance_quantum_education_for_06e96085] Extracting actors: https://thequantuminsider.com/2023/12/15/ibm-teams-with-universities-to-advance-quantum-education-for-40000-students-in-japan-south-korea-and-us (1/1), chunk 33/42
[00:18:24 +6m 54s | thequantuminsider_2023_12_15_ibm_teams_with_universities_to_advance_quantum_education_for_06e96085] Repaired malformed JSON.
[00:18:24 +6m 54s | thequantuminsider_2023_12_15_ibm_teams_with_universities_to_advance_quantum_education_for_06e96085] Extracting actors: https://thequantuminsider.com/2023/12/15/ibm-teams-with-universities-to-advance-quantum-education-for-40000-students-in-japan-south-korea-and-us (1/1), chunk 34/42
[00:18:30 +7m 0s | thequantuminsider_2023_12_15_ibm_teams_with_universities_to_advance_quantum_education_for_06e96085] Repaired malformed JSON.
[00:18:30 +7m 0s | thequantuminsider_2023_12_15_ibm_teams_with_universities_to_advance_quantum_education_for_06e96085] Extracting actors: https://thequantuminsider.com/2023/12/15/ibm-teams-with-universities-to-advance-quantum-education-for-40000-students-in-japan-south-korea-and-us (1/1), chunk 35/42
[00:18:38 +7m 7s | thequantuminsider_2023_12_15_ibm_teams_with_universities_to_advance_quantum_education_for_06e96085] Repaired malformed JSON.
[00:18:38 +7m 7s | thequantuminsider_2023_12_15_ibm_teams_with_universities_to_advance_quantum_education_for_06e96085] Extracting actors: https://thequantuminsider.com/2023/12/15/ibm-teams-with-universities-to-advance-quantum-education-for-40000-students-in-japan-south-korea-and-us (1/1), chunk 36/42
[00:18:44 +7m 15s | thequantuminsider_2023_12_15_ibm_teams_with_universities_to_advance_quantum_education_for_06e96085] Repaired malformed JSON.
[00:18:44 +7m 15s | thequantuminsider_2023_12_15_ibm_teams_with_universities_to_advance_quantum_education_for_06e96085] Extracting actors: https://thequantuminsider.com/2023/12/15/ibm-teams-with-universities-to-advance-quantum-education-for-40000-students-in-japan-south-korea-and-us (1/1), chunk 37/42
[00:18:53 +7m 23s | thequantuminsider_2023_12_15_ibm_teams_with_universities_to_advance_quantum_education_for_06e96085] Repaired malformed JSON.
[00:18:53 +7m 23s | thequantuminsider_2023_12_15_ibm_teams_with_universities_to_advance_quantum_education_for_06e96085] Extracting actors: https://thequantuminsider.com/2023/12/15/ibm-teams-with-universities-to-advance-quantum-education-for-40000-students-in-japan-south-korea-and-us (1/1), chunk 38/42
[00:19:01 +7m 32s | thequantuminsider_2023_12_15_ibm_teams_with_universities_to_advance_quantum_education_for_06e96085] Repaired malformed JSON.
[00:19:01 +7m 32s | thequantuminsider_2023_12_15_ibm_teams_with_universities_to_advance_quantum_education_for_06e96085] Extracting actors: https://thequantuminsider.com/2023/12/15/ibm-teams-with-universities-to-advance-quantum-education-for-40000-students-in-japan-south-korea-and-us (1/1), chunk 39/42
[00:19:09 +7m 39s | thequantuminsider_2023_12_15_ibm_teams_with_universities_to_advance_quantum_education_for_06e96085] Repaired malformed JSON.
[00:19:09 +7m 39s | thequantuminsider_2023_12_15_ibm_teams_with_universities_to_advance_quantum_education_for_06e96085] Extracting actors: https://thequantuminsider.com/2023/12/15/ibm-teams-with-universities-to-advance-quantum-education-for-40000-students-in-japan-south-korea-and-us (1/1), chunk 40/42
[00:19:18 +7m 49s | thequantuminsider_2023_12_15_ibm_teams_with_universities_to_advance_quantum_education_for_06e96085] Repaired malformed JSON.
[00:19:18 +7m 49s | thequantuminsider_2023_12_15_ibm_teams_with_universities_to_advance_quantum_education_for_06e96085] Extracting actors: https://thequantuminsider.com/2023/12/15/ibm-teams-with-universities-to-advance-quantum-education-for-40000-students-in-japan-south-korea-and-us (1/1), chunk 41/42
[00:19:24 +7m 55s | thequantuminsider_2023_12_15_ibm_teams_with_universities_to_advance_quantum_education_for_06e96085] Repaired malformed JSON.
[00:19:24 +7m 55s | thequantuminsider_2023_12_15_ibm_teams_with_universities_to_advance_quantum_education_for_06e96085] Extracting actors: https://thequantuminsider.com/2023/12/15/ibm-teams-with-universities-to-advance-quantum-education-for-40000-students-in-japan-south-korea-and-us (1/1), chunk 42/42
[00:19:31 +8m 2s | thequantuminsider_2023_12_15_ibm_teams_with_universities_to_advance_quantum_education_for_06e96085] Repaired malformed JSON.
[00:19:31 +8m 2s | thequantuminsider_2023_12_15_ibm_teams_with_universities_to_advance_quantum_education_for_06e96085] Saved 1_actor_results.json with 82 extracted records

[00:19:31 +8m 2s | thequantuminsider_2023_12_15_ibm_teams_with_universities_to_advance_quantum_education_for_06e96085] === 2 clean actors ===
[00:19:31 +8m 2s | thequantuminsider_2023_12_15_ibm_teams_with_universities_to_advance_quantum_education_for_06e96085] Loaded 82 extracted records
[00:19:31 +8m 2s | thequantuminsider_2023_12_15_ibm_teams_with_universities_to_advance_quantum_education_for_06e96085] Saved 2_actor_nodes.json with 19 canonical actor nodes

[00:19:31 +8m 2s | thequantuminsider_2023_12_15_ibm_teams_with_universities_to_advance_quantum_education_for_06e96085] === 3 interaction extraction ===
[00:19:31 +8m 2s | thequantuminsider_2023_12_15_ibm_teams_with_universities_to_advance_quantum_education_for_06e96085] Extracting interactions: https://thequantuminsider.com/2023/12/15/ibm-teams-with-universities-to-advance-quantum-education-for-40000-students-in-japan-south-korea-and-us (1/1), chunk 11/42
[00:19:39 +8m 10s | thequantuminsider_2023_12_15_ibm_teams_with_universities_to_advance_quantum_education_for_06e96085] Extracting interactions: https://thequantuminsider.com/2023/12/15/ibm-teams-with-universities-to-advance-quantum-education-for-40000-students-in-japan-south-korea-and-us (1/1), chunk 12/42
[00:19:49 +8m 21s | thequantuminsider_2023_12_15_ibm_teams_with_universities_to_advance_quantum_education_for_06e96085] Extracting interactions: https://thequantuminsider.com/2023/12/15/ibm-teams-with-universities-to-advance-quantum-education-for-40000-students-in-japan-south-korea-and-us (1/1), chunk 13/42
[00:20:42 +9m 14s | thequantuminsider_2023_12_15_ibm_teams_with_universities_to_advance_quantum_education_for_06e96085] Extracting interactions: https://thequantuminsider.com/2023/12/15/ibm-teams-with-universities-to-advance-quantum-education-for-40000-students-in-japan-south-korea-and-us (1/1), chunk 14/42
[00:21:26 +9m 59s | thequantuminsider_2023_12_15_ibm_teams_with_universities_to_advance_quantum_education_for_06e96085] Extracting interactions: https://thequantuminsider.com/2023/12/15/ibm-teams-with-universities-to-advance-quantum-education-for-40000-students-in-japan-south-korea-and-us (1/1), chunk 15/42
[00:22:14 +10m 48s | thequantuminsider_2023_12_15_ibm_teams_with_universities_to_advance_quantum_education_for_06e96085] Extracting interactions: https://thequantuminsider.com/2023/12/15/ibm-teams-with-universities-to-advance-quantum-education-for-40000-students-in-japan-south-korea-and-us (1/1), chunk 16/42
[00:22:59 +11m 35s | thequantuminsider_2023_12_15_ibm_teams_with_universities_to_advance_quantum_education_for_06e96085] Extracting interactions: https://thequantuminsider.com/2023/12/15/ibm-teams-with-universities-to-advance-quantum-education-for-40000-students-in-japan-south-korea-and-us (1/1), chunk 17/42
[00:23:40 +12m 16s | thequantuminsider_2023_12_15_ibm_teams_with_universities_to_advance_quantum_education_for_06e96085] Extracting interactions: https://thequantuminsider.com/2023/12/15/ibm-teams-with-universities-to-advance-quantum-education-for-40000-students-in-japan-south-korea-and-us (1/1), chunk 18/42
[00:24:20 +12m 58s | thequantuminsider_2023_12_15_ibm_teams_with_universities_to_advance_quantum_education_for_06e96085] Extracting interactions: https://thequantuminsider.com/2023/12/15/ibm-teams-with-universities-to-advance-quantum-education-for-40000-students-in-japan-south-korea-and-us (1/1), chunk 19/42
[00:25:09 +13m 48s | thequantuminsider_2023_12_15_ibm_teams_with_universities_to_advance_quantum_education_for_06e96085] Extracting interactions: https://thequantuminsider.com/2023/12/15/ibm-teams-with-universities-to-advance-quantum-education-for-40000-students-in-japan-south-korea-and-us (1/1), chunk 20/42
[00:25:31 +14m 10s | thequantuminsider_2023_12_15_ibm_teams_with_universities_to_advance_quantum_education_for_06e96085] Extracting interactions: https://thequantuminsider.com/2023/12/15/ibm-teams-with-universities-to-advance-quantum-education-for-40000-students-in-japan-south-korea-and-us (1/1), chunk 21/42
[00:25:32 +14m 12s | thequantuminsider_2023_12_15_ibm_teams_with_universities_to_advance_quantum_education_for_06e96085] Extracting interactions: https://thequantuminsider.com/2023/12/15/ibm-teams-with-universities-to-advance-quantum-education-for-40000-students-in-japan-south-korea-and-us (1/1), chunk 22/42
[00:25:37 +14m 17s | thequantuminsider_2023_12_15_ibm_teams_with_universities_to_advance_quantum_education_for_06e96085] Extracting interactions: https://thequantuminsider.com/2023/12/15/ibm-teams-with-universities-to-advance-quantum-education-for-40000-students-in-japan-south-korea-and-us (1/1), chunk 25/42
[00:25:39 +14m 18s | thequantuminsider_2023_12_15_ibm_teams_with_universities_to_advance_quantum_education_for_06e96085] Extracting interactions: https://thequantuminsider.com/2023/12/15/ibm-teams-with-universities-to-advance-quantum-education-for-40000-students-in-japan-south-korea-and-us (1/1), chunk 26/42
[00:25:44 +14m 24s | thequantuminsider_2023_12_15_ibm_teams_with_universities_to_advance_quantum_education_for_06e96085] Extracting interactions: https://thequantuminsider.com/2023/12/15/ibm-teams-with-universities-to-advance-quantum-education-for-40000-students-in-japan-south-korea-and-us (1/1), chunk 27/42
[00:25:49 +14m 29s | thequantuminsider_2023_12_15_ibm_teams_with_universities_to_advance_quantum_education_for_06e96085] Extracting interactions: https://thequantuminsider.com/2023/12/15/ibm-teams-with-universities-to-advance-quantum-education-for-40000-students-in-japan-south-korea-and-us (1/1), chunk 30/42
[00:25:52 +14m 32s | thequantuminsider_2023_12_15_ibm_teams_with_universities_to_advance_quantum_education_for_06e96085] Extracting interactions: https://thequantuminsider.com/2023/12/15/ibm-teams-with-universities-to-advance-quantum-education-for-40000-students-in-japan-south-korea-and-us (1/1), chunk 31/42
[00:25:57 +14m 37s | thequantuminsider_2023_12_15_ibm_teams_with_universities_to_advance_quantum_education_for_06e96085] Extracting interactions: https://thequantuminsider.com/2023/12/15/ibm-teams-with-universities-to-advance-quantum-education-for-40000-students-in-japan-south-korea-and-us (1/1), chunk 34/42
[00:26:07 +14m 47s | thequantuminsider_2023_12_15_ibm_teams_with_universities_to_advance_quantum_education_for_06e96085] Extracting interactions: https://thequantuminsider.com/2023/12/15/ibm-teams-with-universities-to-advance-quantum-education-for-40000-students-in-japan-south-korea-and-us (1/1), chunk 35/42
[00:26:09 +14m 49s | thequantuminsider_2023_12_15_ibm_teams_with_universities_to_advance_quantum_education_for_06e96085] Extracting interactions: https://thequantuminsider.com/2023/12/15/ibm-teams-with-universities-to-advance-quantum-education-for-40000-students-in-japan-south-korea-and-us (1/1), chunk 36/42
[00:26:38 +15m 18s | thequantuminsider_2023_12_15_ibm_teams_with_universities_to_advance_quantum_education_for_06e96085] Extracting interactions: https://thequantuminsider.com/2023/12/15/ibm-teams-with-universities-to-advance-quantum-education-for-40000-students-in-japan-south-korea-and-us (1/1), chunk 37/42
[00:26:51 +15m 31s | thequantuminsider_2023_12_15_ibm_teams_with_universities_to_advance_quantum_education_for_06e96085] Extracting interactions: https://thequantuminsider.com/2023/12/15/ibm-teams-with-universities-to-advance-quantum-education-for-40000-students-in-japan-south-korea-and-us (1/1), chunk 38/42
[00:26:52 +15m 33s | thequantuminsider_2023_12_15_ibm_teams_with_universities_to_advance_quantum_education_for_06e96085] Extracting interactions: https://thequantuminsider.com/2023/12/15/ibm-teams-with-universities-to-advance-quantum-education-for-40000-students-in-japan-south-korea-and-us (1/1), chunk 39/42
[00:27:01 +15m 42s | thequantuminsider_2023_12_15_ibm_teams_with_universities_to_advance_quantum_education_for_06e96085] Extracting interactions: https://thequantuminsider.com/2023/12/15/ibm-teams-with-universities-to-advance-quantum-education-for-40000-students-in-japan-south-korea-and-us (1/1), chunk 40/42
[00:27:03 +15m 44s | thequantuminsider_2023_12_15_ibm_teams_with_universities_to_advance_quantum_education_for_06e96085] Extracting interactions: https://thequantuminsider.com/2023/12/15/ibm-teams-with-universities-to-advance-quantum-education-for-40000-students-in-japan-south-korea-and-us (1/1), chunk 41/42
[00:27:44 +16m 26s | thequantuminsider_2023_12_15_ibm_teams_with_universities_to_advance_quantum_education_for_06e96085] Extracting interactions: https://thequantuminsider.com/2023/12/15/ibm-teams-with-universities-to-advance-quantum-education-for-40000-students-in-japan-south-korea-and-us (1/1), chunk 42/42
[00:28:03 +16m 46s | thequantuminsider_2023_12_15_ibm_teams_with_universities_to_advance_quantum_education_for_06e96085] Saved 3_interaction_results.json with 68 extracted interactions.

[00:28:04 +16m 46s | thequantuminsider_2023_12_15_ibm_teams_with_universities_to_advance_quantum_education_for_06e96085] === 4 clean interactions ===
[00:28:04 +16m 46s | thequantuminsider_2023_12_15_ibm_teams_with_universities_to_advance_quantum_education_for_06e96085] Saved 4_edges.json with 17 cleaned interactions.

[00:28:04 +16m 46s | thequantuminsider_2023_12_15_ibm_teams_with_universities_to_advance_quantum_education_for_06e96085] === 5 helix enrichment ===
[00:28:04 +16m 46s | thequantuminsider_2023_12_15_ibm_teams_with_universities_to_advance_quantum_education_for_06e96085] Wrote 5_nodes.json (19 actors)
[00:28:04 +16m 46s | thequantuminsider_2023_12_15_ibm_teams_with_universities_to_advance_quantum_education_for_06e96085] Wrote 5_edges.json (17 interactions)
[00:28:04 +16m 46s | thequantuminsider_2023_12_15_ibm_teams_with_universities_to_advance_quantum_education_for_06e96085] Actor helix counts: {'Academia': 5, 'Civil Society': 5, 'Industry': 1, 'Unknown': 8}
[00:28:04 +16m 46s | thequantuminsider_2023_12_15_ibm_teams_with_universities_to_advance_quantum_education_for_06e96085] Functional-space counts: {'Innovation': 7, 'Unknown': 10}

[00:28:04 +16m 46s | thequantuminsider_2023_12_15_ibm_teams_with_universities_to_advance_quantum_education_for_06e96085] === 6 network visualisation ===
[00:28:05 +16m 47s | thequantuminsider_2023_12_15_ibm_teams_with_universities_to_advance_quantum_education_for_06e96085] Wrote quantum_network.html
[00:28:05 +16m 47s | thequantuminsider_2023_12_15_ibm_teams_with_universities_to_advance_quantum_education_for_06e96085] Nodes: 19
[00:28:05 +16m 47s | thequantuminsider_2023_12_15_ibm_teams_with_universities_to_advance_quantum_education_for_06e96085] Edges: 9

[00:28:05 +16m 47s | thequantuminsider_2023_12_15_ibm_teams_with_universities_to_advance_quantum_education_for_06e96085] Done. Outputs written to: /home/lv/IDP/idpdeeptech/pipeline/news_outputs/thequantuminsider_2023_12_15_ibm_teams_with_universities_to_advance_quantum_education_for_06e96085
[00:28:05 +16m 47s | thequantuminsider_2023_12_15_ibm_teams_with_universities_to_advance_quantum_education_for_06e96085] Log: /home/lv/IDP/idpdeeptech/pipeline/news_outputs/thequantuminsider_2023_12_15_ibm_teams_with_universities_to_advance_quantum_education_for_06e96085/run.log

========================================================================
RUN FINISHED 2026-07-05 00:28:05  (OK)
Started:     2026-07-05 00:11:39
Elapsed:     16m 47s
========================================================================
