
========================================================================
RUN STARTED  2026-07-05 04:00:46
site_pipeline.py https://thequantuminsider.com/2023/11/09/photonic-collaborating-with-microsoft-to-power-global-quantum-ecosystem/
========================================================================

[04:00:46 +0s | thequantuminsider_2023_11_09_photonic_collaborating_with_microsoft_to_power_global_quantu_07f032c9] === 0 crawl site ===
[04:00:46 +1s | thequantuminsider_2023_11_09_photonic_collaborating_with_microsoft_to_power_global_quantu_07f032c9] [INIT].... → Crawl4AI 0.8.6 
[04:00:49 +4s | thequantuminsider_2023_11_09_photonic_collaborating_with_microsoft_to_power_global_quantu_07f032c9] [FETCH]... ↓ https://thequantuminsider.com/2023/11/09/photoni...ith-microsoft-to-power-global-quantum-ecosystem/  | ✓ | ⏱: 2.79s 
[04:00:49 +4s | thequantuminsider_2023_11_09_photonic_collaborating_with_microsoft_to_power_global_quantu_07f032c9] [SCRAPE].. ◆ https://thequantuminsider.com/2023/11/09/photoni...ith-microsoft-to-power-global-quantum-ecosystem/  | ✓ | ⏱: 0.12s 
[04:00:49 +4s | thequantuminsider_2023_11_09_photonic_collaborating_with_microsoft_to_power_global_quantu_07f032c9] [COMPLETE] ● https://thequantuminsider.com/2023/11/09/photoni...ith-microsoft-to-power-global-quantum-ecosystem/  | ✓ | ⏱: 2.92s 
[04:00:49 +4s | thequantuminsider_2023_11_09_photonic_collaborating_with_microsoft_to_power_global_quantu_07f032c9] Saved: crawl_output/f509b38393_thequantuminsider.com_2023_11_09_photonic-collaborating-with-microsoft-to-power-global-quantum-ecosystem.json

[04:00:49 +5s | thequantuminsider_2023_11_09_photonic_collaborating_with_microsoft_to_power_global_quantu_07f032c9] === 1 actor extraction ===
[04:00:49 +5s | thequantuminsider_2023_11_09_photonic_collaborating_with_microsoft_to_power_global_quantu_07f032c9] Reading page (1/1): https://thequantuminsider.com/2023/11/09/photonic-collaborating-with-microsoft-to-power-global-quantum-ecosystem
[04:00:49 +5s | thequantuminsider_2023_11_09_photonic_collaborating_with_microsoft_to_power_global_quantu_07f032c9] Extracting actors: https://thequantuminsider.com/2023/11/09/photonic-collaborating-with-microsoft-to-power-global-quantum-ecosystem (1/1), chunk 1/36
[04:00:59 +14s | thequantuminsider_2023_11_09_photonic_collaborating_with_microsoft_to_power_global_quantu_07f032c9] Repaired malformed JSON.
[04:00:59 +14s | thequantuminsider_2023_11_09_photonic_collaborating_with_microsoft_to_power_global_quantu_07f032c9] Extracting actors: https://thequantuminsider.com/2023/11/09/photonic-collaborating-with-microsoft-to-power-global-quantum-ecosystem (1/1), chunk 2/36
[04:01:09 +24s | thequantuminsider_2023_11_09_photonic_collaborating_with_microsoft_to_power_global_quantu_07f032c9] Repaired malformed JSON.
[04:01:09 +24s | thequantuminsider_2023_11_09_photonic_collaborating_with_microsoft_to_power_global_quantu_07f032c9] Extracting actors: https://thequantuminsider.com/2023/11/09/photonic-collaborating-with-microsoft-to-power-global-quantum-ecosystem (1/1), chunk 3/36
[04:01:13 +28s | thequantuminsider_2023_11_09_photonic_collaborating_with_microsoft_to_power_global_quantu_07f032c9] Extracting actors: https://thequantuminsider.com/2023/11/09/photonic-collaborating-with-microsoft-to-power-global-quantum-ecosystem (1/1), chunk 4/36
[04:01:20 +37s | thequantuminsider_2023_11_09_photonic_collaborating_with_microsoft_to_power_global_quantu_07f032c9] Repaired malformed JSON.
[04:01:20 +37s | thequantuminsider_2023_11_09_photonic_collaborating_with_microsoft_to_power_global_quantu_07f032c9] Extracting actors: https://thequantuminsider.com/2023/11/09/photonic-collaborating-with-microsoft-to-power-global-quantum-ecosystem (1/1), chunk 5/36
[04:01:29 +46s | thequantuminsider_2023_11_09_photonic_collaborating_with_microsoft_to_power_global_quantu_07f032c9] Repaired malformed JSON.
[04:01:29 +46s | thequantuminsider_2023_11_09_photonic_collaborating_with_microsoft_to_power_global_quantu_07f032c9] Extracting actors: https://thequantuminsider.com/2023/11/09/photonic-collaborating-with-microsoft-to-power-global-quantum-ecosystem (1/1), chunk 6/36
[04:01:37 +54s | thequantuminsider_2023_11_09_photonic_collaborating_with_microsoft_to_power_global_quantu_07f032c9] Extracting actors: https://thequantuminsider.com/2023/11/09/photonic-collaborating-with-microsoft-to-power-global-quantum-ecosystem (1/1), chunk 7/36
[04:01:46 +1m 3s | thequantuminsider_2023_11_09_photonic_collaborating_with_microsoft_to_power_global_quantu_07f032c9] Repaired malformed JSON.
[04:01:46 +1m 3s | thequantuminsider_2023_11_09_photonic_collaborating_with_microsoft_to_power_global_quantu_07f032c9] Extracting actors: https://thequantuminsider.com/2023/11/09/photonic-collaborating-with-microsoft-to-power-global-quantum-ecosystem (1/1), chunk 8/36
[04:01:52 +1m 11s | thequantuminsider_2023_11_09_photonic_collaborating_with_microsoft_to_power_global_quantu_07f032c9] Repaired malformed JSON.
[04:01:52 +1m 11s | thequantuminsider_2023_11_09_photonic_collaborating_with_microsoft_to_power_global_quantu_07f032c9] Extracting actors: https://thequantuminsider.com/2023/11/09/photonic-collaborating-with-microsoft-to-power-global-quantum-ecosystem (1/1), chunk 9/36
[04:01:57 +1m 15s | thequantuminsider_2023_11_09_photonic_collaborating_with_microsoft_to_power_global_quantu_07f032c9] Extracting actors: https://thequantuminsider.com/2023/11/09/photonic-collaborating-with-microsoft-to-power-global-quantum-ecosystem (1/1), chunk 10/36
[04:02:01 +1m 20s | thequantuminsider_2023_11_09_photonic_collaborating_with_microsoft_to_power_global_quantu_07f032c9] Extracting actors: https://thequantuminsider.com/2023/11/09/photonic-collaborating-with-microsoft-to-power-global-quantum-ecosystem (1/1), chunk 11/36
[04:02:10 +1m 28s | thequantuminsider_2023_11_09_photonic_collaborating_with_microsoft_to_power_global_quantu_07f032c9] Repaired malformed JSON.
[04:02:10 +1m 28s | thequantuminsider_2023_11_09_photonic_collaborating_with_microsoft_to_power_global_quantu_07f032c9] Extracting actors: https://thequantuminsider.com/2023/11/09/photonic-collaborating-with-microsoft-to-power-global-quantum-ecosystem (1/1), chunk 12/36
[04:02:16 +1m 35s | thequantuminsider_2023_11_09_photonic_collaborating_with_microsoft_to_power_global_quantu_07f032c9] Repaired malformed JSON.
[04:02:16 +1m 35s | thequantuminsider_2023_11_09_photonic_collaborating_with_microsoft_to_power_global_quantu_07f032c9] Extracting actors: https://thequantuminsider.com/2023/11/09/photonic-collaborating-with-microsoft-to-power-global-quantum-ecosystem (1/1), chunk 13/36
[04:02:20 +1m 41s | thequantuminsider_2023_11_09_photonic_collaborating_with_microsoft_to_power_global_quantu_07f032c9] Repaired malformed JSON.
[04:02:20 +1m 41s | thequantuminsider_2023_11_09_photonic_collaborating_with_microsoft_to_power_global_quantu_07f032c9] Extracting actors: https://thequantuminsider.com/2023/11/09/photonic-collaborating-with-microsoft-to-power-global-quantum-ecosystem (1/1), chunk 14/36
[04:02:29 +1m 49s | thequantuminsider_2023_11_09_photonic_collaborating_with_microsoft_to_power_global_quantu_07f032c9] Repaired malformed JSON.
[04:02:29 +1m 49s | thequantuminsider_2023_11_09_photonic_collaborating_with_microsoft_to_power_global_quantu_07f032c9] Extracting actors: https://thequantuminsider.com/2023/11/09/photonic-collaborating-with-microsoft-to-power-global-quantum-ecosystem (1/1), chunk 15/36
[04:02:36 +1m 56s | thequantuminsider_2023_11_09_photonic_collaborating_with_microsoft_to_power_global_quantu_07f032c9] Repaired malformed JSON.
[04:02:36 +1m 56s | thequantuminsider_2023_11_09_photonic_collaborating_with_microsoft_to_power_global_quantu_07f032c9] Extracting actors: https://thequantuminsider.com/2023/11/09/photonic-collaborating-with-microsoft-to-power-global-quantum-ecosystem (1/1), chunk 16/36
[04:02:43 +2m 3s | thequantuminsider_2023_11_09_photonic_collaborating_with_microsoft_to_power_global_quantu_07f032c9] Repaired malformed JSON.
[04:02:43 +2m 3s | thequantuminsider_2023_11_09_photonic_collaborating_with_microsoft_to_power_global_quantu_07f032c9] Extracting actors: https://thequantuminsider.com/2023/11/09/photonic-collaborating-with-microsoft-to-power-global-quantum-ecosystem (1/1), chunk 17/36
[04:02:48 +2m 8s | thequantuminsider_2023_11_09_photonic_collaborating_with_microsoft_to_power_global_quantu_07f032c9] Extracting actors: https://thequantuminsider.com/2023/11/09/photonic-collaborating-with-microsoft-to-power-global-quantum-ecosystem (1/1), chunk 18/36
[04:02:54 +2m 16s | thequantuminsider_2023_11_09_photonic_collaborating_with_microsoft_to_power_global_quantu_07f032c9] Repaired malformed JSON.
[04:02:54 +2m 16s | thequantuminsider_2023_11_09_photonic_collaborating_with_microsoft_to_power_global_quantu_07f032c9] Extracting actors: https://thequantuminsider.com/2023/11/09/photonic-collaborating-with-microsoft-to-power-global-quantum-ecosystem (1/1), chunk 19/36
[04:03:01 +2m 23s | thequantuminsider_2023_11_09_photonic_collaborating_with_microsoft_to_power_global_quantu_07f032c9] Repaired malformed JSON.
[04:03:01 +2m 23s | thequantuminsider_2023_11_09_photonic_collaborating_with_microsoft_to_power_global_quantu_07f032c9] Extracting actors: https://thequantuminsider.com/2023/11/09/photonic-collaborating-with-microsoft-to-power-global-quantum-ecosystem (1/1), chunk 20/36
[04:03:08 +2m 30s | thequantuminsider_2023_11_09_photonic_collaborating_with_microsoft_to_power_global_quantu_07f032c9] Repaired malformed JSON.
[04:03:08 +2m 30s | thequantuminsider_2023_11_09_photonic_collaborating_with_microsoft_to_power_global_quantu_07f032c9] Extracting actors: https://thequantuminsider.com/2023/11/09/photonic-collaborating-with-microsoft-to-power-global-quantum-ecosystem (1/1), chunk 21/36
[04:03:15 +2m 37s | thequantuminsider_2023_11_09_photonic_collaborating_with_microsoft_to_power_global_quantu_07f032c9] Repaired malformed JSON.
[04:03:15 +2m 37s | thequantuminsider_2023_11_09_photonic_collaborating_with_microsoft_to_power_global_quantu_07f032c9] Extracting actors: https://thequantuminsider.com/2023/11/09/photonic-collaborating-with-microsoft-to-power-global-quantum-ecosystem (1/1), chunk 22/36
[04:03:20 +2m 43s | thequantuminsider_2023_11_09_photonic_collaborating_with_microsoft_to_power_global_quantu_07f032c9] Repaired malformed JSON.
[04:03:20 +2m 43s | thequantuminsider_2023_11_09_photonic_collaborating_with_microsoft_to_power_global_quantu_07f032c9] Extracting actors: https://thequantuminsider.com/2023/11/09/photonic-collaborating-with-microsoft-to-power-global-quantum-ecosystem (1/1), chunk 23/36
[04:03:27 +2m 51s | thequantuminsider_2023_11_09_photonic_collaborating_with_microsoft_to_power_global_quantu_07f032c9] Repaired malformed JSON.
[04:03:27 +2m 51s | thequantuminsider_2023_11_09_photonic_collaborating_with_microsoft_to_power_global_quantu_07f032c9] Extracting actors: https://thequantuminsider.com/2023/11/09/photonic-collaborating-with-microsoft-to-power-global-quantum-ecosystem (1/1), chunk 24/36
[04:03:34 +2m 58s | thequantuminsider_2023_11_09_photonic_collaborating_with_microsoft_to_power_global_quantu_07f032c9] Repaired malformed JSON.
[04:03:34 +2m 58s | thequantuminsider_2023_11_09_photonic_collaborating_with_microsoft_to_power_global_quantu_07f032c9] Extracting actors: https://thequantuminsider.com/2023/11/09/photonic-collaborating-with-microsoft-to-power-global-quantum-ecosystem (1/1), chunk 25/36
[04:04:15 +3m 40s | thequantuminsider_2023_11_09_photonic_collaborating_with_microsoft_to_power_global_quantu_07f032c9] Repaired malformed JSON.
[04:04:15 +3m 40s | thequantuminsider_2023_11_09_photonic_collaborating_with_microsoft_to_power_global_quantu_07f032c9] Extracting actors: https://thequantuminsider.com/2023/11/09/photonic-collaborating-with-microsoft-to-power-global-quantum-ecosystem (1/1), chunk 26/36
[04:04:20 +3m 47s | thequantuminsider_2023_11_09_photonic_collaborating_with_microsoft_to_power_global_quantu_07f032c9] Repaired malformed JSON.
[04:04:20 +3m 47s | thequantuminsider_2023_11_09_photonic_collaborating_with_microsoft_to_power_global_quantu_07f032c9] Extracting actors: https://thequantuminsider.com/2023/11/09/photonic-collaborating-with-microsoft-to-power-global-quantum-ecosystem (1/1), chunk 27/36
[04:04:22 +3m 49s | thequantuminsider_2023_11_09_photonic_collaborating_with_microsoft_to_power_global_quantu_07f032c9] Extracting actors: https://thequantuminsider.com/2023/11/09/photonic-collaborating-with-microsoft-to-power-global-quantum-ecosystem (1/1), chunk 28/36
[04:04:31 +3m 58s | thequantuminsider_2023_11_09_photonic_collaborating_with_microsoft_to_power_global_quantu_07f032c9] Repaired malformed JSON.
[04:04:31 +3m 58s | thequantuminsider_2023_11_09_photonic_collaborating_with_microsoft_to_power_global_quantu_07f032c9] Extracting actors: https://thequantuminsider.com/2023/11/09/photonic-collaborating-with-microsoft-to-power-global-quantum-ecosystem (1/1), chunk 29/36
[04:04:37 +4m 4s | thequantuminsider_2023_11_09_photonic_collaborating_with_microsoft_to_power_global_quantu_07f032c9] Repaired malformed JSON.
[04:04:37 +4m 4s | thequantuminsider_2023_11_09_photonic_collaborating_with_microsoft_to_power_global_quantu_07f032c9] Extracting actors: https://thequantuminsider.com/2023/11/09/photonic-collaborating-with-microsoft-to-power-global-quantum-ecosystem (1/1), chunk 30/36
[04:04:44 +4m 11s | thequantuminsider_2023_11_09_photonic_collaborating_with_microsoft_to_power_global_quantu_07f032c9] Repaired malformed JSON.
[04:04:44 +4m 11s | thequantuminsider_2023_11_09_photonic_collaborating_with_microsoft_to_power_global_quantu_07f032c9] Extracting actors: https://thequantuminsider.com/2023/11/09/photonic-collaborating-with-microsoft-to-power-global-quantum-ecosystem (1/1), chunk 31/36
[04:05:09 +4m 37s | thequantuminsider_2023_11_09_photonic_collaborating_with_microsoft_to_power_global_quantu_07f032c9] Repaired malformed JSON.
[04:05:09 +4m 37s | thequantuminsider_2023_11_09_photonic_collaborating_with_microsoft_to_power_global_quantu_07f032c9] Extracting actors: https://thequantuminsider.com/2023/11/09/photonic-collaborating-with-microsoft-to-power-global-quantum-ecosystem (1/1), chunk 32/36
[04:05:15 +4m 43s | thequantuminsider_2023_11_09_photonic_collaborating_with_microsoft_to_power_global_quantu_07f032c9] Repaired malformed JSON.
[04:05:15 +4m 43s | thequantuminsider_2023_11_09_photonic_collaborating_with_microsoft_to_power_global_quantu_07f032c9] Extracting actors: https://thequantuminsider.com/2023/11/09/photonic-collaborating-with-microsoft-to-power-global-quantum-ecosystem (1/1), chunk 33/36
[04:05:21 +4m 50s | thequantuminsider_2023_11_09_photonic_collaborating_with_microsoft_to_power_global_quantu_07f032c9] Repaired malformed JSON.
[04:05:21 +4m 50s | thequantuminsider_2023_11_09_photonic_collaborating_with_microsoft_to_power_global_quantu_07f032c9] Extracting actors: https://thequantuminsider.com/2023/11/09/photonic-collaborating-with-microsoft-to-power-global-quantum-ecosystem (1/1), chunk 34/36
[04:05:29 +4m 59s | thequantuminsider_2023_11_09_photonic_collaborating_with_microsoft_to_power_global_quantu_07f032c9] Repaired malformed JSON.
[04:05:29 +4m 59s | thequantuminsider_2023_11_09_photonic_collaborating_with_microsoft_to_power_global_quantu_07f032c9] Extracting actors: https://thequantuminsider.com/2023/11/09/photonic-collaborating-with-microsoft-to-power-global-quantum-ecosystem (1/1), chunk 35/36
[04:05:36 +5m 6s | thequantuminsider_2023_11_09_photonic_collaborating_with_microsoft_to_power_global_quantu_07f032c9] Repaired malformed JSON.
[04:05:36 +5m 6s | thequantuminsider_2023_11_09_photonic_collaborating_with_microsoft_to_power_global_quantu_07f032c9] Extracting actors: https://thequantuminsider.com/2023/11/09/photonic-collaborating-with-microsoft-to-power-global-quantum-ecosystem (1/1), chunk 36/36
[04:05:42 +5m 13s | thequantuminsider_2023_11_09_photonic_collaborating_with_microsoft_to_power_global_quantu_07f032c9] Repaired malformed JSON.
[04:05:42 +5m 13s | thequantuminsider_2023_11_09_photonic_collaborating_with_microsoft_to_power_global_quantu_07f032c9] Saved 1_actor_results.json with 62 extracted records

[04:05:42 +5m 13s | thequantuminsider_2023_11_09_photonic_collaborating_with_microsoft_to_power_global_quantu_07f032c9] === 2 clean actors ===
[04:05:43 +5m 13s | thequantuminsider_2023_11_09_photonic_collaborating_with_microsoft_to_power_global_quantu_07f032c9] Loaded 62 extracted records
[04:05:43 +5m 13s | thequantuminsider_2023_11_09_photonic_collaborating_with_microsoft_to_power_global_quantu_07f032c9] Saved 2_actor_nodes.json with 12 canonical actor nodes

[04:05:43 +5m 13s | thequantuminsider_2023_11_09_photonic_collaborating_with_microsoft_to_power_global_quantu_07f032c9] === 3 interaction extraction ===
[04:05:43 +5m 13s | thequantuminsider_2023_11_09_photonic_collaborating_with_microsoft_to_power_global_quantu_07f032c9] Extracting interactions: https://thequantuminsider.com/2023/11/09/photonic-collaborating-with-microsoft-to-power-global-quantum-ecosystem (1/1), chunk 11/36
[04:05:50 +5m 21s | thequantuminsider_2023_11_09_photonic_collaborating_with_microsoft_to_power_global_quantu_07f032c9] Extracting interactions: https://thequantuminsider.com/2023/11/09/photonic-collaborating-with-microsoft-to-power-global-quantum-ecosystem (1/1), chunk 12/36
[04:06:14 +5m 46s | thequantuminsider_2023_11_09_photonic_collaborating_with_microsoft_to_power_global_quantu_07f032c9] Extracting interactions: https://thequantuminsider.com/2023/11/09/photonic-collaborating-with-microsoft-to-power-global-quantum-ecosystem (1/1), chunk 13/36
[04:06:27 +6m 1s | thequantuminsider_2023_11_09_photonic_collaborating_with_microsoft_to_power_global_quantu_07f032c9] Extracting interactions: https://thequantuminsider.com/2023/11/09/photonic-collaborating-with-microsoft-to-power-global-quantum-ecosystem (1/1), chunk 14/36
[04:06:41 +6m 15s | thequantuminsider_2023_11_09_photonic_collaborating_with_microsoft_to_power_global_quantu_07f032c9] Extracting interactions: https://thequantuminsider.com/2023/11/09/photonic-collaborating-with-microsoft-to-power-global-quantum-ecosystem (1/1), chunk 15/36
[04:06:48 +6m 22s | thequantuminsider_2023_11_09_photonic_collaborating_with_microsoft_to_power_global_quantu_07f032c9] Extracting interactions: https://thequantuminsider.com/2023/11/09/photonic-collaborating-with-microsoft-to-power-global-quantum-ecosystem (1/1), chunk 16/36
[04:06:50 +6m 24s | thequantuminsider_2023_11_09_photonic_collaborating_with_microsoft_to_power_global_quantu_07f032c9] Extracting interactions: https://thequantuminsider.com/2023/11/09/photonic-collaborating-with-microsoft-to-power-global-quantum-ecosystem (1/1), chunk 18/36
[04:06:52 +6m 26s | thequantuminsider_2023_11_09_photonic_collaborating_with_microsoft_to_power_global_quantu_07f032c9] Extracting interactions: https://thequantuminsider.com/2023/11/09/photonic-collaborating-with-microsoft-to-power-global-quantum-ecosystem (1/1), chunk 19/36
[04:06:52 +6m 28s | thequantuminsider_2023_11_09_photonic_collaborating_with_microsoft_to_power_global_quantu_07f032c9] Extracting interactions: https://thequantuminsider.com/2023/11/09/photonic-collaborating-with-microsoft-to-power-global-quantum-ecosystem (1/1), chunk 20/36
[04:07:03 +6m 38s | thequantuminsider_2023_11_09_photonic_collaborating_with_microsoft_to_power_global_quantu_07f032c9] Extracting interactions: https://thequantuminsider.com/2023/11/09/photonic-collaborating-with-microsoft-to-power-global-quantum-ecosystem (1/1), chunk 21/36
[04:07:08 +6m 43s | thequantuminsider_2023_11_09_photonic_collaborating_with_microsoft_to_power_global_quantu_07f032c9] Extracting interactions: https://thequantuminsider.com/2023/11/09/photonic-collaborating-with-microsoft-to-power-global-quantum-ecosystem (1/1), chunk 25/36
[04:07:11 +6m 47s | thequantuminsider_2023_11_09_photonic_collaborating_with_microsoft_to_power_global_quantu_07f032c9] Extracting interactions: https://thequantuminsider.com/2023/11/09/photonic-collaborating-with-microsoft-to-power-global-quantum-ecosystem (1/1), chunk 29/36
[04:07:13 +6m 48s | thequantuminsider_2023_11_09_photonic_collaborating_with_microsoft_to_power_global_quantu_07f032c9] Extracting interactions: https://thequantuminsider.com/2023/11/09/photonic-collaborating-with-microsoft-to-power-global-quantum-ecosystem (1/1), chunk 30/36
[04:07:14 +6m 50s | thequantuminsider_2023_11_09_photonic_collaborating_with_microsoft_to_power_global_quantu_07f032c9] Extracting interactions: https://thequantuminsider.com/2023/11/09/photonic-collaborating-with-microsoft-to-power-global-quantum-ecosystem (1/1), chunk 34/36
[04:07:18 +6m 53s | thequantuminsider_2023_11_09_photonic_collaborating_with_microsoft_to_power_global_quantu_07f032c9] Extracting interactions: https://thequantuminsider.com/2023/11/09/photonic-collaborating-with-microsoft-to-power-global-quantum-ecosystem (1/1), chunk 35/36
[04:07:19 +6m 55s | thequantuminsider_2023_11_09_photonic_collaborating_with_microsoft_to_power_global_quantu_07f032c9] Saved 3_interaction_results.json with 17 extracted interactions.

[04:07:19 +6m 55s | thequantuminsider_2023_11_09_photonic_collaborating_with_microsoft_to_power_global_quantu_07f032c9] === 4 clean interactions ===
[04:07:19 +6m 55s | thequantuminsider_2023_11_09_photonic_collaborating_with_microsoft_to_power_global_quantu_07f032c9] Saved 4_edges.json with 10 cleaned interactions.

[04:07:19 +6m 55s | thequantuminsider_2023_11_09_photonic_collaborating_with_microsoft_to_power_global_quantu_07f032c9] === 5 helix enrichment ===
[04:07:19 +6m 55s | thequantuminsider_2023_11_09_photonic_collaborating_with_microsoft_to_power_global_quantu_07f032c9] Wrote 5_nodes.json (12 actors)
[04:07:19 +6m 55s | thequantuminsider_2023_11_09_photonic_collaborating_with_microsoft_to_power_global_quantu_07f032c9] Wrote 5_edges.json (10 interactions)
[04:07:19 +6m 55s | thequantuminsider_2023_11_09_photonic_collaborating_with_microsoft_to_power_global_quantu_07f032c9] Actor helix counts: {'Academia': 1, 'Civil Society': 2, 'Industry': 5, 'Unknown': 4}
[04:07:19 +6m 55s | thequantuminsider_2023_11_09_photonic_collaborating_with_microsoft_to_power_global_quantu_07f032c9] Functional-space counts: {'Intra-helix / Not classified': 10}

[04:07:19 +6m 55s | thequantuminsider_2023_11_09_photonic_collaborating_with_microsoft_to_power_global_quantu_07f032c9] === 6 network visualisation ===
[04:07:20 +6m 55s | thequantuminsider_2023_11_09_photonic_collaborating_with_microsoft_to_power_global_quantu_07f032c9] Wrote quantum_network.html
[04:07:20 +6m 55s | thequantuminsider_2023_11_09_photonic_collaborating_with_microsoft_to_power_global_quantu_07f032c9] Nodes: 12
[04:07:20 +6m 55s | thequantuminsider_2023_11_09_photonic_collaborating_with_microsoft_to_power_global_quantu_07f032c9] Edges: 3

[04:07:20 +6m 55s | thequantuminsider_2023_11_09_photonic_collaborating_with_microsoft_to_power_global_quantu_07f032c9] Done. Outputs written to: /home/lv/IDP/idpdeeptech/pipeline/news_outputs/thequantuminsider_2023_11_09_photonic_collaborating_with_microsoft_to_power_global_quantu_07f032c9
[04:07:20 +6m 55s | thequantuminsider_2023_11_09_photonic_collaborating_with_microsoft_to_power_global_quantu_07f032c9] Log: /home/lv/IDP/idpdeeptech/pipeline/news_outputs/thequantuminsider_2023_11_09_photonic_collaborating_with_microsoft_to_power_global_quantu_07f032c9/run.log

========================================================================
RUN FINISHED 2026-07-05 04:07:20  (OK)
Started:     2026-07-05 04:00:46
Elapsed:     6m 55s
========================================================================
