
========================================================================
RUN STARTED  2026-07-05 07:29:18
site_pipeline.py https://thequantuminsider.com/2023/09/29/maybell-quantum-opens-european-hq-in-copenhagen-launches-mayq-labs-flagship-full-stack-quantum-hardware-facilities/
========================================================================

[07:29:18 +0s | thequantuminsider_2023_09_29_maybell_quantum_opens_european_hq_in_copenhagen_launches_may_81d068df] === 0 crawl site ===
[07:29:19 +1s | thequantuminsider_2023_09_29_maybell_quantum_opens_european_hq_in_copenhagen_launches_may_81d068df] [INIT].... → Crawl4AI 0.8.6 
[07:29:22 +4s | thequantuminsider_2023_09_29_maybell_quantum_opens_european_hq_in_copenhagen_launches_may_81d068df] [FETCH]... ↓ https://thequantuminsider.com/2023/09/29/maybell...flagship-full-stack-quantum-hardware-facilities/  | ✓ | ⏱: 2.42s 
[07:29:22 +4s | thequantuminsider_2023_09_29_maybell_quantum_opens_european_hq_in_copenhagen_launches_may_81d068df] [SCRAPE].. ◆ https://thequantuminsider.com/2023/09/29/maybell...flagship-full-stack-quantum-hardware-facilities/  | ✓ | ⏱: 0.13s 
[07:29:22 +4s | thequantuminsider_2023_09_29_maybell_quantum_opens_european_hq_in_copenhagen_launches_may_81d068df] [COMPLETE] ● https://thequantuminsider.com/2023/09/29/maybell...flagship-full-stack-quantum-hardware-facilities/  | ✓ | ⏱: 2.57s 
[07:29:22 +4s | thequantuminsider_2023_09_29_maybell_quantum_opens_european_hq_in_copenhagen_launches_may_81d068df] Saved: crawl_output/756abcc59f_thequantuminsider.com_2023_09_29_maybell-quantum-opens-european-hq-in-copenhagen-launches-mayq-labs-flagship-full-stack-quantum-hardware-facilities.json

[07:29:23 +5s | thequantuminsider_2023_09_29_maybell_quantum_opens_european_hq_in_copenhagen_launches_may_81d068df] === 1 actor extraction ===
[07:29:23 +5s | thequantuminsider_2023_09_29_maybell_quantum_opens_european_hq_in_copenhagen_launches_may_81d068df] Reading page (1/1): https://thequantuminsider.com/2023/09/29/maybell-quantum-opens-european-hq-in-copenhagen-launches-mayq-labs-flagship-full-stack-quantum-hardware-facilities
[07:29:23 +5s | thequantuminsider_2023_09_29_maybell_quantum_opens_european_hq_in_copenhagen_launches_may_81d068df] Extracting actors: https://thequantuminsider.com/2023/09/29/maybell-quantum-opens-european-hq-in-copenhagen-launches-mayq-labs-flagship-full-stack-quantum-hardware-facilities (1/1), chunk 1/36
[07:29:32 +14s | thequantuminsider_2023_09_29_maybell_quantum_opens_european_hq_in_copenhagen_launches_may_81d068df] Repaired malformed JSON.
[07:29:32 +14s | thequantuminsider_2023_09_29_maybell_quantum_opens_european_hq_in_copenhagen_launches_may_81d068df] Extracting actors: https://thequantuminsider.com/2023/09/29/maybell-quantum-opens-european-hq-in-copenhagen-launches-mayq-labs-flagship-full-stack-quantum-hardware-facilities (1/1), chunk 2/36
[07:29:41 +23s | thequantuminsider_2023_09_29_maybell_quantum_opens_european_hq_in_copenhagen_launches_may_81d068df] Repaired malformed JSON.
[07:29:41 +23s | thequantuminsider_2023_09_29_maybell_quantum_opens_european_hq_in_copenhagen_launches_may_81d068df] Extracting actors: https://thequantuminsider.com/2023/09/29/maybell-quantum-opens-european-hq-in-copenhagen-launches-mayq-labs-flagship-full-stack-quantum-hardware-facilities (1/1), chunk 3/36
[07:29:48 +30s | thequantuminsider_2023_09_29_maybell_quantum_opens_european_hq_in_copenhagen_launches_may_81d068df] Extracting actors: https://thequantuminsider.com/2023/09/29/maybell-quantum-opens-european-hq-in-copenhagen-launches-mayq-labs-flagship-full-stack-quantum-hardware-facilities (1/1), chunk 4/36
[07:29:53 +37s | thequantuminsider_2023_09_29_maybell_quantum_opens_european_hq_in_copenhagen_launches_may_81d068df] Repaired malformed JSON.
[07:29:53 +37s | thequantuminsider_2023_09_29_maybell_quantum_opens_european_hq_in_copenhagen_launches_may_81d068df] Extracting actors: https://thequantuminsider.com/2023/09/29/maybell-quantum-opens-european-hq-in-copenhagen-launches-mayq-labs-flagship-full-stack-quantum-hardware-facilities (1/1), chunk 5/36
[07:30:03 +47s | thequantuminsider_2023_09_29_maybell_quantum_opens_european_hq_in_copenhagen_launches_may_81d068df] Repaired malformed JSON.
[07:30:03 +47s | thequantuminsider_2023_09_29_maybell_quantum_opens_european_hq_in_copenhagen_launches_may_81d068df] Extracting actors: https://thequantuminsider.com/2023/09/29/maybell-quantum-opens-european-hq-in-copenhagen-launches-mayq-labs-flagship-full-stack-quantum-hardware-facilities (1/1), chunk 6/36
[07:30:11 +56s | thequantuminsider_2023_09_29_maybell_quantum_opens_european_hq_in_copenhagen_launches_may_81d068df] Repaired malformed JSON.
[07:30:11 +56s | thequantuminsider_2023_09_29_maybell_quantum_opens_european_hq_in_copenhagen_launches_may_81d068df] Extracting actors: https://thequantuminsider.com/2023/09/29/maybell-quantum-opens-european-hq-in-copenhagen-launches-mayq-labs-flagship-full-stack-quantum-hardware-facilities (1/1), chunk 7/36
[07:30:54 +1m 43s | thequantuminsider_2023_09_29_maybell_quantum_opens_european_hq_in_copenhagen_launches_may_81d068df] Repaired malformed JSON.
[07:30:54 +1m 43s | thequantuminsider_2023_09_29_maybell_quantum_opens_european_hq_in_copenhagen_launches_may_81d068df] Extracting actors: https://thequantuminsider.com/2023/09/29/maybell-quantum-opens-european-hq-in-copenhagen-launches-mayq-labs-flagship-full-stack-quantum-hardware-facilities (1/1), chunk 8/36
[07:31:01 +1m 50s | thequantuminsider_2023_09_29_maybell_quantum_opens_european_hq_in_copenhagen_launches_may_81d068df] Repaired malformed JSON.
[07:31:01 +1m 50s | thequantuminsider_2023_09_29_maybell_quantum_opens_european_hq_in_copenhagen_launches_may_81d068df] Extracting actors: https://thequantuminsider.com/2023/09/29/maybell-quantum-opens-european-hq-in-copenhagen-launches-mayq-labs-flagship-full-stack-quantum-hardware-facilities (1/1), chunk 9/36
[07:31:09 +1m 58s | thequantuminsider_2023_09_29_maybell_quantum_opens_european_hq_in_copenhagen_launches_may_81d068df] Repaired malformed JSON.
[07:31:09 +1m 58s | thequantuminsider_2023_09_29_maybell_quantum_opens_european_hq_in_copenhagen_launches_may_81d068df] Extracting actors: https://thequantuminsider.com/2023/09/29/maybell-quantum-opens-european-hq-in-copenhagen-launches-mayq-labs-flagship-full-stack-quantum-hardware-facilities (1/1), chunk 10/36
[07:31:15 +2m 4s | thequantuminsider_2023_09_29_maybell_quantum_opens_european_hq_in_copenhagen_launches_may_81d068df] Repaired malformed JSON.
[07:31:15 +2m 4s | thequantuminsider_2023_09_29_maybell_quantum_opens_european_hq_in_copenhagen_launches_may_81d068df] Extracting actors: https://thequantuminsider.com/2023/09/29/maybell-quantum-opens-european-hq-in-copenhagen-launches-mayq-labs-flagship-full-stack-quantum-hardware-facilities (1/1), chunk 11/36
[07:31:21 +2m 12s | thequantuminsider_2023_09_29_maybell_quantum_opens_european_hq_in_copenhagen_launches_may_81d068df] Repaired malformed JSON.
[07:31:21 +2m 12s | thequantuminsider_2023_09_29_maybell_quantum_opens_european_hq_in_copenhagen_launches_may_81d068df] Extracting actors: https://thequantuminsider.com/2023/09/29/maybell-quantum-opens-european-hq-in-copenhagen-launches-mayq-labs-flagship-full-stack-quantum-hardware-facilities (1/1), chunk 12/36
[07:31:28 +2m 20s | thequantuminsider_2023_09_29_maybell_quantum_opens_european_hq_in_copenhagen_launches_may_81d068df] Repaired malformed JSON.
[07:31:28 +2m 20s | thequantuminsider_2023_09_29_maybell_quantum_opens_european_hq_in_copenhagen_launches_may_81d068df] Extracting actors: https://thequantuminsider.com/2023/09/29/maybell-quantum-opens-european-hq-in-copenhagen-launches-mayq-labs-flagship-full-stack-quantum-hardware-facilities (1/1), chunk 13/36
[07:31:38 +2m 29s | thequantuminsider_2023_09_29_maybell_quantum_opens_european_hq_in_copenhagen_launches_may_81d068df] Repaired malformed JSON.
[07:31:38 +2m 29s | thequantuminsider_2023_09_29_maybell_quantum_opens_european_hq_in_copenhagen_launches_may_81d068df] Extracting actors: https://thequantuminsider.com/2023/09/29/maybell-quantum-opens-european-hq-in-copenhagen-launches-mayq-labs-flagship-full-stack-quantum-hardware-facilities (1/1), chunk 14/36
[07:32:03 +2m 57s | thequantuminsider_2023_09_29_maybell_quantum_opens_european_hq_in_copenhagen_launches_may_81d068df] Repaired malformed JSON.
[07:32:03 +2m 57s | thequantuminsider_2023_09_29_maybell_quantum_opens_european_hq_in_copenhagen_launches_may_81d068df] Extracting actors: https://thequantuminsider.com/2023/09/29/maybell-quantum-opens-european-hq-in-copenhagen-launches-mayq-labs-flagship-full-stack-quantum-hardware-facilities (1/1), chunk 15/36
[07:32:10 +3m 4s | thequantuminsider_2023_09_29_maybell_quantum_opens_european_hq_in_copenhagen_launches_may_81d068df] Repaired malformed JSON.
[07:32:10 +3m 4s | thequantuminsider_2023_09_29_maybell_quantum_opens_european_hq_in_copenhagen_launches_may_81d068df] Extracting actors: https://thequantuminsider.com/2023/09/29/maybell-quantum-opens-european-hq-in-copenhagen-launches-mayq-labs-flagship-full-stack-quantum-hardware-facilities (1/1), chunk 16/36
[07:32:20 +3m 16s | thequantuminsider_2023_09_29_maybell_quantum_opens_european_hq_in_copenhagen_launches_may_81d068df] Repaired malformed JSON.
[07:32:20 +3m 16s | thequantuminsider_2023_09_29_maybell_quantum_opens_european_hq_in_copenhagen_launches_may_81d068df] Extracting actors: https://thequantuminsider.com/2023/09/29/maybell-quantum-opens-european-hq-in-copenhagen-launches-mayq-labs-flagship-full-stack-quantum-hardware-facilities (1/1), chunk 17/36
[07:32:29 +3m 25s | thequantuminsider_2023_09_29_maybell_quantum_opens_european_hq_in_copenhagen_launches_may_81d068df] Repaired malformed JSON.
[07:32:29 +3m 25s | thequantuminsider_2023_09_29_maybell_quantum_opens_european_hq_in_copenhagen_launches_may_81d068df] Extracting actors: https://thequantuminsider.com/2023/09/29/maybell-quantum-opens-european-hq-in-copenhagen-launches-mayq-labs-flagship-full-stack-quantum-hardware-facilities (1/1), chunk 18/36
[07:32:37 +3m 34s | thequantuminsider_2023_09_29_maybell_quantum_opens_european_hq_in_copenhagen_launches_may_81d068df] Repaired malformed JSON.
[07:32:37 +3m 34s | thequantuminsider_2023_09_29_maybell_quantum_opens_european_hq_in_copenhagen_launches_may_81d068df] Extracting actors: https://thequantuminsider.com/2023/09/29/maybell-quantum-opens-european-hq-in-copenhagen-launches-mayq-labs-flagship-full-stack-quantum-hardware-facilities (1/1), chunk 19/36
[07:32:44 +3m 41s | thequantuminsider_2023_09_29_maybell_quantum_opens_european_hq_in_copenhagen_launches_may_81d068df] Repaired malformed JSON.
[07:32:44 +3m 41s | thequantuminsider_2023_09_29_maybell_quantum_opens_european_hq_in_copenhagen_launches_may_81d068df] Extracting actors: https://thequantuminsider.com/2023/09/29/maybell-quantum-opens-european-hq-in-copenhagen-launches-mayq-labs-flagship-full-stack-quantum-hardware-facilities (1/1), chunk 20/36
[07:32:53 +3m 51s | thequantuminsider_2023_09_29_maybell_quantum_opens_european_hq_in_copenhagen_launches_may_81d068df] Repaired malformed JSON.
[07:32:53 +3m 51s | thequantuminsider_2023_09_29_maybell_quantum_opens_european_hq_in_copenhagen_launches_may_81d068df] Extracting actors: https://thequantuminsider.com/2023/09/29/maybell-quantum-opens-european-hq-in-copenhagen-launches-mayq-labs-flagship-full-stack-quantum-hardware-facilities (1/1), chunk 21/36
[07:33:04 +4m 2s | thequantuminsider_2023_09_29_maybell_quantum_opens_european_hq_in_copenhagen_launches_may_81d068df] Repaired malformed JSON.
[07:33:04 +4m 2s | thequantuminsider_2023_09_29_maybell_quantum_opens_european_hq_in_copenhagen_launches_may_81d068df] Extracting actors: https://thequantuminsider.com/2023/09/29/maybell-quantum-opens-european-hq-in-copenhagen-launches-mayq-labs-flagship-full-stack-quantum-hardware-facilities (1/1), chunk 22/36
[07:33:11 +4m 9s | thequantuminsider_2023_09_29_maybell_quantum_opens_european_hq_in_copenhagen_launches_may_81d068df] Repaired malformed JSON.
[07:33:11 +4m 9s | thequantuminsider_2023_09_29_maybell_quantum_opens_european_hq_in_copenhagen_launches_may_81d068df] Extracting actors: https://thequantuminsider.com/2023/09/29/maybell-quantum-opens-european-hq-in-copenhagen-launches-mayq-labs-flagship-full-stack-quantum-hardware-facilities (1/1), chunk 23/36
[07:33:17 +4m 17s | thequantuminsider_2023_09_29_maybell_quantum_opens_european_hq_in_copenhagen_launches_may_81d068df] Repaired malformed JSON.
[07:33:17 +4m 17s | thequantuminsider_2023_09_29_maybell_quantum_opens_european_hq_in_copenhagen_launches_may_81d068df] Extracting actors: https://thequantuminsider.com/2023/09/29/maybell-quantum-opens-european-hq-in-copenhagen-launches-mayq-labs-flagship-full-stack-quantum-hardware-facilities (1/1), chunk 24/36
[07:33:23 +4m 24s | thequantuminsider_2023_09_29_maybell_quantum_opens_european_hq_in_copenhagen_launches_may_81d068df] Extracting actors: https://thequantuminsider.com/2023/09/29/maybell-quantum-opens-european-hq-in-copenhagen-launches-mayq-labs-flagship-full-stack-quantum-hardware-facilities (1/1), chunk 25/36
[07:33:32 +4m 32s | thequantuminsider_2023_09_29_maybell_quantum_opens_european_hq_in_copenhagen_launches_may_81d068df] Repaired malformed JSON.
[07:33:32 +4m 32s | thequantuminsider_2023_09_29_maybell_quantum_opens_european_hq_in_copenhagen_launches_may_81d068df] Extracting actors: https://thequantuminsider.com/2023/09/29/maybell-quantum-opens-european-hq-in-copenhagen-launches-mayq-labs-flagship-full-stack-quantum-hardware-facilities (1/1), chunk 26/36
[07:33:42 +4m 43s | thequantuminsider_2023_09_29_maybell_quantum_opens_european_hq_in_copenhagen_launches_may_81d068df] Repaired malformed JSON.
[07:33:42 +4m 43s | thequantuminsider_2023_09_29_maybell_quantum_opens_european_hq_in_copenhagen_launches_may_81d068df] Extracting actors: https://thequantuminsider.com/2023/09/29/maybell-quantum-opens-european-hq-in-copenhagen-launches-mayq-labs-flagship-full-stack-quantum-hardware-facilities (1/1), chunk 27/36
[07:33:49 +4m 52s | thequantuminsider_2023_09_29_maybell_quantum_opens_european_hq_in_copenhagen_launches_may_81d068df] Repaired malformed JSON.
[07:33:49 +4m 52s | thequantuminsider_2023_09_29_maybell_quantum_opens_european_hq_in_copenhagen_launches_may_81d068df] Extracting actors: https://thequantuminsider.com/2023/09/29/maybell-quantum-opens-european-hq-in-copenhagen-launches-mayq-labs-flagship-full-stack-quantum-hardware-facilities (1/1), chunk 28/36
[07:34:16 +5m 19s | thequantuminsider_2023_09_29_maybell_quantum_opens_european_hq_in_copenhagen_launches_may_81d068df] Repaired malformed JSON.
[07:34:16 +5m 19s | thequantuminsider_2023_09_29_maybell_quantum_opens_european_hq_in_copenhagen_launches_may_81d068df] Extracting actors: https://thequantuminsider.com/2023/09/29/maybell-quantum-opens-european-hq-in-copenhagen-launches-mayq-labs-flagship-full-stack-quantum-hardware-facilities (1/1), chunk 29/36
[07:34:23 +5m 28s | thequantuminsider_2023_09_29_maybell_quantum_opens_european_hq_in_copenhagen_launches_may_81d068df] Repaired malformed JSON.
[07:34:23 +5m 28s | thequantuminsider_2023_09_29_maybell_quantum_opens_european_hq_in_copenhagen_launches_may_81d068df] Extracting actors: https://thequantuminsider.com/2023/09/29/maybell-quantum-opens-european-hq-in-copenhagen-launches-mayq-labs-flagship-full-stack-quantum-hardware-facilities (1/1), chunk 30/36
[07:34:31 +5m 36s | thequantuminsider_2023_09_29_maybell_quantum_opens_european_hq_in_copenhagen_launches_may_81d068df] Repaired malformed JSON.
[07:34:31 +5m 36s | thequantuminsider_2023_09_29_maybell_quantum_opens_european_hq_in_copenhagen_launches_may_81d068df] Extracting actors: https://thequantuminsider.com/2023/09/29/maybell-quantum-opens-european-hq-in-copenhagen-launches-mayq-labs-flagship-full-stack-quantum-hardware-facilities (1/1), chunk 31/36
[07:34:37 +5m 42s | thequantuminsider_2023_09_29_maybell_quantum_opens_european_hq_in_copenhagen_launches_may_81d068df] Repaired malformed JSON.
[07:34:37 +5m 42s | thequantuminsider_2023_09_29_maybell_quantum_opens_european_hq_in_copenhagen_launches_may_81d068df] Extracting actors: https://thequantuminsider.com/2023/09/29/maybell-quantum-opens-european-hq-in-copenhagen-launches-mayq-labs-flagship-full-stack-quantum-hardware-facilities (1/1), chunk 32/36
[07:34:46 +5m 54s | thequantuminsider_2023_09_29_maybell_quantum_opens_european_hq_in_copenhagen_launches_may_81d068df] Repaired malformed JSON.
[07:34:46 +5m 54s | thequantuminsider_2023_09_29_maybell_quantum_opens_european_hq_in_copenhagen_launches_may_81d068df] Extracting actors: https://thequantuminsider.com/2023/09/29/maybell-quantum-opens-european-hq-in-copenhagen-launches-mayq-labs-flagship-full-stack-quantum-hardware-facilities (1/1), chunk 33/36
[07:34:52 +6m 0s | thequantuminsider_2023_09_29_maybell_quantum_opens_european_hq_in_copenhagen_launches_may_81d068df] Repaired malformed JSON.
[07:34:52 +6m 0s | thequantuminsider_2023_09_29_maybell_quantum_opens_european_hq_in_copenhagen_launches_may_81d068df] Extracting actors: https://thequantuminsider.com/2023/09/29/maybell-quantum-opens-european-hq-in-copenhagen-launches-mayq-labs-flagship-full-stack-quantum-hardware-facilities (1/1), chunk 34/36
[07:35:01 +6m 9s | thequantuminsider_2023_09_29_maybell_quantum_opens_european_hq_in_copenhagen_launches_may_81d068df] Repaired malformed JSON.
[07:35:01 +6m 9s | thequantuminsider_2023_09_29_maybell_quantum_opens_european_hq_in_copenhagen_launches_may_81d068df] Extracting actors: https://thequantuminsider.com/2023/09/29/maybell-quantum-opens-european-hq-in-copenhagen-launches-mayq-labs-flagship-full-stack-quantum-hardware-facilities (1/1), chunk 35/36
[07:35:08 +6m 16s | thequantuminsider_2023_09_29_maybell_quantum_opens_european_hq_in_copenhagen_launches_may_81d068df] Repaired malformed JSON.
[07:35:08 +6m 16s | thequantuminsider_2023_09_29_maybell_quantum_opens_european_hq_in_copenhagen_launches_may_81d068df] Extracting actors: https://thequantuminsider.com/2023/09/29/maybell-quantum-opens-european-hq-in-copenhagen-launches-mayq-labs-flagship-full-stack-quantum-hardware-facilities (1/1), chunk 36/36
[07:35:15 +6m 23s | thequantuminsider_2023_09_29_maybell_quantum_opens_european_hq_in_copenhagen_launches_may_81d068df] Repaired malformed JSON.
[07:35:15 +6m 23s | thequantuminsider_2023_09_29_maybell_quantum_opens_european_hq_in_copenhagen_launches_may_81d068df] Saved 1_actor_results.json with 68 extracted records

[07:35:15 +6m 23s | thequantuminsider_2023_09_29_maybell_quantum_opens_european_hq_in_copenhagen_launches_may_81d068df] === 2 clean actors ===
[07:35:16 +6m 23s | thequantuminsider_2023_09_29_maybell_quantum_opens_european_hq_in_copenhagen_launches_may_81d068df] Loaded 68 extracted records
[07:35:16 +6m 23s | thequantuminsider_2023_09_29_maybell_quantum_opens_european_hq_in_copenhagen_launches_may_81d068df] Saved 2_actor_nodes.json with 17 canonical actor nodes

[07:35:16 +6m 23s | thequantuminsider_2023_09_29_maybell_quantum_opens_european_hq_in_copenhagen_launches_may_81d068df] === 3 interaction extraction ===
[07:35:16 +6m 24s | thequantuminsider_2023_09_29_maybell_quantum_opens_european_hq_in_copenhagen_launches_may_81d068df] Extracting interactions: https://thequantuminsider.com/2023/09/29/maybell-quantum-opens-european-hq-in-copenhagen-launches-mayq-labs-flagship-full-stack-quantum-hardware-facilities (1/1), chunk 7/36
[07:35:18 +6m 28s | thequantuminsider_2023_09_29_maybell_quantum_opens_european_hq_in_copenhagen_launches_may_81d068df] Extracting interactions: https://thequantuminsider.com/2023/09/29/maybell-quantum-opens-european-hq-in-copenhagen-launches-mayq-labs-flagship-full-stack-quantum-hardware-facilities (1/1), chunk 11/36
[07:35:26 +6m 37s | thequantuminsider_2023_09_29_maybell_quantum_opens_european_hq_in_copenhagen_launches_may_81d068df] Extracting interactions: https://thequantuminsider.com/2023/09/29/maybell-quantum-opens-european-hq-in-copenhagen-launches-mayq-labs-flagship-full-stack-quantum-hardware-facilities (1/1), chunk 12/36
[07:35:39 +6m 49s | thequantuminsider_2023_09_29_maybell_quantum_opens_european_hq_in_copenhagen_launches_may_81d068df] Extracting interactions: https://thequantuminsider.com/2023/09/29/maybell-quantum-opens-european-hq-in-copenhagen-launches-mayq-labs-flagship-full-stack-quantum-hardware-facilities (1/1), chunk 13/36
[07:36:04 +7m 17s | thequantuminsider_2023_09_29_maybell_quantum_opens_european_hq_in_copenhagen_launches_may_81d068df] Extracting interactions: https://thequantuminsider.com/2023/09/29/maybell-quantum-opens-european-hq-in-copenhagen-launches-mayq-labs-flagship-full-stack-quantum-hardware-facilities (1/1), chunk 14/36
[07:36:35 +7m 50s | thequantuminsider_2023_09_29_maybell_quantum_opens_european_hq_in_copenhagen_launches_may_81d068df] Extracting interactions: https://thequantuminsider.com/2023/09/29/maybell-quantum-opens-european-hq-in-copenhagen-launches-mayq-labs-flagship-full-stack-quantum-hardware-facilities (1/1), chunk 15/36
[07:36:43 +7m 58s | thequantuminsider_2023_09_29_maybell_quantum_opens_european_hq_in_copenhagen_launches_may_81d068df] Extracting interactions: https://thequantuminsider.com/2023/09/29/maybell-quantum-opens-european-hq-in-copenhagen-launches-mayq-labs-flagship-full-stack-quantum-hardware-facilities (1/1), chunk 16/36
[07:37:03 +8m 20s | thequantuminsider_2023_09_29_maybell_quantum_opens_european_hq_in_copenhagen_launches_may_81d068df] Extracting interactions: https://thequantuminsider.com/2023/09/29/maybell-quantum-opens-european-hq-in-copenhagen-launches-mayq-labs-flagship-full-stack-quantum-hardware-facilities (1/1), chunk 19/36
[07:37:05 +8m 22s | thequantuminsider_2023_09_29_maybell_quantum_opens_european_hq_in_copenhagen_launches_may_81d068df] Extracting interactions: https://thequantuminsider.com/2023/09/29/maybell-quantum-opens-european-hq-in-copenhagen-launches-mayq-labs-flagship-full-stack-quantum-hardware-facilities (1/1), chunk 20/36
[07:37:29 +8m 48s | thequantuminsider_2023_09_29_maybell_quantum_opens_european_hq_in_copenhagen_launches_may_81d068df] Extracting interactions: https://thequantuminsider.com/2023/09/29/maybell-quantum-opens-european-hq-in-copenhagen-launches-mayq-labs-flagship-full-stack-quantum-hardware-facilities (1/1), chunk 25/36
[07:37:38 +8m 58s | thequantuminsider_2023_09_29_maybell_quantum_opens_european_hq_in_copenhagen_launches_may_81d068df] Extracting interactions: https://thequantuminsider.com/2023/09/29/maybell-quantum-opens-european-hq-in-copenhagen-launches-mayq-labs-flagship-full-stack-quantum-hardware-facilities (1/1), chunk 26/36
[07:37:44 +9m 3s | thequantuminsider_2023_09_29_maybell_quantum_opens_european_hq_in_copenhagen_launches_may_81d068df] Extracting interactions: https://thequantuminsider.com/2023/09/29/maybell-quantum-opens-european-hq-in-copenhagen-launches-mayq-labs-flagship-full-stack-quantum-hardware-facilities (1/1), chunk 27/36
[07:37:45 +9m 5s | thequantuminsider_2023_09_29_maybell_quantum_opens_european_hq_in_copenhagen_launches_may_81d068df] Extracting interactions: https://thequantuminsider.com/2023/09/29/maybell-quantum-opens-european-hq-in-copenhagen-launches-mayq-labs-flagship-full-stack-quantum-hardware-facilities (1/1), chunk 29/36
[07:37:47 +9m 7s | thequantuminsider_2023_09_29_maybell_quantum_opens_european_hq_in_copenhagen_launches_may_81d068df] Extracting interactions: https://thequantuminsider.com/2023/09/29/maybell-quantum-opens-european-hq-in-copenhagen-launches-mayq-labs-flagship-full-stack-quantum-hardware-facilities (1/1), chunk 30/36
[07:37:58 +9m 20s | thequantuminsider_2023_09_29_maybell_quantum_opens_european_hq_in_copenhagen_launches_may_81d068df] Extracting interactions: https://thequantuminsider.com/2023/09/29/maybell-quantum-opens-european-hq-in-copenhagen-launches-mayq-labs-flagship-full-stack-quantum-hardware-facilities (1/1), chunk 31/36
[07:38:44 +10m 8s | thequantuminsider_2023_09_29_maybell_quantum_opens_european_hq_in_copenhagen_launches_may_81d068df] Extracting interactions: https://thequantuminsider.com/2023/09/29/maybell-quantum-opens-european-hq-in-copenhagen-launches-mayq-labs-flagship-full-stack-quantum-hardware-facilities (1/1), chunk 32/36
[07:38:45 +10m 10s | thequantuminsider_2023_09_29_maybell_quantum_opens_european_hq_in_copenhagen_launches_may_81d068df] Extracting interactions: https://thequantuminsider.com/2023/09/29/maybell-quantum-opens-european-hq-in-copenhagen-launches-mayq-labs-flagship-full-stack-quantum-hardware-facilities (1/1), chunk 34/36
[07:38:57 +10m 24s | thequantuminsider_2023_09_29_maybell_quantum_opens_european_hq_in_copenhagen_launches_may_81d068df] Extracting interactions: https://thequantuminsider.com/2023/09/29/maybell-quantum-opens-european-hq-in-copenhagen-launches-mayq-labs-flagship-full-stack-quantum-hardware-facilities (1/1), chunk 35/36
[07:39:06 +10m 33s | thequantuminsider_2023_09_29_maybell_quantum_opens_european_hq_in_copenhagen_launches_may_81d068df] Extracting interactions: https://thequantuminsider.com/2023/09/29/maybell-quantum-opens-european-hq-in-copenhagen-launches-mayq-labs-flagship-full-stack-quantum-hardware-facilities (1/1), chunk 36/36
[07:39:08 +10m 35s | thequantuminsider_2023_09_29_maybell_quantum_opens_european_hq_in_copenhagen_launches_may_81d068df] Saved 3_interaction_results.json with 27 extracted interactions.

[07:39:08 +10m 35s | thequantuminsider_2023_09_29_maybell_quantum_opens_european_hq_in_copenhagen_launches_may_81d068df] === 4 clean interactions ===
[07:39:08 +10m 35s | thequantuminsider_2023_09_29_maybell_quantum_opens_european_hq_in_copenhagen_launches_may_81d068df] Saved 4_edges.json with 2 cleaned interactions.

[07:39:08 +10m 35s | thequantuminsider_2023_09_29_maybell_quantum_opens_european_hq_in_copenhagen_launches_may_81d068df] === 5 helix enrichment ===
[07:39:08 +10m 35s | thequantuminsider_2023_09_29_maybell_quantum_opens_european_hq_in_copenhagen_launches_may_81d068df] Wrote 5_nodes.json (17 actors)
[07:39:08 +10m 35s | thequantuminsider_2023_09_29_maybell_quantum_opens_european_hq_in_copenhagen_launches_may_81d068df] Wrote 5_edges.json (2 interactions)
[07:39:08 +10m 35s | thequantuminsider_2023_09_29_maybell_quantum_opens_european_hq_in_copenhagen_launches_may_81d068df] Actor helix counts: {'Academia': 2, 'Civil Society': 4, 'Industry': 4, 'Unknown': 7}
[07:39:08 +10m 35s | thequantuminsider_2023_09_29_maybell_quantum_opens_european_hq_in_copenhagen_launches_may_81d068df] Functional-space counts: {'Intra-helix / Not classified': 1, 'Public': 1}

[07:39:08 +10m 35s | thequantuminsider_2023_09_29_maybell_quantum_opens_european_hq_in_copenhagen_launches_may_81d068df] === 6 network visualisation ===
[07:39:08 +10m 35s | thequantuminsider_2023_09_29_maybell_quantum_opens_european_hq_in_copenhagen_launches_may_81d068df] Wrote quantum_network.html
[07:39:08 +10m 35s | thequantuminsider_2023_09_29_maybell_quantum_opens_european_hq_in_copenhagen_launches_may_81d068df] Nodes: 17
[07:39:08 +10m 35s | thequantuminsider_2023_09_29_maybell_quantum_opens_european_hq_in_copenhagen_launches_may_81d068df] Edges: 2

[07:39:08 +10m 35s | thequantuminsider_2023_09_29_maybell_quantum_opens_european_hq_in_copenhagen_launches_may_81d068df] Done. Outputs written to: /home/lv/IDP/idpdeeptech/pipeline/news_outputs/thequantuminsider_2023_09_29_maybell_quantum_opens_european_hq_in_copenhagen_launches_may_81d068df
[07:39:08 +10m 35s | thequantuminsider_2023_09_29_maybell_quantum_opens_european_hq_in_copenhagen_launches_may_81d068df] Log: /home/lv/IDP/idpdeeptech/pipeline/news_outputs/thequantuminsider_2023_09_29_maybell_quantum_opens_european_hq_in_copenhagen_launches_may_81d068df/run.log

========================================================================
RUN FINISHED 2026-07-05 07:39:08  (OK)
Started:     2026-07-05 07:29:18
Elapsed:     10m 35s
========================================================================
