
========================================================================
RUN STARTED  2026-07-05 06:04:12
site_pipeline.py https://thequantuminsider.com/2023/10/13/quoherent-takes-in-2-3-million-plus-in-seed-round/
========================================================================

[06:04:12 +0s | thequantuminsider_2023_10_13_quoherent_takes_in_2_3_million_plus_in_seed_round] === 0 crawl site ===
[06:04:11 +1s | thequantuminsider_2023_10_13_quoherent_takes_in_2_3_million_plus_in_seed_round] [INIT].... → Crawl4AI 0.8.6 
[06:04:14 +4s | thequantuminsider_2023_10_13_quoherent_takes_in_2_3_million_plus_in_seed_round] [FETCH]... ↓ https://thequantuminsider.com/2023/10/13/quoherent-takes-in-2-3-million-plus-in-seed-round/          | ✓ | ⏱: 2.49s 
[06:04:14 +4s | thequantuminsider_2023_10_13_quoherent_takes_in_2_3_million_plus_in_seed_round] [SCRAPE].. ◆ https://thequantuminsider.com/2023/10/13/quoherent-takes-in-2-3-million-plus-in-seed-round/          | ✓ | ⏱: 0.14s 
[06:04:14 +4s | thequantuminsider_2023_10_13_quoherent_takes_in_2_3_million_plus_in_seed_round] [COMPLETE] ● https://thequantuminsider.com/2023/10/13/quoherent-takes-in-2-3-million-plus-in-seed-round/          | ✓ | ⏱: 2.65s 
[06:04:14 +4s | thequantuminsider_2023_10_13_quoherent_takes_in_2_3_million_plus_in_seed_round] Saved: crawl_output/7c07166d1d_thequantuminsider.com_2023_10_13_quoherent-takes-in-2-3-million-plus-in-seed-round.json

[06:04:14 +4s | thequantuminsider_2023_10_13_quoherent_takes_in_2_3_million_plus_in_seed_round] === 1 actor extraction ===
[06:04:14 +4s | thequantuminsider_2023_10_13_quoherent_takes_in_2_3_million_plus_in_seed_round] Reading page (1/1): https://thequantuminsider.com/2023/10/13/quoherent-takes-in-2-3-million-plus-in-seed-round
[06:04:14 +4s | thequantuminsider_2023_10_13_quoherent_takes_in_2_3_million_plus_in_seed_round] Extracting actors: https://thequantuminsider.com/2023/10/13/quoherent-takes-in-2-3-million-plus-in-seed-round (1/1), chunk 1/35
[06:04:18 +8s | thequantuminsider_2023_10_13_quoherent_takes_in_2_3_million_plus_in_seed_round] Extracting actors: https://thequantuminsider.com/2023/10/13/quoherent-takes-in-2-3-million-plus-in-seed-round (1/1), chunk 2/35
[06:04:23 +13s | thequantuminsider_2023_10_13_quoherent_takes_in_2_3_million_plus_in_seed_round] Extracting actors: https://thequantuminsider.com/2023/10/13/quoherent-takes-in-2-3-million-plus-in-seed-round (1/1), chunk 3/35
[06:04:29 +19s | thequantuminsider_2023_10_13_quoherent_takes_in_2_3_million_plus_in_seed_round] Extracting actors: https://thequantuminsider.com/2023/10/13/quoherent-takes-in-2-3-million-plus-in-seed-round (1/1), chunk 4/35
[06:04:50 +42s | thequantuminsider_2023_10_13_quoherent_takes_in_2_3_million_plus_in_seed_round] Extracting actors: https://thequantuminsider.com/2023/10/13/quoherent-takes-in-2-3-million-plus-in-seed-round (1/1), chunk 5/35
[06:04:55 +47s | thequantuminsider_2023_10_13_quoherent_takes_in_2_3_million_plus_in_seed_round] Extracting actors: https://thequantuminsider.com/2023/10/13/quoherent-takes-in-2-3-million-plus-in-seed-round (1/1), chunk 6/35
[06:05:00 +52s | thequantuminsider_2023_10_13_quoherent_takes_in_2_3_million_plus_in_seed_round] Extracting actors: https://thequantuminsider.com/2023/10/13/quoherent-takes-in-2-3-million-plus-in-seed-round (1/1), chunk 7/35
[06:05:06 +58s | thequantuminsider_2023_10_13_quoherent_takes_in_2_3_million_plus_in_seed_round] Extracting actors: https://thequantuminsider.com/2023/10/13/quoherent-takes-in-2-3-million-plus-in-seed-round (1/1), chunk 8/35
[06:05:10 +1m 3s | thequantuminsider_2023_10_13_quoherent_takes_in_2_3_million_plus_in_seed_round] Extracting actors: https://thequantuminsider.com/2023/10/13/quoherent-takes-in-2-3-million-plus-in-seed-round (1/1), chunk 9/35
[06:05:14 +1m 9s | thequantuminsider_2023_10_13_quoherent_takes_in_2_3_million_plus_in_seed_round] Extracting actors: https://thequantuminsider.com/2023/10/13/quoherent-takes-in-2-3-million-plus-in-seed-round (1/1), chunk 10/35
[06:05:19 +1m 13s | thequantuminsider_2023_10_13_quoherent_takes_in_2_3_million_plus_in_seed_round] Extracting actors: https://thequantuminsider.com/2023/10/13/quoherent-takes-in-2-3-million-plus-in-seed-round (1/1), chunk 11/35
[06:05:26 +1m 20s | thequantuminsider_2023_10_13_quoherent_takes_in_2_3_million_plus_in_seed_round] Repaired malformed JSON.
[06:05:26 +1m 20s | thequantuminsider_2023_10_13_quoherent_takes_in_2_3_million_plus_in_seed_round] Extracting actors: https://thequantuminsider.com/2023/10/13/quoherent-takes-in-2-3-million-plus-in-seed-round (1/1), chunk 12/35
[06:05:36 +1m 30s | thequantuminsider_2023_10_13_quoherent_takes_in_2_3_million_plus_in_seed_round] Repaired malformed JSON.
[06:05:36 +1m 30s | thequantuminsider_2023_10_13_quoherent_takes_in_2_3_million_plus_in_seed_round] Extracting actors: https://thequantuminsider.com/2023/10/13/quoherent-takes-in-2-3-million-plus-in-seed-round (1/1), chunk 13/35
[06:05:42 +1m 38s | thequantuminsider_2023_10_13_quoherent_takes_in_2_3_million_plus_in_seed_round] Repaired malformed JSON.
[06:05:42 +1m 38s | thequantuminsider_2023_10_13_quoherent_takes_in_2_3_million_plus_in_seed_round] Extracting actors: https://thequantuminsider.com/2023/10/13/quoherent-takes-in-2-3-million-plus-in-seed-round (1/1), chunk 14/35
[06:05:51 +1m 48s | thequantuminsider_2023_10_13_quoherent_takes_in_2_3_million_plus_in_seed_round] Repaired malformed JSON.
[06:05:51 +1m 48s | thequantuminsider_2023_10_13_quoherent_takes_in_2_3_million_plus_in_seed_round] Extracting actors: https://thequantuminsider.com/2023/10/13/quoherent-takes-in-2-3-million-plus-in-seed-round (1/1), chunk 15/35
[06:05:58 +1m 54s | thequantuminsider_2023_10_13_quoherent_takes_in_2_3_million_plus_in_seed_round] Repaired malformed JSON.
[06:05:58 +1m 54s | thequantuminsider_2023_10_13_quoherent_takes_in_2_3_million_plus_in_seed_round] Extracting actors: https://thequantuminsider.com/2023/10/13/quoherent-takes-in-2-3-million-plus-in-seed-round (1/1), chunk 16/35
[06:06:08 +2m 4s | thequantuminsider_2023_10_13_quoherent_takes_in_2_3_million_plus_in_seed_round] Repaired malformed JSON.
[06:06:08 +2m 4s | thequantuminsider_2023_10_13_quoherent_takes_in_2_3_million_plus_in_seed_round] Extracting actors: https://thequantuminsider.com/2023/10/13/quoherent-takes-in-2-3-million-plus-in-seed-round (1/1), chunk 17/35
[06:06:12 +2m 10s | thequantuminsider_2023_10_13_quoherent_takes_in_2_3_million_plus_in_seed_round] Repaired malformed JSON.
[06:06:12 +2m 10s | thequantuminsider_2023_10_13_quoherent_takes_in_2_3_million_plus_in_seed_round] Extracting actors: https://thequantuminsider.com/2023/10/13/quoherent-takes-in-2-3-million-plus-in-seed-round (1/1), chunk 18/35
[06:06:22 +2m 20s | thequantuminsider_2023_10_13_quoherent_takes_in_2_3_million_plus_in_seed_round] Repaired malformed JSON.
[06:06:22 +2m 20s | thequantuminsider_2023_10_13_quoherent_takes_in_2_3_million_plus_in_seed_round] Extracting actors: https://thequantuminsider.com/2023/10/13/quoherent-takes-in-2-3-million-plus-in-seed-round (1/1), chunk 19/35
[06:06:29 +2m 27s | thequantuminsider_2023_10_13_quoherent_takes_in_2_3_million_plus_in_seed_round] Repaired malformed JSON.
[06:06:29 +2m 27s | thequantuminsider_2023_10_13_quoherent_takes_in_2_3_million_plus_in_seed_round] Extracting actors: https://thequantuminsider.com/2023/10/13/quoherent-takes-in-2-3-million-plus-in-seed-round (1/1), chunk 20/35
[06:06:36 +2m 34s | thequantuminsider_2023_10_13_quoherent_takes_in_2_3_million_plus_in_seed_round] Repaired malformed JSON.
[06:06:36 +2m 34s | thequantuminsider_2023_10_13_quoherent_takes_in_2_3_million_plus_in_seed_round] Extracting actors: https://thequantuminsider.com/2023/10/13/quoherent-takes-in-2-3-million-plus-in-seed-round (1/1), chunk 21/35
[06:06:43 +2m 44s | thequantuminsider_2023_10_13_quoherent_takes_in_2_3_million_plus_in_seed_round] Repaired malformed JSON.
[06:06:43 +2m 44s | thequantuminsider_2023_10_13_quoherent_takes_in_2_3_million_plus_in_seed_round] Extracting actors: https://thequantuminsider.com/2023/10/13/quoherent-takes-in-2-3-million-plus-in-seed-round (1/1), chunk 22/35
[06:06:50 +2m 50s | thequantuminsider_2023_10_13_quoherent_takes_in_2_3_million_plus_in_seed_round] Repaired malformed JSON.
[06:06:50 +2m 50s | thequantuminsider_2023_10_13_quoherent_takes_in_2_3_million_plus_in_seed_round] Extracting actors: https://thequantuminsider.com/2023/10/13/quoherent-takes-in-2-3-million-plus-in-seed-round (1/1), chunk 23/35
[06:06:55 +2m 56s | thequantuminsider_2023_10_13_quoherent_takes_in_2_3_million_plus_in_seed_round] Extracting actors: https://thequantuminsider.com/2023/10/13/quoherent-takes-in-2-3-million-plus-in-seed-round (1/1), chunk 24/35
[06:07:01 +3m 1s | thequantuminsider_2023_10_13_quoherent_takes_in_2_3_million_plus_in_seed_round] Extracting actors: https://thequantuminsider.com/2023/10/13/quoherent-takes-in-2-3-million-plus-in-seed-round (1/1), chunk 25/35
[06:07:04 +3m 4s | thequantuminsider_2023_10_13_quoherent_takes_in_2_3_million_plus_in_seed_round] Extracting actors: https://thequantuminsider.com/2023/10/13/quoherent-takes-in-2-3-million-plus-in-seed-round (1/1), chunk 26/35
[06:07:08 +3m 8s | thequantuminsider_2023_10_13_quoherent_takes_in_2_3_million_plus_in_seed_round] Extracting actors: https://thequantuminsider.com/2023/10/13/quoherent-takes-in-2-3-million-plus-in-seed-round (1/1), chunk 27/35
[06:07:11 +3m 11s | thequantuminsider_2023_10_13_quoherent_takes_in_2_3_million_plus_in_seed_round] Extracting actors: https://thequantuminsider.com/2023/10/13/quoherent-takes-in-2-3-million-plus-in-seed-round (1/1), chunk 28/35
[06:07:19 +3m 21s | thequantuminsider_2023_10_13_quoherent_takes_in_2_3_million_plus_in_seed_round] Repaired malformed JSON.
[06:07:19 +3m 21s | thequantuminsider_2023_10_13_quoherent_takes_in_2_3_million_plus_in_seed_round] Extracting actors: https://thequantuminsider.com/2023/10/13/quoherent-takes-in-2-3-million-plus-in-seed-round (1/1), chunk 29/35
[06:07:26 +3m 29s | thequantuminsider_2023_10_13_quoherent_takes_in_2_3_million_plus_in_seed_round] Repaired malformed JSON.
[06:07:26 +3m 29s | thequantuminsider_2023_10_13_quoherent_takes_in_2_3_million_plus_in_seed_round] Extracting actors: https://thequantuminsider.com/2023/10/13/quoherent-takes-in-2-3-million-plus-in-seed-round (1/1), chunk 30/35
[06:07:31 +3m 33s | thequantuminsider_2023_10_13_quoherent_takes_in_2_3_million_plus_in_seed_round] Extracting actors: https://thequantuminsider.com/2023/10/13/quoherent-takes-in-2-3-million-plus-in-seed-round (1/1), chunk 31/35
[06:07:37 +3m 40s | thequantuminsider_2023_10_13_quoherent_takes_in_2_3_million_plus_in_seed_round] Repaired malformed JSON.
[06:07:37 +3m 40s | thequantuminsider_2023_10_13_quoherent_takes_in_2_3_million_plus_in_seed_round] Extracting actors: https://thequantuminsider.com/2023/10/13/quoherent-takes-in-2-3-million-plus-in-seed-round (1/1), chunk 32/35
[06:07:45 +3m 49s | thequantuminsider_2023_10_13_quoherent_takes_in_2_3_million_plus_in_seed_round] Repaired malformed JSON.
[06:07:45 +3m 49s | thequantuminsider_2023_10_13_quoherent_takes_in_2_3_million_plus_in_seed_round] Extracting actors: https://thequantuminsider.com/2023/10/13/quoherent-takes-in-2-3-million-plus-in-seed-round (1/1), chunk 33/35
[06:07:52 +3m 56s | thequantuminsider_2023_10_13_quoherent_takes_in_2_3_million_plus_in_seed_round] Repaired malformed JSON.
[06:07:52 +3m 56s | thequantuminsider_2023_10_13_quoherent_takes_in_2_3_million_plus_in_seed_round] Extracting actors: https://thequantuminsider.com/2023/10/13/quoherent-takes-in-2-3-million-plus-in-seed-round (1/1), chunk 34/35
[06:08:00 +4m 4s | thequantuminsider_2023_10_13_quoherent_takes_in_2_3_million_plus_in_seed_round] Repaired malformed JSON.
[06:08:00 +4m 4s | thequantuminsider_2023_10_13_quoherent_takes_in_2_3_million_plus_in_seed_round] Extracting actors: https://thequantuminsider.com/2023/10/13/quoherent-takes-in-2-3-million-plus-in-seed-round (1/1), chunk 35/35
[06:08:09 +4m 13s | thequantuminsider_2023_10_13_quoherent_takes_in_2_3_million_plus_in_seed_round] Repaired malformed JSON.
[06:08:09 +4m 13s | thequantuminsider_2023_10_13_quoherent_takes_in_2_3_million_plus_in_seed_round] Saved 1_actor_results.json with 47 extracted records

[06:08:09 +4m 13s | thequantuminsider_2023_10_13_quoherent_takes_in_2_3_million_plus_in_seed_round] === 2 clean actors ===
[06:08:09 +4m 13s | thequantuminsider_2023_10_13_quoherent_takes_in_2_3_million_plus_in_seed_round] Loaded 47 extracted records
[06:08:09 +4m 13s | thequantuminsider_2023_10_13_quoherent_takes_in_2_3_million_plus_in_seed_round] Saved 2_actor_nodes.json with 15 canonical actor nodes

[06:08:09 +4m 13s | thequantuminsider_2023_10_13_quoherent_takes_in_2_3_million_plus_in_seed_round] === 3 interaction extraction ===
[06:08:09 +4m 13s | thequantuminsider_2023_10_13_quoherent_takes_in_2_3_million_plus_in_seed_round] Extracting interactions: https://thequantuminsider.com/2023/10/13/quoherent-takes-in-2-3-million-plus-in-seed-round (1/1), chunk 11/35
[06:08:12 +4m 19s | thequantuminsider_2023_10_13_quoherent_takes_in_2_3_million_plus_in_seed_round] Extracting interactions: https://thequantuminsider.com/2023/10/13/quoherent-takes-in-2-3-million-plus-in-seed-round (1/1), chunk 14/35
[06:08:16 +4m 23s | thequantuminsider_2023_10_13_quoherent_takes_in_2_3_million_plus_in_seed_round] Extracting interactions: https://thequantuminsider.com/2023/10/13/quoherent-takes-in-2-3-million-plus-in-seed-round (1/1), chunk 15/35
[06:08:18 +4m 24s | thequantuminsider_2023_10_13_quoherent_takes_in_2_3_million_plus_in_seed_round] Extracting interactions: https://thequantuminsider.com/2023/10/13/quoherent-takes-in-2-3-million-plus-in-seed-round (1/1), chunk 16/35
[06:08:22 +4m 29s | thequantuminsider_2023_10_13_quoherent_takes_in_2_3_million_plus_in_seed_round] Extracting interactions: https://thequantuminsider.com/2023/10/13/quoherent-takes-in-2-3-million-plus-in-seed-round (1/1), chunk 17/35
[06:08:24 +4m 30s | thequantuminsider_2023_10_13_quoherent_takes_in_2_3_million_plus_in_seed_round] Extracting interactions: https://thequantuminsider.com/2023/10/13/quoherent-takes-in-2-3-million-plus-in-seed-round (1/1), chunk 18/35
[06:08:25 +4m 32s | thequantuminsider_2023_10_13_quoherent_takes_in_2_3_million_plus_in_seed_round] Extracting interactions: https://thequantuminsider.com/2023/10/13/quoherent-takes-in-2-3-million-plus-in-seed-round (1/1), chunk 19/35
[06:08:47 +4m 56s | thequantuminsider_2023_10_13_quoherent_takes_in_2_3_million_plus_in_seed_round] Extracting interactions: https://thequantuminsider.com/2023/10/13/quoherent-takes-in-2-3-million-plus-in-seed-round (1/1), chunk 20/35
[06:09:00 +5m 9s | thequantuminsider_2023_10_13_quoherent_takes_in_2_3_million_plus_in_seed_round] Extracting interactions: https://thequantuminsider.com/2023/10/13/quoherent-takes-in-2-3-million-plus-in-seed-round (1/1), chunk 22/35
[06:09:02 +5m 11s | thequantuminsider_2023_10_13_quoherent_takes_in_2_3_million_plus_in_seed_round] Extracting interactions: https://thequantuminsider.com/2023/10/13/quoherent-takes-in-2-3-million-plus-in-seed-round (1/1), chunk 24/35
[06:09:03 +5m 12s | thequantuminsider_2023_10_13_quoherent_takes_in_2_3_million_plus_in_seed_round] Extracting interactions: https://thequantuminsider.com/2023/10/13/quoherent-takes-in-2-3-million-plus-in-seed-round (1/1), chunk 25/35
[06:09:07 +5m 16s | thequantuminsider_2023_10_13_quoherent_takes_in_2_3_million_plus_in_seed_round] Extracting interactions: https://thequantuminsider.com/2023/10/13/quoherent-takes-in-2-3-million-plus-in-seed-round (1/1), chunk 26/35
[06:09:13 +5m 22s | thequantuminsider_2023_10_13_quoherent_takes_in_2_3_million_plus_in_seed_round] Extracting interactions: https://thequantuminsider.com/2023/10/13/quoherent-takes-in-2-3-million-plus-in-seed-round (1/1), chunk 28/35
[06:09:12 +5m 23s | thequantuminsider_2023_10_13_quoherent_takes_in_2_3_million_plus_in_seed_round] Extracting interactions: https://thequantuminsider.com/2023/10/13/quoherent-takes-in-2-3-million-plus-in-seed-round (1/1), chunk 29/35
[06:09:14 +5m 25s | thequantuminsider_2023_10_13_quoherent_takes_in_2_3_million_plus_in_seed_round] Extracting interactions: https://thequantuminsider.com/2023/10/13/quoherent-takes-in-2-3-million-plus-in-seed-round (1/1), chunk 30/35
[06:09:16 +5m 27s | thequantuminsider_2023_10_13_quoherent_takes_in_2_3_million_plus_in_seed_round] Extracting interactions: https://thequantuminsider.com/2023/10/13/quoherent-takes-in-2-3-million-plus-in-seed-round (1/1), chunk 31/35
[06:09:18 +5m 29s | thequantuminsider_2023_10_13_quoherent_takes_in_2_3_million_plus_in_seed_round] Extracting interactions: https://thequantuminsider.com/2023/10/13/quoherent-takes-in-2-3-million-plus-in-seed-round (1/1), chunk 33/35
[06:09:24 +5m 35s | thequantuminsider_2023_10_13_quoherent_takes_in_2_3_million_plus_in_seed_round] Extracting interactions: https://thequantuminsider.com/2023/10/13/quoherent-takes-in-2-3-million-plus-in-seed-round (1/1), chunk 34/35
[06:09:26 +5m 37s | thequantuminsider_2023_10_13_quoherent_takes_in_2_3_million_plus_in_seed_round] Extracting interactions: https://thequantuminsider.com/2023/10/13/quoherent-takes-in-2-3-million-plus-in-seed-round (1/1), chunk 35/35
[06:09:27 +5m 38s | thequantuminsider_2023_10_13_quoherent_takes_in_2_3_million_plus_in_seed_round] Saved 3_interaction_results.json with 8 extracted interactions.

[06:09:28 +5m 38s | thequantuminsider_2023_10_13_quoherent_takes_in_2_3_million_plus_in_seed_round] === 4 clean interactions ===
[06:09:28 +5m 38s | thequantuminsider_2023_10_13_quoherent_takes_in_2_3_million_plus_in_seed_round] Saved 4_edges.json with 0 cleaned interactions.

[06:09:28 +5m 38s | thequantuminsider_2023_10_13_quoherent_takes_in_2_3_million_plus_in_seed_round] === 5 helix enrichment ===
[06:09:28 +5m 38s | thequantuminsider_2023_10_13_quoherent_takes_in_2_3_million_plus_in_seed_round] Wrote 5_nodes.json (15 actors)
[06:09:28 +5m 38s | thequantuminsider_2023_10_13_quoherent_takes_in_2_3_million_plus_in_seed_round] Wrote 5_edges.json (0 interactions)
[06:09:28 +5m 38s | thequantuminsider_2023_10_13_quoherent_takes_in_2_3_million_plus_in_seed_round] Actor helix counts: {'Academia': 1, 'Civil Society': 4, 'Industry': 3, 'Intermediary': 1, 'Unknown': 6}
[06:09:28 +5m 38s | thequantuminsider_2023_10_13_quoherent_takes_in_2_3_million_plus_in_seed_round] Functional-space counts: {}

[06:09:28 +5m 38s | thequantuminsider_2023_10_13_quoherent_takes_in_2_3_million_plus_in_seed_round] === 6 network visualisation ===
[06:09:28 +5m 39s | thequantuminsider_2023_10_13_quoherent_takes_in_2_3_million_plus_in_seed_round] Wrote quantum_network.html
[06:09:28 +5m 39s | thequantuminsider_2023_10_13_quoherent_takes_in_2_3_million_plus_in_seed_round] Nodes: 15
[06:09:28 +5m 39s | thequantuminsider_2023_10_13_quoherent_takes_in_2_3_million_plus_in_seed_round] Edges: 0

[06:09:28 +5m 39s | thequantuminsider_2023_10_13_quoherent_takes_in_2_3_million_plus_in_seed_round] Done. Outputs written to: /home/lv/IDP/idpdeeptech/pipeline/news_outputs/thequantuminsider_2023_10_13_quoherent_takes_in_2_3_million_plus_in_seed_round
[06:09:28 +5m 39s | thequantuminsider_2023_10_13_quoherent_takes_in_2_3_million_plus_in_seed_round] Log: /home/lv/IDP/idpdeeptech/pipeline/news_outputs/thequantuminsider_2023_10_13_quoherent_takes_in_2_3_million_plus_in_seed_round/run.log

========================================================================
RUN FINISHED 2026-07-05 06:09:28  (OK)
Started:     2026-07-05 06:04:12
Elapsed:     5m 39s
========================================================================
