
========================================================================
RUN STARTED  2026-07-05 03:50:26
site_pipeline.py https://thequantuminsider.com/2024/04/12/the-national-quantum-computing-centres-agreement-gives-uk-research-community-access-to-ibm-quantum-computers/
========================================================================

[03:50:26 +0s | thequantuminsider_2024_04_12_the_national_quantum_computing_centres_agreement_gives_uk_re_74bb1d39] === 0 crawl site ===
[03:50:28 +2s | thequantuminsider_2024_04_12_the_national_quantum_computing_centres_agreement_gives_uk_re_74bb1d39] [INIT].... → Crawl4AI 0.8.6 
[03:50:31 +4s | thequantuminsider_2024_04_12_the_national_quantum_computing_centres_agreement_gives_uk_re_74bb1d39] [FETCH]... ↓ https://thequantuminsider.com/2024/04/12/the-nat...earch-community-access-to-ibm-quantum-computers/  | ✓ | ⏱: 2.92s 
[03:50:31 +5s | thequantuminsider_2024_04_12_the_national_quantum_computing_centres_agreement_gives_uk_re_74bb1d39] [SCRAPE].. ◆ https://thequantuminsider.com/2024/04/12/the-nat...earch-community-access-to-ibm-quantum-computers/  | ✓ | ⏱: 0.15s 
[03:50:31 +5s | thequantuminsider_2024_04_12_the_national_quantum_computing_centres_agreement_gives_uk_re_74bb1d39] [COMPLETE] ● https://thequantuminsider.com/2024/04/12/the-nat...earch-community-access-to-ibm-quantum-computers/  | ✓ | ⏱: 3.09s 
[03:50:31 +5s | thequantuminsider_2024_04_12_the_national_quantum_computing_centres_agreement_gives_uk_re_74bb1d39] Saved: crawl_output/a2fbbace67_thequantuminsider.com_2024_04_12_the-national-quantum-computing-centres-agreement-gives-uk-research-community-access-to-ibm-quantum-computers.json

[03:50:31 +5s | thequantuminsider_2024_04_12_the_national_quantum_computing_centres_agreement_gives_uk_re_74bb1d39] === 1 actor extraction ===
[03:50:31 +5s | thequantuminsider_2024_04_12_the_national_quantum_computing_centres_agreement_gives_uk_re_74bb1d39] Reading page (1/1): https://thequantuminsider.com/2024/04/12/the-national-quantum-computing-centres-agreement-gives-uk-research-community-access-to-ibm-quantum-computers
[03:50:31 +5s | thequantuminsider_2024_04_12_the_national_quantum_computing_centres_agreement_gives_uk_re_74bb1d39] Extracting actors: https://thequantuminsider.com/2024/04/12/the-national-quantum-computing-centres-agreement-gives-uk-research-community-access-to-ibm-quantum-computers (1/1), chunk 1/39
[03:50:37 +13s | thequantuminsider_2024_04_12_the_national_quantum_computing_centres_agreement_gives_uk_re_74bb1d39] Repaired malformed JSON.
[03:50:37 +13s | thequantuminsider_2024_04_12_the_national_quantum_computing_centres_agreement_gives_uk_re_74bb1d39] Extracting actors: https://thequantuminsider.com/2024/04/12/the-national-quantum-computing-centres-agreement-gives-uk-research-community-access-to-ibm-quantum-computers (1/1), chunk 2/39
[03:51:03 +39s | thequantuminsider_2024_04_12_the_national_quantum_computing_centres_agreement_gives_uk_re_74bb1d39] Repaired malformed JSON.
[03:51:03 +39s | thequantuminsider_2024_04_12_the_national_quantum_computing_centres_agreement_gives_uk_re_74bb1d39] Extracting actors: https://thequantuminsider.com/2024/04/12/the-national-quantum-computing-centres-agreement-gives-uk-research-community-access-to-ibm-quantum-computers (1/1), chunk 3/39
[03:51:12 +49s | thequantuminsider_2024_04_12_the_national_quantum_computing_centres_agreement_gives_uk_re_74bb1d39] Repaired malformed JSON.
[03:51:12 +49s | thequantuminsider_2024_04_12_the_national_quantum_computing_centres_agreement_gives_uk_re_74bb1d39] Extracting actors: https://thequantuminsider.com/2024/04/12/the-national-quantum-computing-centres-agreement-gives-uk-research-community-access-to-ibm-quantum-computers (1/1), chunk 4/39
[03:51:18 +55s | thequantuminsider_2024_04_12_the_national_quantum_computing_centres_agreement_gives_uk_re_74bb1d39] Repaired malformed JSON.
[03:51:18 +55s | thequantuminsider_2024_04_12_the_national_quantum_computing_centres_agreement_gives_uk_re_74bb1d39] Extracting actors: https://thequantuminsider.com/2024/04/12/the-national-quantum-computing-centres-agreement-gives-uk-research-community-access-to-ibm-quantum-computers (1/1), chunk 5/39
[03:51:24 +1m 1s | thequantuminsider_2024_04_12_the_national_quantum_computing_centres_agreement_gives_uk_re_74bb1d39] Extracting actors: https://thequantuminsider.com/2024/04/12/the-national-quantum-computing-centres-agreement-gives-uk-research-community-access-to-ibm-quantum-computers (1/1), chunk 6/39
[03:51:30 +1m 7s | thequantuminsider_2024_04_12_the_national_quantum_computing_centres_agreement_gives_uk_re_74bb1d39] Extracting actors: https://thequantuminsider.com/2024/04/12/the-national-quantum-computing-centres-agreement-gives-uk-research-community-access-to-ibm-quantum-computers (1/1), chunk 7/39
[03:51:35 +1m 14s | thequantuminsider_2024_04_12_the_national_quantum_computing_centres_agreement_gives_uk_re_74bb1d39] Repaired malformed JSON.
[03:51:35 +1m 14s | thequantuminsider_2024_04_12_the_national_quantum_computing_centres_agreement_gives_uk_re_74bb1d39] Extracting actors: https://thequantuminsider.com/2024/04/12/the-national-quantum-computing-centres-agreement-gives-uk-research-community-access-to-ibm-quantum-computers (1/1), chunk 8/39
[03:51:42 +1m 21s | thequantuminsider_2024_04_12_the_national_quantum_computing_centres_agreement_gives_uk_re_74bb1d39] Repaired malformed JSON.
[03:51:42 +1m 21s | thequantuminsider_2024_04_12_the_national_quantum_computing_centres_agreement_gives_uk_re_74bb1d39] Extracting actors: https://thequantuminsider.com/2024/04/12/the-national-quantum-computing-centres-agreement-gives-uk-research-community-access-to-ibm-quantum-computers (1/1), chunk 9/39
[03:51:52 +1m 30s | thequantuminsider_2024_04_12_the_national_quantum_computing_centres_agreement_gives_uk_re_74bb1d39] Repaired malformed JSON.
[03:51:52 +1m 30s | thequantuminsider_2024_04_12_the_national_quantum_computing_centres_agreement_gives_uk_re_74bb1d39] Extracting actors: https://thequantuminsider.com/2024/04/12/the-national-quantum-computing-centres-agreement-gives-uk-research-community-access-to-ibm-quantum-computers (1/1), chunk 10/39
[03:52:01 +1m 39s | thequantuminsider_2024_04_12_the_national_quantum_computing_centres_agreement_gives_uk_re_74bb1d39] Repaired malformed JSON.
[03:52:01 +1m 39s | thequantuminsider_2024_04_12_the_national_quantum_computing_centres_agreement_gives_uk_re_74bb1d39] Extracting actors: https://thequantuminsider.com/2024/04/12/the-national-quantum-computing-centres-agreement-gives-uk-research-community-access-to-ibm-quantum-computers (1/1), chunk 11/39
[03:52:08 +1m 49s | thequantuminsider_2024_04_12_the_national_quantum_computing_centres_agreement_gives_uk_re_74bb1d39] Repaired malformed JSON.
[03:52:08 +1m 49s | thequantuminsider_2024_04_12_the_national_quantum_computing_centres_agreement_gives_uk_re_74bb1d39] Extracting actors: https://thequantuminsider.com/2024/04/12/the-national-quantum-computing-centres-agreement-gives-uk-research-community-access-to-ibm-quantum-computers (1/1), chunk 12/39
[03:52:16 +1m 57s | thequantuminsider_2024_04_12_the_national_quantum_computing_centres_agreement_gives_uk_re_74bb1d39] Repaired malformed JSON.
[03:52:16 +1m 57s | thequantuminsider_2024_04_12_the_national_quantum_computing_centres_agreement_gives_uk_re_74bb1d39] Extracting actors: https://thequantuminsider.com/2024/04/12/the-national-quantum-computing-centres-agreement-gives-uk-research-community-access-to-ibm-quantum-computers (1/1), chunk 13/39
[03:52:23 +2m 3s | thequantuminsider_2024_04_12_the_national_quantum_computing_centres_agreement_gives_uk_re_74bb1d39] Repaired malformed JSON.
[03:52:23 +2m 3s | thequantuminsider_2024_04_12_the_national_quantum_computing_centres_agreement_gives_uk_re_74bb1d39] Extracting actors: https://thequantuminsider.com/2024/04/12/the-national-quantum-computing-centres-agreement-gives-uk-research-community-access-to-ibm-quantum-computers (1/1), chunk 14/39
[03:52:29 +2m 10s | thequantuminsider_2024_04_12_the_national_quantum_computing_centres_agreement_gives_uk_re_74bb1d39] Repaired malformed JSON.
[03:52:29 +2m 10s | thequantuminsider_2024_04_12_the_national_quantum_computing_centres_agreement_gives_uk_re_74bb1d39] Extracting actors: https://thequantuminsider.com/2024/04/12/the-national-quantum-computing-centres-agreement-gives-uk-research-community-access-to-ibm-quantum-computers (1/1), chunk 15/39
[03:52:35 +2m 15s | thequantuminsider_2024_04_12_the_national_quantum_computing_centres_agreement_gives_uk_re_74bb1d39] Repaired malformed JSON.
[03:52:35 +2m 15s | thequantuminsider_2024_04_12_the_national_quantum_computing_centres_agreement_gives_uk_re_74bb1d39] Extracting actors: https://thequantuminsider.com/2024/04/12/the-national-quantum-computing-centres-agreement-gives-uk-research-community-access-to-ibm-quantum-computers (1/1), chunk 16/39
[03:52:40 +2m 22s | thequantuminsider_2024_04_12_the_national_quantum_computing_centres_agreement_gives_uk_re_74bb1d39] Repaired malformed JSON.
[03:52:40 +2m 22s | thequantuminsider_2024_04_12_the_national_quantum_computing_centres_agreement_gives_uk_re_74bb1d39] Extracting actors: https://thequantuminsider.com/2024/04/12/the-national-quantum-computing-centres-agreement-gives-uk-research-community-access-to-ibm-quantum-computers (1/1), chunk 17/39
[03:52:47 +2m 29s | thequantuminsider_2024_04_12_the_national_quantum_computing_centres_agreement_gives_uk_re_74bb1d39] Repaired malformed JSON.
[03:52:47 +2m 29s | thequantuminsider_2024_04_12_the_national_quantum_computing_centres_agreement_gives_uk_re_74bb1d39] Extracting actors: https://thequantuminsider.com/2024/04/12/the-national-quantum-computing-centres-agreement-gives-uk-research-community-access-to-ibm-quantum-computers (1/1), chunk 18/39
[03:52:55 +2m 37s | thequantuminsider_2024_04_12_the_national_quantum_computing_centres_agreement_gives_uk_re_74bb1d39] Repaired malformed JSON.
[03:52:55 +2m 37s | thequantuminsider_2024_04_12_the_national_quantum_computing_centres_agreement_gives_uk_re_74bb1d39] Extracting actors: https://thequantuminsider.com/2024/04/12/the-national-quantum-computing-centres-agreement-gives-uk-research-community-access-to-ibm-quantum-computers (1/1), chunk 19/39
[03:53:03 +2m 45s | thequantuminsider_2024_04_12_the_national_quantum_computing_centres_agreement_gives_uk_re_74bb1d39] Repaired malformed JSON.
[03:53:03 +2m 45s | thequantuminsider_2024_04_12_the_national_quantum_computing_centres_agreement_gives_uk_re_74bb1d39] Extracting actors: https://thequantuminsider.com/2024/04/12/the-national-quantum-computing-centres-agreement-gives-uk-research-community-access-to-ibm-quantum-computers (1/1), chunk 20/39
[03:53:08 +2m 52s | thequantuminsider_2024_04_12_the_national_quantum_computing_centres_agreement_gives_uk_re_74bb1d39] Repaired malformed JSON.
[03:53:08 +2m 52s | thequantuminsider_2024_04_12_the_national_quantum_computing_centres_agreement_gives_uk_re_74bb1d39] Extracting actors: https://thequantuminsider.com/2024/04/12/the-national-quantum-computing-centres-agreement-gives-uk-research-community-access-to-ibm-quantum-computers (1/1), chunk 21/39
[03:53:16 +2m 59s | thequantuminsider_2024_04_12_the_national_quantum_computing_centres_agreement_gives_uk_re_74bb1d39] Repaired malformed JSON.
[03:53:16 +2m 59s | thequantuminsider_2024_04_12_the_national_quantum_computing_centres_agreement_gives_uk_re_74bb1d39] Extracting actors: https://thequantuminsider.com/2024/04/12/the-national-quantum-computing-centres-agreement-gives-uk-research-community-access-to-ibm-quantum-computers (1/1), chunk 22/39
[03:53:41 +3m 27s | thequantuminsider_2024_04_12_the_national_quantum_computing_centres_agreement_gives_uk_re_74bb1d39] Repaired malformed JSON.
[03:53:41 +3m 27s | thequantuminsider_2024_04_12_the_national_quantum_computing_centres_agreement_gives_uk_re_74bb1d39] Extracting actors: https://thequantuminsider.com/2024/04/12/the-national-quantum-computing-centres-agreement-gives-uk-research-community-access-to-ibm-quantum-computers (1/1), chunk 23/39
[03:53:47 +3m 32s | thequantuminsider_2024_04_12_the_national_quantum_computing_centres_agreement_gives_uk_re_74bb1d39] Repaired malformed JSON.
[03:53:47 +3m 32s | thequantuminsider_2024_04_12_the_national_quantum_computing_centres_agreement_gives_uk_re_74bb1d39] Extracting actors: https://thequantuminsider.com/2024/04/12/the-national-quantum-computing-centres-agreement-gives-uk-research-community-access-to-ibm-quantum-computers (1/1), chunk 24/39
[03:53:53 +3m 39s | thequantuminsider_2024_04_12_the_national_quantum_computing_centres_agreement_gives_uk_re_74bb1d39] Repaired malformed JSON.
[03:53:53 +3m 39s | thequantuminsider_2024_04_12_the_national_quantum_computing_centres_agreement_gives_uk_re_74bb1d39] Extracting actors: https://thequantuminsider.com/2024/04/12/the-national-quantum-computing-centres-agreement-gives-uk-research-community-access-to-ibm-quantum-computers (1/1), chunk 25/39
[03:53:59 +3m 45s | thequantuminsider_2024_04_12_the_national_quantum_computing_centres_agreement_gives_uk_re_74bb1d39] Repaired malformed JSON.
[03:53:59 +3m 45s | thequantuminsider_2024_04_12_the_national_quantum_computing_centres_agreement_gives_uk_re_74bb1d39] Extracting actors: https://thequantuminsider.com/2024/04/12/the-national-quantum-computing-centres-agreement-gives-uk-research-community-access-to-ibm-quantum-computers (1/1), chunk 26/39
[03:54:05 +3m 50s | thequantuminsider_2024_04_12_the_national_quantum_computing_centres_agreement_gives_uk_re_74bb1d39] Repaired malformed JSON.
[03:54:05 +3m 50s | thequantuminsider_2024_04_12_the_national_quantum_computing_centres_agreement_gives_uk_re_74bb1d39] Extracting actors: https://thequantuminsider.com/2024/04/12/the-national-quantum-computing-centres-agreement-gives-uk-research-community-access-to-ibm-quantum-computers (1/1), chunk 27/39
[03:54:12 +3m 59s | thequantuminsider_2024_04_12_the_national_quantum_computing_centres_agreement_gives_uk_re_74bb1d39] Repaired malformed JSON.
[03:54:12 +3m 59s | thequantuminsider_2024_04_12_the_national_quantum_computing_centres_agreement_gives_uk_re_74bb1d39] Extracting actors: https://thequantuminsider.com/2024/04/12/the-national-quantum-computing-centres-agreement-gives-uk-research-community-access-to-ibm-quantum-computers (1/1), chunk 28/39
[03:54:16 +4m 3s | thequantuminsider_2024_04_12_the_national_quantum_computing_centres_agreement_gives_uk_re_74bb1d39] Extracting actors: https://thequantuminsider.com/2024/04/12/the-national-quantum-computing-centres-agreement-gives-uk-research-community-access-to-ibm-quantum-computers (1/1), chunk 29/39
[03:54:22 +4m 9s | thequantuminsider_2024_04_12_the_national_quantum_computing_centres_agreement_gives_uk_re_74bb1d39] Repaired malformed JSON.
[03:54:22 +4m 9s | thequantuminsider_2024_04_12_the_national_quantum_computing_centres_agreement_gives_uk_re_74bb1d39] Extracting actors: https://thequantuminsider.com/2024/04/12/the-national-quantum-computing-centres-agreement-gives-uk-research-community-access-to-ibm-quantum-computers (1/1), chunk 30/39
[03:54:30 +4m 17s | thequantuminsider_2024_04_12_the_national_quantum_computing_centres_agreement_gives_uk_re_74bb1d39] Repaired malformed JSON.
[03:54:30 +4m 17s | thequantuminsider_2024_04_12_the_national_quantum_computing_centres_agreement_gives_uk_re_74bb1d39] Extracting actors: https://thequantuminsider.com/2024/04/12/the-national-quantum-computing-centres-agreement-gives-uk-research-community-access-to-ibm-quantum-computers (1/1), chunk 31/39
[03:54:39 +4m 26s | thequantuminsider_2024_04_12_the_national_quantum_computing_centres_agreement_gives_uk_re_74bb1d39] Repaired malformed JSON.
[03:54:39 +4m 26s | thequantuminsider_2024_04_12_the_national_quantum_computing_centres_agreement_gives_uk_re_74bb1d39] Extracting actors: https://thequantuminsider.com/2024/04/12/the-national-quantum-computing-centres-agreement-gives-uk-research-community-access-to-ibm-quantum-computers (1/1), chunk 32/39
[03:54:49 +4m 37s | thequantuminsider_2024_04_12_the_national_quantum_computing_centres_agreement_gives_uk_re_74bb1d39] Repaired malformed JSON.
[03:54:49 +4m 37s | thequantuminsider_2024_04_12_the_national_quantum_computing_centres_agreement_gives_uk_re_74bb1d39] Extracting actors: https://thequantuminsider.com/2024/04/12/the-national-quantum-computing-centres-agreement-gives-uk-research-community-access-to-ibm-quantum-computers (1/1), chunk 33/39
[03:54:55 +4m 44s | thequantuminsider_2024_04_12_the_national_quantum_computing_centres_agreement_gives_uk_re_74bb1d39] Repaired malformed JSON.
[03:54:55 +4m 44s | thequantuminsider_2024_04_12_the_national_quantum_computing_centres_agreement_gives_uk_re_74bb1d39] Extracting actors: https://thequantuminsider.com/2024/04/12/the-national-quantum-computing-centres-agreement-gives-uk-research-community-access-to-ibm-quantum-computers (1/1), chunk 34/39
[03:55:01 +4m 49s | thequantuminsider_2024_04_12_the_national_quantum_computing_centres_agreement_gives_uk_re_74bb1d39] Repaired malformed JSON.
[03:55:01 +4m 49s | thequantuminsider_2024_04_12_the_national_quantum_computing_centres_agreement_gives_uk_re_74bb1d39] Extracting actors: https://thequantuminsider.com/2024/04/12/the-national-quantum-computing-centres-agreement-gives-uk-research-community-access-to-ibm-quantum-computers (1/1), chunk 35/39
[03:55:08 +4m 57s | thequantuminsider_2024_04_12_the_national_quantum_computing_centres_agreement_gives_uk_re_74bb1d39] Repaired malformed JSON.
[03:55:08 +4m 57s | thequantuminsider_2024_04_12_the_national_quantum_computing_centres_agreement_gives_uk_re_74bb1d39] Extracting actors: https://thequantuminsider.com/2024/04/12/the-national-quantum-computing-centres-agreement-gives-uk-research-community-access-to-ibm-quantum-computers (1/1), chunk 36/39
[03:55:34 +5m 24s | thequantuminsider_2024_04_12_the_national_quantum_computing_centres_agreement_gives_uk_re_74bb1d39] Repaired malformed JSON.
[03:55:34 +5m 24s | thequantuminsider_2024_04_12_the_national_quantum_computing_centres_agreement_gives_uk_re_74bb1d39] Extracting actors: https://thequantuminsider.com/2024/04/12/the-national-quantum-computing-centres-agreement-gives-uk-research-community-access-to-ibm-quantum-computers (1/1), chunk 37/39
[03:55:41 +5m 33s | thequantuminsider_2024_04_12_the_national_quantum_computing_centres_agreement_gives_uk_re_74bb1d39] Repaired malformed JSON.
[03:55:41 +5m 33s | thequantuminsider_2024_04_12_the_national_quantum_computing_centres_agreement_gives_uk_re_74bb1d39] Extracting actors: https://thequantuminsider.com/2024/04/12/the-national-quantum-computing-centres-agreement-gives-uk-research-community-access-to-ibm-quantum-computers (1/1), chunk 38/39
[03:55:48 +5m 40s | thequantuminsider_2024_04_12_the_national_quantum_computing_centres_agreement_gives_uk_re_74bb1d39] Repaired malformed JSON.
[03:55:48 +5m 40s | thequantuminsider_2024_04_12_the_national_quantum_computing_centres_agreement_gives_uk_re_74bb1d39] Extracting actors: https://thequantuminsider.com/2024/04/12/the-national-quantum-computing-centres-agreement-gives-uk-research-community-access-to-ibm-quantum-computers (1/1), chunk 39/39
[03:55:55 +5m 47s | thequantuminsider_2024_04_12_the_national_quantum_computing_centres_agreement_gives_uk_re_74bb1d39] Repaired malformed JSON.
[03:55:55 +5m 47s | thequantuminsider_2024_04_12_the_national_quantum_computing_centres_agreement_gives_uk_re_74bb1d39] Saved 1_actor_results.json with 72 extracted records

[03:55:55 +5m 47s | thequantuminsider_2024_04_12_the_national_quantum_computing_centres_agreement_gives_uk_re_74bb1d39] === 2 clean actors ===
[03:55:55 +5m 47s | thequantuminsider_2024_04_12_the_national_quantum_computing_centres_agreement_gives_uk_re_74bb1d39] Loaded 72 extracted records
[03:55:55 +5m 47s | thequantuminsider_2024_04_12_the_national_quantum_computing_centres_agreement_gives_uk_re_74bb1d39] Saved 2_actor_nodes.json with 13 canonical actor nodes

[03:55:55 +5m 47s | thequantuminsider_2024_04_12_the_national_quantum_computing_centres_agreement_gives_uk_re_74bb1d39] === 3 interaction extraction ===
[03:55:55 +5m 47s | thequantuminsider_2024_04_12_the_national_quantum_computing_centres_agreement_gives_uk_re_74bb1d39] Extracting interactions: https://thequantuminsider.com/2024/04/12/the-national-quantum-computing-centres-agreement-gives-uk-research-community-access-to-ibm-quantum-computers (1/1), chunk 7/39
[03:56:03 +5m 54s | thequantuminsider_2024_04_12_the_national_quantum_computing_centres_agreement_gives_uk_re_74bb1d39] Extracting interactions: https://thequantuminsider.com/2024/04/12/the-national-quantum-computing-centres-agreement-gives-uk-research-community-access-to-ibm-quantum-computers (1/1), chunk 11/39
[03:56:10 +6m 4s | thequantuminsider_2024_04_12_the_national_quantum_computing_centres_agreement_gives_uk_re_74bb1d39] Extracting interactions: https://thequantuminsider.com/2024/04/12/the-national-quantum-computing-centres-agreement-gives-uk-research-community-access-to-ibm-quantum-computers (1/1), chunk 12/39
[03:56:38 +6m 31s | thequantuminsider_2024_04_12_the_national_quantum_computing_centres_agreement_gives_uk_re_74bb1d39] Extracting interactions: https://thequantuminsider.com/2024/04/12/the-national-quantum-computing-centres-agreement-gives-uk-research-community-access-to-ibm-quantum-computers (1/1), chunk 13/39
[03:57:32 +7m 29s | thequantuminsider_2024_04_12_the_national_quantum_computing_centres_agreement_gives_uk_re_74bb1d39] Extracting interactions: https://thequantuminsider.com/2024/04/12/the-national-quantum-computing-centres-agreement-gives-uk-research-community-access-to-ibm-quantum-computers (1/1), chunk 14/39
[03:58:11 +8m 10s | thequantuminsider_2024_04_12_the_national_quantum_computing_centres_agreement_gives_uk_re_74bb1d39] Extracting interactions: https://thequantuminsider.com/2024/04/12/the-national-quantum-computing-centres-agreement-gives-uk-research-community-access-to-ibm-quantum-computers (1/1), chunk 15/39
[03:58:29 +8m 30s | thequantuminsider_2024_04_12_the_national_quantum_computing_centres_agreement_gives_uk_re_74bb1d39] Extracting interactions: https://thequantuminsider.com/2024/04/12/the-national-quantum-computing-centres-agreement-gives-uk-research-community-access-to-ibm-quantum-computers (1/1), chunk 16/39
[03:58:41 +8m 41s | thequantuminsider_2024_04_12_the_national_quantum_computing_centres_agreement_gives_uk_re_74bb1d39] Extracting interactions: https://thequantuminsider.com/2024/04/12/the-national-quantum-computing-centres-agreement-gives-uk-research-community-access-to-ibm-quantum-computers (1/1), chunk 17/39
[03:58:42 +8m 42s | thequantuminsider_2024_04_12_the_national_quantum_computing_centres_agreement_gives_uk_re_74bb1d39] Extracting interactions: https://thequantuminsider.com/2024/04/12/the-national-quantum-computing-centres-agreement-gives-uk-research-community-access-to-ibm-quantum-computers (1/1), chunk 20/39
[03:58:44 +8m 44s | thequantuminsider_2024_04_12_the_national_quantum_computing_centres_agreement_gives_uk_re_74bb1d39] Extracting interactions: https://thequantuminsider.com/2024/04/12/the-national-quantum-computing-centres-agreement-gives-uk-research-community-access-to-ibm-quantum-computers (1/1), chunk 21/39
[03:58:52 +8m 54s | thequantuminsider_2024_04_12_the_national_quantum_computing_centres_agreement_gives_uk_re_74bb1d39] Extracting interactions: https://thequantuminsider.com/2024/04/12/the-national-quantum-computing-centres-agreement-gives-uk-research-community-access-to-ibm-quantum-computers (1/1), chunk 26/39
[03:58:56 +8m 58s | thequantuminsider_2024_04_12_the_national_quantum_computing_centres_agreement_gives_uk_re_74bb1d39] Extracting interactions: https://thequantuminsider.com/2024/04/12/the-national-quantum-computing-centres-agreement-gives-uk-research-community-access-to-ibm-quantum-computers (1/1), chunk 30/39
[03:59:01 +9m 2s | thequantuminsider_2024_04_12_the_national_quantum_computing_centres_agreement_gives_uk_re_74bb1d39] Extracting interactions: https://thequantuminsider.com/2024/04/12/the-national-quantum-computing-centres-agreement-gives-uk-research-community-access-to-ibm-quantum-computers (1/1), chunk 31/39
[03:59:06 +9m 8s | thequantuminsider_2024_04_12_the_national_quantum_computing_centres_agreement_gives_uk_re_74bb1d39] Extracting interactions: https://thequantuminsider.com/2024/04/12/the-national-quantum-computing-centres-agreement-gives-uk-research-community-access-to-ibm-quantum-computers (1/1), chunk 35/39
[03:59:08 +9m 10s | thequantuminsider_2024_04_12_the_national_quantum_computing_centres_agreement_gives_uk_re_74bb1d39] Extracting interactions: https://thequantuminsider.com/2024/04/12/the-national-quantum-computing-centres-agreement-gives-uk-research-community-access-to-ibm-quantum-computers (1/1), chunk 36/39
[03:59:12 +9m 14s | thequantuminsider_2024_04_12_the_national_quantum_computing_centres_agreement_gives_uk_re_74bb1d39] Saved 3_interaction_results.json with 25 extracted interactions.

[03:59:12 +9m 14s | thequantuminsider_2024_04_12_the_national_quantum_computing_centres_agreement_gives_uk_re_74bb1d39] === 4 clean interactions ===
[03:59:12 +9m 14s | thequantuminsider_2024_04_12_the_national_quantum_computing_centres_agreement_gives_uk_re_74bb1d39] Saved 4_edges.json with 11 cleaned interactions.

[03:59:12 +9m 14s | thequantuminsider_2024_04_12_the_national_quantum_computing_centres_agreement_gives_uk_re_74bb1d39] === 5 helix enrichment ===
[03:59:12 +9m 14s | thequantuminsider_2024_04_12_the_national_quantum_computing_centres_agreement_gives_uk_re_74bb1d39] Wrote 5_nodes.json (13 actors)
[03:59:12 +9m 14s | thequantuminsider_2024_04_12_the_national_quantum_computing_centres_agreement_gives_uk_re_74bb1d39] Wrote 5_edges.json (11 interactions)
[03:59:12 +9m 14s | thequantuminsider_2024_04_12_the_national_quantum_computing_centres_agreement_gives_uk_re_74bb1d39] Actor helix counts: {'Academia': 2, 'Civil Society': 3, 'Industry': 3, 'Unknown': 5}
[03:59:12 +9m 14s | thequantuminsider_2024_04_12_the_national_quantum_computing_centres_agreement_gives_uk_re_74bb1d39] Functional-space counts: {'Innovation': 4, 'Unknown': 7}

[03:59:12 +9m 14s | thequantuminsider_2024_04_12_the_national_quantum_computing_centres_agreement_gives_uk_re_74bb1d39] === 6 network visualisation ===
[03:59:13 +9m 14s | thequantuminsider_2024_04_12_the_national_quantum_computing_centres_agreement_gives_uk_re_74bb1d39] Wrote quantum_network.html
[03:59:13 +9m 14s | thequantuminsider_2024_04_12_the_national_quantum_computing_centres_agreement_gives_uk_re_74bb1d39] Nodes: 13
[03:59:13 +9m 14s | thequantuminsider_2024_04_12_the_national_quantum_computing_centres_agreement_gives_uk_re_74bb1d39] Edges: 3

[03:59:13 +9m 14s | thequantuminsider_2024_04_12_the_national_quantum_computing_centres_agreement_gives_uk_re_74bb1d39] Done. Outputs written to: /home/lv/IDP/idpdeeptech/pipeline/news_outputs/thequantuminsider_2024_04_12_the_national_quantum_computing_centres_agreement_gives_uk_re_74bb1d39
[03:59:13 +9m 14s | thequantuminsider_2024_04_12_the_national_quantum_computing_centres_agreement_gives_uk_re_74bb1d39] Log: /home/lv/IDP/idpdeeptech/pipeline/news_outputs/thequantuminsider_2024_04_12_the_national_quantum_computing_centres_agreement_gives_uk_re_74bb1d39/run.log

========================================================================
RUN FINISHED 2026-07-05 03:59:13  (OK)
Started:     2026-07-05 03:50:26
Elapsed:     9m 14s
========================================================================
