
========================================================================
RUN STARTED  2026-07-05 06:02:22
site_pipeline.py https://thequantuminsider.com/2023/10/17/researchers-turn-an-atomic-microscope-into-a-quantum-computer/
========================================================================

[06:02:22 +0s | thequantuminsider_2023_10_17_researchers_turn_an_atomic_microscope_into_a_quantum_computer] === 0 crawl site ===
[06:02:24 +1s | thequantuminsider_2023_10_17_researchers_turn_an_atomic_microscope_into_a_quantum_computer] [INIT].... → Crawl4AI 0.8.6 
[06:02:27 +4s | thequantuminsider_2023_10_17_researchers_turn_an_atomic_microscope_into_a_quantum_computer] [FETCH]... ↓ https://thequantuminsider.com/2023/10/17/researc...rn-an-atomic-microscope-into-a-quantum-computer/  | ✓ | ⏱: 2.84s 
[06:02:27 +4s | thequantuminsider_2023_10_17_researchers_turn_an_atomic_microscope_into_a_quantum_computer] [SCRAPE].. ◆ https://thequantuminsider.com/2023/10/17/researc...rn-an-atomic-microscope-into-a-quantum-computer/  | ✓ | ⏱: 0.14s 
[06:02:27 +4s | thequantuminsider_2023_10_17_researchers_turn_an_atomic_microscope_into_a_quantum_computer] [COMPLETE] ● https://thequantuminsider.com/2023/10/17/researc...rn-an-atomic-microscope-into-a-quantum-computer/  | ✓ | ⏱: 3.00s 
[06:02:27 +4s | thequantuminsider_2023_10_17_researchers_turn_an_atomic_microscope_into_a_quantum_computer] Saved: crawl_output/ed8e2b1f54_thequantuminsider.com_2023_10_17_researchers-turn-an-atomic-microscope-into-a-quantum-computer.json

[06:02:27 +5s | thequantuminsider_2023_10_17_researchers_turn_an_atomic_microscope_into_a_quantum_computer] === 1 actor extraction ===
[06:02:27 +5s | thequantuminsider_2023_10_17_researchers_turn_an_atomic_microscope_into_a_quantum_computer] Reading page (1/1): https://thequantuminsider.com/2023/10/17/researchers-turn-an-atomic-microscope-into-a-quantum-computer
[06:02:27 +5s | thequantuminsider_2023_10_17_researchers_turn_an_atomic_microscope_into_a_quantum_computer] Extracting actors: https://thequantuminsider.com/2023/10/17/researchers-turn-an-atomic-microscope-into-a-quantum-computer (1/1), chunk 1/37
[06:02:33 +10s | thequantuminsider_2023_10_17_researchers_turn_an_atomic_microscope_into_a_quantum_computer] Extracting actors: https://thequantuminsider.com/2023/10/17/researchers-turn-an-atomic-microscope-into-a-quantum-computer (1/1), chunk 2/37
[06:02:48 +28s | thequantuminsider_2023_10_17_researchers_turn_an_atomic_microscope_into_a_quantum_computer] Repaired malformed JSON.
[06:02:48 +28s | thequantuminsider_2023_10_17_researchers_turn_an_atomic_microscope_into_a_quantum_computer] Extracting actors: https://thequantuminsider.com/2023/10/17/researchers-turn-an-atomic-microscope-into-a-quantum-computer (1/1), chunk 3/37
[06:02:53 +33s | thequantuminsider_2023_10_17_researchers_turn_an_atomic_microscope_into_a_quantum_computer] Extracting actors: https://thequantuminsider.com/2023/10/17/researchers-turn-an-atomic-microscope-into-a-quantum-computer (1/1), chunk 4/37
[06:02:57 +37s | thequantuminsider_2023_10_17_researchers_turn_an_atomic_microscope_into_a_quantum_computer] Extracting actors: https://thequantuminsider.com/2023/10/17/researchers-turn-an-atomic-microscope-into-a-quantum-computer (1/1), chunk 5/37
[06:03:05 +44s | thequantuminsider_2023_10_17_researchers_turn_an_atomic_microscope_into_a_quantum_computer] Extracting actors: https://thequantuminsider.com/2023/10/17/researchers-turn-an-atomic-microscope-into-a-quantum-computer (1/1), chunk 6/37
[06:03:11 +52s | thequantuminsider_2023_10_17_researchers_turn_an_atomic_microscope_into_a_quantum_computer] Extracting actors: https://thequantuminsider.com/2023/10/17/researchers-turn-an-atomic-microscope-into-a-quantum-computer (1/1), chunk 7/37
[06:03:15 +57s | thequantuminsider_2023_10_17_researchers_turn_an_atomic_microscope_into_a_quantum_computer] Extracting actors: https://thequantuminsider.com/2023/10/17/researchers-turn-an-atomic-microscope-into-a-quantum-computer (1/1), chunk 8/37
[06:03:21 +1m 3s | thequantuminsider_2023_10_17_researchers_turn_an_atomic_microscope_into_a_quantum_computer] Extracting actors: https://thequantuminsider.com/2023/10/17/researchers-turn-an-atomic-microscope-into-a-quantum-computer (1/1), chunk 9/37
[06:03:27 +1m 9s | thequantuminsider_2023_10_17_researchers_turn_an_atomic_microscope_into_a_quantum_computer] Extracting actors: https://thequantuminsider.com/2023/10/17/researchers-turn-an-atomic-microscope-into-a-quantum-computer (1/1), chunk 10/37
[06:03:32 +1m 14s | thequantuminsider_2023_10_17_researchers_turn_an_atomic_microscope_into_a_quantum_computer] Extracting actors: https://thequantuminsider.com/2023/10/17/researchers-turn-an-atomic-microscope-into-a-quantum-computer (1/1), chunk 11/37
[06:03:39 +1m 21s | thequantuminsider_2023_10_17_researchers_turn_an_atomic_microscope_into_a_quantum_computer] Extracting actors: https://thequantuminsider.com/2023/10/17/researchers-turn-an-atomic-microscope-into-a-quantum-computer (1/1), chunk 12/37
[06:03:48 +1m 32s | thequantuminsider_2023_10_17_researchers_turn_an_atomic_microscope_into_a_quantum_computer] Repaired malformed JSON.
[06:03:48 +1m 32s | thequantuminsider_2023_10_17_researchers_turn_an_atomic_microscope_into_a_quantum_computer] Extracting actors: https://thequantuminsider.com/2023/10/17/researchers-turn-an-atomic-microscope-into-a-quantum-computer (1/1), chunk 13/37
[06:03:55 +1m 39s | thequantuminsider_2023_10_17_researchers_turn_an_atomic_microscope_into_a_quantum_computer] Repaired malformed JSON.
[06:03:55 +1m 39s | thequantuminsider_2023_10_17_researchers_turn_an_atomic_microscope_into_a_quantum_computer] Extracting actors: https://thequantuminsider.com/2023/10/17/researchers-turn-an-atomic-microscope-into-a-quantum-computer (1/1), chunk 14/37
[06:04:02 +1m 46s | thequantuminsider_2023_10_17_researchers_turn_an_atomic_microscope_into_a_quantum_computer] Repaired malformed JSON.
[06:04:02 +1m 46s | thequantuminsider_2023_10_17_researchers_turn_an_atomic_microscope_into_a_quantum_computer] Extracting actors: https://thequantuminsider.com/2023/10/17/researchers-turn-an-atomic-microscope-into-a-quantum-computer (1/1), chunk 15/37
[06:04:12 +1m 56s | thequantuminsider_2023_10_17_researchers_turn_an_atomic_microscope_into_a_quantum_computer] Repaired malformed JSON.
[06:04:12 +1m 56s | thequantuminsider_2023_10_17_researchers_turn_an_atomic_microscope_into_a_quantum_computer] Extracting actors: https://thequantuminsider.com/2023/10/17/researchers-turn-an-atomic-microscope-into-a-quantum-computer (1/1), chunk 16/37
[06:04:16 +2m 2s | thequantuminsider_2023_10_17_researchers_turn_an_atomic_microscope_into_a_quantum_computer] Repaired malformed JSON.
[06:04:16 +2m 2s | thequantuminsider_2023_10_17_researchers_turn_an_atomic_microscope_into_a_quantum_computer] Extracting actors: https://thequantuminsider.com/2023/10/17/researchers-turn-an-atomic-microscope-into-a-quantum-computer (1/1), chunk 17/37
[06:04:24 +2m 10s | thequantuminsider_2023_10_17_researchers_turn_an_atomic_microscope_into_a_quantum_computer] Repaired malformed JSON.
[06:04:24 +2m 10s | thequantuminsider_2023_10_17_researchers_turn_an_atomic_microscope_into_a_quantum_computer] Extracting actors: https://thequantuminsider.com/2023/10/17/researchers-turn-an-atomic-microscope-into-a-quantum-computer (1/1), chunk 18/37
[06:04:31 +2m 17s | thequantuminsider_2023_10_17_researchers_turn_an_atomic_microscope_into_a_quantum_computer] Repaired malformed JSON.
[06:04:31 +2m 17s | thequantuminsider_2023_10_17_researchers_turn_an_atomic_microscope_into_a_quantum_computer] Extracting actors: https://thequantuminsider.com/2023/10/17/researchers-turn-an-atomic-microscope-into-a-quantum-computer (1/1), chunk 19/37
[06:04:41 +2m 27s | thequantuminsider_2023_10_17_researchers_turn_an_atomic_microscope_into_a_quantum_computer] Repaired malformed JSON.
[06:04:41 +2m 27s | thequantuminsider_2023_10_17_researchers_turn_an_atomic_microscope_into_a_quantum_computer] Extracting actors: https://thequantuminsider.com/2023/10/17/researchers-turn-an-atomic-microscope-into-a-quantum-computer (1/1), chunk 20/37
[06:04:45 +2m 33s | thequantuminsider_2023_10_17_researchers_turn_an_atomic_microscope_into_a_quantum_computer] Repaired malformed JSON.
[06:04:45 +2m 33s | thequantuminsider_2023_10_17_researchers_turn_an_atomic_microscope_into_a_quantum_computer] Extracting actors: https://thequantuminsider.com/2023/10/17/researchers-turn-an-atomic-microscope-into-a-quantum-computer (1/1), chunk 21/37
[06:04:54 +2m 42s | thequantuminsider_2023_10_17_researchers_turn_an_atomic_microscope_into_a_quantum_computer] Repaired malformed JSON.
[06:04:54 +2m 42s | thequantuminsider_2023_10_17_researchers_turn_an_atomic_microscope_into_a_quantum_computer] Extracting actors: https://thequantuminsider.com/2023/10/17/researchers-turn-an-atomic-microscope-into-a-quantum-computer (1/1), chunk 22/37
[06:05:00 +2m 48s | thequantuminsider_2023_10_17_researchers_turn_an_atomic_microscope_into_a_quantum_computer] Repaired malformed JSON.
[06:05:00 +2m 48s | thequantuminsider_2023_10_17_researchers_turn_an_atomic_microscope_into_a_quantum_computer] Extracting actors: https://thequantuminsider.com/2023/10/17/researchers-turn-an-atomic-microscope-into-a-quantum-computer (1/1), chunk 23/37
[06:05:09 +2m 57s | thequantuminsider_2023_10_17_researchers_turn_an_atomic_microscope_into_a_quantum_computer] Repaired malformed JSON.
[06:05:09 +2m 57s | thequantuminsider_2023_10_17_researchers_turn_an_atomic_microscope_into_a_quantum_computer] Extracting actors: https://thequantuminsider.com/2023/10/17/researchers-turn-an-atomic-microscope-into-a-quantum-computer (1/1), chunk 24/37
[06:05:35 +3m 25s | thequantuminsider_2023_10_17_researchers_turn_an_atomic_microscope_into_a_quantum_computer] Repaired malformed JSON.
[06:05:35 +3m 25s | thequantuminsider_2023_10_17_researchers_turn_an_atomic_microscope_into_a_quantum_computer] Extracting actors: https://thequantuminsider.com/2023/10/17/researchers-turn-an-atomic-microscope-into-a-quantum-computer (1/1), chunk 25/37
[06:05:42 +3m 32s | thequantuminsider_2023_10_17_researchers_turn_an_atomic_microscope_into_a_quantum_computer] Extracting actors: https://thequantuminsider.com/2023/10/17/researchers-turn-an-atomic-microscope-into-a-quantum-computer (1/1), chunk 26/37
[06:05:46 +3m 39s | thequantuminsider_2023_10_17_researchers_turn_an_atomic_microscope_into_a_quantum_computer] Repaired malformed JSON.
[06:05:46 +3m 39s | thequantuminsider_2023_10_17_researchers_turn_an_atomic_microscope_into_a_quantum_computer] Extracting actors: https://thequantuminsider.com/2023/10/17/researchers-turn-an-atomic-microscope-into-a-quantum-computer (1/1), chunk 27/37
[06:05:48 +3m 40s | thequantuminsider_2023_10_17_researchers_turn_an_atomic_microscope_into_a_quantum_computer] Extracting actors: https://thequantuminsider.com/2023/10/17/researchers-turn-an-atomic-microscope-into-a-quantum-computer (1/1), chunk 28/37
[06:05:50 +3m 42s | thequantuminsider_2023_10_17_researchers_turn_an_atomic_microscope_into_a_quantum_computer] Extracting actors: https://thequantuminsider.com/2023/10/17/researchers-turn-an-atomic-microscope-into-a-quantum-computer (1/1), chunk 29/37
[06:06:01 +3m 53s | thequantuminsider_2023_10_17_researchers_turn_an_atomic_microscope_into_a_quantum_computer] Repaired malformed JSON.
[06:06:01 +3m 53s | thequantuminsider_2023_10_17_researchers_turn_an_atomic_microscope_into_a_quantum_computer] Extracting actors: https://thequantuminsider.com/2023/10/17/researchers-turn-an-atomic-microscope-into-a-quantum-computer (1/1), chunk 30/37
[06:06:10 +4m 2s | thequantuminsider_2023_10_17_researchers_turn_an_atomic_microscope_into_a_quantum_computer] Repaired malformed JSON.
[06:06:10 +4m 2s | thequantuminsider_2023_10_17_researchers_turn_an_atomic_microscope_into_a_quantum_computer] Extracting actors: https://thequantuminsider.com/2023/10/17/researchers-turn-an-atomic-microscope-into-a-quantum-computer (1/1), chunk 31/37
[06:06:16 +4m 11s | thequantuminsider_2023_10_17_researchers_turn_an_atomic_microscope_into_a_quantum_computer] Repaired malformed JSON.
[06:06:16 +4m 11s | thequantuminsider_2023_10_17_researchers_turn_an_atomic_microscope_into_a_quantum_computer] Extracting actors: https://thequantuminsider.com/2023/10/17/researchers-turn-an-atomic-microscope-into-a-quantum-computer (1/1), chunk 32/37
[06:06:24 +4m 19s | thequantuminsider_2023_10_17_researchers_turn_an_atomic_microscope_into_a_quantum_computer] Repaired malformed JSON.
[06:06:24 +4m 19s | thequantuminsider_2023_10_17_researchers_turn_an_atomic_microscope_into_a_quantum_computer] Extracting actors: https://thequantuminsider.com/2023/10/17/researchers-turn-an-atomic-microscope-into-a-quantum-computer (1/1), chunk 33/37
[06:06:34 +4m 28s | thequantuminsider_2023_10_17_researchers_turn_an_atomic_microscope_into_a_quantum_computer] Repaired malformed JSON.
[06:06:34 +4m 28s | thequantuminsider_2023_10_17_researchers_turn_an_atomic_microscope_into_a_quantum_computer] Extracting actors: https://thequantuminsider.com/2023/10/17/researchers-turn-an-atomic-microscope-into-a-quantum-computer (1/1), chunk 34/37
[06:06:43 +4m 37s | thequantuminsider_2023_10_17_researchers_turn_an_atomic_microscope_into_a_quantum_computer] Repaired malformed JSON.
[06:06:43 +4m 37s | thequantuminsider_2023_10_17_researchers_turn_an_atomic_microscope_into_a_quantum_computer] Extracting actors: https://thequantuminsider.com/2023/10/17/researchers-turn-an-atomic-microscope-into-a-quantum-computer (1/1), chunk 35/37
[06:06:49 +4m 45s | thequantuminsider_2023_10_17_researchers_turn_an_atomic_microscope_into_a_quantum_computer] Repaired malformed JSON.
[06:06:49 +4m 45s | thequantuminsider_2023_10_17_researchers_turn_an_atomic_microscope_into_a_quantum_computer] Extracting actors: https://thequantuminsider.com/2023/10/17/researchers-turn-an-atomic-microscope-into-a-quantum-computer (1/1), chunk 36/37
[06:06:55 +4m 52s | thequantuminsider_2023_10_17_researchers_turn_an_atomic_microscope_into_a_quantum_computer] Repaired malformed JSON.
[06:06:55 +4m 52s | thequantuminsider_2023_10_17_researchers_turn_an_atomic_microscope_into_a_quantum_computer] Extracting actors: https://thequantuminsider.com/2023/10/17/researchers-turn-an-atomic-microscope-into-a-quantum-computer (1/1), chunk 37/37
[06:07:05 +5m 1s | thequantuminsider_2023_10_17_researchers_turn_an_atomic_microscope_into_a_quantum_computer] Repaired malformed JSON.
[06:07:05 +5m 1s | thequantuminsider_2023_10_17_researchers_turn_an_atomic_microscope_into_a_quantum_computer] Saved 1_actor_results.json with 51 extracted records

[06:07:05 +5m 1s | thequantuminsider_2023_10_17_researchers_turn_an_atomic_microscope_into_a_quantum_computer] === 2 clean actors ===
[06:07:05 +5m 1s | thequantuminsider_2023_10_17_researchers_turn_an_atomic_microscope_into_a_quantum_computer] Loaded 51 extracted records
[06:07:05 +5m 1s | thequantuminsider_2023_10_17_researchers_turn_an_atomic_microscope_into_a_quantum_computer] Saved 2_actor_nodes.json with 21 canonical actor nodes

[06:07:05 +5m 1s | thequantuminsider_2023_10_17_researchers_turn_an_atomic_microscope_into_a_quantum_computer] === 3 interaction extraction ===
[06:07:06 +5m 2s | thequantuminsider_2023_10_17_researchers_turn_an_atomic_microscope_into_a_quantum_computer] Extracting interactions: https://thequantuminsider.com/2023/10/17/researchers-turn-an-atomic-microscope-into-a-quantum-computer (1/1), chunk 12/37
[06:07:18 +5m 16s | thequantuminsider_2023_10_17_researchers_turn_an_atomic_microscope_into_a_quantum_computer] Extracting interactions: https://thequantuminsider.com/2023/10/17/researchers-turn-an-atomic-microscope-into-a-quantum-computer (1/1), chunk 13/37
[06:07:40 +5m 39s | thequantuminsider_2023_10_17_researchers_turn_an_atomic_microscope_into_a_quantum_computer] Extracting interactions: https://thequantuminsider.com/2023/10/17/researchers-turn-an-atomic-microscope-into-a-quantum-computer (1/1), chunk 14/37
[06:07:42 +5m 43s | thequantuminsider_2023_10_17_researchers_turn_an_atomic_microscope_into_a_quantum_computer] Extracting interactions: https://thequantuminsider.com/2023/10/17/researchers-turn-an-atomic-microscope-into-a-quantum-computer (1/1), chunk 15/37
[06:07:54 +5m 55s | thequantuminsider_2023_10_17_researchers_turn_an_atomic_microscope_into_a_quantum_computer] Extracting interactions: https://thequantuminsider.com/2023/10/17/researchers-turn-an-atomic-microscope-into-a-quantum-computer (1/1), chunk 16/37
[06:08:02 +6m 2s | thequantuminsider_2023_10_17_researchers_turn_an_atomic_microscope_into_a_quantum_computer] Extracting interactions: https://thequantuminsider.com/2023/10/17/researchers-turn-an-atomic-microscope-into-a-quantum-computer (1/1), chunk 17/37
[06:08:11 +6m 11s | thequantuminsider_2023_10_17_researchers_turn_an_atomic_microscope_into_a_quantum_computer] Extracting interactions: https://thequantuminsider.com/2023/10/17/researchers-turn-an-atomic-microscope-into-a-quantum-computer (1/1), chunk 18/37
[06:08:12 +6m 13s | thequantuminsider_2023_10_17_researchers_turn_an_atomic_microscope_into_a_quantum_computer] Extracting interactions: https://thequantuminsider.com/2023/10/17/researchers-turn-an-atomic-microscope-into-a-quantum-computer (1/1), chunk 19/37
[06:08:12 +6m 14s | thequantuminsider_2023_10_17_researchers_turn_an_atomic_microscope_into_a_quantum_computer] Extracting interactions: https://thequantuminsider.com/2023/10/17/researchers-turn-an-atomic-microscope-into-a-quantum-computer (1/1), chunk 20/37
[06:08:13 +6m 16s | thequantuminsider_2023_10_17_researchers_turn_an_atomic_microscope_into_a_quantum_computer] Extracting interactions: https://thequantuminsider.com/2023/10/17/researchers-turn-an-atomic-microscope-into-a-quantum-computer (1/1), chunk 21/37
[06:08:20 +6m 23s | thequantuminsider_2023_10_17_researchers_turn_an_atomic_microscope_into_a_quantum_computer] Extracting interactions: https://thequantuminsider.com/2023/10/17/researchers-turn-an-atomic-microscope-into-a-quantum-computer (1/1), chunk 22/37
[06:08:28 +6m 31s | thequantuminsider_2023_10_17_researchers_turn_an_atomic_microscope_into_a_quantum_computer] Extracting interactions: https://thequantuminsider.com/2023/10/17/researchers-turn-an-atomic-microscope-into-a-quantum-computer (1/1), chunk 26/37
[06:08:45 +6m 50s | thequantuminsider_2023_10_17_researchers_turn_an_atomic_microscope_into_a_quantum_computer] Extracting interactions: https://thequantuminsider.com/2023/10/17/researchers-turn-an-atomic-microscope-into-a-quantum-computer (1/1), chunk 27/37
[06:09:05 +7m 10s | thequantuminsider_2023_10_17_researchers_turn_an_atomic_microscope_into_a_quantum_computer] Extracting interactions: https://thequantuminsider.com/2023/10/17/researchers-turn-an-atomic-microscope-into-a-quantum-computer (1/1), chunk 28/37
[06:09:06 +7m 11s | thequantuminsider_2023_10_17_researchers_turn_an_atomic_microscope_into_a_quantum_computer] Extracting interactions: https://thequantuminsider.com/2023/10/17/researchers-turn-an-atomic-microscope-into-a-quantum-computer (1/1), chunk 29/37
[06:09:08 +7m 12s | thequantuminsider_2023_10_17_researchers_turn_an_atomic_microscope_into_a_quantum_computer] Extracting interactions: https://thequantuminsider.com/2023/10/17/researchers-turn-an-atomic-microscope-into-a-quantum-computer (1/1), chunk 30/37
[06:09:37 +7m 44s | thequantuminsider_2023_10_17_researchers_turn_an_atomic_microscope_into_a_quantum_computer] Extracting interactions: https://thequantuminsider.com/2023/10/17/researchers-turn-an-atomic-microscope-into-a-quantum-computer (1/1), chunk 31/37
[06:09:39 +7m 46s | thequantuminsider_2023_10_17_researchers_turn_an_atomic_microscope_into_a_quantum_computer] Extracting interactions: https://thequantuminsider.com/2023/10/17/researchers-turn-an-atomic-microscope-into-a-quantum-computer (1/1), chunk 32/37
[06:09:41 +7m 48s | thequantuminsider_2023_10_17_researchers_turn_an_atomic_microscope_into_a_quantum_computer] Extracting interactions: https://thequantuminsider.com/2023/10/17/researchers-turn-an-atomic-microscope-into-a-quantum-computer (1/1), chunk 33/37
[06:09:42 +7m 49s | thequantuminsider_2023_10_17_researchers_turn_an_atomic_microscope_into_a_quantum_computer] Extracting interactions: https://thequantuminsider.com/2023/10/17/researchers-turn-an-atomic-microscope-into-a-quantum-computer (1/1), chunk 34/37
[06:09:44 +7m 51s | thequantuminsider_2023_10_17_researchers_turn_an_atomic_microscope_into_a_quantum_computer] Extracting interactions: https://thequantuminsider.com/2023/10/17/researchers-turn-an-atomic-microscope-into-a-quantum-computer (1/1), chunk 35/37
[06:09:43 +7m 52s | thequantuminsider_2023_10_17_researchers_turn_an_atomic_microscope_into_a_quantum_computer] Extracting interactions: https://thequantuminsider.com/2023/10/17/researchers-turn-an-atomic-microscope-into-a-quantum-computer (1/1), chunk 36/37
[06:09:45 +7m 54s | thequantuminsider_2023_10_17_researchers_turn_an_atomic_microscope_into_a_quantum_computer] Extracting interactions: https://thequantuminsider.com/2023/10/17/researchers-turn-an-atomic-microscope-into-a-quantum-computer (1/1), chunk 37/37
[06:09:47 +7m 55s | thequantuminsider_2023_10_17_researchers_turn_an_atomic_microscope_into_a_quantum_computer] Saved 3_interaction_results.json with 22 extracted interactions.

[06:09:47 +7m 55s | thequantuminsider_2023_10_17_researchers_turn_an_atomic_microscope_into_a_quantum_computer] === 4 clean interactions ===
[06:09:47 +7m 55s | thequantuminsider_2023_10_17_researchers_turn_an_atomic_microscope_into_a_quantum_computer] Saved 4_edges.json with 0 cleaned interactions.

[06:09:47 +7m 55s | thequantuminsider_2023_10_17_researchers_turn_an_atomic_microscope_into_a_quantum_computer] === 5 helix enrichment ===
[06:09:47 +7m 56s | thequantuminsider_2023_10_17_researchers_turn_an_atomic_microscope_into_a_quantum_computer] Wrote 5_nodes.json (21 actors)
[06:09:47 +7m 56s | thequantuminsider_2023_10_17_researchers_turn_an_atomic_microscope_into_a_quantum_computer] Wrote 5_edges.json (0 interactions)
[06:09:47 +7m 56s | thequantuminsider_2023_10_17_researchers_turn_an_atomic_microscope_into_a_quantum_computer] Actor helix counts: {'Academia': 2, 'Civil Society': 4, 'Industry': 1, 'Intermediary': 1, 'Unknown': 13}
[06:09:47 +7m 56s | thequantuminsider_2023_10_17_researchers_turn_an_atomic_microscope_into_a_quantum_computer] Functional-space counts: {}

[06:09:47 +7m 56s | thequantuminsider_2023_10_17_researchers_turn_an_atomic_microscope_into_a_quantum_computer] === 6 network visualisation ===
[06:09:47 +7m 56s | thequantuminsider_2023_10_17_researchers_turn_an_atomic_microscope_into_a_quantum_computer] Wrote quantum_network.html
[06:09:47 +7m 56s | thequantuminsider_2023_10_17_researchers_turn_an_atomic_microscope_into_a_quantum_computer] Nodes: 21
[06:09:47 +7m 56s | thequantuminsider_2023_10_17_researchers_turn_an_atomic_microscope_into_a_quantum_computer] Edges: 0

[06:09:47 +7m 56s | thequantuminsider_2023_10_17_researchers_turn_an_atomic_microscope_into_a_quantum_computer] Done. Outputs written to: /home/lv/IDP/idpdeeptech/pipeline/news_outputs/thequantuminsider_2023_10_17_researchers_turn_an_atomic_microscope_into_a_quantum_computer
[06:09:47 +7m 56s | thequantuminsider_2023_10_17_researchers_turn_an_atomic_microscope_into_a_quantum_computer] Log: /home/lv/IDP/idpdeeptech/pipeline/news_outputs/thequantuminsider_2023_10_17_researchers_turn_an_atomic_microscope_into_a_quantum_computer/run.log

========================================================================
RUN FINISHED 2026-07-05 06:09:47  (OK)
Started:     2026-07-05 06:02:22
Elapsed:     7m 56s
========================================================================
